2026-10-05T22:56:01.7886515Z Current runner version: '2.337.0'
2026-10-05T22:56:01.7911779Z ##[group]Runner Image Provisioner
2026-10-05T22:56:01.7912688Z Hosted Compute Agent
2026-10-05T22:56:01.7913323Z Version: 20260901.588
2026-10-05T22:56:01.7914104Z Commit: f88ec8081b781fac6c440065ac7ff9e710ce3d0b
2026-10-05T22:56:01.7914870Z Build Date: 2026-09-01T19:56:44Z
2026-10-05T22:56:01.7915661Z Worker ID: {2e7a5539-d3b5-44cf-9735-300d92112765}
2026-10-05T22:56:01.7916447Z Azure Region: westus
2026-10-05T22:56:01.7917073Z ##[endgroup]
2026-10-05T22:56:01.7918948Z ##[group]Operating System
2026-10-05T22:56:01.7919688Z Ubuntu
2026-10-05T22:56:01.7920321Z 22.04.5
2026-10-05T22:56:01.7920901Z LTS
2026-10-05T22:56:01.7921465Z ##[endgroup]
2026-10-05T22:56:01.7922146Z ##[group]Runner Image
2026-10-05T22:56:01.7922839Z Image: ubuntu-22.04
2026-10-05T22:56:01.7923432Z Version: 20260927.309.1
2026-10-05T22:56:01.7924869Z Included Software: https://github.com/actions/runner-images/blob/ubuntu22/20260927.309/images/ubuntu/Ubuntu2204-Readme.md
2026-10-05T22:56:01.7926577Z Image Release: https://github.com/actions/runner-images/releases/tag/ubuntu22%2F20260927.309
2026-10-05T22:56:01.7927620Z ##[endgroup]
2026-10-05T22:56:01.7929210Z ##[group]GITHUB_TOKEN Permissions
2026-10-05T22:56:01.7931208Z Contents: read
2026-10-05T22:56:01.7931839Z Metadata: read
2026-10-05T22:56:01.7932595Z ##[endgroup]
2026-10-05T22:56:01.7934689Z Secret source: Actions
2026-10-05T22:56:01.7935832Z Cache mode: write
2026-10-05T22:56:01.7936566Z Prepare workflow directory
2026-10-05T22:56:01.8303171Z Prepare all required actions
2026-10-05T22:56:01.8374795Z Getting action download info
2026-10-05T22:56:02.2328380Z Download action repository 'actions/checkout@v4' (SHA:11d5960a326750d5838078e36cf38b85af677262)
2026-10-05T22:56:02.3284814Z Download action repository 'pnpm/action-setup@v4' (SHA:b906affcce14559ad1aafd4ab0e942779e9f58b1)
2026-10-05T22:56:02.7274305Z Download action repository 'actions/setup-node@v4' (SHA:49933ea5288caeca8642d1e84afbd3f7d6820020)
2026-10-05T22:56:02.9009349Z Download action repository 'actions/upload-artifact@v4' (SHA:ea165f8d65b6e75b540449e92b4886f43607fa02)
2026-10-05T22:56:03.1322865Z Complete job name: media-admin-editor-source (settings)
2026-10-05T22:56:03.2285225Z ##[group]Run actions/checkout@v4
2026-10-05T22:56:03.2286386Z with:
2026-10-05T22:56:03.2287121Z   repository: sveltery/cms
2026-10-05T22:56:03.2292404Z   token: ***
2026-10-05T22:56:03.2293066Z   ssh-strict: true
2026-10-05T22:56:03.2293811Z   ssh-user: git
2026-10-05T22:56:03.2294451Z   persist-credentials: true
2026-10-05T22:56:03.2295219Z   clean: true
2026-10-05T22:56:03.2295884Z   sparse-checkout-cone-mode: true
2026-10-05T22:56:03.2296650Z   fetch-depth: 1
2026-10-05T22:56:03.2297342Z   fetch-tags: false
2026-10-05T22:56:03.2297990Z   show-progress: true
2026-10-05T22:56:03.2299099Z   lfs: false
2026-10-05T22:56:03.2299811Z   submodules: false
2026-10-05T22:56:03.2300497Z   set-safe-directory: true
2026-10-05T22:56:03.2301280Z   allow-unsafe-pr-checkout: false
2026-10-05T22:56:03.2302463Z ##[endgroup]
2026-10-05T22:56:03.3378209Z Syncing repository: sveltery/cms
2026-10-05T22:56:03.3381639Z ##[group]Getting Git version info
2026-10-05T22:56:03.3383400Z Working directory is '/home/runner/work/cms/cms'
2026-10-05T22:56:03.3385581Z [command]/usr/bin/git version
2026-10-05T22:56:03.3429941Z git version 2.55.0
2026-10-05T22:56:03.3453795Z ##[endgroup]
2026-10-05T22:56:03.3468541Z Temporarily overriding HOME='/home/runner/work/_temp/57330dd2-0a98-4085-a8ff-0a2d4db3fca2' before making global git config changes
2026-10-05T22:56:03.3472210Z Adding repository directory to the temporary git global config as a safe directory
2026-10-05T22:56:03.3474975Z [command]/usr/bin/git config --global --add safe.directory /home/runner/work/cms/cms
2026-10-05T22:56:03.3519265Z Deleting the contents of '/home/runner/work/cms/cms'
2026-10-05T22:56:03.3521788Z ##[group]Initializing the repository
2026-10-05T22:56:03.3523504Z [command]/usr/bin/git init /home/runner/work/cms/cms
2026-10-05T22:56:03.3663604Z hint: Using 'master' as the name for the initial branch. This default branch name
2026-10-05T22:56:03.3666488Z hint: will change to "main" in Git 3.0. To configure the initial branch name
2026-10-05T22:56:03.3670521Z hint: to use in all of your new repositories, which will suppress this warning,
2026-10-05T22:56:03.3672401Z hint: call:
2026-10-05T22:56:03.3673353Z hint:
2026-10-05T22:56:03.3674519Z hint: 	git config --global init.defaultBranch <name>
2026-10-05T22:56:03.3676074Z hint:
2026-10-05T22:56:03.3677467Z hint: Names commonly chosen instead of 'master' are 'main', 'trunk' and
2026-10-05T22:56:03.3679890Z hint: 'development'. The just-created branch can be renamed via this command:
2026-10-05T22:56:03.3681454Z hint:
2026-10-05T22:56:03.3682194Z hint: 	git branch -m <name>
2026-10-05T22:56:03.3683501Z hint:
2026-10-05T22:56:03.3684999Z hint: Disable this message with "git config set advice.defaultBranchName false"
2026-10-05T22:56:03.3687210Z Initialized empty Git repository in /home/runner/work/cms/cms/.git/
2026-10-05T22:56:03.3691142Z [command]/usr/bin/git remote add origin https://github.com/sveltery/cms
2026-10-05T22:56:03.3726877Z ##[endgroup]
2026-10-05T22:56:03.3729018Z ##[group]Disabling automatic garbage collection
2026-10-05T22:56:03.3765618Z [command]/usr/bin/git config --local gc.auto 0
2026-10-05T22:56:03.3770319Z ##[endgroup]
2026-10-05T22:56:03.3772224Z ##[group]Setting up auth
2026-10-05T22:56:03.3777318Z [command]/usr/bin/git config --local --name-only --get-regexp core\.sshCommand
2026-10-05T22:56:03.3817364Z [command]/usr/bin/git submodule foreach --recursive sh -c "git config --local --name-only --get-regexp 'core\.sshCommand' && git config --local --unset-all 'core.sshCommand' || :"
2026-10-05T22:56:03.4213222Z [command]/usr/bin/git config --local --name-only --get-regexp http\.https\:\/\/github\.com\/\.extraheader
2026-10-05T22:56:03.4258850Z [command]/usr/bin/git submodule foreach --recursive sh -c "git config --local --name-only --get-regexp 'http\.https\:\/\/github\.com\/\.extraheader' && git config --local --unset-all 'http.https://github.com/.extraheader' || :"
2026-10-05T22:56:03.4538952Z [command]/usr/bin/git config --local --name-only --get-regexp ^includeIf\.gitdir:
2026-10-05T22:56:03.4579548Z [command]/usr/bin/git submodule foreach --recursive git config --local --show-origin --name-only --get-regexp remote.origin.url
2026-10-05T22:56:03.4843894Z [command]/usr/bin/git config --local http.https://github.com/.extraheader AUTHORIZATION: basic ***
2026-10-05T22:56:03.4888902Z ##[endgroup]
2026-10-05T22:56:03.4891103Z ##[group]Fetching the repository
2026-10-05T22:56:03.4900368Z [command]/usr/bin/git -c protocol.version=2 fetch --no-tags --prune --no-recurse-submodules --depth=1 origin +bf59cb6c427683340350d8446fc8538476a52ffa:refs/remotes/pull/120/merge
2026-10-05T22:56:05.1707458Z From https://github.com/sveltery/cms
2026-10-05T22:56:05.1710899Z  * [new ref]         bf59cb6c427683340350d8446fc8538476a52ffa -> pull/120/merge
2026-10-05T22:56:05.1716682Z ##[endgroup]
2026-10-05T22:56:05.1719181Z ##[group]Determining the checkout info
2026-10-05T22:56:05.1721604Z ##[endgroup]
2026-10-05T22:56:05.1723652Z [command]/usr/bin/git sparse-checkout disable
2026-10-05T22:56:05.1776432Z [command]/usr/bin/git config --local --unset-all extensions.worktreeConfig
2026-10-05T22:56:05.1821264Z ##[group]Checking out the ref
2026-10-05T22:56:05.1823897Z [command]/usr/bin/git checkout --progress --force refs/remotes/pull/120/merge
2026-10-05T22:56:05.6279746Z Note: switching to 'refs/remotes/pull/120/merge'.
2026-10-05T22:56:05.6281410Z 
2026-10-05T22:56:05.6282703Z You are in 'detached HEAD' state. You can look around, make experimental
2026-10-05T22:56:05.6285887Z changes and commit them, and you can discard any commits you make in this
2026-10-05T22:56:05.6289439Z state without impacting any branches by switching back to a branch.
2026-10-05T22:56:05.6291371Z 
2026-10-05T22:56:05.6292905Z If you want to create a new branch to retain commits you create, you may
2026-10-05T22:56:05.6296615Z do so (now or later) by using -c with the switch command. Example:
2026-10-05T22:56:05.6299339Z 
2026-10-05T22:56:05.6300345Z   git switch -c <new-branch-name>
2026-10-05T22:56:05.6301734Z 
2026-10-05T22:56:05.6302764Z Or undo this operation with:
2026-10-05T22:56:05.6304073Z 
2026-10-05T22:56:05.6305027Z   git switch -
2026-10-05T22:56:05.6306208Z 
2026-10-05T22:56:05.6307889Z Turn off this advice by setting config variable advice.detachedHead to false
2026-10-05T22:56:05.6310432Z 
2026-10-05T22:56:05.6312981Z HEAD is now at bf59cb6 Merge c73698dcba0f938d26e6fa1d60457dcfa2609fac into 99c659f67a2117f9e523f1231f0f44d207713396
2026-10-05T22:56:05.6317437Z ##[endgroup]
2026-10-05T22:56:05.6354820Z [command]/usr/bin/git log -1 --format=%H
2026-10-05T22:56:05.6386361Z bf59cb6c427683340350d8446fc8538476a52ffa
2026-10-05T22:56:05.6688221Z ##[group]Run pnpm/action-setup@v4
2026-10-05T22:56:05.6689227Z with:
2026-10-05T22:56:05.6689895Z   version: 12.6.0
2026-10-05T22:56:05.6690584Z   dest: ~/setup-pnpm
2026-10-05T22:56:05.6691284Z   run_install: null
2026-10-05T22:56:05.6691980Z   cache: false
2026-10-05T22:56:05.6692684Z   cache_dependency_path: pnpm-lock.yaml
2026-10-05T22:56:05.6693499Z   package_json_file: package.json
2026-10-05T22:56:05.6694281Z   standalone: false
2026-10-05T22:56:05.6694979Z ##[endgroup]
2026-10-05T22:56:05.8212889Z ##[group]Running self-installer...
2026-10-05T22:56:06.3015756Z (node:2026) [DEP0169] DeprecationWarning: `url.parse()` behavior is not standardized and prone to errors that have security implications. Use the WHATWG URL API instead. CVEs are not issued for `url.parse()` vulnerabilities.
2026-10-05T22:56:06.3017928Z (Use `node --trace-deprecation ...` to show where the warning was created)
2026-10-05T22:56:06.4466906Z Progress: resolved 1, reused 0, downloaded 0, added 0
2026-10-05T22:56:06.6110539Z Packages: +3
2026-10-05T22:56:06.6149077Z +++
2026-10-05T22:56:07.3570097Z Progress: resolved 15, reused 0, downloaded 3, added 3, done
2026-10-05T22:56:07.3770454Z .../.pnpm/pnpm@12.6.0/node_modules/pnpm preinstall$ node install.js
2026-10-05T22:56:07.6401160Z .../.pnpm/pnpm@12.6.0/node_modules/pnpm preinstall: Done
2026-10-05T22:56:07.6407499Z .../.pnpm/pnpm@12.6.0/node_modules/pnpm postinstall$ node install.js
2026-10-05T22:56:07.6899349Z .../.pnpm/pnpm@12.6.0/node_modules/pnpm postinstall: Done
2026-10-05T22:56:09.1815955Z 
2026-10-05T22:56:09.1816588Z dependencies:
2026-10-05T22:56:09.1817359Z + pnpm 12.6.0 (12.9.1 is available)
2026-10-05T22:56:09.1817725Z 
2026-10-05T22:56:09.1841912Z Done in 3.1s
2026-10-05T22:56:09.2495088Z ##[endgroup]
2026-10-05T22:56:09.2495576Z Installation Completed!
2026-10-05T22:56:09.2745490Z ##[group]Run actions/setup-node@v4
2026-10-05T22:56:09.2745945Z with:
2026-10-05T22:56:09.2746267Z   node-version: 24
2026-10-05T22:56:09.2746612Z   cache: pnpm
2026-10-05T22:56:09.2746943Z   always-auth: false
2026-10-05T22:56:09.2747304Z   check-latest: false
2026-10-05T22:56:09.2752217Z   token: ***
2026-10-05T22:56:09.2752550Z env:
2026-10-05T22:56:09.2752971Z   PNPM_HOME: /home/runner/setup-pnpm/node_modules/.bin
2026-10-05T22:56:09.2753514Z ##[endgroup]
2026-10-05T22:56:09.4570490Z Found in cache @ /opt/hostedtoolcache/node/24.21.0/x64
2026-10-05T22:56:09.4574042Z (node:2057) [DEP0040] DeprecationWarning: The `punycode` module is deprecated. Please use a userland alternative instead.
2026-10-05T22:56:09.4575232Z (Use `node --trace-deprecation ...` to show where the warning was created)
2026-10-05T22:56:09.4586293Z ##[group]Environment details
2026-10-05T22:56:14.0518547Z node: v24.21.0
2026-10-05T22:56:14.0519323Z npm: 11.19.0
2026-10-05T22:56:14.0519537Z yarn: 1.22.22
2026-10-05T22:56:14.0520623Z ##[endgroup]
2026-10-05T22:56:14.0561104Z [command]/home/runner/setup-pnpm/node_modules/.bin/pnpm store path --silent
2026-10-05T22:56:14.0751870Z /home/runner/setup-pnpm/node_modules/.bin/store/v11
2026-10-05T22:56:14.3321429Z Cache hit for: node-cache-Linux-x64-pnpm-cb01908ec0d0a45d9eb29e44f56e05364983ff2ce958acc694c939d2835b5d56
2026-10-05T22:56:14.3431958Z (node:2057) [DEP0169] DeprecationWarning: `url.parse()` behavior is not standardized and prone to errors that have security implications. Use the WHATWG URL API instead. CVEs are not issued for `url.parse()` vulnerabilities.
2026-10-05T22:56:15.6009673Z Received 25165824 of 174062786 (14.5%), 24.0 MBs/sec
2026-10-05T22:56:16.6004999Z Received 167772160 of 174062786 (96.4%), 80.0 MBs/sec
2026-10-05T22:56:16.7423712Z Received 174062786 of 174062786 (100.0%), 77.5 MBs/sec
2026-10-05T22:56:16.7424714Z Cache Size: ~166 MB (174062786 B)
2026-10-05T22:56:16.7452858Z [command]/usr/bin/tar -xf /home/runner/work/_temp/9205e592-3529-45ec-8c0c-1e2559634f29/cache.tzst -P -C /home/runner/work/cms/cms --use-compress-program unzstd
2026-10-05T22:56:18.8764916Z Cache restored successfully
2026-10-05T22:56:18.9152317Z Cache restored from key: node-cache-Linux-x64-pnpm-cb01908ec0d0a45d9eb29e44f56e05364983ff2ce958acc694c939d2835b5d56
2026-10-05T22:56:18.9432309Z ##[group]Run pnpm install --frozen-lockfile
2026-10-05T22:56:18.9432723Z [36;1mpnpm install --frozen-lockfile[0m
2026-10-05T22:56:18.9845154Z shell: /usr/bin/bash -e {0}
2026-10-05T22:56:18.9845438Z env:
2026-10-05T22:56:18.9845710Z   PNPM_HOME: /home/runner/setup-pnpm/node_modules/.bin
2026-10-05T22:56:18.9846051Z ##[endgroup]
2026-10-05T22:56:19.0455870Z ? Verifying lockfile against supply-chain policies (534 entries)...
2026-10-05T22:56:19.2592852Z Packages are hard linked from the content-addressable store to the virtual store.
2026-10-05T22:56:19.2593599Z   Content-addressable store is at: /home/runner/setup-pnpm/node_modules/.bin/store/v11
2026-10-05T22:56:19.2594154Z   Virtual store is at:             node_modules/.pnpm
2026-10-05T22:56:21.5380210Z ✓ Lockfile passes supply-chain policies (534 entries in 2.5s)
2026-10-05T22:56:21.5381178Z Lockfile is up to date, resolution step is skipped
2026-10-05T22:56:21.5446454Z Packages: +403
2026-10-05T22:56:21.5447342Z ++++++++++++++++++++++++++++++++++++++++++++++++++++++++++++++++++++++++++++++++
2026-10-05T22:56:21.5873410Z Progress: resolved 403, reused 403, downloaded 0, added 403, done
2026-10-05T22:56:21.6695518Z . prepare$ svelte-kit sync
2026-10-05T22:56:22.9512676Z . prepare: Done
2026-10-05T22:56:22.9522727Z 
2026-10-05T22:56:22.9522999Z dependencies:
2026-10-05T22:56:22.9523530Z + @oslojs/crypto 1.0.1
2026-10-05T22:56:22.9524062Z + @oslojs/encoding 1.1.0
2026-10-05T22:56:22.9524588Z + @oslojs/webauthn 1.0.0
2026-10-05T22:56:22.9525336Z + @wordpress/block-serialization-default-parser 5.38.0
2026-10-05T22:56:22.9526036Z + blurhash 2.0.5
2026-10-05T22:56:22.9526374Z + cn 0.2.2
2026-10-05T22:56:22.9526605Z + date-fns 4.1.0
2026-10-05T22:56:22.9526858Z + image-size 2.0.2
2026-10-05T22:56:22.9527103Z + jpeg-js 0.4.4
2026-10-05T22:56:22.9527358Z + jsonc-parser 3.3.1
2026-10-05T22:56:22.9527613Z + kysely 0.29.2
2026-10-05T22:56:22.9527847Z + mime 4.1.0
2026-10-05T22:56:22.9528077Z + parse5 7.3.0
2026-10-05T22:56:22.9528356Z + smol-toml 1.6.0
2026-10-05T22:56:22.9528948Z + ulidx 2.4.1
2026-10-05T22:56:22.9529191Z + upng-js 2.1.0
2026-10-05T22:56:22.9529421Z + valibot 1.5.0
2026-10-05T22:56:22.9529674Z + zod 4.5.4
2026-10-05T22:56:22.9529799Z 
2026-10-05T22:56:22.9529912Z devDependencies:
2026-10-05T22:56:22.9530170Z + @babel/core 7.29.7
2026-10-05T22:56:22.9530446Z + @cloudflare/kumo 2.6.0
2026-10-05T22:56:22.9530856Z + @cloudflare/workers-types 4.20260507.1
2026-10-05T22:56:22.9531235Z + @floating-ui/dom 1.8.0
2026-10-05T22:56:22.9531604Z + @lingui/babel-plugin-lingui-macro 5.9.5
2026-10-05T22:56:22.9531952Z + @lingui/conf 5.9.5
2026-10-05T22:56:22.9532216Z + @lingui/core 5.9.5
2026-10-05T22:56:22.9532479Z + @lingui/react 5.9.5
2026-10-05T22:56:22.9532762Z + @playwright/test 1.63.0
2026-10-05T22:56:22.9533084Z + @sveltejs/adapter-auto 7.0.1
2026-10-05T22:56:22.9533444Z + @sveltejs/adapter-cloudflare 7.2.9
2026-10-05T22:56:22.9533806Z + @sveltejs/adapter-node 5.5.7
2026-10-05T22:56:22.9534101Z + @sveltejs/kit 2.70.3
2026-10-05T22:56:22.9534422Z + @sveltejs/vite-plugin-svelte 7.3.1
2026-10-05T22:56:22.9534781Z + @tanstack/react-query 5.90.21
2026-10-05T22:56:22.9535401Z + @tanstack/react-router 1.163.2
2026-10-05T22:56:22.9535735Z + @testing-library/react 16.3.2
2026-10-05T22:56:22.9536009Z + @types/jsdom 30.0.0
2026-10-05T22:56:22.9536261Z + @types/node 24.19.0
2026-10-05T22:56:22.9536501Z + @types/react 19.3.0
2026-10-05T22:56:22.9536740Z + @types/react-dom 19.3.0
2026-10-05T22:56:22.9537046Z + @vitest/browser-playwright 4.1.10
2026-10-05T22:56:22.9537325Z + devalue 5.9.4
2026-10-05T22:56:22.9537540Z + jsdom 30.1.1
2026-10-05T22:56:22.9537772Z + miniflare 4.20260507.1
2026-10-05T22:56:22.9538004Z + pg 8.18.0
2026-10-05T22:56:22.9538201Z + react 19.3.0
2026-10-05T22:56:22.9538768Z + react-day-picker 9.14.0
2026-10-05T22:56:22.9539235Z + react-dom 19.3.0
2026-10-05T22:56:22.9539614Z + svelte 5.57.1
2026-10-05T22:56:22.9540021Z + svelte-check 4.7.6
2026-10-05T22:56:22.9540455Z + typescript 6.0.3
2026-10-05T22:56:22.9540686Z + vite 8.3.2
2026-10-05T22:56:22.9541341Z + vitest 4.1.10
2026-10-05T22:56:22.9541818Z + vitest-browser-react 2.2.0
2026-10-05T22:56:22.9542295Z + wrangler 4.99.0
2026-10-05T22:56:22.9542516Z 
2026-10-05T22:56:22.9552110Z Done in 3.9s using pnpm v12.6.0
2026-10-05T22:56:22.9950866Z ##[group]Run pnpm exec playwright install --with-deps chromium
2026-10-05T22:56:22.9951616Z [36;1mpnpm exec playwright install --with-deps chromium[0m
2026-10-05T22:56:23.0025367Z shell: /usr/bin/bash -e {0}
2026-10-05T22:56:23.0025631Z env:
2026-10-05T22:56:23.0025900Z   PNPM_HOME: /home/runner/setup-pnpm/node_modules/.bin
2026-10-05T22:56:23.0026246Z ##[endgroup]
2026-10-05T22:56:23.7234487Z Installing dependencies...
2026-10-05T22:56:23.7394489Z Switching to root user to install dependencies...
2026-10-05T22:56:23.8782023Z Get:1 file:/etc/apt/apt-mirrors.txt Mirrorlist [144 B]
2026-10-05T22:56:23.9076481Z Get:6 https://packages.microsoft.com/ubuntu/22.04/prod jammy InRelease [3632 B]
2026-10-05T22:56:23.9252173Z Hit:2 http://azure.archive.ubuntu.com/ubuntu jammy InRelease
2026-10-05T22:56:23.9284114Z Get:3 http://azure.archive.ubuntu.com/ubuntu jammy-updates InRelease [128 kB]
2026-10-05T22:56:23.9321465Z Get:4 http://azure.archive.ubuntu.com/ubuntu jammy-backports InRelease [127 kB]
2026-10-05T22:56:23.9400248Z Get:5 http://azure.archive.ubuntu.com/ubuntu jammy-security InRelease [129 kB]
2026-10-05T22:56:24.1656210Z Get:7 https://packages.microsoft.com/ubuntu/22.04/prod jammy/main amd64 Packages [797 kB]
2026-10-05T22:56:24.1860659Z Get:8 https://packages.microsoft.com/ubuntu/22.04/prod jammy/main arm64 Packages [551 kB]
2026-10-05T22:56:24.3487691Z Get:9 http://azure.archive.ubuntu.com/ubuntu jammy-updates/main amd64 Packages [3907 kB]
2026-10-05T22:56:24.3686090Z Get:10 http://azure.archive.ubuntu.com/ubuntu jammy-updates/main Translation-en [576 kB]
2026-10-05T22:56:24.3703661Z Get:11 http://azure.archive.ubuntu.com/ubuntu jammy-updates/restricted amd64 Packages [6714 kB]
2026-10-05T22:56:24.4051821Z Get:12 http://azure.archive.ubuntu.com/ubuntu jammy-updates/restricted Translation-en [1290 kB]
2026-10-05T22:56:24.4112762Z Get:13 http://azure.archive.ubuntu.com/ubuntu jammy-updates/universe amd64 Packages [1285 kB]
2026-10-05T22:56:24.4189904Z Get:14 http://azure.archive.ubuntu.com/ubuntu jammy-updates/universe Translation-en [325 kB]
2026-10-05T22:56:24.5266422Z Get:15 http://azure.archive.ubuntu.com/ubuntu jammy-security/main amd64 Packages [3631 kB]
2026-10-05T22:56:24.5459518Z Get:16 http://azure.archive.ubuntu.com/ubuntu jammy-security/main Translation-en [508 kB]
2026-10-05T22:56:24.5502145Z Get:17 http://azure.archive.ubuntu.com/ubuntu jammy-security/restricted amd64 Packages [6465 kB]
2026-10-05T22:56:24.5813571Z Get:18 http://azure.archive.ubuntu.com/ubuntu jammy-security/restricted Translation-en [1244 kB]
2026-10-05T22:56:24.6352802Z Get:19 http://azure.archive.ubuntu.com/ubuntu jammy-security/universe amd64 Packages [1052 kB]
2026-10-05T22:56:24.6405369Z Get:20 http://azure.archive.ubuntu.com/ubuntu jammy-security/universe Translation-en [237 kB]
2026-10-05T22:56:30.0017532Z Fetched 29.0 MB in 3s (8633 kB/s)
2026-10-05T22:56:31.2882413Z Reading package lists...
2026-10-05T22:56:31.3516765Z Reading package lists...
2026-10-05T22:56:31.5958037Z Building dependency tree...
2026-10-05T22:56:31.5969264Z Reading state information...
2026-10-05T22:56:31.7673059Z fonts-liberation is already the newest version (1:1.07.4-11).
2026-10-05T22:56:31.7674133Z fonts-liberation set to manually installed.
2026-10-05T22:56:31.7675378Z libatk-bridge2.0-0 is already the newest version (2.38.0-3).
2026-10-05T22:56:31.7676338Z libatk-bridge2.0-0 set to manually installed.
2026-10-05T22:56:31.7677280Z libatk1.0-0 is already the newest version (2.36.0-3build1).
2026-10-05T22:56:31.7677995Z libatk1.0-0 set to manually installed.
2026-10-05T22:56:31.7678955Z libatspi2.0-0 is already the newest version (2.44.0-3).
2026-10-05T22:56:31.7679597Z libatspi2.0-0 set to manually installed.
2026-10-05T22:56:31.7680177Z libfontconfig1 is already the newest version (2.13.1-4.2ubuntu5).
2026-10-05T22:56:31.7680789Z libfontconfig1 set to manually installed.
2026-10-05T22:56:31.7681318Z libxcb1 is already the newest version (1.14-3ubuntu3).
2026-10-05T22:56:31.7681796Z libxcb1 set to manually installed.
2026-10-05T22:56:31.7682706Z libxcomposite1 is already the newest version (1:0.4.5-1build2).
2026-10-05T22:56:31.7683249Z libxcomposite1 set to manually installed.
2026-10-05T22:56:31.7683777Z libxdamage1 is already the newest version (1:1.1.5-2build2).
2026-10-05T22:56:31.7684270Z libxdamage1 set to manually installed.
2026-10-05T22:56:31.7684757Z libxext6 is already the newest version (2:1.3.4-1build1).
2026-10-05T22:56:31.7685215Z libxext6 set to manually installed.
2026-10-05T22:56:31.7685666Z libxfixes3 is already the newest version (1:6.0.0-1).
2026-10-05T22:56:31.7686115Z libxfixes3 set to manually installed.
2026-10-05T22:56:31.7686580Z libxkbcommon0 is already the newest version (1.4.0-1).
2026-10-05T22:56:31.7687040Z libxkbcommon0 set to manually installed.
2026-10-05T22:56:31.7687551Z libxrandr2 is already the newest version (2:1.5.2-1build1).
2026-10-05T22:56:31.7688036Z libxrandr2 set to manually installed.
2026-10-05T22:56:31.7688937Z fonts-noto-color-emoji is already the newest version (2.047-0ubuntu0.22.04.1).
2026-10-05T22:56:31.7689639Z libasound2 is already the newest version (1.2.6.1-1ubuntu1.2).
2026-10-05T22:56:31.7690143Z libasound2 set to manually installed.
2026-10-05T22:56:31.7690643Z libcairo2 is already the newest version (1.16.0-5ubuntu2.1).
2026-10-05T22:56:31.7691132Z libcairo2 set to manually installed.
2026-10-05T22:56:31.7691635Z libcups2 is already the newest version (2.4.1op1-1ubuntu4.21).
2026-10-05T22:56:31.7692069Z libcups2 set to manually installed.
2026-10-05T22:56:31.7692479Z libdbus-1-3 is already the newest version (1.12.20-2ubuntu4.1).
2026-10-05T22:56:31.7692884Z libdbus-1-3 set to manually installed.
2026-10-05T22:56:31.7693442Z libdrm2 is already the newest version (2.4.113-2~ubuntu0.22.04.1).
2026-10-05T22:56:31.7694182Z libdrm2 set to manually installed.
2026-10-05T22:56:31.7694962Z libfreetype6 is already the newest version (2.11.1+dfsg-1ubuntu0.3).
2026-10-05T22:56:31.7695734Z libfreetype6 set to manually installed.
2026-10-05T22:56:31.7696192Z libgbm1 is already the newest version (23.2.1-1ubuntu3.1~22.04.4).
2026-10-05T22:56:31.7696595Z libgbm1 set to manually installed.
2026-10-05T22:56:31.7697005Z libglib2.0-0 is already the newest version (2.72.4-0ubuntu2.10).
2026-10-05T22:56:31.7697411Z libglib2.0-0 set to manually installed.
2026-10-05T22:56:31.7698066Z libnspr4 is already the newest version (2:4.35-0ubuntu0.22.04.1).
2026-10-05T22:56:31.7699768Z libnss3 is already the newest version (2:3.98-0ubuntu0.22.04.4).
2026-10-05T22:56:31.7700720Z libpango-1.0-0 is already the newest version (1.50.6+ds-2ubuntu1).
2026-10-05T22:56:31.7701493Z libpango-1.0-0 set to manually installed.
2026-10-05T22:56:31.7702336Z libwayland-client0 is already the newest version (1.20.0-1ubuntu0.1).
2026-10-05T22:56:31.7703160Z libwayland-client0 set to manually installed.
2026-10-05T22:56:31.7703920Z libx11-6 is already the newest version (2:1.7.5-1ubuntu0.3).
2026-10-05T22:56:31.7704612Z libx11-6 set to manually installed.
2026-10-05T22:56:31.7705661Z xvfb is already the newest version (2:21.1.4-2ubuntu1.7~22.04.16).
2026-10-05T22:56:31.7706491Z The following additional packages will be installed:
2026-10-05T22:56:31.7707127Z   xfonts-encodings xfonts-utils
2026-10-05T22:56:31.7707631Z Recommended packages:
2026-10-05T22:56:31.7708126Z   fonts-ipafont-mincho fonts-tlwg-loma
2026-10-05T22:56:31.7885115Z The following NEW packages will be installed:
2026-10-05T22:56:31.7886315Z   fonts-freefont-ttf fonts-ipafont-gothic fonts-tlwg-loma-otf fonts-unifont
2026-10-05T22:56:31.7892085Z   fonts-wqy-zenhei xfonts-cyrillic xfonts-encodings xfonts-scalable
2026-10-05T22:56:31.7892776Z   xfonts-utils
2026-10-05T22:56:31.8074498Z 0 upgraded, 9 newly installed, 0 to remove and 20 not upgraded.
2026-10-05T22:56:31.8075280Z Need to get 18.4 MB of archives.
2026-10-05T22:56:31.8076052Z After this operation, 56.8 MB of additional disk space will be used.
2026-10-05T22:56:31.8076931Z Get:1 file:/etc/apt/apt-mirrors.txt Mirrorlist [144 B]
2026-10-05T22:56:31.8966224Z Get:2 http://azure.archive.ubuntu.com/ubuntu jammy/universe amd64 fonts-ipafont-gothic all 00303-21ubuntu1 [3513 kB]
2026-10-05T22:56:32.0462907Z Get:3 http://azure.archive.ubuntu.com/ubuntu jammy/main amd64 fonts-freefont-ttf all 20120503-10build1 [2388 kB]
2026-10-05T22:56:32.1699440Z Get:4 http://azure.archive.ubuntu.com/ubuntu jammy/universe amd64 fonts-tlwg-loma-otf all 1:0.7.3-1 [107 kB]
2026-10-05T22:56:32.2418343Z Get:5 http://azure.archive.ubuntu.com/ubuntu jammy/universe amd64 fonts-unifont all 1:14.0.01-1 [3551 kB]
2026-10-05T22:56:32.3924337Z Get:6 http://azure.archive.ubuntu.com/ubuntu jammy/universe amd64 fonts-wqy-zenhei all 0.9.45-8 [7472 kB]
2026-10-05T22:56:32.6352541Z Get:7 http://azure.archive.ubuntu.com/ubuntu jammy/main amd64 xfonts-encodings all 1:1.0.5-0ubuntu2 [578 kB]
2026-10-05T22:56:32.7180914Z Get:8 http://azure.archive.ubuntu.com/ubuntu jammy/main amd64 xfonts-utils amd64 1:7.7+6build2 [94.6 kB]
2026-10-05T22:56:32.7902783Z Get:9 http://azure.archive.ubuntu.com/ubuntu jammy/universe amd64 xfonts-cyrillic all 1:1.0.5 [386 kB]
2026-10-05T22:56:32.8684646Z Get:10 http://azure.archive.ubuntu.com/ubuntu jammy/main amd64 xfonts-scalable all 1:1.0.3-1.2ubuntu1 [306 kB]
2026-10-05T22:56:33.1976048Z Fetched 18.4 MB in 1s (17.0 MB/s)
2026-10-05T22:56:33.2305454Z Selecting previously unselected package fonts-ipafont-gothic.
2026-10-05T22:56:33.2652788Z (Reading database ... 
2026-10-05T22:56:33.2653347Z (Reading database ... 5%
2026-10-05T22:56:33.2653975Z (Reading database ... 10%
2026-10-05T22:56:33.2654724Z (Reading database ... 15%
2026-10-05T22:56:33.2655230Z (Reading database ... 20%
2026-10-05T22:56:33.2655593Z (Reading database ... 25%
2026-10-05T22:56:33.2655969Z (Reading database ... 30%
2026-10-05T22:56:33.2656334Z (Reading database ... 35%
2026-10-05T22:56:33.2656703Z (Reading database ... 40%
2026-10-05T22:56:33.2657161Z (Reading database ... 45%
2026-10-05T22:56:33.2657536Z (Reading database ... 50%
2026-10-05T22:56:33.3619184Z (Reading database ... 55%
2026-10-05T22:56:33.5680364Z (Reading database ... 60%
2026-10-05T22:56:33.8179629Z (Reading database ... 65%
2026-10-05T22:56:34.0436799Z (Reading database ... 70%
2026-10-05T22:56:34.2575658Z (Reading database ... 75%
2026-10-05T22:56:34.5099415Z (Reading database ... 80%
2026-10-05T22:56:34.7441826Z (Reading database ... 85%
2026-10-05T22:56:34.9619306Z (Reading database ... 90%
2026-10-05T22:56:35.1761877Z (Reading database ... 95%
2026-10-05T22:56:35.1762398Z (Reading database ... 100%
2026-10-05T22:56:35.1763117Z (Reading database ... 260411 files and directories currently installed.)
2026-10-05T22:56:35.1817446Z Preparing to unpack .../0-fonts-ipafont-gothic_00303-21ubuntu1_all.deb ...
2026-10-05T22:56:35.1921461Z Unpacking fonts-ipafont-gothic (00303-21ubuntu1) ...
2026-10-05T22:56:35.4472949Z Selecting previously unselected package fonts-freefont-ttf.
2026-10-05T22:56:35.4676793Z Preparing to unpack .../1-fonts-freefont-ttf_20120503-10build1_all.deb ...
2026-10-05T22:56:35.4682945Z Unpacking fonts-freefont-ttf (20120503-10build1) ...
2026-10-05T22:56:35.6625769Z Selecting previously unselected package fonts-tlwg-loma-otf.
2026-10-05T22:56:35.6832034Z Preparing to unpack .../2-fonts-tlwg-loma-otf_1%3a0.7.3-1_all.deb ...
2026-10-05T22:56:35.6838485Z Unpacking fonts-tlwg-loma-otf (1:0.7.3-1) ...
2026-10-05T22:56:35.7075271Z Selecting previously unselected package fonts-unifont.
2026-10-05T22:56:35.7281356Z Preparing to unpack .../3-fonts-unifont_1%3a14.0.01-1_all.deb ...
2026-10-05T22:56:35.7287324Z Unpacking fonts-unifont (1:14.0.01-1) ...
2026-10-05T22:56:35.8196886Z Selecting previously unselected package fonts-wqy-zenhei.
2026-10-05T22:56:35.8401657Z Preparing to unpack .../4-fonts-wqy-zenhei_0.9.45-8_all.deb ...
2026-10-05T22:56:35.8515876Z Unpacking fonts-wqy-zenhei (0.9.45-8) ...
2026-10-05T22:56:36.3681064Z Selecting previously unselected package xfonts-encodings.
2026-10-05T22:56:36.3885799Z Preparing to unpack .../5-xfonts-encodings_1%3a1.0.5-0ubuntu2_all.deb ...
2026-10-05T22:56:36.3892772Z Unpacking xfonts-encodings (1:1.0.5-0ubuntu2) ...
2026-10-05T22:56:36.4216922Z Selecting previously unselected package xfonts-utils.
2026-10-05T22:56:36.4422472Z Preparing to unpack .../6-xfonts-utils_1%3a7.7+6build2_amd64.deb ...
2026-10-05T22:56:36.4429576Z Unpacking xfonts-utils (1:7.7+6build2) ...
2026-10-05T22:56:36.4911745Z Selecting previously unselected package xfonts-cyrillic.
2026-10-05T22:56:36.5114156Z Preparing to unpack .../7-xfonts-cyrillic_1%3a1.0.5_all.deb ...
2026-10-05T22:56:36.5123499Z Unpacking xfonts-cyrillic (1:1.0.5) ...
2026-10-05T22:56:36.5609171Z Selecting previously unselected package xfonts-scalable.
2026-10-05T22:56:36.5813110Z Preparing to unpack .../8-xfonts-scalable_1%3a1.0.3-1.2ubuntu1_all.deb ...
2026-10-05T22:56:36.5819178Z Unpacking xfonts-scalable (1:1.0.3-1.2ubuntu1) ...
2026-10-05T22:56:36.6397483Z Setting up fonts-wqy-zenhei (0.9.45-8) ...
2026-10-05T22:56:36.6527657Z Setting up fonts-freefont-ttf (20120503-10build1) ...
2026-10-05T22:56:36.6549661Z Setting up fonts-tlwg-loma-otf (1:0.7.3-1) ...
2026-10-05T22:56:36.6566425Z Setting up xfonts-encodings (1:1.0.5-0ubuntu2) ...
2026-10-05T22:56:36.6583344Z Setting up fonts-ipafont-gothic (00303-21ubuntu1) ...
2026-10-05T22:56:36.6665107Z update-alternatives: using /usr/share/fonts/opentype/ipafont-gothic/ipag.ttf to provide /usr/share/fonts/truetype/fonts-japanese-gothic.ttf (fonts-japanese-gothic.ttf) in auto mode
2026-10-05T22:56:36.6683901Z Setting up fonts-unifont (1:14.0.01-1) ...
2026-10-05T22:56:36.6703181Z Setting up xfonts-utils (1:7.7+6build2) ...
2026-10-05T22:56:36.6746414Z Setting up xfonts-cyrillic (1:1.0.5) ...
2026-10-05T22:56:36.7350245Z Setting up xfonts-scalable (1:1.0.3-1.2ubuntu1) ...
2026-10-05T22:56:36.7791856Z Processing triggers for man-db (2.10.2-1) ...
2026-10-05T22:56:36.7815272Z Not building database; man-db/auto-update is not 'true'.
2026-10-05T22:56:36.7826594Z Processing triggers for fontconfig (2.13.1-4.2ubuntu5) ...
2026-10-05T22:56:37.4908506Z 
2026-10-05T22:56:37.4909566Z Running kernel seems to be up-to-date.
2026-10-05T22:56:37.4910150Z 
2026-10-05T22:56:37.4910546Z No services need to be restarted.
2026-10-05T22:56:37.4910834Z 
2026-10-05T22:56:37.4911062Z No containers need to be restarted.
2026-10-05T22:56:37.4911349Z 
2026-10-05T22:56:37.4911623Z No user sessions are running outdated binaries.
2026-10-05T22:56:37.4911965Z 
2026-10-05T22:56:37.4912417Z No VM guests are running outdated hypervisor (qemu) binaries on this host.
2026-10-05T22:56:38.7994602Z Downloading Chrome for Testing 153.0.8010.12 (playwright chromium v1243) from https://cdn.playwright.dev/builds/cft/153.0.8010.12/linux64/chrome-linux64.zip
2026-10-05T22:56:39.2522175Z |                                                                                |   0% of 186.8 MiB
2026-10-05T22:56:39.4377136Z |■■■■■■■■                                                                        |  10% of 186.8 MiB
2026-10-05T22:56:39.5992872Z |■■■■■■■■■■■■■■■■                                                                |  20% of 186.8 MiB
2026-10-05T22:56:39.7716553Z |■■■■■■■■■■■■■■■■■■■■■■■■                                                        |  30% of 186.8 MiB
2026-10-05T22:56:39.9230620Z |■■■■■■■■■■■■■■■■■■■■■■■■■■■■■■■■                                                |  40% of 186.8 MiB
2026-10-05T22:56:40.0587204Z |■■■■■■■■■■■■■■■■■■■■■■■■■■■■■■■■■■■■■■■■                                        |  50% of 186.8 MiB
2026-10-05T22:56:40.2036900Z |■■■■■■■■■■■■■■■■■■■■■■■■■■■■■■■■■■■■■■■■■■■■■■■■                                |  60% of 186.8 MiB
2026-10-05T22:56:40.3697866Z |■■■■■■■■■■■■■■■■■■■■■■■■■■■■■■■■■■■■■■■■■■■■■■■■■■■■■■■■                        |  70% of 186.8 MiB
2026-10-05T22:56:40.5001522Z |■■■■■■■■■■■■■■■■■■■■■■■■■■■■■■■■■■■■■■■■■■■■■■■■■■■■■■■■■■■■■■■■                |  80% of 186.8 MiB
2026-10-05T22:56:40.6573258Z |■■■■■■■■■■■■■■■■■■■■■■■■■■■■■■■■■■■■■■■■■■■■■■■■■■■■■■■■■■■■■■■■■■■■■■■■        |  90% of 186.8 MiB
2026-10-05T22:56:40.7720854Z |■■■■■■■■■■■■■■■■■■■■■■■■■■■■■■■■■■■■■■■■■■■■■■■■■■■■■■■■■■■■■■■■■■■■■■■■■■■■■■■■| 100% of 186.8 MiB
2026-10-05T22:56:43.7644614Z Chrome for Testing 153.0.8010.12 (playwright chromium v1243) downloaded to /home/runner/.cache/ms-playwright/chromium-1243
2026-10-05T22:56:43.7648525Z Downloading FFmpeg (playwright ffmpeg v1011) from https://cdn.playwright.dev/dbazure/download/playwright/builds/ffmpeg/1011/ffmpeg-linux.zip
2026-10-05T22:56:44.1618423Z |                                                                                |   0% of 2.3 MiB
2026-10-05T22:56:44.1789782Z |■■■■■■■■                                                                        |  10% of 2.3 MiB
2026-10-05T22:56:44.1868790Z |■■■■■■■■■■■■■■■■                                                                |  20% of 2.3 MiB
2026-10-05T22:56:44.1921543Z |■■■■■■■■■■■■■■■■■■■■■■■■                                                        |  30% of 2.3 MiB
2026-10-05T22:56:44.1962238Z |■■■■■■■■■■■■■■■■■■■■■■■■■■■■■■■■                                                |  40% of 2.3 MiB
2026-10-05T22:56:44.1995306Z |■■■■■■■■■■■■■■■■■■■■■■■■■■■■■■■■■■■■■■■■                                        |  50% of 2.3 MiB
2026-10-05T22:56:44.2011097Z |■■■■■■■■■■■■■■■■■■■■■■■■■■■■■■■■■■■■■■■■■■■■■■■■                                |  60% of 2.3 MiB
2026-10-05T22:56:44.2033423Z |■■■■■■■■■■■■■■■■■■■■■■■■■■■■■■■■■■■■■■■■■■■■■■■■■■■■■■■■                        |  70% of 2.3 MiB
2026-10-05T22:56:44.2050029Z |■■■■■■■■■■■■■■■■■■■■■■■■■■■■■■■■■■■■■■■■■■■■■■■■■■■■■■■■■■■■■■■■                |  80% of 2.3 MiB
2026-10-05T22:56:44.2077915Z |■■■■■■■■■■■■■■■■■■■■■■■■■■■■■■■■■■■■■■■■■■■■■■■■■■■■■■■■■■■■■■■■■■■■■■■■        |  90% of 2.3 MiB
2026-10-05T22:56:44.2091253Z |■■■■■■■■■■■■■■■■■■■■■■■■■■■■■■■■■■■■■■■■■■■■■■■■■■■■■■■■■■■■■■■■■■■■■■■■■■■■■■■■| 100% of 2.3 MiB
2026-10-05T22:56:44.2729259Z FFmpeg (playwright ffmpeg v1011) downloaded to /home/runner/.cache/ms-playwright/ffmpeg-1011
2026-10-05T22:56:44.2732638Z Downloading Chrome Headless Shell 153.0.8010.12 (playwright chromium-headless-shell v1243) from https://cdn.playwright.dev/builds/cft/153.0.8010.12/linux64/chrome-headless-shell-linux64.zip
2026-10-05T22:56:44.7043052Z |                                                                                |   0% of 114.3 MiB
2026-10-05T22:56:44.8469383Z |■■■■■■■■                                                                        |  10% of 114.3 MiB
2026-10-05T22:56:44.9184840Z |■■■■■■■■■■■■■■■■                                                                |  20% of 114.3 MiB
2026-10-05T22:56:44.9902008Z |■■■■■■■■■■■■■■■■■■■■■■■■                                                        |  30% of 114.3 MiB
2026-10-05T22:56:45.0732069Z |■■■■■■■■■■■■■■■■■■■■■■■■■■■■■■■■                                                |  40% of 114.3 MiB
2026-10-05T22:56:45.1439363Z |■■■■■■■■■■■■■■■■■■■■■■■■■■■■■■■■■■■■■■■■                                        |  50% of 114.3 MiB
2026-10-05T22:56:45.1992697Z |■■■■■■■■■■■■■■■■■■■■■■■■■■■■■■■■■■■■■■■■■■■■■■■■                                |  60% of 114.3 MiB
2026-10-05T22:56:45.2705252Z |■■■■■■■■■■■■■■■■■■■■■■■■■■■■■■■■■■■■■■■■■■■■■■■■■■■■■■■■                        |  70% of 114.3 MiB
2026-10-05T22:56:45.3263996Z |■■■■■■■■■■■■■■■■■■■■■■■■■■■■■■■■■■■■■■■■■■■■■■■■■■■■■■■■■■■■■■■■                |  80% of 114.3 MiB
2026-10-05T22:56:45.3951082Z |■■■■■■■■■■■■■■■■■■■■■■■■■■■■■■■■■■■■■■■■■■■■■■■■■■■■■■■■■■■■■■■■■■■■■■■■        |  90% of 114.3 MiB
2026-10-05T22:56:45.4772508Z |■■■■■■■■■■■■■■■■■■■■■■■■■■■■■■■■■■■■■■■■■■■■■■■■■■■■■■■■■■■■■■■■■■■■■■■■■■■■■■■■| 100% of 114.3 MiB
2026-10-05T22:56:47.7422040Z Chrome Headless Shell 153.0.8010.12 (playwright chromium-headless-shell v1243) downloaded to /home/runner/.cache/ms-playwright/chromium_headless_shell-1243
2026-10-05T22:56:47.7683981Z ##[group]Run pnpm test:media-admin-editor:browser --reporter=default --reporter=json --outputFile=media-source-results.json
2026-10-05T22:56:47.7684928Z [36;1mpnpm test:media-admin-editor:browser --reporter=default --reporter=json --outputFile=media-source-results.json[0m
2026-10-05T22:56:47.7758914Z shell: /usr/bin/bash -e {0}
2026-10-05T22:56:47.7759210Z env:
2026-10-05T22:56:47.7759479Z   PNPM_HOME: /home/runner/setup-pnpm/node_modules/.bin
2026-10-05T22:56:47.7759834Z   MEDIA_SOURCE_GROUP: settings
2026-10-05T22:56:47.7760093Z   DEBUG: pw:browser
2026-10-05T22:56:47.7760319Z ##[endgroup]
2026-10-05T22:56:47.8039821Z $ node scripts/check-media-admin-editor-source.mjs && vitest run --config vitest.media-admin-editor-browser.config.ts --reporter=default --reporter=json --outputFile=media-source-results.json
2026-10-05T22:56:47.8486533Z {"immutableFiles":44,"wholeTestFiles":42,"declarations":497,"expectationExpressions":2015,"productTestsRun":0}
2026-10-05T22:56:48.7277084Z 
2026-10-05T22:56:48.7281713Z [1m[30m[46m RUN [49m[39m[22m [36mv4.1.10 [39m[90m/home/runner/work/cms/cms[39m
2026-10-05T22:56:48.7282341Z 
2026-10-05T22:56:50.0264466Z [2m10:56:50 PM[22m [36m[1m[vite][22m[39m [90m[2m(client)[22m[39m [optimizer] bundling dependencies...
2026-10-05T22:56:50.0339883Z 2026-10-05T22:56:50.032Z pw:browser <launching> /home/runner/.cache/ms-playwright/chromium_headless_shell-1243/chrome-headless-shell-linux64/chrome-headless-shell --disable-field-trial-config --disable-background-networking --disable-background-timer-throttling --disable-backgrounding-occluded-windows --disable-back-forward-cache --disable-breakpad --disable-client-side-phishing-detection --disable-component-extensions-with-background-pages --disable-component-update --no-default-browser-check --disable-default-apps --disable-dev-shm-usage --disable-edgeupdater --disable-extensions --disable-features=AvoidUnnecessaryBeforeUnloadCheckSync,DestroyProfileOnBrowserClose,DialMediaRouteProvider,GlobalMediaControls,HttpsUpgrades,LensOverlay,MediaRouter,PaintHolding,ThirdPartyStoragePartitioning,BlockOriginHeaderModificationOnRedirect,Translate,AutoDeElevate,OptimizationHints,msForceBrowserSignIn,msEdgeUpdateLaunchServicesPreferredVersion --enable-features=CDPScreenshotNewSurface --allow-pre-commit-input --disable-hang-monitor --disable-ipc-flooding-protection --disable-popup-blocking --disable-prompt-on-repost --disable-renderer-backgrounding --disable-updater-scheduler --force-color-profile=srgb --metrics-recording-only --no-first-run --password-store=basic --use-mock-keychain --no-service-autorun --export-tagged-pdf --disable-search-engine-choice-screen --unsafely-disable-devtools-self-xss-warnings --edge-skip-compat-layer-relaunch --disable-infobars --disable-search-engine-choice-screen --disable-sync --enable-unsafe-swiftshader --headless --hide-scrollbars --mute-audio --blink-settings=primaryHoverType=2,availableHoverTypes=2,primaryPointerType=4,availablePointerTypes=4 --user-data-dir=/tmp/playwright_chromiumdev_profile-nsG0YI --remote-debugging-pipe --no-startup-window
2026-10-05T22:56:50.0489916Z 2026-10-05T22:56:50.043Z pw:browser <launched> pid=2987
2026-10-05T22:56:50.1451434Z 2026-10-05T22:56:50.144Z pw:browser [pid=2987][err] [1005/225650.141589:ERROR:dbus/bus.cc:405] Failed to connect to the bus: Could not parse server address: Unknown address type (examples of valid types are "tcp" and on UNIX "unix")
2026-10-05T22:56:50.1496184Z 2026-10-05T22:56:50.148Z pw:browser [pid=2987][err] Unable to revert mtime: /usr/share/fonts
2026-10-05T22:56:50.1519808Z 2026-10-05T22:56:50.149Z pw:browser [pid=2987][err] Unable to revert mtime: /usr/share/fonts/truetype
2026-10-05T22:56:50.1760671Z 2026-10-05T22:56:50.175Z pw:browser [pid=2987][err] [1005/225650.173164:WARNING:media/gpu/vaapi/vaapi_wrapper.cc:1660] drmGetDevices2() has not found any devices
2026-10-05T22:56:50.1763697Z 2026-10-05T22:56:50.175Z pw:browser [pid=2987][err] [1005/225650.175699:WARNING:sandbox/policy/linux/sandbox_linux.cc:405] InitializeSandbox() called with multiple threads in process gpu-process.
2026-10-05T22:56:50.1790008Z 2026-10-05T22:56:50.177Z pw:browser [pid=2987][err] Unable to revert mtime: /usr/share/fonts/truetype/dejavu
2026-10-05T22:56:50.2160650Z 2026-10-05T22:56:50.214Z pw:browser [pid=2987][err] Unable to revert mtime: /usr/share/fonts/truetype/lato
2026-10-05T22:56:50.2461025Z 2026-10-05T22:56:50.245Z pw:browser [pid=2987][err] Unable to revert mtime: /usr/share/fonts/truetype/liberation
2026-10-05T22:56:50.2720589Z 2026-10-05T22:56:50.268Z pw:browser [pid=2987][err] Unable to revert mtime: /usr/share/fonts/truetype/noto
2026-10-05T22:56:50.3253276Z 2026-10-05T22:56:50.324Z pw:browser [pid=2987][err] [1005/225650.323749:ERROR:dbus/object_proxy.cc:572] Failed to call method: org.freedesktop.DBus.NameHasOwner: object_path= /org/freedesktop/DBus: unknown error type: 
2026-10-05T22:56:50.3291923Z 2026-10-05T22:56:50.326Z pw:browser [pid=2987][err] [1005/225650.326199:ERROR:dbus/bus.cc:405] Failed to connect to the bus: Could not parse server address: Unknown address type (examples of valid types are "tcp" and on UNIX "unix")
2026-10-05T22:56:50.3335714Z 2026-10-05T22:56:50.333Z pw:browser [pid=2987][err] [1005/225650.332532:ERROR:dbus/object_proxy.cc:572] Failed to call method: org.freedesktop.DBus.NameHasOwner: object_path= /org/freedesktop/DBus: unknown error type: 
2026-10-05T22:56:50.7416589Z 2026-10-05T22:56:50.741Z pw:browser [pid=2987][err] [1005/225650.741270:INFO:CONSOLE:934] "[vite] connecting...", source: http://localhost:63315/@vite/client (934)
2026-10-05T22:56:50.7483082Z 2026-10-05T22:56:50.748Z pw:browser [pid=2987][err] [1005/225650.747656:INFO:CONSOLE:1045] "[vite] connected.", source: http://localhost:63315/@vite/client (1045)
2026-10-05T22:56:50.8040296Z 2026-10-05T22:56:50.803Z pw:browser [pid=2987][err] [1005/225650.790194:INFO:CONSOLE:934] "[vite] connecting...", source: http://localhost:63315/@vite/client (934)
2026-10-05T22:56:50.8144471Z 2026-10-05T22:56:50.813Z pw:browser [pid=2987][err] [1005/225650.812574:INFO:CONSOLE:1045] "[vite] connected.", source: http://localhost:63315/@vite/client (1045)
2026-10-05T22:56:51.2264477Z [2m10:56:51 PM[22m [31m[1m[vite][22m[39m [31mInternal server error: Failed to resolve import "../../../src/lib/api/media-usage-activation.js" from "parity/emdash/media-admin-editor/source/packages/admin/tests/components/settings/MediaUsageSettings.test.tsx". Does the file exist?[39m
2026-10-05T22:56:51.2265826Z   Plugin: [35mvite:import-analysis[39m
2026-10-05T22:56:51.2266785Z   File: [36m/home/runner/work/cms/cms/parity/emdash/media-admin-editor/source/packages/admin/tests/components/settings/MediaUsageSettings.test.tsx[39m:42:17
2026-10-05T22:56:51.2268043Z [33m  39 |  var _jsxFileName = "/home/runner/work/cms/cms/parity/emdash/media-admin-editor/source/packages/admin/tests/components...
2026-10-05T22:56:51.2268965Z   40 |  
2026-10-05T22:56:51.2269899Z   41 |  ..."__vitest_browser_runner__"].wrapDynamicImport(() => import("../../../src/lib/api/media-usage-activation.js"));
2026-10-05T22:56:51.2270973Z      |                                                                 ^
2026-10-05T22:56:51.2272140Z   42 |  const { MediaUsageSettings } = await globalThis["__vitest_browser_runner__"].wrapDynamicImport(() => import("../../.....
2026-10-05T22:56:51.2274146Z   43 |  const DRAIN_ACKNOWLEDGEMENT = "I’ve completed these steps and understand tracking can’t be turned off.";[39m
2026-10-05T22:56:51.2275388Z       at TransformPluginContext._formatLog (file:///home/runner/work/cms/cms/node_modules/.pnpm/vite@8.3.2_@types+node@24.19.0_esbuild@0.28.1_jiti@2.7.0/node_modules/vite/dist/node/chunks/node.js:8766:39)
2026-10-05T22:56:51.2276810Z       at TransformPluginContext.error (file:///home/runner/work/cms/cms/node_modules/.pnpm/vite@8.3.2_@types+node@24.19.0_esbuild@0.28.1_jiti@2.7.0/node_modules/vite/dist/node/chunks/node.js:8763:14)
2026-10-05T22:56:51.2278519Z       at normalizeUrl (file:///home/runner/work/cms/cms/node_modules/.pnpm/vite@8.3.2_@types+node@24.19.0_esbuild@0.28.1_jiti@2.7.0/node_modules/vite/dist/node/chunks/node.js:26423:18)
2026-10-05T22:56:51.2280771Z       at file:///home/runner/work/cms/cms/node_modules/.pnpm/vite@8.3.2_@types+node@24.19.0_esbuild@0.28.1_jiti@2.7.0/node_modules/vite/dist/node/chunks/node.js:26493:30
2026-10-05T22:56:51.2282030Z       at async Promise.all (index 7)
2026-10-05T22:56:51.2283641Z       at TransformPluginContext.transform (file:///home/runner/work/cms/cms/node_modules/.pnpm/vite@8.3.2_@types+node@24.19.0_esbuild@0.28.1_jiti@2.7.0/node_modules/vite/dist/node/chunks/node.js:26459:4)
2026-10-05T22:56:51.2561983Z       at EnvironmentPluginContainer.transform (file:///home/runner/work/cms/cms/node_modules/.pnpm/vite@8.3.2_@types+node@24.19.0_esbuild@0.28.1_jiti@2.7.0/node_modules/vite/dist/node/chunks/node.js:8545:14)
2026-10-05T22:56:51.2564491Z       at loadAndTransform (file:///home/runner/work/cms/cms/node_modules/.pnpm/vite@8.3.2_@types+node@24.19.0_esbuild@0.28.1_jiti@2.7.0/node_modules/vite/dist/node/chunks/node.js:19988:26)
2026-10-05T22:56:51.2567116Z  [31m❯[39m [30m[43m chromium [49m[39m parity/emdash/media-admin-editor/source/packages/admin/tests/components/settings/MediaUsageSettings.test.tsx [2m([22m[2m0 test[22m[2m)[22m
2026-10-05T22:56:51.2610846Z 
2026-10-05T22:56:51.2611526Z [31m⎯⎯⎯⎯⎯⎯[39m[1m[41m Failed Suites 1 [49m[22m[31m⎯⎯⎯⎯⎯⎯⎯[39m
2026-10-05T22:56:51.2612107Z 
2026-10-05T22:56:51.2617655Z [41m[1m FAIL [22m[49m [30m[43m chromium [49m[39m parity/emdash/media-admin-editor/source/packages/admin/tests/components/settings/MediaUsageSettings.test.tsx[2m [ parity/emdash/media-admin-editor/source/packages/admin/tests/components/settings/MediaUsageSettings.test.tsx ][22m
2026-10-05T22:56:51.2634062Z [31m[1mError[22m: Failed to import test file /home/runner/work/cms/cms/parity/emdash/media-admin-editor/source/packages/admin/tests/components/settings/MediaUsageSettings.test.tsx[39m
2026-10-05T22:56:51.2635449Z 
2026-10-05T22:56:51.2638539Z [31m[1mCaused by: TypeError[22m: Failed to fetch dynamically imported module: http://localhost:63315/home/runner/work/cms/cms/parity/emdash/media-admin-editor/source/packages/admin/tests/components/settings/MediaUsageSettings.test.tsx?import&browserv=1791241011181[39m
2026-10-05T22:56:51.2641169Z [2m Test Files [22m [1m[31m1 failed[39m[22m[90m (1)[39m
2026-10-05T22:56:51.2642456Z [31m[2m⎯⎯⎯⎯⎯⎯⎯⎯⎯⎯⎯⎯⎯⎯⎯⎯⎯⎯⎯⎯⎯⎯⎯⎯[1/1]⎯[22m[39m
2026-10-05T22:56:51.2643205Z [2m      Tests [22m [2mno tests[22m
2026-10-05T22:56:51.2643873Z 
2026-10-05T22:56:51.2644227Z [2m   Start at [22m 22:56:48
2026-10-05T22:56:51.2645781Z [2m   Duration [22m 2.53s[2m (transform 0ms, setup 168ms, import 0ms, tests 0ms, environment 0ms)[22m
2026-10-05T22:56:51.2646707Z 
2026-10-05T22:56:51.2647572Z JSON report written to /home/runner/work/cms/cms/media-source-results.json
2026-10-05T22:56:51.2707328Z 2026-10-05T22:56:51.270Z pw:browser [pid=2987][err] [1005/225651.267902:INFO:CONSOLE:1080] "[vite] server connection lost. Polling for restart...", source: http://localhost:63315/@vite/client (1080)
2026-10-05T22:56:51.2733938Z 2026-10-05T22:56:51.272Z pw:browser [pid=2987][err] [1005/225651.272572:INFO:CONSOLE:1211] "[vite] server connection lost. Polling for restart...", source: http://localhost:63315/__vitest_browser__/tester-BJtsJFpD.js (1211)
2026-10-05T22:56:51.2864650Z 2026-10-05T22:56:51.286Z pw:browser [pid=2987] <gracefully close start>
2026-10-05T22:56:51.3035997Z 2026-10-05T22:56:51.303Z pw:browser [pid=2987] <process did exit: exitCode=0, signal=null>
2026-10-05T22:56:51.3037357Z 2026-10-05T22:56:51.303Z pw:browser [pid=2987] starting temporary directories cleanup
2026-10-05T22:56:51.3074973Z 2026-10-05T22:56:51.307Z pw:browser [pid=2987] finished temporary directories cleanup
2026-10-05T22:56:51.3075687Z 2026-10-05T22:56:51.307Z pw:browser [pid=2987] <gracefully close end>
2026-10-05T22:56:51.3793272Z [ELIFECYCLE] Command failed with exit code 1.
2026-10-05T22:56:51.3826886Z ##[error]Process completed with exit code 1.
2026-10-05T22:56:51.3918445Z ##[group]Run actions/upload-artifact@v4
2026-10-05T22:56:51.3919063Z with:
2026-10-05T22:56:51.3919305Z   name: media-source-settings
2026-10-05T22:56:51.3919620Z   path: media-source-results.json
2026-10-05T22:56:51.3919913Z   retention-days: 14
2026-10-05T22:56:51.3920165Z   if-no-files-found: warn
2026-10-05T22:56:51.3920425Z   compression-level: 6
2026-10-05T22:56:51.3920682Z   overwrite: false
2026-10-05T22:56:51.3920948Z   include-hidden-files: false
2026-10-05T22:56:51.3921215Z env:
2026-10-05T22:56:51.3921486Z   PNPM_HOME: /home/runner/setup-pnpm/node_modules/.bin
2026-10-05T22:56:51.3921839Z ##[endgroup]
2026-10-05T22:56:51.5782686Z (node:3058) [DEP0040] DeprecationWarning: The `punycode` module is deprecated. Please use a userland alternative instead.
2026-10-05T22:56:51.5783741Z (Use `node --trace-deprecation ...` to show where the warning was created)
2026-10-05T22:56:51.5834698Z With the provided path, there will be 1 file uploaded
2026-10-05T22:56:51.5847016Z Artifact name is valid!
2026-10-05T22:56:51.5851105Z Root directory input is valid!
2026-10-05T22:56:51.9905076Z Beginning upload of artifact content to blob storage
2026-10-05T22:56:52.0097135Z (node:3058) [DEP0169] DeprecationWarning: `url.parse()` behavior is not standardized and prone to errors that have security implications. Use the WHATWG URL API instead. CVEs are not issued for `url.parse()` vulnerabilities.
2026-10-05T22:56:52.2859501Z Uploaded bytes 522
2026-10-05T22:56:52.3591288Z Finished uploading artifact content to blob storage!
2026-10-05T22:56:52.3592188Z SHA256 digest of uploaded artifact zip is 50d17fc561688b38ac63886cc143857ed5e8898dab8cacb58c6ea818588bc811
2026-10-05T22:56:52.3594244Z Finalizing artifact upload
2026-10-05T22:56:52.6325565Z Artifact media-source-settings.zip successfully finalized. Artifact ID 11378461012
2026-10-05T22:56:52.6327025Z Artifact media-source-settings has been successfully uploaded! Final size is 522 bytes. Artifact ID is 11378461012
2026-10-05T22:56:52.6333414Z Artifact download URL: https://github.com/sveltery/cms/actions/runs/37385528464/artifacts/11378461012
2026-10-05T22:56:52.6617786Z Post job cleanup.
2026-10-05T22:56:52.8177039Z Pruning is unnecessary.
2026-10-05T22:56:52.9607205Z Post job cleanup.
2026-10-05T22:56:53.0518520Z [command]/usr/bin/git version
2026-10-05T22:56:53.0565935Z git version 2.55.0
2026-10-05T22:56:53.0611329Z Temporarily overriding HOME='/home/runner/work/_temp/32e9d714-1f6a-4d13-a483-0a15b12ac57c' before making global git config changes
2026-10-05T22:56:53.0613253Z Adding repository directory to the temporary git global config as a safe directory
2026-10-05T22:56:53.0617368Z [command]/usr/bin/git config --global --add safe.directory /home/runner/work/cms/cms
2026-10-05T22:56:53.1147069Z [command]/usr/bin/git config --local --name-only --get-regexp core\.sshCommand
2026-10-05T22:56:53.1206111Z [command]/usr/bin/git submodule foreach --recursive sh -c "git config --local --name-only --get-regexp 'core\.sshCommand' && git config --local --unset-all 'core.sshCommand' || :"
2026-10-05T22:56:53.2088452Z [command]/usr/bin/git config --local --name-only --get-regexp http\.https\:\/\/github\.com\/\.extraheader
2026-10-05T22:56:53.2121956Z http.https://github.com/.extraheader
2026-10-05T22:56:53.2133783Z [command]/usr/bin/git config --local --unset-all http.https://github.com/.extraheader
2026-10-05T22:56:53.2567615Z [command]/usr/bin/git submodule foreach --recursive sh -c "git config --local --name-only --get-regexp 'http\.https\:\/\/github\.com\/\.extraheader' && git config --local --unset-all 'http.https://github.com/.extraheader' || :"
2026-10-05T22:56:53.2831705Z [command]/usr/bin/git config --local --name-only --get-regexp ^includeIf\.gitdir:
2026-10-05T22:56:53.2871726Z [command]/usr/bin/git submodule foreach --recursive git config --local --show-origin --name-only --get-regexp remote.origin.url
2026-10-05T22:56:53.3831683Z Cleaning up orphan processes
2026-10-05T22:56:53.4192561Z ##[warning]Node.js 20 is deprecated. The following actions target Node.js 20 but are being forced to run on Node.js 24: actions/checkout@v4, actions/setup-node@v4, actions/upload-artifact@v4, pnpm/action-setup@v4. For more information see: https://github.blog/changelog/2025-09-19-deprecation-of-node-20-on-github-actions-runners/
