2026-10-05T22:56:00.9466845Z Current runner version: '2.337.0'
2026-10-05T22:56:00.9488609Z ##[group]Runner Image Provisioner
2026-10-05T22:56:00.9489414Z Hosted Compute Agent
2026-10-05T22:56:00.9489913Z Version: 20260901.588
2026-10-05T22:56:00.9490512Z Commit: f88ec8081b781fac6c440065ac7ff9e710ce3d0b
2026-10-05T22:56:00.9491144Z Build Date: 2026-09-01T19:56:44Z
2026-10-05T22:56:00.9491761Z Worker ID: {5adfccec-96d3-4ed9-b0fb-f7b9c47469b6}
2026-10-05T22:56:00.9492449Z Azure Region: eastus
2026-10-05T22:56:00.9492948Z ##[endgroup]
2026-10-05T22:56:00.9494473Z ##[group]Operating System
2026-10-05T22:56:00.9495022Z Ubuntu
2026-10-05T22:56:00.9495495Z 22.04.5
2026-10-05T22:56:00.9495995Z LTS
2026-10-05T22:56:00.9496451Z ##[endgroup]
2026-10-05T22:56:00.9496907Z ##[group]Runner Image
2026-10-05T22:56:00.9497481Z Image: ubuntu-22.04
2026-10-05T22:56:00.9498282Z Version: 20260927.309.1
2026-10-05T22:56:00.9499410Z Included Software: https://github.com/actions/runner-images/blob/ubuntu22/20260927.309/images/ubuntu/Ubuntu2204-Readme.md
2026-10-05T22:56:00.9500659Z Image Release: https://github.com/actions/runner-images/releases/tag/ubuntu22%2F20260927.309
2026-10-05T22:56:00.9501590Z ##[endgroup]
2026-10-05T22:56:00.9502460Z ##[group]GITHUB_TOKEN Permissions
2026-10-05T22:56:00.9504351Z Contents: read
2026-10-05T22:56:00.9504865Z Metadata: read
2026-10-05T22:56:00.9505481Z ##[endgroup]
2026-10-05T22:56:00.9507163Z Secret source: Actions
2026-10-05T22:56:00.9508392Z Cache mode: write
2026-10-05T22:56:00.9509477Z Prepare workflow directory
2026-10-05T22:56:00.9770717Z Prepare all required actions
2026-10-05T22:56:00.9809182Z Getting action download info
2026-10-05T22:56:01.1866524Z Download action repository 'actions/checkout@v4' (SHA:11d5960a326750d5838078e36cf38b85af677262)
2026-10-05T22:56:01.2737245Z Download action repository 'pnpm/action-setup@v4' (SHA:b906affcce14559ad1aafd4ab0e942779e9f58b1)
2026-10-05T22:56:01.5063189Z Download action repository 'actions/setup-node@v4' (SHA:49933ea5288caeca8642d1e84afbd3f7d6820020)
2026-10-05T22:56:01.7349616Z Download action repository 'actions/upload-artifact@v4' (SHA:ea165f8d65b6e75b540449e92b4886f43607fa02)
2026-10-05T22:56:02.0704537Z Complete job name: media-admin-editor-source (library)
2026-10-05T22:56:02.1353798Z ##[group]Run actions/checkout@v4
2026-10-05T22:56:02.1354799Z with:
2026-10-05T22:56:02.1355308Z   repository: sveltery/cms
2026-10-05T22:56:02.1359289Z   token: ***
2026-10-05T22:56:02.1359829Z   ssh-strict: true
2026-10-05T22:56:02.1360331Z   ssh-user: git
2026-10-05T22:56:02.1360976Z   persist-credentials: true
2026-10-05T22:56:02.1361515Z   clean: true
2026-10-05T22:56:02.1362050Z   sparse-checkout-cone-mode: true
2026-10-05T22:56:02.1362666Z   fetch-depth: 1
2026-10-05T22:56:02.1363158Z   fetch-tags: false
2026-10-05T22:56:02.1363707Z   show-progress: true
2026-10-05T22:56:02.1364206Z   lfs: false
2026-10-05T22:56:02.1364666Z   submodules: false
2026-10-05T22:56:02.1365245Z   set-safe-directory: true
2026-10-05T22:56:02.1365786Z   allow-unsafe-pr-checkout: false
2026-10-05T22:56:02.1366762Z ##[endgroup]
2026-10-05T22:56:02.2234537Z Syncing repository: sveltery/cms
2026-10-05T22:56:02.2236733Z ##[group]Getting Git version info
2026-10-05T22:56:02.2237628Z Working directory is '/home/runner/work/cms/cms'
2026-10-05T22:56:02.2239063Z [command]/usr/bin/git version
2026-10-05T22:56:02.2285357Z git version 2.55.0
2026-10-05T22:56:02.2305043Z ##[endgroup]
2026-10-05T22:56:02.2317888Z Temporarily overriding HOME='/home/runner/work/_temp/144d5f37-b907-42ad-bc03-3128b4015f33' before making global git config changes
2026-10-05T22:56:02.2320430Z Adding repository directory to the temporary git global config as a safe directory
2026-10-05T22:56:02.2323202Z [command]/usr/bin/git config --global --add safe.directory /home/runner/work/cms/cms
2026-10-05T22:56:02.2359238Z Deleting the contents of '/home/runner/work/cms/cms'
2026-10-05T22:56:02.2366315Z ##[group]Initializing the repository
2026-10-05T22:56:02.2368239Z [command]/usr/bin/git init /home/runner/work/cms/cms
2026-10-05T22:56:02.2434807Z hint: Using 'master' as the name for the initial branch. This default branch name
2026-10-05T22:56:02.2436884Z hint: will change to "main" in Git 3.0. To configure the initial branch name
2026-10-05T22:56:02.2438583Z hint: to use in all of your new repositories, which will suppress this warning,
2026-10-05T22:56:02.2439843Z hint: call:
2026-10-05T22:56:02.2440602Z hint:
2026-10-05T22:56:02.2441472Z hint: 	git config --global init.defaultBranch <name>
2026-10-05T22:56:02.2442578Z hint:
2026-10-05T22:56:02.2443524Z hint: Names commonly chosen instead of 'master' are 'main', 'trunk' and
2026-10-05T22:56:02.2444937Z hint: 'development'. The just-created branch can be renamed via this command:
2026-10-05T22:56:02.2446238Z hint:
2026-10-05T22:56:02.2447005Z hint: 	git branch -m <name>
2026-10-05T22:56:02.2447896Z hint:
2026-10-05T22:56:02.2449053Z hint: Disable this message with "git config set advice.defaultBranchName false"
2026-10-05T22:56:02.2450448Z Initialized empty Git repository in /home/runner/work/cms/cms/.git/
2026-10-05T22:56:02.2452968Z [command]/usr/bin/git remote add origin https://github.com/sveltery/cms
2026-10-05T22:56:02.2481933Z ##[endgroup]
2026-10-05T22:56:02.2483431Z ##[group]Disabling automatic garbage collection
2026-10-05T22:56:02.2485640Z [command]/usr/bin/git config --local gc.auto 0
2026-10-05T22:56:02.2521208Z ##[endgroup]
2026-10-05T22:56:02.2522135Z ##[group]Setting up auth
2026-10-05T22:56:02.2522886Z [command]/usr/bin/git config --local --name-only --get-regexp core\.sshCommand
2026-10-05T22:56:02.2551332Z [command]/usr/bin/git submodule foreach --recursive sh -c "git config --local --name-only --get-regexp 'core\.sshCommand' && git config --local --unset-all 'core.sshCommand' || :"
2026-10-05T22:56:02.4124041Z [command]/usr/bin/git config --local --name-only --get-regexp http\.https\:\/\/github\.com\/\.extraheader
2026-10-05T22:56:02.4158910Z [command]/usr/bin/git submodule foreach --recursive sh -c "git config --local --name-only --get-regexp 'http\.https\:\/\/github\.com\/\.extraheader' && git config --local --unset-all 'http.https://github.com/.extraheader' || :"
2026-10-05T22:56:02.4406415Z [command]/usr/bin/git config --local --name-only --get-regexp ^includeIf\.gitdir:
2026-10-05T22:56:02.4439010Z [command]/usr/bin/git submodule foreach --recursive git config --local --show-origin --name-only --get-regexp remote.origin.url
2026-10-05T22:56:02.4653324Z [command]/usr/bin/git config --local http.https://github.com/.extraheader AUTHORIZATION: basic ***
2026-10-05T22:56:02.4691262Z ##[endgroup]
2026-10-05T22:56:02.4692585Z ##[group]Fetching the repository
2026-10-05T22:56:02.4697856Z [command]/usr/bin/git -c protocol.version=2 fetch --no-tags --prune --no-recurse-submodules --depth=1 origin +bf59cb6c427683340350d8446fc8538476a52ffa:refs/remotes/pull/120/merge
2026-10-05T22:56:03.6628312Z From https://github.com/sveltery/cms
2026-10-05T22:56:03.6629305Z  * [new ref]         bf59cb6c427683340350d8446fc8538476a52ffa -> pull/120/merge
2026-10-05T22:56:03.6631201Z ##[endgroup]
2026-10-05T22:56:03.6631646Z ##[group]Determining the checkout info
2026-10-05T22:56:03.6633984Z ##[endgroup]
2026-10-05T22:56:03.6639955Z [command]/usr/bin/git sparse-checkout disable
2026-10-05T22:56:03.6683359Z [command]/usr/bin/git config --local --unset-all extensions.worktreeConfig
2026-10-05T22:56:03.6716857Z ##[group]Checking out the ref
2026-10-05T22:56:03.6720462Z [command]/usr/bin/git checkout --progress --force refs/remotes/pull/120/merge
2026-10-05T22:56:04.0302488Z Note: switching to 'refs/remotes/pull/120/merge'.
2026-10-05T22:56:04.0302924Z 
2026-10-05T22:56:04.0303246Z You are in 'detached HEAD' state. You can look around, make experimental
2026-10-05T22:56:04.0309230Z changes and commit them, and you can discard any commits you make in this
2026-10-05T22:56:04.0309993Z state without impacting any branches by switching back to a branch.
2026-10-05T22:56:04.0310461Z 
2026-10-05T22:56:04.0310758Z If you want to create a new branch to retain commits you create, you may
2026-10-05T22:56:04.0311296Z do so (now or later) by using -c with the switch command. Example:
2026-10-05T22:56:04.0312069Z 
2026-10-05T22:56:04.0312206Z   git switch -c <new-branch-name>
2026-10-05T22:56:04.0312541Z 
2026-10-05T22:56:04.0312882Z Or undo this operation with:
2026-10-05T22:56:04.0313122Z 
2026-10-05T22:56:04.0313244Z   git switch -
2026-10-05T22:56:04.0313430Z 
2026-10-05T22:56:04.0313715Z Turn off this advice by setting config variable advice.detachedHead to false
2026-10-05T22:56:04.0314142Z 
2026-10-05T22:56:04.0314619Z HEAD is now at bf59cb6 Merge c73698dcba0f938d26e6fa1d60457dcfa2609fac into 99c659f67a2117f9e523f1231f0f44d207713396
2026-10-05T22:56:04.0321648Z ##[endgroup]
2026-10-05T22:56:04.0364349Z [command]/usr/bin/git log -1 --format=%H
2026-10-05T22:56:04.0391005Z bf59cb6c427683340350d8446fc8538476a52ffa
2026-10-05T22:56:04.0598829Z ##[group]Run pnpm/action-setup@v4
2026-10-05T22:56:04.0599083Z with:
2026-10-05T22:56:04.0599257Z   version: 12.6.0
2026-10-05T22:56:04.0599432Z   dest: ~/setup-pnpm
2026-10-05T22:56:04.0599608Z   run_install: null
2026-10-05T22:56:04.0599789Z   cache: false
2026-10-05T22:56:04.0599968Z   cache_dependency_path: pnpm-lock.yaml
2026-10-05T22:56:04.0600233Z   package_json_file: package.json
2026-10-05T22:56:04.0600444Z   standalone: false
2026-10-05T22:56:04.0600617Z ##[endgroup]
2026-10-05T22:56:04.1807849Z ##[group]Running self-installer...
2026-10-05T22:56:04.5274354Z (node:1927) [DEP0169] DeprecationWarning: `url.parse()` behavior is not standardized and prone to errors that have security implications. Use the WHATWG URL API instead. CVEs are not issued for `url.parse()` vulnerabilities.
2026-10-05T22:56:04.5275160Z (Use `node --trace-deprecation ...` to show where the warning was created)
2026-10-05T22:56:04.6536858Z Progress: resolved 1, reused 0, downloaded 0, added 0
2026-10-05T22:56:04.7899212Z Packages: +3
2026-10-05T22:56:04.7899681Z +++
2026-10-05T22:56:05.3622317Z Progress: resolved 15, reused 0, downloaded 3, added 3, done
2026-10-05T22:56:05.3752290Z .../.pnpm/pnpm@12.6.0/node_modules/pnpm preinstall$ node install.js
2026-10-05T22:56:05.7382827Z .../.pnpm/pnpm@12.6.0/node_modules/pnpm preinstall: Done
2026-10-05T22:56:05.7387619Z .../.pnpm/pnpm@12.6.0/node_modules/pnpm postinstall$ node install.js
2026-10-05T22:56:05.7817151Z .../.pnpm/pnpm@12.6.0/node_modules/pnpm postinstall: Done
2026-10-05T22:56:06.9341622Z 
2026-10-05T22:56:06.9342137Z dependencies:
2026-10-05T22:56:06.9342472Z + pnpm 12.6.0 (12.9.1 is available)
2026-10-05T22:56:06.9342684Z 
2026-10-05T22:56:06.9359373Z Done in 2.5s
2026-10-05T22:56:06.9950841Z ##[endgroup]
2026-10-05T22:56:06.9951176Z Installation Completed!
2026-10-05T22:56:07.0108637Z ##[group]Run actions/setup-node@v4
2026-10-05T22:56:07.0108890Z with:
2026-10-05T22:56:07.0109064Z   node-version: 24
2026-10-05T22:56:07.0109238Z   cache: pnpm
2026-10-05T22:56:07.0109403Z   always-auth: false
2026-10-05T22:56:07.0109577Z   check-latest: false
2026-10-05T22:56:07.0111739Z   token: ***
2026-10-05T22:56:07.0111905Z env:
2026-10-05T22:56:07.0112140Z   PNPM_HOME: /home/runner/setup-pnpm/node_modules/.bin
2026-10-05T22:56:07.0112416Z ##[endgroup]
2026-10-05T22:56:07.1317690Z Found in cache @ /opt/hostedtoolcache/node/24.21.0/x64
2026-10-05T22:56:07.1320571Z (node:1958) [DEP0040] DeprecationWarning: The `punycode` module is deprecated. Please use a userland alternative instead.
2026-10-05T22:56:07.1321142Z (Use `node --trace-deprecation ...` to show where the warning was created)
2026-10-05T22:56:07.1323264Z ##[group]Environment details
2026-10-05T22:56:07.3984256Z node: v24.21.0
2026-10-05T22:56:07.3984474Z npm: 11.19.0
2026-10-05T22:56:07.3984642Z yarn: 1.22.22
2026-10-05T22:56:07.3985224Z ##[endgroup]
2026-10-05T22:56:07.4005825Z [command]/home/runner/setup-pnpm/node_modules/.bin/pnpm store path --silent
2026-10-05T22:56:07.4187206Z /home/runner/setup-pnpm/node_modules/.bin/store/v11
2026-10-05T22:56:07.4939051Z Cache hit for: node-cache-Linux-x64-pnpm-cb01908ec0d0a45d9eb29e44f56e05364983ff2ce958acc694c939d2835b5d56
2026-10-05T22:56:07.5027711Z (node:1958) [DEP0169] DeprecationWarning: `url.parse()` behavior is not standardized and prone to errors that have security implications. Use the WHATWG URL API instead. CVEs are not issued for `url.parse()` vulnerabilities.
2026-10-05T22:56:08.3247887Z Received 174062786 of 174062786 (100.0%), 212.3 MBs/sec
2026-10-05T22:56:08.3248878Z Cache Size: ~166 MB (174062786 B)
2026-10-05T22:56:08.3274542Z [command]/usr/bin/tar -xf /home/runner/work/_temp/038c7bc5-b753-443c-887d-a6ea9539e596/cache.tzst -P -C /home/runner/work/cms/cms --use-compress-program unzstd
2026-10-05T22:56:09.8593514Z Cache restored successfully
2026-10-05T22:56:09.8922663Z Cache restored from key: node-cache-Linux-x64-pnpm-cb01908ec0d0a45d9eb29e44f56e05364983ff2ce958acc694c939d2835b5d56
2026-10-05T22:56:09.9191803Z ##[group]Run pnpm install --frozen-lockfile
2026-10-05T22:56:09.9192165Z [36;1mpnpm install --frozen-lockfile[0m
2026-10-05T22:56:10.0049796Z shell: /usr/bin/bash -e {0}
2026-10-05T22:56:10.0050037Z env:
2026-10-05T22:56:10.0050280Z   PNPM_HOME: /home/runner/setup-pnpm/node_modules/.bin
2026-10-05T22:56:10.0050561Z ##[endgroup]
2026-10-05T22:56:10.0564567Z ? Verifying lockfile against supply-chain policies (534 entries)...
2026-10-05T22:56:10.2664676Z Packages are hard linked from the content-addressable store to the virtual store.
2026-10-05T22:56:10.2665554Z   Content-addressable store is at: /home/runner/setup-pnpm/node_modules/.bin/store/v11
2026-10-05T22:56:10.2666105Z   Virtual store is at:             node_modules/.pnpm
2026-10-05T22:56:12.4705554Z ✓ Lockfile passes supply-chain policies (534 entries in 2.4s)
2026-10-05T22:56:12.4706161Z Lockfile is up to date, resolution step is skipped
2026-10-05T22:56:12.4767257Z Packages: +403
2026-10-05T22:56:12.4767898Z ++++++++++++++++++++++++++++++++++++++++++++++++++++++++++++++++++++++++++++++++
2026-10-05T22:56:12.5297507Z Progress: resolved 403, reused 403, downloaded 0, added 403, done
2026-10-05T22:56:12.7035769Z . prepare$ svelte-kit sync
2026-10-05T22:56:13.4728858Z . prepare: Done
2026-10-05T22:56:13.4738128Z 
2026-10-05T22:56:13.4738391Z dependencies:
2026-10-05T22:56:13.4738743Z + @oslojs/crypto 1.0.1
2026-10-05T22:56:13.4739070Z + @oslojs/encoding 1.1.0
2026-10-05T22:56:13.4739407Z + @oslojs/webauthn 1.0.0
2026-10-05T22:56:13.4739778Z + @wordpress/block-serialization-default-parser 5.38.0
2026-10-05T22:56:13.4740056Z + blurhash 2.0.5
2026-10-05T22:56:13.4740287Z + cn 0.2.2
2026-10-05T22:56:13.4740535Z + date-fns 4.1.0
2026-10-05T22:56:13.4740812Z + image-size 2.0.2
2026-10-05T22:56:13.4741073Z + jpeg-js 0.4.4
2026-10-05T22:56:13.4741352Z + jsonc-parser 3.3.1
2026-10-05T22:56:13.4741621Z + kysely 0.29.2
2026-10-05T22:56:13.4741874Z + mime 4.1.0
2026-10-05T22:56:13.4742108Z + parse5 7.3.0
2026-10-05T22:56:13.4742402Z + smol-toml 1.6.0
2026-10-05T22:56:13.4742716Z + ulidx 2.4.1
2026-10-05T22:56:13.4742953Z + upng-js 2.1.0
2026-10-05T22:56:13.4743189Z + valibot 1.5.0
2026-10-05T22:56:13.4743442Z + zod 4.5.4
2026-10-05T22:56:13.4743575Z 
2026-10-05T22:56:13.4743752Z devDependencies:
2026-10-05T22:56:13.4744026Z + @babel/core 7.29.7
2026-10-05T22:56:13.4744340Z + @cloudflare/kumo 2.6.0
2026-10-05T22:56:13.4744693Z + @cloudflare/workers-types 4.20260507.1
2026-10-05T22:56:13.4745053Z + @floating-ui/dom 1.8.0
2026-10-05T22:56:13.4745426Z + @lingui/babel-plugin-lingui-macro 5.9.5
2026-10-05T22:56:13.4745781Z + @lingui/conf 5.9.5
2026-10-05T22:56:13.4746063Z + @lingui/core 5.9.5
2026-10-05T22:56:13.4746338Z + @lingui/react 5.9.5
2026-10-05T22:56:13.4746648Z + @playwright/test 1.63.0
2026-10-05T22:56:13.4747010Z + @sveltejs/adapter-auto 7.0.1
2026-10-05T22:56:13.4747394Z + @sveltejs/adapter-cloudflare 7.2.9
2026-10-05T22:56:13.4754153Z + @sveltejs/adapter-node 5.5.7
2026-10-05T22:56:13.4754544Z + @sveltejs/kit 2.70.3
2026-10-05T22:56:13.4754949Z + @sveltejs/vite-plugin-svelte 7.3.1
2026-10-05T22:56:13.4755369Z + @tanstack/react-query 5.90.21
2026-10-05T22:56:13.4755762Z + @tanstack/react-router 1.163.2
2026-10-05T22:56:13.4756156Z + @testing-library/react 16.3.2
2026-10-05T22:56:13.4756488Z + @types/jsdom 30.0.0
2026-10-05T22:56:13.4757075Z + @types/node 24.19.0
2026-10-05T22:56:13.4757364Z + @types/react 19.3.0
2026-10-05T22:56:13.4757676Z + @types/react-dom 19.3.0
2026-10-05T22:56:13.4761545Z + @vitest/browser-playwright 4.1.10
2026-10-05T22:56:13.4761974Z + devalue 5.9.4
2026-10-05T22:56:13.4762253Z + jsdom 30.1.1
2026-10-05T22:56:13.4762530Z + miniflare 4.20260507.1
2026-10-05T22:56:13.4762831Z + pg 8.18.0
2026-10-05T22:56:13.4763073Z + react 19.3.0
2026-10-05T22:56:13.4763375Z + react-day-picker 9.14.0
2026-10-05T22:56:13.4763694Z + react-dom 19.3.0
2026-10-05T22:56:13.4763953Z + svelte 5.57.1
2026-10-05T22:56:13.4764239Z + svelte-check 4.7.6
2026-10-05T22:56:13.4764530Z + typescript 6.0.3
2026-10-05T22:56:13.4764794Z + vite 8.3.2
2026-10-05T22:56:13.4765345Z + vitest 4.1.10
2026-10-05T22:56:13.4765685Z + vitest-browser-react 2.2.0
2026-10-05T22:56:13.4766025Z + wrangler 4.99.0
2026-10-05T22:56:13.4766191Z 
2026-10-05T22:56:13.4766382Z Done in 3.4s using pnpm v12.6.0
2026-10-05T22:56:13.5067138Z ##[group]Run pnpm exec playwright install --with-deps chromium
2026-10-05T22:56:13.5067537Z [36;1mpnpm exec playwright install --with-deps chromium[0m
2026-10-05T22:56:13.5129538Z shell: /usr/bin/bash -e {0}
2026-10-05T22:56:13.5129753Z env:
2026-10-05T22:56:13.5129970Z   PNPM_HOME: /home/runner/setup-pnpm/node_modules/.bin
2026-10-05T22:56:13.5130228Z ##[endgroup]
2026-10-05T22:56:13.9193354Z Installing dependencies...
2026-10-05T22:56:13.9257528Z Switching to root user to install dependencies...
2026-10-05T22:56:14.0231019Z Get:1 file:/etc/apt/apt-mirrors.txt Mirrorlist [144 B]
2026-10-05T22:56:14.0546474Z Hit:2 http://azure.archive.ubuntu.com/ubuntu jammy InRelease
2026-10-05T22:56:14.0559002Z Get:3 http://azure.archive.ubuntu.com/ubuntu jammy-updates InRelease [128 kB]
2026-10-05T22:56:14.0572626Z Get:6 https://packages.microsoft.com/ubuntu/22.04/prod jammy InRelease [3632 B]
2026-10-05T22:56:14.0634175Z Get:4 http://azure.archive.ubuntu.com/ubuntu jammy-backports InRelease [127 kB]
2026-10-05T22:56:14.0657509Z Get:5 http://azure.archive.ubuntu.com/ubuntu jammy-security InRelease [129 kB]
2026-10-05T22:56:14.1826500Z Get:7 https://packages.microsoft.com/ubuntu/22.04/prod jammy/main arm64 Packages [551 kB]
2026-10-05T22:56:14.1990081Z Get:8 https://packages.microsoft.com/ubuntu/22.04/prod jammy/main amd64 Packages [797 kB]
2026-10-05T22:56:14.2577171Z Get:9 http://azure.archive.ubuntu.com/ubuntu jammy-updates/main amd64 Packages [3907 kB]
2026-10-05T22:56:14.2789758Z Get:10 http://azure.archive.ubuntu.com/ubuntu jammy-updates/main Translation-en [576 kB]
2026-10-05T22:56:14.2814385Z Get:11 http://azure.archive.ubuntu.com/ubuntu jammy-updates/restricted amd64 Packages [6714 kB]
2026-10-05T22:56:14.3100834Z Get:12 http://azure.archive.ubuntu.com/ubuntu jammy-updates/restricted Translation-en [1290 kB]
2026-10-05T22:56:14.3153273Z Get:13 http://azure.archive.ubuntu.com/ubuntu jammy-updates/universe amd64 Packages [1285 kB]
2026-10-05T22:56:14.3200458Z Get:14 http://azure.archive.ubuntu.com/ubuntu jammy-updates/universe Translation-en [325 kB]
2026-10-05T22:56:14.4107868Z Get:15 http://azure.archive.ubuntu.com/ubuntu jammy-security/main amd64 Packages [3631 kB]
2026-10-05T22:56:14.4265646Z Get:16 http://azure.archive.ubuntu.com/ubuntu jammy-security/main Translation-en [508 kB]
2026-10-05T22:56:14.4328986Z Get:17 http://azure.archive.ubuntu.com/ubuntu jammy-security/restricted amd64 Packages [6465 kB]
2026-10-05T22:56:14.4567249Z Get:18 http://azure.archive.ubuntu.com/ubuntu jammy-security/restricted Translation-en [1244 kB]
2026-10-05T22:56:14.5072359Z Get:19 http://azure.archive.ubuntu.com/ubuntu jammy-security/universe amd64 Packages [1052 kB]
2026-10-05T22:56:14.5124715Z Get:20 http://azure.archive.ubuntu.com/ubuntu jammy-security/universe Translation-en [237 kB]
2026-10-05T22:56:23.4392269Z Fetched 29.0 MB in 3s (10.5 MB/s)
2026-10-05T22:56:24.5623292Z Reading package lists...
2026-10-05T22:56:24.6189716Z Reading package lists...
2026-10-05T22:56:25.0179145Z Building dependency tree...
2026-10-05T22:56:25.0189859Z Reading state information...
2026-10-05T22:56:25.6088461Z fonts-liberation is already the newest version (1:1.07.4-11).
2026-10-05T22:56:25.6089155Z fonts-liberation set to manually installed.
2026-10-05T22:56:25.6094354Z libatk-bridge2.0-0 is already the newest version (2.38.0-3).
2026-10-05T22:56:25.6094941Z libatk-bridge2.0-0 set to manually installed.
2026-10-05T22:56:25.6095356Z libatk1.0-0 is already the newest version (2.36.0-3build1).
2026-10-05T22:56:25.6095732Z libatk1.0-0 set to manually installed.
2026-10-05T22:56:25.6096075Z libatspi2.0-0 is already the newest version (2.44.0-3).
2026-10-05T22:56:25.6096399Z libatspi2.0-0 set to manually installed.
2026-10-05T22:56:25.6096754Z libfontconfig1 is already the newest version (2.13.1-4.2ubuntu5).
2026-10-05T22:56:25.6097124Z libfontconfig1 set to manually installed.
2026-10-05T22:56:25.6097469Z libxcb1 is already the newest version (1.14-3ubuntu3).
2026-10-05T22:56:25.6097821Z libxcb1 set to manually installed.
2026-10-05T22:56:25.6099386Z libxcomposite1 is already the newest version (1:0.4.5-1build2).
2026-10-05T22:56:25.6099812Z libxcomposite1 set to manually installed.
2026-10-05T22:56:25.6100240Z libxdamage1 is already the newest version (1:1.1.5-2build2).
2026-10-05T22:56:25.6100622Z libxdamage1 set to manually installed.
2026-10-05T22:56:25.6100998Z libxext6 is already the newest version (2:1.3.4-1build1).
2026-10-05T22:56:25.6101331Z libxext6 set to manually installed.
2026-10-05T22:56:25.6101669Z libxfixes3 is already the newest version (1:6.0.0-1).
2026-10-05T22:56:25.6102002Z libxfixes3 set to manually installed.
2026-10-05T22:56:25.6102341Z libxkbcommon0 is already the newest version (1.4.0-1).
2026-10-05T22:56:25.6102674Z libxkbcommon0 set to manually installed.
2026-10-05T22:56:25.6103031Z libxrandr2 is already the newest version (2:1.5.2-1build1).
2026-10-05T22:56:25.6103395Z libxrandr2 set to manually installed.
2026-10-05T22:56:25.6103874Z fonts-noto-color-emoji is already the newest version (2.047-0ubuntu0.22.04.1).
2026-10-05T22:56:25.6104321Z libasound2 is already the newest version (1.2.6.1-1ubuntu1.2).
2026-10-05T22:56:25.6104667Z libasound2 set to manually installed.
2026-10-05T22:56:25.6105049Z libcairo2 is already the newest version (1.16.0-5ubuntu2.1).
2026-10-05T22:56:25.6105362Z libcairo2 set to manually installed.
2026-10-05T22:56:25.6105716Z libcups2 is already the newest version (2.4.1op1-1ubuntu4.21).
2026-10-05T22:56:25.6106062Z libcups2 set to manually installed.
2026-10-05T22:56:25.6106405Z libdbus-1-3 is already the newest version (1.12.20-2ubuntu4.1).
2026-10-05T22:56:25.6106727Z libdbus-1-3 set to manually installed.
2026-10-05T22:56:25.6107092Z libdrm2 is already the newest version (2.4.113-2~ubuntu0.22.04.1).
2026-10-05T22:56:25.6107468Z libdrm2 set to manually installed.
2026-10-05T22:56:25.6107830Z libfreetype6 is already the newest version (2.11.1+dfsg-1ubuntu0.3).
2026-10-05T22:56:25.6108463Z libfreetype6 set to manually installed.
2026-10-05T22:56:25.6108840Z libgbm1 is already the newest version (23.2.1-1ubuntu3.1~22.04.4).
2026-10-05T22:56:25.6109202Z libgbm1 set to manually installed.
2026-10-05T22:56:25.6109570Z libglib2.0-0 is already the newest version (2.72.4-0ubuntu2.10).
2026-10-05T22:56:25.6109944Z libglib2.0-0 set to manually installed.
2026-10-05T22:56:25.6110321Z libnspr4 is already the newest version (2:4.35-0ubuntu0.22.04.1).
2026-10-05T22:56:25.6110794Z libnss3 is already the newest version (2:3.98-0ubuntu0.22.04.4).
2026-10-05T22:56:25.6111439Z libpango-1.0-0 is already the newest version (1.50.6+ds-2ubuntu1).
2026-10-05T22:56:25.6111988Z libpango-1.0-0 set to manually installed.
2026-10-05T22:56:25.6112587Z libwayland-client0 is already the newest version (1.20.0-1ubuntu0.1).
2026-10-05T22:56:25.6113200Z libwayland-client0 set to manually installed.
2026-10-05T22:56:25.6113748Z libx11-6 is already the newest version (2:1.7.5-1ubuntu0.3).
2026-10-05T22:56:25.6114288Z libx11-6 set to manually installed.
2026-10-05T22:56:25.6114964Z xvfb is already the newest version (2:21.1.4-2ubuntu1.7~22.04.16).
2026-10-05T22:56:25.6115604Z The following additional packages will be installed:
2026-10-05T22:56:25.6116668Z   xfonts-encodings xfonts-utils
2026-10-05T22:56:25.6139929Z Recommended packages:
2026-10-05T22:56:25.6140250Z   fonts-ipafont-mincho fonts-tlwg-loma
2026-10-05T22:56:25.6592604Z The following NEW packages will be installed:
2026-10-05T22:56:25.6593436Z   fonts-freefont-ttf fonts-ipafont-gothic fonts-tlwg-loma-otf fonts-unifont
2026-10-05T22:56:25.6626611Z   fonts-wqy-zenhei xfonts-cyrillic xfonts-encodings xfonts-scalable
2026-10-05T22:56:25.6627027Z   xfonts-utils
2026-10-05T22:56:25.7085114Z 0 upgraded, 9 newly installed, 0 to remove and 20 not upgraded.
2026-10-05T22:56:25.7085631Z Need to get 18.4 MB of archives.
2026-10-05T22:56:25.7086208Z After this operation, 56.8 MB of additional disk space will be used.
2026-10-05T22:56:25.7086819Z Get:1 file:/etc/apt/apt-mirrors.txt Mirrorlist [144 B]
2026-10-05T22:56:25.8126011Z Get:2 http://azure.archive.ubuntu.com/ubuntu jammy/universe amd64 fonts-ipafont-gothic all 00303-21ubuntu1 [3513 kB]
2026-10-05T22:56:26.1048688Z Get:3 http://azure.archive.ubuntu.com/ubuntu jammy/main amd64 fonts-freefont-ttf all 20120503-10build1 [2388 kB]
2026-10-05T22:56:26.2142948Z Get:4 http://azure.archive.ubuntu.com/ubuntu jammy/universe amd64 fonts-tlwg-loma-otf all 1:0.7.3-1 [107 kB]
2026-10-05T22:56:26.2920273Z Get:5 http://azure.archive.ubuntu.com/ubuntu jammy/universe amd64 fonts-unifont all 1:14.0.01-1 [3551 kB]
2026-10-05T22:56:26.4590124Z Get:6 http://azure.archive.ubuntu.com/ubuntu jammy/universe amd64 fonts-wqy-zenhei all 0.9.45-8 [7472 kB]
2026-10-05T22:56:26.6977055Z Get:7 http://azure.archive.ubuntu.com/ubuntu jammy/main amd64 xfonts-encodings all 1:1.0.5-0ubuntu2 [578 kB]
2026-10-05T22:56:26.7904111Z Get:8 http://azure.archive.ubuntu.com/ubuntu jammy/main amd64 xfonts-utils amd64 1:7.7+6build2 [94.6 kB]
2026-10-05T22:56:26.8678919Z Get:9 http://azure.archive.ubuntu.com/ubuntu jammy/universe amd64 xfonts-cyrillic all 1:1.0.5 [386 kB]
2026-10-05T22:56:26.9475255Z Get:10 http://azure.archive.ubuntu.com/ubuntu jammy/main amd64 xfonts-scalable all 1:1.0.3-1.2ubuntu1 [306 kB]
2026-10-05T22:56:27.2187159Z Fetched 18.4 MB in 1s (14.6 MB/s)
2026-10-05T22:56:27.2638709Z Selecting previously unselected package fonts-ipafont-gothic.
2026-10-05T22:56:27.2882353Z (Reading database ... 
2026-10-05T22:56:27.2882993Z (Reading database ... 5%
2026-10-05T22:56:27.2883391Z (Reading database ... 10%
2026-10-05T22:56:27.2883755Z (Reading database ... 15%
2026-10-05T22:56:27.2884084Z (Reading database ... 20%
2026-10-05T22:56:27.2884349Z (Reading database ... 25%
2026-10-05T22:56:27.2884557Z (Reading database ... 30%
2026-10-05T22:56:27.2884749Z (Reading database ... 35%
2026-10-05T22:56:27.2884941Z (Reading database ... 40%
2026-10-05T22:56:27.2885141Z (Reading database ... 45%
2026-10-05T22:56:27.2885343Z (Reading database ... 50%
2026-10-05T22:56:27.3572752Z (Reading database ... 55%
2026-10-05T22:56:27.5620598Z (Reading database ... 60%
2026-10-05T22:56:27.8265831Z (Reading database ... 65%
2026-10-05T22:56:28.0235488Z (Reading database ... 70%
2026-10-05T22:56:28.2073467Z (Reading database ... 75%
2026-10-05T22:56:28.3907348Z (Reading database ... 80%
2026-10-05T22:56:28.5239431Z (Reading database ... 85%
2026-10-05T22:56:28.7540992Z (Reading database ... 90%
2026-10-05T22:56:28.9082208Z (Reading database ... 95%
2026-10-05T22:56:28.9082601Z (Reading database ... 100%
2026-10-05T22:56:28.9083095Z (Reading database ... 260411 files and directories currently installed.)
2026-10-05T22:56:28.9140436Z Preparing to unpack .../0-fonts-ipafont-gothic_00303-21ubuntu1_all.deb ...
2026-10-05T22:56:28.9540823Z Unpacking fonts-ipafont-gothic (00303-21ubuntu1) ...
2026-10-05T22:56:29.2234278Z Selecting previously unselected package fonts-freefont-ttf.
2026-10-05T22:56:29.2421574Z Preparing to unpack .../1-fonts-freefont-ttf_20120503-10build1_all.deb ...
2026-10-05T22:56:29.2426785Z Unpacking fonts-freefont-ttf (20120503-10build1) ...
2026-10-05T22:56:29.4195070Z Selecting previously unselected package fonts-tlwg-loma-otf.
2026-10-05T22:56:29.4376276Z Preparing to unpack .../2-fonts-tlwg-loma-otf_1%3a0.7.3-1_all.deb ...
2026-10-05T22:56:29.4381599Z Unpacking fonts-tlwg-loma-otf (1:0.7.3-1) ...
2026-10-05T22:56:29.4568658Z Selecting previously unselected package fonts-unifont.
2026-10-05T22:56:29.4750409Z Preparing to unpack .../3-fonts-unifont_1%3a14.0.01-1_all.deb ...
2026-10-05T22:56:29.4755657Z Unpacking fonts-unifont (1:14.0.01-1) ...
2026-10-05T22:56:29.6372415Z Selecting previously unselected package fonts-wqy-zenhei.
2026-10-05T22:56:29.6558290Z Preparing to unpack .../4-fonts-wqy-zenhei_0.9.45-8_all.deb ...
2026-10-05T22:56:29.6658867Z Unpacking fonts-wqy-zenhei (0.9.45-8) ...
2026-10-05T22:56:30.1501428Z Selecting previously unselected package xfonts-encodings.
2026-10-05T22:56:30.1685949Z Preparing to unpack .../5-xfonts-encodings_1%3a1.0.5-0ubuntu2_all.deb ...
2026-10-05T22:56:30.1691160Z Unpacking xfonts-encodings (1:1.0.5-0ubuntu2) ...
2026-10-05T22:56:30.2161560Z Selecting previously unselected package xfonts-utils.
2026-10-05T22:56:30.2340385Z Preparing to unpack .../6-xfonts-utils_1%3a7.7+6build2_amd64.deb ...
2026-10-05T22:56:30.2345172Z Unpacking xfonts-utils (1:7.7+6build2) ...
2026-10-05T22:56:30.2631925Z Selecting previously unselected package xfonts-cyrillic.
2026-10-05T22:56:30.2806280Z Preparing to unpack .../7-xfonts-cyrillic_1%3a1.0.5_all.deb ...
2026-10-05T22:56:30.2811546Z Unpacking xfonts-cyrillic (1:1.0.5) ...
2026-10-05T22:56:30.3229194Z Selecting previously unselected package xfonts-scalable.
2026-10-05T22:56:30.3408956Z Preparing to unpack .../8-xfonts-scalable_1%3a1.0.3-1.2ubuntu1_all.deb ...
2026-10-05T22:56:30.3414643Z Unpacking xfonts-scalable (1:1.0.3-1.2ubuntu1) ...
2026-10-05T22:56:30.3964205Z Setting up fonts-wqy-zenhei (0.9.45-8) ...
2026-10-05T22:56:30.4109341Z Setting up fonts-freefont-ttf (20120503-10build1) ...
2026-10-05T22:56:30.4125274Z Setting up fonts-tlwg-loma-otf (1:0.7.3-1) ...
2026-10-05T22:56:30.4139454Z Setting up xfonts-encodings (1:1.0.5-0ubuntu2) ...
2026-10-05T22:56:30.4153858Z Setting up fonts-ipafont-gothic (00303-21ubuntu1) ...
2026-10-05T22:56:30.4222660Z update-alternatives: using /usr/share/fonts/opentype/ipafont-gothic/ipag.ttf to provide /usr/share/fonts/truetype/fonts-japanese-gothic.ttf (fonts-japanese-gothic.ttf) in auto mode
2026-10-05T22:56:30.4239261Z Setting up fonts-unifont (1:14.0.01-1) ...
2026-10-05T22:56:30.4252468Z Setting up xfonts-utils (1:7.7+6build2) ...
2026-10-05T22:56:30.4285595Z Setting up xfonts-cyrillic (1:1.0.5) ...
2026-10-05T22:56:30.4592879Z Setting up xfonts-scalable (1:1.0.3-1.2ubuntu1) ...
2026-10-05T22:56:30.4841711Z Processing triggers for man-db (2.10.2-1) ...
2026-10-05T22:56:30.4858364Z Not building database; man-db/auto-update is not 'true'.
2026-10-05T22:56:30.4869144Z Processing triggers for fontconfig (2.13.1-4.2ubuntu5) ...
2026-10-05T22:56:31.1894401Z 
2026-10-05T22:56:31.1895469Z Running kernel seems to be up-to-date.
2026-10-05T22:56:31.1895708Z 
2026-10-05T22:56:31.1895865Z No services need to be restarted.
2026-10-05T22:56:31.1896021Z 
2026-10-05T22:56:31.1898538Z No containers need to be restarted.
2026-10-05T22:56:31.1898797Z 
2026-10-05T22:56:31.1899033Z No user sessions are running outdated binaries.
2026-10-05T22:56:31.1899313Z 
2026-10-05T22:56:31.1899632Z No VM guests are running outdated hypervisor (qemu) binaries on this host.
2026-10-05T22:56:32.4072924Z Downloading Chrome for Testing 153.0.8010.12 (playwright chromium v1243) from https://cdn.playwright.dev/builds/cft/153.0.8010.12/linux64/chrome-linux64.zip
2026-10-05T22:56:32.7276041Z |                                                                                |   0% of 186.8 MiB
2026-10-05T22:56:32.9070965Z |■■■■■■■■                                                                        |  10% of 186.8 MiB
2026-10-05T22:56:33.0007459Z |■■■■■■■■■■■■■■■■                                                                |  20% of 186.8 MiB
2026-10-05T22:56:33.0786244Z |■■■■■■■■■■■■■■■■■■■■■■■■                                                        |  30% of 186.8 MiB
2026-10-05T22:56:33.1366440Z |■■■■■■■■■■■■■■■■■■■■■■■■■■■■■■■■                                                |  40% of 186.8 MiB
2026-10-05T22:56:33.2849904Z |■■■■■■■■■■■■■■■■■■■■■■■■■■■■■■■■■■■■■■■■                                        |  50% of 186.8 MiB
2026-10-05T22:56:33.3521952Z |■■■■■■■■■■■■■■■■■■■■■■■■■■■■■■■■■■■■■■■■■■■■■■■■                                |  60% of 186.8 MiB
2026-10-05T22:56:33.4575014Z |■■■■■■■■■■■■■■■■■■■■■■■■■■■■■■■■■■■■■■■■■■■■■■■■■■■■■■■■                        |  70% of 186.8 MiB
2026-10-05T22:56:33.5927439Z |■■■■■■■■■■■■■■■■■■■■■■■■■■■■■■■■■■■■■■■■■■■■■■■■■■■■■■■■■■■■■■■■                |  80% of 186.8 MiB
2026-10-05T22:56:33.6791531Z |■■■■■■■■■■■■■■■■■■■■■■■■■■■■■■■■■■■■■■■■■■■■■■■■■■■■■■■■■■■■■■■■■■■■■■■■        |  90% of 186.8 MiB
2026-10-05T22:56:33.7562649Z |■■■■■■■■■■■■■■■■■■■■■■■■■■■■■■■■■■■■■■■■■■■■■■■■■■■■■■■■■■■■■■■■■■■■■■■■■■■■■■■■| 100% of 186.8 MiB
2026-10-05T22:56:36.4561917Z Chrome for Testing 153.0.8010.12 (playwright chromium v1243) downloaded to /home/runner/.cache/ms-playwright/chromium-1243
2026-10-05T22:56:36.4572524Z Downloading FFmpeg (playwright ffmpeg v1011) from https://cdn.playwright.dev/dbazure/download/playwright/builds/ffmpeg/1011/ffmpeg-linux.zip
2026-10-05T22:56:36.8617441Z |                                                                                |   0% of 2.3 MiB
2026-10-05T22:56:36.8648825Z |■■■■■■■■                                                                        |  10% of 2.3 MiB
2026-10-05T22:56:36.8663994Z |■■■■■■■■■■■■■■■■                                                                |  20% of 2.3 MiB
2026-10-05T22:56:36.8679076Z |■■■■■■■■■■■■■■■■■■■■■■■■                                                        |  30% of 2.3 MiB
2026-10-05T22:56:36.8692917Z |■■■■■■■■■■■■■■■■■■■■■■■■■■■■■■■■                                                |  40% of 2.3 MiB
2026-10-05T22:56:36.8709066Z |■■■■■■■■■■■■■■■■■■■■■■■■■■■■■■■■■■■■■■■■                                        |  50% of 2.3 MiB
2026-10-05T22:56:36.8717020Z |■■■■■■■■■■■■■■■■■■■■■■■■■■■■■■■■■■■■■■■■■■■■■■■■                                |  60% of 2.3 MiB
2026-10-05T22:56:36.8730517Z |■■■■■■■■■■■■■■■■■■■■■■■■■■■■■■■■■■■■■■■■■■■■■■■■■■■■■■■■                        |  70% of 2.3 MiB
2026-10-05T22:56:36.8748656Z |■■■■■■■■■■■■■■■■■■■■■■■■■■■■■■■■■■■■■■■■■■■■■■■■■■■■■■■■■■■■■■■■                |  80% of 2.3 MiB
2026-10-05T22:56:36.8762496Z |■■■■■■■■■■■■■■■■■■■■■■■■■■■■■■■■■■■■■■■■■■■■■■■■■■■■■■■■■■■■■■■■■■■■■■■■        |  90% of 2.3 MiB
2026-10-05T22:56:36.8764605Z |■■■■■■■■■■■■■■■■■■■■■■■■■■■■■■■■■■■■■■■■■■■■■■■■■■■■■■■■■■■■■■■■■■■■■■■■■■■■■■■■| 100% of 2.3 MiB
2026-10-05T22:56:36.9293845Z FFmpeg (playwright ffmpeg v1011) downloaded to /home/runner/.cache/ms-playwright/ffmpeg-1011
2026-10-05T22:56:36.9297214Z Downloading Chrome Headless Shell 153.0.8010.12 (playwright chromium-headless-shell v1243) from https://cdn.playwright.dev/builds/cft/153.0.8010.12/linux64/chrome-headless-shell-linux64.zip
2026-10-05T22:56:37.2458909Z |                                                                                |   0% of 114.3 MiB
2026-10-05T22:56:37.3460581Z |■■■■■■■■                                                                        |  10% of 114.3 MiB
2026-10-05T22:56:37.4150318Z |■■■■■■■■■■■■■■■■                                                                |  20% of 114.3 MiB
2026-10-05T22:56:37.4674521Z |■■■■■■■■■■■■■■■■■■■■■■■■                                                        |  30% of 114.3 MiB
2026-10-05T22:56:37.5153390Z |■■■■■■■■■■■■■■■■■■■■■■■■■■■■■■■■                                                |  40% of 114.3 MiB
2026-10-05T22:56:37.5715893Z |■■■■■■■■■■■■■■■■■■■■■■■■■■■■■■■■■■■■■■■■                                        |  50% of 114.3 MiB
2026-10-05T22:56:37.6111876Z |■■■■■■■■■■■■■■■■■■■■■■■■■■■■■■■■■■■■■■■■■■■■■■■■                                |  60% of 114.3 MiB
2026-10-05T22:56:37.6494157Z |■■■■■■■■■■■■■■■■■■■■■■■■■■■■■■■■■■■■■■■■■■■■■■■■■■■■■■■■                        |  70% of 114.3 MiB
2026-10-05T22:56:37.6993255Z |■■■■■■■■■■■■■■■■■■■■■■■■■■■■■■■■■■■■■■■■■■■■■■■■■■■■■■■■■■■■■■■■                |  80% of 114.3 MiB
2026-10-05T22:56:37.7344826Z |■■■■■■■■■■■■■■■■■■■■■■■■■■■■■■■■■■■■■■■■■■■■■■■■■■■■■■■■■■■■■■■■■■■■■■■■        |  90% of 114.3 MiB
2026-10-05T22:56:37.7805930Z |■■■■■■■■■■■■■■■■■■■■■■■■■■■■■■■■■■■■■■■■■■■■■■■■■■■■■■■■■■■■■■■■■■■■■■■■■■■■■■■■| 100% of 114.3 MiB
2026-10-05T22:56:39.4522186Z Chrome Headless Shell 153.0.8010.12 (playwright chromium-headless-shell v1243) downloaded to /home/runner/.cache/ms-playwright/chromium_headless_shell-1243
2026-10-05T22:56:39.4761386Z ##[group]Run pnpm test:media-admin-editor:browser --reporter=default --reporter=json --outputFile=media-source-results.json
2026-10-05T22:56:39.4762201Z [36;1mpnpm test:media-admin-editor:browser --reporter=default --reporter=json --outputFile=media-source-results.json[0m
2026-10-05T22:56:39.4824490Z shell: /usr/bin/bash -e {0}
2026-10-05T22:56:39.4824821Z env:
2026-10-05T22:56:39.4825250Z   PNPM_HOME: /home/runner/setup-pnpm/node_modules/.bin
2026-10-05T22:56:39.4825665Z   MEDIA_SOURCE_GROUP: library
2026-10-05T22:56:39.4826025Z   DEBUG: pw:browser
2026-10-05T22:56:39.4826363Z ##[endgroup]
2026-10-05T22:56:39.5073495Z $ node scripts/check-media-admin-editor-source.mjs && vitest run --config vitest.media-admin-editor-browser.config.ts --reporter=default --reporter=json --outputFile=media-source-results.json
2026-10-05T22:56:39.5446182Z {"immutableFiles":44,"wholeTestFiles":42,"declarations":497,"expectationExpressions":2015,"productTestsRun":0}
2026-10-05T22:56:40.1764315Z 
2026-10-05T22:56:40.1767911Z [1m[30m[46m RUN [49m[39m[22m [36mv4.1.10 [39m[90m/home/runner/work/cms/cms[39m
2026-10-05T22:56:40.1768782Z 
2026-10-05T22:56:40.9384566Z 2026-10-05T22:56:40.936Z pw:browser <launching> /home/runner/.cache/ms-playwright/chromium_headless_shell-1243/chrome-headless-shell-linux64/chrome-headless-shell --disable-field-trial-config --disable-background-networking --disable-background-timer-throttling --disable-backgrounding-occluded-windows --disable-back-forward-cache --disable-breakpad --disable-client-side-phishing-detection --disable-component-extensions-with-background-pages --disable-component-update --no-default-browser-check --disable-default-apps --disable-dev-shm-usage --disable-edgeupdater --disable-extensions --disable-features=AvoidUnnecessaryBeforeUnloadCheckSync,DestroyProfileOnBrowserClose,DialMediaRouteProvider,GlobalMediaControls,HttpsUpgrades,LensOverlay,MediaRouter,PaintHolding,ThirdPartyStoragePartitioning,BlockOriginHeaderModificationOnRedirect,Translate,AutoDeElevate,OptimizationHints,msForceBrowserSignIn,msEdgeUpdateLaunchServicesPreferredVersion --enable-features=CDPScreenshotNewSurface --allow-pre-commit-input --disable-hang-monitor --disable-ipc-flooding-protection --disable-popup-blocking --disable-prompt-on-repost --disable-renderer-backgrounding --disable-updater-scheduler --force-color-profile=srgb --metrics-recording-only --no-first-run --password-store=basic --use-mock-keychain --no-service-autorun --export-tagged-pdf --disable-search-engine-choice-screen --unsafely-disable-devtools-self-xss-warnings --edge-skip-compat-layer-relaunch --disable-infobars --disable-search-engine-choice-screen --disable-sync --enable-unsafe-swiftshader --headless --hide-scrollbars --mute-audio --blink-settings=primaryHoverType=2,availableHoverTypes=2,primaryPointerType=4,availablePointerTypes=4 --user-data-dir=/tmp/playwright_chromiumdev_profile-OP0prU --remote-debugging-pipe --no-startup-window
2026-10-05T22:56:40.9442272Z 2026-10-05T22:56:40.944Z pw:browser <launched> pid=2899
2026-10-05T22:56:41.0542588Z 2026-10-05T22:56:41.053Z pw:browser [pid=2899][err] [1005/225641.052068:ERROR:dbus/bus.cc:405] Failed to connect to the bus: Could not parse server address: Unknown address type (examples of valid types are "tcp" and on UNIX "unix")
2026-10-05T22:56:41.0600279Z 2026-10-05T22:56:41.058Z pw:browser [pid=2899][err] Unable to revert mtime: /usr/share/fonts
2026-10-05T22:56:41.0602202Z 2026-10-05T22:56:41.058Z pw:browser [pid=2899][err] Unable to revert mtime: /usr/share/fonts/truetype
2026-10-05T22:56:41.0771640Z 2026-10-05T22:56:41.076Z pw:browser [pid=2899][err] [1005/225641.075474:WARNING:media/gpu/vaapi/vaapi_wrapper.cc:1660] drmGetDevices2() has not found any devices
2026-10-05T22:56:41.0842829Z 2026-10-05T22:56:41.082Z pw:browser [pid=2899][err] [1005/225641.079826:WARNING:sandbox/policy/linux/sandbox_linux.cc:405] InitializeSandbox() called with multiple threads in process gpu-process.
2026-10-05T22:56:41.0903028Z 2026-10-05T22:56:41.089Z pw:browser [pid=2899][err] Unable to revert mtime: /usr/share/fonts/truetype/dejavu
2026-10-05T22:56:41.2311611Z 2026-10-05T22:56:41.230Z pw:browser [pid=2899][err] Unable to revert mtime: /usr/share/fonts/truetype/lato
2026-10-05T22:56:41.3425230Z 2026-10-05T22:56:41.342Z pw:browser [pid=2899][err] Unable to revert mtime: /usr/share/fonts/truetype/liberation
2026-10-05T22:56:41.3597164Z [2m10:56:41 PM[22m [36m[1m[vite][22m[39m [90m[2m(client)[22m[39m [optimizer] bundling dependencies...
2026-10-05T22:56:41.4326493Z 2026-10-05T22:56:41.432Z pw:browser [pid=2899][err] Unable to revert mtime: /usr/share/fonts/truetype/noto
2026-10-05T22:56:41.5970913Z 2026-10-05T22:56:41.596Z pw:browser [pid=2899][err] [1005/225641.596308:ERROR:dbus/object_proxy.cc:572] Failed to call method: org.freedesktop.DBus.NameHasOwner: object_path= /org/freedesktop/DBus: unknown error type: 
2026-10-05T22:56:41.5974112Z 2026-10-05T22:56:41.596Z pw:browser [pid=2899][err] [1005/225641.596388:ERROR:dbus/bus.cc:405] Failed to connect to the bus: Could not parse server address: Unknown address type (examples of valid types are "tcp" and on UNIX "unix")
2026-10-05T22:56:41.6003989Z 2026-10-05T22:56:41.599Z pw:browser [pid=2899][err] [1005/225641.599343:ERROR:dbus/object_proxy.cc:572] Failed to call method: org.freedesktop.DBus.NameHasOwner: object_path= /org/freedesktop/DBus: unknown error type: 
2026-10-05T22:56:41.9132243Z 2026-10-05T22:56:41.912Z pw:browser [pid=2899][err] [1005/225641.912852:INFO:CONSOLE:934] "[vite] connecting...", source: http://localhost:63315/@vite/client (934)
2026-10-05T22:56:41.9199996Z 2026-10-05T22:56:41.919Z pw:browser [pid=2899][err] [1005/225641.918650:INFO:CONSOLE:1045] "[vite] connected.", source: http://localhost:63315/@vite/client (1045)
2026-10-05T22:56:41.9652849Z 2026-10-05T22:56:41.964Z pw:browser [pid=2899][err] [1005/225641.953353:INFO:CONSOLE:934] "[vite] connecting...", source: http://localhost:63315/@vite/client (934)
2026-10-05T22:56:41.9835036Z 2026-10-05T22:56:41.983Z pw:browser [pid=2899][err] [1005/225641.979913:INFO:CONSOLE:1045] "[vite] connected.", source: http://localhost:63315/@vite/client (1045)
2026-10-05T22:56:42.3619363Z [2m10:56:42 PM[22m [31m[1m[vite][22m[39m [31mInternal server error: Failed to resolve import "../../src/lib/api/media-usage-activation.js" from "parity/emdash/media-admin-editor/source/packages/admin/tests/components/MediaLibrary.test.tsx". Does the file exist?[39m
2026-10-05T22:56:42.3621016Z   Plugin: [35mvite:import-analysis[39m
2026-10-05T22:56:42.3622030Z   File: [36m/home/runner/work/cms/cms/parity/emdash/media-admin-editor/source/packages/admin/tests/components/MediaLibrary.test.tsx[39m:9:0
2026-10-05T22:56:42.3623082Z [33m  65 |  const __vi_import_3__ = await globalThis["__vitest_browser_runner__"].wrapDynamicImport(() => import("../../src/compo...
2026-10-05T22:56:42.3623977Z   66 |  const __vi_import_4__ = await globalThis["__vitest_browser_runner__"].wrapDynamicImport(() => import("../../src/lib/a...
2026-10-05T22:56:42.3624805Z   67 |  ..."__vitest_browser_runner__"].wrapDynamicImport(() => import("../../src/lib/api/media-usage-activation.js"));
2026-10-05T22:56:42.3625435Z      |                                                                 ^
2026-10-05T22:56:42.3626133Z   68 |  const __vi_import_6__ = await globalThis["__vitest_browser_runner__"].wrapDynamicImport(() => import("../utils/render...
2026-10-05T22:56:42.3626969Z   69 |  const __vi_import_7__ = await globalThis["__vitest_browser_runner__"].wrapDynamicImport(() => import("react/jsx-dev-r...[39m
2026-10-05T22:56:42.3628319Z       at TransformPluginContext._formatLog (file:///home/runner/work/cms/cms/node_modules/.pnpm/vite@8.3.2_@types+node@24.19.0_esbuild@0.28.1_jiti@2.7.0/node_modules/vite/dist/node/chunks/node.js:8766:39)
2026-10-05T22:56:42.3629742Z       at TransformPluginContext.error (file:///home/runner/work/cms/cms/node_modules/.pnpm/vite@8.3.2_@types+node@24.19.0_esbuild@0.28.1_jiti@2.7.0/node_modules/vite/dist/node/chunks/node.js:8763:14)
2026-10-05T22:56:42.3631743Z       at normalizeUrl (file:///home/runner/work/cms/cms/node_modules/.pnpm/vite@8.3.2_@types+node@24.19.0_esbuild@0.28.1_jiti@2.7.0/node_modules/vite/dist/node/chunks/node.js:26423:18)
2026-10-05T22:56:42.3632715Z       at file:///home/runner/work/cms/cms/node_modules/.pnpm/vite@8.3.2_@types+node@24.19.0_esbuild@0.28.1_jiti@2.7.0/node_modules/vite/dist/node/chunks/node.js:26493:30
2026-10-05T22:56:42.3633394Z       at async Promise.all (index 6)
2026-10-05T22:56:42.3634240Z       at TransformPluginContext.transform (file:///home/runner/work/cms/cms/node_modules/.pnpm/vite@8.3.2_@types+node@24.19.0_esbuild@0.28.1_jiti@2.7.0/node_modules/vite/dist/node/chunks/node.js:26459:4)
2026-10-05T22:56:42.3635385Z       at EnvironmentPluginContainer.transform (file:///home/runner/work/cms/cms/node_modules/.pnpm/vite@8.3.2_@types+node@24.19.0_esbuild@0.28.1_jiti@2.7.0/node_modules/vite/dist/node/chunks/node.js:8545:14)
2026-10-05T22:56:42.3636598Z       at loadAndTransform (file:///home/runner/work/cms/cms/node_modules/.pnpm/vite@8.3.2_@types+node@24.19.0_esbuild@0.28.1_jiti@2.7.0/node_modules/vite/dist/node/chunks/node.js:19988:26)
2026-10-05T22:56:42.3917868Z  [31m❯[39m [30m[43m chromium [49m[39m parity/emdash/media-admin-editor/source/packages/admin/tests/components/MediaLibrary.test.tsx [2m([22m[2m0 test[22m[2m)[22m
2026-10-05T22:56:42.4170071Z 2026-10-05T22:56:42.416Z pw:browser [pid=2899][err] [1005/225642.416070:INFO:CONSOLE:934] "[vite] connecting...", source: http://localhost:63315/@vite/client (934)
2026-10-05T22:56:42.4279090Z 2026-10-05T22:56:42.426Z pw:browser [pid=2899][err] [1005/225642.425871:INFO:CONSOLE:1045] "[vite] connected.", source: http://localhost:63315/@vite/client (1045)
2026-10-05T22:56:42.4767872Z [2m10:56:42 PM[22m [31m[1m[vite][22m[39m [31mInternal server error: Failed to resolve import "../../src/components/MediaFolderDialog" from "parity/emdash/media-admin-editor/source/packages/admin/tests/components/MediaFolderDialog.test.tsx". Does the file exist?[39m
2026-10-05T22:56:42.4770623Z   Plugin: [35mvite:import-analysis[39m
2026-10-05T22:56:42.4772647Z   File: [36m/home/runner/work/cms/cms/parity/emdash/media-admin-editor/source/packages/admin/tests/components/MediaFolderDialog.test.tsx[39m:7:34
2026-10-05T22:56:42.4774945Z [33m  4  |  import { beforeEach, describe, expect, it, vi } from "vitest";
2026-10-05T22:56:42.4776075Z   5  |  import { userEvent } from "vitest/browser";
2026-10-05T22:56:42.4777054Z   6  |  import { MediaFolderDialog } from "../../src/components/MediaFolderDialog";
2026-10-05T22:56:42.4777814Z      |                                     ^
2026-10-05T22:56:42.4778976Z   7  |  import { ApiResponseError } from "../../src/lib/api";
2026-10-05T22:56:42.4779814Z   8  |  import { render } from "../utils/render.tsx";[39m
2026-10-05T22:56:42.4781321Z       at TransformPluginContext._formatLog (file:///home/runner/work/cms/cms/node_modules/.pnpm/vite@8.3.2_@types+node@24.19.0_esbuild@0.28.1_jiti@2.7.0/node_modules/vite/dist/node/chunks/node.js:8766:39)
2026-10-05T22:56:42.4783583Z       at TransformPluginContext.error (file:///home/runner/work/cms/cms/node_modules/.pnpm/vite@8.3.2_@types+node@24.19.0_esbuild@0.28.1_jiti@2.7.0/node_modules/vite/dist/node/chunks/node.js:8763:14)
2026-10-05T22:56:42.4785393Z       at normalizeUrl (file:///home/runner/work/cms/cms/node_modules/.pnpm/vite@8.3.2_@types+node@24.19.0_esbuild@0.28.1_jiti@2.7.0/node_modules/vite/dist/node/chunks/node.js:26423:18)
2026-10-05T22:56:42.4787219Z       at file:///home/runner/work/cms/cms/node_modules/.pnpm/vite@8.3.2_@types+node@24.19.0_esbuild@0.28.1_jiti@2.7.0/node_modules/vite/dist/node/chunks/node.js:26493:30
2026-10-05T22:56:42.4788376Z       at async Promise.all (index 5)
2026-10-05T22:56:42.4789856Z       at TransformPluginContext.transform (file:///home/runner/work/cms/cms/node_modules/.pnpm/vite@8.3.2_@types+node@24.19.0_esbuild@0.28.1_jiti@2.7.0/node_modules/vite/dist/node/chunks/node.js:26459:4)
2026-10-05T22:56:42.4792270Z       at EnvironmentPluginContainer.transform (file:///home/runner/work/cms/cms/node_modules/.pnpm/vite@8.3.2_@types+node@24.19.0_esbuild@0.28.1_jiti@2.7.0/node_modules/vite/dist/node/chunks/node.js:8545:14)
2026-10-05T22:56:42.4794455Z       at loadAndTransform (file:///home/runner/work/cms/cms/node_modules/.pnpm/vite@8.3.2_@types+node@24.19.0_esbuild@0.28.1_jiti@2.7.0/node_modules/vite/dist/node/chunks/node.js:19988:26)
2026-10-05T22:56:42.5391009Z  [31m❯[39m [30m[43m chromium [49m[39m parity/emdash/media-admin-editor/source/packages/admin/tests/components/MediaFolderDialog.test.tsx [2m([22m[2m0 test[22m[2m)[22m
2026-10-05T22:56:42.5605980Z 2026-10-05T22:56:42.560Z pw:browser [pid=2899][err] [1005/225642.560233:INFO:CONSOLE:934] "[vite] connecting...", source: http://localhost:63315/@vite/client (934)
2026-10-05T22:56:42.5694263Z 2026-10-05T22:56:42.569Z pw:browser [pid=2899][err] [1005/225642.568963:INFO:CONSOLE:1045] "[vite] connected.", source: http://localhost:63315/@vite/client (1045)
2026-10-05T22:56:42.6127781Z [2m10:56:42 PM[22m [31m[1m[vite][22m[39m [31mInternal server error: Failed to resolve import "../../dist/styles.css" from "parity/emdash/media-admin-editor/source/packages/admin/tests/components/MediaLibrary.layout.test.tsx". Does the file exist?[39m
2026-10-05T22:56:42.6130945Z   Plugin: [35mvite:import-analysis[39m
2026-10-05T22:56:42.6134033Z   File: [36m/home/runner/work/cms/cms/parity/emdash/media-admin-editor/source/packages/admin/tests/components/MediaLibrary.layout.test.tsx[39m:6:0
2026-10-05T22:56:42.6136220Z [33m  10 |  const __vi_import_1__ = await globalThis["__vitest_browser_runner__"].wrapDynamicImport(() => import("react"));
2026-10-05T22:56:42.6138699Z   11 |  const __vi_import_2__ = await globalThis["__vitest_browser_runner__"].wrapDynamicImport(() => import("vitest/browser"));
2026-10-05T22:56:42.6140085Z   12 |  ..."__vitest_browser_runner__"].wrapDynamicImport(() => import("../../dist/styles.css"));
2026-10-05T22:56:42.6141220Z      |                                                                 ^
2026-10-05T22:56:42.6146249Z   13 |  const __vi_import_4__ = await globalThis["__vitest_browser_runner__"].wrapDynamicImport(() => import("../../src/compo...
2026-10-05T22:56:42.6148326Z   14 |  const __vi_import_5__ = await globalThis["__vitest_browser_runner__"].wrapDynamicImport(() => import("../utils/render...[39m
2026-10-05T22:56:42.6150343Z       at TransformPluginContext._formatLog (file:///home/runner/work/cms/cms/node_modules/.pnpm/vite@8.3.2_@types+node@24.19.0_esbuild@0.28.1_jiti@2.7.0/node_modules/vite/dist/node/chunks/node.js:8766:39)
2026-10-05T22:56:42.6152523Z       at TransformPluginContext.error (file:///home/runner/work/cms/cms/node_modules/.pnpm/vite@8.3.2_@types+node@24.19.0_esbuild@0.28.1_jiti@2.7.0/node_modules/vite/dist/node/chunks/node.js:8763:14)
2026-10-05T22:56:42.6154917Z       at normalizeUrl (file:///home/runner/work/cms/cms/node_modules/.pnpm/vite@8.3.2_@types+node@24.19.0_esbuild@0.28.1_jiti@2.7.0/node_modules/vite/dist/node/chunks/node.js:26423:18)
2026-10-05T22:56:42.6156825Z       at file:///home/runner/work/cms/cms/node_modules/.pnpm/vite@8.3.2_@types+node@24.19.0_esbuild@0.28.1_jiti@2.7.0/node_modules/vite/dist/node/chunks/node.js:26493:30
2026-10-05T22:56:42.6158292Z       at async Promise.all (index 3)
2026-10-05T22:56:42.6159765Z       at TransformPluginContext.transform (file:///home/runner/work/cms/cms/node_modules/.pnpm/vite@8.3.2_@types+node@24.19.0_esbuild@0.28.1_jiti@2.7.0/node_modules/vite/dist/node/chunks/node.js:26459:4)
2026-10-05T22:56:42.6161800Z       at EnvironmentPluginContainer.transform (file:///home/runner/work/cms/cms/node_modules/.pnpm/vite@8.3.2_@types+node@24.19.0_esbuild@0.28.1_jiti@2.7.0/node_modules/vite/dist/node/chunks/node.js:8545:14)
2026-10-05T22:56:42.6163995Z       at loadAndTransform (file:///home/runner/work/cms/cms/node_modules/.pnpm/vite@8.3.2_@types+node@24.19.0_esbuild@0.28.1_jiti@2.7.0/node_modules/vite/dist/node/chunks/node.js:19988:26)
2026-10-05T22:56:42.6238969Z  [31m❯[39m [30m[43m chromium [49m[39m parity/emdash/media-admin-editor/source/packages/admin/tests/components/MediaLibrary.layout.test.tsx [2m([22m[2m0 test[22m[2m)[22m
2026-10-05T22:56:42.6440948Z 2026-10-05T22:56:42.642Z pw:browser [pid=2899][err] [1005/225642.642349:INFO:CONSOLE:934] "[vite] connecting...", source: http://localhost:63315/@vite/client (934)
2026-10-05T22:56:42.6546337Z 2026-10-05T22:56:42.654Z pw:browser [pid=2899][err] [1005/225642.653947:INFO:CONSOLE:1045] "[vite] connected.", source: http://localhost:63315/@vite/client (1045)
2026-10-05T22:56:42.6914931Z [2m10:56:42 PM[22m [31m[1m[vite][22m[39m [31mInternal server error: Failed to resolve import "../../src/components/media/useMediaUploadQueue.js" from "parity/emdash/media-admin-editor/source/packages/admin/tests/components/useMediaUploadQueue.test.tsx". Does the file exist?[39m
2026-10-05T22:56:42.6916581Z   Plugin: [35mvite:import-analysis[39m
2026-10-05T22:56:42.6917439Z   File: [36m/home/runner/work/cms/cms/parity/emdash/media-admin-editor/source/packages/admin/tests/components/useMediaUploadQueue.test.tsx[39m:4:36
2026-10-05T22:56:42.6918564Z [33m  1  |  import { expect, it, vi } from "vitest";
2026-10-05T22:56:42.6919326Z   2  |  import { renderHook } from "vitest-browser-react";
2026-10-05T22:56:42.6920113Z   3  |  import { useMediaUploadQueue } from "../../src/components/media/useMediaUploadQueue.js";
2026-10-05T22:56:42.6920971Z      |                                       ^
2026-10-05T22:56:42.6921419Z   4  |  function deferred() {
2026-10-05T22:56:42.6921926Z   5  |  	let resolve;[39m
2026-10-05T22:56:42.6923209Z       at TransformPluginContext._formatLog (file:///home/runner/work/cms/cms/node_modules/.pnpm/vite@8.3.2_@types+node@24.19.0_esbuild@0.28.1_jiti@2.7.0/node_modules/vite/dist/node/chunks/node.js:8766:39)
2026-10-05T22:56:42.6925436Z       at TransformPluginContext.error (file:///home/runner/work/cms/cms/node_modules/.pnpm/vite@8.3.2_@types+node@24.19.0_esbuild@0.28.1_jiti@2.7.0/node_modules/vite/dist/node/chunks/node.js:8763:14)
2026-10-05T22:56:42.6927421Z       at normalizeUrl (file:///home/runner/work/cms/cms/node_modules/.pnpm/vite@8.3.2_@types+node@24.19.0_esbuild@0.28.1_jiti@2.7.0/node_modules/vite/dist/node/chunks/node.js:26423:18)
2026-10-05T22:56:42.6929201Z       at file:///home/runner/work/cms/cms/node_modules/.pnpm/vite@8.3.2_@types+node@24.19.0_esbuild@0.28.1_jiti@2.7.0/node_modules/vite/dist/node/chunks/node.js:26493:30
2026-10-05T22:56:42.6930141Z       at async Promise.all (index 2)
2026-10-05T22:56:42.6931247Z       at TransformPluginContext.transform (file:///home/runner/work/cms/cms/node_modules/.pnpm/vite@8.3.2_@types+node@24.19.0_esbuild@0.28.1_jiti@2.7.0/node_modules/vite/dist/node/chunks/node.js:26459:4)
2026-10-05T22:56:42.6932971Z       at EnvironmentPluginContainer.transform (file:///home/runner/work/cms/cms/node_modules/.pnpm/vite@8.3.2_@types+node@24.19.0_esbuild@0.28.1_jiti@2.7.0/node_modules/vite/dist/node/chunks/node.js:8545:14)
2026-10-05T22:56:42.6934624Z       at loadAndTransform (file:///home/runner/work/cms/cms/node_modules/.pnpm/vite@8.3.2_@types+node@24.19.0_esbuild@0.28.1_jiti@2.7.0/node_modules/vite/dist/node/chunks/node.js:19988:26)
2026-10-05T22:56:42.7014114Z  [31m❯[39m [30m[43m chromium [49m[39m parity/emdash/media-admin-editor/source/packages/admin/tests/components/useMediaUploadQueue.test.tsx [2m([22m[2m0 test[22m[2m)[22m
2026-10-05T22:56:42.7224725Z 2026-10-05T22:56:42.722Z pw:browser [pid=2899][err] [1005/225642.720838:INFO:CONSOLE:934] "[vite] connecting...", source: http://localhost:63315/@vite/client (934)
2026-10-05T22:56:42.7305261Z 2026-10-05T22:56:42.730Z pw:browser [pid=2899][err] [1005/225642.730040:INFO:CONSOLE:1045] "[vite] connected.", source: http://localhost:63315/@vite/client (1045)
2026-10-05T22:56:42.7758429Z [2m10:56:42 PM[22m [31m[1m[vite][22m[39m [31mInternal server error: Failed to resolve import "../../src/components/MediaImportSummary.js" from "parity/emdash/media-admin-editor/source/packages/admin/tests/components/MediaImportSummary.test.tsx". Does the file exist?[39m
2026-10-05T22:56:42.7760118Z   Plugin: [35mvite:import-analysis[39m
2026-10-05T22:56:42.7761243Z   File: [36m/home/runner/work/cms/cms/parity/emdash/media-admin-editor/source/packages/admin/tests/components/MediaImportSummary.test.tsx[39m:7:35
2026-10-05T22:56:42.7762269Z [33m  4  |  import { renderToStaticMarkup } from "react-dom/server";
2026-10-05T22:56:42.7763045Z   5  |  import { describe, expect, it } from "vitest";
2026-10-05T22:56:42.7763767Z   6  |  import { MediaImportSummary } from "../../src/components/MediaImportSummary.js";
2026-10-05T22:56:42.7764325Z      |                                      ^
2026-10-05T22:56:42.7765068Z   7  |  var _jsxFileName = "/home/runner/work/cms/cms/parity/emdash/media-admin-editor/source/packages/admin/tests/components...
2026-10-05T22:56:42.7765980Z   8  |  import { jsxDEV as _jsxDEV } from "react/jsx-dev-runtime";[39m
2026-10-05T22:56:42.7767090Z       at TransformPluginContext._formatLog (file:///home/runner/work/cms/cms/node_modules/.pnpm/vite@8.3.2_@types+node@24.19.0_esbuild@0.28.1_jiti@2.7.0/node_modules/vite/dist/node/chunks/node.js:8766:39)
2026-10-05T22:56:42.7768304Z       at TransformPluginContext.error (file:///home/runner/work/cms/cms/node_modules/.pnpm/vite@8.3.2_@types+node@24.19.0_esbuild@0.28.1_jiti@2.7.0/node_modules/vite/dist/node/chunks/node.js:8763:14)
2026-10-05T22:56:42.7769249Z       at normalizeUrl (file:///home/runner/work/cms/cms/node_modules/.pnpm/vite@8.3.2_@types+node@24.19.0_esbuild@0.28.1_jiti@2.7.0/node_modules/vite/dist/node/chunks/node.js:26423:18)
2026-10-05T22:56:42.7770162Z       at file:///home/runner/work/cms/cms/node_modules/.pnpm/vite@8.3.2_@types+node@24.19.0_esbuild@0.28.1_jiti@2.7.0/node_modules/vite/dist/node/chunks/node.js:26493:30
2026-10-05T22:56:42.7770928Z       at async Promise.all (index 5)
2026-10-05T22:56:42.7771681Z       at TransformPluginContext.transform (file:///home/runner/work/cms/cms/node_modules/.pnpm/vite@8.3.2_@types+node@24.19.0_esbuild@0.28.1_jiti@2.7.0/node_modules/vite/dist/node/chunks/node.js:26459:4)
2026-10-05T22:56:42.7772967Z       at EnvironmentPluginContainer.transform (file:///home/runner/work/cms/cms/node_modules/.pnpm/vite@8.3.2_@types+node@24.19.0_esbuild@0.28.1_jiti@2.7.0/node_modules/vite/dist/node/chunks/node.js:8545:14)
2026-10-05T22:56:42.7773936Z       at loadAndTransform (file:///home/runner/work/cms/cms/node_modules/.pnpm/vite@8.3.2_@types+node@24.19.0_esbuild@0.28.1_jiti@2.7.0/node_modules/vite/dist/node/chunks/node.js:19988:26)
2026-10-05T22:56:42.7936456Z  [31m❯[39m [30m[43m chromium [49m[39m parity/emdash/media-admin-editor/source/packages/admin/tests/components/MediaImportSummary.test.tsx [2m([22m[2m0 test[22m[2m)[22m
2026-10-05T22:56:42.8137872Z 2026-10-05T22:56:42.813Z pw:browser [pid=2899][err] [1005/225642.813167:INFO:CONSOLE:934] "[vite] connecting...", source: http://localhost:63315/@vite/client (934)
2026-10-05T22:56:42.8199329Z 2026-10-05T22:56:42.819Z pw:browser [pid=2899][err] [1005/225642.819531:INFO:CONSOLE:1045] "[vite] connected.", source: http://localhost:63315/@vite/client (1045)
2026-10-05T22:56:42.8568898Z [2m10:56:42 PM[22m [31m[1m[vite][22m[39m [31mInternal server error: Failed to resolve import "../../src/components/MediaUploadDialog.js" from "parity/emdash/media-admin-editor/source/packages/admin/tests/components/MediaUploadDialog.test.tsx". Does the file exist?[39m
2026-10-05T22:56:42.8570463Z   Plugin: [35mvite:import-analysis[39m
2026-10-05T22:56:42.8571439Z   File: [36m/home/runner/work/cms/cms/parity/emdash/media-admin-editor/source/packages/admin/tests/components/MediaUploadDialog.test.tsx[39m:4:34
2026-10-05T22:56:42.8572266Z [33m  1  |  import * as React from "react";
2026-10-05T22:56:42.8572557Z   2  |  import { expect, it, vi } from "vitest";
2026-10-05T22:56:42.8572932Z   3  |  import { MediaUploadDialog } from "../../src/components/MediaUploadDialog.js";
2026-10-05T22:56:42.8573277Z      |                                     ^
2026-10-05T22:56:42.8573546Z   4  |  import { render } from "../utils/render.tsx";
2026-10-05T22:56:42.8574489Z   5  |  var _jsxFileName = "/home/runner/work/cms/cms/parity/emdash/media-admin-editor/source/packages/admin/tests/components...[39m
2026-10-05T22:56:42.8575454Z       at TransformPluginContext._formatLog (file:///home/runner/work/cms/cms/node_modules/.pnpm/vite@8.3.2_@types+node@24.19.0_esbuild@0.28.1_jiti@2.7.0/node_modules/vite/dist/node/chunks/node.js:8766:39)
2026-10-05T22:56:42.8576479Z       at TransformPluginContext.error (file:///home/runner/work/cms/cms/node_modules/.pnpm/vite@8.3.2_@types+node@24.19.0_esbuild@0.28.1_jiti@2.7.0/node_modules/vite/dist/node/chunks/node.js:8763:14)
2026-10-05T22:56:42.8577419Z       at normalizeUrl (file:///home/runner/work/cms/cms/node_modules/.pnpm/vite@8.3.2_@types+node@24.19.0_esbuild@0.28.1_jiti@2.7.0/node_modules/vite/dist/node/chunks/node.js:26423:18)
2026-10-05T22:56:42.8578460Z       at file:///home/runner/work/cms/cms/node_modules/.pnpm/vite@8.3.2_@types+node@24.19.0_esbuild@0.28.1_jiti@2.7.0/node_modules/vite/dist/node/chunks/node.js:26493:30
2026-10-05T22:56:42.8579251Z       at async Promise.all (index 2)
2026-10-05T22:56:42.8580230Z       at TransformPluginContext.transform (file:///home/runner/work/cms/cms/node_modules/.pnpm/vite@8.3.2_@types+node@24.19.0_esbuild@0.28.1_jiti@2.7.0/node_modules/vite/dist/node/chunks/node.js:26459:4)
2026-10-05T22:56:42.8581396Z       at EnvironmentPluginContainer.transform (file:///home/runner/work/cms/cms/node_modules/.pnpm/vite@8.3.2_@types+node@24.19.0_esbuild@0.28.1_jiti@2.7.0/node_modules/vite/dist/node/chunks/node.js:8545:14)
2026-10-05T22:56:42.8582875Z       at loadAndTransform (file:///home/runner/work/cms/cms/node_modules/.pnpm/vite@8.3.2_@types+node@24.19.0_esbuild@0.28.1_jiti@2.7.0/node_modules/vite/dist/node/chunks/node.js:19988:26)
2026-10-05T22:56:42.8650620Z  [31m❯[39m [30m[43m chromium [49m[39m parity/emdash/media-admin-editor/source/packages/admin/tests/components/MediaUploadDialog.test.tsx [2m([22m[2m0 test[22m[2m)[22m
2026-10-05T22:56:42.8680825Z 
2026-10-05T22:56:42.8681954Z [31m⎯⎯⎯⎯⎯⎯[39m[1m[41m Failed Suites 6 [49m[22m[31m⎯⎯⎯⎯⎯⎯⎯[39m
2026-10-05T22:56:42.8682354Z 
2026-10-05T22:56:42.8685686Z [41m[1m FAIL [22m[49m [30m[43m chromium [49m[39m parity/emdash/media-admin-editor/source/packages/admin/tests/components/MediaFolderDialog.test.tsx[2m [ parity/emdash/media-admin-editor/source/packages/admin/tests/components/MediaFolderDialog.test.tsx ][22m
2026-10-05T22:56:42.8689730Z [31m[1mError[22m: Failed to import test file /home/runner/work/cms/cms/parity/emdash/media-admin-editor/source/packages/admin/tests/components/MediaFolderDialog.test.tsx[39m
2026-10-05T22:56:42.8693655Z [31m[1mCaused by: TypeError[22m: Failed to fetch dynamically imported module: http://localhost:63315/home/runner/work/cms/cms/parity/emdash/media-admin-editor/source/packages/admin/tests/components/MediaFolderDialog.test.tsx?import&browserv=1791241002471[39m
2026-10-05T22:56:42.8695135Z [31m[2m⎯⎯⎯⎯⎯⎯⎯⎯⎯⎯⎯⎯⎯⎯⎯⎯⎯⎯⎯⎯⎯⎯⎯⎯[1/6]⎯[22m[39m
2026-10-05T22:56:42.8695405Z 
2026-10-05T22:56:42.8696982Z [41m[1m FAIL [22m[49m [30m[43m chromium [49m[39m parity/emdash/media-admin-editor/source/packages/admin/tests/components/MediaImportSummary.test.tsx[2m [ parity/emdash/media-admin-editor/source/packages/admin/tests/components/MediaImportSummary.test.tsx ][22m
2026-10-05T22:56:42.8699507Z [31m[1mError[22m: Failed to import test file /home/runner/work/cms/cms/parity/emdash/media-admin-editor/source/packages/admin/tests/components/MediaImportSummary.test.tsx[39m
2026-10-05T22:56:42.8702266Z [31m[1mCaused by: TypeError[22m: Failed to fetch dynamically imported module: http://localhost:63315/home/runner/work/cms/cms/parity/emdash/media-admin-editor/source/packages/admin/tests/components/MediaImportSummary.test.tsx?import&browserv=1791241002771[39m
2026-10-05T22:56:42.8704550Z [31m[2m⎯⎯⎯⎯⎯⎯⎯⎯⎯⎯⎯⎯⎯⎯⎯⎯⎯⎯⎯⎯⎯⎯⎯⎯[2/6]⎯[22m[39m
2026-10-05T22:56:42.8704848Z 
2026-10-05T22:56:42.8706295Z [41m[1m FAIL [22m[49m [30m[43m chromium [49m[39m parity/emdash/media-admin-editor/source/packages/admin/tests/components/MediaLibrary.layout.test.tsx[2m [ parity/emdash/media-admin-editor/source/packages/admin/tests/components/MediaLibrary.layout.test.tsx ][22m
2026-10-05T22:56:42.8707707Z [31m[1mError[22m: Failed to import test file /home/runner/work/cms/cms/parity/emdash/media-admin-editor/source/packages/admin/tests/components/MediaLibrary.layout.test.tsx[39m
2026-10-05T22:56:42.8709935Z [31m[1mCaused by: TypeError[22m: Failed to fetch dynamically imported module: http://localhost:63315/home/runner/work/cms/cms/parity/emdash/media-admin-editor/source/packages/admin/tests/components/MediaLibrary.layout.test.tsx?import&browserv=1791241002603[39m
2026-10-05T22:56:42.8711515Z [31m[2m⎯⎯⎯⎯⎯⎯⎯⎯⎯⎯⎯⎯⎯⎯⎯⎯⎯⎯⎯⎯⎯⎯⎯⎯[3/6]⎯[22m[39m
2026-10-05T22:56:42.8711748Z 
2026-10-05T22:56:42.8713197Z [41m[1m FAIL [22m[49m [30m[43m chromium [49m[39m parity/emdash/media-admin-editor/source/packages/admin/tests/components/MediaLibrary.test.tsx[2m [ parity/emdash/media-admin-editor/source/packages/admin/tests/components/MediaLibrary.test.tsx ][22m
2026-10-05T22:56:42.8715341Z [31m[1mError[22m: Failed to import test file /home/runner/work/cms/cms/parity/emdash/media-admin-editor/source/packages/admin/tests/components/MediaLibrary.test.tsx[39m
2026-10-05T22:56:42.8717679Z [31m[1mCaused by: TypeError[22m: Failed to fetch dynamically imported module: http://localhost:63315/home/runner/work/cms/cms/parity/emdash/media-admin-editor/source/packages/admin/tests/components/MediaLibrary.test.tsx?import&browserv=1791241002305[39m
2026-10-05T22:56:42.8719286Z [31m[2m⎯⎯⎯⎯⎯⎯⎯⎯⎯⎯⎯⎯⎯⎯⎯⎯⎯⎯⎯⎯⎯⎯⎯⎯[4/6]⎯[22m[39m
2026-10-05T22:56:42.8719800Z 
2026-10-05T22:56:42.8720918Z [41m[1m FAIL [22m[49m [30m[43m chromium [49m[39m parity/emdash/media-admin-editor/source/packages/admin/tests/components/MediaUploadDialog.test.tsx[2m [ parity/emdash/media-admin-editor/source/packages/admin/tests/components/MediaUploadDialog.test.tsx ][22m
2026-10-05T22:56:42.8722336Z [31m[1mError[22m: Failed to import test file /home/runner/work/cms/cms/parity/emdash/media-admin-editor/source/packages/admin/tests/components/MediaUploadDialog.test.tsx[39m
2026-10-05T22:56:42.8723806Z [31m[1mCaused by: TypeError[22m: Failed to fetch dynamically imported module: http://localhost:63315/home/runner/work/cms/cms/parity/emdash/media-admin-editor/source/packages/admin/tests/components/MediaUploadDialog.test.tsx?import&browserv=1791241002853[39m
2026-10-05T22:56:42.8724695Z [31m[2m⎯⎯⎯⎯⎯⎯⎯⎯⎯⎯⎯⎯⎯⎯⎯⎯⎯⎯⎯⎯⎯⎯⎯⎯[5/6]⎯[22m[39m
2026-10-05T22:56:42.8724866Z 
2026-10-05T22:56:42.8725854Z [41m[1m FAIL [22m[49m [30m[43m chromium [49m[39m parity/emdash/media-admin-editor/source/packages/admin/tests/components/useMediaUploadQueue.test.tsx[2m [ parity/emdash/media-admin-editor/source/packages/admin/tests/components/useMediaUploadQueue.test.tsx ][22m
2026-10-05T22:56:42.8727223Z [31m[1mError[22m: Failed to import test file /home/runner/work/cms/cms/parity/emdash/media-admin-editor/source/packages/admin/tests/components/useMediaUploadQueue.test.tsx[39m
2026-10-05T22:56:42.8728890Z [31m[1mCaused by: TypeError[22m: Failed to fetch dynamically imported module: http://localhost:63315/home/runner/work/cms/cms/parity/emdash/media-admin-editor/source/packages/admin/tests/components/useMediaUploadQueue.test.tsx?import&browserv=1791241002687[39m
2026-10-05T22:56:42.8729806Z [31m[2m⎯⎯⎯⎯⎯⎯⎯⎯⎯⎯⎯⎯⎯⎯⎯⎯⎯⎯⎯⎯⎯⎯⎯⎯[6/6]⎯[22m[39m
2026-10-05T22:56:42.8729979Z 
2026-10-05T22:56:42.8730029Z 
2026-10-05T22:56:42.8730270Z [2m Test Files [22m [1m[31m6 failed[39m[22m[90m (6)[39m
2026-10-05T22:56:42.8730616Z [2m      Tests [22m [2mno tests[22m
2026-10-05T22:56:42.8731048Z [2m   Start at [22m 22:56:40
2026-10-05T22:56:42.8731600Z [2m   Duration [22m 2.69s[2m (transform 0ms, setup 196ms, import 0ms, tests 0ms, environment 0ms)[22m
2026-10-05T22:56:42.8731886Z 
2026-10-05T22:56:42.8733790Z JSON report written to /home/runner/work/cms/cms/media-source-results.json
2026-10-05T22:56:42.8778872Z 2026-10-05T22:56:42.877Z pw:browser [pid=2899][err] [1005/225642.874996:INFO:CONSOLE:1080] "[vite] server connection lost. Polling for restart...", source: http://localhost:63315/@vite/client (1080)
2026-10-05T22:56:42.8781320Z 2026-10-05T22:56:42.877Z pw:browser [pid=2899][err] [1005/225642.876350:INFO:CONSOLE:1211] "[vite] server connection lost. Polling for restart...", source: http://localhost:63315/__vitest_browser__/tester-BJtsJFpD.js (1211)
2026-10-05T22:56:42.8877130Z 2026-10-05T22:56:42.887Z pw:browser [pid=2899] <gracefully close start>
2026-10-05T22:56:42.9091389Z 2026-10-05T22:56:42.908Z pw:browser [pid=2899] <process did exit: exitCode=0, signal=null>
2026-10-05T22:56:42.9092442Z 2026-10-05T22:56:42.909Z pw:browser [pid=2899] starting temporary directories cleanup
2026-10-05T22:56:42.9122567Z 2026-10-05T22:56:42.912Z pw:browser [pid=2899] finished temporary directories cleanup
2026-10-05T22:56:42.9123090Z 2026-10-05T22:56:42.912Z pw:browser [pid=2899] <gracefully close end>
2026-10-05T22:56:42.9783370Z [ELIFECYCLE] Command failed with exit code 1.
2026-10-05T22:56:42.9841289Z ##[error]Process completed with exit code 1.
2026-10-05T22:56:42.9919608Z ##[group]Run actions/upload-artifact@v4
2026-10-05T22:56:42.9919861Z with:
2026-10-05T22:56:42.9933789Z   name: media-source-library
2026-10-05T22:56:42.9934103Z   path: media-source-results.json
2026-10-05T22:56:42.9934357Z   retention-days: 14
2026-10-05T22:56:42.9934549Z   if-no-files-found: warn
2026-10-05T22:56:42.9934744Z   compression-level: 6
2026-10-05T22:56:42.9934937Z   overwrite: false
2026-10-05T22:56:42.9935123Z   include-hidden-files: false
2026-10-05T22:56:42.9935317Z env:
2026-10-05T22:56:42.9935756Z   PNPM_HOME: /home/runner/setup-pnpm/node_modules/.bin
2026-10-05T22:56:42.9936022Z ##[endgroup]
2026-10-05T22:56:43.1478808Z (node:2965) [DEP0040] DeprecationWarning: The `punycode` module is deprecated. Please use a userland alternative instead.
2026-10-05T22:56:43.1479464Z (Use `node --trace-deprecation ...` to show where the warning was created)
2026-10-05T22:56:43.1533094Z With the provided path, there will be 1 file uploaded
2026-10-05T22:56:43.1534247Z Artifact name is valid!
2026-10-05T22:56:43.1534804Z Root directory input is valid!
2026-10-05T22:56:43.3528195Z Beginning upload of artifact content to blob storage
2026-10-05T22:56:43.3671380Z (node:2965) [DEP0169] DeprecationWarning: `url.parse()` behavior is not standardized and prone to errors that have security implications. Use the WHATWG URL API instead. CVEs are not issued for `url.parse()` vulnerabilities.
2026-10-05T22:56:43.4118450Z Uploaded bytes 595
2026-10-05T22:56:43.4291052Z Finished uploading artifact content to blob storage!
2026-10-05T22:56:43.4292273Z SHA256 digest of uploaded artifact zip is 2768739e081a28b175514f461153dcdb478555f86dd08ac69ab7e733af43acc7
2026-10-05T22:56:43.4293067Z Finalizing artifact upload
2026-10-05T22:56:43.6577086Z Artifact media-source-library.zip successfully finalized. Artifact ID 11378271028
2026-10-05T22:56:43.6577874Z Artifact media-source-library has been successfully uploaded! Final size is 595 bytes. Artifact ID is 11378271028
2026-10-05T22:56:43.6583741Z Artifact download URL: https://github.com/sveltery/cms/actions/runs/37385528464/artifacts/11378271028
2026-10-05T22:56:43.6741913Z Post job cleanup.
2026-10-05T22:56:43.7954730Z Pruning is unnecessary.
2026-10-05T22:56:43.8077417Z Post job cleanup.
2026-10-05T22:56:43.8891549Z [command]/usr/bin/git version
2026-10-05T22:56:43.8936728Z git version 2.55.0
2026-10-05T22:56:43.8992486Z Temporarily overriding HOME='/home/runner/work/_temp/a1a89e94-1511-48b8-a69f-942f62dc4597' before making global git config changes
2026-10-05T22:56:43.8994003Z Adding repository directory to the temporary git global config as a safe directory
2026-10-05T22:56:43.8995256Z [command]/usr/bin/git config --global --add safe.directory /home/runner/work/cms/cms
2026-10-05T22:56:43.9025790Z [command]/usr/bin/git config --local --name-only --get-regexp core\.sshCommand
2026-10-05T22:56:43.9067737Z [command]/usr/bin/git submodule foreach --recursive sh -c "git config --local --name-only --get-regexp 'core\.sshCommand' && git config --local --unset-all 'core.sshCommand' || :"
2026-10-05T22:56:43.9341362Z [command]/usr/bin/git config --local --name-only --get-regexp http\.https\:\/\/github\.com\/\.extraheader
2026-10-05T22:56:43.9368137Z http.https://github.com/.extraheader
2026-10-05T22:56:43.9377259Z [command]/usr/bin/git config --local --unset-all http.https://github.com/.extraheader
2026-10-05T22:56:43.9412320Z [command]/usr/bin/git submodule foreach --recursive sh -c "git config --local --name-only --get-regexp 'http\.https\:\/\/github\.com\/\.extraheader' && git config --local --unset-all 'http.https://github.com/.extraheader' || :"
2026-10-05T22:56:43.9688849Z [command]/usr/bin/git config --local --name-only --get-regexp ^includeIf\.gitdir:
2026-10-05T22:56:43.9721903Z [command]/usr/bin/git submodule foreach --recursive git config --local --show-origin --name-only --get-regexp remote.origin.url
2026-10-05T22:56:44.0113374Z Cleaning up orphan processes
2026-10-05T22:56:44.0394071Z ##[warning]Node.js 20 is deprecated. The following actions target Node.js 20 but are being forced to run on Node.js 24: actions/checkout@v4, actions/setup-node@v4, actions/upload-artifact@v4, pnpm/action-setup@v4. For more information see: https://github.blog/changelog/2025-09-19-deprecation-of-node-20-on-github-actions-runners/
