2026-10-05T22:56:01.0400494Z Current runner version: '2.337.0'
2026-10-05T22:56:01.0436922Z ##[group]Runner Image Provisioner
2026-10-05T22:56:01.0438390Z Hosted Compute Agent
2026-10-05T22:56:01.0439481Z Version: 20260901.588
2026-10-05T22:56:01.0440866Z Commit: f88ec8081b781fac6c440065ac7ff9e710ce3d0b
2026-10-05T22:56:01.0442169Z Build Date: 2026-09-01T19:56:44Z
2026-10-05T22:56:01.0443485Z Worker ID: {433fed9d-1134-41a7-8d64-11d1ff64c0a6}
2026-10-05T22:56:01.0444758Z Azure Region: eastus
2026-10-05T22:56:01.0445930Z ##[endgroup]
2026-10-05T22:56:01.0448714Z ##[group]Operating System
2026-10-05T22:56:01.0449906Z Ubuntu
2026-10-05T22:56:01.0451010Z 22.04.5
2026-10-05T22:56:01.0451937Z LTS
2026-10-05T22:56:01.0453011Z ##[endgroup]
2026-10-05T22:56:01.0454121Z ##[group]Runner Image
2026-10-05T22:56:01.0455237Z Image: ubuntu-22.04
2026-10-05T22:56:01.0456736Z Version: 20260927.309.1
2026-10-05T22:56:01.0459016Z Included Software: https://github.com/actions/runner-images/blob/ubuntu22/20260927.309/images/ubuntu/Ubuntu2204-Readme.md
2026-10-05T22:56:01.0462046Z Image Release: https://github.com/actions/runner-images/releases/tag/ubuntu22%2F20260927.309
2026-10-05T22:56:01.0463967Z ##[endgroup]
2026-10-05T22:56:01.0466409Z ##[group]GITHUB_TOKEN Permissions
2026-10-05T22:56:01.0469279Z Contents: read
2026-10-05T22:56:01.0470432Z Metadata: read
2026-10-05T22:56:01.0471403Z ##[endgroup]
2026-10-05T22:56:01.0474728Z Secret source: Actions
2026-10-05T22:56:01.0476570Z Cache mode: write
2026-10-05T22:56:01.0478351Z Prepare workflow directory
2026-10-05T22:56:01.0963497Z Prepare all required actions
2026-10-05T22:56:01.1037340Z Getting action download info
2026-10-05T22:56:01.3119233Z Download action repository 'actions/checkout@v4' (SHA:11d5960a326750d5838078e36cf38b85af677262)
2026-10-05T22:56:01.4026643Z Download action repository 'pnpm/action-setup@v4' (SHA:b906affcce14559ad1aafd4ab0e942779e9f58b1)
2026-10-05T22:56:01.6042241Z Download action repository 'actions/setup-node@v4' (SHA:49933ea5288caeca8642d1e84afbd3f7d6820020)
2026-10-05T22:56:01.7045908Z Download action repository 'actions/upload-artifact@v4' (SHA:ea165f8d65b6e75b540449e92b4886f43607fa02)
2026-10-05T22:56:01.9579812Z Complete job name: media-admin-editor-source (helpers)
2026-10-05T22:56:02.0537132Z ##[group]Run actions/checkout@v4
2026-10-05T22:56:02.0538767Z with:
2026-10-05T22:56:02.0539756Z   repository: sveltery/cms
2026-10-05T22:56:02.0549341Z   token: ***
2026-10-05T22:56:02.0550412Z   ssh-strict: true
2026-10-05T22:56:02.0551361Z   ssh-user: git
2026-10-05T22:56:02.0552360Z   persist-credentials: true
2026-10-05T22:56:02.0553455Z   clean: true
2026-10-05T22:56:02.0554431Z   sparse-checkout-cone-mode: true
2026-10-05T22:56:02.0555646Z   fetch-depth: 1
2026-10-05T22:56:02.0556748Z   fetch-tags: false
2026-10-05T22:56:02.0557817Z   show-progress: true
2026-10-05T22:56:02.0558827Z   lfs: false
2026-10-05T22:56:02.0559738Z   submodules: false
2026-10-05T22:56:02.0560809Z   set-safe-directory: true
2026-10-05T22:56:02.0561925Z   allow-unsafe-pr-checkout: false
2026-10-05T22:56:02.0563406Z ##[endgroup]
2026-10-05T22:56:02.1660653Z Syncing repository: sveltery/cms
2026-10-05T22:56:02.1664169Z ##[group]Getting Git version info
2026-10-05T22:56:02.1665952Z Working directory is '/home/runner/work/cms/cms'
2026-10-05T22:56:02.1669040Z [command]/usr/bin/git version
2026-10-05T22:56:02.1724838Z git version 2.55.0
2026-10-05T22:56:02.1750481Z ##[endgroup]
2026-10-05T22:56:02.1774944Z Temporarily overriding HOME='/home/runner/work/_temp/f54f9a7f-4f85-474f-b09e-f5bec5074b8e' before making global git config changes
2026-10-05T22:56:02.1778978Z Adding repository directory to the temporary git global config as a safe directory
2026-10-05T22:56:02.1782286Z [command]/usr/bin/git config --global --add safe.directory /home/runner/work/cms/cms
2026-10-05T22:56:02.1823540Z Deleting the contents of '/home/runner/work/cms/cms'
2026-10-05T22:56:02.1831037Z ##[group]Initializing the repository
2026-10-05T22:56:02.1835388Z [command]/usr/bin/git init /home/runner/work/cms/cms
2026-10-05T22:56:02.1950674Z hint: Using 'master' as the name for the initial branch. This default branch name
2026-10-05T22:56:02.1954798Z hint: will change to "main" in Git 3.0. To configure the initial branch name
2026-10-05T22:56:02.1958848Z hint: to use in all of your new repositories, which will suppress this warning,
2026-10-05T22:56:02.1961919Z hint: call:
2026-10-05T22:56:02.1963901Z hint:
2026-10-05T22:56:02.1966406Z hint: 	git config --global init.defaultBranch <name>
2026-10-05T22:56:02.1968925Z hint:
2026-10-05T22:56:02.1971269Z hint: Names commonly chosen instead of 'master' are 'main', 'trunk' and
2026-10-05T22:56:02.1975064Z hint: 'development'. The just-created branch can be renamed via this command:
2026-10-05T22:56:02.1978301Z hint:
2026-10-05T22:56:02.1980085Z hint: 	git branch -m <name>
2026-10-05T22:56:02.1982162Z hint:
2026-10-05T22:56:02.1984758Z hint: Disable this message with "git config set advice.defaultBranchName false"
2026-10-05T22:56:02.1989063Z Initialized empty Git repository in /home/runner/work/cms/cms/.git/
2026-10-05T22:56:02.1995170Z [command]/usr/bin/git remote add origin https://github.com/sveltery/cms
2026-10-05T22:56:02.2008766Z ##[endgroup]
2026-10-05T22:56:02.2011527Z ##[group]Disabling automatic garbage collection
2026-10-05T22:56:02.2013266Z [command]/usr/bin/git config --local gc.auto 0
2026-10-05T22:56:02.2062537Z ##[endgroup]
2026-10-05T22:56:02.2065508Z ##[group]Setting up auth
2026-10-05T22:56:02.2067864Z [command]/usr/bin/git config --local --name-only --get-regexp core\.sshCommand
2026-10-05T22:56:02.2106361Z [command]/usr/bin/git submodule foreach --recursive sh -c "git config --local --name-only --get-regexp 'core\.sshCommand' && git config --local --unset-all 'core.sshCommand' || :"
2026-10-05T22:56:02.2558937Z [command]/usr/bin/git config --local --name-only --get-regexp http\.https\:\/\/github\.com\/\.extraheader
2026-10-05T22:56:02.2602505Z [command]/usr/bin/git submodule foreach --recursive sh -c "git config --local --name-only --get-regexp 'http\.https\:\/\/github\.com\/\.extraheader' && git config --local --unset-all 'http.https://github.com/.extraheader' || :"
2026-10-05T22:56:02.2878917Z [command]/usr/bin/git config --local --name-only --get-regexp ^includeIf\.gitdir:
2026-10-05T22:56:02.2921660Z [command]/usr/bin/git submodule foreach --recursive git config --local --show-origin --name-only --get-regexp remote.origin.url
2026-10-05T22:56:02.3179985Z [command]/usr/bin/git config --local http.https://github.com/.extraheader AUTHORIZATION: basic ***
2026-10-05T22:56:02.3226652Z ##[endgroup]
2026-10-05T22:56:02.3229649Z ##[group]Fetching the repository
2026-10-05T22:56:02.3239621Z [command]/usr/bin/git -c protocol.version=2 fetch --no-tags --prune --no-recurse-submodules --depth=1 origin +bf59cb6c427683340350d8446fc8538476a52ffa:refs/remotes/pull/120/merge
2026-10-05T22:56:03.7327757Z From https://github.com/sveltery/cms
2026-10-05T22:56:03.7328712Z  * [new ref]         bf59cb6c427683340350d8446fc8538476a52ffa -> pull/120/merge
2026-10-05T22:56:03.7332189Z ##[endgroup]
2026-10-05T22:56:03.7333150Z ##[group]Determining the checkout info
2026-10-05T22:56:03.7334900Z ##[endgroup]
2026-10-05T22:56:03.7341097Z [command]/usr/bin/git sparse-checkout disable
2026-10-05T22:56:03.7394697Z [command]/usr/bin/git config --local --unset-all extensions.worktreeConfig
2026-10-05T22:56:03.7443097Z ##[group]Checking out the ref
2026-10-05T22:56:03.7472363Z [command]/usr/bin/git checkout --progress --force refs/remotes/pull/120/merge
2026-10-05T22:56:04.1914273Z Note: switching to 'refs/remotes/pull/120/merge'.
2026-10-05T22:56:04.1914773Z 
2026-10-05T22:56:04.1915199Z You are in 'detached HEAD' state. You can look around, make experimental
2026-10-05T22:56:04.1917585Z changes and commit them, and you can discard any commits you make in this
2026-10-05T22:56:04.1918355Z state without impacting any branches by switching back to a branch.
2026-10-05T22:56:04.1918789Z 
2026-10-05T22:56:04.1919072Z If you want to create a new branch to retain commits you create, you may
2026-10-05T22:56:04.1919646Z do so (now or later) by using -c with the switch command. Example:
2026-10-05T22:56:04.1920275Z 
2026-10-05T22:56:04.1920398Z   git switch -c <new-branch-name>
2026-10-05T22:56:04.1920607Z 
2026-10-05T22:56:04.1920746Z Or undo this operation with:
2026-10-05T22:56:04.1920920Z 
2026-10-05T22:56:04.1921008Z   git switch -
2026-10-05T22:56:04.1921187Z 
2026-10-05T22:56:04.1921397Z Turn off this advice by setting config variable advice.detachedHead to false
2026-10-05T22:56:04.1921710Z 
2026-10-05T22:56:04.1922051Z HEAD is now at bf59cb6 Merge c73698dcba0f938d26e6fa1d60457dcfa2609fac into 99c659f67a2117f9e523f1231f0f44d207713396
2026-10-05T22:56:04.1935369Z ##[endgroup]
2026-10-05T22:56:04.1983393Z [command]/usr/bin/git log -1 --format=%H
2026-10-05T22:56:04.2014623Z bf59cb6c427683340350d8446fc8538476a52ffa
2026-10-05T22:56:04.2273882Z ##[group]Run pnpm/action-setup@v4
2026-10-05T22:56:04.2274185Z with:
2026-10-05T22:56:04.2274390Z   version: 12.6.0
2026-10-05T22:56:04.2274603Z   dest: ~/setup-pnpm
2026-10-05T22:56:04.2274820Z   run_install: null
2026-10-05T22:56:04.2275049Z   cache: false
2026-10-05T22:56:04.2275274Z   cache_dependency_path: pnpm-lock.yaml
2026-10-05T22:56:04.2275600Z   package_json_file: package.json
2026-10-05T22:56:04.2275855Z   standalone: false
2026-10-05T22:56:04.2276413Z ##[endgroup]
2026-10-05T22:56:04.3790487Z ##[group]Running self-installer...
2026-10-05T22:56:04.8189525Z (node:2032) [DEP0169] DeprecationWarning: `url.parse()` behavior is not standardized and prone to errors that have security implications. Use the WHATWG URL API instead. CVEs are not issued for `url.parse()` vulnerabilities.
2026-10-05T22:56:04.8190867Z (Use `node --trace-deprecation ...` to show where the warning was created)
2026-10-05T22:56:04.9671272Z Progress: resolved 1, reused 0, downloaded 0, added 0
2026-10-05T22:56:05.1009892Z Packages: +3
2026-10-05T22:56:05.1010534Z +++
2026-10-05T22:56:05.8957363Z Progress: resolved 15, reused 0, downloaded 3, added 3, done
2026-10-05T22:56:05.9163060Z .../.pnpm/pnpm@12.6.0/node_modules/pnpm preinstall$ node install.js
2026-10-05T22:56:06.1221229Z .../.pnpm/pnpm@12.6.0/node_modules/pnpm preinstall: Done
2026-10-05T22:56:06.1229462Z .../.pnpm/pnpm@12.6.0/node_modules/pnpm postinstall$ node install.js
2026-10-05T22:56:06.1736622Z .../.pnpm/pnpm@12.6.0/node_modules/pnpm postinstall: Done
2026-10-05T22:56:07.6216636Z 
2026-10-05T22:56:07.6217137Z dependencies:
2026-10-05T22:56:07.6217559Z + pnpm 12.6.0 (12.9.1 is available)
2026-10-05T22:56:07.6217875Z 
2026-10-05T22:56:07.6245135Z Done in 3s
2026-10-05T22:56:07.6900138Z ##[endgroup]
2026-10-05T22:56:07.6900530Z Installation Completed!
2026-10-05T22:56:07.7100201Z ##[group]Run actions/setup-node@v4
2026-10-05T22:56:07.7100486Z with:
2026-10-05T22:56:07.7100677Z   node-version: 24
2026-10-05T22:56:07.7100882Z   cache: pnpm
2026-10-05T22:56:07.7101078Z   always-auth: false
2026-10-05T22:56:07.7101294Z   check-latest: false
2026-10-05T22:56:07.7103841Z   token: ***
2026-10-05T22:56:07.7104035Z env:
2026-10-05T22:56:07.7104286Z   PNPM_HOME: /home/runner/setup-pnpm/node_modules/.bin
2026-10-05T22:56:07.7104605Z ##[endgroup]
2026-10-05T22:56:07.8687821Z Found in cache @ /opt/hostedtoolcache/node/24.21.0/x64
2026-10-05T22:56:07.8690955Z (node:2062) [DEP0040] DeprecationWarning: The `punycode` module is deprecated. Please use a userland alternative instead.
2026-10-05T22:56:07.8692231Z (Use `node --trace-deprecation ...` to show where the warning was created)
2026-10-05T22:56:07.8694147Z ##[group]Environment details
2026-10-05T22:56:08.2998462Z node: v24.21.0
2026-10-05T22:56:08.2998842Z npm: 11.19.0
2026-10-05T22:56:08.2999179Z yarn: 1.22.22
2026-10-05T22:56:08.3000718Z ##[endgroup]
2026-10-05T22:56:08.3026546Z [command]/home/runner/setup-pnpm/node_modules/.bin/pnpm store path --silent
2026-10-05T22:56:08.3225295Z /home/runner/setup-pnpm/node_modules/.bin/store/v11
2026-10-05T22:56:08.4498921Z Cache hit for: node-cache-Linux-x64-pnpm-cb01908ec0d0a45d9eb29e44f56e05364983ff2ce958acc694c939d2835b5d56
2026-10-05T22:56:08.4608507Z (node:2062) [DEP0169] DeprecationWarning: `url.parse()` behavior is not standardized and prone to errors that have security implications. Use the WHATWG URL API instead. CVEs are not issued for `url.parse()` vulnerabilities.
2026-10-05T22:56:09.4225880Z Received 174062786 of 174062786 (100.0%), 181.4 MBs/sec
2026-10-05T22:56:09.4226884Z Cache Size: ~166 MB (174062786 B)
2026-10-05T22:56:09.4345297Z [command]/usr/bin/tar -xf /home/runner/work/_temp/ca69301b-4f71-435f-b2af-97eba8cf7e01/cache.tzst -P -C /home/runner/work/cms/cms --use-compress-program unzstd
2026-10-05T22:56:11.4961531Z Cache restored successfully
2026-10-05T22:56:11.5367440Z Cache restored from key: node-cache-Linux-x64-pnpm-cb01908ec0d0a45d9eb29e44f56e05364983ff2ce958acc694c939d2835b5d56
2026-10-05T22:56:11.5571762Z ##[group]Run pnpm install --frozen-lockfile
2026-10-05T22:56:11.5572196Z [36;1mpnpm install --frozen-lockfile[0m
2026-10-05T22:56:11.5982061Z shell: /usr/bin/bash -e {0}
2026-10-05T22:56:11.5982343Z env:
2026-10-05T22:56:11.5982621Z   PNPM_HOME: /home/runner/setup-pnpm/node_modules/.bin
2026-10-05T22:56:11.5982957Z ##[endgroup]
2026-10-05T22:56:11.6557432Z ? Verifying lockfile against supply-chain policies (534 entries)...
2026-10-05T22:56:11.8599975Z Packages are hard linked from the content-addressable store to the virtual store.
2026-10-05T22:56:11.8601535Z   Content-addressable store is at: /home/runner/setup-pnpm/node_modules/.bin/store/v11
2026-10-05T22:56:11.8602771Z   Virtual store is at:             node_modules/.pnpm
2026-10-05T22:56:15.2561660Z ✓ Lockfile passes supply-chain policies (534 entries in 3.6s)
2026-10-05T22:56:15.2562471Z Lockfile is up to date, resolution step is skipped
2026-10-05T22:56:15.2618053Z Packages: +403
2026-10-05T22:56:15.2618889Z ++++++++++++++++++++++++++++++++++++++++++++++++++++++++++++++++++++++++++++++++
2026-10-05T22:56:15.3166985Z Progress: resolved 403, reused 403, downloaded 0, added 403, done
2026-10-05T22:56:15.3868803Z . prepare$ svelte-kit sync
2026-10-05T22:56:16.4137564Z . prepare: Done
2026-10-05T22:56:16.4146764Z 
2026-10-05T22:56:16.4147186Z dependencies:
2026-10-05T22:56:16.4147633Z + @oslojs/crypto 1.0.1
2026-10-05T22:56:16.4148092Z + @oslojs/encoding 1.1.0
2026-10-05T22:56:16.4148540Z + @oslojs/webauthn 1.0.0
2026-10-05T22:56:16.4149166Z + @wordpress/block-serialization-default-parser 5.38.0
2026-10-05T22:56:16.4149787Z + blurhash 2.0.5
2026-10-05T22:56:16.4150138Z + cn 0.2.2
2026-10-05T22:56:16.4150454Z + date-fns 4.1.0
2026-10-05T22:56:16.4150814Z + image-size 2.0.2
2026-10-05T22:56:16.4151162Z + jpeg-js 0.4.4
2026-10-05T22:56:16.4151529Z + jsonc-parser 3.3.1
2026-10-05T22:56:16.4151892Z + kysely 0.29.2
2026-10-05T22:56:16.4152216Z + mime 4.1.0
2026-10-05T22:56:16.4152542Z + parse5 7.3.0
2026-10-05T22:56:16.4152914Z + smol-toml 1.6.0
2026-10-05T22:56:16.4153311Z + ulidx 2.4.1
2026-10-05T22:56:16.4153633Z + upng-js 2.1.0
2026-10-05T22:56:16.4153961Z + valibot 1.5.0
2026-10-05T22:56:16.4154302Z + zod 4.5.4
2026-10-05T22:56:16.4154478Z 
2026-10-05T22:56:16.4154631Z devDependencies:
2026-10-05T22:56:16.4154988Z + @babel/core 7.29.7
2026-10-05T22:56:16.4155402Z + @cloudflare/kumo 2.6.0
2026-10-05T22:56:16.4156192Z + @cloudflare/workers-types 4.20260507.1
2026-10-05T22:56:16.4156712Z + @floating-ui/dom 1.8.0
2026-10-05T22:56:16.4157216Z + @lingui/babel-plugin-lingui-macro 5.9.5
2026-10-05T22:56:16.4157712Z + @lingui/conf 5.9.5
2026-10-05T22:56:16.4158070Z + @lingui/core 5.9.5
2026-10-05T22:56:16.4158420Z + @lingui/react 5.9.5
2026-10-05T22:56:16.4158831Z + @playwright/test 1.63.0
2026-10-05T22:56:16.4159274Z + @sveltejs/adapter-auto 7.0.1
2026-10-05T22:56:16.4159773Z + @sveltejs/adapter-cloudflare 7.2.9
2026-10-05T22:56:16.4160303Z + @sveltejs/adapter-node 5.5.7
2026-10-05T22:56:16.4160724Z + @sveltejs/kit 2.70.3
2026-10-05T22:56:16.4161178Z + @sveltejs/vite-plugin-svelte 7.3.1
2026-10-05T22:56:16.4161672Z + @tanstack/react-query 5.90.21
2026-10-05T22:56:16.4162164Z + @tanstack/react-router 1.163.2
2026-10-05T22:56:16.4162657Z + @testing-library/react 16.3.2
2026-10-05T22:56:16.4163070Z + @types/jsdom 30.0.0
2026-10-05T22:56:16.4163780Z + @types/node 24.19.0
2026-10-05T22:56:16.4164142Z + @types/react 19.3.0
2026-10-05T22:56:16.4164524Z + @types/react-dom 19.3.0
2026-10-05T22:56:16.4164975Z + @vitest/browser-playwright 4.1.10
2026-10-05T22:56:16.4165438Z + devalue 5.9.4
2026-10-05T22:56:16.4165749Z + jsdom 30.1.1
2026-10-05T22:56:16.4166298Z + miniflare 4.20260507.1
2026-10-05T22:56:16.4166668Z + pg 8.18.0
2026-10-05T22:56:16.4166965Z + react 19.3.0
2026-10-05T22:56:16.4167305Z + react-day-picker 9.14.0
2026-10-05T22:56:16.4167697Z + react-dom 19.3.0
2026-10-05T22:56:16.4168025Z + svelte 5.57.1
2026-10-05T22:56:16.4168362Z + svelte-check 4.7.6
2026-10-05T22:56:16.4168732Z + typescript 6.0.3
2026-10-05T22:56:16.4169096Z + vite 8.3.2
2026-10-05T22:56:16.4169741Z + vitest 4.1.10
2026-10-05T22:56:16.4170222Z + vitest-browser-react 2.2.0
2026-10-05T22:56:16.4170708Z + wrangler 4.99.0
2026-10-05T22:56:16.4170936Z 
2026-10-05T22:56:16.4178731Z Done in 4.8s using pnpm v12.6.0
2026-10-05T22:56:16.4577732Z ##[group]Run pnpm exec playwright install --with-deps chromium
2026-10-05T22:56:16.4578242Z [36;1mpnpm exec playwright install --with-deps chromium[0m
2026-10-05T22:56:16.4649668Z shell: /usr/bin/bash -e {0}
2026-10-05T22:56:16.4649919Z env:
2026-10-05T22:56:16.4650171Z   PNPM_HOME: /home/runner/setup-pnpm/node_modules/.bin
2026-10-05T22:56:16.4650487Z ##[endgroup]
2026-10-05T22:56:17.0096922Z Installing dependencies...
2026-10-05T22:56:17.0173891Z Switching to root user to install dependencies...
2026-10-05T22:56:17.1417944Z Get:1 file:/etc/apt/apt-mirrors.txt Mirrorlist [144 B]
2026-10-05T22:56:17.1764076Z Hit:2 http://azure.archive.ubuntu.com/ubuntu jammy InRelease
2026-10-05T22:56:17.1765564Z Get:6 https://packages.microsoft.com/ubuntu/22.04/prod jammy InRelease [3632 B]
2026-10-05T22:56:17.1798145Z Get:3 http://azure.archive.ubuntu.com/ubuntu jammy-updates InRelease [128 kB]
2026-10-05T22:56:17.1827301Z Get:4 http://azure.archive.ubuntu.com/ubuntu jammy-backports InRelease [127 kB]
2026-10-05T22:56:17.1851549Z Get:5 http://azure.archive.ubuntu.com/ubuntu jammy-security InRelease [129 kB]
2026-10-05T22:56:17.3423806Z Get:7 https://packages.microsoft.com/ubuntu/22.04/prod jammy/main amd64 Packages [797 kB]
2026-10-05T22:56:17.3617497Z Get:8 https://packages.microsoft.com/ubuntu/22.04/prod jammy/main arm64 Packages [551 kB]
2026-10-05T22:56:17.4264588Z Get:9 http://azure.archive.ubuntu.com/ubuntu jammy-updates/main amd64 Packages [3907 kB]
2026-10-05T22:56:17.4475048Z Get:10 http://azure.archive.ubuntu.com/ubuntu jammy-updates/main Translation-en [576 kB]
2026-10-05T22:56:17.4546999Z Get:11 http://azure.archive.ubuntu.com/ubuntu jammy-updates/restricted amd64 Packages [6714 kB]
2026-10-05T22:56:17.4821889Z Get:12 http://azure.archive.ubuntu.com/ubuntu jammy-updates/restricted Translation-en [1290 kB]
2026-10-05T22:56:17.4896213Z Get:13 http://azure.archive.ubuntu.com/ubuntu jammy-updates/universe amd64 Packages [1285 kB]
2026-10-05T22:56:17.4968260Z Get:14 http://azure.archive.ubuntu.com/ubuntu jammy-updates/universe Translation-en [325 kB]
2026-10-05T22:56:17.6171213Z Get:15 http://azure.archive.ubuntu.com/ubuntu jammy-security/main amd64 Packages [3631 kB]
2026-10-05T22:56:17.6378074Z Get:16 http://azure.archive.ubuntu.com/ubuntu jammy-security/main Translation-en [508 kB]
2026-10-05T22:56:17.6394204Z Get:17 http://azure.archive.ubuntu.com/ubuntu jammy-security/restricted amd64 Packages [6465 kB]
2026-10-05T22:56:17.6718085Z Get:18 http://azure.archive.ubuntu.com/ubuntu jammy-security/restricted Translation-en [1244 kB]
2026-10-05T22:56:17.7185324Z Get:19 http://azure.archive.ubuntu.com/ubuntu jammy-security/universe amd64 Packages [1052 kB]
2026-10-05T22:56:17.7239220Z Get:20 http://azure.archive.ubuntu.com/ubuntu jammy-security/universe Translation-en [237 kB]
2026-10-05T22:56:23.0573609Z Fetched 29.0 MB in 3s (9088 kB/s)
2026-10-05T22:56:24.3154928Z Reading package lists...
2026-10-05T22:56:24.3789081Z Reading package lists...
2026-10-05T22:56:24.6112744Z Building dependency tree...
2026-10-05T22:56:24.6124133Z Reading state information...
2026-10-05T22:56:24.7747985Z fonts-liberation is already the newest version (1:1.07.4-11).
2026-10-05T22:56:24.7748983Z fonts-liberation set to manually installed.
2026-10-05T22:56:24.7750043Z libatk-bridge2.0-0 is already the newest version (2.38.0-3).
2026-10-05T22:56:24.7751029Z libatk-bridge2.0-0 set to manually installed.
2026-10-05T22:56:24.7751794Z libatk1.0-0 is already the newest version (2.36.0-3build1).
2026-10-05T22:56:24.7752491Z libatk1.0-0 set to manually installed.
2026-10-05T22:56:24.7753155Z libatspi2.0-0 is already the newest version (2.44.0-3).
2026-10-05T22:56:24.7753768Z libatspi2.0-0 set to manually installed.
2026-10-05T22:56:24.7754482Z libfontconfig1 is already the newest version (2.13.1-4.2ubuntu5).
2026-10-05T22:56:24.7755145Z libfontconfig1 set to manually installed.
2026-10-05T22:56:24.7755771Z libxcb1 is already the newest version (1.14-3ubuntu3).
2026-10-05T22:56:24.7756629Z libxcb1 set to manually installed.
2026-10-05T22:56:24.7757825Z libxcomposite1 is already the newest version (1:0.4.5-1build2).
2026-10-05T22:56:24.7758556Z libxcomposite1 set to manually installed.
2026-10-05T22:56:24.7759342Z libxdamage1 is already the newest version (1:1.1.5-2build2).
2026-10-05T22:56:24.7760071Z libxdamage1 set to manually installed.
2026-10-05T22:56:24.7760760Z libxext6 is already the newest version (2:1.3.4-1build1).
2026-10-05T22:56:24.7761452Z libxext6 set to manually installed.
2026-10-05T22:56:24.7762165Z libxfixes3 is already the newest version (1:6.0.0-1).
2026-10-05T22:56:24.7762865Z libxfixes3 set to manually installed.
2026-10-05T22:56:24.7763600Z libxkbcommon0 is already the newest version (1.4.0-1).
2026-10-05T22:56:24.7764329Z libxkbcommon0 set to manually installed.
2026-10-05T22:56:24.7765094Z libxrandr2 is already the newest version (2:1.5.2-1build1).
2026-10-05T22:56:24.7765791Z libxrandr2 set to manually installed.
2026-10-05T22:56:24.7766977Z fonts-noto-color-emoji is already the newest version (2.047-0ubuntu0.22.04.1).
2026-10-05T22:56:24.7767971Z libasound2 is already the newest version (1.2.6.1-1ubuntu1.2).
2026-10-05T22:56:24.7768697Z libasound2 set to manually installed.
2026-10-05T22:56:24.7769447Z libcairo2 is already the newest version (1.16.0-5ubuntu2.1).
2026-10-05T22:56:24.7770169Z libcairo2 set to manually installed.
2026-10-05T22:56:24.7770882Z libcups2 is already the newest version (2.4.1op1-1ubuntu4.21).
2026-10-05T22:56:24.7771572Z libcups2 set to manually installed.
2026-10-05T22:56:24.7772322Z libdbus-1-3 is already the newest version (1.12.20-2ubuntu4.1).
2026-10-05T22:56:24.7773045Z libdbus-1-3 set to manually installed.
2026-10-05T22:56:24.7773810Z libdrm2 is already the newest version (2.4.113-2~ubuntu0.22.04.1).
2026-10-05T22:56:24.7774580Z libdrm2 set to manually installed.
2026-10-05T22:56:24.7775351Z libfreetype6 is already the newest version (2.11.1+dfsg-1ubuntu0.3).
2026-10-05T22:56:24.7776405Z libfreetype6 set to manually installed.
2026-10-05T22:56:24.7777307Z libgbm1 is already the newest version (23.2.1-1ubuntu3.1~22.04.4).
2026-10-05T22:56:24.7778154Z libgbm1 set to manually installed.
2026-10-05T22:56:24.7778903Z libglib2.0-0 is already the newest version (2.72.4-0ubuntu2.10).
2026-10-05T22:56:24.7779648Z libglib2.0-0 set to manually installed.
2026-10-05T22:56:24.7780452Z libnspr4 is already the newest version (2:4.35-0ubuntu0.22.04.1).
2026-10-05T22:56:24.7781345Z libnss3 is already the newest version (2:3.98-0ubuntu0.22.04.4).
2026-10-05T22:56:24.7782238Z libpango-1.0-0 is already the newest version (1.50.6+ds-2ubuntu1).
2026-10-05T22:56:24.7783022Z libpango-1.0-0 set to manually installed.
2026-10-05T22:56:24.7783836Z libwayland-client0 is already the newest version (1.20.0-1ubuntu0.1).
2026-10-05T22:56:24.7784664Z libwayland-client0 set to manually installed.
2026-10-05T22:56:24.7785451Z libx11-6 is already the newest version (2:1.7.5-1ubuntu0.3).
2026-10-05T22:56:24.7786423Z libx11-6 set to manually installed.
2026-10-05T22:56:24.7787211Z xvfb is already the newest version (2:21.1.4-2ubuntu1.7~22.04.16).
2026-10-05T22:56:24.7788048Z The following additional packages will be installed:
2026-10-05T22:56:24.7789020Z   xfonts-encodings xfonts-utils
2026-10-05T22:56:24.7789542Z Recommended packages:
2026-10-05T22:56:24.7790029Z   fonts-ipafont-mincho fonts-tlwg-loma
2026-10-05T22:56:24.7958502Z The following NEW packages will be installed:
2026-10-05T22:56:24.7959037Z   fonts-freefont-ttf fonts-ipafont-gothic fonts-tlwg-loma-otf fonts-unifont
2026-10-05T22:56:24.7964244Z   fonts-wqy-zenhei xfonts-cyrillic xfonts-encodings xfonts-scalable
2026-10-05T22:56:24.7964647Z   xfonts-utils
2026-10-05T22:56:24.8153241Z 0 upgraded, 9 newly installed, 0 to remove and 20 not upgraded.
2026-10-05T22:56:24.8153963Z Need to get 18.4 MB of archives.
2026-10-05T22:56:24.8154706Z After this operation, 56.8 MB of additional disk space will be used.
2026-10-05T22:56:24.8155552Z Get:1 file:/etc/apt/apt-mirrors.txt Mirrorlist [144 B]
2026-10-05T22:56:25.0238855Z Get:2 http://azure.archive.ubuntu.com/ubuntu jammy/universe amd64 fonts-ipafont-gothic all 00303-21ubuntu1 [3513 kB]
2026-10-05T22:56:25.9078571Z Get:3 http://azure.archive.ubuntu.com/ubuntu jammy/main amd64 fonts-freefont-ttf all 20120503-10build1 [2388 kB]
2026-10-05T22:56:26.0469744Z Get:4 http://azure.archive.ubuntu.com/ubuntu jammy/universe amd64 fonts-tlwg-loma-otf all 1:0.7.3-1 [107 kB]
2026-10-05T22:56:26.1437842Z Get:5 http://azure.archive.ubuntu.com/ubuntu jammy/universe amd64 fonts-unifont all 1:14.0.01-1 [3551 kB]
2026-10-05T22:56:26.3412269Z Get:6 http://azure.archive.ubuntu.com/ubuntu jammy/universe amd64 fonts-wqy-zenhei all 0.9.45-8 [7472 kB]
2026-10-05T22:56:26.6388575Z Get:7 http://azure.archive.ubuntu.com/ubuntu jammy/main amd64 xfonts-encodings all 1:1.0.5-0ubuntu2 [578 kB]
2026-10-05T22:56:26.7394956Z Get:8 http://azure.archive.ubuntu.com/ubuntu jammy/main amd64 xfonts-utils amd64 1:7.7+6build2 [94.6 kB]
2026-10-05T22:56:26.8353386Z Get:9 http://azure.archive.ubuntu.com/ubuntu jammy/universe amd64 xfonts-cyrillic all 1:1.0.5 [386 kB]
2026-10-05T22:56:26.9341353Z Get:10 http://azure.archive.ubuntu.com/ubuntu jammy/main amd64 xfonts-scalable all 1:1.0.3-1.2ubuntu1 [306 kB]
2026-10-05T22:56:27.2596437Z Fetched 18.4 MB in 2s (8617 kB/s)
2026-10-05T22:56:27.2909930Z Selecting previously unselected package fonts-ipafont-gothic.
2026-10-05T22:56:27.3272079Z (Reading database ... 
2026-10-05T22:56:27.3273198Z (Reading database ... 5%
2026-10-05T22:56:27.3273652Z (Reading database ... 10%
2026-10-05T22:56:27.3274047Z (Reading database ... 15%
2026-10-05T22:56:27.3274303Z (Reading database ... 20%
2026-10-05T22:56:27.3274552Z (Reading database ... 25%
2026-10-05T22:56:27.3274793Z (Reading database ... 30%
2026-10-05T22:56:27.3275036Z (Reading database ... 35%
2026-10-05T22:56:27.3275282Z (Reading database ... 40%
2026-10-05T22:56:27.3275522Z (Reading database ... 45%
2026-10-05T22:56:27.3275766Z (Reading database ... 50%
2026-10-05T22:56:27.4246709Z (Reading database ... 55%
2026-10-05T22:56:27.5902130Z (Reading database ... 60%
2026-10-05T22:56:27.7821399Z (Reading database ... 65%
2026-10-05T22:56:28.0027728Z (Reading database ... 70%
2026-10-05T22:56:28.1251669Z (Reading database ... 75%
2026-10-05T22:56:28.2869440Z (Reading database ... 80%
2026-10-05T22:56:28.4837819Z (Reading database ... 85%
2026-10-05T22:56:28.6825179Z (Reading database ... 90%
2026-10-05T22:56:28.8812107Z (Reading database ... 95%
2026-10-05T22:56:28.8812521Z (Reading database ... 100%
2026-10-05T22:56:28.8813095Z (Reading database ... 260411 files and directories currently installed.)
2026-10-05T22:56:28.8858307Z Preparing to unpack .../0-fonts-ipafont-gothic_00303-21ubuntu1_all.deb ...
2026-10-05T22:56:28.8966289Z Unpacking fonts-ipafont-gothic (00303-21ubuntu1) ...
2026-10-05T22:56:29.1494534Z Selecting previously unselected package fonts-freefont-ttf.
2026-10-05T22:56:29.1696541Z Preparing to unpack .../1-fonts-freefont-ttf_20120503-10build1_all.deb ...
2026-10-05T22:56:29.1703292Z Unpacking fonts-freefont-ttf (20120503-10build1) ...
2026-10-05T22:56:29.3568274Z Selecting previously unselected package fonts-tlwg-loma-otf.
2026-10-05T22:56:29.3770611Z Preparing to unpack .../2-fonts-tlwg-loma-otf_1%3a0.7.3-1_all.deb ...
2026-10-05T22:56:29.3778565Z Unpacking fonts-tlwg-loma-otf (1:0.7.3-1) ...
2026-10-05T22:56:29.4005828Z Selecting previously unselected package fonts-unifont.
2026-10-05T22:56:29.4206606Z Preparing to unpack .../3-fonts-unifont_1%3a14.0.01-1_all.deb ...
2026-10-05T22:56:29.4213385Z Unpacking fonts-unifont (1:14.0.01-1) ...
2026-10-05T22:56:29.5061944Z Selecting previously unselected package fonts-wqy-zenhei.
2026-10-05T22:56:29.5265285Z Preparing to unpack .../4-fonts-wqy-zenhei_0.9.45-8_all.deb ...
2026-10-05T22:56:29.5378889Z Unpacking fonts-wqy-zenhei (0.9.45-8) ...
2026-10-05T22:56:30.0609160Z Selecting previously unselected package xfonts-encodings.
2026-10-05T22:56:30.0813792Z Preparing to unpack .../5-xfonts-encodings_1%3a1.0.5-0ubuntu2_all.deb ...
2026-10-05T22:56:30.0821211Z Unpacking xfonts-encodings (1:1.0.5-0ubuntu2) ...
2026-10-05T22:56:30.1142519Z Selecting previously unselected package xfonts-utils.
2026-10-05T22:56:30.1342561Z Preparing to unpack .../6-xfonts-utils_1%3a7.7+6build2_amd64.deb ...
2026-10-05T22:56:30.1349761Z Unpacking xfonts-utils (1:7.7+6build2) ...
2026-10-05T22:56:30.1746491Z Selecting previously unselected package xfonts-cyrillic.
2026-10-05T22:56:30.1945429Z Preparing to unpack .../7-xfonts-cyrillic_1%3a1.0.5_all.deb ...
2026-10-05T22:56:30.1952786Z Unpacking xfonts-cyrillic (1:1.0.5) ...
2026-10-05T22:56:30.2434517Z Selecting previously unselected package xfonts-scalable.
2026-10-05T22:56:30.2632876Z Preparing to unpack .../8-xfonts-scalable_1%3a1.0.3-1.2ubuntu1_all.deb ...
2026-10-05T22:56:30.2640952Z Unpacking xfonts-scalable (1:1.0.3-1.2ubuntu1) ...
2026-10-05T22:56:30.3175201Z Setting up fonts-wqy-zenhei (0.9.45-8) ...
2026-10-05T22:56:30.3302338Z Setting up fonts-freefont-ttf (20120503-10build1) ...
2026-10-05T22:56:30.3320007Z Setting up fonts-tlwg-loma-otf (1:0.7.3-1) ...
2026-10-05T22:56:30.3338936Z Setting up xfonts-encodings (1:1.0.5-0ubuntu2) ...
2026-10-05T22:56:30.3358410Z Setting up fonts-ipafont-gothic (00303-21ubuntu1) ...
2026-10-05T22:56:30.3440583Z update-alternatives: using /usr/share/fonts/opentype/ipafont-gothic/ipag.ttf to provide /usr/share/fonts/truetype/fonts-japanese-gothic.ttf (fonts-japanese-gothic.ttf) in auto mode
2026-10-05T22:56:30.3460391Z Setting up fonts-unifont (1:14.0.01-1) ...
2026-10-05T22:56:30.3478743Z Setting up xfonts-utils (1:7.7+6build2) ...
2026-10-05T22:56:30.3519017Z Setting up xfonts-cyrillic (1:1.0.5) ...
2026-10-05T22:56:30.3855002Z Setting up xfonts-scalable (1:1.0.3-1.2ubuntu1) ...
2026-10-05T22:56:30.4156898Z Processing triggers for man-db (2.10.2-1) ...
2026-10-05T22:56:30.4178112Z Not building database; man-db/auto-update is not 'true'.
2026-10-05T22:56:30.4189936Z Processing triggers for fontconfig (2.13.1-4.2ubuntu5) ...
2026-10-05T22:56:31.1149394Z 
2026-10-05T22:56:31.1150114Z Running kernel seems to be up-to-date.
2026-10-05T22:56:31.1150581Z 
2026-10-05T22:56:31.1150905Z No services need to be restarted.
2026-10-05T22:56:31.1151228Z 
2026-10-05T22:56:31.1151491Z No containers need to be restarted.
2026-10-05T22:56:31.1151811Z 
2026-10-05T22:56:31.1152133Z No user sessions are running outdated binaries.
2026-10-05T22:56:31.1152502Z 
2026-10-05T22:56:31.1153032Z No VM guests are running outdated hypervisor (qemu) binaries on this host.
2026-10-05T22:56:32.3393868Z Downloading Chrome for Testing 153.0.8010.12 (playwright chromium v1243) from https://cdn.playwright.dev/builds/cft/153.0.8010.12/linux64/chrome-linux64.zip
2026-10-05T22:56:32.7249015Z |                                                                                |   0% of 186.8 MiB
2026-10-05T22:56:32.8792201Z |■■■■■■■■                                                                        |  10% of 186.8 MiB
2026-10-05T22:56:32.9694590Z |■■■■■■■■■■■■■■■■                                                                |  20% of 186.8 MiB
2026-10-05T22:56:33.0661643Z |■■■■■■■■■■■■■■■■■■■■■■■■                                                        |  30% of 186.8 MiB
2026-10-05T22:56:33.1310486Z |■■■■■■■■■■■■■■■■■■■■■■■■■■■■■■■■                                                |  40% of 186.8 MiB
2026-10-05T22:56:33.2096556Z |■■■■■■■■■■■■■■■■■■■■■■■■■■■■■■■■■■■■■■■■                                        |  50% of 186.8 MiB
2026-10-05T22:56:33.2855611Z |■■■■■■■■■■■■■■■■■■■■■■■■■■■■■■■■■■■■■■■■■■■■■■■■                                |  60% of 186.8 MiB
2026-10-05T22:56:33.3459558Z |■■■■■■■■■■■■■■■■■■■■■■■■■■■■■■■■■■■■■■■■■■■■■■■■■■■■■■■■                        |  70% of 186.8 MiB
2026-10-05T22:56:33.4304035Z |■■■■■■■■■■■■■■■■■■■■■■■■■■■■■■■■■■■■■■■■■■■■■■■■■■■■■■■■■■■■■■■■                |  80% of 186.8 MiB
2026-10-05T22:56:33.5162132Z |■■■■■■■■■■■■■■■■■■■■■■■■■■■■■■■■■■■■■■■■■■■■■■■■■■■■■■■■■■■■■■■■■■■■■■■■        |  90% of 186.8 MiB
2026-10-05T22:56:33.5998523Z |■■■■■■■■■■■■■■■■■■■■■■■■■■■■■■■■■■■■■■■■■■■■■■■■■■■■■■■■■■■■■■■■■■■■■■■■■■■■■■■■| 100% of 186.8 MiB
2026-10-05T22:56:36.7873408Z Chrome for Testing 153.0.8010.12 (playwright chromium v1243) downloaded to /home/runner/.cache/ms-playwright/chromium-1243
2026-10-05T22:56:36.7877229Z Downloading FFmpeg (playwright ffmpeg v1011) from https://cdn.playwright.dev/dbazure/download/playwright/builds/ffmpeg/1011/ffmpeg-linux.zip
2026-10-05T22:56:37.2596390Z |                                                                                |   0% of 2.3 MiB
2026-10-05T22:56:37.2639360Z |■■■■■■■■                                                                        |  10% of 2.3 MiB
2026-10-05T22:56:37.2660294Z |■■■■■■■■■■■■■■■■                                                                |  20% of 2.3 MiB
2026-10-05T22:56:37.2703211Z |■■■■■■■■■■■■■■■■■■■■■■■■                                                        |  30% of 2.3 MiB
2026-10-05T22:56:37.2731030Z |■■■■■■■■■■■■■■■■■■■■■■■■■■■■■■■■                                                |  40% of 2.3 MiB
2026-10-05T22:56:37.2745311Z |■■■■■■■■■■■■■■■■■■■■■■■■■■■■■■■■■■■■■■■■                                        |  50% of 2.3 MiB
2026-10-05T22:56:37.2760599Z |■■■■■■■■■■■■■■■■■■■■■■■■■■■■■■■■■■■■■■■■■■■■■■■■                                |  60% of 2.3 MiB
2026-10-05T22:56:37.2778734Z |■■■■■■■■■■■■■■■■■■■■■■■■■■■■■■■■■■■■■■■■■■■■■■■■■■■■■■■■                        |  70% of 2.3 MiB
2026-10-05T22:56:37.2807489Z |■■■■■■■■■■■■■■■■■■■■■■■■■■■■■■■■■■■■■■■■■■■■■■■■■■■■■■■■■■■■■■■■                |  80% of 2.3 MiB
2026-10-05T22:56:37.2824167Z |■■■■■■■■■■■■■■■■■■■■■■■■■■■■■■■■■■■■■■■■■■■■■■■■■■■■■■■■■■■■■■■■■■■■■■■■        |  90% of 2.3 MiB
2026-10-05T22:56:37.2833956Z |■■■■■■■■■■■■■■■■■■■■■■■■■■■■■■■■■■■■■■■■■■■■■■■■■■■■■■■■■■■■■■■■■■■■■■■■■■■■■■■■| 100% of 2.3 MiB
2026-10-05T22:56:37.3431115Z FFmpeg (playwright ffmpeg v1011) downloaded to /home/runner/.cache/ms-playwright/ffmpeg-1011
2026-10-05T22:56:37.3434528Z Downloading Chrome Headless Shell 153.0.8010.12 (playwright chromium-headless-shell v1243) from https://cdn.playwright.dev/builds/cft/153.0.8010.12/linux64/chrome-headless-shell-linux64.zip
2026-10-05T22:56:37.7365448Z |                                                                                |   0% of 114.3 MiB
2026-10-05T22:56:38.2508414Z |■■■■■■■■                                                                        |  10% of 114.3 MiB
2026-10-05T22:56:38.7018937Z |■■■■■■■■■■■■■■■■                                                                |  20% of 114.3 MiB
2026-10-05T22:56:39.2078828Z |■■■■■■■■■■■■■■■■■■■■■■■■                                                        |  30% of 114.3 MiB
2026-10-05T22:56:39.6777916Z |■■■■■■■■■■■■■■■■■■■■■■■■■■■■■■■■                                                |  40% of 114.3 MiB
2026-10-05T22:56:40.1881059Z |■■■■■■■■■■■■■■■■■■■■■■■■■■■■■■■■■■■■■■■■                                        |  50% of 114.3 MiB
2026-10-05T22:56:40.6944395Z |■■■■■■■■■■■■■■■■■■■■■■■■■■■■■■■■■■■■■■■■■■■■■■■■                                |  60% of 114.3 MiB
2026-10-05T22:56:41.1826640Z |■■■■■■■■■■■■■■■■■■■■■■■■■■■■■■■■■■■■■■■■■■■■■■■■■■■■■■■■                        |  70% of 114.3 MiB
2026-10-05T22:56:41.6795306Z |■■■■■■■■■■■■■■■■■■■■■■■■■■■■■■■■■■■■■■■■■■■■■■■■■■■■■■■■■■■■■■■■                |  80% of 114.3 MiB
2026-10-05T22:56:42.1933479Z |■■■■■■■■■■■■■■■■■■■■■■■■■■■■■■■■■■■■■■■■■■■■■■■■■■■■■■■■■■■■■■■■■■■■■■■■        |  90% of 114.3 MiB
2026-10-05T22:56:42.7150990Z |■■■■■■■■■■■■■■■■■■■■■■■■■■■■■■■■■■■■■■■■■■■■■■■■■■■■■■■■■■■■■■■■■■■■■■■■■■■■■■■■| 100% of 114.3 MiB
2026-10-05T22:56:44.8898864Z Chrome Headless Shell 153.0.8010.12 (playwright chromium-headless-shell v1243) downloaded to /home/runner/.cache/ms-playwright/chromium_headless_shell-1243
2026-10-05T22:56:44.9187637Z ##[group]Run pnpm test:media-admin-editor:browser --reporter=default --reporter=json --outputFile=media-source-results.json
2026-10-05T22:56:44.9188565Z [36;1mpnpm test:media-admin-editor:browser --reporter=default --reporter=json --outputFile=media-source-results.json[0m
2026-10-05T22:56:44.9260449Z shell: /usr/bin/bash -e {0}
2026-10-05T22:56:44.9260711Z env:
2026-10-05T22:56:44.9260966Z   PNPM_HOME: /home/runner/setup-pnpm/node_modules/.bin
2026-10-05T22:56:44.9261314Z   MEDIA_SOURCE_GROUP: helpers
2026-10-05T22:56:44.9261587Z   DEBUG: pw:browser
2026-10-05T22:56:44.9261796Z ##[endgroup]
2026-10-05T22:56:44.9545300Z $ node scripts/check-media-admin-editor-source.mjs && vitest run --config vitest.media-admin-editor-browser.config.ts --reporter=default --reporter=json --outputFile=media-source-results.json
2026-10-05T22:56:44.9972744Z {"immutableFiles":44,"wholeTestFiles":42,"declarations":497,"expectationExpressions":2015,"productTestsRun":0}
2026-10-05T22:56:45.8461472Z 
2026-10-05T22:56:45.8465676Z [1m[30m[46m RUN [49m[39m[22m [36mv4.1.10 [39m[90m/home/runner/work/cms/cms[39m
2026-10-05T22:56:45.8466589Z 
2026-10-05T22:56:47.1045569Z [2m10:56:47 PM[22m [36m[1m[vite][22m[39m [90m[2m(client)[22m[39m [optimizer] bundling dependencies...
2026-10-05T22:56:47.1187626Z 2026-10-05T22:56:47.117Z pw:browser <launching> /home/runner/.cache/ms-playwright/chromium_headless_shell-1243/chrome-headless-shell-linux64/chrome-headless-shell --disable-field-trial-config --disable-background-networking --disable-background-timer-throttling --disable-backgrounding-occluded-windows --disable-back-forward-cache --disable-breakpad --disable-client-side-phishing-detection --disable-component-extensions-with-background-pages --disable-component-update --no-default-browser-check --disable-default-apps --disable-dev-shm-usage --disable-edgeupdater --disable-extensions --disable-features=AvoidUnnecessaryBeforeUnloadCheckSync,DestroyProfileOnBrowserClose,DialMediaRouteProvider,GlobalMediaControls,HttpsUpgrades,LensOverlay,MediaRouter,PaintHolding,ThirdPartyStoragePartitioning,BlockOriginHeaderModificationOnRedirect,Translate,AutoDeElevate,OptimizationHints,msForceBrowserSignIn,msEdgeUpdateLaunchServicesPreferredVersion --enable-features=CDPScreenshotNewSurface --allow-pre-commit-input --disable-hang-monitor --disable-ipc-flooding-protection --disable-popup-blocking --disable-prompt-on-repost --disable-renderer-backgrounding --disable-updater-scheduler --force-color-profile=srgb --metrics-recording-only --no-first-run --password-store=basic --use-mock-keychain --no-service-autorun --export-tagged-pdf --disable-search-engine-choice-screen --unsafely-disable-devtools-self-xss-warnings --edge-skip-compat-layer-relaunch --disable-infobars --disable-search-engine-choice-screen --disable-sync --enable-unsafe-swiftshader --headless --hide-scrollbars --mute-audio --blink-settings=primaryHoverType=2,availableHoverTypes=2,primaryPointerType=4,availablePointerTypes=4 --user-data-dir=/tmp/playwright_chromiumdev_profile-RwMa3R --remote-debugging-pipe --no-startup-window
2026-10-05T22:56:47.1241899Z 2026-10-05T22:56:47.124Z pw:browser <launched> pid=2990
2026-10-05T22:56:47.2021573Z 2026-10-05T22:56:47.201Z pw:browser [pid=2990][err] [1005/225647.199910:ERROR:dbus/bus.cc:405] Failed to connect to the bus: Could not parse server address: Unknown address type (examples of valid types are "tcp" and on UNIX "unix")
2026-10-05T22:56:47.2077252Z 2026-10-05T22:56:47.205Z pw:browser [pid=2990][err] Unable to revert mtime: /usr/share/fonts
2026-10-05T22:56:47.2092243Z 2026-10-05T22:56:47.208Z pw:browser [pid=2990][err] Unable to revert mtime: /usr/share/fonts/truetype
2026-10-05T22:56:47.2323211Z 2026-10-05T22:56:47.232Z pw:browser [pid=2990][err] [1005/225647.226900:WARNING:media/gpu/vaapi/vaapi_wrapper.cc:1660] drmGetDevices2() has not found any devices
2026-10-05T22:56:47.2332165Z 2026-10-05T22:56:47.232Z pw:browser [pid=2990][err] [1005/225647.229248:WARNING:sandbox/policy/linux/sandbox_linux.cc:405] InitializeSandbox() called with multiple threads in process gpu-process.
2026-10-05T22:56:47.2408630Z 2026-10-05T22:56:47.240Z pw:browser [pid=2990][err] Unable to revert mtime: /usr/share/fonts/truetype/dejavu
2026-10-05T22:56:47.3029514Z 2026-10-05T22:56:47.302Z pw:browser [pid=2990][err] Unable to revert mtime: /usr/share/fonts/truetype/lato
2026-10-05T22:56:47.3375392Z 2026-10-05T22:56:47.337Z pw:browser [pid=2990][err] Unable to revert mtime: /usr/share/fonts/truetype/liberation
2026-10-05T22:56:47.3475487Z 2026-10-05T22:56:47.347Z pw:browser [pid=2990][err] Unable to revert mtime: /usr/share/fonts/truetype/noto
2026-10-05T22:56:47.4138690Z 2026-10-05T22:56:47.410Z pw:browser [pid=2990][err] [1005/225647.410271:ERROR:dbus/object_proxy.cc:572] Failed to call method: org.freedesktop.DBus.NameHasOwner: object_path= /org/freedesktop/DBus: unknown error type: 
2026-10-05T22:56:47.4142078Z 2026-10-05T22:56:47.410Z pw:browser [pid=2990][err] [1005/225647.410374:ERROR:dbus/bus.cc:405] Failed to connect to the bus: Could not parse server address: Unknown address type (examples of valid types are "tcp" and on UNIX "unix")
2026-10-05T22:56:47.4196476Z 2026-10-05T22:56:47.418Z pw:browser [pid=2990][err] [1005/225647.416473:ERROR:dbus/object_proxy.cc:572] Failed to call method: org.freedesktop.DBus.NameHasOwner: object_path= /org/freedesktop/DBus: unknown error type: 
2026-10-05T22:56:47.7499818Z 2026-10-05T22:56:47.749Z pw:browser [pid=2990][err] [1005/225647.749637:INFO:CONSOLE:934] "[vite] connecting...", source: http://localhost:63315/@vite/client (934)
2026-10-05T22:56:47.7570888Z 2026-10-05T22:56:47.756Z pw:browser [pid=2990][err] [1005/225647.756675:INFO:CONSOLE:1045] "[vite] connected.", source: http://localhost:63315/@vite/client (1045)
2026-10-05T22:56:47.7951756Z 2026-10-05T22:56:47.794Z pw:browser [pid=2990][err] [1005/225647.789311:INFO:CONSOLE:934] "[vite] connecting...", source: http://localhost:63315/@vite/client (934)
2026-10-05T22:56:47.7999259Z 2026-10-05T22:56:47.799Z pw:browser [pid=2990][err] [1005/225647.799340:INFO:CONSOLE:1045] "[vite] connected.", source: http://localhost:63315/@vite/client (1045)
2026-10-05T22:56:48.2474439Z  [32m✓[39m [30m[43m chromium [49m[39m parity/emdash/media-admin-editor/source/packages/admin/tests/lib/media-upload.test.ts [2m([22m[2m17 tests[22m[2m)[22m[32m 26[2mms[22m[39m
2026-10-05T22:56:48.2698484Z 2026-10-05T22:56:48.269Z pw:browser [pid=2990][err] [1005/225648.268952:INFO:CONSOLE:934] "[vite] connecting...", source: http://localhost:63315/@vite/client (934)
2026-10-05T22:56:48.2782794Z 2026-10-05T22:56:48.277Z pw:browser [pid=2990][err] [1005/225648.277776:INFO:CONSOLE:1045] "[vite] connected.", source: http://localhost:63315/@vite/client (1045)
2026-10-05T22:56:48.3492918Z [2m10:56:48 PM[22m [31m[1m[vite][22m[39m [31mInternal server error: Failed to resolve import "../../src/lib/api/media-usage-activation.js" from "parity/emdash/media-admin-editor/source/packages/admin/tests/lib/media-usage-activation-api.test.ts". Does the file exist?[39m
2026-10-05T22:56:48.3494878Z   Plugin: [35mvite:import-analysis[39m
2026-10-05T22:56:48.3495755Z   File: [36m/home/runner/work/cms/cms/parity/emdash/media-admin-editor/source/packages/admin/tests/lib/media-usage-activation-api.test.ts[39m:9:7
2026-10-05T22:56:48.3497017Z [33m  1  |  import { afterEach, describe, expect, it, vi } from "vitest";
2026-10-05T22:56:48.3497717Z   2  |  ...MediaUsageActivationStatus, fetchMediaUsageProgress } from "../../src/lib/api/media-usage-activation.js";
2026-10-05T22:56:48.3498328Z      |                                                                 ^
2026-10-05T22:56:48.3498868Z   3  |  const activationUrl = "/_emdash/api/admin/media-usage/activation";
2026-10-05T22:56:48.3499999Z   4  |  const progressUrl = "/_emdash/api/admin/media-usage/progress";[39m
2026-10-05T22:56:48.3501892Z       at TransformPluginContext._formatLog (file:///home/runner/work/cms/cms/node_modules/.pnpm/vite@8.3.2_@types+node@24.19.0_esbuild@0.28.1_jiti@2.7.0/node_modules/vite/dist/node/chunks/node.js:8766:39)
2026-10-05T22:56:48.3504557Z       at TransformPluginContext.error (file:///home/runner/work/cms/cms/node_modules/.pnpm/vite@8.3.2_@types+node@24.19.0_esbuild@0.28.1_jiti@2.7.0/node_modules/vite/dist/node/chunks/node.js:8763:14)
2026-10-05T22:56:48.3507162Z       at normalizeUrl (file:///home/runner/work/cms/cms/node_modules/.pnpm/vite@8.3.2_@types+node@24.19.0_esbuild@0.28.1_jiti@2.7.0/node_modules/vite/dist/node/chunks/node.js:26423:18)
2026-10-05T22:56:48.3509374Z       at file:///home/runner/work/cms/cms/node_modules/.pnpm/vite@8.3.2_@types+node@24.19.0_esbuild@0.28.1_jiti@2.7.0/node_modules/vite/dist/node/chunks/node.js:26493:30
2026-10-05T22:56:48.3510106Z       at async Promise.all (index 1)
2026-10-05T22:56:48.3510981Z       at TransformPluginContext.transform (file:///home/runner/work/cms/cms/node_modules/.pnpm/vite@8.3.2_@types+node@24.19.0_esbuild@0.28.1_jiti@2.7.0/node_modules/vite/dist/node/chunks/node.js:26459:4)
2026-10-05T22:56:48.3512371Z       at EnvironmentPluginContainer.transform (file:///home/runner/work/cms/cms/node_modules/.pnpm/vite@8.3.2_@types+node@24.19.0_esbuild@0.28.1_jiti@2.7.0/node_modules/vite/dist/node/chunks/node.js:8545:14)
2026-10-05T22:56:48.3513671Z       at loadAndTransform (file:///home/runner/work/cms/cms/node_modules/.pnpm/vite@8.3.2_@types+node@24.19.0_esbuild@0.28.1_jiti@2.7.0/node_modules/vite/dist/node/chunks/node.js:19988:26)
2026-10-05T22:56:48.3798260Z  [31m❯[39m [30m[43m chromium [49m[39m parity/emdash/media-admin-editor/source/packages/admin/tests/lib/media-usage-activation-api.test.ts [2m([22m[2m0 test[22m[2m)[22m
2026-10-05T22:56:48.4115212Z 2026-10-05T22:56:48.411Z pw:browser [pid=2990][err] [1005/225648.410976:INFO:CONSOLE:934] "[vite] connecting...", source: http://localhost:63315/@vite/client (934)
2026-10-05T22:56:48.4259163Z 2026-10-05T22:56:48.425Z pw:browser [pid=2990][err] [1005/225648.423734:INFO:CONSOLE:1045] "[vite] connected.", source: http://localhost:63315/@vite/client (1045)
2026-10-05T22:56:48.5007188Z  [32m✓[39m [30m[43m chromium [49m[39m parity/emdash/media-admin-editor/source/packages/admin/tests/lib/crop-image.test.ts [2m([22m[2m15 tests[22m[2m)[22m[32m 14[2mms[22m[39m
2026-10-05T22:56:48.5211617Z 2026-10-05T22:56:48.520Z pw:browser [pid=2990][err] [1005/225648.520622:INFO:CONSOLE:934] "[vite] connecting...", source: http://localhost:63315/@vite/client (934)
2026-10-05T22:56:48.5293765Z 2026-10-05T22:56:48.529Z pw:browser [pid=2990][err] [1005/225648.528959:INFO:CONSOLE:1045] "[vite] connected.", source: http://localhost:63315/@vite/client (1045)
2026-10-05T22:56:48.5762878Z [2m10:56:48 PM[22m [31m[1m[vite][22m[39m [31mInternal server error: Failed to resolve import "../src/components/PortableTextEditor" from "parity/emdash/media-admin-editor/source/packages/admin/tests/pt-gallery-converters.test.ts". Does the file exist?[39m
2026-10-05T22:56:48.5764522Z   Plugin: [35mvite:import-analysis[39m
2026-10-05T22:56:48.5765526Z   File: [36m/home/runner/work/cms/cms/parity/emdash/media-admin-editor/source/packages/admin/tests/pt-gallery-converters.test.ts[39m:13:7
2026-10-05T22:56:48.5767051Z [33m  7  |  */
2026-10-05T22:56:48.5767577Z   8  |  import { describe, it, expect } from "vitest";
2026-10-05T22:56:48.5768769Z   9  |  import { _portableTextToProsemirror, _prosemirrorToPortableText } from "../src/components/PortableTextEditor";
2026-10-05T22:56:48.5769960Z      |                                                                          ^
2026-10-05T22:56:48.5771133Z   10 |  describe("Gallery conversion (admin converters): PortableText ↔ ProseMirror", () => {
2026-10-05T22:56:48.5772450Z   11 |  	it("round-trips a WordPress-shaped gallery block without loss", () => {[39m
2026-10-05T22:56:48.5774368Z       at TransformPluginContext._formatLog (file:///home/runner/work/cms/cms/node_modules/.pnpm/vite@8.3.2_@types+node@24.19.0_esbuild@0.28.1_jiti@2.7.0/node_modules/vite/dist/node/chunks/node.js:8766:39)
2026-10-05T22:56:48.5777641Z       at TransformPluginContext.error (file:///home/runner/work/cms/cms/node_modules/.pnpm/vite@8.3.2_@types+node@24.19.0_esbuild@0.28.1_jiti@2.7.0/node_modules/vite/dist/node/chunks/node.js:8763:14)
2026-10-05T22:56:48.5779874Z       at normalizeUrl (file:///home/runner/work/cms/cms/node_modules/.pnpm/vite@8.3.2_@types+node@24.19.0_esbuild@0.28.1_jiti@2.7.0/node_modules/vite/dist/node/chunks/node.js:26423:18)
2026-10-05T22:56:48.5781893Z       at file:///home/runner/work/cms/cms/node_modules/.pnpm/vite@8.3.2_@types+node@24.19.0_esbuild@0.28.1_jiti@2.7.0/node_modules/vite/dist/node/chunks/node.js:26493:30
2026-10-05T22:56:48.5783164Z       at async Promise.all (index 1)
2026-10-05T22:56:48.5784692Z       at TransformPluginContext.transform (file:///home/runner/work/cms/cms/node_modules/.pnpm/vite@8.3.2_@types+node@24.19.0_esbuild@0.28.1_jiti@2.7.0/node_modules/vite/dist/node/chunks/node.js:26459:4)
2026-10-05T22:56:48.5787535Z       at EnvironmentPluginContainer.transform (file:///home/runner/work/cms/cms/node_modules/.pnpm/vite@8.3.2_@types+node@24.19.0_esbuild@0.28.1_jiti@2.7.0/node_modules/vite/dist/node/chunks/node.js:8545:14)
2026-10-05T22:56:48.5789938Z       at loadAndTransform (file:///home/runner/work/cms/cms/node_modules/.pnpm/vite@8.3.2_@types+node@24.19.0_esbuild@0.28.1_jiti@2.7.0/node_modules/vite/dist/node/chunks/node.js:19988:26)
2026-10-05T22:56:48.5860670Z  [31m❯[39m [30m[43m chromium [49m[39m parity/emdash/media-admin-editor/source/packages/admin/tests/pt-gallery-converters.test.ts [2m([22m[2m0 test[22m[2m)[22m
2026-10-05T22:56:48.6108662Z 2026-10-05T22:56:48.610Z pw:browser [pid=2990][err] [1005/225648.610194:INFO:CONSOLE:934] "[vite] connecting...", source: http://localhost:63315/@vite/client (934)
2026-10-05T22:56:48.6158176Z 2026-10-05T22:56:48.614Z pw:browser [pid=2990][err] [1005/225648.614725:INFO:CONSOLE:1045] "[vite] connected.", source: http://localhost:63315/@vite/client (1045)
2026-10-05T22:56:48.6718682Z  [32m✓[39m [30m[43m chromium [49m[39m parity/emdash/media-admin-editor/source/packages/admin/tests/lib/media-folders.test.ts [2m([22m[2m3 tests[22m[2m)[22m[32m 5[2mms[22m[39m
2026-10-05T22:56:48.6928422Z 2026-10-05T22:56:48.690Z pw:browser [pid=2990][err] [1005/225648.690377:INFO:CONSOLE:934] "[vite] connecting...", source: http://localhost:63315/@vite/client (934)
2026-10-05T22:56:48.6979210Z 2026-10-05T22:56:48.697Z pw:browser [pid=2990][err] [1005/225648.697487:INFO:CONSOLE:1045] "[vite] connected.", source: http://localhost:63315/@vite/client (1045)
2026-10-05T22:56:48.7705502Z  [32m✓[39m [30m[43m chromium [49m[39m parity/emdash/media-admin-editor/source/packages/admin/tests/lib/media-api.test.ts [2m([22m[2m5 tests[22m[2m)[22m[32m 3[2mms[22m[39m
2026-10-05T22:56:48.7884776Z 2026-10-05T22:56:48.787Z pw:browser [pid=2990][err] [1005/225648.787769:INFO:CONSOLE:934] "[vite] connecting...", source: http://localhost:63315/@vite/client (934)
2026-10-05T22:56:48.7964973Z 2026-10-05T22:56:48.796Z pw:browser [pid=2990][err] [1005/225648.796185:INFO:CONSOLE:1045] "[vite] connected.", source: http://localhost:63315/@vite/client (1045)
2026-10-05T22:56:48.8521107Z  [32m✓[39m [30m[43m chromium [49m[39m parity/emdash/media-admin-editor/source/packages/admin/tests/lib/media-thumbnail.test.ts [2m([22m[2m8 tests[22m[2m)[22m[32m 2[2mms[22m[39m
2026-10-05T22:56:48.8702019Z 2026-10-05T22:56:48.869Z pw:browser [pid=2990][err] [1005/225648.869624:INFO:CONSOLE:934] "[vite] connecting...", source: http://localhost:63315/@vite/client (934)
2026-10-05T22:56:48.8788750Z 2026-10-05T22:56:48.878Z pw:browser [pid=2990][err] [1005/225648.877812:INFO:CONSOLE:1045] "[vite] connected.", source: http://localhost:63315/@vite/client (1045)
2026-10-05T22:56:48.9331517Z  [32m✓[39m [30m[43m chromium [49m[39m parity/emdash/media-admin-editor/source/packages/admin/tests/lib/media-playback.test.ts [2m([22m[2m3 tests[22m[2m)[22m[32m 2[2mms[22m[39m
2026-10-05T22:56:48.9624002Z 2026-10-05T22:56:48.961Z pw:browser [pid=2990][err] [1005/225648.961640:INFO:CONSOLE:934] "[vite] connecting...", source: http://localhost:63315/@vite/client (934)
2026-10-05T22:56:49.0039425Z 2026-10-05T22:56:49.003Z pw:browser [pid=2990][err] [1005/225649.002910:INFO:CONSOLE:1045] "[vite] connected.", source: http://localhost:63315/@vite/client (1045)
2026-10-05T22:56:49.1202489Z  [32m✓[39m [30m[43m chromium [49m[39m parity/emdash/media-admin-editor/source/packages/admin/tests/lib/media-pagination.test.ts [2m([22m[2m2 tests[22m[2m)[22m[32m 2[2mms[22m[39m
2026-10-05T22:56:49.1435406Z 2026-10-05T22:56:49.143Z pw:browser [pid=2990][err] [1005/225649.142400:INFO:CONSOLE:934] "[vite] connecting...", source: http://localhost:63315/@vite/client (934)
2026-10-05T22:56:49.1510875Z 2026-10-05T22:56:49.150Z pw:browser [pid=2990][err] [1005/225649.150482:INFO:CONSOLE:1045] "[vite] connected.", source: http://localhost:63315/@vite/client (1045)
2026-10-05T22:56:49.2278291Z [2m10:56:49 PM[22m [31m[1m[vite][22m[39m [31mInternal server error: Failed to resolve import "../src/components/PortableTextEditor" from "parity/emdash/media-admin-editor/source/packages/admin/tests/pt-image-converters.test.ts". Does the file exist?[39m
2026-10-05T22:56:49.2280715Z   Plugin: [35mvite:import-analysis[39m
2026-10-05T22:56:49.2282906Z   File: [36m/home/runner/work/cms/cms/parity/emdash/media-admin-editor/source/packages/admin/tests/pt-image-converters.test.ts[39m:6:7
2026-10-05T22:56:49.2286477Z [33m  1  |  import { describe, it, expect } from "vitest";
2026-10-05T22:56:49.2288975Z   2  |  import { _portableTextToProsemirror, _prosemirrorToPortableText } from "../src/components/PortableTextEditor";
2026-10-05T22:56:49.2290852Z      |                                                                          ^
2026-10-05T22:56:49.2292289Z   3  |  describe("Image conversion (admin converters): PortableText ↔ ProseMirror", () => {
2026-10-05T22:56:49.2293735Z   4  |  	it("keeps the media reference of a seeded $media asset", () => {[39m
2026-10-05T22:56:49.2295838Z       at TransformPluginContext._formatLog (file:///home/runner/work/cms/cms/node_modules/.pnpm/vite@8.3.2_@types+node@24.19.0_esbuild@0.28.1_jiti@2.7.0/node_modules/vite/dist/node/chunks/node.js:8766:39)
2026-10-05T22:56:49.2298737Z       at TransformPluginContext.error (file:///home/runner/work/cms/cms/node_modules/.pnpm/vite@8.3.2_@types+node@24.19.0_esbuild@0.28.1_jiti@2.7.0/node_modules/vite/dist/node/chunks/node.js:8763:14)
2026-10-05T22:56:49.2301246Z       at normalizeUrl (file:///home/runner/work/cms/cms/node_modules/.pnpm/vite@8.3.2_@types+node@24.19.0_esbuild@0.28.1_jiti@2.7.0/node_modules/vite/dist/node/chunks/node.js:26423:18)
2026-10-05T22:56:49.2303489Z       at file:///home/runner/work/cms/cms/node_modules/.pnpm/vite@8.3.2_@types+node@24.19.0_esbuild@0.28.1_jiti@2.7.0/node_modules/vite/dist/node/chunks/node.js:26493:30
2026-10-05T22:56:49.2304845Z       at async Promise.all (index 1)
2026-10-05T22:56:49.2306805Z       at TransformPluginContext.transform (file:///home/runner/work/cms/cms/node_modules/.pnpm/vite@8.3.2_@types+node@24.19.0_esbuild@0.28.1_jiti@2.7.0/node_modules/vite/dist/node/chunks/node.js:26459:4)
2026-10-05T22:56:49.2309501Z       at EnvironmentPluginContainer.transform (file:///home/runner/work/cms/cms/node_modules/.pnpm/vite@8.3.2_@types+node@24.19.0_esbuild@0.28.1_jiti@2.7.0/node_modules/vite/dist/node/chunks/node.js:8545:14)
2026-10-05T22:56:49.2312050Z       at loadAndTransform (file:///home/runner/work/cms/cms/node_modules/.pnpm/vite@8.3.2_@types+node@24.19.0_esbuild@0.28.1_jiti@2.7.0/node_modules/vite/dist/node/chunks/node.js:19988:26)
2026-10-05T22:56:49.2502383Z  [31m❯[39m [30m[43m chromium [49m[39m parity/emdash/media-admin-editor/source/packages/admin/tests/pt-image-converters.test.ts [2m([22m[2m0 test[22m[2m)[22m
2026-10-05T22:56:49.2768263Z 2026-10-05T22:56:49.276Z pw:browser [pid=2990][err] [1005/225649.275235:INFO:CONSOLE:934] "[vite] connecting...", source: http://localhost:63315/@vite/client (934)
2026-10-05T22:56:49.2907372Z 2026-10-05T22:56:49.290Z pw:browser [pid=2990][err] [1005/225649.290380:INFO:CONSOLE:1045] "[vite] connected.", source: http://localhost:63315/@vite/client (1045)
2026-10-05T22:56:49.3519114Z  [32m✓[39m [30m[43m chromium [49m[39m parity/emdash/media-admin-editor/source/packages/admin/tests/lib/media-file-url.test.ts [2m([22m[2m8 tests[22m[2m)[22m[32m 2[2mms[22m[39m
2026-10-05T22:56:49.3754804Z 2026-10-05T22:56:49.374Z pw:browser [pid=2990][err] [1005/225649.373986:INFO:CONSOLE:934] "[vite] connecting...", source: http://localhost:63315/@vite/client (934)
2026-10-05T22:56:49.3859110Z 2026-10-05T22:56:49.385Z pw:browser [pid=2990][err] [1005/225649.385098:INFO:CONSOLE:1045] "[vite] connected.", source: http://localhost:63315/@vite/client (1045)
2026-10-05T22:56:49.4536977Z  [32m✓[39m [30m[43m chromium [49m[39m parity/emdash/media-admin-editor/source/packages/admin/tests/lib/media-search.test.ts [2m([22m[2m4 tests[22m[2m)[22m[32m 2[2mms[22m[39m
2026-10-05T22:56:49.4564646Z 
2026-10-05T22:56:49.4565663Z [31m⎯⎯⎯⎯⎯⎯[39m[1m[41m Failed Suites 3 [49m[22m[31m⎯⎯⎯⎯⎯⎯⎯[39m
2026-10-05T22:56:49.4566342Z 
2026-10-05T22:56:49.4571285Z [41m[1m FAIL [22m[49m [30m[43m chromium [49m[39m parity/emdash/media-admin-editor/source/packages/admin/tests/pt-gallery-converters.test.ts[2m [ parity/emdash/media-admin-editor/source/packages/admin/tests/pt-gallery-converters.test.ts ][22m
2026-10-05T22:56:49.4576302Z [31m[1mError[22m: Failed to import test file /home/runner/work/cms/cms/parity/emdash/media-admin-editor/source/packages/admin/tests/pt-gallery-converters.test.ts[39m
2026-10-05T22:56:49.4581072Z [31m[1mCaused by: TypeError[22m: Failed to fetch dynamically imported module: http://localhost:63315/home/runner/work/cms/cms/parity/emdash/media-admin-editor/source/packages/admin/tests/pt-gallery-converters.test.ts?import&browserv=1791241008572[39m
2026-10-05T22:56:49.4584198Z [31m[2m⎯⎯⎯⎯⎯⎯⎯⎯⎯⎯⎯⎯⎯⎯⎯⎯⎯⎯⎯⎯⎯⎯⎯⎯[1/3]⎯[22m[39m
2026-10-05T22:56:49.4584843Z 
2026-10-05T22:56:49.4587680Z [41m[1m FAIL [22m[49m [30m[43m chromium [49m[39m parity/emdash/media-admin-editor/source/packages/admin/tests/pt-image-converters.test.ts[2m [ parity/emdash/media-admin-editor/source/packages/admin/tests/pt-image-converters.test.ts ][22m
2026-10-05T22:56:49.4591296Z [31m[1mError[22m: Failed to import test file /home/runner/work/cms/cms/parity/emdash/media-admin-editor/source/packages/admin/tests/pt-image-converters.test.ts[39m
2026-10-05T22:56:49.4592506Z 
2026-10-05T22:56:49.4596910Z [31m[1mCaused by: TypeError[22m: Failed to fetch dynamically imported module: http://localhost:63315/home/runner/work/cms/cms/parity/emdash/media-admin-editor/source/packages/admin/tests/pt-image-converters.test.ts?import&browserv=1791241009223[39m
2026-10-05T22:56:49.4599563Z [2m Test Files [22m [1m[31m3 failed[39m[22m[2m | [22m[1m[32m9 passed[39m[22m[90m (12)[39m
2026-10-05T22:56:49.4601050Z [2m      Tests [22m [1m[32m65 passed[39m[22m[90m (65)[39m
2026-10-05T22:56:49.4601917Z [31m[2m⎯⎯⎯⎯⎯⎯⎯⎯⎯⎯⎯⎯⎯⎯⎯⎯⎯⎯⎯⎯⎯⎯⎯⎯[2/3]⎯[22m[39m
2026-10-05T22:56:49.4602273Z 
2026-10-05T22:56:49.4604666Z [41m[1m FAIL [22m[49m [30m[43m chromium [49m[39m parity/emdash/media-admin-editor/source/packages/admin/tests/lib/media-usage-activation-api.test.ts[2m [ parity/emdash/media-admin-editor/source/packages/admin/tests/lib/media-usage-activation-api.test.ts ][22m
2026-10-05T22:56:49.4609264Z [31m[1mError[22m: Failed to import test file /home/runner/work/cms/cms/parity/emdash/media-admin-editor/source/packages/admin/tests/lib/media-usage-activation-api.test.ts[39m
2026-10-05T22:56:49.4612797Z [31m[1mCaused by: TypeError[22m: Failed to fetch dynamically imported module: http://localhost:63315/home/runner/work/cms/cms/parity/emdash/media-admin-editor/source/packages/admin/tests/lib/media-usage-activation-api.test.ts?import&browserv=1791241008339[39m
2026-10-05T22:56:49.4614950Z [31m[2m⎯⎯⎯⎯⎯⎯⎯⎯⎯⎯⎯⎯⎯⎯⎯⎯⎯⎯⎯⎯⎯⎯⎯⎯[3/3]⎯[22m[39m
2026-10-05T22:56:49.4615330Z 
2026-10-05T22:56:49.4615635Z [2m   Start at [22m 22:56:45
2026-10-05T22:56:49.4617367Z [2m   Duration [22m 3.60s[2m (transform 0ms, setup 322ms, import 76ms, tests 57ms, environment 0ms)[22m
2026-10-05T22:56:49.4618066Z 
2026-10-05T22:56:49.4618599Z JSON report written to /home/runner/work/cms/cms/media-source-results.json
2026-10-05T22:56:49.4666322Z 2026-10-05T22:56:49.466Z pw:browser [pid=2990][err] [1005/225649.463436:INFO:CONSOLE:1080] "[vite] server connection lost. Polling for restart...", source: http://localhost:63315/@vite/client (1080)
2026-10-05T22:56:49.4705936Z 2026-10-05T22:56:49.466Z pw:browser [pid=2990][err] [1005/225649.464894:INFO:CONSOLE:1211] "[vite] server connection lost. Polling for restart...", source: http://localhost:63315/__vitest_browser__/tester-BJtsJFpD.js (1211)
2026-10-05T22:56:49.4814063Z 2026-10-05T22:56:49.481Z pw:browser [pid=2990] <gracefully close start>
2026-10-05T22:56:49.5060607Z 2026-10-05T22:56:49.505Z pw:browser [pid=2990] <process did exit: exitCode=0, signal=null>
2026-10-05T22:56:49.5062141Z 2026-10-05T22:56:49.506Z pw:browser [pid=2990] starting temporary directories cleanup
2026-10-05T22:56:49.5106589Z 2026-10-05T22:56:49.510Z pw:browser [pid=2990] finished temporary directories cleanup
2026-10-05T22:56:49.5107693Z 2026-10-05T22:56:49.510Z pw:browser [pid=2990] <gracefully close end>
2026-10-05T22:56:49.5683790Z [ELIFECYCLE] Command failed with exit code 1.
2026-10-05T22:56:49.5730125Z ##[error]Process completed with exit code 1.
2026-10-05T22:56:49.5831617Z ##[group]Run actions/upload-artifact@v4
2026-10-05T22:56:49.5831942Z with:
2026-10-05T22:56:49.5832154Z   name: media-source-helpers
2026-10-05T22:56:49.5832423Z   path: media-source-results.json
2026-10-05T22:56:49.5832907Z   retention-days: 14
2026-10-05T22:56:49.5833129Z   if-no-files-found: warn
2026-10-05T22:56:49.5833368Z   compression-level: 6
2026-10-05T22:56:49.5833581Z   overwrite: false
2026-10-05T22:56:49.5833798Z   include-hidden-files: false
2026-10-05T22:56:49.5834031Z env:
2026-10-05T22:56:49.5834277Z   PNPM_HOME: /home/runner/setup-pnpm/node_modules/.bin
2026-10-05T22:56:49.5834732Z ##[endgroup]
2026-10-05T22:56:49.7681948Z (node:3059) [DEP0040] DeprecationWarning: The `punycode` module is deprecated. Please use a userland alternative instead.
2026-10-05T22:56:49.7683822Z (Use `node --trace-deprecation ...` to show where the warning was created)
2026-10-05T22:56:49.7767462Z With the provided path, there will be 1 file uploaded
2026-10-05T22:56:49.7768932Z Artifact name is valid!
2026-10-05T22:56:49.7769626Z Root directory input is valid!
2026-10-05T22:56:50.0116582Z Beginning upload of artifact content to blob storage
2026-10-05T22:56:50.0368089Z (node:3059) [DEP0169] DeprecationWarning: `url.parse()` behavior is not standardized and prone to errors that have security implications. Use the WHATWG URL API instead. CVEs are not issued for `url.parse()` vulnerabilities.
2026-10-05T22:56:50.0788565Z Uploaded bytes 3048
2026-10-05T22:56:50.0969558Z Finished uploading artifact content to blob storage!
2026-10-05T22:56:50.0970995Z SHA256 digest of uploaded artifact zip is 18a632c68e74b1398ce32f7fdf529190ea6bf16867c0805b10a1ea333dfa2273
2026-10-05T22:56:50.0973344Z Finalizing artifact upload
2026-10-05T22:56:50.3023494Z Artifact media-source-helpers.zip successfully finalized. Artifact ID 11378116193
2026-10-05T22:56:50.3025329Z Artifact media-source-helpers has been successfully uploaded! Final size is 3048 bytes. Artifact ID is 11378116193
2026-10-05T22:56:50.3030589Z Artifact download URL: https://github.com/sveltery/cms/actions/runs/37385528464/artifacts/11378116193
2026-10-05T22:56:50.3208257Z Post job cleanup.
2026-10-05T22:56:50.4746402Z Pruning is unnecessary.
2026-10-05T22:56:50.4950847Z Post job cleanup.
2026-10-05T22:56:50.6157452Z [command]/usr/bin/git version
2026-10-05T22:56:50.6214644Z git version 2.55.0
2026-10-05T22:56:50.6289219Z Temporarily overriding HOME='/home/runner/work/_temp/6f3808a3-f85a-4752-8b00-f66ff786d9aa' before making global git config changes
2026-10-05T22:56:50.6290902Z Adding repository directory to the temporary git global config as a safe directory
2026-10-05T22:56:50.6292250Z [command]/usr/bin/git config --global --add safe.directory /home/runner/work/cms/cms
2026-10-05T22:56:50.6368155Z [command]/usr/bin/git config --local --name-only --get-regexp core\.sshCommand
2026-10-05T22:56:50.6430314Z [command]/usr/bin/git submodule foreach --recursive sh -c "git config --local --name-only --get-regexp 'core\.sshCommand' && git config --local --unset-all 'core.sshCommand' || :"
2026-10-05T22:56:50.6899884Z [command]/usr/bin/git config --local --name-only --get-regexp http\.https\:\/\/github\.com\/\.extraheader
2026-10-05T22:56:50.6911026Z http.https://github.com/.extraheader
2026-10-05T22:56:50.6932423Z [command]/usr/bin/git config --local --unset-all http.https://github.com/.extraheader
2026-10-05T22:56:50.6971325Z [command]/usr/bin/git submodule foreach --recursive sh -c "git config --local --name-only --get-regexp 'http\.https\:\/\/github\.com\/\.extraheader' && git config --local --unset-all 'http.https://github.com/.extraheader' || :"
2026-10-05T22:56:50.7310666Z [command]/usr/bin/git config --local --name-only --get-regexp ^includeIf\.gitdir:
2026-10-05T22:56:50.7376243Z [command]/usr/bin/git submodule foreach --recursive git config --local --show-origin --name-only --get-regexp remote.origin.url
2026-10-05T22:56:50.7968000Z Cleaning up orphan processes
2026-10-05T22:56:50.8340277Z ##[warning]Node.js 20 is deprecated. The following actions target Node.js 20 but are being forced to run on Node.js 24: actions/checkout@v4, actions/setup-node@v4, actions/upload-artifact@v4, pnpm/action-setup@v4. For more information see: https://github.blog/changelog/2025-09-19-deprecation-of-node-20-on-github-actions-runners/
