2026-10-05T22:56:02.2884451Z Current runner version: '2.337.0'
2026-10-05T22:56:02.2911388Z ##[group]Runner Image Provisioner
2026-10-05T22:56:02.2912351Z Hosted Compute Agent
2026-10-05T22:56:02.2913228Z Version: 20260901.588
2026-10-05T22:56:02.2913971Z Commit: f88ec8081b781fac6c440065ac7ff9e710ce3d0b
2026-10-05T22:56:02.2914866Z Build Date: 2026-09-01T19:56:44Z
2026-10-05T22:56:02.2915708Z Worker ID: {54c724f1-a0e6-4ee6-af20-889ac43d9e78}
2026-10-05T22:56:02.2916540Z Azure Region: westus3
2026-10-05T22:56:02.2917323Z ##[endgroup]
2026-10-05T22:56:02.2919050Z ##[group]Operating System
2026-10-05T22:56:02.2919919Z Ubuntu
2026-10-05T22:56:02.2920804Z 22.04.5
2026-10-05T22:56:02.2921427Z LTS
2026-10-05T22:56:02.2922148Z ##[endgroup]
2026-10-05T22:56:02.2922780Z ##[group]Runner Image
2026-10-05T22:56:02.2923458Z Image: ubuntu-22.04
2026-10-05T22:56:02.2924275Z Version: 20260927.309.1
2026-10-05T22:56:02.2925601Z Included Software: https://github.com/actions/runner-images/blob/ubuntu22/20260927.309/images/ubuntu/Ubuntu2204-Readme.md
2026-10-05T22:56:02.2927356Z Image Release: https://github.com/actions/runner-images/releases/tag/ubuntu22%2F20260927.309
2026-10-05T22:56:02.2928382Z ##[endgroup]
2026-10-05T22:56:02.2929729Z ##[group]GITHUB_TOKEN Permissions
2026-10-05T22:56:02.2932244Z Contents: read
2026-10-05T22:56:02.2932954Z Metadata: read
2026-10-05T22:56:02.2933616Z ##[endgroup]
2026-10-05T22:56:02.2936038Z Secret source: Actions
2026-10-05T22:56:02.2937120Z Cache mode: write
2026-10-05T22:56:02.2938080Z Prepare workflow directory
2026-10-05T22:56:02.3292573Z Prepare all required actions
2026-10-05T22:56:02.3343352Z Getting action download info
2026-10-05T22:56:02.7055413Z Download action repository 'actions/checkout@v4' (SHA:11d5960a326750d5838078e36cf38b85af677262)
2026-10-05T22:56:02.8126617Z Download action repository 'pnpm/action-setup@v4' (SHA:b906affcce14559ad1aafd4ab0e942779e9f58b1)
2026-10-05T22:56:03.5070189Z Download action repository 'actions/setup-node@v4' (SHA:49933ea5288caeca8642d1e84afbd3f7d6820020)
2026-10-05T22:56:03.6118135Z Download action repository 'actions/upload-artifact@v4' (SHA:ea165f8d65b6e75b540449e92b4886f43607fa02)
2026-10-05T22:56:03.8429976Z Complete job name: media-admin-editor-source (image)
2026-10-05T22:56:03.9255869Z ##[group]Run actions/checkout@v4
2026-10-05T22:56:03.9256921Z with:
2026-10-05T22:56:03.9257637Z   repository: sveltery/cms
2026-10-05T22:56:03.9262167Z   token: ***
2026-10-05T22:56:03.9262831Z   ssh-strict: true
2026-10-05T22:56:03.9263457Z   ssh-user: git
2026-10-05T22:56:03.9264024Z   persist-credentials: true
2026-10-05T22:56:03.9264716Z   clean: true
2026-10-05T22:56:03.9265287Z   sparse-checkout-cone-mode: true
2026-10-05T22:56:03.9265980Z   fetch-depth: 1
2026-10-05T22:56:03.9266548Z   fetch-tags: false
2026-10-05T22:56:03.9267135Z   show-progress: true
2026-10-05T22:56:03.9267777Z   lfs: false
2026-10-05T22:56:03.9268313Z   submodules: false
2026-10-05T22:56:03.9268871Z   set-safe-directory: true
2026-10-05T22:56:03.9269630Z   allow-unsafe-pr-checkout: false
2026-10-05T22:56:03.9271033Z ##[endgroup]
2026-10-05T22:56:04.0370005Z Syncing repository: sveltery/cms
2026-10-05T22:56:04.0373396Z ##[group]Getting Git version info
2026-10-05T22:56:04.0375071Z Working directory is '/home/runner/work/cms/cms'
2026-10-05T22:56:04.0376394Z [command]/usr/bin/git version
2026-10-05T22:56:04.0457253Z git version 2.55.0
2026-10-05T22:56:04.0482920Z ##[endgroup]
2026-10-05T22:56:04.0498933Z Temporarily overriding HOME='/home/runner/work/_temp/9bbc39c8-ccc8-427b-a7bf-08fb65be202e' before making global git config changes
2026-10-05T22:56:04.0502300Z Adding repository directory to the temporary git global config as a safe directory
2026-10-05T22:56:04.0504982Z [command]/usr/bin/git config --global --add safe.directory /home/runner/work/cms/cms
2026-10-05T22:56:04.0548793Z Deleting the contents of '/home/runner/work/cms/cms'
2026-10-05T22:56:04.0553640Z ##[group]Initializing the repository
2026-10-05T22:56:04.0559491Z [command]/usr/bin/git init /home/runner/work/cms/cms
2026-10-05T22:56:04.0688306Z hint: Using 'master' as the name for the initial branch. This default branch name
2026-10-05T22:56:04.0691091Z hint: will change to "main" in Git 3.0. To configure the initial branch name
2026-10-05T22:56:04.0693182Z hint: to use in all of your new repositories, which will suppress this warning,
2026-10-05T22:56:04.0695208Z hint: call:
2026-10-05T22:56:04.0696139Z hint:
2026-10-05T22:56:04.0697390Z hint: 	git config --global init.defaultBranch <name>
2026-10-05T22:56:04.0698785Z hint:
2026-10-05T22:56:04.0700222Z hint: Names commonly chosen instead of 'master' are 'main', 'trunk' and
2026-10-05T22:56:04.0702415Z hint: 'development'. The just-created branch can be renamed via this command:
2026-10-05T22:56:04.0703957Z hint:
2026-10-05T22:56:04.0705036Z hint: 	git branch -m <name>
2026-10-05T22:56:04.0706017Z hint:
2026-10-05T22:56:04.0707161Z hint: Disable this message with "git config set advice.defaultBranchName false"
2026-10-05T22:56:04.0708911Z Initialized empty Git repository in /home/runner/work/cms/cms/.git/
2026-10-05T22:56:04.0712507Z [command]/usr/bin/git remote add origin https://github.com/sveltery/cms
2026-10-05T22:56:04.0804312Z ##[endgroup]
2026-10-05T22:56:04.0805929Z ##[group]Disabling automatic garbage collection
2026-10-05T22:56:04.0807205Z [command]/usr/bin/git config --local gc.auto 0
2026-10-05T22:56:04.0844613Z ##[endgroup]
2026-10-05T22:56:04.0846148Z ##[group]Setting up auth
2026-10-05T22:56:04.0851592Z [command]/usr/bin/git config --local --name-only --get-regexp core\.sshCommand
2026-10-05T22:56:04.0902072Z [command]/usr/bin/git submodule foreach --recursive sh -c "git config --local --name-only --get-regexp 'core\.sshCommand' && git config --local --unset-all 'core.sshCommand' || :"
2026-10-05T22:56:04.1355998Z [command]/usr/bin/git config --local --name-only --get-regexp http\.https\:\/\/github\.com\/\.extraheader
2026-10-05T22:56:04.1402394Z [command]/usr/bin/git submodule foreach --recursive sh -c "git config --local --name-only --get-regexp 'http\.https\:\/\/github\.com\/\.extraheader' && git config --local --unset-all 'http.https://github.com/.extraheader' || :"
2026-10-05T22:56:04.1689538Z [command]/usr/bin/git config --local --name-only --get-regexp ^includeIf\.gitdir:
2026-10-05T22:56:04.1731919Z [command]/usr/bin/git submodule foreach --recursive git config --local --show-origin --name-only --get-regexp remote.origin.url
2026-10-05T22:56:04.2003391Z [command]/usr/bin/git config --local http.https://github.com/.extraheader AUTHORIZATION: basic ***
2026-10-05T22:56:04.2050315Z ##[endgroup]
2026-10-05T22:56:04.2052357Z ##[group]Fetching the repository
2026-10-05T22:56:04.2061164Z [command]/usr/bin/git -c protocol.version=2 fetch --no-tags --prune --no-recurse-submodules --depth=1 origin +bf59cb6c427683340350d8446fc8538476a52ffa:refs/remotes/pull/120/merge
2026-10-05T22:56:05.8167187Z From https://github.com/sveltery/cms
2026-10-05T22:56:05.8169132Z  * [new ref]         bf59cb6c427683340350d8446fc8538476a52ffa -> pull/120/merge
2026-10-05T22:56:05.8173226Z ##[endgroup]
2026-10-05T22:56:05.8174274Z ##[group]Determining the checkout info
2026-10-05T22:56:05.8176621Z ##[endgroup]
2026-10-05T22:56:05.8183444Z [command]/usr/bin/git sparse-checkout disable
2026-10-05T22:56:05.8241700Z [command]/usr/bin/git config --local --unset-all extensions.worktreeConfig
2026-10-05T22:56:05.8285484Z ##[group]Checking out the ref
2026-10-05T22:56:05.8289311Z [command]/usr/bin/git checkout --progress --force refs/remotes/pull/120/merge
2026-10-05T22:56:06.2847954Z Note: switching to 'refs/remotes/pull/120/merge'.
2026-10-05T22:56:06.2848723Z 
2026-10-05T22:56:06.2849262Z You are in 'detached HEAD' state. You can look around, make experimental
2026-10-05T22:56:06.2850780Z changes and commit them, and you can discard any commits you make in this
2026-10-05T22:56:06.2852106Z state without impacting any branches by switching back to a branch.
2026-10-05T22:56:06.2852924Z 
2026-10-05T22:56:06.2853469Z If you want to create a new branch to retain commits you create, you may
2026-10-05T22:56:06.2854534Z do so (now or later) by using -c with the switch command. Example:
2026-10-05T22:56:06.2855553Z 
2026-10-05T22:56:06.2855742Z   git switch -c <new-branch-name>
2026-10-05T22:56:06.2855994Z 
2026-10-05T22:56:06.2856176Z Or undo this operation with:
2026-10-05T22:56:06.2856406Z 
2026-10-05T22:56:06.2856533Z   git switch -
2026-10-05T22:56:06.2856732Z 
2026-10-05T22:56:06.2857020Z Turn off this advice by setting config variable advice.detachedHead to false
2026-10-05T22:56:06.2857489Z 
2026-10-05T22:56:06.2857947Z HEAD is now at bf59cb6 Merge c73698dcba0f938d26e6fa1d60457dcfa2609fac into 99c659f67a2117f9e523f1231f0f44d207713396
2026-10-05T22:56:06.2869534Z ##[endgroup]
2026-10-05T22:56:06.2919177Z [command]/usr/bin/git log -1 --format=%H
2026-10-05T22:56:06.2951835Z bf59cb6c427683340350d8446fc8538476a52ffa
2026-10-05T22:56:06.3217394Z ##[group]Run pnpm/action-setup@v4
2026-10-05T22:56:06.3217751Z with:
2026-10-05T22:56:06.3217995Z   version: 12.6.0
2026-10-05T22:56:06.3218253Z   dest: ~/setup-pnpm
2026-10-05T22:56:06.3218513Z   run_install: null
2026-10-05T22:56:06.3218781Z   cache: false
2026-10-05T22:56:06.3219043Z   cache_dependency_path: pnpm-lock.yaml
2026-10-05T22:56:06.3219393Z   package_json_file: package.json
2026-10-05T22:56:06.3219699Z   standalone: false
2026-10-05T22:56:06.3219949Z ##[endgroup]
2026-10-05T22:56:06.4799843Z ##[group]Running self-installer...
2026-10-05T22:56:06.9481036Z (node:2130) [DEP0169] DeprecationWarning: `url.parse()` behavior is not standardized and prone to errors that have security implications. Use the WHATWG URL API instead. CVEs are not issued for `url.parse()` vulnerabilities.
2026-10-05T22:56:06.9482369Z (Use `node --trace-deprecation ...` to show where the warning was created)
2026-10-05T22:56:07.1441111Z Progress: resolved 1, reused 0, downloaded 0, added 0
2026-10-05T22:56:07.3421632Z Packages: +3
2026-10-05T22:56:07.3441566Z +++
2026-10-05T22:56:08.1450816Z Progress: resolved 15, reused 0, downloaded 2, added 2
2026-10-05T22:56:08.2444642Z Progress: resolved 15, reused 0, downloaded 3, added 3, done
2026-10-05T22:56:08.2644221Z .../.pnpm/pnpm@12.6.0/node_modules/pnpm preinstall$ node install.js
2026-10-05T22:56:08.5083225Z .../.pnpm/pnpm@12.6.0/node_modules/pnpm preinstall: Done
2026-10-05T22:56:08.5088289Z .../.pnpm/pnpm@12.6.0/node_modules/pnpm postinstall$ node install.js
2026-10-05T22:56:08.5592282Z .../.pnpm/pnpm@12.6.0/node_modules/pnpm postinstall: Done
2026-10-05T22:56:10.0055689Z 
2026-10-05T22:56:10.0056146Z dependencies:
2026-10-05T22:56:10.0056619Z + pnpm 12.6.0 (12.9.1 is available)
2026-10-05T22:56:10.0056939Z 
2026-10-05T22:56:10.0087907Z Done in 3.3s
2026-10-05T22:56:10.0815329Z ##[endgroup]
2026-10-05T22:56:10.0815749Z Installation Completed!
2026-10-05T22:56:10.1011536Z ##[group]Run actions/setup-node@v4
2026-10-05T22:56:10.1011835Z with:
2026-10-05T22:56:10.1012027Z   node-version: 24
2026-10-05T22:56:10.1012229Z   cache: pnpm
2026-10-05T22:56:10.1012430Z   always-auth: false
2026-10-05T22:56:10.1012642Z   check-latest: false
2026-10-05T22:56:10.1015327Z   token: ***
2026-10-05T22:56:10.1015536Z env:
2026-10-05T22:56:10.1015787Z   PNPM_HOME: /home/runner/setup-pnpm/node_modules/.bin
2026-10-05T22:56:10.1016094Z ##[endgroup]
2026-10-05T22:56:10.2613883Z Found in cache @ /opt/hostedtoolcache/node/24.21.0/x64
2026-10-05T22:56:10.2619339Z (node:2162) [DEP0040] DeprecationWarning: The `punycode` module is deprecated. Please use a userland alternative instead.
2026-10-05T22:56:10.2620892Z (Use `node --trace-deprecation ...` to show where the warning was created)
2026-10-05T22:56:10.2622760Z ##[group]Environment details
2026-10-05T22:56:10.6651946Z node: v24.21.0
2026-10-05T22:56:10.6652417Z npm: 11.19.0
2026-10-05T22:56:10.6652796Z yarn: 1.22.22
2026-10-05T22:56:10.6654316Z ##[endgroup]
2026-10-05T22:56:10.6679300Z [command]/home/runner/setup-pnpm/node_modules/.bin/pnpm store path --silent
2026-10-05T22:56:10.6879786Z /home/runner/setup-pnpm/node_modules/.bin/store/v11
2026-10-05T22:56:10.9075225Z Cache hit for: node-cache-Linux-x64-pnpm-cb01908ec0d0a45d9eb29e44f56e05364983ff2ce958acc694c939d2835b5d56
2026-10-05T22:56:10.9190748Z (node:2162) [DEP0169] DeprecationWarning: `url.parse()` behavior is not standardized and prone to errors that have security implications. Use the WHATWG URL API instead. CVEs are not issued for `url.parse()` vulnerabilities.
2026-10-05T22:56:12.1193739Z Received 33554432 of 174062786 (19.3%), 32.0 MBs/sec
2026-10-05T22:56:13.1204325Z Received 146800640 of 174062786 (84.3%), 69.9 MBs/sec
2026-10-05T22:56:13.4224181Z Received 174062786 of 174062786 (100.0%), 72.0 MBs/sec
2026-10-05T22:56:13.4225113Z Cache Size: ~166 MB (174062786 B)
2026-10-05T22:56:13.4262220Z [command]/usr/bin/tar -xf /home/runner/work/_temp/830fce98-c60e-4fa3-8a4d-5e3902cb1930/cache.tzst -P -C /home/runner/work/cms/cms --use-compress-program unzstd
2026-10-05T22:56:15.5171827Z Cache restored successfully
2026-10-05T22:56:15.5580913Z Cache restored from key: node-cache-Linux-x64-pnpm-cb01908ec0d0a45d9eb29e44f56e05364983ff2ce958acc694c939d2835b5d56
2026-10-05T22:56:15.5874679Z ##[group]Run pnpm install --frozen-lockfile
2026-10-05T22:56:15.5875127Z [36;1mpnpm install --frozen-lockfile[0m
2026-10-05T22:56:15.6408306Z shell: /usr/bin/bash -e {0}
2026-10-05T22:56:15.6408589Z env:
2026-10-05T22:56:15.6408873Z   PNPM_HOME: /home/runner/setup-pnpm/node_modules/.bin
2026-10-05T22:56:15.6409197Z ##[endgroup]
2026-10-05T22:56:15.6998339Z ? Verifying lockfile against supply-chain policies (534 entries)...
2026-10-05T22:56:15.9468765Z Packages are hard linked from the content-addressable store to the virtual store.
2026-10-05T22:56:15.9501605Z   Content-addressable store is at: /home/runner/setup-pnpm/node_modules/.bin/store/v11
2026-10-05T22:56:15.9512473Z   Virtual store is at:             node_modules/.pnpm
2026-10-05T22:56:18.4056388Z ✓ Lockfile passes supply-chain policies (534 entries in 2.7s)
2026-10-05T22:56:18.4057282Z Lockfile is up to date, resolution step is skipped
2026-10-05T22:56:18.4123634Z Packages: +403
2026-10-05T22:56:18.4124464Z ++++++++++++++++++++++++++++++++++++++++++++++++++++++++++++++++++++++++++++++++
2026-10-05T22:56:18.4482231Z Progress: resolved 403, reused 403, downloaded 0, added 403, done
2026-10-05T22:56:18.5425616Z . prepare$ svelte-kit sync
2026-10-05T22:56:19.6216917Z . prepare: Done
2026-10-05T22:56:19.6226109Z 
2026-10-05T22:56:19.6226506Z dependencies:
2026-10-05T22:56:19.6227299Z + @oslojs/crypto 1.0.1
2026-10-05T22:56:19.6227990Z + @oslojs/encoding 1.1.0
2026-10-05T22:56:19.6228504Z + @oslojs/webauthn 1.0.0
2026-10-05T22:56:19.6229036Z + @wordpress/block-serialization-default-parser 5.38.0
2026-10-05T22:56:19.6229661Z + blurhash 2.0.5
2026-10-05T22:56:19.6230165Z + cn 0.2.2
2026-10-05T22:56:19.6230741Z + date-fns 4.1.0
2026-10-05T22:56:19.6231262Z + image-size 2.0.2
2026-10-05T22:56:19.6231667Z + jpeg-js 0.4.4
2026-10-05T22:56:19.6232068Z + jsonc-parser 3.3.1
2026-10-05T22:56:19.6232451Z + kysely 0.29.2
2026-10-05T22:56:19.6232800Z + mime 4.1.0
2026-10-05T22:56:19.6233134Z + parse5 7.3.0
2026-10-05T22:56:19.6233540Z + smol-toml 1.6.0
2026-10-05T22:56:19.6233944Z + ulidx 2.4.1
2026-10-05T22:56:19.6234298Z + upng-js 2.1.0
2026-10-05T22:56:19.6234638Z + valibot 1.5.0
2026-10-05T22:56:19.6234982Z + zod 4.5.4
2026-10-05T22:56:19.6235177Z 
2026-10-05T22:56:19.6235394Z devDependencies:
2026-10-05T22:56:19.6235779Z + @babel/core 7.29.7
2026-10-05T22:56:19.6236171Z + @cloudflare/kumo 2.6.0
2026-10-05T22:56:19.6236497Z + @cloudflare/workers-types 4.20260507.1
2026-10-05T22:56:19.6236812Z + @floating-ui/dom 1.8.0
2026-10-05T22:56:19.6237133Z + @lingui/babel-plugin-lingui-macro 5.9.5
2026-10-05T22:56:19.6237459Z + @lingui/conf 5.9.5
2026-10-05T22:56:19.6237705Z + @lingui/core 5.9.5
2026-10-05T22:56:19.6237945Z + @lingui/react 5.9.5
2026-10-05T22:56:19.6238196Z + @playwright/test 1.63.0
2026-10-05T22:56:19.6238503Z + @sveltejs/adapter-auto 7.0.1
2026-10-05T22:56:19.6238819Z + @sveltejs/adapter-cloudflare 7.2.9
2026-10-05T22:56:19.6239134Z + @sveltejs/adapter-node 5.5.7
2026-10-05T22:56:19.6239400Z + @sveltejs/kit 2.70.3
2026-10-05T22:56:19.6239686Z + @sveltejs/vite-plugin-svelte 7.3.1
2026-10-05T22:56:19.6240292Z + @tanstack/react-query 5.90.21
2026-10-05T22:56:19.6241011Z + @tanstack/react-router 1.163.2
2026-10-05T22:56:19.6241584Z + @testing-library/react 16.3.2
2026-10-05T22:56:19.6242038Z + @types/jsdom 30.0.0
2026-10-05T22:56:19.6242390Z + @types/node 24.19.0
2026-10-05T22:56:19.6242619Z + @types/react 19.3.0
2026-10-05T22:56:19.6242850Z + @types/react-dom 19.3.0
2026-10-05T22:56:19.6243149Z + @vitest/browser-playwright 4.1.10
2026-10-05T22:56:19.6243598Z + devalue 5.9.4
2026-10-05T22:56:19.6243927Z + jsdom 30.1.1
2026-10-05T22:56:19.6244279Z + miniflare 4.20260507.1
2026-10-05T22:56:19.6244641Z + pg 8.18.0
2026-10-05T22:56:19.6244957Z + react 19.3.0
2026-10-05T22:56:19.6245316Z + react-day-picker 9.14.0
2026-10-05T22:56:19.6245706Z + react-dom 19.3.0
2026-10-05T22:56:19.6246035Z + svelte 5.57.1
2026-10-05T22:56:19.6246368Z + svelte-check 4.7.6
2026-10-05T22:56:19.6246715Z + typescript 6.0.3
2026-10-05T22:56:19.6247025Z + vite 8.3.2
2026-10-05T22:56:19.6247633Z + vitest 4.1.10
2026-10-05T22:56:19.6248024Z + vitest-browser-react 2.2.0
2026-10-05T22:56:19.6248426Z + wrangler 4.99.0
2026-10-05T22:56:19.6248622Z 
2026-10-05T22:56:19.6252431Z Done in 4s using pnpm v12.6.0
2026-10-05T22:56:19.6631495Z ##[group]Run pnpm exec playwright install --with-deps chromium
2026-10-05T22:56:19.6632013Z [36;1mpnpm exec playwright install --with-deps chromium[0m
2026-10-05T22:56:19.6704192Z shell: /usr/bin/bash -e {0}
2026-10-05T22:56:19.6704448Z env:
2026-10-05T22:56:19.6704704Z   PNPM_HOME: /home/runner/setup-pnpm/node_modules/.bin
2026-10-05T22:56:19.6705022Z ##[endgroup]
2026-10-05T22:56:20.2391358Z Installing dependencies...
2026-10-05T22:56:20.2479867Z Switching to root user to install dependencies...
2026-10-05T22:56:20.3742467Z Get:1 file:/etc/apt/apt-mirrors.txt Mirrorlist [144 B]
2026-10-05T22:56:20.3948782Z Get:6 https://packages.microsoft.com/ubuntu/22.04/prod jammy InRelease [3632 B]
2026-10-05T22:56:20.4075665Z Hit:2 http://azure.archive.ubuntu.com/ubuntu jammy InRelease
2026-10-05T22:56:20.4103023Z Get:3 http://azure.archive.ubuntu.com/ubuntu jammy-updates InRelease [128 kB]
2026-10-05T22:56:20.4153659Z Get:4 http://azure.archive.ubuntu.com/ubuntu jammy-backports InRelease [127 kB]
2026-10-05T22:56:20.4169644Z Get:5 http://azure.archive.ubuntu.com/ubuntu jammy-security InRelease [129 kB]
2026-10-05T22:56:20.4893892Z Get:7 https://packages.microsoft.com/ubuntu/22.04/prod jammy/main arm64 Packages [551 kB]
2026-10-05T22:56:20.5189374Z Get:8 https://packages.microsoft.com/ubuntu/22.04/prod jammy/main amd64 Packages [797 kB]
2026-10-05T22:56:20.6814295Z Get:9 http://azure.archive.ubuntu.com/ubuntu jammy-updates/main amd64 Packages [3907 kB]
2026-10-05T22:56:20.7011231Z Get:10 http://azure.archive.ubuntu.com/ubuntu jammy-updates/main Translation-en [576 kB]
2026-10-05T22:56:20.7072083Z Get:11 http://azure.archive.ubuntu.com/ubuntu jammy-updates/restricted amd64 Packages [6714 kB]
2026-10-05T22:56:20.7393749Z Get:12 http://azure.archive.ubuntu.com/ubuntu jammy-updates/restricted Translation-en [1290 kB]
2026-10-05T22:56:20.7471717Z Get:13 http://azure.archive.ubuntu.com/ubuntu jammy-updates/universe amd64 Packages [1285 kB]
2026-10-05T22:56:20.7547446Z Get:14 http://azure.archive.ubuntu.com/ubuntu jammy-updates/universe Translation-en [325 kB]
2026-10-05T22:56:20.8721764Z Get:15 http://azure.archive.ubuntu.com/ubuntu jammy-security/main amd64 Packages [3631 kB]
2026-10-05T22:56:20.8909282Z Get:16 http://azure.archive.ubuntu.com/ubuntu jammy-security/main Translation-en [508 kB]
2026-10-05T22:56:20.8943542Z Get:17 http://azure.archive.ubuntu.com/ubuntu jammy-security/restricted amd64 Packages [6465 kB]
2026-10-05T22:56:20.9229348Z Get:18 http://azure.archive.ubuntu.com/ubuntu jammy-security/restricted Translation-en [1244 kB]
2026-10-05T22:56:20.9783085Z Get:19 http://azure.archive.ubuntu.com/ubuntu jammy-security/universe amd64 Packages [1052 kB]
2026-10-05T22:56:20.9834592Z Get:20 http://azure.archive.ubuntu.com/ubuntu jammy-security/universe Translation-en [237 kB]
2026-10-05T22:56:26.7539589Z Fetched 29.0 MB in 3s (8951 kB/s)
2026-10-05T22:56:28.1375088Z Reading package lists...
2026-10-05T22:56:28.2013736Z Reading package lists...
2026-10-05T22:56:28.4889819Z Building dependency tree...
2026-10-05T22:56:28.4901376Z Reading state information...
2026-10-05T22:56:28.7018294Z fonts-liberation is already the newest version (1:1.07.4-11).
2026-10-05T22:56:28.7018985Z fonts-liberation set to manually installed.
2026-10-05T22:56:28.7020098Z libatk-bridge2.0-0 is already the newest version (2.38.0-3).
2026-10-05T22:56:28.7021236Z libatk-bridge2.0-0 set to manually installed.
2026-10-05T22:56:28.7022143Z libatk1.0-0 is already the newest version (2.36.0-3build1).
2026-10-05T22:56:28.7022866Z libatk1.0-0 set to manually installed.
2026-10-05T22:56:28.7023622Z libatspi2.0-0 is already the newest version (2.44.0-3).
2026-10-05T22:56:28.7024434Z libatspi2.0-0 set to manually installed.
2026-10-05T22:56:28.7025421Z libfontconfig1 is already the newest version (2.13.1-4.2ubuntu5).
2026-10-05T22:56:28.7026420Z libfontconfig1 set to manually installed.
2026-10-05T22:56:28.7027592Z libxcb1 is already the newest version (1.14-3ubuntu3).
2026-10-05T22:56:28.7028402Z libxcb1 set to manually installed.
2026-10-05T22:56:28.7029749Z libxcomposite1 is already the newest version (1:0.4.5-1build2).
2026-10-05T22:56:28.7030999Z libxcomposite1 set to manually installed.
2026-10-05T22:56:28.7031902Z libxdamage1 is already the newest version (1:1.1.5-2build2).
2026-10-05T22:56:28.7032621Z libxdamage1 set to manually installed.
2026-10-05T22:56:28.7033357Z libxext6 is already the newest version (2:1.3.4-1build1).
2026-10-05T22:56:28.7034028Z libxext6 set to manually installed.
2026-10-05T22:56:28.7034728Z libxfixes3 is already the newest version (1:6.0.0-1).
2026-10-05T22:56:28.7035405Z libxfixes3 set to manually installed.
2026-10-05T22:56:28.7036272Z libxkbcommon0 is already the newest version (1.4.0-1).
2026-10-05T22:56:28.7036995Z libxkbcommon0 set to manually installed.
2026-10-05T22:56:28.7037728Z libxrandr2 is already the newest version (2:1.5.2-1build1).
2026-10-05T22:56:28.7038484Z libxrandr2 set to manually installed.
2026-10-05T22:56:28.7039384Z fonts-noto-color-emoji is already the newest version (2.047-0ubuntu0.22.04.1).
2026-10-05T22:56:28.7040901Z libasound2 is already the newest version (1.2.6.1-1ubuntu1.2).
2026-10-05T22:56:28.7041695Z libasound2 set to manually installed.
2026-10-05T22:56:28.7042482Z libcairo2 is already the newest version (1.16.0-5ubuntu2.1).
2026-10-05T22:56:28.7043231Z libcairo2 set to manually installed.
2026-10-05T22:56:28.7044013Z libcups2 is already the newest version (2.4.1op1-1ubuntu4.21).
2026-10-05T22:56:28.7044751Z libcups2 set to manually installed.
2026-10-05T22:56:28.7045528Z libdbus-1-3 is already the newest version (1.12.20-2ubuntu4.1).
2026-10-05T22:56:28.7046261Z libdbus-1-3 set to manually installed.
2026-10-05T22:56:28.7047049Z libdrm2 is already the newest version (2.4.113-2~ubuntu0.22.04.1).
2026-10-05T22:56:28.7047814Z libdrm2 set to manually installed.
2026-10-05T22:56:28.7048607Z libfreetype6 is already the newest version (2.11.1+dfsg-1ubuntu0.3).
2026-10-05T22:56:28.7049422Z libfreetype6 set to manually installed.
2026-10-05T22:56:28.7050248Z libgbm1 is already the newest version (23.2.1-1ubuntu3.1~22.04.4).
2026-10-05T22:56:28.7051297Z libgbm1 set to manually installed.
2026-10-05T22:56:28.7052075Z libglib2.0-0 is already the newest version (2.72.4-0ubuntu2.10).
2026-10-05T22:56:28.7052840Z libglib2.0-0 set to manually installed.
2026-10-05T22:56:28.7053648Z libnspr4 is already the newest version (2:4.35-0ubuntu0.22.04.1).
2026-10-05T22:56:28.7054580Z libnss3 is already the newest version (2:3.98-0ubuntu0.22.04.4).
2026-10-05T22:56:28.7055531Z libpango-1.0-0 is already the newest version (1.50.6+ds-2ubuntu1).
2026-10-05T22:56:28.7056326Z libpango-1.0-0 set to manually installed.
2026-10-05T22:56:28.7057208Z libwayland-client0 is already the newest version (1.20.0-1ubuntu0.1).
2026-10-05T22:56:28.7058126Z libwayland-client0 set to manually installed.
2026-10-05T22:56:28.7058989Z libx11-6 is already the newest version (2:1.7.5-1ubuntu0.3).
2026-10-05T22:56:28.7060094Z libx11-6 set to manually installed.
2026-10-05T22:56:28.7060878Z xvfb is already the newest version (2:21.1.4-2ubuntu1.7~22.04.16).
2026-10-05T22:56:28.7061401Z The following additional packages will be installed:
2026-10-05T22:56:28.7061770Z   xfonts-encodings xfonts-utils
2026-10-05T22:56:28.7062048Z Recommended packages:
2026-10-05T22:56:28.7062333Z   fonts-ipafont-mincho fonts-tlwg-loma
2026-10-05T22:56:28.7420247Z The following NEW packages will be installed:
2026-10-05T22:56:28.7421376Z   fonts-freefont-ttf fonts-ipafont-gothic fonts-tlwg-loma-otf fonts-unifont
2026-10-05T22:56:28.7428927Z   fonts-wqy-zenhei xfonts-cyrillic xfonts-encodings xfonts-scalable
2026-10-05T22:56:28.7429742Z   xfonts-utils
2026-10-05T22:56:28.7618229Z 0 upgraded, 9 newly installed, 0 to remove and 20 not upgraded.
2026-10-05T22:56:28.7618995Z Need to get 18.4 MB of archives.
2026-10-05T22:56:28.7619752Z After this operation, 56.8 MB of additional disk space will be used.
2026-10-05T22:56:28.7620869Z Get:1 file:/etc/apt/apt-mirrors.txt Mirrorlist [144 B]
2026-10-05T22:56:28.9097501Z Get:2 http://azure.archive.ubuntu.com/ubuntu jammy/universe amd64 fonts-ipafont-gothic all 00303-21ubuntu1 [3513 kB]
2026-10-05T22:56:29.4973236Z Get:3 http://azure.archive.ubuntu.com/ubuntu jammy/main amd64 fonts-freefont-ttf all 20120503-10build1 [2388 kB]
2026-10-05T22:56:29.5965338Z Get:4 http://azure.archive.ubuntu.com/ubuntu jammy/universe amd64 fonts-tlwg-loma-otf all 1:0.7.3-1 [107 kB]
2026-10-05T22:56:29.6618820Z Get:5 http://azure.archive.ubuntu.com/ubuntu jammy/universe amd64 fonts-unifont all 1:14.0.01-1 [3551 kB]
2026-10-05T22:56:29.7964450Z Get:6 http://azure.archive.ubuntu.com/ubuntu jammy/universe amd64 fonts-wqy-zenhei all 0.9.45-8 [7472 kB]
2026-10-05T22:56:30.0129553Z Get:7 http://azure.archive.ubuntu.com/ubuntu jammy/main amd64 xfonts-encodings all 1:1.0.5-0ubuntu2 [578 kB]
2026-10-05T22:56:30.0875677Z Get:8 http://azure.archive.ubuntu.com/ubuntu jammy/main amd64 xfonts-utils amd64 1:7.7+6build2 [94.6 kB]
2026-10-05T22:56:30.1527664Z Get:9 http://azure.archive.ubuntu.com/ubuntu jammy/universe amd64 xfonts-cyrillic all 1:1.0.5 [386 kB]
2026-10-05T22:56:30.2239287Z Get:10 http://azure.archive.ubuntu.com/ubuntu jammy/main amd64 xfonts-scalable all 1:1.0.3-1.2ubuntu1 [306 kB]
2026-10-05T22:56:30.5775708Z Fetched 18.4 MB in 1s (12.4 MB/s)
2026-10-05T22:56:30.6442199Z Selecting previously unselected package fonts-ipafont-gothic.
2026-10-05T22:56:30.7186505Z (Reading database ... 
2026-10-05T22:56:30.7187028Z (Reading database ... 5%
2026-10-05T22:56:30.7187769Z (Reading database ... 10%
2026-10-05T22:56:30.7188475Z (Reading database ... 15%
2026-10-05T22:56:30.7188933Z (Reading database ... 20%
2026-10-05T22:56:30.7189369Z (Reading database ... 25%
2026-10-05T22:56:30.7189795Z (Reading database ... 30%
2026-10-05T22:56:30.7190084Z (Reading database ... 35%
2026-10-05T22:56:30.7190364Z (Reading database ... 40%
2026-10-05T22:56:30.7191012Z (Reading database ... 45%
2026-10-05T22:56:30.7191320Z (Reading database ... 50%
2026-10-05T22:56:31.0069275Z (Reading database ... 55%
2026-10-05T22:56:31.3542586Z (Reading database ... 60%
2026-10-05T22:56:31.6615547Z (Reading database ... 65%
2026-10-05T22:56:31.9385971Z (Reading database ... 70%
2026-10-05T22:56:32.3090099Z (Reading database ... 75%
2026-10-05T22:56:32.7954266Z (Reading database ... 80%
2026-10-05T22:56:33.3392004Z (Reading database ... 85%
2026-10-05T22:56:33.9025996Z (Reading database ... 90%
2026-10-05T22:56:34.4999860Z (Reading database ... 95%
2026-10-05T22:56:34.5000426Z (Reading database ... 100%
2026-10-05T22:56:34.5001429Z (Reading database ... 260411 files and directories currently installed.)
2026-10-05T22:56:34.5057067Z Preparing to unpack .../0-fonts-ipafont-gothic_00303-21ubuntu1_all.deb ...
2026-10-05T22:56:34.5167895Z Unpacking fonts-ipafont-gothic (00303-21ubuntu1) ...
2026-10-05T22:56:34.7819349Z Selecting previously unselected package fonts-freefont-ttf.
2026-10-05T22:56:34.8028410Z Preparing to unpack .../1-fonts-freefont-ttf_20120503-10build1_all.deb ...
2026-10-05T22:56:34.8035469Z Unpacking fonts-freefont-ttf (20120503-10build1) ...
2026-10-05T22:56:34.9914746Z Selecting previously unselected package fonts-tlwg-loma-otf.
2026-10-05T22:56:35.0122397Z Preparing to unpack .../2-fonts-tlwg-loma-otf_1%3a0.7.3-1_all.deb ...
2026-10-05T22:56:35.0130804Z Unpacking fonts-tlwg-loma-otf (1:0.7.3-1) ...
2026-10-05T22:56:35.0382641Z Selecting previously unselected package fonts-unifont.
2026-10-05T22:56:35.0590399Z Preparing to unpack .../3-fonts-unifont_1%3a14.0.01-1_all.deb ...
2026-10-05T22:56:35.0598387Z Unpacking fonts-unifont (1:14.0.01-1) ...
2026-10-05T22:56:35.1578247Z Selecting previously unselected package fonts-wqy-zenhei.
2026-10-05T22:56:35.1784538Z Preparing to unpack .../4-fonts-wqy-zenhei_0.9.45-8_all.deb ...
2026-10-05T22:56:35.1941560Z Unpacking fonts-wqy-zenhei (0.9.45-8) ...
2026-10-05T22:56:35.7206412Z Selecting previously unselected package xfonts-encodings.
2026-10-05T22:56:35.7413879Z Preparing to unpack .../5-xfonts-encodings_1%3a1.0.5-0ubuntu2_all.deb ...
2026-10-05T22:56:35.7422726Z Unpacking xfonts-encodings (1:1.0.5-0ubuntu2) ...
2026-10-05T22:56:35.7752106Z Selecting previously unselected package xfonts-utils.
2026-10-05T22:56:35.7959643Z Preparing to unpack .../6-xfonts-utils_1%3a7.7+6build2_amd64.deb ...
2026-10-05T22:56:35.7967162Z Unpacking xfonts-utils (1:7.7+6build2) ...
2026-10-05T22:56:35.8430129Z Selecting previously unselected package xfonts-cyrillic.
2026-10-05T22:56:35.8638663Z Preparing to unpack .../7-xfonts-cyrillic_1%3a1.0.5_all.deb ...
2026-10-05T22:56:35.8646664Z Unpacking xfonts-cyrillic (1:1.0.5) ...
2026-10-05T22:56:35.9147038Z Selecting previously unselected package xfonts-scalable.
2026-10-05T22:56:35.9353999Z Preparing to unpack .../8-xfonts-scalable_1%3a1.0.3-1.2ubuntu1_all.deb ...
2026-10-05T22:56:35.9361922Z Unpacking xfonts-scalable (1:1.0.3-1.2ubuntu1) ...
2026-10-05T22:56:35.9920310Z Setting up fonts-wqy-zenhei (0.9.45-8) ...
2026-10-05T22:56:36.0053182Z Setting up fonts-freefont-ttf (20120503-10build1) ...
2026-10-05T22:56:36.0071838Z Setting up fonts-tlwg-loma-otf (1:0.7.3-1) ...
2026-10-05T22:56:36.0091288Z Setting up xfonts-encodings (1:1.0.5-0ubuntu2) ...
2026-10-05T22:56:36.0109613Z Setting up fonts-ipafont-gothic (00303-21ubuntu1) ...
2026-10-05T22:56:36.0194472Z update-alternatives: using /usr/share/fonts/opentype/ipafont-gothic/ipag.ttf to provide /usr/share/fonts/truetype/fonts-japanese-gothic.ttf (fonts-japanese-gothic.ttf) in auto mode
2026-10-05T22:56:36.0214008Z Setting up fonts-unifont (1:14.0.01-1) ...
2026-10-05T22:56:36.0235223Z Setting up xfonts-utils (1:7.7+6build2) ...
2026-10-05T22:56:36.0282489Z Setting up xfonts-cyrillic (1:1.0.5) ...
2026-10-05T22:56:36.0624866Z Setting up xfonts-scalable (1:1.0.3-1.2ubuntu1) ...
2026-10-05T22:56:36.0988910Z Processing triggers for man-db (2.10.2-1) ...
2026-10-05T22:56:36.1033651Z Not building database; man-db/auto-update is not 'true'.
2026-10-05T22:56:36.1049735Z Processing triggers for fontconfig (2.13.1-4.2ubuntu5) ...
2026-10-05T22:56:37.2878949Z 
2026-10-05T22:56:37.2879781Z Running kernel seems to be up-to-date.
2026-10-05T22:56:37.2880221Z 
2026-10-05T22:56:37.2880804Z No services need to be restarted.
2026-10-05T22:56:37.2881166Z 
2026-10-05T22:56:37.2891839Z No containers need to be restarted.
2026-10-05T22:56:37.2892199Z 
2026-10-05T22:56:37.2892517Z No user sessions are running outdated binaries.
2026-10-05T22:56:37.2892891Z 
2026-10-05T22:56:37.2893390Z No VM guests are running outdated hypervisor (qemu) binaries on this host.
2026-10-05T22:56:38.7529677Z Downloading Chrome for Testing 153.0.8010.12 (playwright chromium v1243) from https://cdn.playwright.dev/builds/cft/153.0.8010.12/linux64/chrome-linux64.zip
2026-10-05T22:56:39.4138673Z |                                                                                |   0% of 186.8 MiB
2026-10-05T22:56:39.6237787Z |■■■■■■■■                                                                        |  10% of 186.8 MiB
2026-10-05T22:56:39.7121706Z |■■■■■■■■■■■■■■■■                                                                |  20% of 186.8 MiB
2026-10-05T22:56:39.8190913Z |■■■■■■■■■■■■■■■■■■■■■■■■                                                        |  30% of 186.8 MiB
2026-10-05T22:56:39.9003269Z |■■■■■■■■■■■■■■■■■■■■■■■■■■■■■■■■                                                |  40% of 186.8 MiB
2026-10-05T22:56:39.9908961Z |■■■■■■■■■■■■■■■■■■■■■■■■■■■■■■■■■■■■■■■■                                        |  50% of 186.8 MiB
2026-10-05T22:56:40.0824657Z |■■■■■■■■■■■■■■■■■■■■■■■■■■■■■■■■■■■■■■■■■■■■■■■■                                |  60% of 186.8 MiB
2026-10-05T22:56:40.1811137Z |■■■■■■■■■■■■■■■■■■■■■■■■■■■■■■■■■■■■■■■■■■■■■■■■■■■■■■■■                        |  70% of 186.8 MiB
2026-10-05T22:56:40.2744679Z |■■■■■■■■■■■■■■■■■■■■■■■■■■■■■■■■■■■■■■■■■■■■■■■■■■■■■■■■■■■■■■■■                |  80% of 186.8 MiB
2026-10-05T22:56:40.4122224Z |■■■■■■■■■■■■■■■■■■■■■■■■■■■■■■■■■■■■■■■■■■■■■■■■■■■■■■■■■■■■■■■■■■■■■■■■        |  90% of 186.8 MiB
2026-10-05T22:56:40.5088951Z |■■■■■■■■■■■■■■■■■■■■■■■■■■■■■■■■■■■■■■■■■■■■■■■■■■■■■■■■■■■■■■■■■■■■■■■■■■■■■■■■| 100% of 186.8 MiB
2026-10-05T22:56:43.9954768Z Chrome for Testing 153.0.8010.12 (playwright chromium v1243) downloaded to /home/runner/.cache/ms-playwright/chromium-1243
2026-10-05T22:56:43.9959316Z Downloading FFmpeg (playwright ffmpeg v1011) from https://cdn.playwright.dev/dbazure/download/playwright/builds/ffmpeg/1011/ffmpeg-linux.zip
2026-10-05T22:56:44.4060211Z |                                                                                |   0% of 2.3 MiB
2026-10-05T22:56:44.4098478Z |■■■■■■■■                                                                        |  10% of 2.3 MiB
2026-10-05T22:56:44.4136938Z |■■■■■■■■■■■■■■■■                                                                |  20% of 2.3 MiB
2026-10-05T22:56:44.4155614Z |■■■■■■■■■■■■■■■■■■■■■■■■                                                        |  30% of 2.3 MiB
2026-10-05T22:56:44.4181586Z |■■■■■■■■■■■■■■■■■■■■■■■■■■■■■■■■                                                |  40% of 2.3 MiB
2026-10-05T22:56:44.4192748Z |■■■■■■■■■■■■■■■■■■■■■■■■■■■■■■■■■■■■■■■■                                        |  50% of 2.3 MiB
2026-10-05T22:56:44.4204281Z |■■■■■■■■■■■■■■■■■■■■■■■■■■■■■■■■■■■■■■■■■■■■■■■■                                |  60% of 2.3 MiB
2026-10-05T22:56:44.4218183Z |■■■■■■■■■■■■■■■■■■■■■■■■■■■■■■■■■■■■■■■■■■■■■■■■■■■■■■■■                        |  70% of 2.3 MiB
2026-10-05T22:56:44.4233717Z |■■■■■■■■■■■■■■■■■■■■■■■■■■■■■■■■■■■■■■■■■■■■■■■■■■■■■■■■■■■■■■■■                |  80% of 2.3 MiB
2026-10-05T22:56:44.4264560Z |■■■■■■■■■■■■■■■■■■■■■■■■■■■■■■■■■■■■■■■■■■■■■■■■■■■■■■■■■■■■■■■■■■■■■■■■        |  90% of 2.3 MiB
2026-10-05T22:56:44.4278309Z |■■■■■■■■■■■■■■■■■■■■■■■■■■■■■■■■■■■■■■■■■■■■■■■■■■■■■■■■■■■■■■■■■■■■■■■■■■■■■■■■| 100% of 2.3 MiB
2026-10-05T22:56:44.4990903Z FFmpeg (playwright ffmpeg v1011) downloaded to /home/runner/.cache/ms-playwright/ffmpeg-1011
2026-10-05T22:56:44.5002688Z Downloading Chrome Headless Shell 153.0.8010.12 (playwright chromium-headless-shell v1243) from https://cdn.playwright.dev/builds/cft/153.0.8010.12/linux64/chrome-headless-shell-linux64.zip
2026-10-05T22:56:44.9883430Z |                                                                                |   0% of 114.3 MiB
2026-10-05T22:56:45.1190697Z |■■■■■■■■                                                                        |  10% of 114.3 MiB
2026-10-05T22:56:45.2019090Z |■■■■■■■■■■■■■■■■                                                                |  20% of 114.3 MiB
2026-10-05T22:56:45.2565471Z |■■■■■■■■■■■■■■■■■■■■■■■■                                                        |  30% of 114.3 MiB
2026-10-05T22:56:45.3183080Z |■■■■■■■■■■■■■■■■■■■■■■■■■■■■■■■■                                                |  40% of 114.3 MiB
2026-10-05T22:56:45.3926720Z |■■■■■■■■■■■■■■■■■■■■■■■■■■■■■■■■■■■■■■■■                                        |  50% of 114.3 MiB
2026-10-05T22:56:45.4389794Z |■■■■■■■■■■■■■■■■■■■■■■■■■■■■■■■■■■■■■■■■■■■■■■■■                                |  60% of 114.3 MiB
2026-10-05T22:56:45.4841828Z |■■■■■■■■■■■■■■■■■■■■■■■■■■■■■■■■■■■■■■■■■■■■■■■■■■■■■■■■                        |  70% of 114.3 MiB
2026-10-05T22:56:45.5507595Z |■■■■■■■■■■■■■■■■■■■■■■■■■■■■■■■■■■■■■■■■■■■■■■■■■■■■■■■■■■■■■■■■                |  80% of 114.3 MiB
2026-10-05T22:56:45.5949464Z |■■■■■■■■■■■■■■■■■■■■■■■■■■■■■■■■■■■■■■■■■■■■■■■■■■■■■■■■■■■■■■■■■■■■■■■■        |  90% of 114.3 MiB
2026-10-05T22:56:45.6707300Z |■■■■■■■■■■■■■■■■■■■■■■■■■■■■■■■■■■■■■■■■■■■■■■■■■■■■■■■■■■■■■■■■■■■■■■■■■■■■■■■■| 100% of 114.3 MiB
2026-10-05T22:56:48.2408896Z Chrome Headless Shell 153.0.8010.12 (playwright chromium-headless-shell v1243) downloaded to /home/runner/.cache/ms-playwright/chromium_headless_shell-1243
2026-10-05T22:56:48.2686764Z ##[group]Run pnpm test:media-admin-editor:browser --reporter=default --reporter=json --outputFile=media-source-results.json
2026-10-05T22:56:48.2687703Z [36;1mpnpm test:media-admin-editor:browser --reporter=default --reporter=json --outputFile=media-source-results.json[0m
2026-10-05T22:56:48.2760030Z shell: /usr/bin/bash -e {0}
2026-10-05T22:56:48.2760293Z env:
2026-10-05T22:56:48.2760866Z   PNPM_HOME: /home/runner/setup-pnpm/node_modules/.bin
2026-10-05T22:56:48.2761215Z   MEDIA_SOURCE_GROUP: image
2026-10-05T22:56:48.2761456Z   DEBUG: pw:browser
2026-10-05T22:56:48.2761663Z ##[endgroup]
2026-10-05T22:56:48.3048151Z $ node scripts/check-media-admin-editor-source.mjs && vitest run --config vitest.media-admin-editor-browser.config.ts --reporter=default --reporter=json --outputFile=media-source-results.json
2026-10-05T22:56:48.3484072Z {"immutableFiles":44,"wholeTestFiles":42,"declarations":497,"expectationExpressions":2015,"productTestsRun":0}
2026-10-05T22:56:49.2410450Z 
2026-10-05T22:56:49.2414330Z [1m[30m[46m RUN [49m[39m[22m [36mv4.1.10 [39m[90m/home/runner/work/cms/cms[39m
2026-10-05T22:56:49.2414763Z 
2026-10-05T22:56:49.4875949Z [31m(!) Failed to run dependency scan. Skipping dependency pre-bundling. Error: The following dependencies are imported but could not be resolved:
2026-10-05T22:56:49.4877091Z 
2026-10-05T22:56:49.4877888Z   [36m@tiptap/react[31m [37m[2m(imported by /home/runner/work/cms/cms/parity/emdash/media-admin-editor/source/packages/admin/tests/editor-image-caption.test.tsx)[22m[31m
2026-10-05T22:56:49.4879317Z   [36m@tiptap/starter-kit[31m [37m[2m(imported by /home/runner/work/cms/cms/parity/emdash/media-admin-editor/source/packages/admin/tests/editor-image-caption.test.tsx)[22m[31m
2026-10-05T22:56:49.4881054Z   [36m@tiptap/pm/state[31m [37m[2m(imported by /home/runner/work/cms/cms/parity/emdash/media-admin-editor/source/packages/admin/tests/editor/image-toolbar.test.tsx)[22m[31m
2026-10-05T22:56:49.4881723Z 
2026-10-05T22:56:49.4881873Z Are they installed?
2026-10-05T22:56:49.4882616Z     at file:///home/runner/work/cms/cms/node_modules/.pnpm/vite@8.3.2_@types+node@24.19.0_esbuild@0.28.1_jiti@2.7.0/node_modules/vite/dist/node/chunks/node.js:28293:33
2026-10-05T22:56:49.4883880Z     at file:///home/runner/work/cms/cms/node_modules/.pnpm/vite@8.3.2_@types+node@24.19.0_esbuild@0.28.1_jiti@2.7.0/node_modules/vite/dist/node/chunks/node.js:35613:15[39m
2026-10-05T22:56:50.2244708Z 2026-10-05T22:56:50.222Z pw:browser <launching> /home/runner/.cache/ms-playwright/chromium_headless_shell-1243/chrome-headless-shell-linux64/chrome-headless-shell --disable-field-trial-config --disable-background-networking --disable-background-timer-throttling --disable-backgrounding-occluded-windows --disable-back-forward-cache --disable-breakpad --disable-client-side-phishing-detection --disable-component-extensions-with-background-pages --disable-component-update --no-default-browser-check --disable-default-apps --disable-dev-shm-usage --disable-edgeupdater --disable-extensions --disable-features=AvoidUnnecessaryBeforeUnloadCheckSync,DestroyProfileOnBrowserClose,DialMediaRouteProvider,GlobalMediaControls,HttpsUpgrades,LensOverlay,MediaRouter,PaintHolding,ThirdPartyStoragePartitioning,BlockOriginHeaderModificationOnRedirect,Translate,AutoDeElevate,OptimizationHints,msForceBrowserSignIn,msEdgeUpdateLaunchServicesPreferredVersion --enable-features=CDPScreenshotNewSurface --allow-pre-commit-input --disable-hang-monitor --disable-ipc-flooding-protection --disable-popup-blocking --disable-prompt-on-repost --disable-renderer-backgrounding --disable-updater-scheduler --force-color-profile=srgb --metrics-recording-only --no-first-run --password-store=basic --use-mock-keychain --no-service-autorun --export-tagged-pdf --disable-search-engine-choice-screen --unsafely-disable-devtools-self-xss-warnings --edge-skip-compat-layer-relaunch --disable-infobars --disable-search-engine-choice-screen --disable-sync --enable-unsafe-swiftshader --headless --hide-scrollbars --mute-audio --blink-settings=primaryHoverType=2,availableHoverTypes=2,primaryPointerType=4,availablePointerTypes=4 --user-data-dir=/tmp/playwright_chromiumdev_profile-dxJ92I --remote-debugging-pipe --no-startup-window
2026-10-05T22:56:50.2301900Z 2026-10-05T22:56:50.229Z pw:browser <launched> pid=3084
2026-10-05T22:56:50.3257821Z 2026-10-05T22:56:50.325Z pw:browser [pid=3084][err] [1005/225650.324158:ERROR:dbus/bus.cc:405] Failed to connect to the bus: Could not parse server address: Unknown address type (examples of valid types are "tcp" and on UNIX "unix")
2026-10-05T22:56:50.3295503Z 2026-10-05T22:56:50.329Z pw:browser [pid=3084][err] Unable to revert mtime: /usr/share/fonts
2026-10-05T22:56:50.3308141Z 2026-10-05T22:56:50.330Z pw:browser [pid=3084][err] Unable to revert mtime: /usr/share/fonts/truetype
2026-10-05T22:56:50.3461496Z 2026-10-05T22:56:50.345Z pw:browser [pid=3084][err] [1005/225650.342983:WARNING:media/gpu/vaapi/vaapi_wrapper.cc:1660] drmGetDevices2() has not found any devices
2026-10-05T22:56:50.3484128Z 2026-10-05T22:56:50.345Z pw:browser [pid=3084][err] [1005/225650.344982:WARNING:sandbox/policy/linux/sandbox_linux.cc:405] InitializeSandbox() called with multiple threads in process gpu-process.
2026-10-05T22:56:50.3571104Z 2026-10-05T22:56:50.355Z pw:browser [pid=3084][err] Unable to revert mtime: /usr/share/fonts/truetype/dejavu
2026-10-05T22:56:50.4009604Z 2026-10-05T22:56:50.400Z pw:browser [pid=3084][err] Unable to revert mtime: /usr/share/fonts/truetype/lato
2026-10-05T22:56:50.4303272Z 2026-10-05T22:56:50.430Z pw:browser [pid=3084][err] Unable to revert mtime: /usr/share/fonts/truetype/liberation
2026-10-05T22:56:50.4451013Z 2026-10-05T22:56:50.444Z pw:browser [pid=3084][err] Unable to revert mtime: /usr/share/fonts/truetype/noto
2026-10-05T22:56:50.5648888Z [2m10:56:50 PM[22m [36m[1m[vite][22m[39m [90m[2m(client)[22m[39m [optimizer] bundling dependencies...
2026-10-05T22:56:50.5682796Z 2026-10-05T22:56:50.567Z pw:browser [pid=3084][err] [1005/225650.508390:ERROR:dbus/object_proxy.cc:572] Failed to call method: org.freedesktop.DBus.NameHasOwner: object_path= /org/freedesktop/DBus: unknown error type: 
2026-10-05T22:56:50.5705146Z 2026-10-05T22:56:50.567Z pw:browser [pid=3084][err] [1005/225650.508472:ERROR:dbus/bus.cc:405] Failed to connect to the bus: Could not parse server address: Unknown address type (examples of valid types are "tcp" and on UNIX "unix")
2026-10-05T22:56:50.5741438Z 2026-10-05T22:56:50.567Z pw:browser [pid=3084][err] [1005/225650.519704:ERROR:dbus/object_proxy.cc:572] Failed to call method: org.freedesktop.DBus.NameHasOwner: object_path= /org/freedesktop/DBus: unknown error type: 
2026-10-05T22:56:51.1429722Z 2026-10-05T22:56:51.142Z pw:browser [pid=3084][err] [1005/225651.142524:INFO:CONSOLE:934] "[vite] connecting...", source: http://localhost:63315/@vite/client (934)
2026-10-05T22:56:51.1499288Z 2026-10-05T22:56:51.149Z pw:browser [pid=3084][err] [1005/225651.149265:INFO:CONSOLE:1045] "[vite] connected.", source: http://localhost:63315/@vite/client (1045)
2026-10-05T22:56:51.1974438Z 2026-10-05T22:56:51.196Z pw:browser [pid=3084][err] [1005/225651.190565:INFO:CONSOLE:934] "[vite] connecting...", source: http://localhost:63315/@vite/client (934)
2026-10-05T22:56:51.2135426Z 2026-10-05T22:56:51.213Z pw:browser [pid=3084][err] [1005/225651.205017:INFO:CONSOLE:1045] "[vite] connected.", source: http://localhost:63315/@vite/client (1045)
2026-10-05T22:56:51.6228577Z [2m10:56:51 PM[22m [31m[1m[vite][22m[39m [31mInternal server error: Failed to resolve import "../../src/components/editor/ImageDetailPanel.js" from "parity/emdash/media-admin-editor/source/packages/admin/tests/components/ImageDetailPanel.test.tsx". Does the file exist?[39m
2026-10-05T22:56:51.6231451Z   Plugin: [35mvite:import-analysis[39m
2026-10-05T22:56:51.6233528Z   File: [36m/home/runner/work/cms/cms/parity/emdash/media-admin-editor/source/packages/admin/tests/components/ImageDetailPanel.test.tsx[39m:5:0
2026-10-05T22:56:51.6236495Z [33m  77 |  const __vi_import_0__ = await globalThis["__vitest_browser_runner__"].wrapDynamicImport(() => import("react"));
2026-10-05T22:56:51.6238384Z   78 |  const __vi_import_1__ = await globalThis["__vitest_browser_runner__"].wrapDynamicImport(() => import("vitest/browser"));
2026-10-05T22:56:51.6240220Z   79 |  ..."__vitest_browser_runner__"].wrapDynamicImport(() => import("../../src/components/editor/ImageDetailPanel.js"));
2026-10-05T22:56:51.6241902Z      |                                                                 ^
2026-10-05T22:56:51.6243376Z   80 |  const __vi_import_3__ = await globalThis["__vitest_browser_runner__"].wrapDynamicImport(() => import("../../src/lib/a...
2026-10-05T22:56:51.6245481Z   81 |  const __vi_import_4__ = await globalThis["__vitest_browser_runner__"].wrapDynamicImport(() => import("../utils/render...[39m
2026-10-05T22:56:51.6247962Z       at TransformPluginContext._formatLog (file:///home/runner/work/cms/cms/node_modules/.pnpm/vite@8.3.2_@types+node@24.19.0_esbuild@0.28.1_jiti@2.7.0/node_modules/vite/dist/node/chunks/node.js:8766:39)
2026-10-05T22:56:51.6251075Z       at TransformPluginContext.error (file:///home/runner/work/cms/cms/node_modules/.pnpm/vite@8.3.2_@types+node@24.19.0_esbuild@0.28.1_jiti@2.7.0/node_modules/vite/dist/node/chunks/node.js:8763:14)
2026-10-05T22:56:51.6253828Z       at normalizeUrl (file:///home/runner/work/cms/cms/node_modules/.pnpm/vite@8.3.2_@types+node@24.19.0_esbuild@0.28.1_jiti@2.7.0/node_modules/vite/dist/node/chunks/node.js:26423:18)
2026-10-05T22:56:51.6256622Z       at file:///home/runner/work/cms/cms/node_modules/.pnpm/vite@8.3.2_@types+node@24.19.0_esbuild@0.28.1_jiti@2.7.0/node_modules/vite/dist/node/chunks/node.js:26493:30
2026-10-05T22:56:51.6260884Z       at async Promise.all (index 2)
2026-10-05T22:56:51.6263244Z       at TransformPluginContext.transform (file:///home/runner/work/cms/cms/node_modules/.pnpm/vite@8.3.2_@types+node@24.19.0_esbuild@0.28.1_jiti@2.7.0/node_modules/vite/dist/node/chunks/node.js:26459:4)
2026-10-05T22:56:51.6266904Z       at EnvironmentPluginContainer.transform (file:///home/runner/work/cms/cms/node_modules/.pnpm/vite@8.3.2_@types+node@24.19.0_esbuild@0.28.1_jiti@2.7.0/node_modules/vite/dist/node/chunks/node.js:8545:14)
2026-10-05T22:56:51.6269862Z       at loadAndTransform (file:///home/runner/work/cms/cms/node_modules/.pnpm/vite@8.3.2_@types+node@24.19.0_esbuild@0.28.1_jiti@2.7.0/node_modules/vite/dist/node/chunks/node.js:19988:26)
2026-10-05T22:56:51.6539823Z  [31m❯[39m [30m[43m chromium [49m[39m parity/emdash/media-admin-editor/source/packages/admin/tests/components/ImageDetailPanel.test.tsx [2m([22m[2m0 test[22m[2m)[22m
2026-10-05T22:56:51.6826163Z 2026-10-05T22:56:51.682Z pw:browser [pid=3084][err] [1005/225651.681659:INFO:CONSOLE:934] "[vite] connecting...", source: http://localhost:63315/@vite/client (934)
2026-10-05T22:56:51.6978332Z 2026-10-05T22:56:51.697Z pw:browser [pid=3084][err] [1005/225651.697197:INFO:CONSOLE:1045] "[vite] connected.", source: http://localhost:63315/@vite/client (1045)
2026-10-05T22:56:52.5672332Z [2m10:56:52 PM[22m [31m[1m[vite][22m[39m [31mInternal server error: Failed to resolve import "@tiptap/pm/state" from "parity/emdash/media-admin-editor/source/packages/admin/tests/editor/image-toolbar.test.tsx". Does the file exist?[39m
2026-10-05T22:56:52.5690148Z   Plugin: [35mvite:import-analysis[39m
2026-10-05T22:56:52.5692361Z   File: [36m/home/runner/work/cms/cms/parity/emdash/media-admin-editor/source/packages/admin/tests/editor/image-toolbar.test.tsx[39m:1:0
2026-10-05T22:56:52.5693969Z [33m  34 |  	role: 40
2026-10-05T22:56:52.5695001Z   35 |  } }) }));
2026-10-05T22:56:52.5696022Z   36 |  ..."__vitest_browser_runner__"].wrapDynamicImport(() => import("@tiptap/pm/state"));
2026-10-05T22:56:52.5697222Z      |                                                                 ^
2026-10-05T22:56:52.5698215Z   37 |  const __vi_import_1__ = await globalThis["__vitest_browser_runner__"].wrapDynamicImport(() => import("react"));
2026-10-05T22:56:52.5700156Z   38 |  const __vi_import_2__ = await globalThis["__vitest_browser_runner__"].wrapDynamicImport(() => import("vitest/browser"));[39m
2026-10-05T22:56:52.5702293Z       at TransformPluginContext._formatLog (file:///home/runner/work/cms/cms/node_modules/.pnpm/vite@8.3.2_@types+node@24.19.0_esbuild@0.28.1_jiti@2.7.0/node_modules/vite/dist/node/chunks/node.js:8766:39)
2026-10-05T22:56:52.5704437Z       at TransformPluginContext.error (file:///home/runner/work/cms/cms/node_modules/.pnpm/vite@8.3.2_@types+node@24.19.0_esbuild@0.28.1_jiti@2.7.0/node_modules/vite/dist/node/chunks/node.js:8763:14)
2026-10-05T22:56:52.5706464Z       at normalizeUrl (file:///home/runner/work/cms/cms/node_modules/.pnpm/vite@8.3.2_@types+node@24.19.0_esbuild@0.28.1_jiti@2.7.0/node_modules/vite/dist/node/chunks/node.js:26423:18)
2026-10-05T22:56:52.5708265Z       at file:///home/runner/work/cms/cms/node_modules/.pnpm/vite@8.3.2_@types+node@24.19.0_esbuild@0.28.1_jiti@2.7.0/node_modules/vite/dist/node/chunks/node.js:26493:30
2026-10-05T22:56:52.5709306Z       at async Promise.all (index 0)
2026-10-05T22:56:52.5710962Z       at TransformPluginContext.transform (file:///home/runner/work/cms/cms/node_modules/.pnpm/vite@8.3.2_@types+node@24.19.0_esbuild@0.28.1_jiti@2.7.0/node_modules/vite/dist/node/chunks/node.js:26459:4)
2026-10-05T22:56:52.5713164Z       at EnvironmentPluginContainer.transform (file:///home/runner/work/cms/cms/node_modules/.pnpm/vite@8.3.2_@types+node@24.19.0_esbuild@0.28.1_jiti@2.7.0/node_modules/vite/dist/node/chunks/node.js:8545:14)
2026-10-05T22:56:52.5715523Z       at loadAndTransform (file:///home/runner/work/cms/cms/node_modules/.pnpm/vite@8.3.2_@types+node@24.19.0_esbuild@0.28.1_jiti@2.7.0/node_modules/vite/dist/node/chunks/node.js:19988:26)
2026-10-05T22:56:52.5834637Z  [31m❯[39m [30m[43m chromium [49m[39m parity/emdash/media-admin-editor/source/packages/admin/tests/editor/image-toolbar.test.tsx [2m([22m[2m0 test[22m[2m)[22m
2026-10-05T22:56:52.6250782Z 2026-10-05T22:56:52.623Z pw:browser [pid=3084][err] [1005/225652.623690:INFO:CONSOLE:934] "[vite] connecting...", source: http://localhost:63315/@vite/client (934)
2026-10-05T22:56:52.6382573Z 2026-10-05T22:56:52.637Z pw:browser [pid=3084][err] [1005/225652.637752:INFO:CONSOLE:1045] "[vite] connected.", source: http://localhost:63315/@vite/client (1045)
2026-10-05T22:56:52.7085810Z [2m10:56:52 PM[22m [31m[1m[vite][22m[39m [31mInternal server error: Failed to resolve import "@tiptap/pm/state" from "parity/emdash/media-admin-editor/source/packages/admin/tests/editor/image-upload.test.tsx". Does the file exist?[39m
2026-10-05T22:56:52.7131937Z   Plugin: [35mvite:import-analysis[39m
2026-10-05T22:56:52.7160314Z   File: [36m/home/runner/work/cms/cms/parity/emdash/media-admin-editor/source/packages/admin/tests/editor/image-upload.test.tsx[39m:2:34
2026-10-05T22:56:52.7182882Z [33m  1  |  import { Plugin, PluginKey } from "@tiptap/pm/state";
2026-10-05T22:56:52.7199336Z      |                                     ^
2026-10-05T22:56:52.7200795Z   2  |  import { useEditor, EditorContent } from "@tiptap/react";
2026-10-05T22:56:52.7216279Z   3  |  import StarterKit from "@tiptap/starter-kit";[39m
2026-10-05T22:56:52.7219350Z       at TransformPluginContext._formatLog (file:///home/runner/work/cms/cms/node_modules/.pnpm/vite@8.3.2_@types+node@24.19.0_esbuild@0.28.1_jiti@2.7.0/node_modules/vite/dist/node/chunks/node.js:8766:39)
2026-10-05T22:56:52.7222351Z       at TransformPluginContext.error (file:///home/runner/work/cms/cms/node_modules/.pnpm/vite@8.3.2_@types+node@24.19.0_esbuild@0.28.1_jiti@2.7.0/node_modules/vite/dist/node/chunks/node.js:8763:14)
2026-10-05T22:56:52.7224876Z       at normalizeUrl (file:///home/runner/work/cms/cms/node_modules/.pnpm/vite@8.3.2_@types+node@24.19.0_esbuild@0.28.1_jiti@2.7.0/node_modules/vite/dist/node/chunks/node.js:26423:18)
2026-10-05T22:56:52.7227170Z       at file:///home/runner/work/cms/cms/node_modules/.pnpm/vite@8.3.2_@types+node@24.19.0_esbuild@0.28.1_jiti@2.7.0/node_modules/vite/dist/node/chunks/node.js:26493:30
2026-10-05T22:56:52.7228686Z       at async Promise.all (index 0)
2026-10-05T22:56:52.7230959Z       at TransformPluginContext.transform (file:///home/runner/work/cms/cms/node_modules/.pnpm/vite@8.3.2_@types+node@24.19.0_esbuild@0.28.1_jiti@2.7.0/node_modules/vite/dist/node/chunks/node.js:26459:4)
2026-10-05T22:56:52.7233624Z       at EnvironmentPluginContainer.transform (file:///home/runner/work/cms/cms/node_modules/.pnpm/vite@8.3.2_@types+node@24.19.0_esbuild@0.28.1_jiti@2.7.0/node_modules/vite/dist/node/chunks/node.js:8545:14)
2026-10-05T22:56:52.7235989Z       at loadAndTransform (file:///home/runner/work/cms/cms/node_modules/.pnpm/vite@8.3.2_@types+node@24.19.0_esbuild@0.28.1_jiti@2.7.0/node_modules/vite/dist/node/chunks/node.js:19988:26)
2026-10-05T22:56:52.7257914Z [2m10:56:52 PM[22m [36m[1m[vite][22m[39m [90m[2m(client)[22m[39m [optimizer] bundling dependencies...
2026-10-05T22:56:52.7294783Z  [31m❯[39m [30m[43m chromium [49m[39m parity/emdash/media-admin-editor/source/packages/admin/tests/editor/image-upload.test.tsx [2m([22m[2m0 test[22m[2m)[22m
2026-10-05T22:56:52.7802960Z 2026-10-05T22:56:52.775Z pw:browser [pid=3084][err] [1005/225652.774907:INFO:CONSOLE:934] "[vite] connecting...", source: http://localhost:63315/@vite/client (934)
2026-10-05T22:56:52.8122706Z 2026-10-05T22:56:52.810Z pw:browser [pid=3084][err] [1005/225652.809590:INFO:CONSOLE:1045] "[vite] connected.", source: http://localhost:63315/@vite/client (1045)
2026-10-05T22:56:52.8715470Z [2m10:56:52 PM[22m [31m[1m[vite][22m[39m [31mInternal server error: Failed to resolve import "../../dist/styles.css" from "parity/emdash/media-admin-editor/source/packages/admin/tests/components/ImageDropTargets.test.tsx". Does the file exist?[39m
2026-10-05T22:56:52.8717699Z   Plugin: [35mvite:import-analysis[39m
2026-10-05T22:56:52.8719463Z   File: [36m/home/runner/work/cms/cms/parity/emdash/media-admin-editor/source/packages/admin/tests/components/ImageDropTargets.test.tsx[39m:5:0
2026-10-05T22:56:52.8724267Z [33m  20 |  const __vi_import_0__ = await globalThis["__vitest_browser_runner__"].wrapDynamicImport(() => import("react"));
2026-10-05T22:56:52.8726315Z   21 |  const __vi_import_1__ = await globalThis["__vitest_browser_runner__"].wrapDynamicImport(() => import("vitest/browser"));
2026-10-05T22:56:52.8728137Z   22 |  ..."__vitest_browser_runner__"].wrapDynamicImport(() => import("../../dist/styles.css"));
2026-10-05T22:56:52.8729358Z      |                                                                 ^
2026-10-05T22:56:52.8731100Z   23 |  const __vi_import_3__ = await globalThis["__vitest_browser_runner__"].wrapDynamicImport(() => import("../../src/compo...
2026-10-05T22:56:52.8733240Z   24 |  const __vi_import_4__ = await globalThis["__vitest_browser_runner__"].wrapDynamicImport(() => import("../../src/compo...[39m
2026-10-05T22:56:52.8735680Z       at TransformPluginContext._formatLog (file:///home/runner/work/cms/cms/node_modules/.pnpm/vite@8.3.2_@types+node@24.19.0_esbuild@0.28.1_jiti@2.7.0/node_modules/vite/dist/node/chunks/node.js:8766:39)
2026-10-05T22:56:52.8738506Z       at TransformPluginContext.error (file:///home/runner/work/cms/cms/node_modules/.pnpm/vite@8.3.2_@types+node@24.19.0_esbuild@0.28.1_jiti@2.7.0/node_modules/vite/dist/node/chunks/node.js:8763:14)
2026-10-05T22:56:52.8741356Z       at normalizeUrl (file:///home/runner/work/cms/cms/node_modules/.pnpm/vite@8.3.2_@types+node@24.19.0_esbuild@0.28.1_jiti@2.7.0/node_modules/vite/dist/node/chunks/node.js:26423:18)
2026-10-05T22:56:52.8743776Z       at file:///home/runner/work/cms/cms/node_modules/.pnpm/vite@8.3.2_@types+node@24.19.0_esbuild@0.28.1_jiti@2.7.0/node_modules/vite/dist/node/chunks/node.js:26493:30
2026-10-05T22:56:52.8745283Z       at async Promise.all (index 2)
2026-10-05T22:56:52.8747111Z       at TransformPluginContext.transform (file:///home/runner/work/cms/cms/node_modules/.pnpm/vite@8.3.2_@types+node@24.19.0_esbuild@0.28.1_jiti@2.7.0/node_modules/vite/dist/node/chunks/node.js:26459:4)
2026-10-05T22:56:52.8750351Z       at EnvironmentPluginContainer.transform (file:///home/runner/work/cms/cms/node_modules/.pnpm/vite@8.3.2_@types+node@24.19.0_esbuild@0.28.1_jiti@2.7.0/node_modules/vite/dist/node/chunks/node.js:8545:14)
2026-10-05T22:56:52.8753299Z       at loadAndTransform (file:///home/runner/work/cms/cms/node_modules/.pnpm/vite@8.3.2_@types+node@24.19.0_esbuild@0.28.1_jiti@2.7.0/node_modules/vite/dist/node/chunks/node.js:19988:26)
2026-10-05T22:56:52.8902426Z  [31m❯[39m [30m[43m chromium [49m[39m parity/emdash/media-admin-editor/source/packages/admin/tests/components/ImageDropTargets.test.tsx [2m([22m[2m0 test[22m[2m)[22m
2026-10-05T22:56:52.9085705Z [2m10:56:52 PM[22m [36m[1m[vite][22m[39m [90m[2m(client)[22m[39m [32mdependency optimized: [33mreact/jsx-dev-runtime[32m[39m
2026-10-05T22:56:52.9086956Z [33m
2026-10-05T22:56:52.9099608Z [1m[vitest][22m Vite unexpectedly reloaded a test. This may cause tests to fail, lead to flaky behaviour or duplicated test runs.
2026-10-05T22:56:52.9103312Z [39m[33mFor a stable experience, please add mentioned dependencies to your config's [1m`optimizeDeps.include`[22m field manually.
2026-10-05T22:56:52.9104463Z 
2026-10-05T22:56:52.9104702Z [39m
2026-10-05T22:56:52.9116847Z [2m10:56:52 PM[22m [36m[1m[vite][22m[39m [90m[2m(client)[22m[39m [32moptimized dependencies changed. reloading[39m
2026-10-05T22:56:53.0322792Z 2026-10-05T22:56:53.030Z pw:browser [pid=3084][err] [1005/225653.011288:INFO:CONSOLE:934] "[vite] connecting...", source: http://localhost:63315/@vite/client (934)
2026-10-05T22:56:53.0404294Z 2026-10-05T22:56:53.039Z pw:browser [pid=3084][err] [1005/225653.035281:INFO:CONSOLE:1045] "[vite] connected.", source: http://localhost:63315/@vite/client (1045)
2026-10-05T22:56:53.4048658Z [2m10:56:53 PM[22m [31m[1m[vite][22m[39m [31mInternal server error: Failed to resolve import "@tiptap/react" from "parity/emdash/media-admin-editor/source/packages/admin/tests/editor/image-alignment.test.tsx". Does the file exist?[39m
2026-10-05T22:56:53.4051003Z   Plugin: [35mvite:import-analysis[39m
2026-10-05T22:56:53.4052670Z   File: [36m/home/runner/work/cms/cms/parity/emdash/media-admin-editor/source/packages/admin/tests/editor/image-alignment.test.tsx[39m:1:54
2026-10-05T22:56:53.4054298Z [33m  1  |  import { EditorContent, useEditor } from "@tiptap/react";
2026-10-05T22:56:53.4054999Z      |                                            ^
2026-10-05T22:56:53.4055600Z   2  |  import StarterKit from "@tiptap/starter-kit";
2026-10-05T22:56:53.4056319Z   3  |  import * as React from "react";[39m
2026-10-05T22:56:53.4057919Z       at TransformPluginContext._formatLog (file:///home/runner/work/cms/cms/node_modules/.pnpm/vite@8.3.2_@types+node@24.19.0_esbuild@0.28.1_jiti@2.7.0/node_modules/vite/dist/node/chunks/node.js:8766:39)
2026-10-05T22:56:53.4060764Z       at TransformPluginContext.error (file:///home/runner/work/cms/cms/node_modules/.pnpm/vite@8.3.2_@types+node@24.19.0_esbuild@0.28.1_jiti@2.7.0/node_modules/vite/dist/node/chunks/node.js:8763:14)
2026-10-05T22:56:53.4063093Z       at normalizeUrl (file:///home/runner/work/cms/cms/node_modules/.pnpm/vite@8.3.2_@types+node@24.19.0_esbuild@0.28.1_jiti@2.7.0/node_modules/vite/dist/node/chunks/node.js:26423:18)
2026-10-05T22:56:53.4065154Z       at file:///home/runner/work/cms/cms/node_modules/.pnpm/vite@8.3.2_@types+node@24.19.0_esbuild@0.28.1_jiti@2.7.0/node_modules/vite/dist/node/chunks/node.js:26493:30
2026-10-05T22:56:53.4066349Z       at async Promise.all (index 0)
2026-10-05T22:56:53.4067967Z       at TransformPluginContext.transform (file:///home/runner/work/cms/cms/node_modules/.pnpm/vite@8.3.2_@types+node@24.19.0_esbuild@0.28.1_jiti@2.7.0/node_modules/vite/dist/node/chunks/node.js:26459:4)
2026-10-05T22:56:53.4076044Z       at EnvironmentPluginContainer.transform (file:///home/runner/work/cms/cms/node_modules/.pnpm/vite@8.3.2_@types+node@24.19.0_esbuild@0.28.1_jiti@2.7.0/node_modules/vite/dist/node/chunks/node.js:8545:14)
2026-10-05T22:56:53.4079032Z       at loadAndTransform (file:///home/runner/work/cms/cms/node_modules/.pnpm/vite@8.3.2_@types+node@24.19.0_esbuild@0.28.1_jiti@2.7.0/node_modules/vite/dist/node/chunks/node.js:19988:26)
2026-10-05T22:56:53.4197764Z  [31m❯[39m [30m[43m chromium [49m[39m parity/emdash/media-admin-editor/source/packages/admin/tests/editor/image-alignment.test.tsx [2m([22m[2m0 test[22m[2m)[22m
2026-10-05T22:56:53.4473268Z 2026-10-05T22:56:53.446Z pw:browser [pid=3084][err] [1005/225653.446892:INFO:CONSOLE:934] "[vite] connecting...", source: http://localhost:63315/@vite/client (934)
2026-10-05T22:56:53.4893899Z 2026-10-05T22:56:53.488Z pw:browser [pid=3084][err] [1005/225653.488464:INFO:CONSOLE:1045] "[vite] connected.", source: http://localhost:63315/@vite/client (1045)
2026-10-05T22:56:53.5832351Z [2m10:56:53 PM[22m [31m[1m[vite][22m[39m [31mInternal server error: Failed to resolve import "../../src/components/PortableTextEditor" from "parity/emdash/media-admin-editor/source/packages/admin/tests/editor/image-lqip.test.ts". Does the file exist?[39m
2026-10-05T22:56:53.5834447Z   Plugin: [35mvite:import-analysis[39m
2026-10-05T22:56:53.5835334Z   File: [36m/home/runner/work/cms/cms/parity/emdash/media-admin-editor/source/packages/admin/tests/editor/image-lqip.test.ts[39m:15:7
2026-10-05T22:56:53.5835985Z [33m  8  |  */
2026-10-05T22:56:53.5836297Z   9  |  import { describe, it, expect } from "vitest";
2026-10-05T22:56:53.5837295Z   10 |  ...semirrorToPortableText as prosemirrorToPortableText } from "../../src/components/PortableTextEditor";
2026-10-05T22:56:53.5838398Z      |                                                                 ^
2026-10-05T22:56:53.5839148Z   11 |  describe("admin editor image LQIP round-trip", () => {
2026-10-05T22:56:53.5840791Z   12 |  	it("preserves blurhash and dominantColor through PT → PM → PT (promotes legacy asset.meta)", () => {[39m
2026-10-05T22:56:53.5842881Z       at TransformPluginContext._formatLog (file:///home/runner/work/cms/cms/node_modules/.pnpm/vite@8.3.2_@types+node@24.19.0_esbuild@0.28.1_jiti@2.7.0/node_modules/vite/dist/node/chunks/node.js:8766:39)
2026-10-05T22:56:53.5845532Z       at TransformPluginContext.error (file:///home/runner/work/cms/cms/node_modules/.pnpm/vite@8.3.2_@types+node@24.19.0_esbuild@0.28.1_jiti@2.7.0/node_modules/vite/dist/node/chunks/node.js:8763:14)
2026-10-05T22:56:53.5847962Z       at normalizeUrl (file:///home/runner/work/cms/cms/node_modules/.pnpm/vite@8.3.2_@types+node@24.19.0_esbuild@0.28.1_jiti@2.7.0/node_modules/vite/dist/node/chunks/node.js:26423:18)
2026-10-05T22:56:53.5850202Z       at file:///home/runner/work/cms/cms/node_modules/.pnpm/vite@8.3.2_@types+node@24.19.0_esbuild@0.28.1_jiti@2.7.0/node_modules/vite/dist/node/chunks/node.js:26493:30
2026-10-05T22:56:53.5851302Z       at async Promise.all (index 1)
2026-10-05T22:56:53.5852212Z       at TransformPluginContext.transform (file:///home/runner/work/cms/cms/node_modules/.pnpm/vite@8.3.2_@types+node@24.19.0_esbuild@0.28.1_jiti@2.7.0/node_modules/vite/dist/node/chunks/node.js:26459:4)
2026-10-05T22:56:53.5853639Z       at EnvironmentPluginContainer.transform (file:///home/runner/work/cms/cms/node_modules/.pnpm/vite@8.3.2_@types+node@24.19.0_esbuild@0.28.1_jiti@2.7.0/node_modules/vite/dist/node/chunks/node.js:8545:14)
2026-10-05T22:56:53.5854979Z       at loadAndTransform (file:///home/runner/work/cms/cms/node_modules/.pnpm/vite@8.3.2_@types+node@24.19.0_esbuild@0.28.1_jiti@2.7.0/node_modules/vite/dist/node/chunks/node.js:19988:26)
2026-10-05T22:56:53.5915570Z  [31m❯[39m [30m[43m chromium [49m[39m parity/emdash/media-admin-editor/source/packages/admin/tests/editor/image-lqip.test.ts [2m([22m[2m0 test[22m[2m)[22m
2026-10-05T22:56:53.6130154Z 2026-10-05T22:56:53.612Z pw:browser [pid=3084][err] [1005/225653.612330:INFO:CONSOLE:934] "[vite] connecting...", source: http://localhost:63315/@vite/client (934)
2026-10-05T22:56:53.6203040Z 2026-10-05T22:56:53.619Z pw:browser [pid=3084][err] [1005/225653.619718:INFO:CONSOLE:1045] "[vite] connected.", source: http://localhost:63315/@vite/client (1045)
2026-10-05T22:56:53.6783312Z [2m10:56:53 PM[22m [31m[1m[vite][22m[39m [31mInternal server error: Failed to resolve import "../../src/components/PortableTextEditor.js" from "parity/emdash/media-admin-editor/source/packages/admin/tests/editor/image-metadata.test.ts". Does the file exist?[39m
2026-10-05T22:56:53.6785676Z   Plugin: [35mvite:import-analysis[39m
2026-10-05T22:56:53.6787176Z   File: [36m/home/runner/work/cms/cms/parity/emdash/media-admin-editor/source/packages/admin/tests/editor/image-metadata.test.ts[39m:6:7
2026-10-05T22:56:53.6788639Z [33m  1  |  import { describe, expect, it } from "vitest";
2026-10-05T22:56:53.6789831Z   2  |  ...semirrorToPortableText as prosemirrorToPortableText } from "../../src/components/PortableTextEditor.js";
2026-10-05T22:56:53.6791377Z      |                                                                 ^
2026-10-05T22:56:53.6792076Z   3  |  describe("admin editor image metadata", () => {
2026-10-05T22:56:53.6793150Z   4  |  	it("keeps captions and tooltip titles independent through a round trip", () => {[39m
2026-10-05T22:56:53.6795140Z       at TransformPluginContext._formatLog (file:///home/runner/work/cms/cms/node_modules/.pnpm/vite@8.3.2_@types+node@24.19.0_esbuild@0.28.1_jiti@2.7.0/node_modules/vite/dist/node/chunks/node.js:8766:39)
2026-10-05T22:56:53.6797370Z       at TransformPluginContext.error (file:///home/runner/work/cms/cms/node_modules/.pnpm/vite@8.3.2_@types+node@24.19.0_esbuild@0.28.1_jiti@2.7.0/node_modules/vite/dist/node/chunks/node.js:8763:14)
2026-10-05T22:56:53.6798927Z       at normalizeUrl (file:///home/runner/work/cms/cms/node_modules/.pnpm/vite@8.3.2_@types+node@24.19.0_esbuild@0.28.1_jiti@2.7.0/node_modules/vite/dist/node/chunks/node.js:26423:18)
2026-10-05T22:56:53.6800092Z       at file:///home/runner/work/cms/cms/node_modules/.pnpm/vite@8.3.2_@types+node@24.19.0_esbuild@0.28.1_jiti@2.7.0/node_modules/vite/dist/node/chunks/node.js:26493:30
2026-10-05T22:56:53.6801441Z       at async Promise.all (index 1)
2026-10-05T22:56:53.6803096Z       at TransformPluginContext.transform (file:///home/runner/work/cms/cms/node_modules/.pnpm/vite@8.3.2_@types+node@24.19.0_esbuild@0.28.1_jiti@2.7.0/node_modules/vite/dist/node/chunks/node.js:26459:4)
2026-10-05T22:56:53.6804915Z       at EnvironmentPluginContainer.transform (file:///home/runner/work/cms/cms/node_modules/.pnpm/vite@8.3.2_@types+node@24.19.0_esbuild@0.28.1_jiti@2.7.0/node_modules/vite/dist/node/chunks/node.js:8545:14)
2026-10-05T22:56:53.6806293Z       at loadAndTransform (file:///home/runner/work/cms/cms/node_modules/.pnpm/vite@8.3.2_@types+node@24.19.0_esbuild@0.28.1_jiti@2.7.0/node_modules/vite/dist/node/chunks/node.js:19988:26)
2026-10-05T22:56:53.7016377Z  [31m❯[39m [30m[43m chromium [49m[39m parity/emdash/media-admin-editor/source/packages/admin/tests/editor/image-metadata.test.ts [2m([22m[2m0 test[22m[2m)[22m
2026-10-05T22:56:53.7228627Z 2026-10-05T22:56:53.721Z pw:browser [pid=3084][err] [1005/225653.721227:INFO:CONSOLE:934] "[vite] connecting...", source: http://localhost:63315/@vite/client (934)
2026-10-05T22:56:53.7380748Z 2026-10-05T22:56:53.737Z pw:browser [pid=3084][err] [1005/225653.736569:INFO:CONSOLE:1045] "[vite] connected.", source: http://localhost:63315/@vite/client (1045)
2026-10-05T22:56:53.7776521Z [2m10:56:53 PM[22m [31m[1m[vite][22m[39m [31mInternal server error: Failed to resolve import "@tiptap/react" from "parity/emdash/media-admin-editor/source/packages/admin/tests/editor-image-caption.test.tsx". Does the file exist?[39m
2026-10-05T22:56:53.7778482Z   Plugin: [35mvite:import-analysis[39m
2026-10-05T22:56:53.7779955Z   File: [36m/home/runner/work/cms/cms/parity/emdash/media-admin-editor/source/packages/admin/tests/editor-image-caption.test.tsx[39m:2:41
2026-10-05T22:56:53.7781672Z [33m  1  |  import { screen } from "@testing-library/react";
2026-10-05T22:56:53.7782376Z   2  |  import { useEditor, EditorContent } from "@tiptap/react";
2026-10-05T22:56:53.7783191Z      |                                            ^
2026-10-05T22:56:53.7783765Z   3  |  import StarterKit from "@tiptap/starter-kit";
2026-10-05T22:56:53.7784829Z   4  |  import * as React from "react";[39m
2026-10-05T22:56:53.7786481Z       at TransformPluginContext._formatLog (file:///home/runner/work/cms/cms/node_modules/.pnpm/vite@8.3.2_@types+node@24.19.0_esbuild@0.28.1_jiti@2.7.0/node_modules/vite/dist/node/chunks/node.js:8766:39)
2026-10-05T22:56:53.7788897Z       at TransformPluginContext.error (file:///home/runner/work/cms/cms/node_modules/.pnpm/vite@8.3.2_@types+node@24.19.0_esbuild@0.28.1_jiti@2.7.0/node_modules/vite/dist/node/chunks/node.js:8763:14)
2026-10-05T22:56:53.7791369Z       at normalizeUrl (file:///home/runner/work/cms/cms/node_modules/.pnpm/vite@8.3.2_@types+node@24.19.0_esbuild@0.28.1_jiti@2.7.0/node_modules/vite/dist/node/chunks/node.js:26423:18)
2026-10-05T22:56:53.7793515Z       at file:///home/runner/work/cms/cms/node_modules/.pnpm/vite@8.3.2_@types+node@24.19.0_esbuild@0.28.1_jiti@2.7.0/node_modules/vite/dist/node/chunks/node.js:26493:30
2026-10-05T22:56:53.7794745Z       at async Promise.all (index 1)
2026-10-05T22:56:53.7796333Z       at TransformPluginContext.transform (file:///home/runner/work/cms/cms/node_modules/.pnpm/vite@8.3.2_@types+node@24.19.0_esbuild@0.28.1_jiti@2.7.0/node_modules/vite/dist/node/chunks/node.js:26459:4)
2026-10-05T22:56:53.7798879Z       at EnvironmentPluginContainer.transform (file:///home/runner/work/cms/cms/node_modules/.pnpm/vite@8.3.2_@types+node@24.19.0_esbuild@0.28.1_jiti@2.7.0/node_modules/vite/dist/node/chunks/node.js:8545:14)
2026-10-05T22:56:53.7803677Z       at loadAndTransform (file:///home/runner/work/cms/cms/node_modules/.pnpm/vite@8.3.2_@types+node@24.19.0_esbuild@0.28.1_jiti@2.7.0/node_modules/vite/dist/node/chunks/node.js:19988:26)
2026-10-05T22:56:53.9314813Z  [31m❯[39m [30m[43m chromium [49m[39m parity/emdash/media-admin-editor/source/packages/admin/tests/editor-image-caption.test.tsx [2m([22m[2m0 test[22m[2m)[22m
2026-10-05T22:56:53.9583153Z 2026-10-05T22:56:53.956Z pw:browser [pid=3084][err] [1005/225653.954244:INFO:CONSOLE:934] "[vite] connecting...", source: http://localhost:63315/@vite/client (934)
2026-10-05T22:56:53.9693487Z 2026-10-05T22:56:53.969Z pw:browser [pid=3084][err] [1005/225653.967690:INFO:CONSOLE:1045] "[vite] connected.", source: http://localhost:63315/@vite/client (1045)
2026-10-05T22:56:54.0994721Z [2m10:56:54 PM[22m [31m[1m[vite][22m[39m [31mInternal server error: Failed to resolve import "@tiptap/pm/state" from "parity/emdash/media-admin-editor/source/packages/admin/tests/editor/image-selection.test.tsx". Does the file exist?[39m
2026-10-05T22:56:54.0997041Z   Plugin: [35mvite:import-analysis[39m
2026-10-05T22:56:54.1006581Z   File: [36m/home/runner/work/cms/cms/parity/emdash/media-admin-editor/source/packages/admin/tests/editor/image-selection.test.tsx[39m:2:30
2026-10-05T22:56:54.1008264Z [33m  1  |  import { screen } from "@testing-library/react";
2026-10-05T22:56:54.1009262Z   2  |  import { NodeSelection } from "@tiptap/pm/state";
2026-10-05T22:56:54.1010124Z      |                                 ^
2026-10-05T22:56:54.1011159Z   3  |  import { useEditor, EditorContent } from "@tiptap/react";
2026-10-05T22:56:54.1012612Z   4  |  import StarterKit from "@tiptap/starter-kit";[39m
2026-10-05T22:56:54.1014435Z       at TransformPluginContext._formatLog (file:///home/runner/work/cms/cms/node_modules/.pnpm/vite@8.3.2_@types+node@24.19.0_esbuild@0.28.1_jiti@2.7.0/node_modules/vite/dist/node/chunks/node.js:8766:39)
2026-10-05T22:56:54.1016738Z       at TransformPluginContext.error (file:///home/runner/work/cms/cms/node_modules/.pnpm/vite@8.3.2_@types+node@24.19.0_esbuild@0.28.1_jiti@2.7.0/node_modules/vite/dist/node/chunks/node.js:8763:14)
2026-10-05T22:56:54.1018049Z       at normalizeUrl (file:///home/runner/work/cms/cms/node_modules/.pnpm/vite@8.3.2_@types+node@24.19.0_esbuild@0.28.1_jiti@2.7.0/node_modules/vite/dist/node/chunks/node.js:26423:18)
2026-10-05T22:56:54.1019237Z       at file:///home/runner/work/cms/cms/node_modules/.pnpm/vite@8.3.2_@types+node@24.19.0_esbuild@0.28.1_jiti@2.7.0/node_modules/vite/dist/node/chunks/node.js:26493:30
2026-10-05T22:56:54.1020853Z       at async Promise.all (index 1)
2026-10-05T22:56:54.1022599Z       at TransformPluginContext.transform (file:///home/runner/work/cms/cms/node_modules/.pnpm/vite@8.3.2_@types+node@24.19.0_esbuild@0.28.1_jiti@2.7.0/node_modules/vite/dist/node/chunks/node.js:26459:4)
2026-10-05T22:56:54.1025199Z       at EnvironmentPluginContainer.transform (file:///home/runner/work/cms/cms/node_modules/.pnpm/vite@8.3.2_@types+node@24.19.0_esbuild@0.28.1_jiti@2.7.0/node_modules/vite/dist/node/chunks/node.js:8545:14)
2026-10-05T22:56:54.1027549Z       at loadAndTransform (file:///home/runner/work/cms/cms/node_modules/.pnpm/vite@8.3.2_@types+node@24.19.0_esbuild@0.28.1_jiti@2.7.0/node_modules/vite/dist/node/chunks/node.js:19988:26)
2026-10-05T22:56:54.1094792Z  [31m❯[39m [30m[43m chromium [49m[39m parity/emdash/media-admin-editor/source/packages/admin/tests/editor/image-selection.test.tsx [2m([22m[2m0 test[22m[2m)[22m
2026-10-05T22:56:54.1365380Z 2026-10-05T22:56:54.136Z pw:browser [pid=3084][err] [1005/225654.135991:INFO:CONSOLE:934] "[vite] connecting...", source: http://localhost:63315/@vite/client (934)
2026-10-05T22:56:54.1455563Z 2026-10-05T22:56:54.144Z pw:browser [pid=3084][err] [1005/225654.144807:INFO:CONSOLE:1045] "[vite] connected.", source: http://localhost:63315/@vite/client (1045)
2026-10-05T22:56:54.2176338Z [2m10:56:54 PM[22m [31m[1m[vite][22m[39m [31mInternal server error: Failed to resolve import "@tiptap/react" from "parity/emdash/media-admin-editor/source/packages/admin/tests/editor-image-media-refresh.test.tsx". Does the file exist?[39m
2026-10-05T22:56:54.2189992Z   Plugin: [35mvite:import-analysis[39m
2026-10-05T22:56:54.2194746Z   File: [36m/home/runner/work/cms/cms/parity/emdash/media-admin-editor/source/packages/admin/tests/editor-image-media-refresh.test.tsx[39m:2:0
2026-10-05T22:56:54.2196080Z [33m  7  |  });
2026-10-05T22:56:54.2197161Z   8  |  const __vi_import_0__ = await globalThis["__vitest_browser_runner__"].wrapDynamicImport(() => import("@testing-librar...
2026-10-05T22:56:54.2198907Z   9  |  const __vi_import_1__ = await globalThis["__vitest_browser_runner__"].wrapDynamicImport(() => import("@tiptap/react"));
2026-10-05T22:56:54.2200136Z      |                                                                                                       ^
2026-10-05T22:56:54.2201780Z   10 |  const __vi_import_2__ = await globalThis["__vitest_browser_runner__"].wrapDynamicImport(() => import("@tiptap/starter...
2026-10-05T22:56:54.2203216Z   11 |  const __vi_import_3__ = await globalThis["__vitest_browser_runner__"].wrapDynamicImport(() => import("react"));[39m
2026-10-05T22:56:54.2204420Z       at TransformPluginContext._formatLog (file:///home/runner/work/cms/cms/node_modules/.pnpm/vite@8.3.2_@types+node@24.19.0_esbuild@0.28.1_jiti@2.7.0/node_modules/vite/dist/node/chunks/node.js:8766:39)
2026-10-05T22:56:54.2206186Z       at TransformPluginContext.error (file:///home/runner/work/cms/cms/node_modules/.pnpm/vite@8.3.2_@types+node@24.19.0_esbuild@0.28.1_jiti@2.7.0/node_modules/vite/dist/node/chunks/node.js:8763:14)
2026-10-05T22:56:54.2208138Z       at normalizeUrl (file:///home/runner/work/cms/cms/node_modules/.pnpm/vite@8.3.2_@types+node@24.19.0_esbuild@0.28.1_jiti@2.7.0/node_modules/vite/dist/node/chunks/node.js:26423:18)
2026-10-05T22:56:54.2209909Z       at file:///home/runner/work/cms/cms/node_modules/.pnpm/vite@8.3.2_@types+node@24.19.0_esbuild@0.28.1_jiti@2.7.0/node_modules/vite/dist/node/chunks/node.js:26493:30
2026-10-05T22:56:54.2211169Z       at async Promise.all (index 1)
2026-10-05T22:56:54.2212246Z       at TransformPluginContext.transform (file:///home/runner/work/cms/cms/node_modules/.pnpm/vite@8.3.2_@types+node@24.19.0_esbuild@0.28.1_jiti@2.7.0/node_modules/vite/dist/node/chunks/node.js:26459:4)
2026-10-05T22:56:54.2214166Z       at EnvironmentPluginContainer.transform (file:///home/runner/work/cms/cms/node_modules/.pnpm/vite@8.3.2_@types+node@24.19.0_esbuild@0.28.1_jiti@2.7.0/node_modules/vite/dist/node/chunks/node.js:8545:14)
2026-10-05T22:56:54.2215804Z       at loadAndTransform (file:///home/runner/work/cms/cms/node_modules/.pnpm/vite@8.3.2_@types+node@24.19.0_esbuild@0.28.1_jiti@2.7.0/node_modules/vite/dist/node/chunks/node.js:19988:26)
2026-10-05T22:56:54.2370914Z  [31m❯[39m [30m[43m chromium [49m[39m parity/emdash/media-admin-editor/source/packages/admin/tests/editor-image-media-refresh.test.tsx [2m([22m[2m0 test[22m[2m)[22m
2026-10-05T22:56:54.2404001Z 
2026-10-05T22:56:54.2404894Z [31m⎯⎯⎯⎯⎯⎯[39m[1m[41m Failed Suites 10 [49m[22m[31m⎯⎯⎯⎯⎯⎯[39m
2026-10-05T22:56:54.2405622Z 
2026-10-05T22:56:54.2409905Z [41m[1m FAIL [22m[49m [30m[43m chromium [49m[39m parity/emdash/media-admin-editor/source/packages/admin/tests/editor-image-caption.test.tsx[2m [ parity/emdash/media-admin-editor/source/packages/admin/tests/editor-image-caption.test.tsx ][22m
2026-10-05T22:56:54.2416381Z [31m[1mError[22m: Failed to import test file /home/runner/work/cms/cms/parity/emdash/media-admin-editor/source/packages/admin/tests/editor-image-caption.test.tsx[39m
2026-10-05T22:56:54.2421465Z [31m[1mCaused by: TypeError[22m: Failed to fetch dynamically imported module: http://localhost:63315/home/runner/work/cms/cms/parity/emdash/media-admin-editor/source/packages/admin/tests/editor-image-caption.test.tsx?import&browserv=1791241013772[39m
2026-10-05T22:56:54.2424328Z [31m[2m⎯⎯⎯⎯⎯⎯⎯⎯⎯⎯⎯⎯⎯⎯⎯⎯⎯⎯⎯⎯⎯⎯⎯[1/10]⎯[22m[39m
2026-10-05T22:56:54.2424832Z 
2026-10-05T22:56:54.2427290Z [41m[1m FAIL [22m[49m [30m[43m chromium [49m[39m parity/emdash/media-admin-editor/source/packages/admin/tests/editor-image-media-refresh.test.tsx[2m [ parity/emdash/media-admin-editor/source/packages/admin/tests/editor-image-media-refresh.test.tsx ][22m
2026-10-05T22:56:54.2431069Z [31m[1mError[22m: Failed to import test file /home/runner/work/cms/cms/parity/emdash/media-admin-editor/source/packages/admin/tests/editor-image-media-refresh.test.tsx[39m
2026-10-05T22:56:54.2434498Z [31m[1mCaused by: TypeError[22m: Failed to fetch dynamically imported module: http://localhost:63315/home/runner/work/cms/cms/parity/emdash/media-admin-editor/source/packages/admin/tests/editor-image-media-refresh.test.tsx?import&browserv=1791241014208[39m
2026-10-05T22:56:54.2435943Z [31m[2m⎯⎯⎯⎯⎯⎯⎯⎯⎯⎯⎯⎯⎯⎯⎯⎯⎯⎯⎯⎯⎯⎯⎯[2/10]⎯[22m[39m
2026-10-05T22:56:54.2436207Z 
2026-10-05T22:56:54.2449166Z [41m[1m FAIL [22m[49m [30m[43m chromium [49m[39m parity/emdash/media-admin-editor/source/packages/admin/tests/components/ImageDetailPanel.test.tsx[2m [ parity/emdash/media-admin-editor/source/packages/admin/tests/components/ImageDetailPanel.test.tsx ][22m
2026-10-05T22:56:54.2452681Z [31m[1mError[22m: Failed to import test file /home/runner/work/cms/cms/parity/emdash/media-admin-editor/source/packages/admin/tests/components/ImageDetailPanel.test.tsx[39m
2026-10-05T22:56:54.2456295Z [31m[1mCaused by: TypeError[22m: Failed to fetch dynamically imported module: http://localhost:63315/home/runner/work/cms/cms/parity/emdash/media-admin-editor/source/packages/admin/tests/components/ImageDetailPanel.test.tsx?import&browserv=1791241011588[39m
2026-10-05T22:56:54.2457863Z [31m[2m⎯⎯⎯⎯⎯⎯⎯⎯⎯⎯⎯⎯⎯⎯⎯⎯⎯⎯⎯⎯⎯⎯⎯[3/10]⎯[22m[39m
2026-10-05T22:56:54.2458095Z 
2026-10-05T22:56:54.2459385Z [41m[1m FAIL [22m[49m [30m[43m chromium [49m[39m parity/emdash/media-admin-editor/source/packages/admin/tests/components/ImageDropTargets.test.tsx[2m [ parity/emdash/media-admin-editor/source/packages/admin/tests/components/ImageDropTargets.test.tsx ][22m
2026-10-05T22:56:54.2463468Z [31m[1mError[22m: Failed to import test file /home/runner/work/cms/cms/parity/emdash/media-admin-editor/source/packages/admin/tests/components/ImageDropTargets.test.tsx[39m
2026-10-05T22:56:54.2466346Z [31m[1mCaused by: TypeError[22m: Failed to fetch dynamically imported module: http://localhost:63315/home/runner/work/cms/cms/parity/emdash/media-admin-editor/source/packages/admin/tests/components/ImageDropTargets.test.tsx?import&browserv=1791241012857[39m
2026-10-05T22:56:54.2467584Z [31m[2m⎯⎯⎯⎯⎯⎯⎯⎯⎯⎯⎯⎯⎯⎯⎯⎯⎯⎯⎯⎯⎯⎯⎯[4/10]⎯[22m[39m
2026-10-05T22:56:54.2468142Z 
2026-10-05T22:56:54.2469388Z [41m[1m FAIL [22m[49m [30m[43m chromium [49m[39m parity/emdash/media-admin-editor/source/packages/admin/tests/editor/image-alignment.test.tsx[2m [ parity/emdash/media-admin-editor/source/packages/admin/tests/editor/image-alignment.test.tsx ][22m
2026-10-05T22:56:54.2472291Z [31m[1mError[22m: Failed to import test file /home/runner/work/cms/cms/parity/emdash/media-admin-editor/source/packages/admin/tests/editor/image-alignment.test.tsx[39m
2026-10-05T22:56:54.2475710Z [31m[1mCaused by: TypeError[22m: Failed to fetch dynamically imported module: http://localhost:63315/home/runner/work/cms/cms/parity/emdash/media-admin-editor/source/packages/admin/tests/editor/image-alignment.test.tsx?import&browserv=1791241013399[39m
2026-10-05T22:56:54.2477893Z [31m[2m⎯⎯⎯⎯⎯⎯⎯⎯⎯⎯⎯⎯⎯⎯⎯⎯⎯⎯⎯⎯⎯⎯⎯[5/10]⎯[22m[39m
2026-10-05T22:56:54.2478278Z 
2026-10-05T22:56:54.2480683Z [41m[1m FAIL [22m[49m [30m[43m chromium [49m[39m parity/emdash/media-admin-editor/source/packages/admin/tests/editor/image-lqip.test.ts[2m [ parity/emdash/media-admin-editor/source/packages/admin/tests/editor/image-lqip.test.ts ][22m
2026-10-05T22:56:54.2483804Z [31m[1mError[22m: Failed to import test file /home/runner/work/cms/cms/parity/emdash/media-admin-editor/source/packages/admin/tests/editor/image-lqip.test.ts[39m
2026-10-05T22:56:54.2487648Z [31m[1mCaused by: TypeError[22m: Failed to fetch dynamically imported module: http://localhost:63315/home/runner/work/cms/cms/parity/emdash/media-admin-editor/source/packages/admin/tests/editor/image-lqip.test.ts?import&browserv=1791241013578[39m
2026-10-05T22:56:54.2489731Z [31m[2m⎯⎯⎯⎯⎯⎯⎯⎯⎯⎯⎯⎯⎯⎯⎯⎯⎯⎯⎯⎯⎯⎯⎯[6/10]⎯[22m[39m
2026-10-05T22:56:54.2490124Z 
2026-10-05T22:56:54.2492803Z [41m[1m FAIL [22m[49m [30m[43m chromium [49m[39m parity/emdash/media-admin-editor/source/packages/admin/tests/editor/image-metadata.test.ts[2m [ parity/emdash/media-admin-editor/source/packages/admin/tests/editor/image-metadata.test.ts ][22m
2026-10-05T22:56:54.2496116Z [31m[1mError[22m: Failed to import test file /home/runner/work/cms/cms/parity/emdash/media-admin-editor/source/packages/admin/tests/editor/image-metadata.test.ts[39m
2026-10-05T22:56:54.2499606Z [31m[1mCaused by: TypeError[22m: Failed to fetch dynamically imported module: http://localhost:63315/home/runner/work/cms/cms/parity/emdash/media-admin-editor/source/packages/admin/tests/editor/image-metadata.test.ts?import&browserv=1791241013673[39m
2026-10-05T22:56:54.2502039Z [31m[2m⎯⎯⎯⎯⎯⎯⎯⎯⎯⎯⎯⎯⎯⎯⎯⎯⎯⎯⎯⎯⎯⎯⎯[7/10]⎯[22m[39m
2026-10-05T22:56:54.2502427Z 
2026-10-05T22:56:54.2504695Z [41m[1m FAIL [22m[49m [30m[43m chromium [49m[39m parity/emdash/media-admin-editor/source/packages/admin/tests/editor/image-selection.test.tsx[2m [ parity/emdash/media-admin-editor/source/packages/admin/tests/editor/image-selection.test.tsx ][22m
2026-10-05T22:56:54.2507954Z [31m[1mError[22m: Failed to import test file /home/runner/work/cms/cms/parity/emdash/media-admin-editor/source/packages/admin/tests/editor/image-selection.test.tsx[39m
2026-10-05T22:56:54.2511711Z [31m[1mCaused by: TypeError[22m: Failed to fetch dynamically imported module: http://localhost:63315/home/runner/work/cms/cms/parity/emdash/media-admin-editor/source/packages/admin/tests/editor/image-selection.test.tsx?import&browserv=1791241014094[39m
2026-10-05T22:56:54.2513999Z [31m[2m⎯⎯⎯⎯⎯⎯⎯⎯⎯⎯⎯⎯⎯⎯⎯⎯⎯⎯⎯⎯⎯⎯⎯[8/10]⎯[22m[39m
2026-10-05T22:56:54.2514375Z 
2026-10-05T22:56:54.2516548Z [41m[1m FAIL [22m[49m [30m[43m chromium [49m[39m parity/emdash/media-admin-editor/source/packages/admin/tests/editor/image-toolbar.test.tsx[2m [ parity/emdash/media-admin-editor/source/packages/admin/tests/editor/image-toolbar.test.tsx ][22m
2026-10-05T22:56:54.2518284Z [31m[1mError[22m: Failed to import test file /home/runner/work/cms/cms/parity/emdash/media-admin-editor/source/packages/admin/tests/editor/image-toolbar.test.tsx[39m
2026-10-05T22:56:54.2518936Z 
2026-10-05T22:56:54.2519498Z [2m Test Files [22m [1m[31m10 failed[39m[22m[90m (10)[39m
2026-10-05T22:56:54.2519964Z [2m      Tests [22m [2mno tests[22m
2026-10-05T22:56:54.2520324Z [2m   Start at [22m 22:56:49
2026-10-05T22:56:54.2523116Z [31m[1mCaused by: TypeError[22m: Failed to fetch dynamically imported module: http://localhost:63315/home/runner/work/cms/cms/parity/emdash/media-admin-editor/source/packages/admin/tests/editor/image-toolbar.test.tsx?import&browserv=1791241011792[39m
2026-10-05T22:56:54.2525497Z [31m[2m⎯⎯⎯⎯⎯⎯⎯⎯⎯⎯⎯⎯⎯⎯⎯⎯⎯⎯⎯⎯⎯⎯⎯[9/10]⎯[22m[39m
2026-10-05T22:56:54.2526972Z 
2026-10-05T22:56:54.2529949Z [41m[1m FAIL [22m[49m [30m[43m chromium [49m[39m parity/emdash/media-admin-editor/source/packages/admin/tests/editor/image-upload.test.tsx[2m [ parity/emdash/media-admin-editor/source/packages/admin/tests/editor/image-upload.test.tsx ][22m
2026-10-05T22:56:54.2536495Z [31m[1mError[22m: Failed to import test file /home/runner/work/cms/cms/parity/emdash/media-admin-editor/source/packages/admin/tests/editor/image-upload.test.tsx[39m
2026-10-05T22:56:54.2539981Z [31m[1mCaused by: TypeError[22m: Failed to fetch dynamically imported module: http://localhost:63315/home/runner/work/cms/cms/parity/emdash/media-admin-editor/source/packages/admin/tests/editor/image-upload.test.tsx?import&browserv=1791241012697[39m
2026-10-05T22:56:54.2542345Z [31m[2m⎯⎯⎯⎯⎯⎯⎯⎯⎯⎯⎯⎯⎯⎯⎯⎯⎯⎯⎯⎯⎯⎯[10/10]⎯[22m[39m
2026-10-05T22:56:54.2542705Z 
2026-10-05T22:56:54.2543539Z [2m   Duration [22m 4.99s[2m (transform 0ms, setup 523ms, import 0ms, tests 0ms, environment 0ms)[22m
2026-10-05T22:56:54.2544200Z 
2026-10-05T22:56:54.2544743Z JSON report written to /home/runner/work/cms/cms/media-source-results.json
2026-10-05T22:56:54.2578222Z 2026-10-05T22:56:54.257Z pw:browser [pid=3084][err] [1005/225654.253284:INFO:CONSOLE:1080] "[vite] server connection lost. Polling for restart...", source: http://localhost:63315/@vite/client (1080)
2026-10-05T22:56:54.2582346Z 2026-10-05T22:56:54.257Z pw:browser [pid=3084][err] [1005/225654.256740:INFO:CONSOLE:1211] "[vite] server connection lost. Polling for restart...", source: http://localhost:63315/__vitest_browser__/tester-BJtsJFpD.js (1211)
2026-10-05T22:56:54.2730014Z 2026-10-05T22:56:54.272Z pw:browser [pid=3084] <gracefully close start>
2026-10-05T22:56:54.2986114Z 2026-10-05T22:56:54.298Z pw:browser [pid=3084] <process did exit: exitCode=0, signal=null>
2026-10-05T22:56:54.2987430Z 2026-10-05T22:56:54.298Z pw:browser [pid=3084] starting temporary directories cleanup
2026-10-05T22:56:54.3022008Z 2026-10-05T22:56:54.301Z pw:browser [pid=3084] finished temporary directories cleanup
2026-10-05T22:56:54.3023302Z 2026-10-05T22:56:54.301Z pw:browser [pid=3084] <gracefully close end>
2026-10-05T22:56:54.3854123Z [ELIFECYCLE] Command failed with exit code 1.
2026-10-05T22:56:54.3888443Z ##[error]Process completed with exit code 1.
2026-10-05T22:56:54.3977977Z ##[group]Run actions/upload-artifact@v4
2026-10-05T22:56:54.3978280Z with:
2026-10-05T22:56:54.3978482Z   name: media-source-image
2026-10-05T22:56:54.3978732Z   path: media-source-results.json
2026-10-05T22:56:54.3978986Z   retention-days: 14
2026-10-05T22:56:54.3979215Z   if-no-files-found: warn
2026-10-05T22:56:54.3979449Z   compression-level: 6
2026-10-05T22:56:54.3979678Z   overwrite: false
2026-10-05T22:56:54.3979895Z   include-hidden-files: false
2026-10-05T22:56:54.3980146Z env:
2026-10-05T22:56:54.3980384Z   PNPM_HOME: /home/runner/setup-pnpm/node_modules/.bin
2026-10-05T22:56:54.3981055Z ##[endgroup]
2026-10-05T22:56:54.5869386Z (node:3157) [DEP0040] DeprecationWarning: The `punycode` module is deprecated. Please use a userland alternative instead.
2026-10-05T22:56:54.5870220Z (Use `node --trace-deprecation ...` to show where the warning was created)
2026-10-05T22:56:54.5927734Z With the provided path, there will be 1 file uploaded
2026-10-05T22:56:54.5934498Z Artifact name is valid!
2026-10-05T22:56:54.5935230Z Root directory input is valid!
2026-10-05T22:56:54.9507474Z Beginning upload of artifact content to blob storage
2026-10-05T22:56:54.9704164Z (node:3157) [DEP0169] DeprecationWarning: `url.parse()` behavior is not standardized and prone to errors that have security implications. Use the WHATWG URL API instead. CVEs are not issued for `url.parse()` vulnerabilities.
2026-10-05T22:56:55.1720098Z Uploaded bytes 656
2026-10-05T22:56:55.2301722Z Finished uploading artifact content to blob storage!
2026-10-05T22:56:55.2303092Z SHA256 digest of uploaded artifact zip is 950648d792faf7ff28434bfb0fd423d44c5ecb9a512e3628133b1da4aa94ddb7
2026-10-05T22:56:55.2304068Z Finalizing artifact upload
2026-10-05T22:56:55.4790272Z Artifact media-source-image.zip successfully finalized. Artifact ID 11378446037
2026-10-05T22:56:55.4792008Z Artifact media-source-image has been successfully uploaded! Final size is 656 bytes. Artifact ID is 11378446037
2026-10-05T22:56:55.4796152Z Artifact download URL: https://github.com/sveltery/cms/actions/runs/37385528464/artifacts/11378446037
2026-10-05T22:56:55.4975142Z Post job cleanup.
2026-10-05T22:56:55.6572141Z Pruning is unnecessary.
2026-10-05T22:56:55.6717005Z Post job cleanup.
2026-10-05T22:56:55.7912081Z [command]/usr/bin/git version
2026-10-05T22:56:55.7966746Z git version 2.55.0
2026-10-05T22:56:55.8011775Z Temporarily overriding HOME='/home/runner/work/_temp/ed3e56e5-c5ba-49d0-876a-c0aea830cf95' before making global git config changes
2026-10-05T22:56:55.8013881Z Adding repository directory to the temporary git global config as a safe directory
2026-10-05T22:56:55.8019412Z [command]/usr/bin/git config --global --add safe.directory /home/runner/work/cms/cms
2026-10-05T22:56:55.8068898Z [command]/usr/bin/git config --local --name-only --get-regexp core\.sshCommand
2026-10-05T22:56:55.8113396Z [command]/usr/bin/git submodule foreach --recursive sh -c "git config --local --name-only --get-regexp 'core\.sshCommand' && git config --local --unset-all 'core.sshCommand' || :"
2026-10-05T22:56:55.8501005Z [command]/usr/bin/git config --local --name-only --get-regexp http\.https\:\/\/github\.com\/\.extraheader
2026-10-05T22:56:55.8540946Z http.https://github.com/.extraheader
2026-10-05T22:56:55.8554453Z [command]/usr/bin/git config --local --unset-all http.https://github.com/.extraheader
2026-10-05T22:56:55.8599532Z [command]/usr/bin/git submodule foreach --recursive sh -c "git config --local --name-only --get-regexp 'http\.https\:\/\/github\.com\/\.extraheader' && git config --local --unset-all 'http.https://github.com/.extraheader' || :"
2026-10-05T22:56:55.8923126Z [command]/usr/bin/git config --local --name-only --get-regexp ^includeIf\.gitdir:
2026-10-05T22:56:55.8973122Z [command]/usr/bin/git submodule foreach --recursive git config --local --show-origin --name-only --get-regexp remote.origin.url
2026-10-05T22:56:55.9419315Z Cleaning up orphan processes
2026-10-05T22:56:55.9778899Z ##[warning]Node.js 20 is deprecated. The following actions target Node.js 20 but are being forced to run on Node.js 24: actions/checkout@v4, actions/setup-node@v4, actions/upload-artifact@v4, pnpm/action-setup@v4. For more information see: https://github.blog/changelog/2025-09-19-deprecation-of-node-20-on-github-actions-runners/
