(node:2389091) ExperimentalWarning: stripTypeScriptTypes is an experimental feature and might change at any time
(Use `node --trace-warnings ...` to show where the warning was created)
✔ raw D1: structured insert uses only its actual atomic capability (2518.962875ms)
✔ raw D1: structured update uses only its actual atomic capability (3069.190477ms)
✔ raw D1: structured delete uses only its actual atomic capability (2307.993565ms)
✔ raw D1: whole Source delete uses only its actual atomic capability (2305.066783ms)
✔ raw D1: whole Source reorder uses only its actual atomic capability (1940.316833ms)
✔ raw D1: whole Source pivot replacement uses only its actual atomic capability (2242.228446ms)
✔ raw D1: whole Source structure save uses only its actual atomic capability (2023.583742ms)
✔ raw D1: ordinary option storage and whole taxonomy reads remain available (1446.130876ms)
✔ scoped D1: structured insert uses only its actual atomic capability (2489.532868ms)
✔ scoped D1: structured update uses only its actual atomic capability (2351.147245ms)
✔ scoped D1: structured delete uses only its actual atomic capability (2340.638517ms)
✔ scoped D1: whole Source delete uses only its actual atomic capability (2162.220226ms)
✔ scoped D1: whole Source reorder uses only its actual atomic capability (1954.027189ms)
✔ scoped D1: whole Source pivot replacement uses only its actual atomic capability (1949.960677ms)
✔ scoped D1: whole Source structure save uses only its actual atomic capability (1967.58063ms)
✔ scoped D1: ordinary option storage and whole taxonomy reads remain available (1003.524826ms)
ℹ tests 16
ℹ suites 0
ℹ pass 16
ℹ fail 0
ℹ cancelled 0
ℹ skipped 0
ℹ todo 0
ℹ duration_ms 34639.046259
