$ pnpm test:taxonomy-source && pnpm test:taxonomy-native
$ node scripts/check-taxonomy-source.mjs && node scripts/check-taxonomy-fixture-source.mjs && node scripts/check-taxonomy-reference-source.mjs && vitest run --config vitest.taxonomy-core-source.config.mts && vitest run --config vitest.taxonomy-match-source.config.ts && vitest run --config vitest.taxonomy-locale-reference.config.mts
{"wholeSourceFiles":99,"wholeFamilies":27,"declarations":310,"expectExpressions":815,"productTestsRun":0}
Whole immutable taxonomy Source fixture runner closure: 99 files; no execution or provider parity credit
{"wholeReferenceFiles":214,"additionalWholeFiles":61,"wholeCoreFamilies":22,"sourceCallbacksExecuted":0,"productTestsRun":0}

 RUN  v4.1.10 /workspace/cms-full-taxonomy-api-admin


 Test Files  22 passed (22)
      Tests  222 passed (222)
   Start at  01:20:14
   Duration  33.51s (transform 1.47s, setup 0ms, import 8.13s, tests 22.97s, environment 2ms)


 RUN  v4.1.10 /workspace/cms-full-taxonomy-api-admin


 Test Files  1 passed (1)
      Tests  15 passed (15)
   Start at  01:20:48
   Duration  149ms (transform 26ms, setup 0ms, import 37ms, tests 5ms, environment 0ms)


 RUN  v4.1.10 /workspace/cms-full-taxonomy-api-admin


 Test Files  1 passed (1)
      Tests  2 passed (2)
   Start at  01:20:49
   Duration  1.67s (transform 923ms, setup 0ms, import 1.32s, tests 246ms, environment 0ms)

$ vitest run --config vitest.taxonomy-native.config.ts && vitest run --config vitest.taxonomy-native-content-source.config.mts && vitest run --config vitest.taxonomy-runtime-regressions.config.mts && vitest run --config vitest.taxonomy-d1.config.ts && node --test tests/taxonomy-native/content-atomic.test.ts

 RUN  v4.1.10 /workspace/cms-full-taxonomy-api-admin


 Test Files  1 passed (1)
      Tests  10 passed (10)
   Start at  01:20:51
   Duration  1.02s (transform 399ms, setup 0ms, import 551ms, tests 360ms, environment 0ms)


 RUN  v4.1.10 /workspace/cms-full-taxonomy-api-admin


 Test Files  1 passed (1)
      Tests  7 passed (7)
   Start at  01:20:52
   Duration  1.16s (transform 530ms, setup 0ms, import 738ms, tests 314ms, environment 0ms)


 RUN  v4.1.10 /workspace/cms-full-taxonomy-api-admin


 Test Files  1 passed (1)
      Tests  5 passed (5)
   Start at  01:20:53
   Duration  1.04s (transform 491ms, setup 0ms, import 751ms, tests 173ms, environment 0ms)


 RUN  v4.1.10 /workspace/cms-full-taxonomy-api-admin


 Test Files  1 passed (1)
      Tests  8 passed (8)
   Start at  01:20:55
   Duration  3.04s (transform 370ms, setup 0ms, import 640ms, tests 2.28s, environment 0ms)

✔ Node: taxonomy assignments and genuine draft revision stage commit together (72.562706ms)
✔ Node: assignment insertion failure rolls back the actual content INSERT (31.680224ms)
✔ Node: assignment insertion failure rolls back revision INSERT, stage and old pivots (27.759016ms)
✔ Node: zero-row revision stage cannot commit a revision or new assignments (28.512305ms)
✔ D1: taxonomy assignments and genuine draft revision stage commit together (1133.464479ms)
✔ D1: assignment insertion failure rolls back the actual content INSERT (377.22191ms)
✔ D1: assignment insertion failure rolls back revision INSERT, stage and old pivots (422.696609ms)
✔ D1: zero-row revision stage cannot commit a revision or new assignments (337.840523ms)
ℹ tests 8
ℹ suites 0
ℹ pass 8
ℹ fail 0
ℹ cancelled 0
ℹ skipped 0
ℹ todo 0
ℹ duration_ms 3335.651717
