node:internal/modules/run_main:107
    triggerUncaughtException(
    ^

file:///workspace/cms-full-taxonomy-api-admin/src/lib/server/taxonomies/repository.ts:160
export class TaxonomyRepository {
    constructor(private db: Kysely<Database>) {}
                        ^^^^^^^^^^^^^^^^^^^^

SyntaxError [ERR_UNSUPPORTED_TYPESCRIPT_SYNTAX]: TypeScript parameter property is not supported in strip-only mode
    at parseTypeScript (node:internal/modules/typescript:68:40)
    at processTypeScriptCode (node:internal/modules/typescript:146:42)
    at stripTypeScriptModuleTypes (node:internal/modules/typescript:215:22)
    at ModuleLoader.<anonymous> (node:internal/modules/esm/translators:680:29)
    at #translate (node:internal/modules/esm/loader:434:20)
    at afterLoad (node:internal/modules/esm/loader:502:29)
    at ModuleLoader.loadAndTranslate (node:internal/modules/esm/loader:507:12)
    at #getOrCreateModuleJobAfterResolve (node:internal/modules/esm/loader:560:36)
    at afterResolve (node:internal/modules/esm/loader:607:52)
    at ModuleLoader.getOrCreateModuleJob (node:internal/modules/esm/loader:613:12) {
  code: 'ERR_UNSUPPORTED_TYPESCRIPT_SYNTAX'
}

Node.js v24.19.0
✖ tests/taxonomy-native/content-atomic.test.ts (412.082726ms)
ℹ tests 1
ℹ suites 0
ℹ pass 0
ℹ fail 1
ℹ cancelled 0
ℹ skipped 0
ℹ todo 0
ℹ duration_ms 419.986855

✖ failing tests:

test at tests/taxonomy-native/content-atomic.test.ts:1:1
✖ tests/taxonomy-native/content-atomic.test.ts (412.082726ms)
  'test failed'
