[emdash:redirects] publishing redirect artifacts failed: Error: database is not open
    at NodeSqliteCompatDatabase.prepare (file:///workspace/cms-full-taxonomy-api-admin/src/lib/server/database/node-sqlite-compat.ts:82:36)
    at SqliteConnection.executeQuery (file:///workspace/cms-full-taxonomy-api-admin/node_modules/.pnpm/kysely@0.29.2/node_modules/kysely/dist/dialect/sqlite/sqlite-driver.js:58:31)
    at file:///workspace/cms-full-taxonomy-api-admin/node_modules/.pnpm/kysely@0.29.2/node_modules/kysely/dist/query-executor/query-executor-base.js:39:41
    at DefaultConnectionProvider.provideConnection (file:///workspace/cms-full-taxonomy-api-admin/node_modules/.pnpm/kysely@0.29.2/node_modules/kysely/dist/driver/default-connection-provider.js:10:26)
    at async DefaultQueryExecutor.executeQuery (file:///workspace/cms-full-taxonomy-api-admin/node_modules/.pnpm/kysely@0.29.2/node_modules/kysely/dist/query-executor/query-executor-base.js:38:28)
    at async SelectQueryBuilderImpl.execute (file:///workspace/cms-full-taxonomy-api-admin/node_modules/.pnpm/kysely@0.29.2/node_modules/kysely/dist/query-builder/select-query-builder.js:318:24)
    at async SelectQueryBuilderImpl.executeTakeFirst (file:///workspace/cms-full-taxonomy-api-admin/node_modules/.pnpm/kysely@0.29.2/node_modules/kysely/dist/query-builder/select-query-builder.js:322:26)
    at async publishRedirectArtifacts (file:///workspace/cms-full-taxonomy-api-admin/src/lib/server/redirects/artifacts.ts:156:16)
    at async publishRedirectChanges (file:///workspace/cms-full-taxonomy-api-admin/src/lib/server/redirects/artifacts.ts:277:3) {
  code: 'ERR_INVALID_STATE'
}
✔ Node: live metadata saves keep staged data and slug unpublished (61.400084ms)
✔ Node: revision restore cannot replace a save before-refetch (41.546792ms)
✔ Node: revision restore cannot replace a save after-refetch (31.847993ms)
✔ Node: plain restore cannot replace a save before-refetch (29.34521ms)
✔ Node: plain restore cannot replace a save after-refetch (31.814732ms)
[emdash:redirects] publishing redirect artifacts failed: Error: driver has already been destroyed
    at RuntimeDriver.acquireConnection (file:///workspace/cms-full-taxonomy-api-admin/node_modules/.pnpm/kysely@0.29.2/node_modules/kysely/dist/driver/runtime-driver.js:44:19)
    at DefaultConnectionProvider.provideConnection (file:///workspace/cms-full-taxonomy-api-admin/node_modules/.pnpm/kysely@0.29.2/node_modules/kysely/dist/driver/default-connection-provider.js:8:47)
    at DefaultQueryExecutor.provideConnection (file:///workspace/cms-full-taxonomy-api-admin/node_modules/.pnpm/kysely@0.29.2/node_modules/kysely/dist/query-executor/default-query-executor.js:20:41)
    at DefaultQueryExecutor.executeQuery (file:///workspace/cms-full-taxonomy-api-admin/node_modules/.pnpm/kysely@0.29.2/node_modules/kysely/dist/query-executor/query-executor-base.js:38:39)
    at SelectQueryBuilderImpl.execute (file:///workspace/cms-full-taxonomy-api-admin/node_modules/.pnpm/kysely@0.29.2/node_modules/kysely/dist/query-builder/select-query-builder.js:318:51)
    at publishRedirectArtifacts (file:///workspace/cms-full-taxonomy-api-admin/src/lib/server/redirects/artifacts.ts:170:4)
    at process.processTicksAndRejections (node:internal/process/task_queues:104:5)
    at async publishRedirectChanges (file:///workspace/cms-full-taxonomy-api-admin/src/lib/server/redirects/artifacts.ts:277:3)
✔ D1: live metadata saves keep staged data and slug unpublished (1111.395211ms)
✔ D1: revision restore cannot replace a save before-refetch (321.738652ms)
✔ D1: revision restore cannot replace a save after-refetch (318.890617ms)
✔ D1: plain restore cannot replace a save before-refetch (270.720373ms)
✔ D1: plain restore cannot replace a save after-refetch (314.530688ms)
✔ Node: fresh canonical startup publishes, stages, rolls back and retains history on reopen (125.677186ms)
✔ Node: v4 canonical startup publishes, stages, rolls back and retains history on reopen (80.003013ms)
✔ D1: fresh canonical startup publishes, stages, rolls back and retains history on reopen (965.721617ms)
✔ D1: v4 canonical startup publishes, stages, rolls back and retains history on reopen (1028.676269ms)
(node:2332992) ExperimentalWarning: stripTypeScriptTypes is an experimental feature and might change at any time
(Use `node --trace-warnings ...` to show where the warning was created)
✔ Node: real later metadata replacement is accepted on canonical restart (21.199453ms)
✔ Node: malformed latest static metadata rejects before dynamic descriptors (7.929431ms)
✔ D1: real later metadata replacement is accepted on canonical restart (808.733367ms)
✔ D1: malformed latest static metadata rejects before dynamic descriptors (55.489ms)
▶ packages/core/tests/integration/content/blank-array-field.test.ts
  ✔ saves blank strings as null on create (86.495951ms)
  ✔ saves an entry read back with a stored blank body (57.411836ms)
  ✔ still rejects a blank body on a required field (39.670475ms)
✔ packages/core/tests/integration/content/blank-array-field.test.ts (185.06881ms)
▶ packages/core/tests/integration/content/deleted-field-stranded-entry.test.ts
  ✔ publishes the existing draft without another save (50.840893ms)
✔ packages/core/tests/integration/content/deleted-field-stranded-entry.test.ts (51.36569ms)
(node:2333073) ExperimentalWarning: stripTypeScriptTypes is an experimental feature and might change at any time
(Use `node --trace-warnings ...` to show where the warning was created)
✔ Node: exact managed version-suffix FTS survives restart, index repair and live effects (40.762344ms)
✔ Node: complete source group may precede config or remain disabled (30.462625ms)
✔ Node: incomplete, spoofed and malformed managed ownership rejects without startup writes (108.650205ms)
✔ Node: managed group, trigger and metadata races abort before index backfill (114.492044ms)
✔ Node: unrelated operator and live search row writes remain allowed during backfill (14.700915ms)
✔ Node: maximum declared fields fit the native D1 binding budget during backfill (56.763252ms)
✔ Node: every orphan version-suffix companion rejects preflight (164.235889ms)
✔ Node: every orphan version-suffix companion rejects batch races (227.342473ms)
✔ Node: separate namespace companion lookalikes remain ordinary operators (13.553524ms)
✔ D1: exact managed version-suffix FTS survives restart, index repair and live effects (1027.595227ms)
✔ D1: complete source group may precede config or remain disabled (287.301882ms)
✔ D1: incomplete, spoofed and malformed managed ownership rejects without startup writes (2358.512357ms)
✔ D1: managed group, trigger and metadata races abort before index backfill (2278.608605ms)
✔ D1: unrelated operator and live search row writes remain allowed during backfill (201.474713ms)
✔ D1: maximum declared fields fit the native D1 binding budget during backfill (805.158003ms)
✔ D1: every orphan version-suffix companion rejects preflight (3516.060343ms)
✔ D1: every orphan version-suffix companion rejects batch races (3996.26025ms)
✔ D1: separate namespace companion lookalikes remain ordinary operators (237.425399ms)
✔ Node: invalid mixed publication date preserves the pinned partial draft commit (57.656153ms)
[revisions] Failed to prune revisions for post/01M43ZPTVXN4T8EPNS2XMBAAX4: Error: review prune fault
    at Object.run (file:///workspace/cms-full-taxonomy-api-admin/src/lib/server/database/node-sqlite-compat.ts:87:38)
    at SqliteConnection.executeQuery (file:///workspace/cms-full-taxonomy-api-admin/node_modules/.pnpm/kysely@0.29.2/node_modules/kysely/dist/dialect/sqlite/sqlite-driver.js:64:51)
    at file:///workspace/cms-full-taxonomy-api-admin/node_modules/.pnpm/kysely@0.29.2/node_modules/kysely/dist/query-executor/query-executor-base.js:39:41
    at DefaultConnectionProvider.provideConnection (file:///workspace/cms-full-taxonomy-api-admin/node_modules/.pnpm/kysely@0.29.2/node_modules/kysely/dist/driver/default-connection-provider.js:10:26)
    at async DefaultQueryExecutor.executeQuery (file:///workspace/cms-full-taxonomy-api-admin/node_modules/.pnpm/kysely@0.29.2/node_modules/kysely/dist/query-executor/query-executor-base.js:38:28)
    at async RevisionRepository.pruneOldRevisions (file:///workspace/cms-full-taxonomy-api-admin/src/lib/server/database/lifecycle/upstream/database/repositories/revision.ts:305:18)
    at async RevisionRepository.pruneQueuedEntry (file:///workspace/cms-full-taxonomy-api-admin/src/lib/server/database/lifecycle/upstream/database/repositories/revision.ts:327:18)
    at async task (file:///workspace/cms-full-taxonomy-api-admin/src/lib/server/database/lifecycle/service.ts:117:12)
    at async Object.flush (file:///workspace/cms-full-taxonomy-api-admin/tests/lifecycle-review-regressions.test.ts:27:61)
    at async TestContext.<anonymous> (file:///workspace/cms-full-taxonomy-api-admin/tests/lifecycle-review-regressions.test.ts:125:12) {
  code: 'ERR_SQLITE_ERROR',
  errcode: 1811,
  errstr: 'constraint failed'
}
[revisions] Failed to schedule pruning for post/01M43ZPTXJPSEJSWHE3KW05BX9: Error: no such column: missing_capture_column
    at NodeSqliteCompatDatabase.prepare (file:///workspace/cms-full-taxonomy-api-admin/src/lib/server/database/node-sqlite-compat.ts:82:36)
    at SqliteConnection.executeQuery (file:///workspace/cms-full-taxonomy-api-admin/node_modules/.pnpm/kysely@0.29.2/node_modules/kysely/dist/dialect/sqlite/sqlite-driver.js:58:31)
    at file:///workspace/cms-full-taxonomy-api-admin/node_modules/.pnpm/kysely@0.29.2/node_modules/kysely/dist/query-executor/query-executor-base.js:39:41
    at DefaultConnectionProvider.provideConnection (file:///workspace/cms-full-taxonomy-api-admin/node_modules/.pnpm/kysely@0.29.2/node_modules/kysely/dist/driver/default-connection-provider.js:10:26)
    at async DefaultQueryExecutor.executeQuery (file:///workspace/cms-full-taxonomy-api-admin/node_modules/.pnpm/kysely@0.29.2/node_modules/kysely/dist/query-executor/query-executor-base.js:38:28)
    at async Object.unpublish (file:///workspace/cms-full-taxonomy-api-admin/src/lib/server/database/lifecycle/service.ts:316:23)
    at async TestContext.<anonymous> (file:///workspace/cms-full-taxonomy-api-admin/tests/lifecycle-review-regressions.test.ts:158:19)
    at async Test.run (node:internal/test_runner/test:1389:7)
    at async Test.processPendingSubtests (node:internal/test_runner/test:960:7) {
  code: 'ERR_SQLITE_ERROR',
  errcode: 1,
  errstr: 'SQL logic error'
}
✔ Node: slug-only update preserves the pinned public runtime live write (40.974873ms)
✔ Node: unpublish cycles drain actual queued history at the source retention cap (211.229998ms)
✔ Node: accepted ISO metadata SQL fault preserves the pinned mixed draft commit (50.0059ms)
✔ Node: unpublish pruning preserves a newer queued boundary and the current draft (53.146143ms)
✔ Node: accepted unpublish isolates a real prune fault and retains queued work for retry (50.89235ms)
✔ Node: a real queue-capture SELECT fault cannot reject an accepted unpublish (30.553141ms)
✔ D1: invalid mixed publication date preserves the pinned partial draft commit (1044.466729ms)
✔ D1: slug-only update preserves the pinned public runtime live write (331.864783ms)
✔ D1: unpublish cycles drain actual queued history at the source retention cap (6045.291215ms)
✔ D1: accepted ISO metadata SQL fault preserves the pinned mixed draft commit (308.394404ms)
✔ D1: unpublish pruning preserves a newer queued boundary and the current draft (952.265106ms)
[revisions] Failed to prune revisions for post/01M43ZQ3JQ9V62GFMXR148ZPQ7: Error: D1_ERROR: review prune fault: SQLITE_CONSTRAINT (extended: SQLITE_CONSTRAINT_TRIGGER)
    at Error (file:///workspace/cms-full-taxonomy-api-admin/tests/helpers/async-d1-storage.ts:40:19)
    at hydrate (file:///workspace/cms-full-taxonomy-api-admin/node_modules/.pnpm/devalue@5.9.4/node_modules/devalue/src/parse.js:107:24)
    at hydrate (file:///workspace/cms-full-taxonomy-api-admin/node_modules/.pnpm/devalue@5.9.4/node_modules/devalue/src/parse.js:271:26)
    at unflatten (file:///workspace/cms-full-taxonomy-api-admin/node_modules/.pnpm/devalue@5.9.4/node_modules/devalue/src/parse.js:278:9)
    ... 3 lines matching cause stack trace ...
    at async execute (file:///workspace/cms-full-taxonomy-api-admin/tests/helpers/async-d1-storage.ts:55:18)
    at async D1Connection.executeQuery (file:///workspace/cms-full-taxonomy-api-admin/src/lib/server/database/d1.ts:53:29)
    at async file:///workspace/cms-full-taxonomy-api-admin/node_modules/.pnpm/kysely@0.29.2/node_modules/kysely/dist/query-executor/query-executor-base.js:39:24 {
  [cause]: Error: review prune fault: SQLITE_CONSTRAINT (extended: SQLITE_CONSTRAINT_TRIGGER)
      at Error (file:///workspace/cms-full-taxonomy-api-admin/tests/helpers/async-d1-storage.ts:40:19)
      at hydrate (file:///workspace/cms-full-taxonomy-api-admin/node_modules/.pnpm/devalue@5.9.4/node_modules/devalue/src/parse.js:107:24)
      at hydrate (file:///workspace/cms-full-taxonomy-api-admin/node_modules/.pnpm/devalue@5.9.4/node_modules/devalue/src/parse.js:271:26)
      at hydrate (file:///workspace/cms-full-taxonomy-api-admin/node_modules/.pnpm/devalue@5.9.4/node_modules/devalue/src/parse.js:107:32)
      at hydrate (file:///workspace/cms-full-taxonomy-api-admin/node_modules/.pnpm/devalue@5.9.4/node_modules/devalue/src/parse.js:271:26)
      at unflatten (file:///workspace/cms-full-taxonomy-api-admin/node_modules/.pnpm/devalue@5.9.4/node_modules/devalue/src/parse.js:278:9)
      at parse (file:///workspace/cms-full-taxonomy-api-admin/node_modules/.pnpm/devalue@5.9.4/node_modules/devalue/src/parse.js:21:9)
      at file:///workspace/cms-full-taxonomy-api-admin/tests/helpers/async-d1-storage.ts:50:21
      at process.processTicksAndRejections (node:internal/process/task_queues:104:5)
      at async execute (file:///workspace/cms-full-taxonomy-api-admin/tests/helpers/async-d1-storage.ts:55:18) {
    [cause]: undefined
  }
}
✔ D1: accepted unpublish isolates a real prune fault and retains queued work for retry (1403.367524ms)
[revisions] Failed to schedule pruning for post/01M43ZQ50EPPWSV9RRAJJ47VYY: Error: D1_ERROR: no such column: missing_capture_column at offset 7: SQLITE_ERROR
    at Error (file:///workspace/cms-full-taxonomy-api-admin/tests/helpers/async-d1-storage.ts:40:19)
    at hydrate (file:///workspace/cms-full-taxonomy-api-admin/node_modules/.pnpm/devalue@5.9.4/node_modules/devalue/src/parse.js:107:24)
    at hydrate (file:///workspace/cms-full-taxonomy-api-admin/node_modules/.pnpm/devalue@5.9.4/node_modules/devalue/src/parse.js:271:26)
    at unflatten (file:///workspace/cms-full-taxonomy-api-admin/node_modules/.pnpm/devalue@5.9.4/node_modules/devalue/src/parse.js:278:9)
    ... 3 lines matching cause stack trace ...
    at async execute (file:///workspace/cms-full-taxonomy-api-admin/tests/helpers/async-d1-storage.ts:55:18)
    at async D1Connection.executeQuery (file:///workspace/cms-full-taxonomy-api-admin/src/lib/server/database/d1.ts:53:29)
    at async file:///workspace/cms-full-taxonomy-api-admin/node_modules/.pnpm/kysely@0.29.2/node_modules/kysely/dist/query-executor/query-executor-base.js:39:24 {
  [cause]: Error: no such column: missing_capture_column at offset 7: SQLITE_ERROR
      at Error (file:///workspace/cms-full-taxonomy-api-admin/tests/helpers/async-d1-storage.ts:40:19)
      at hydrate (file:///workspace/cms-full-taxonomy-api-admin/node_modules/.pnpm/devalue@5.9.4/node_modules/devalue/src/parse.js:107:24)
      at hydrate (file:///workspace/cms-full-taxonomy-api-admin/node_modules/.pnpm/devalue@5.9.4/node_modules/devalue/src/parse.js:271:26)
      at hydrate (file:///workspace/cms-full-taxonomy-api-admin/node_modules/.pnpm/devalue@5.9.4/node_modules/devalue/src/parse.js:107:32)
      at hydrate (file:///workspace/cms-full-taxonomy-api-admin/node_modules/.pnpm/devalue@5.9.4/node_modules/devalue/src/parse.js:271:26)
      at unflatten (file:///workspace/cms-full-taxonomy-api-admin/node_modules/.pnpm/devalue@5.9.4/node_modules/devalue/src/parse.js:278:9)
      at parse (file:///workspace/cms-full-taxonomy-api-admin/node_modules/.pnpm/devalue@5.9.4/node_modules/devalue/src/parse.js:21:9)
      at file:///workspace/cms-full-taxonomy-api-admin/tests/helpers/async-d1-storage.ts:50:21
      at process.processTicksAndRejections (node:internal/process/task_queues:104:5)
      at async execute (file:///workspace/cms-full-taxonomy-api-admin/tests/helpers/async-d1-storage.ts:55:18) {
    [cause]: undefined
  }
}
✔ D1: a real queue-capture SELECT fault cannot reject an accepted unpublish (427.545666ms)
[revisions] Failed to schedule pruning for post/01M43ZPV2AFS2AE0GVFQKVA74P: Error: native synchronous scheduler fault
    at TestContext.<anonymous> (file:///workspace/cms-full-taxonomy-api-admin/tests/lifecycle-scheduling-regressions.test.ts:35:30)
    at async Test.run (node:internal/test_runner/test:1389:7)
    at async startSubtestAfterBootstrap (node:internal/test_runner/harness:387:3)
[revisions] Failed to schedule pruning for post/01M43ZPV4PJB2K0KGW31Y52QTV: Error: native synchronous scheduler fault
    at TestContext.<anonymous> (file:///workspace/cms-full-taxonomy-api-admin/tests/lifecycle-scheduling-regressions.test.ts:35:30)
    at async Test.run (node:internal/test_runner/test:1389:7)
    at async Test.processPendingSubtests (node:internal/test_runner/test:960:7)
[revisions] Failed to schedule pruning for post/01M43ZPV7A7DXY3VZABGBG08W5: Error: native synchronous scheduler fault
    at TestContext.<anonymous> (file:///workspace/cms-full-taxonomy-api-admin/tests/lifecycle-scheduling-regressions.test.ts:35:30)
    at async Test.run (node:internal/test_runner/test:1389:7)
    at async Test.processPendingSubtests (node:internal/test_runner/test:960:7)
[revisions] Failed to schedule pruning for post/01M43ZPV98GCFZ6CFM31KCZZHK: Error: native synchronous scheduler fault
    at TestContext.<anonymous> (file:///workspace/cms-full-taxonomy-api-admin/tests/lifecycle-scheduling-regressions.test.ts:35:30)
    at async Test.run (node:internal/test_runner/test:1389:7)
    at async Test.processPendingSubtests (node:internal/test_runner/test:960:7)
✔ Node: save survives scheduler failure and queued work retries (94.81016ms)
✔ Node: restore-draft survives scheduler failure and queued work retries (76.332226ms)
✔ Node: restore-plain survives scheduler failure and queued work retries (63.423239ms)
✔ Node: unpublish survives scheduler failure and queued work retries (85.106455ms)
[revisions] Failed to schedule pruning for post/01M43ZPW7P29QPS38799G6VXGV: Error: native synchronous scheduler fault
    at TestContext.<anonymous> (file:///workspace/cms-full-taxonomy-api-admin/tests/lifecycle-scheduling-regressions.test.ts:35:30)
    at process.processTicksAndRejections (node:internal/process/task_queues:104:5)
    at async Test.run (node:internal/test_runner/test:1389:7)
    at async Test.processPendingSubtests (node:internal/test_runner/test:960:7)
✔ D1: save survives scheduler failure and queued work retries (2378.798203ms)
[revisions] Failed to schedule pruning for post/01M43ZPXWD7P65Z1Q9PGQNH2TH: Error: native synchronous scheduler fault
    at TestContext.<anonymous> (file:///workspace/cms-full-taxonomy-api-admin/tests/lifecycle-scheduling-regressions.test.ts:35:30)
    at process.processTicksAndRejections (node:internal/process/task_queues:104:5)
    at async Test.run (node:internal/test_runner/test:1389:7)
    at async Test.processPendingSubtests (node:internal/test_runner/test:960:7)
✔ D1: restore-draft survives scheduler failure and queued work retries (1289.501935ms)
[revisions] Failed to schedule pruning for post/01M43ZPZ1G9KTR7V0FYCBXM1CA: Error: native synchronous scheduler fault
    at TestContext.<anonymous> (file:///workspace/cms-full-taxonomy-api-admin/tests/lifecycle-scheduling-regressions.test.ts:35:30)
    at process.processTicksAndRejections (node:internal/process/task_queues:104:5)
    at async Test.run (node:internal/test_runner/test:1389:7)
    at async Test.processPendingSubtests (node:internal/test_runner/test:960:7)
✔ D1: restore-plain survives scheduler failure and queued work retries (1083.997768ms)
[revisions] Failed to schedule pruning for post/01M43ZQ036TZMZH1M0N3YYHNXJ: Error: native synchronous scheduler fault
    at TestContext.<anonymous> (file:///workspace/cms-full-taxonomy-api-admin/tests/lifecycle-scheduling-regressions.test.ts:35:30)
    at process.processTicksAndRejections (node:internal/process/task_queues:104:5)
    at async Test.run (node:internal/test_runner/test:1389:7)
    at async Test.processPendingSubtests (node:internal/test_runner/test:960:7)
✔ D1: unpublish survives scheduler failure and queued work retries (1053.239252ms)
✔ Node: staged slug collision preserves its public code and both complete entries (66.853568ms)
✔ D1: staged slug collision preserves its public code and both complete entries (1137.370789ms)
✔ Node: forward cross-collection and self-reference triggers survive the complete rebuild (109.629851ms)
✔ Node: reverse cross-collection and self-reference triggers survive the complete rebuild (81.233871ms)
✔ Node: unchanged-owner cross-collection and self-reference triggers survive the complete rebuild (76.898353ms)
✔ D1: forward cross-collection and self-reference triggers survive the complete rebuild (1958.475111ms)
✔ D1: reverse cross-collection and self-reference triggers survive the complete rebuild (1072.775508ms)
✔ D1: unchanged-owner cross-collection and self-reference triggers survive the complete rebuild (962.392828ms)
✔ Node: preinstalled view content dependency rejects without writes (30.730357ms)
✔ Node: race view content dependency rejects without writes (28.995376ms)
✔ Node: preinstalled external-trigger content dependency rejects without writes (11.75297ms)
✔ Node: race external-trigger content dependency rejects without writes (25.620283ms)
✔ Node: qualified, joined, grouped and mutating content dependencies reject unchanged (89.858372ms)
✔ Node: unrelated operator views, triggers, CTE names, literals and comments remain unchanged (47.873054ms)
✔ D1: preinstalled view content dependency rejects without writes (955.537439ms)
✔ D1: race view content dependency rejects without writes (412.644756ms)
✔ D1: preinstalled external-trigger content dependency rejects without writes (175.489262ms)
✔ D1: race external-trigger content dependency rejects without writes (333.291179ms)
✔ D1: qualified, joined, grouped and mutating content dependencies reject unchanged (1483.238727ms)
✔ D1: unrelated operator views, triggers, CTE names, literals and comments remain unchanged (545.193947ms)
✔ Node: existing-table rejects fresh orphan content without migration writes (13.108289ms)
✔ Node: existing-view rejects fresh orphan content without migration writes (4.077451ms)
✔ Node: race-table rejects fresh orphan content without migration writes (13.28847ms)
✔ D1: existing-table rejects fresh orphan content without migration writes (705.169481ms)
✔ D1: existing-view rejects fresh orphan content without migration writes (45.368652ms)
✔ D1: race-table rejects fresh orphan content without migration writes (150.919238ms)
✔ Node: fresh preinstalled reserved table names reject in both cases (26.164831ms)
✔ Node: fresh preinstalled reserved view names reject in both cases (16.258929ms)
✔ Node: fresh preinstalled reserved index names reject in both cases (12.596151ms)
✔ Node: fresh racing reserved table names reject in both cases (21.948631ms)
✔ Node: fresh racing reserved view names reject in both cases (18.090149ms)
✔ Node: fresh racing reserved index names reject in both cases (10.541616ms)
✔ Node: fresh content-like operator trigger names occupy a separate namespace (92.546029ms)
✔ Node: v4 preinstalled reserved table names reject in both cases (26.518753ms)
✔ Node: v4 preinstalled reserved view names reject in both cases (23.044716ms)
✔ Node: v4 preinstalled reserved index names reject in both cases (23.756176ms)
✔ Node: v4 racing reserved table names reject in both cases (48.029826ms)
✔ Node: v4 racing reserved view names reject in both cases (44.101499ms)
✔ Node: v4 racing reserved index names reject in both cases (41.012662ms)
✔ Node: v4 content-like operator trigger names occupy a separate namespace (188.244509ms)
✔ Node: v5 preinstalled reserved table names reject in both cases (23.674272ms)
✔ Node: v5 preinstalled reserved view names reject in both cases (16.093941ms)
✔ Node: v5 preinstalled reserved index names reject in both cases (19.09031ms)
✔ Node: v5 racing reserved table names reject in both cases (31.046951ms)
✔ Node: v5 racing reserved view names reject in both cases (46.29373ms)
✔ Node: v5 racing reserved index names reject in both cases (30.415282ms)
✔ Node: v5 content-like operator trigger names occupy a separate namespace (161.107218ms)
✔ Node: v8 preinstalled reserved table names reject in both cases (32.580813ms)
✔ Node: v8 preinstalled reserved view names reject in both cases (29.613569ms)
✔ Node: v8 preinstalled reserved index names reject in both cases (31.18577ms)
✔ Node: v8 racing reserved table names reject in both cases (55.850998ms)
✔ Node: v8 racing reserved view names reject in both cases (44.307268ms)
✔ Node: v8 racing reserved index names reject in both cases (52.82116ms)
✔ Node: v8 content-like operator trigger names occupy a separate namespace (165.926293ms)
✔ Node: v4 attached mixed-case trigger owners retain original SQL and effects (42.188027ms)
✔ Node: v4 preinstalled orphan field metadata rejects without writes (10.892914ms)
✔ Node: v4 racing orphan field metadata rejects without writes (15.957217ms)
✔ Node: v4 unmanaged operator FK violations do not reject valid CMS metadata (43.745815ms)
✔ Node: v5 attached mixed-case trigger owners retain original SQL and effects (34.759695ms)
✔ Node: v5 preinstalled orphan field metadata rejects without writes (8.547603ms)
✔ Node: v5 racing orphan field metadata rejects without writes (18.553118ms)
✔ Node: v5 unmanaged operator FK violations do not reject valid CMS metadata (38.163444ms)
✔ Node: v8 attached mixed-case trigger owners retain original SQL and effects (47.57247ms)
✔ Node: v8 preinstalled orphan field metadata rejects without writes (15.24669ms)
✔ Node: v8 racing orphan field metadata rejects without writes (22.709033ms)
✔ Node: v8 unmanaged operator FK violations do not reject valid CMS metadata (48.069697ms)
✔ D1: fresh preinstalled reserved table names reject in both cases (846.796643ms)
✔ D1: fresh preinstalled reserved view names reject in both cases (149.174307ms)
✔ D1: fresh preinstalled reserved index names reject in both cases (132.444079ms)
✔ D1: fresh racing reserved table names reject in both cases (268.391321ms)
✔ D1: fresh racing reserved view names reject in both cases (191.115083ms)
✔ D1: fresh racing reserved index names reject in both cases (179.448041ms)
✔ D1: fresh content-like operator trigger names occupy a separate namespace (732.067682ms)
✔ D1: v4 preinstalled reserved table names reject in both cases (509.315729ms)
✔ D1: v4 preinstalled reserved view names reject in both cases (406.42867ms)
✔ D1: v4 preinstalled reserved index names reject in both cases (400.747143ms)
✔ D1: v4 racing reserved table names reject in both cases (855.391288ms)
✔ D1: v4 racing reserved view names reject in both cases (688.199459ms)
✔ D1: v4 racing reserved index names reject in both cases (763.334153ms)
✔ D1: v4 content-like operator trigger names occupy a separate namespace (2100.031638ms)
✔ D1: v5 preinstalled reserved table names reject in both cases (478.707987ms)
✔ D1: v5 preinstalled reserved view names reject in both cases (540.748819ms)
✔ D1: v5 preinstalled reserved index names reject in both cases (462.08607ms)
✔ D1: v5 racing reserved table names reject in both cases (712.487964ms)
✔ D1: v5 racing reserved view names reject in both cases (754.709945ms)
✔ D1: v5 racing reserved index names reject in both cases (790.307737ms)
✔ D1: v5 content-like operator trigger names occupy a separate namespace (1747.178917ms)
✔ D1: v8 preinstalled reserved table names reject in both cases (592.710135ms)
✔ D1: v8 preinstalled reserved view names reject in both cases (582.611199ms)
✔ D1: v8 preinstalled reserved index names reject in both cases (531.985453ms)
✔ D1: v8 racing reserved table names reject in both cases (1104.495323ms)
✔ D1: v8 racing reserved view names reject in both cases (1093.496269ms)
✔ D1: v8 racing reserved index names reject in both cases (1285.717825ms)
✔ D1: v8 content-like operator trigger names occupy a separate namespace (2604.490514ms)
✔ D1: v4 attached mixed-case trigger owners retain original SQL and effects (515.891874ms)
✔ D1: v4 preinstalled orphan field metadata rejects without writes (265.707787ms)
✔ D1: v4 racing orphan field metadata rejects without writes (392.586799ms)
✔ D1: v4 unmanaged operator FK violations do not reject valid CMS metadata (495.798246ms)
✔ D1: v5 attached mixed-case trigger owners retain original SQL and effects (470.882266ms)
✔ D1: v5 preinstalled orphan field metadata rejects without writes (299.97485ms)
✔ D1: v5 racing orphan field metadata rejects without writes (402.197102ms)
✔ D1: v5 unmanaged operator FK violations do not reject valid CMS metadata (467.597858ms)
✔ D1: v8 attached mixed-case trigger owners retain original SQL and effects (578.59241ms)
✔ D1: v8 preinstalled orphan field metadata rejects without writes (420.679903ms)
✔ D1: v8 racing orphan field metadata rejects without writes (610.083155ms)
✔ D1: v8 unmanaged operator FK violations do not reject valid CMS metadata (644.888735ms)
✔ Node: literal reserved prefix allows acms_tool already present (61.81365ms)
✔ Node: literal reserved prefix allows acms_tool arriving before fresh batch (37.632637ms)
✔ Node: literal reserved prefix allows xcmsZoperator already present (38.355031ms)
✔ Node: literal reserved prefix allows xcmsZoperator arriving before fresh batch (34.629269ms)
✔ D1: literal reserved prefix allows acms_tool already present (865.948572ms)
✔ D1: literal reserved prefix allows acms_tool arriving before fresh batch (140.170807ms)
✔ D1: literal reserved prefix allows xcmsZoperator already present (129.157983ms)
✔ D1: literal reserved prefix allows xcmsZoperator arriving before fresh batch (132.777567ms)
✔ Node: literal reserved prefix still rejects _cms_partial without startup writes (2.545171ms)
✔ Node: literal reserved prefix still rejects _CMS_PARTIAL without startup writes (1.248744ms)
✔ D1: literal reserved prefix still rejects _cms_partial without startup writes (16.726831ms)
✔ D1: literal reserved prefix still rejects _CMS_PARTIAL without startup writes (11.407816ms)
✔ Node: uppercase orphan table rejects without migration writes (17.162255ms)
✔ Node: uppercase orphan view rejects without migration writes (6.641631ms)
✔ Node: uppercase orphan race-table rejects without migration writes (15.643926ms)
✔ Node: fresh preserves an unrelated operator FK with an ec_note column (51.825805ms)
✔ Node: v4 preserves an unrelated operator FK with an ec_note column (53.772017ms)
✔ Node: actual quoted/comment-separated inbound content FKs and their races preserve every row (86.286315ms)
✔ Node: operator FK comments and escaped literals mentioning content remain unmanaged (70.25985ms)
✔ D1: uppercase orphan table rejects without migration writes (752.951556ms)
✔ D1: uppercase orphan view rejects without migration writes (36.776713ms)
✔ D1: uppercase orphan race-table rejects without migration writes (86.441078ms)
✔ D1: fresh preserves an unrelated operator FK with an ec_note column (382.186035ms)
✔ D1: v4 preserves an unrelated operator FK with an ec_note column (638.292509ms)
✔ D1: actual quoted/comment-separated inbound content FKs and their races preserve every row (1509.348457ms)
✔ D1: operator FK comments and escaped literals mentioning content remain unmanaged (654.475894ms)
✔ Node: v0 every validated static prerequisite DDL is guarded before startup writes (127.629427ms)
✔ Node: v0 every not-yet-installed static name remains absent until the guarded upgrade (609.567331ms)
✔ Node: v0 future static names use SQLite case-insensitive shared namespace (772.895233ms)
✔ Node: v0 intermediate metadata/lifecycle names cannot appear before startup writes (16.041667ms)
✔ Node: v0 ordinary operator writes remain outside the prerequisite snapshot (40.0538ms)
✔ Node: v1 every validated static prerequisite DDL is guarded before startup writes (27.845063ms)
✔ Node: v1 every not-yet-installed static name remains absent until the guarded upgrade (796.243423ms)
✔ Node: v1 future static names use SQLite case-insensitive shared namespace (1112.621215ms)
✔ Node: v1 intermediate metadata/lifecycle names cannot appear before startup writes (26.360569ms)
✔ Node: v1 raced marker rows and missing marker table reject unchanged (16.968682ms)
✔ Node: v1 ordinary operator writes remain outside the prerequisite snapshot (29.006501ms)
✔ Node: v2 every validated static prerequisite DDL is guarded before startup writes (44.783419ms)
✔ Node: v2 every not-yet-installed static name remains absent until the guarded upgrade (1019.02659ms)
✔ Node: v2 future static names use SQLite case-insensitive shared namespace (1788.67158ms)
✔ Node: v2 intermediate metadata/lifecycle names cannot appear before startup writes (32.386907ms)
✔ Node: v2 raced marker rows and missing marker table reject unchanged (10.215245ms)
✔ Node: v2 ordinary operator writes remain outside the prerequisite snapshot (37.379707ms)
✔ Node: v2 mutable auth roles, sessions and profiles are not DDL prerequisites (27.820627ms)
✔ Node: v3 every validated static prerequisite DDL is guarded before startup writes (60.410019ms)
✔ Node: v3 every not-yet-installed static name remains absent until the guarded upgrade (1288.96109ms)
✔ Node: v3 future static names use SQLite case-insensitive shared namespace (1774.890399ms)
✔ Node: v3 intermediate metadata/lifecycle names cannot appear before startup writes (37.821752ms)
✔ Node: v3 raced marker rows and missing marker table reject unchanged (18.289571ms)
✔ Node: v3 ordinary operator writes remain outside the prerequisite snapshot (28.045857ms)
✔ Node: v3 mutable auth roles, sessions and profiles are not DDL prerequisites (29.163588ms)
✔ Node: v4 every validated static prerequisite DDL is guarded before startup writes (193.018618ms)
✔ Node: v4 every not-yet-installed static name remains absent until the guarded upgrade (1962.226109ms)
✔ Node: v4 future static names use SQLite case-insensitive shared namespace (2866.535882ms)
✔ Node: v4 intermediate metadata/lifecycle names cannot appear before startup writes (63.421603ms)
✔ Node: v4 raced marker rows and missing marker table reject unchanged (19.45277ms)
✔ Node: v4 ordinary operator writes remain outside the prerequisite snapshot (53.850367ms)
✔ Node: v4 mutable auth roles, sessions and profiles are not DDL prerequisites (41.9977ms)
✔ Node: v5 every validated static prerequisite DDL is guarded before startup writes (232.981177ms)
✔ Node: v5 intermediate metadata/lifecycle names cannot appear before startup writes (63.621195ms)
✔ Node: v5 raced marker rows and missing marker table reject unchanged (33.816964ms)
✔ Node: v5 ordinary operator writes remain outside the prerequisite snapshot (38.462772ms)
✔ Node: v5 mutable auth roles, sessions and profiles are not DDL prerequisites (41.868475ms)
✔ D1: v0 every validated static prerequisite DDL is guarded before startup writes (2100.037598ms)
✔ D1: v0 every not-yet-installed static name remains absent until the guarded upgrade (9171.017619ms)
✔ D1: v0 future static names use SQLite case-insensitive shared namespace (9102.022975ms)
✔ D1: v0 intermediate metadata/lifecycle names cannot appear before startup writes (214.536566ms)
✔ D1: v0 ordinary operator writes remain outside the prerequisite snapshot (100.009497ms)
✔ D1: v1 every validated static prerequisite DDL is guarded before startup writes (433.777422ms)
✔ D1: v1 every not-yet-installed static name remains absent until the guarded upgrade (13683.729318ms)
✔ D1: v1 future static names use SQLite case-insensitive shared namespace (21584.758842ms)
✔ D1: v1 intermediate metadata/lifecycle names cannot appear before startup writes (505.967092ms)
✔ D1: v1 raced marker rows and missing marker table reject unchanged (132.325375ms)
✔ D1: v1 ordinary operator writes remain outside the prerequisite snapshot (131.062159ms)
✔ D1: v2 every validated static prerequisite DDL is guarded before startup writes (668.279999ms)
✔ D1: v2 every not-yet-installed static name remains absent until the guarded upgrade (19990.069596ms)
✔ D1: v2 future static names use SQLite case-insensitive shared namespace (30076.478298ms)
✔ D1: v2 intermediate metadata/lifecycle names cannot appear before startup writes (1402.168497ms)
✔ D1: v2 raced marker rows and missing marker table reject unchanged (297.105739ms)
✔ D1: v2 ordinary operator writes remain outside the prerequisite snapshot (185.401164ms)
✔ D1: v2 mutable auth roles, sessions and profiles are not DDL prerequisites (178.790732ms)
✔ D1: v3 every validated static prerequisite DDL is guarded before startup writes (1221.910298ms)
✔ D1: v3 every not-yet-installed static name remains absent until the guarded upgrade (19083.864725ms)
✔ D1: v3 future static names use SQLite case-insensitive shared namespace (26941.734986ms)
✔ D1: v3 intermediate metadata/lifecycle names cannot appear before startup writes (717.843276ms)
✔ D1: v3 raced marker rows and missing marker table reject unchanged (236.142529ms)
✔ D1: v3 ordinary operator writes remain outside the prerequisite snapshot (176.82119ms)
✔ D1: v3 mutable auth roles, sessions and profiles are not DDL prerequisites (341.449568ms)
✔ D1: v4 every validated static prerequisite DDL is guarded before startup writes (3611.825492ms)
✔ D1: v4 every not-yet-installed static name remains absent until the guarded upgrade (26516.176362ms)
✔ D1: v4 future static names use SQLite case-insensitive shared namespace (41102.829996ms)
✔ D1: v4 intermediate metadata/lifecycle names cannot appear before startup writes (1108.957863ms)
✔ D1: v4 raced marker rows and missing marker table reject unchanged (326.594808ms)
✔ D1: v4 ordinary operator writes remain outside the prerequisite snapshot (287.768217ms)
✔ D1: v4 mutable auth roles, sessions and profiles are not DDL prerequisites (214.134728ms)
✔ D1: v5 every validated static prerequisite DDL is guarded before startup writes (3456.692425ms)
✔ D1: v5 intermediate metadata/lifecycle names cannot appear before startup writes (1013.407745ms)
✔ D1: v5 raced marker rows and missing marker table reject unchanged (324.966382ms)
✔ D1: v5 ordinary operator writes remain outside the prerequisite snapshot (152.998166ms)
✔ D1: v5 mutable auth roles, sessions and profiles are not DDL prerequisites (159.525913ms)
✔ Node: quoted legacy systems without field literal upgrade without rewriting field literals (129.62744ms)
✔ Node: quoted legacy systems with leading literal upgrade without rewriting field literals (58.882066ms)
✔ Node: unquoted legacy systems with leading literal upgrade without rewriting field literals (53.290409ms)
✔ D1: quoted legacy systems without field literal upgrade without rewriting field literals (1800.893409ms)
✔ D1: quoted legacy systems with leading literal upgrade without rewriting field literals (772.601241ms)
✔ D1: unquoted legacy systems with leading literal upgrade without rewriting field literals (800.137381ms)
✔ Node: fresh canonical startup creates all lifecycle system columns and atomically stores revision pointers (82.908512ms)
✔ Node: immutable v1/v2 layouts reach canonical v8 after frozen v5 with legacy data, metadata and foreign keys intact (101.505109ms)
✔ Node: v4 upgrade preserves rows, tokens, physical defaults, indexes, triggers and auth metadata on reopen (92.678937ms)
✔ Node: unsupported legacy and partially installed layouts reject with no writes (142.142306ms)
✔ Node: latest layouts validate required content columns and every static lifecycle object without repair (222.958965ms)
✔ Node: failure after each lifecycle rebuild stage rolls back DDL, markers and rows (332.832877ms)
✔ Node: fresh and legacy concurrent startup share one complete migration winner (123.532728ms)
✔ Node: a content schema write between preflight and batch cannot be overwritten (34.273033ms)
✔ D1: fresh canonical startup creates all lifecycle system columns and atomically stores revision pointers (906.388329ms)
✔ D1: immutable v1/v2 layouts reach canonical v8 after frozen v5 with legacy data, metadata and foreign keys intact (574.356712ms)
✔ D1: v4 upgrade preserves rows, tokens, physical defaults, indexes, triggers and auth metadata on reopen (866.95247ms)
✔ D1: unsupported legacy and partially installed layouts reject with no writes (2422.117218ms)
✔ D1: latest layouts validate required content columns and every static lifecycle object without repair (2576.906783ms)
✔ D1: failure after each lifecycle rebuild stage rolls back DDL, markers and rows (3548.314306ms)
✔ D1: fresh and legacy concurrent startup share one complete migration winner (986.794736ms)
✔ D1: a content schema write between preflight and batch cannot be overwritten (1141.377454ms)
✔ Node fresh: should create all tables from migrations [revisions-only scope] (53.887921ms)
✔ Node fresh: should create content with all fields [status/author storage scope] (42.9437ms)
✔ Node fresh: should persist primaryBylineId on create [column storage scope] (25.029766ms)
✔ Node v4: should create all tables from migrations [revisions-only scope] (40.017029ms)
✔ Node v4: should create content with all fields [status/author storage scope] (38.56575ms)
✔ Node v4: should persist primaryBylineId on create [column storage scope] (40.659074ms)
✔ D1 fresh: should create all tables from migrations [revisions-only scope] (885.87526ms)
✔ D1 fresh: should create content with all fields [status/author storage scope] (203.01028ms)
✔ D1 fresh: should persist primaryBylineId on create [column storage scope] (157.451274ms)
✔ D1 v4: should create all tables from migrations [revisions-only scope] (221.055668ms)
✔ D1 v4: should create content with all fields [status/author storage scope] (318.966293ms)
✔ D1 v4: should persist primaryBylineId on create [column storage scope] (273.099252ms)
▶ packages/core/tests/integration/content/draft-save-live-content-changed.test.ts
  ✔ is false for draft-only data save on revision collections (85.129896ms)
  ✔ is false when data+slug are staged as a draft revision (58.052679ms)
  ✔ is true when live metadata changes on a revision collection (46.772858ms)
  ✔ defaults unclassified update fields to live-changing (39.879452ms)
  ✔ is true for data updates on collections without revisions (41.321798ms)
✔ packages/core/tests/integration/content/draft-save-live-content-changed.test.ts (272.815019ms)
▶ packages/core/tests/integration/content/draft-save-updated-at.test.ts
  ✔ Save (draft staging) on a published entry does not bump updated_at (48.50164ms)
  ✔ Autosave (skipRevision) on an existing draft does not bump updated_at (53.891989ms)
  ✔ Discard Draft restores updated_at from before the draft saves (43.159172ms)
  ✔ a subsequent Publish advances updated_at exactly once (48.577524ms)
  ✔ draft-only saves still bump version so _rev concurrency detection keeps working (50.321498ms)
  ✔ Restore Revision (to draft) on a published entry does not bump updated_at (44.781813ms)
  ✔ collections without revision support keep the bump-on-write behavior (53.404181ms)
✔ packages/core/tests/integration/content/draft-save-updated-at.test.ts (343.703589ms)
▶ packages/core/tests/unit/api/publish-revision-cas.test.ts
  ✔ publishes only the expected revision and returns the next _rev (43.091811ms)
  ✔ rejects an approved revision after a newer draft save without mutating live or draft (39.709181ms)
  ✔ allows only one of two concurrent publishes for the same _rev (43.170468ms)
  ✔ supports conditional publish for a collection without revisions (42.152398ms)
  ✔ applies the same revision condition to unpublish and discard-draft (31.862786ms)
  ✔ keeps revisionless publish calls backward compatible (29.209455ms)
  ✔ rejects malformed revision conditions as conflicts (30.714108ms)
✔ packages/core/tests/unit/api/publish-revision-cas.test.ts (260.524323ms)
▶ packages/core/tests/integration/content/atomic-publication.test.ts
  ✔ rolls back every promoted column when the staged slug constraint rejects (34.598432ms)
  ✔ never leaves a dangling pointer when staging races guarded revision deletion (29.558399ms)
✔ packages/core/tests/integration/content/atomic-publication.test.ts (64.380599ms)
▶ packages/core/tests/integration/content/revision-retention.test.ts
  ✔ bounds history through request-lifetime work without a scheduled tick (55.79959ms)
✔ packages/core/tests/integration/content/revision-retention.test.ts (55.960611ms)
ℹ tests 324
ℹ suites 7
ℹ pass 324
ℹ fail 0
ℹ cancelled 0
ℹ skipped 0
ℹ todo 0
ℹ duration_ms 274778.225405
