✔ workerd: collection metadata service runs on the actual D1 binding without nodejs_compat (631.391684ms)
✔ Node: equivalent schema, scalar, CAS, soft-delete and persisted session contract (115.840743ms)
✔ Node: failed batch rolls back DML and CREATE/ALTER/DROP DDL (1.931952ms)
✔ Node: fresh/v1 auth failures roll back all DDL and migration markers (115.514132ms)
✔ Node: incomplete/future migration state fails without repair (76.00129ms)
✔ D1: equivalent schema, scalar, CAS, soft-delete and persisted session contract (605.025899ms)
✔ D1: failed batch rolls back DML and CREATE/ALTER/DROP DDL (90.836494ms)
✔ D1: fresh/v1 auth failures roll back all DDL and migration markers (905.473417ms)
✔ D1: incomplete/future migration state fails without repair (802.551937ms)
✔ D1: deterministic stale fresh/v1 callers recover the actual binding error envelope (477.000667ms)
✔ D1: concurrent same-slug creators map the real UNIQUE envelope to COLLECTION_EXISTS (164.009673ms)
✔ D1: startup accepts a complete upgrade between actual preflight reads (201.157416ms)
✔ D1: one actual batch forwards parameters/order, RETURNING rows, zero/positive changes and insert IDs (75.644483ms)
✔ D1: unrelated envelopes do not turn into successful migration race recovery (175.514272ms)
✔ local: envelope classifier keeps Node messages and ignores lookalike/unknown D1 formats (0.652119ms)
✔ D1: callback transactions, streaming and general introspection reject explicitly (62.959431ms)
✔ D1: raw parameter variants retain binding support/rejections without Node normalization (126.908699ms)
✔ D1 and Node: v1 content and hashed sessions persist across close/reopen and revocation (546.707813ms)
✔ local workerd: real D1-backed CMS/session core runs without nodejs_compat (427.228342ms)
✔ workerd: draft restore uses actual D1 without nodejs_compat, with one concurrent CAS winner (692.736468ms)
✔ Node source: five collection output, manifest-build.test.ts:537 (55.366906ms)
✔ Node supplemental: 0/1/50/51/100 boundaries preserve ordered projection with bounded reads (151.527157ms)
✔ Node supplemental: each collection retains its 32-field cap, including ignored malformed rows (33.781522ms)
✔ Node supplemental: authorization precedes SQL; constructor fields remain unparsed; errors propagate (28.3803ms)
✔ Node supplemental: uncached collection and field changes appear on the next read (29.593006ms)
✔ D1 source: five collection output, manifest-build.test.ts:537 (1861.581499ms)
✔ D1 supplemental: 0/1/50/51/100 boundaries preserve ordered projection with bounded reads (6751.960123ms)
✔ D1 supplemental: each collection retains its 32-field cap, including ignored malformed rows (1382.984336ms)
✔ D1 supplemental: authorization precedes SQL; constructor fields remain unparsed; errors propagate (1000.558601ms)
✔ D1 supplemental: uncached collection and field changes appear on the next read (1006.972697ms)
✔ workerd supplemental: manifest executes on the actual local D1 binding without nodejs_compat (263.768852ms)
ℹ tests 31
ℹ suites 0
ℹ pass 31
ℹ fail 0
ℹ cancelled 0
ℹ skipped 0
ℹ todo 0
ℹ duration_ms 14094.733759
