2026-10-05T22:10:45.6703399Z Current runner version: '2.337.0'
2026-10-05T22:10:45.6729027Z ##[group]Runner Image Provisioner
2026-10-05T22:10:45.6730618Z Hosted Compute Agent
2026-10-05T22:10:45.6731295Z Version: 20260901.588
2026-10-05T22:10:45.6732017Z Commit: f88ec8081b781fac6c440065ac7ff9e710ce3d0b
2026-10-05T22:10:45.6732808Z Build Date: 2026-09-01T19:56:44Z
2026-10-05T22:10:45.6733553Z Worker ID: {9fd5cbb9-bc29-4037-88cc-16b2a4e1188b}
2026-10-05T22:10:45.6734413Z Azure Region: westus
2026-10-05T22:10:45.6735036Z ##[endgroup]
2026-10-05T22:10:45.6736653Z ##[group]Operating System
2026-10-05T22:10:45.6737385Z Ubuntu
2026-10-05T22:10:45.6737949Z 22.04.5
2026-10-05T22:10:45.6738560Z LTS
2026-10-05T22:10:45.6739128Z ##[endgroup]
2026-10-05T22:10:45.6740131Z ##[group]Runner Image
2026-10-05T22:10:45.6740911Z Image: ubuntu-22.04
2026-10-05T22:10:45.6741513Z Version: 20260927.309.1
2026-10-05T22:10:45.6742929Z Included Software: https://github.com/actions/runner-images/blob/ubuntu22/20260927.309/images/ubuntu/Ubuntu2204-Readme.md
2026-10-05T22:10:45.6744514Z Image Release: https://github.com/actions/runner-images/releases/tag/ubuntu22%2F20260927.309
2026-10-05T22:10:45.6745624Z ##[endgroup]
2026-10-05T22:10:45.6746771Z ##[group]GITHUB_TOKEN Permissions
2026-10-05T22:10:45.6748897Z Contents: read
2026-10-05T22:10:45.6749791Z Metadata: read
2026-10-05T22:10:45.6750526Z ##[endgroup]
2026-10-05T22:10:45.6752731Z Secret source: Actions
2026-10-05T22:10:45.6753836Z Cache mode: write
2026-10-05T22:10:45.6754668Z Prepare workflow directory
2026-10-05T22:10:45.7158070Z Prepare all required actions
2026-10-05T22:10:45.7208221Z Getting action download info
2026-10-05T22:10:46.1167867Z Download action repository 'actions/checkout@v4' (SHA:11d5960a326750d5838078e36cf38b85af677262)
2026-10-05T22:10:46.2351099Z Download action repository 'pnpm/action-setup@v4' (SHA:b906affcce14559ad1aafd4ab0e942779e9f58b1)
2026-10-05T22:10:46.6783227Z Download action repository 'actions/setup-node@v4' (SHA:49933ea5288caeca8642d1e84afbd3f7d6820020)
2026-10-05T22:10:46.7812333Z Download action repository 'actions/upload-artifact@v4' (SHA:ea165f8d65b6e75b540449e92b4886f43607fa02)
2026-10-05T22:10:47.0095047Z Complete job name: rich-editor-source
2026-10-05T22:10:47.0956301Z ##[group]Run actions/checkout@v4
2026-10-05T22:10:47.0957573Z with:
2026-10-05T22:10:47.0958233Z   repository: sveltery/cms
2026-10-05T22:10:47.0962619Z   token: ***
2026-10-05T22:10:47.0963280Z   ssh-strict: true
2026-10-05T22:10:47.0963875Z   ssh-user: git
2026-10-05T22:10:47.0964616Z   persist-credentials: true
2026-10-05T22:10:47.0965257Z   clean: true
2026-10-05T22:10:47.0965898Z   sparse-checkout-cone-mode: true
2026-10-05T22:10:47.0966627Z   fetch-depth: 1
2026-10-05T22:10:47.0967222Z   fetch-tags: false
2026-10-05T22:10:47.0967924Z   show-progress: true
2026-10-05T22:10:47.0968544Z   lfs: false
2026-10-05T22:10:47.0969103Z   submodules: false
2026-10-05T22:10:47.0970009Z   set-safe-directory: true
2026-10-05T22:10:47.0970686Z   allow-unsafe-pr-checkout: false
2026-10-05T22:10:47.0971865Z ##[endgroup]
2026-10-05T22:10:47.2072667Z Syncing repository: sveltery/cms
2026-10-05T22:10:47.2076038Z ##[group]Getting Git version info
2026-10-05T22:10:47.2077473Z Working directory is '/home/runner/work/cms/cms'
2026-10-05T22:10:47.2079874Z [command]/usr/bin/git version
2026-10-05T22:10:47.2132386Z git version 2.55.0
2026-10-05T22:10:47.2164995Z ##[endgroup]
2026-10-05T22:10:47.2173746Z Temporarily overriding HOME='/home/runner/work/_temp/452e9b3e-dc6b-466a-a58b-adccb634b1c7' before making global git config changes
2026-10-05T22:10:47.2176764Z Adding repository directory to the temporary git global config as a safe directory
2026-10-05T22:10:47.2179098Z [command]/usr/bin/git config --global --add safe.directory /home/runner/work/cms/cms
2026-10-05T22:10:47.2220676Z Deleting the contents of '/home/runner/work/cms/cms'
2026-10-05T22:10:47.2227627Z ##[group]Initializing the repository
2026-10-05T22:10:47.2232118Z [command]/usr/bin/git init /home/runner/work/cms/cms
2026-10-05T22:10:47.2382094Z hint: Using 'master' as the name for the initial branch. This default branch name
2026-10-05T22:10:47.2385169Z hint: will change to "main" in Git 3.0. To configure the initial branch name
2026-10-05T22:10:47.2387473Z hint: to use in all of your new repositories, which will suppress this warning,
2026-10-05T22:10:47.2390276Z hint: call:
2026-10-05T22:10:47.2391596Z hint:
2026-10-05T22:10:47.2393040Z hint: 	git config --global init.defaultBranch <name>
2026-10-05T22:10:47.2394760Z hint:
2026-10-05T22:10:47.2396199Z hint: Names commonly chosen instead of 'master' are 'main', 'trunk' and
2026-10-05T22:10:47.2398379Z hint: 'development'. The just-created branch can be renamed via this command:
2026-10-05T22:10:47.2400485Z hint:
2026-10-05T22:10:47.2401498Z hint: 	git branch -m <name>
2026-10-05T22:10:47.2402879Z hint:
2026-10-05T22:10:47.2404171Z hint: Disable this message with "git config set advice.defaultBranchName false"
2026-10-05T22:10:47.2406041Z Initialized empty Git repository in /home/runner/work/cms/cms/.git/
2026-10-05T22:10:47.2409430Z [command]/usr/bin/git remote add origin https://github.com/sveltery/cms
2026-10-05T22:10:47.2447475Z ##[endgroup]
2026-10-05T22:10:47.2449064Z ##[group]Disabling automatic garbage collection
2026-10-05T22:10:47.2451616Z [command]/usr/bin/git config --local gc.auto 0
2026-10-05T22:10:47.2490956Z ##[endgroup]
2026-10-05T22:10:47.2492115Z ##[group]Setting up auth
2026-10-05T22:10:47.2499681Z [command]/usr/bin/git config --local --name-only --get-regexp core\.sshCommand
2026-10-05T22:10:47.2562746Z [command]/usr/bin/git submodule foreach --recursive sh -c "git config --local --name-only --get-regexp 'core\.sshCommand' && git config --local --unset-all 'core.sshCommand' || :"
2026-10-05T22:10:47.3000967Z [command]/usr/bin/git config --local --name-only --get-regexp http\.https\:\/\/github\.com\/\.extraheader
2026-10-05T22:10:47.3055255Z [command]/usr/bin/git submodule foreach --recursive sh -c "git config --local --name-only --get-regexp 'http\.https\:\/\/github\.com\/\.extraheader' && git config --local --unset-all 'http.https://github.com/.extraheader' || :"
2026-10-05T22:10:47.3339822Z [command]/usr/bin/git config --local --name-only --get-regexp ^includeIf\.gitdir:
2026-10-05T22:10:47.3380889Z [command]/usr/bin/git submodule foreach --recursive git config --local --show-origin --name-only --get-regexp remote.origin.url
2026-10-05T22:10:47.3646588Z [command]/usr/bin/git config --local http.https://github.com/.extraheader AUTHORIZATION: basic ***
2026-10-05T22:10:47.3694038Z ##[endgroup]
2026-10-05T22:10:47.3695241Z ##[group]Fetching the repository
2026-10-05T22:10:47.3704318Z [command]/usr/bin/git -c protocol.version=2 fetch --no-tags --prune --no-recurse-submodules --depth=1 origin +e458ba1d57192747ace18e75ce4b23bc8413c54e:refs/remotes/pull/117/merge
2026-10-05T22:10:48.6550303Z From https://github.com/sveltery/cms
2026-10-05T22:10:48.6552558Z  * [new ref]         e458ba1d57192747ace18e75ce4b23bc8413c54e -> pull/117/merge
2026-10-05T22:10:48.6556710Z ##[endgroup]
2026-10-05T22:10:48.6558531Z ##[group]Determining the checkout info
2026-10-05T22:10:48.6560438Z ##[endgroup]
2026-10-05T22:10:48.6563985Z [command]/usr/bin/git sparse-checkout disable
2026-10-05T22:10:48.6617374Z [command]/usr/bin/git config --local --unset-all extensions.worktreeConfig
2026-10-05T22:10:48.6656742Z ##[group]Checking out the ref
2026-10-05T22:10:48.6659987Z [command]/usr/bin/git checkout --progress --force refs/remotes/pull/117/merge
2026-10-05T22:10:49.0451431Z Note: switching to 'refs/remotes/pull/117/merge'.
2026-10-05T22:10:49.0453515Z 
2026-10-05T22:10:49.0455055Z You are in 'detached HEAD' state. You can look around, make experimental
2026-10-05T22:10:49.0458023Z changes and commit them, and you can discard any commits you make in this
2026-10-05T22:10:49.0461371Z state without impacting any branches by switching back to a branch.
2026-10-05T22:10:49.0463253Z 
2026-10-05T22:10:49.0464459Z If you want to create a new branch to retain commits you create, you may
2026-10-05T22:10:49.0467336Z do so (now or later) by using -c with the switch command. Example:
2026-10-05T22:10:49.0469795Z 
2026-10-05T22:10:49.0470505Z   git switch -c <new-branch-name>
2026-10-05T22:10:49.0471661Z 
2026-10-05T22:10:49.0472310Z Or undo this operation with:
2026-10-05T22:10:49.0473293Z 
2026-10-05T22:10:49.0473859Z   git switch -
2026-10-05T22:10:49.0474677Z 
2026-10-05T22:10:49.0476078Z Turn off this advice by setting config variable advice.detachedHead to false
2026-10-05T22:10:49.0478159Z 
2026-10-05T22:10:49.0480779Z HEAD is now at e458ba1 Merge d31489b144fa23566783e1fd40643bbaf36f4fb7 into 028dce4a9d71d47f9b9c9bb3e96d7496d11b70ec
2026-10-05T22:10:49.0487733Z ##[endgroup]
2026-10-05T22:10:49.0527690Z [command]/usr/bin/git log -1 --format=%H
2026-10-05T22:10:49.0562131Z e458ba1d57192747ace18e75ce4b23bc8413c54e
2026-10-05T22:10:49.0911315Z ##[group]Run pnpm/action-setup@v4
2026-10-05T22:10:49.0912402Z with:
2026-10-05T22:10:49.0913127Z   version: 12.6.0
2026-10-05T22:10:49.0913935Z   dest: ~/setup-pnpm
2026-10-05T22:10:49.0914783Z   run_install: null
2026-10-05T22:10:49.0915628Z   cache: false
2026-10-05T22:10:49.0916487Z   cache_dependency_path: pnpm-lock.yaml
2026-10-05T22:10:49.0917704Z   package_json_file: package.json
2026-10-05T22:10:49.0918732Z   standalone: false
2026-10-05T22:10:49.0919723Z ##[endgroup]
2026-10-05T22:10:49.2550708Z ##[group]Running self-installer...
2026-10-05T22:10:49.7164018Z (node:2001) [DEP0169] DeprecationWarning: `url.parse()` behavior is not standardized and prone to errors that have security implications. Use the WHATWG URL API instead. CVEs are not issued for `url.parse()` vulnerabilities.
2026-10-05T22:10:49.7165393Z (Use `node --trace-deprecation ...` to show where the warning was created)
2026-10-05T22:10:49.8900425Z Progress: resolved 1, reused 0, downloaded 0, added 0
2026-10-05T22:10:50.0398592Z Packages: +3
2026-10-05T22:10:50.0399551Z +++
2026-10-05T22:10:50.8310107Z Progress: resolved 15, reused 0, downloaded 3, added 3, done
2026-10-05T22:10:50.8492320Z .../.pnpm/pnpm@12.6.0/node_modules/pnpm preinstall$ node install.js
2026-10-05T22:10:53.0242650Z .../.pnpm/pnpm@12.6.0/node_modules/pnpm preinstall: Done
2026-10-05T22:10:53.0247893Z .../.pnpm/pnpm@12.6.0/node_modules/pnpm postinstall$ node install.js
2026-10-05T22:10:53.0739971Z .../.pnpm/pnpm@12.6.0/node_modules/pnpm postinstall: Done
2026-10-05T22:10:54.4152292Z 
2026-10-05T22:10:54.4152972Z dependencies:
2026-10-05T22:10:54.4153469Z + pnpm 12.6.0 (12.9.1 is available)
2026-10-05T22:10:54.4178180Z 
2026-10-05T22:10:54.4178462Z Done in 4.9s
2026-10-05T22:10:54.4807830Z ##[endgroup]
2026-10-05T22:10:54.4808353Z Installation Completed!
2026-10-05T22:10:54.5006586Z ##[group]Run actions/setup-node@v4
2026-10-05T22:10:54.5006893Z with:
2026-10-05T22:10:54.5007098Z   node-version: 24
2026-10-05T22:10:54.5007302Z   cache: pnpm
2026-10-05T22:10:54.5007498Z   always-auth: false
2026-10-05T22:10:54.5007710Z   check-latest: false
2026-10-05T22:10:54.5010490Z   token: ***
2026-10-05T22:10:54.5010706Z env:
2026-10-05T22:10:54.5010955Z   PNPM_HOME: /home/runner/setup-pnpm/node_modules/.bin
2026-10-05T22:10:54.5011284Z ##[endgroup]
2026-10-05T22:10:54.6590157Z (node:2031) [DEP0040] DeprecationWarning: The `punycode` module is deprecated. Please use a userland alternative instead.
2026-10-05T22:10:54.6591086Z (Use `node --trace-deprecation ...` to show where the warning was created)
2026-10-05T22:10:54.6591916Z Found in cache @ /opt/hostedtoolcache/node/24.21.0/x64
2026-10-05T22:10:54.6593887Z ##[group]Environment details
2026-10-05T22:10:55.0890523Z node: v24.21.0
2026-10-05T22:10:55.0891069Z npm: 11.19.0
2026-10-05T22:10:55.0891425Z yarn: 1.22.22
2026-10-05T22:10:55.0892941Z ##[endgroup]
2026-10-05T22:10:55.0919981Z [command]/home/runner/setup-pnpm/node_modules/.bin/pnpm store path --silent
2026-10-05T22:10:55.1119078Z /home/runner/setup-pnpm/node_modules/.bin/store/v11
2026-10-05T22:10:55.3809732Z Cache hit for: node-cache-Linux-x64-pnpm-74c137a93c6bab64d18a84a551de86446c5c27b0da4b313cc0f2acff171f4c51
2026-10-05T22:10:55.3950016Z (node:2031) [DEP0169] DeprecationWarning: `url.parse()` behavior is not standardized and prone to errors that have security implications. Use the WHATWG URL API instead. CVEs are not issued for `url.parse()` vulnerabilities.
2026-10-05T22:10:56.6534744Z Received 12582912 of 179702785 (7.0%), 12.0 MBs/sec
2026-10-05T22:10:57.6793362Z Received 134217728 of 179702785 (74.7%), 63.2 MBs/sec
2026-10-05T22:10:58.1098032Z Received 179702785 of 179702785 (100.0%), 69.8 MBs/sec
2026-10-05T22:10:58.1099665Z Cache Size: ~171 MB (179702785 B)
2026-10-05T22:10:58.1229473Z [command]/usr/bin/tar -xf /home/runner/work/_temp/f0713b94-3ad5-4657-9e12-32a8a81ec8cc/cache.tzst -P -C /home/runner/work/cms/cms --use-compress-program unzstd
2026-10-05T22:11:00.4967112Z Cache restored successfully
2026-10-05T22:11:00.5388181Z Cache restored from key: node-cache-Linux-x64-pnpm-74c137a93c6bab64d18a84a551de86446c5c27b0da4b313cc0f2acff171f4c51
2026-10-05T22:11:00.5573646Z ##[group]Run pnpm install --frozen-lockfile
2026-10-05T22:11:00.5574089Z [36;1mpnpm install --frozen-lockfile[0m
2026-10-05T22:11:00.6015318Z shell: /usr/bin/bash -e {0}
2026-10-05T22:11:00.6015619Z env:
2026-10-05T22:11:00.6015908Z   PNPM_HOME: /home/runner/setup-pnpm/node_modules/.bin
2026-10-05T22:11:00.6016236Z ##[endgroup]
2026-10-05T22:11:00.6656845Z ? Verifying lockfile against supply-chain policies (634 entries)...
2026-10-05T22:11:00.8555783Z Packages are hard linked from the content-addressable store to the virtual store.
2026-10-05T22:11:00.8556511Z   Content-addressable store is at: /home/runner/setup-pnpm/node_modules/.bin/store/v11
2026-10-05T22:11:00.8557055Z   Virtual store is at:             node_modules/.pnpm
2026-10-05T22:11:03.4603616Z ✓ Lockfile passes supply-chain policies (634 entries in 2.8s)
2026-10-05T22:11:03.4604530Z Lockfile is up to date, resolution step is skipped
2026-10-05T22:11:03.4689523Z Packages: +503
2026-10-05T22:11:03.4690452Z ++++++++++++++++++++++++++++++++++++++++++++++++++++++++++++++++++++++++++++++++
2026-10-05T22:11:03.5145164Z Progress: resolved 503, reused 503, downloaded 0, added 503, done
2026-10-05T22:11:03.6116540Z . prepare$ svelte-kit sync
2026-10-05T22:11:04.7849848Z . prepare: Done
2026-10-05T22:11:04.7859222Z 
2026-10-05T22:11:04.7860620Z dependencies:
2026-10-05T22:11:04.7861208Z + @codemirror/autocomplete 6.20.3
2026-10-05T22:11:04.7861758Z + @codemirror/commands 6.10.4
2026-10-05T22:11:04.7862246Z + @codemirror/lang-css 6.3.1
2026-10-05T22:11:04.7862751Z + @codemirror/lang-html 6.4.12
2026-10-05T22:11:04.7863261Z + @codemirror/lang-javascript 6.2.5
2026-10-05T22:11:04.7863763Z + @codemirror/language 6.12.4
2026-10-05T22:11:04.7864210Z + @codemirror/state 6.7.1
2026-10-05T22:11:04.7864626Z + @codemirror/view 6.43.8
2026-10-05T22:11:04.7865033Z + @lezer/highlight 1.2.3
2026-10-05T22:11:04.7865435Z + @oslojs/crypto 1.0.1
2026-10-05T22:11:04.7865827Z + @oslojs/encoding 1.1.0
2026-10-05T22:11:04.7866269Z + @oslojs/webauthn 1.0.0
2026-10-05T22:11:04.7866667Z + @tiptap/core 3.20.0
2026-10-05T22:11:04.7867164Z + @tiptap/extension-bubble-menu 3.20.0
2026-10-05T22:11:04.7867800Z + @tiptap/extension-character-count 3.20.0
2026-10-05T22:11:04.7868383Z + @tiptap/extension-code 3.20.0
2026-10-05T22:11:04.7868951Z + @tiptap/extension-code-block-lowlight 3.20.0
2026-10-05T22:11:04.7869803Z + @tiptap/extension-focus 3.20.0
2026-10-05T22:11:04.7870311Z + @tiptap/extension-link 3.20.0
2026-10-05T22:11:04.7870786Z + @tiptap/extension-list 3.20.0
2026-10-05T22:11:04.7871295Z + @tiptap/extension-placeholder 3.20.0
2026-10-05T22:11:04.7871928Z + @tiptap/extension-subscript 3.20.0
2026-10-05T22:11:04.7872474Z + @tiptap/extension-superscript 3.20.0
2026-10-05T22:11:04.7872998Z + @tiptap/extension-table 3.20.0
2026-10-05T22:11:04.7873516Z + @tiptap/extension-table-cell 3.20.0
2026-10-05T22:11:04.7874062Z + @tiptap/extension-table-header 3.20.0
2026-10-05T22:11:04.7874637Z + @tiptap/extension-table-row 3.20.0
2026-10-05T22:11:04.7875213Z + @tiptap/extension-text-align 3.20.0
2026-10-05T22:11:04.7875788Z + @tiptap/extension-typography 3.20.0
2026-10-05T22:11:04.7876258Z + @tiptap/pm 3.20.0
2026-10-05T22:11:04.7877150Z + @tiptap/starter-kit 3.20.0
2026-10-05T22:11:04.7877630Z + @tiptap/suggestion 3.20.0
2026-10-05T22:11:04.7878279Z + @wordpress/block-serialization-default-parser 5.38.0
2026-10-05T22:11:04.7878876Z + blurhash 2.0.5
2026-10-05T22:11:04.7880195Z + cn 0.2.2
2026-10-05T22:11:04.7880570Z + date-fns 4.1.0
2026-10-05T22:11:04.7880975Z + highlight.js 11.11.2
2026-10-05T22:11:04.7881471Z + image-size 2.0.2
2026-10-05T22:11:04.7881893Z + jpeg-js 0.4.4
2026-10-05T22:11:04.7882285Z + jsonc-parser 3.3.1
2026-10-05T22:11:04.7885489Z + kysely 0.29.2
2026-10-05T22:11:04.7885969Z + lowlight 3.3.0
2026-10-05T22:11:04.7886378Z + mime 4.1.0
2026-10-05T22:11:04.7886767Z + parse5 7.3.0
2026-10-05T22:11:04.7887156Z + smol-toml 1.6.0
2026-10-05T22:11:04.7887531Z + ulidx 2.4.1
2026-10-05T22:11:04.7887898Z + upng-js 2.1.0
2026-10-05T22:11:04.7888373Z + valibot 1.5.0
2026-10-05T22:11:04.7889117Z + zod 4.5.4
2026-10-05T22:11:04.7889604Z 
2026-10-05T22:11:04.7889793Z devDependencies:
2026-10-05T22:11:04.7890270Z + @babel/core 7.29.7
2026-10-05T22:11:04.7890773Z + @cloudflare/kumo 2.6.0
2026-10-05T22:11:04.7891330Z + @cloudflare/workers-types 4.20260507.1
2026-10-05T22:11:04.7891979Z + @lingui/babel-plugin-lingui-macro 5.9.5
2026-10-05T22:11:04.7892557Z + @lingui/conf 5.9.5
2026-10-05T22:11:04.7892986Z + @lingui/core 5.9.5
2026-10-05T22:11:04.7893428Z + @lingui/react 5.9.5
2026-10-05T22:11:04.7893877Z + @playwright/test 1.63.0
2026-10-05T22:11:04.7894472Z + @sveltejs/adapter-auto 7.0.1
2026-10-05T22:11:04.7895078Z + @sveltejs/adapter-cloudflare 7.2.9
2026-10-05T22:11:04.7895893Z + @sveltejs/adapter-node 5.5.7
2026-10-05T22:11:04.7896407Z + @sveltejs/kit 2.70.3
2026-10-05T22:11:04.7896938Z + @sveltejs/vite-plugin-svelte 7.3.1
2026-10-05T22:11:04.7897667Z + @tanstack/react-query 5.90.21
2026-10-05T22:11:04.7898345Z + @tanstack/react-router 1.163.2
2026-10-05T22:11:04.7898975Z + @testing-library/react 16.3.2
2026-10-05T22:11:04.7899960Z + @tiptap/react 3.20.0
2026-10-05T22:11:04.7900394Z + @types/jsdom 30.0.0
2026-10-05T22:11:04.7900813Z + @types/node 24.19.0
2026-10-05T22:11:04.7901245Z + @types/react 19.3.0
2026-10-05T22:11:04.7901513Z + @types/react-dom 19.3.0
2026-10-05T22:11:04.7901822Z + @vitest/browser-playwright 4.1.10
2026-10-05T22:11:04.7902111Z + devalue 5.9.4
2026-10-05T22:11:04.7902536Z + jsdom 30.1.1
2026-10-05T22:11:04.7902789Z + miniflare 4.20260507.1
2026-10-05T22:11:04.7903030Z + pg 8.18.0
2026-10-05T22:11:04.7903234Z + react 19.3.0
2026-10-05T22:11:04.7903450Z + react-dom 19.3.0
2026-10-05T22:11:04.7903685Z + svelte 5.57.1
2026-10-05T22:11:04.7903918Z + svelte-check 4.7.6
2026-10-05T22:11:04.7904161Z + typescript 6.0.3
2026-10-05T22:11:04.7904510Z + vite 8.3.2
2026-10-05T22:11:04.7905261Z + vitest 4.1.10
2026-10-05T22:11:04.7905536Z + vitest-browser-react 2.2.0
2026-10-05T22:11:04.7906659Z + wrangler 4.99.0
2026-10-05T22:11:04.7906882Z 
2026-10-05T22:11:04.7907140Z Done in 4.2s using pnpm v12.6.0
2026-10-05T22:11:04.8290979Z ##[group]Run pnpm exec playwright install --with-deps chromium
2026-10-05T22:11:04.8291484Z [36;1mpnpm exec playwright install --with-deps chromium[0m
2026-10-05T22:11:04.8363803Z shell: /usr/bin/bash -e {0}
2026-10-05T22:11:04.8364061Z env:
2026-10-05T22:11:04.8364333Z   PNPM_HOME: /home/runner/setup-pnpm/node_modules/.bin
2026-10-05T22:11:04.8364671Z ##[endgroup]
2026-10-05T22:11:05.5433111Z Installing dependencies...
2026-10-05T22:11:05.5525196Z Switching to root user to install dependencies...
2026-10-05T22:11:05.6817714Z Get:1 file:/etc/apt/apt-mirrors.txt Mirrorlist [144 B]
2026-10-05T22:11:05.7056806Z Get:6 https://packages.microsoft.com/ubuntu/22.04/prod jammy InRelease [3632 B]
2026-10-05T22:11:05.7193942Z Hit:2 http://azure.archive.ubuntu.com/ubuntu jammy InRelease
2026-10-05T22:11:05.7206563Z Get:3 http://azure.archive.ubuntu.com/ubuntu jammy-updates InRelease [128 kB]
2026-10-05T22:11:05.7231904Z Get:4 http://azure.archive.ubuntu.com/ubuntu jammy-backports InRelease [127 kB]
2026-10-05T22:11:05.7259699Z Get:5 http://azure.archive.ubuntu.com/ubuntu jammy-security InRelease [129 kB]
2026-10-05T22:11:05.7954026Z Get:7 https://packages.microsoft.com/ubuntu/22.04/prod jammy/main amd64 Packages [797 kB]
2026-10-05T22:11:05.8154644Z Get:8 https://packages.microsoft.com/ubuntu/22.04/prod jammy/main arm64 Packages [551 kB]
2026-10-05T22:11:05.9843957Z Get:9 http://azure.archive.ubuntu.com/ubuntu jammy-updates/main amd64 Packages [3907 kB]
2026-10-05T22:11:06.0103590Z Get:10 http://azure.archive.ubuntu.com/ubuntu jammy-updates/main Translation-en [576 kB]
2026-10-05T22:11:06.0109518Z Get:11 http://azure.archive.ubuntu.com/ubuntu jammy-updates/restricted amd64 Packages [6714 kB]
2026-10-05T22:11:06.0441789Z Get:12 http://azure.archive.ubuntu.com/ubuntu jammy-updates/restricted Translation-en [1290 kB]
2026-10-05T22:11:06.0539898Z Get:13 http://azure.archive.ubuntu.com/ubuntu jammy-updates/universe amd64 Packages [1285 kB]
2026-10-05T22:11:06.0680672Z Get:14 http://azure.archive.ubuntu.com/ubuntu jammy-updates/universe Translation-en [325 kB]
2026-10-05T22:11:06.1705766Z Get:15 http://azure.archive.ubuntu.com/ubuntu jammy-security/main amd64 Packages [3631 kB]
2026-10-05T22:11:06.1871075Z Get:16 http://azure.archive.ubuntu.com/ubuntu jammy-security/main Translation-en [508 kB]
2026-10-05T22:11:06.1895967Z Get:17 http://azure.archive.ubuntu.com/ubuntu jammy-security/restricted amd64 Packages [6465 kB]
2026-10-05T22:11:06.2174905Z Get:18 http://azure.archive.ubuntu.com/ubuntu jammy-security/restricted Translation-en [1244 kB]
2026-10-05T22:11:06.2730599Z Get:19 http://azure.archive.ubuntu.com/ubuntu jammy-security/universe amd64 Packages [1052 kB]
2026-10-05T22:11:06.2781803Z Get:20 http://azure.archive.ubuntu.com/ubuntu jammy-security/universe Translation-en [237 kB]
2026-10-05T22:11:12.3447443Z Fetched 29.0 MB in 3s (8736 kB/s)
2026-10-05T22:11:13.7592691Z Reading package lists...
2026-10-05T22:11:13.8243097Z Reading package lists...
2026-10-05T22:11:14.1173536Z Building dependency tree...
2026-10-05T22:11:14.1186306Z Reading state information...
2026-10-05T22:11:14.3334972Z fonts-liberation is already the newest version (1:1.07.4-11).
2026-10-05T22:11:14.3335897Z fonts-liberation set to manually installed.
2026-10-05T22:11:14.3337041Z libatk-bridge2.0-0 is already the newest version (2.38.0-3).
2026-10-05T22:11:14.3338175Z libatk-bridge2.0-0 set to manually installed.
2026-10-05T22:11:14.3339110Z libatk1.0-0 is already the newest version (2.36.0-3build1).
2026-10-05T22:11:14.3340036Z libatk1.0-0 set to manually installed.
2026-10-05T22:11:14.3340754Z libatspi2.0-0 is already the newest version (2.44.0-3).
2026-10-05T22:11:14.3341436Z libatspi2.0-0 set to manually installed.
2026-10-05T22:11:14.3342137Z libfontconfig1 is already the newest version (2.13.1-4.2ubuntu5).
2026-10-05T22:11:14.3342711Z libfontconfig1 set to manually installed.
2026-10-05T22:11:14.3343121Z libxcb1 is already the newest version (1.14-3ubuntu3).
2026-10-05T22:11:14.3343495Z libxcb1 set to manually installed.
2026-10-05T22:11:14.3344354Z libxcomposite1 is already the newest version (1:0.4.5-1build2).
2026-10-05T22:11:14.3344813Z libxcomposite1 set to manually installed.
2026-10-05T22:11:14.3345245Z libxdamage1 is already the newest version (1:1.1.5-2build2).
2026-10-05T22:11:14.3345642Z libxdamage1 set to manually installed.
2026-10-05T22:11:14.3346282Z libxext6 is already the newest version (2:1.3.4-1build1).
2026-10-05T22:11:14.3346746Z libxext6 set to manually installed.
2026-10-05T22:11:14.3347117Z libxfixes3 is already the newest version (1:6.0.0-1).
2026-10-05T22:11:14.3347495Z libxfixes3 set to manually installed.
2026-10-05T22:11:14.3347876Z libxkbcommon0 is already the newest version (1.4.0-1).
2026-10-05T22:11:14.3348255Z libxkbcommon0 set to manually installed.
2026-10-05T22:11:14.3348662Z libxrandr2 is already the newest version (2:1.5.2-1build1).
2026-10-05T22:11:14.3349049Z libxrandr2 set to manually installed.
2026-10-05T22:11:14.3349984Z fonts-noto-color-emoji is already the newest version (2.047-0ubuntu0.22.04.1).
2026-10-05T22:11:14.3350558Z libasound2 is already the newest version (1.2.6.1-1ubuntu1.2).
2026-10-05T22:11:14.3351224Z libasound2 set to manually installed.
2026-10-05T22:11:14.3351636Z libcairo2 is already the newest version (1.16.0-5ubuntu2.1).
2026-10-05T22:11:14.3352026Z libcairo2 set to manually installed.
2026-10-05T22:11:14.3352440Z libcups2 is already the newest version (2.4.1op1-1ubuntu4.21).
2026-10-05T22:11:14.3352831Z libcups2 set to manually installed.
2026-10-05T22:11:14.3353244Z libdbus-1-3 is already the newest version (1.12.20-2ubuntu4.1).
2026-10-05T22:11:14.3353778Z libdbus-1-3 set to manually installed.
2026-10-05T22:11:14.3354243Z libdrm2 is already the newest version (2.4.113-2~ubuntu0.22.04.1).
2026-10-05T22:11:14.3354651Z libdrm2 set to manually installed.
2026-10-05T22:11:14.3355089Z libfreetype6 is already the newest version (2.11.1+dfsg-1ubuntu0.3).
2026-10-05T22:11:14.3355521Z libfreetype6 set to manually installed.
2026-10-05T22:11:14.3355958Z libgbm1 is already the newest version (23.2.1-1ubuntu3.1~22.04.4).
2026-10-05T22:11:14.3356369Z libgbm1 set to manually installed.
2026-10-05T22:11:14.3356780Z libglib2.0-0 is already the newest version (2.72.4-0ubuntu2.10).
2026-10-05T22:11:14.3357182Z libglib2.0-0 set to manually installed.
2026-10-05T22:11:14.3357619Z libnspr4 is already the newest version (2:4.35-0ubuntu0.22.04.1).
2026-10-05T22:11:14.3358101Z libnss3 is already the newest version (2:3.98-0ubuntu0.22.04.4).
2026-10-05T22:11:14.3358585Z libpango-1.0-0 is already the newest version (1.50.6+ds-2ubuntu1).
2026-10-05T22:11:14.3359006Z libpango-1.0-0 set to manually installed.
2026-10-05T22:11:14.3359945Z libwayland-client0 is already the newest version (1.20.0-1ubuntu0.1).
2026-10-05T22:11:14.3360460Z libwayland-client0 set to manually installed.
2026-10-05T22:11:14.3360902Z libx11-6 is already the newest version (2:1.7.5-1ubuntu0.3).
2026-10-05T22:11:14.3361301Z libx11-6 set to manually installed.
2026-10-05T22:11:14.3361729Z xvfb is already the newest version (2:21.1.4-2ubuntu1.7~22.04.16).
2026-10-05T22:11:14.3362200Z The following additional packages will be installed:
2026-10-05T22:11:14.3362588Z   xfonts-encodings xfonts-utils
2026-10-05T22:11:14.3362874Z Recommended packages:
2026-10-05T22:11:14.3363157Z   fonts-ipafont-mincho fonts-tlwg-loma
2026-10-05T22:11:14.3607613Z The following NEW packages will be installed:
2026-10-05T22:11:14.3608422Z   fonts-freefont-ttf fonts-ipafont-gothic fonts-tlwg-loma-otf fonts-unifont
2026-10-05T22:11:14.3618213Z   fonts-wqy-zenhei xfonts-cyrillic xfonts-encodings xfonts-scalable
2026-10-05T22:11:14.3619048Z   xfonts-utils
2026-10-05T22:11:14.3818966Z 0 upgraded, 9 newly installed, 0 to remove and 20 not upgraded.
2026-10-05T22:11:14.3820653Z Need to get 18.4 MB of archives.
2026-10-05T22:11:14.3821108Z After this operation, 56.8 MB of additional disk space will be used.
2026-10-05T22:11:14.3821634Z Get:1 file:/etc/apt/apt-mirrors.txt Mirrorlist [144 B]
2026-10-05T22:11:14.5453443Z Get:2 http://azure.archive.ubuntu.com/ubuntu jammy/universe amd64 fonts-ipafont-gothic all 00303-21ubuntu1 [3513 kB]
2026-10-05T22:11:15.2177168Z Get:3 http://azure.archive.ubuntu.com/ubuntu jammy/main amd64 fonts-freefont-ttf all 20120503-10build1 [2388 kB]
2026-10-05T22:11:15.3154108Z Get:4 http://azure.archive.ubuntu.com/ubuntu jammy/universe amd64 fonts-tlwg-loma-otf all 1:0.7.3-1 [107 kB]
2026-10-05T22:11:15.3884154Z Get:5 http://azure.archive.ubuntu.com/ubuntu jammy/universe amd64 fonts-unifont all 1:14.0.01-1 [3551 kB]
2026-10-05T22:11:15.5368575Z Get:6 http://azure.archive.ubuntu.com/ubuntu jammy/universe amd64 fonts-wqy-zenhei all 0.9.45-8 [7472 kB]
2026-10-05T22:11:15.7693410Z Get:7 http://azure.archive.ubuntu.com/ubuntu jammy/main amd64 xfonts-encodings all 1:1.0.5-0ubuntu2 [578 kB]
2026-10-05T22:11:15.8450745Z Get:8 http://azure.archive.ubuntu.com/ubuntu jammy/main amd64 xfonts-utils amd64 1:7.7+6build2 [94.6 kB]
2026-10-05T22:11:15.9193924Z Get:9 http://azure.archive.ubuntu.com/ubuntu jammy/universe amd64 xfonts-cyrillic all 1:1.0.5 [386 kB]
2026-10-05T22:11:16.0381963Z Get:10 http://azure.archive.ubuntu.com/ubuntu jammy/main amd64 xfonts-scalable all 1:1.0.3-1.2ubuntu1 [306 kB]
2026-10-05T22:11:16.3885945Z Fetched 18.4 MB in 2s (11.0 MB/s)
2026-10-05T22:11:16.4194188Z Selecting previously unselected package fonts-ipafont-gothic.
2026-10-05T22:11:16.4601500Z (Reading database ... 
2026-10-05T22:11:16.4602285Z (Reading database ... 5%
2026-10-05T22:11:16.4602855Z (Reading database ... 10%
2026-10-05T22:11:16.4603372Z (Reading database ... 15%
2026-10-05T22:11:16.4603841Z (Reading database ... 20%
2026-10-05T22:11:16.4604458Z (Reading database ... 25%
2026-10-05T22:11:16.4605034Z (Reading database ... 30%
2026-10-05T22:11:16.4605609Z (Reading database ... 35%
2026-10-05T22:11:16.4606130Z (Reading database ... 40%
2026-10-05T22:11:16.4606495Z (Reading database ... 45%
2026-10-05T22:11:16.4606854Z (Reading database ... 50%
2026-10-05T22:11:16.5277538Z (Reading database ... 55%
2026-10-05T22:11:16.7331940Z (Reading database ... 60%
2026-10-05T22:11:16.9733544Z (Reading database ... 65%
2026-10-05T22:11:17.1908484Z (Reading database ... 70%
2026-10-05T22:11:17.3262414Z (Reading database ... 75%
2026-10-05T22:11:17.5323169Z (Reading database ... 80%
2026-10-05T22:11:17.7438557Z (Reading database ... 85%
2026-10-05T22:11:17.9730712Z (Reading database ... 90%
2026-10-05T22:11:18.1741982Z (Reading database ... 95%
2026-10-05T22:11:18.1742547Z (Reading database ... 100%
2026-10-05T22:11:18.1743382Z (Reading database ... 260411 files and directories currently installed.)
2026-10-05T22:11:18.1803176Z Preparing to unpack .../0-fonts-ipafont-gothic_00303-21ubuntu1_all.deb ...
2026-10-05T22:11:18.1908113Z Unpacking fonts-ipafont-gothic (00303-21ubuntu1) ...
2026-10-05T22:11:18.4492616Z Selecting previously unselected package fonts-freefont-ttf.
2026-10-05T22:11:18.4708170Z Preparing to unpack .../1-fonts-freefont-ttf_20120503-10build1_all.deb ...
2026-10-05T22:11:18.4716686Z Unpacking fonts-freefont-ttf (20120503-10build1) ...
2026-10-05T22:11:18.6663657Z Selecting previously unselected package fonts-tlwg-loma-otf.
2026-10-05T22:11:18.6877997Z Preparing to unpack .../2-fonts-tlwg-loma-otf_1%3a0.7.3-1_all.deb ...
2026-10-05T22:11:18.6886014Z Unpacking fonts-tlwg-loma-otf (1:0.7.3-1) ...
2026-10-05T22:11:18.7136277Z Selecting previously unselected package fonts-unifont.
2026-10-05T22:11:18.7345206Z Preparing to unpack .../3-fonts-unifont_1%3a14.0.01-1_all.deb ...
2026-10-05T22:11:18.7352059Z Unpacking fonts-unifont (1:14.0.01-1) ...
2026-10-05T22:11:18.8201154Z Selecting previously unselected package fonts-wqy-zenhei.
2026-10-05T22:11:18.8409408Z Preparing to unpack .../4-fonts-wqy-zenhei_0.9.45-8_all.deb ...
2026-10-05T22:11:18.8531642Z Unpacking fonts-wqy-zenhei (0.9.45-8) ...
2026-10-05T22:11:19.3660601Z Selecting previously unselected package xfonts-encodings.
2026-10-05T22:11:19.3874034Z Preparing to unpack .../5-xfonts-encodings_1%3a1.0.5-0ubuntu2_all.deb ...
2026-10-05T22:11:19.3880690Z Unpacking xfonts-encodings (1:1.0.5-0ubuntu2) ...
2026-10-05T22:11:19.4220610Z Selecting previously unselected package xfonts-utils.
2026-10-05T22:11:19.4431431Z Preparing to unpack .../6-xfonts-utils_1%3a7.7+6build2_amd64.deb ...
2026-10-05T22:11:19.4439789Z Unpacking xfonts-utils (1:7.7+6build2) ...
2026-10-05T22:11:19.4895695Z Selecting previously unselected package xfonts-cyrillic.
2026-10-05T22:11:19.5105747Z Preparing to unpack .../7-xfonts-cyrillic_1%3a1.0.5_all.deb ...
2026-10-05T22:11:19.5118189Z Unpacking xfonts-cyrillic (1:1.0.5) ...
2026-10-05T22:11:19.5608257Z Selecting previously unselected package xfonts-scalable.
2026-10-05T22:11:19.5818832Z Preparing to unpack .../8-xfonts-scalable_1%3a1.0.3-1.2ubuntu1_all.deb ...
2026-10-05T22:11:19.5826314Z Unpacking xfonts-scalable (1:1.0.3-1.2ubuntu1) ...
2026-10-05T22:11:19.6387208Z Setting up fonts-wqy-zenhei (0.9.45-8) ...
2026-10-05T22:11:19.6511043Z Setting up fonts-freefont-ttf (20120503-10build1) ...
2026-10-05T22:11:19.6529748Z Setting up fonts-tlwg-loma-otf (1:0.7.3-1) ...
2026-10-05T22:11:19.6549057Z Setting up xfonts-encodings (1:1.0.5-0ubuntu2) ...
2026-10-05T22:11:19.6568422Z Setting up fonts-ipafont-gothic (00303-21ubuntu1) ...
2026-10-05T22:11:19.6652095Z update-alternatives: using /usr/share/fonts/opentype/ipafont-gothic/ipag.ttf to provide /usr/share/fonts/truetype/fonts-japanese-gothic.ttf (fonts-japanese-gothic.ttf) in auto mode
2026-10-05T22:11:19.6674055Z Setting up fonts-unifont (1:14.0.01-1) ...
2026-10-05T22:11:19.6691983Z Setting up xfonts-utils (1:7.7+6build2) ...
2026-10-05T22:11:19.6735355Z Setting up xfonts-cyrillic (1:1.0.5) ...
2026-10-05T22:11:19.7273586Z Setting up xfonts-scalable (1:1.0.3-1.2ubuntu1) ...
2026-10-05T22:11:19.7673627Z Processing triggers for man-db (2.10.2-1) ...
2026-10-05T22:11:19.7696474Z Not building database; man-db/auto-update is not 'true'.
2026-10-05T22:11:19.7708898Z Processing triggers for fontconfig (2.13.1-4.2ubuntu5) ...
2026-10-05T22:11:20.5081366Z 
2026-10-05T22:11:20.5082095Z Running kernel seems to be up-to-date.
2026-10-05T22:11:20.5082527Z 
2026-10-05T22:11:20.5082821Z No services need to be restarted.
2026-10-05T22:11:20.5083126Z 
2026-10-05T22:11:20.5083377Z No containers need to be restarted.
2026-10-05T22:11:20.5083705Z 
2026-10-05T22:11:20.5084025Z No user sessions are running outdated binaries.
2026-10-05T22:11:20.5084414Z 
2026-10-05T22:11:20.5084929Z No VM guests are running outdated hypervisor (qemu) binaries on this host.
2026-10-05T22:11:22.1012266Z Downloading Chrome for Testing 153.0.8010.12 (playwright chromium v1243) from https://cdn.playwright.dev/builds/cft/153.0.8010.12/linux64/chrome-linux64.zip
2026-10-05T22:11:22.5850008Z |                                                                                |   0% of 186.8 MiB
2026-10-05T22:11:22.7572085Z |■■■■■■■■                                                                        |  10% of 186.8 MiB
2026-10-05T22:11:22.8775393Z |■■■■■■■■■■■■■■■■                                                                |  20% of 186.8 MiB
2026-10-05T22:11:22.9863386Z |■■■■■■■■■■■■■■■■■■■■■■■■                                                        |  30% of 186.8 MiB
2026-10-05T22:11:23.0961608Z |■■■■■■■■■■■■■■■■■■■■■■■■■■■■■■■■                                                |  40% of 186.8 MiB
2026-10-05T22:11:23.1986707Z |■■■■■■■■■■■■■■■■■■■■■■■■■■■■■■■■■■■■■■■■                                        |  50% of 186.8 MiB
2026-10-05T22:11:23.3085688Z |■■■■■■■■■■■■■■■■■■■■■■■■■■■■■■■■■■■■■■■■■■■■■■■■                                |  60% of 186.8 MiB
2026-10-05T22:11:23.4080947Z |■■■■■■■■■■■■■■■■■■■■■■■■■■■■■■■■■■■■■■■■■■■■■■■■■■■■■■■■                        |  70% of 186.8 MiB
2026-10-05T22:11:23.5321493Z |■■■■■■■■■■■■■■■■■■■■■■■■■■■■■■■■■■■■■■■■■■■■■■■■■■■■■■■■■■■■■■■■                |  80% of 186.8 MiB
2026-10-05T22:11:23.6268004Z |■■■■■■■■■■■■■■■■■■■■■■■■■■■■■■■■■■■■■■■■■■■■■■■■■■■■■■■■■■■■■■■■■■■■■■■■        |  90% of 186.8 MiB
2026-10-05T22:11:23.7352432Z |■■■■■■■■■■■■■■■■■■■■■■■■■■■■■■■■■■■■■■■■■■■■■■■■■■■■■■■■■■■■■■■■■■■■■■■■■■■■■■■■| 100% of 186.8 MiB
2026-10-05T22:11:26.7825594Z Chrome for Testing 153.0.8010.12 (playwright chromium v1243) downloaded to /home/runner/.cache/ms-playwright/chromium-1243
2026-10-05T22:11:26.7830181Z Downloading FFmpeg (playwright ffmpeg v1011) from https://cdn.playwright.dev/dbazure/download/playwright/builds/ffmpeg/1011/ffmpeg-linux.zip
2026-10-05T22:11:27.1528858Z |                                                                                |   0% of 2.3 MiB
2026-10-05T22:11:27.1565963Z |■■■■■■■■                                                                        |  10% of 2.3 MiB
2026-10-05T22:11:27.1585157Z |■■■■■■■■■■■■■■■■                                                                |  20% of 2.3 MiB
2026-10-05T22:11:27.1599711Z |■■■■■■■■■■■■■■■■■■■■■■■■                                                        |  30% of 2.3 MiB
2026-10-05T22:11:27.1616965Z |■■■■■■■■■■■■■■■■■■■■■■■■■■■■■■■■                                                |  40% of 2.3 MiB
2026-10-05T22:11:27.1630052Z |■■■■■■■■■■■■■■■■■■■■■■■■■■■■■■■■■■■■■■■■                                        |  50% of 2.3 MiB
2026-10-05T22:11:27.1645405Z |■■■■■■■■■■■■■■■■■■■■■■■■■■■■■■■■■■■■■■■■■■■■■■■■                                |  60% of 2.3 MiB
2026-10-05T22:11:27.1658418Z |■■■■■■■■■■■■■■■■■■■■■■■■■■■■■■■■■■■■■■■■■■■■■■■■■■■■■■■■                        |  70% of 2.3 MiB
2026-10-05T22:11:27.1676935Z |■■■■■■■■■■■■■■■■■■■■■■■■■■■■■■■■■■■■■■■■■■■■■■■■■■■■■■■■■■■■■■■■                |  80% of 2.3 MiB
2026-10-05T22:11:27.1706048Z |■■■■■■■■■■■■■■■■■■■■■■■■■■■■■■■■■■■■■■■■■■■■■■■■■■■■■■■■■■■■■■■■■■■■■■■■        |  90% of 2.3 MiB
2026-10-05T22:11:27.1716372Z |■■■■■■■■■■■■■■■■■■■■■■■■■■■■■■■■■■■■■■■■■■■■■■■■■■■■■■■■■■■■■■■■■■■■■■■■■■■■■■■■| 100% of 2.3 MiB
2026-10-05T22:11:27.2334661Z FFmpeg (playwright ffmpeg v1011) downloaded to /home/runner/.cache/ms-playwright/ffmpeg-1011
2026-10-05T22:11:27.2337822Z Downloading Chrome Headless Shell 153.0.8010.12 (playwright chromium-headless-shell v1243) from https://cdn.playwright.dev/builds/cft/153.0.8010.12/linux64/chrome-headless-shell-linux64.zip
2026-10-05T22:11:27.6934074Z |                                                                                |   0% of 114.3 MiB
2026-10-05T22:11:27.8171768Z |■■■■■■■■                                                                        |  10% of 114.3 MiB
2026-10-05T22:11:27.9136729Z |■■■■■■■■■■■■■■■■                                                                |  20% of 114.3 MiB
2026-10-05T22:11:28.0167124Z |■■■■■■■■■■■■■■■■■■■■■■■■                                                        |  30% of 114.3 MiB
2026-10-05T22:11:28.1031998Z |■■■■■■■■■■■■■■■■■■■■■■■■■■■■■■■■                                                |  40% of 114.3 MiB
2026-10-05T22:11:28.2050595Z |■■■■■■■■■■■■■■■■■■■■■■■■■■■■■■■■■■■■■■■■                                        |  50% of 114.3 MiB
2026-10-05T22:11:28.2805481Z |■■■■■■■■■■■■■■■■■■■■■■■■■■■■■■■■■■■■■■■■■■■■■■■■                                |  60% of 114.3 MiB
2026-10-05T22:11:28.3784718Z |■■■■■■■■■■■■■■■■■■■■■■■■■■■■■■■■■■■■■■■■■■■■■■■■■■■■■■■■                        |  70% of 114.3 MiB
2026-10-05T22:11:28.4533826Z |■■■■■■■■■■■■■■■■■■■■■■■■■■■■■■■■■■■■■■■■■■■■■■■■■■■■■■■■■■■■■■■■                |  80% of 114.3 MiB
2026-10-05T22:11:28.5485319Z |■■■■■■■■■■■■■■■■■■■■■■■■■■■■■■■■■■■■■■■■■■■■■■■■■■■■■■■■■■■■■■■■■■■■■■■■        |  90% of 114.3 MiB
2026-10-05T22:11:28.6295888Z |■■■■■■■■■■■■■■■■■■■■■■■■■■■■■■■■■■■■■■■■■■■■■■■■■■■■■■■■■■■■■■■■■■■■■■■■■■■■■■■■| 100% of 114.3 MiB
2026-10-05T22:11:30.9220472Z Chrome Headless Shell 153.0.8010.12 (playwright chromium-headless-shell v1243) downloaded to /home/runner/.cache/ms-playwright/chromium_headless_shell-1243
2026-10-05T22:11:30.9516144Z ##[group]Run node scripts/check-rich-editor-source.mjs
2026-10-05T22:11:30.9516889Z [36;1mnode scripts/check-rich-editor-source.mjs[0m
2026-10-05T22:11:30.9618852Z shell: /usr/bin/bash -e {0}
2026-10-05T22:11:30.9619455Z env:
2026-10-05T22:11:30.9619795Z   PNPM_HOME: /home/runner/setup-pnpm/node_modules/.bin
2026-10-05T22:11:30.9620160Z ##[endgroup]
2026-10-05T22:11:31.0236189Z Rich editor Source guard: 34 whole families and 148 exact immutable files retained. Execution credit is recorded separately.
2026-10-05T22:11:31.0325851Z ##[group]Run timeout --kill-after=30s 600s node node_modules/vitest/vitest.mjs run --config vitest.rich-editor-browser.config.ts --reporter=default --reporter=json --outputFile=rich-editor-browser-report.json
2026-10-05T22:11:31.0327410Z [36;1mtimeout --kill-after=30s 600s node node_modules/vitest/vitest.mjs run --config vitest.rich-editor-browser.config.ts --reporter=default --reporter=json --outputFile=rich-editor-browser-report.json[0m
2026-10-05T22:11:31.0400756Z shell: /usr/bin/bash -e {0}
2026-10-05T22:11:31.0401013Z env:
2026-10-05T22:11:31.0401274Z   PNPM_HOME: /home/runner/setup-pnpm/node_modules/.bin
2026-10-05T22:11:31.0401600Z   DEBUG: pw:browser
2026-10-05T22:11:31.0401823Z ##[endgroup]
2026-10-05T22:11:32.4300555Z 
2026-10-05T22:11:32.4304373Z [1m[30m[46m RUN [49m[39m[22m [36mv4.1.10 [39m[90m/home/runner/work/cms/cms[39m
2026-10-05T22:11:32.4304766Z 
2026-10-05T22:11:33.8905449Z 2026-10-05T22:11:33.888Z pw:browser <launching> /home/runner/.cache/ms-playwright/chromium_headless_shell-1243/chrome-headless-shell-linux64/chrome-headless-shell --disable-field-trial-config --disable-background-networking --disable-background-timer-throttling --disable-backgrounding-occluded-windows --disable-back-forward-cache --disable-breakpad --disable-client-side-phishing-detection --disable-component-extensions-with-background-pages --disable-component-update --no-default-browser-check --disable-default-apps --disable-dev-shm-usage --disable-edgeupdater --disable-extensions --disable-features=AvoidUnnecessaryBeforeUnloadCheckSync,DestroyProfileOnBrowserClose,DialMediaRouteProvider,GlobalMediaControls,HttpsUpgrades,LensOverlay,MediaRouter,PaintHolding,ThirdPartyStoragePartitioning,BlockOriginHeaderModificationOnRedirect,Translate,AutoDeElevate,OptimizationHints,msForceBrowserSignIn,msEdgeUpdateLaunchServicesPreferredVersion --enable-features=CDPScreenshotNewSurface --allow-pre-commit-input --disable-hang-monitor --disable-ipc-flooding-protection --disable-popup-blocking --disable-prompt-on-repost --disable-renderer-backgrounding --disable-updater-scheduler --force-color-profile=srgb --metrics-recording-only --no-first-run --password-store=basic --use-mock-keychain --no-service-autorun --export-tagged-pdf --disable-search-engine-choice-screen --unsafely-disable-devtools-self-xss-warnings --edge-skip-compat-layer-relaunch --disable-infobars --disable-search-engine-choice-screen --disable-sync --enable-unsafe-swiftshader --headless --hide-scrollbars --mute-audio --blink-settings=primaryHoverType=2,availableHoverTypes=2,primaryPointerType=4,availablePointerTypes=4 --user-data-dir=/tmp/playwright_chromiumdev_profile-fNLhke --remote-debugging-pipe --no-startup-window
2026-10-05T22:11:33.8958601Z 2026-10-05T22:11:33.895Z pw:browser <launched> pid=2953
2026-10-05T22:11:34.1504826Z 2026-10-05T22:11:34.149Z pw:browser [pid=2953][err] [1005/221134.148952:ERROR:dbus/bus.cc:405] Failed to connect to the bus: Could not parse server address: Unknown address type (examples of valid types are "tcp" and on UNIX "unix")
2026-10-05T22:11:34.1568788Z 2026-10-05T22:11:34.156Z pw:browser [pid=2953][err] Unable to revert mtime: /usr/share/fonts
2026-10-05T22:11:34.1577941Z 2026-10-05T22:11:34.157Z pw:browser [pid=2953][err] Unable to revert mtime: /usr/share/fonts/truetype
2026-10-05T22:11:34.1825425Z 2026-10-05T22:11:34.181Z pw:browser [pid=2953][err] [1005/221134.180494:WARNING:media/gpu/vaapi/vaapi_wrapper.cc:1660] drmGetDevices2() has not found any devices
2026-10-05T22:11:34.1835275Z 2026-10-05T22:11:34.182Z pw:browser [pid=2953][err] [1005/221134.182306:WARNING:sandbox/policy/linux/sandbox_linux.cc:405] InitializeSandbox() called with multiple threads in process gpu-process.
2026-10-05T22:11:34.1837651Z 2026-10-05T22:11:34.183Z pw:browser [pid=2953][err] Unable to revert mtime: /usr/share/fonts/truetype/dejavu
2026-10-05T22:11:34.4286606Z 2026-10-05T22:11:34.428Z pw:browser [pid=2953][err] Unable to revert mtime: /usr/share/fonts/truetype/lato
2026-10-05T22:11:34.7032422Z 2026-10-05T22:11:34.702Z pw:browser [pid=2953][err] Unable to revert mtime: /usr/share/fonts/truetype/liberation
2026-10-05T22:11:34.7388987Z 2026-10-05T22:11:34.738Z pw:browser [pid=2953][err] Unable to revert mtime: /usr/share/fonts/truetype/noto
2026-10-05T22:11:34.9958621Z 2026-10-05T22:11:34.995Z pw:browser [pid=2953][err] [1005/221134.994744:ERROR:dbus/object_proxy.cc:572] Failed to call method: org.freedesktop.DBus.NameHasOwner: object_path= /org/freedesktop/DBus: unknown error type: 
2026-10-05T22:11:34.9962505Z 2026-10-05T22:11:34.995Z pw:browser [pid=2953][err] [1005/221134.994826:ERROR:dbus/bus.cc:405] Failed to connect to the bus: Could not parse server address: Unknown address type (examples of valid types are "tcp" and on UNIX "unix")
2026-10-05T22:11:34.9993679Z 2026-10-05T22:11:34.998Z pw:browser [pid=2953][err] [1005/221134.998609:ERROR:dbus/object_proxy.cc:572] Failed to call method: org.freedesktop.DBus.NameHasOwner: object_path= /org/freedesktop/DBus: unknown error type: 
2026-10-05T22:11:35.3219120Z 2026-10-05T22:11:35.321Z pw:browser [pid=2953][err] [1005/221135.321508:INFO:CONSOLE:934] "[vite] connecting...", source: http://localhost:63315/@vite/client (934)
2026-10-05T22:11:35.3289786Z 2026-10-05T22:11:35.328Z pw:browser [pid=2953][err] [1005/221135.328309:INFO:CONSOLE:1045] "[vite] connected.", source: http://localhost:63315/@vite/client (1045)
2026-10-05T22:11:35.3657875Z 2026-10-05T22:11:35.365Z pw:browser [pid=2953][err] [1005/221135.364945:INFO:CONSOLE:934] "[vite] connecting...", source: http://localhost:63315/@vite/client (934)
2026-10-05T22:11:35.3710212Z 2026-10-05T22:11:35.370Z pw:browser [pid=2953][err] [1005/221135.369626:INFO:CONSOLE:1045] "[vite] connected.", source: http://localhost:63315/@vite/client (1045)
2026-10-05T22:11:40.2116606Z  [32m✓[39m [30m[43m chromium [49m[39m parity/emdash/rich-editor-source/packages/admin/tests/editor/PortableTextEditor.test.tsx [2m([22m[2m91 tests[22m[2m)[22m[33m 3385[2mms[22m[39m
2026-10-05T22:11:40.2513730Z 2026-10-05T22:11:40.250Z pw:browser [pid=2953][err] [1005/221140.250820:INFO:CONSOLE:934] "[vite] connecting...", source: http://localhost:63315/@vite/client (934)
2026-10-05T22:11:40.2735600Z 2026-10-05T22:11:40.273Z pw:browser [pid=2953][err] [1005/221140.273077:INFO:CONSOLE:1045] "[vite] connected.", source: http://localhost:63315/@vite/client (1045)
2026-10-05T22:11:44.7157297Z  [32m✓[39m [30m[43m chromium [49m[39m parity/emdash/rich-editor-source/packages/admin/tests/editor/slash-menu.test.tsx [2m([22m[2m44 tests[22m[2m)[22m[33m 4089[2mms[22m[39m
2026-10-05T22:11:44.7601629Z 2026-10-05T22:11:44.756Z pw:browser [pid=2953][err] [1005/221144.755452:INFO:CONSOLE:934] "[vite] connecting...", source: http://localhost:63315/@vite/client (934)
2026-10-05T22:11:44.7627400Z 2026-10-05T22:11:44.761Z pw:browser [pid=2953][err] [1005/221144.761667:INFO:CONSOLE:1045] "[vite] connected.", source: http://localhost:63315/@vite/client (1045)
2026-10-05T22:11:46.2107156Z  [32m✓[39m [30m[43m chromium [49m[39m parity/emdash/rich-editor-source/packages/admin/tests/editor/table-controls.test.tsx [2m([22m[2m60 tests[22m[2m)[22m[33m 1152[2mms[22m[39m
2026-10-05T22:11:46.2602146Z 2026-10-05T22:11:46.259Z pw:browser [pid=2953][err] [1005/221146.247269:INFO:CONSOLE:934] "[vite] connecting...", source: http://localhost:63315/@vite/client (934)
2026-10-05T22:11:46.2676862Z 2026-10-05T22:11:46.267Z pw:browser [pid=2953][err] [1005/221146.267352:INFO:CONSOLE:1045] "[vite] connected.", source: http://localhost:63315/@vite/client (1045)
2026-10-05T22:11:49.8609595Z 2026-10-05T22:11:49.860Z pw:browser [pid=2953][err] [1005/221149.860110:ERROR:net/socket/ssl_client_socket_impl.cc:949] handshake failed; returned -1, SSL error code 1, net_error -107
2026-10-05T22:11:49.8613445Z 2026-10-05T22:11:49.861Z pw:browser [pid=2953][err] [1005/221149.860975:ERROR:net/socket/ssl_client_socket_impl.cc:949] handshake failed; returned -1, SSL error code 1, net_error -107
2026-10-05T22:11:50.4106880Z  [32m✓[39m [30m[43m chromium [49m[39m parity/emdash/rich-editor-source/packages/admin/tests/editor/iframe-block-editor.test.tsx [2m([22m[2m11 tests[22m[2m)[22m[33m 3783[2mms[22m[39m
2026-10-05T22:11:50.4109609Z      [33m[2m✓[22m[39m inserts a block from /iframe with its Code tab focused [33m 706[2mms[22m[39m
2026-10-05T22:11:50.4111129Z      [33m[2m✓[22m[39m turns a pasted YouTube link into the player and shows it in Preview [33m 517[2mms[22m[39m
2026-10-05T22:11:50.4112610Z      [33m[2m✓[22m[39m saves a link that waited while the editor was read-only [33m 607[2mms[22m[39m
2026-10-05T22:11:50.4114140Z      [33m[2m✓[22m[39m keeps showing a link that waits for the editor when the code editor loses focus [33m 684[2mms[22m[39m
2026-10-05T22:11:50.4115752Z      [33m[2m✓[22m[39m shows why input is rejected and keeps the saved embed [33m 454[2mms[22m[39m
2026-10-05T22:11:50.4117202Z      [33m[2m✓[22m[39m clears the embed when the code is deleted [33m 384[2mms[22m[39m
2026-10-05T22:11:50.4441462Z 2026-10-05T22:11:50.442Z pw:browser [pid=2953][err] [1005/221150.442375:INFO:CONSOLE:934] "[vite] connecting...", source: http://localhost:63315/@vite/client (934)
2026-10-05T22:11:50.4571628Z 2026-10-05T22:11:50.456Z pw:browser [pid=2953][err] [1005/221150.455285:INFO:CONSOLE:1045] "[vite] connected.", source: http://localhost:63315/@vite/client (1045)
2026-10-05T22:11:52.5582342Z  [32m✓[39m [30m[43m chromium [49m[39m tests/rich-editor-browser/table-controls.test.ts [2m([22m[2m4 tests[22m[2m)[22m[33m 1782[2mms[22m[39m
2026-10-05T22:11:52.5583698Z    [33m[2m✓[22m[39m keeps contextual header controls anchored while toggling in ltr [33m 680[2mms[22m[39m
2026-10-05T22:11:52.5585362Z    [33m[2m✓[22m[39m keeps contextual header controls anchored while toggling in rtl [33m 633[2mms[22m[39m
2026-10-05T22:11:52.5587097Z    [33m[2m✓[22m[39m closes an actual open bubble menu and hides table controls on read-only transition [33m 352[2mms[22m[39m
2026-10-05T22:11:52.5915479Z 2026-10-05T22:11:52.590Z pw:browser [pid=2953][err] [1005/221152.590680:INFO:CONSOLE:934] "[vite] connecting...", source: http://localhost:63315/@vite/client (934)
2026-10-05T22:11:52.6015947Z 2026-10-05T22:11:52.601Z pw:browser [pid=2953][err] [1005/221152.601184:INFO:CONSOLE:1045] "[vite] connected.", source: http://localhost:63315/@vite/client (1045)
2026-10-05T22:11:53.7081619Z  [32m✓[39m [30m[43m chromium [49m[39m tests/rich-editor-browser/form-keyboard.test.ts [2m([22m[2m1 test[22m[2m)[22m[33m 569[2mms[22m[39m
2026-10-05T22:11:53.7083392Z    [33m[2m✓[22m[39m keeps real browser search Enter local while the enclosing draft still submits explicitly [33m 568[2mms[22m[39m
2026-10-05T22:11:53.7393456Z 2026-10-05T22:11:53.739Z pw:browser [pid=2953][err] [1005/221153.738588:INFO:CONSOLE:934] "[vite] connecting...", source: http://localhost:63315/@vite/client (934)
2026-10-05T22:11:53.7514198Z 2026-10-05T22:11:53.751Z pw:browser [pid=2953][err] [1005/221153.751045:INFO:CONSOLE:1045] "[vite] connected.", source: http://localhost:63315/@vite/client (1045)
2026-10-05T22:11:54.2674328Z  [32m✓[39m [30m[43m chromium [49m[39m parity/emdash/rich-editor-source/packages/admin/tests/components/PortableTextEditor.footer.test.tsx [2m([22m[2m2 tests[22m[2m)[22m[32m 107[2mms[22m[39m
2026-10-05T22:11:54.2705490Z 
2026-10-05T22:11:54.2709908Z [2m Test Files [22m [1m[32m7 passed[39m[22m[90m (7)[39m
2026-10-05T22:11:54.2711342Z [2m      Tests [22m [1m[32m213 passed[39m[22m[90m (213)[39m
2026-10-05T22:11:54.2711957Z [2m   Start at [22m 22:11:32
2026-10-05T22:11:54.2714421Z [2m   Duration [22m 21.83s[2m (transform 0ms, setup 602ms, import 2.33s, tests 14.87s, environment 0ms)[22m
2026-10-05T22:11:54.2715957Z 
2026-10-05T22:11:54.2766482Z JSON report written to /home/runner/work/cms/cms/rich-editor-browser-report.json
2026-10-05T22:11:54.3206112Z 2026-10-05T22:11:54.320Z pw:browser [pid=2953][err] [1005/221154.305807:INFO:CONSOLE:1080] "[vite] server connection lost. Polling for restart...", source: http://localhost:63315/@vite/client (1080)
2026-10-05T22:11:54.3209913Z 2026-10-05T22:11:54.320Z pw:browser [pid=2953][err] [1005/221154.306893:INFO:CONSOLE:1211] "[vite] server connection lost. Polling for restart...", source: http://localhost:63315/__vitest_browser__/tester-BJtsJFpD.js (1211)
2026-10-05T22:11:54.3352080Z 2026-10-05T22:11:54.334Z pw:browser [pid=2953] <gracefully close start>
2026-10-05T22:11:54.3671900Z 2026-10-05T22:11:54.366Z pw:browser [pid=2953] <process did exit: exitCode=0, signal=null>
2026-10-05T22:11:54.3673215Z 2026-10-05T22:11:54.367Z pw:browser [pid=2953] starting temporary directories cleanup
2026-10-05T22:11:54.3708501Z 2026-10-05T22:11:54.370Z pw:browser [pid=2953] finished temporary directories cleanup
2026-10-05T22:11:54.3709763Z 2026-10-05T22:11:54.370Z pw:browser [pid=2953] <gracefully close end>
2026-10-05T22:11:55.3538378Z ##[group]Run actions/upload-artifact@v4
2026-10-05T22:11:55.3538687Z with:
2026-10-05T22:11:55.3538911Z   name: rich-editor-source-browser-evidence
2026-10-05T22:11:55.3539589Z   path: rich-editor-browser-report.json
2026-10-05T22:11:55.3539922Z   retention-days: 7
2026-10-05T22:11:55.3540142Z   if-no-files-found: warn
2026-10-05T22:11:55.3540374Z   compression-level: 6
2026-10-05T22:11:55.3540595Z   overwrite: false
2026-10-05T22:11:55.3540805Z   include-hidden-files: false
2026-10-05T22:11:55.3541033Z env:
2026-10-05T22:11:55.3541267Z   PNPM_HOME: /home/runner/setup-pnpm/node_modules/.bin
2026-10-05T22:11:55.3541568Z ##[endgroup]
2026-10-05T22:11:55.5402742Z (node:3028) [DEP0040] DeprecationWarning: The `punycode` module is deprecated. Please use a userland alternative instead.
2026-10-05T22:11:55.5404171Z (Use `node --trace-deprecation ...` to show where the warning was created)
2026-10-05T22:11:55.5454357Z With the provided path, there will be 1 file uploaded
2026-10-05T22:11:55.5464662Z Artifact name is valid!
2026-10-05T22:11:55.5465462Z Root directory input is valid!
2026-10-05T22:11:55.9268421Z Beginning upload of artifact content to blob storage
2026-10-05T22:11:55.9478653Z (node:3028) [DEP0169] DeprecationWarning: `url.parse()` behavior is not standardized and prone to errors that have security implications. Use the WHATWG URL API instead. CVEs are not issued for `url.parse()` vulnerabilities.
2026-10-05T22:11:56.2312822Z Uploaded bytes 7490
2026-10-05T22:11:56.3159484Z Finished uploading artifact content to blob storage!
2026-10-05T22:11:56.3160479Z SHA256 digest of uploaded artifact zip is 73e71417cb38ad8b5c38c6e0deacaf4484450765c3189179d3055ce7ef98de34
2026-10-05T22:11:56.3161843Z Finalizing artifact upload
2026-10-05T22:11:56.5992191Z Artifact rich-editor-source-browser-evidence.zip successfully finalized. Artifact ID 11372844737
2026-10-05T22:11:56.5993477Z Artifact rich-editor-source-browser-evidence has been successfully uploaded! Final size is 7490 bytes. Artifact ID is 11372844737
2026-10-05T22:11:56.5999048Z Artifact download URL: https://github.com/sveltery/cms/actions/runs/37379928274/artifacts/11372844737
2026-10-05T22:11:56.6187078Z Post job cleanup.
2026-10-05T22:11:56.7552512Z (node:3040) [DEP0040] DeprecationWarning: The `punycode` module is deprecated. Please use a userland alternative instead.
2026-10-05T22:11:56.7553960Z (Use `node --trace-deprecation ...` to show where the warning was created)
2026-10-05T22:11:56.7556544Z Cache hit occurred on the primary key node-cache-Linux-x64-pnpm-74c137a93c6bab64d18a84a551de86446c5c27b0da4b313cc0f2acff171f4c51, not saving cache.
2026-10-05T22:11:56.7667989Z Post job cleanup.
2026-10-05T22:11:56.9296904Z Pruning is unnecessary.
2026-10-05T22:11:56.9469612Z Post job cleanup.
2026-10-05T22:11:57.0497524Z [command]/usr/bin/git version
2026-10-05T22:11:57.0546340Z git version 2.55.0
2026-10-05T22:11:57.0599744Z Temporarily overriding HOME='/home/runner/work/_temp/4fe97ef6-44e7-4c7a-b436-13d81da20bdf' before making global git config changes
2026-10-05T22:11:57.0600758Z Adding repository directory to the temporary git global config as a safe directory
2026-10-05T22:11:57.0606016Z [command]/usr/bin/git config --global --add safe.directory /home/runner/work/cms/cms
2026-10-05T22:11:57.0653182Z [command]/usr/bin/git config --local --name-only --get-regexp core\.sshCommand
2026-10-05T22:11:57.0694914Z [command]/usr/bin/git submodule foreach --recursive sh -c "git config --local --name-only --get-regexp 'core\.sshCommand' && git config --local --unset-all 'core.sshCommand' || :"
2026-10-05T22:11:57.1014424Z [command]/usr/bin/git config --local --name-only --get-regexp http\.https\:\/\/github\.com\/\.extraheader
2026-10-05T22:11:57.1045372Z http.https://github.com/.extraheader
2026-10-05T22:11:57.1058985Z [command]/usr/bin/git config --local --unset-all http.https://github.com/.extraheader
2026-10-05T22:11:57.1102630Z [command]/usr/bin/git submodule foreach --recursive sh -c "git config --local --name-only --get-regexp 'http\.https\:\/\/github\.com\/\.extraheader' && git config --local --unset-all 'http.https://github.com/.extraheader' || :"
2026-10-05T22:11:57.1411670Z [command]/usr/bin/git config --local --name-only --get-regexp ^includeIf\.gitdir:
2026-10-05T22:11:57.1458896Z [command]/usr/bin/git submodule foreach --recursive git config --local --show-origin --name-only --get-regexp remote.origin.url
2026-10-05T22:11:57.1908364Z Cleaning up orphan processes
2026-10-05T22:11:57.2364899Z ##[warning]Node.js 20 is deprecated. The following actions target Node.js 20 but are being forced to run on Node.js 24: actions/checkout@v4, actions/setup-node@v4, actions/upload-artifact@v4, pnpm/action-setup@v4. For more information see: https://github.blog/changelog/2025-09-19-deprecation-of-node-20-on-github-actions-runners/
