(node:2317881) ExperimentalWarning: stripTypeScriptTypes is an experimental feature and might change at any time
(Use `node --trace-warnings ...` to show where the warning was created)
✔ Node SQLite: ordinary options persist across normal installation and reopen (83.309265ms)
✔ Node SQLite: real taxonomy seeds defaults indexes and group pivot semantics (26.836034ms)
✔ Node SQLite: normal v5 upgrade preserves every field and exact operator SQL (68.979788ms)
✔ Node SQLite: failed normal metadata upgrade rolls back all providers and preserves v5 values (27.478055ms)
✔ Node SQLite: external metadata foreign keys refuse the normal upgrade before writes (11.09235ms)
✔ Node SQLite: missing or changed owned trigger refuses normal readiness without writes (42.570393ms)
✔ raw D1: ordinary options persist across normal installation and reopen (1735.403616ms)
✔ raw D1: real taxonomy seeds defaults indexes and group pivot semantics (1510.845612ms)
✔ raw D1: normal v5 upgrade preserves every field and exact operator SQL (2199.940279ms)
✔ raw D1: failed normal metadata upgrade rolls back all providers and preserves v5 values (1862.283172ms)
✔ raw D1: external metadata foreign keys refuse the normal upgrade before writes (670.054631ms)
✔ raw D1: missing or changed owned trigger refuses normal readiness without writes (1516.390516ms)
✔ scoped D1: ordinary options persist across normal installation and reopen (1311.192353ms)
✔ scoped D1: real taxonomy seeds defaults indexes and group pivot semantics (975.57723ms)
✔ scoped D1: normal v5 upgrade preserves every field and exact operator SQL (1439.342731ms)
✔ scoped D1: failed normal metadata upgrade rolls back all providers and preserves v5 values (1258.878534ms)
✔ scoped D1: external metadata foreign keys refuse the normal upgrade before writes (475.701287ms)
✔ scoped D1: missing or changed owned trigger refuses normal readiness without writes (1129.057865ms)
✔ collection update: permission precedes hostile input and every storage access (2.049449ms)
✔ Node: metadata partial updates preserve omissions, undefined and explicit [] without schema DDL/version changes (43.098805ms)
✔ Node: strict bounded metadata/preconditions reject before storage and preserve every row (32.722187ms)
✔ Node: empty updates strictly advance timestamp even with a frozen clock and stale CAS never writes (22.583606ms)
✔ Node: changed schema version conflicts and missing collections report NOT_FOUND without writes (22.652509ms)
✔ Node: race between preflight and actual SQL cannot overwrite another metadata update (20.358845ms)
✔ Node: unexpected storage failures retain their error and roll back metadata (20.635989ms)
✔ Node: update returns its own committed row when another writer commits before the adapter returns (20.904222ms)
✔ Node: metadata survives storage/runtime restart and prior timestamp stays stale (62.560586ms)
✔ D1: metadata partial updates preserve omissions, undefined and explicit [] without schema DDL/version changes (344.115193ms)
✔ D1: strict bounded metadata/preconditions reject before storage and preserve every row (229.030178ms)
✔ D1: empty updates strictly advance timestamp even with a frozen clock and stale CAS never writes (230.657491ms)
✔ D1: changed schema version conflicts and missing collections report NOT_FOUND without writes (316.461567ms)
✔ D1: race between preflight and actual SQL cannot overwrite another metadata update (270.3686ms)
✔ D1: unexpected storage failures retain their error and roll back metadata (284.53369ms)
✔ D1: update returns its own committed row when another writer commits before the adapter returns (264.665727ms)
✔ D1: metadata survives storage/runtime restart and prior timestamp stays stale (443.033748ms)
✔ generic draft save updates revisions and rejects stale mutations (96.007098ms)
✔ generic published save updates revisions and rejects stale mutations (64.807111ms)
✔ generic draft trash restore retains draft revision and clears live publication (64.598387ms)
✔ generic published trash restore retains draft revision and clears live publication (74.37713ms)
✔ generic ownership, null ownership and read-draft capability remain trusted gates (44.620964ms)
✔ generic lists remain bounded summaries and skipRevision retains only the newest pending autosave (48.051131ms)
✔ generic create denies anonymous before storage initialization (0.428492ms)
✔ generic create denies reader before storage initialization (0.118978ms)
✔ draft trash: authorization precedes hostile input and every storage access (2.161907ms)
✔ draft trash: permitted malformed bounded inputs reject before storage (4.423344ms)
✔ Node draft trash: explicit locale scopes, omitted locale includes every locale and item locale is retained (68.070668ms)
✔ Node draft trash: default 50 and cap 100, deletedAt/id descending, bounded body-free summaries (303.733392ms)
✔ Node draft trash: restore retains stored columns and returns refreshed CAS even with frozen time (37.450127ms)
✔ Node draft trash: restore uses edit-own/any, persisted nonempty owner and no delete requirement (34.987734ms)
✔ Node draft trash: stale tokens conflict without writes, active restore conflicts and missing restores are NOT_FOUND (34.762853ms)
✔ Node draft trash: two real SQLite connections restoring the same token yield one success and one conflict (62.184563ms)
✔ Node draft trash: SQL owner predicate rejects ownership changed after authorized preflight on another connection (37.885138ms)
✔ Node draft trash: SQL CAS rejects restore won by another connection after preflight (39.334698ms)
✔ Node draft trash: restore returns its committed row when another connection writes before batch returns (36.362107ms)
✔ Node draft trash: unexpected storage errors roll back restore and guard rows (33.499662ms)
✔ Node draft trash: trashed data and restored revision survive real storage restart; prior token remains stale (101.182462ms)
✔ field edit: schema permission precedes hostile input and storage (1.877031ms)
✔ Node: field metadata persists across reopen without DDL, content, token or collection changes (76.423745ms)
✔ Node: supplied-key edits preserve omissions; validation replaces and null/empty remain distinct (51.268992ms)
✔ Node: invalid and out-of-scope metadata fails without writes (76.905612ms)
✔ Node: independent concurrent partial edits preserve both writes and each operation's own receipt (37.200588ms)
✔ Node: independent storage handles make concurrent supplied-key edits without a shared mutex (46.43423ms)
✔ Node: legacy metadata edits preserve divergent SQL defaults, required layout, unique indexes and stored NULL across reopen (42.367067ms)
✔ Node: validation tightening affects future supplied writes while old content remains readable (43.058919ms)
✔ Node: edited defaults stay metadata; omitted raw/content inserts retain physical required defaults and optional NULL (40.620931ms)
✔ Node: failures during/after metadata UPDATE roll back every change and retain storage errors (48.335559ms)
✔ Node: field replacement between preflight and commit preserves the replacement identity (32.8435ms)
✔ D1: field metadata persists across reopen without DDL, content, token or collection changes (632.933683ms)
✔ D1: supplied-key edits preserve omissions; validation replaces and null/empty remain distinct (848.723774ms)
✔ D1: invalid and out-of-scope metadata fails without writes (1062.97396ms)
✔ D1: independent concurrent partial edits preserve both writes and each operation's own receipt (256.156844ms)
✔ D1: independent storage handles make concurrent supplied-key edits without a shared mutex (1920.667264ms)
✔ D1: legacy metadata edits preserve divergent SQL defaults, required layout, unique indexes and stored NULL across reopen (618.268456ms)
✔ D1: validation tightening affects future supplied writes while old content remains readable (949.909792ms)
✔ D1: edited defaults stay metadata; omitted raw/content inserts retain physical required defaults and optional NULL (319.65814ms)
✔ D1: failures during/after metadata UPDATE roll back every change and retain storage errors (293.827698ms)
✔ D1: field replacement between preflight and commit preserves the replacement identity (243.690722ms)
✔ field label: permission precedes hostile input and all storage access (2.69021ms)
✔ Node: selected partial registry.test.ts:668 label assertion (58.621331ms)
✔ Node: string/text labels persist across restart while all other metadata, DDL, indexes, content and tokens remain unchanged (66.59733ms)
✔ Node: strict label-only validation rejects extra properties and invalid targets before storage without writes (35.841282ms)
✔ Node: whitespace and labels longer than 200 characters retain the pinned nonempty-only contract (41.837364ms)
✔ Node: schema:manage alone can relabel and schema/content readers cannot mutate any row (37.657682ms)
✔ Node: identical labels are successful no-op values and same-field concurrent edits are last-writer-wins (42.107538ms)
✔ Node: independent fields keep separate results and do not change each other's attributes (27.306256ms)
✔ Node: a pre-label collection metadata token remains valid and metadata forms cannot overwrite field labels (33.605502ms)
✔ Node: metadata writes between label preflight and commit neither conflict nor lose either update (27.852073ms)
✔ Node: label writes during metadata preflight leave metadata CAS valid and preserve both updates (31.161772ms)
✔ Node: additive fields coexist with label edits even when schema version changes after preflight (33.297991ms)
✔ Node: collection/field target pairs isolate same-slug fields and missing targets write nothing (43.234075ms)
✔ Node: deletion of a field after preflight cannot relabel a different identity or report success (33.522158ms)
✔ Node: replacement of a field after preflight cannot relabel a different identity or report success (32.729981ms)
✔ Node: replacement of a collection and its same-slug fields after preflight preserves the replacement identities (40.870094ms)
✔ Node: failures during and after the label UPDATE roll back every row and retain unexpected storage errors (40.623946ms)
✔ Node: the returned field belongs to this atomic write even when another label commits before the adapter returns (30.950926ms)
✔ Node: relabeling legacy columns retains divergent defaults, required layout, unique indexes and stored NULL values (39.582686ms)
✔ D1: selected partial registry.test.ts:668 label assertion (849.741091ms)
✔ D1: string/text labels persist across restart while all other metadata, DDL, indexes, content and tokens remain unchanged (714.330333ms)
✔ D1: strict label-only validation rejects extra properties and invalid targets before storage without writes (856.129849ms)
✔ D1: whitespace and labels longer than 200 characters retain the pinned nonempty-only contract (236.835375ms)
✔ D1: schema:manage alone can relabel and schema/content readers cannot mutate any row (269.095742ms)
✔ D1: identical labels are successful no-op values and same-field concurrent edits are last-writer-wins (263.103772ms)
✔ D1: independent fields keep separate results and do not change each other's attributes (216.816814ms)
✔ D1: a pre-label collection metadata token remains valid and metadata forms cannot overwrite field labels (234.99922ms)
✔ D1: metadata writes between label preflight and commit neither conflict nor lose either update (222.44617ms)
✔ D1: label writes during metadata preflight leave metadata CAS valid and preserve both updates (246.58321ms)
✔ D1: additive fields coexist with label edits even when schema version changes after preflight (238.757779ms)
✔ D1: collection/field target pairs isolate same-slug fields and missing targets write nothing (341.167104ms)
✔ D1: deletion of a field after preflight cannot relabel a different identity or report success (220.910925ms)
✔ D1: replacement of a field after preflight cannot relabel a different identity or report success (181.999391ms)
✔ D1: replacement of a collection and its same-slug fields after preflight preserves the replacement identities (235.530151ms)
✔ D1: failures during and after the label UPDATE roll back every row and retain unexpected storage errors (317.16522ms)
✔ D1: the returned field belongs to this atomic write even when another label commits before the adapter returns (203.204726ms)
✔ D1: relabeling legacy columns retains divergent defaults, required layout, unique indexes and stored NULL values (525.802839ms)
✔ schema service checks permission before touching storage or parsing inputs (1.939635ms)
ℹ tests 115
ℹ suites 0
ℹ pass 115
ℹ fail 0
ℹ cancelled 0
ℹ skipped 0
ℹ todo 0
ℹ duration_ms 16996.106234
