
 RUN  v4.1.10 /workspace/cms-full-search-query-api

 ✓ tests/search-native/query.test.ts (9 tests) 275ms
 ✓ parity/emdash/full-search-source/upstream/packages/core/tests/integration/search/pagination.test.ts (7 tests) 264ms
 ✓ parity/emdash/full-search-source/upstream/packages/core/tests/integration/search/title-scope.test.ts (6 tests) 200ms
 ✓ parity/emdash/full-search-source/upstream/packages/core/tests/integration/search/fts-corruption.test.ts (5 tests) 200ms
 ✓ parity/emdash/full-search-source/upstream/packages/core/tests/integration/search/suggest.test.ts (5 tests) 192ms
 ✓ tests/search-native/schema-fts.test.ts (6 tests) 190ms
 ✓ parity/emdash/full-search-source/upstream/packages/core/tests/integration/search/portable-text-indexing.test.ts (6 tests) 196ms
stderr | parity/emdash/full-search-source/upstream/packages/core/tests/integration/search/tokenizer.test.ts > FTS tokenizers > preserves trigram through disable, re-enable, schema rebuild, and missing-index repair
FTS index for "articles" is missing. Rebuilding.

 ✓ parity/emdash/full-search-source/upstream/packages/core/tests/integration/search/tokenizer.test.ts (5 tests) 153ms
 ✓ parity/emdash/full-search-source/upstream/packages/core/tests/integration/search/snippet-sanitization.test.ts (4 tests) 151ms
 ✓ parity/emdash/full-search-source/upstream/packages/core/tests/integration/search/fts-write-amplification.test.ts (4 tests) 139ms
 ✓ parity/emdash/full-search-source/upstream/packages/core/tests/integration/search/title-less-collection.test.ts (3 tests) 121ms
stderr | parity/emdash/full-search-source/upstream/packages/core/tests/integration/search/fts-repair.test.ts > FTS repair > recreates a missing FTS table when search remains enabled
FTS index for "game" is missing. Rebuilding.

 ✓ parity/emdash/full-search-source/upstream/packages/core/tests/integration/search/fts-repair.test.ts (2 tests) 87ms
 ✓ parity/emdash/full-search-source/upstream/packages/core/tests/integration/search/suggest-title-field.test.ts (1 test) 49ms
 ✓ parity/emdash/full-search-source/upstream/packages/core/tests/integration/search/title-field-search.test.ts (1 test) 50ms
 ✓ parity/emdash/full-search-source/upstream/packages/core/tests/unit/api/search-schema.test.ts (6 tests) 6ms
 ✓ parity/emdash/full-search-source/upstream/packages/core/tests/unit/search/match.test.ts (6 tests) 4ms

 Test Files  16 passed (16)
      Tests  76 passed (76)
   Start at  16:35:39
   Duration  7.25s (transform 426ms, setup 0ms, import 3.27s, tests 2.28s, environment 1ms)

JSON report written to /tmp/full-search-refactor-core76.json
