
 RUN  v4.1.10 /workspace/cms-full-search-query-api

 ✓ tests/search-native/query.test.ts (9 tests) 408ms
 ✓ parity/emdash/full-search-source/upstream/packages/core/tests/integration/search/pagination.test.ts (7 tests) 310ms
 ✓ parity/emdash/full-search-source/upstream/packages/core/tests/integration/search/title-scope.test.ts (6 tests) 261ms
 ✓ parity/emdash/full-search-source/upstream/packages/core/tests/integration/search/fts-corruption.test.ts (5 tests) 261ms
 ✓ parity/emdash/full-search-source/upstream/packages/core/tests/integration/search/portable-text-indexing.test.ts (6 tests) 295ms
 ✓ parity/emdash/full-search-source/upstream/packages/core/tests/integration/search/suggest.test.ts (5 tests) 206ms
 ✓ tests/search-native/schema-fts.test.ts (6 tests) 205ms
stderr | parity/emdash/full-search-source/upstream/packages/core/tests/integration/search/tokenizer.test.ts > FTS tokenizers > preserves trigram through disable, re-enable, schema rebuild, and missing-index repair
FTS index for "articles" is missing. Rebuilding.

 ✓ parity/emdash/full-search-source/upstream/packages/core/tests/integration/search/tokenizer.test.ts (5 tests) 187ms
 ✓ parity/emdash/full-search-source/upstream/packages/core/tests/integration/search/snippet-sanitization.test.ts (4 tests) 214ms
 ✓ parity/emdash/full-search-source/upstream/packages/core/tests/integration/search/fts-write-amplification.test.ts (4 tests) 195ms
 ✓ parity/emdash/full-search-source/upstream/packages/core/tests/integration/search/title-less-collection.test.ts (3 tests) 130ms
stderr | parity/emdash/full-search-source/upstream/packages/core/tests/integration/search/fts-repair.test.ts > FTS repair > recreates a missing FTS table when search remains enabled
FTS index for "game" is missing. Rebuilding.

 ✓ parity/emdash/full-search-source/upstream/packages/core/tests/integration/search/fts-repair.test.ts (2 tests) 99ms
 ✓ parity/emdash/full-search-source/upstream/packages/core/tests/integration/search/title-field-search.test.ts (1 test) 53ms
 ✓ parity/emdash/full-search-source/upstream/packages/core/tests/integration/search/suggest-title-field.test.ts (1 test) 60ms
 ✓ parity/emdash/full-search-source/upstream/packages/core/tests/unit/api/search-schema.test.ts (6 tests) 16ms
 ✓ parity/emdash/full-search-source/upstream/packages/core/tests/unit/search/match.test.ts (6 tests) 7ms

 Test Files  16 passed (16)
      Tests  76 passed (76)
   Start at  16:58:26
   Duration  9.90s (transform 836ms, setup 0ms, import 4.63s, tests 2.91s, environment 2ms)

JSON report written to /tmp/full-search-legacy-fix-core76.json
