$ node --test tests/*.test.ts
✔ local: cookie flags preserve Astro production defaults and deletion scope (1.948402ms)
✔ local SvelteKit substitution: same-origin session mutations need no custom header (30.339474ms)
✔ local SvelteKit substitution: custom headers never override a missing or foreign origin (6.459282ms)
✔ local: safe methods pass origin guard; bad server origin configuration cannot admit mutations (1.711113ms)
✔ local: invalid runtime role and prototype permission keys fail closed (0.425783ms)
✔ local: missing and insufficient principals throw the exact permission error codes (0.259161ms)
✔ returns the session user when the read resolves [session-user.test.ts:11] (3.517761ms)
✔ returns undefined when there is no session [session-user.test.ts:17] (0.288406ms)
✔ falls back to undefined instead of hanging when the read never settles [session-user.test.ts:23] (20.96471ms)
✔ fails closed to undefined when the read rejects [session-user.test.ts:30] (0.586305ms)
✔ local: resolver catches synchronous throws and anchors pending reads (0.946188ms)
✔ local: SHA-256 hashes decoded token bytes with the upstream encoding (7.276456ms)
✔ local: session resolution returns only a frozen current database identity and role (2.540856ms)
✔ local: no cookie/store and malformed cookies incur zero storage calls (0.380023ms)
✔ local: expiry denies at and beyond the exact boundary without renewal (4.004856ms)
✔ local: missing, disabled and invalid records all deny (2.667167ms)
✔ local: current role changes are observed on every resolution (2.788019ms)
✔ local: revocation invalidates the same credential and is idempotent (1.720157ms)
✔ local: failed revocation propagates, while failed/stalled resolution denies (20.899103ms)
✔ local: a session that expires while its store read is pending cannot authenticate (0.798526ms)
✔ local: public hashing and resolution reject noncanonical trailing bits before storage (0.615679ms)
✔ local: stalled digest remains inside the resolver timeout and request lifetime (21.5738ms)
✔ local Node SQLite: empty auth schema creates no account, credential or default admin (22.687923ms)
✔ local Node SQLite: current role, disabled/deleted users, expiry and revocation across reopen (24.446387ms)
▶ rbac
  ▶ hasPermission
    ✔ returns false for null user [rbac.ts:15] (2.085718ms)
    ✔ returns false for undefined user [rbac.ts:19] (0.31775ms)
    ✔ allows subscriber to read content [rbac.ts:23] (0.370709ms)
    ✔ denies subscriber from creating content [rbac.ts:27] (0.209687ms)
    ✔ allows contributor to create content [rbac.ts:31] (0.179231ms)
    ✔ allows admin to do anything [rbac.ts:35] (0.31798ms)
    ✔ denies editor from managing users [rbac.ts:43] (0.156827ms)
    ✔ allows author to edit own media [rbac.ts:47] (0.184438ms)
    ✔ denies contributor from editing media [rbac.ts:51] (0.1452ms)
    ✔ allows editor to edit any media [rbac.ts:55] (0.181394ms)
    ✔ denies author from editing any media [rbac.ts:59] (0.266147ms)
    ✔ denies subscriber from reading drafts [rbac.ts:65] (0.128814ms)
    ✔ allows contributor to read drafts [rbac.ts:69] (0.161123ms)
    ✔ allows editor to read drafts [rbac.ts:73] (0.107672ms)
  ✔ hasPermission (6.499848ms)
  ▶ requirePermission
    ✔ throws for null user [rbac.ts:79] (0.585323ms)
    ✔ throws unauthorized for missing user [rbac.ts:83] (0.217959ms)
    ✔ throws forbidden for insufficient permissions [rbac.ts:92] (0.175055ms)
    ✔ does not throw for sufficient permissions [rbac.ts:101] (0.212531ms)
  ✔ requirePermission (1.381266ms)
  ▶ canActOnOwn
    ✔ allows action on own resource with own permission [rbac.ts:109] (0.213011ms)
    ✔ denies action on others resource without any permission [rbac.ts:113] (0.075374ms)
    ✔ allows editor to edit any resource [rbac.ts:117] (0.078288ms)
    ✔ allows author to edit own media [rbac.ts:122] (0.070556ms)
    ✔ denies author from editing others media [rbac.ts:126] (0.064858ms)
    ✔ denies contributor from editing any media (including own) [rbac.ts:130] (0.081483ms)
    ✔ allows editor to edit any media [rbac.ts:135] (0.115495ms)
    ✔ F17: empty-string ownerId is not treated as 'owned by user with id '' [rbac.ts:140] (0.122565ms)
  ✔ canActOnOwn (1.170337ms)
  ▶ requirePermissionOnResource
    ✔ allows author to edit own content [rbac.ts:169] (0.185329ms)
    ✔ throws for author editing others content [rbac.ts:176] (0.113231ms)
  ✔ requirePermissionOnResource (0.420454ms)
✔ rbac (10.235938ms)
✔ local workerd: portable auth core runs without nodejs_compat or a persistence adapter (318.906165ms)
(node:2299637) ExperimentalWarning: stripTypeScriptTypes is an experimental feature and might change at any time
(Use `node --trace-warnings ...` to show where the warning was created)
✔ raw D1: structured insert requires atomic adaptation before any taxonomy write (4147.266597ms)
✔ raw D1: structured update requires atomic adaptation before any taxonomy write (3733.844218ms)
✔ raw D1: structured delete requires atomic adaptation before any taxonomy write (2757.472281ms)
✔ raw D1: whole Source delete requires atomic adaptation before any taxonomy write (2993.07243ms)
✔ raw D1: whole Source reorder requires atomic adaptation before any taxonomy write (3149.576401ms)
✔ raw D1: whole Source pivot replacement requires atomic adaptation before any taxonomy write (3168.051613ms)
✔ raw D1: whole Source structure save requires atomic adaptation before any taxonomy write (3353.789089ms)
✔ raw D1: ordinary option storage and whole taxonomy reads remain available (1775.200079ms)
✔ scoped D1: structured insert requires atomic adaptation before any taxonomy write (2702.639553ms)
✔ scoped D1: structured update requires atomic adaptation before any taxonomy write (2496.445763ms)
✔ scoped D1: structured delete requires atomic adaptation before any taxonomy write (2511.966117ms)
✔ scoped D1: whole Source delete requires atomic adaptation before any taxonomy write (2486.712743ms)
✔ scoped D1: whole Source reorder requires atomic adaptation before any taxonomy write (2609.05755ms)
✔ scoped D1: whole Source pivot replacement requires atomic adaptation before any taxonomy write (2497.942655ms)
✔ scoped D1: whole Source structure save requires atomic adaptation before any taxonomy write (2411.748764ms)
✔ scoped D1: ordinary option storage and whole taxonomy reads remain available (1298.782587ms)
✔ Node: genuine v5 upgrade and persisted v15 reopen preserve content and operator objects (175.69881ms)
✔ Node: a future Source-named trigger collision is refused before any startup write (22.064862ms)
✔ Node: a real late-batch SQLite failure rolls back the complete v0→15 installation (64.497369ms)
✔ Node: a real late-batch SQLite failure rolls back the complete v4→15 installation (59.337254ms)
✔ raw D1: genuine v5 upgrade and persisted v15 reopen preserve content and operator objects (3442.792877ms)
✔ raw D1: a future Source-named trigger collision is refused before any startup write (1279.368463ms)
✔ raw D1: a real late-batch SQLite failure rolls back the complete v0→15 installation (2981.779595ms)
✔ raw D1: a real late-batch SQLite failure rolls back the complete v4→15 installation (3707.77611ms)
✔ scoped D1: genuine v5 upgrade and persisted v15 reopen preserve content and operator objects (2371.113934ms)
✔ scoped D1: a future Source-named trigger collision is refused before any startup write (1190.996734ms)
✔ scoped D1: a real late-batch SQLite failure rolls back the complete v0→15 installation (2759.15756ms)
✔ scoped D1: a real late-batch SQLite failure rolls back the complete v4→15 installation (3816.576965ms)
✔ Node: actual existing and newly created content tables receive Source031 byline indexes (193.497069ms)
✔ Node: a converted legacy reference remains usable after actual persisted reopen and startup (108.25674ms)
✔ raw D1: actual existing and newly created content tables receive Source031 byline indexes (3247.709883ms)
✔ raw D1: a converted legacy reference remains usable after actual persisted reopen and startup (3436.810055ms)
✔ scoped D1: actual existing and newly created content tables receive Source031 byline indexes (2546.799597ms)
✔ scoped D1: a converted legacy reference remains usable after actual persisted reopen and startup (2885.886005ms)
✔ Node: actual redirect host persists its Source loop cache in canonical options (36.883115ms)
✔ Node: actual menu loader resolves a real canonical taxonomy term (23.191659ms)
✔ raw D1: actual redirect host persists its Source loop cache in canonical options (1344.270958ms)
✔ raw D1: actual menu loader resolves a real canonical taxonomy term (1454.955209ms)
✔ scoped D1: actual redirect host persists its Source loop cache in canonical options (1373.096004ms)
✔ scoped D1: actual menu loader resolves a real canonical taxonomy term (1439.40006ms)
✔ Node: complete declared startup census fits D1's100-bind budget and preserves real namespace values (26.316117ms)
✔ raw D1: complete declared startup census fits D1's100-bind budget and preserves real namespace values (458.364468ms)
✔ scoped D1: complete declared startup census fits D1's100-bind budget and preserves real namespace values (428.266389ms)
✔ Node: ordinary startup satisfies actual Menu storage readiness (55.055215ms)
✔ Node: ordinary startup satisfies actual sections storage readiness (29.889396ms)
✔ Node: ordinary startup satisfies actual widgets storage readiness (28.48226ms)
✔ Node: ordinary startup satisfies actual Comments and runtime-dependency readiness (23.842793ms)
✔ Node: ordinary startup satisfies actual Redirect publication storage readiness (24.998838ms)
✔ raw D1: ordinary startup satisfies actual Menu storage readiness (2162.760363ms)
✔ raw D1: ordinary startup satisfies actual sections storage readiness (1784.784299ms)
✔ raw D1: ordinary startup satisfies actual widgets storage readiness (1594.882423ms)
✔ raw D1: ordinary startup satisfies actual Comments and runtime-dependency readiness (1332.180201ms)
✔ raw D1: ordinary startup satisfies actual Redirect publication storage readiness (1229.597676ms)
✔ scoped D1: ordinary startup satisfies actual Menu storage readiness (1485.990029ms)
✔ scoped D1: ordinary startup satisfies actual sections storage readiness (1282.54869ms)
✔ scoped D1: ordinary startup satisfies actual widgets storage readiness (1367.102421ms)
✔ scoped D1: ordinary startup satisfies actual Comments and runtime-dependency readiness (1259.820008ms)
✔ scoped D1: ordinary startup satisfies actual Redirect publication storage readiness (1347.126361ms)
✔ Node: actual public Sections/Widgets factory SQL recognizes its genuine persisted SQLite objects (26.002458ms)
✔ Node: a real quoted timestamp default remains distinct from the public Menu expression (4.523046ms)
✔ Node: an actual Redirect trigger retains its observable literal whitespace (11.617202ms)
✔ raw D1: actual public Sections/Widgets factory SQL recognizes its genuine persisted SQLite objects (545.284323ms)
✔ raw D1: a real quoted timestamp default remains distinct from the public Menu expression (439.436036ms)
✔ raw D1: an actual Redirect trigger retains its observable literal whitespace (1047.32728ms)
✔ scoped D1: actual public Sections/Widgets factory SQL recognizes its genuine persisted SQLite objects (448.028696ms)
✔ scoped D1: a real quoted timestamp default remains distinct from the public Menu expression (423.528173ms)
✔ scoped D1: an actual Redirect trigger retains its observable literal whitespace (787.018836ms)
✔ Node: ordinary canonical startup installs actual contiguous providers through 15 (32.62208ms)
✔ Node: fresh ordinary startup makes media and byline prerequisites storage available (48.543822ms)
✔ Node: fresh ordinary startup makes directed content links storage available (36.019488ms)
✔ Node: fresh ordinary startup makes menus storage available (27.857658ms)
✔ Node: fresh ordinary startup makes sections and site widgets storage available (27.58652ms)
✔ Node: fresh ordinary startup makes comments and moderation storage available (25.976259ms)
✔ Node: fresh ordinary startup makes redirects storage available (26.300669ms)
✔ raw D1: ordinary canonical startup installs actual contiguous providers through 15 (1450.468933ms)
✔ raw D1: fresh ordinary startup makes media and byline prerequisites storage available (1341.436447ms)
✔ raw D1: fresh ordinary startup makes directed content links storage available (1446.932596ms)
✔ raw D1: fresh ordinary startup makes menus storage available (1413.211336ms)
✔ raw D1: fresh ordinary startup makes sections and site widgets storage available (1362.223437ms)
✔ raw D1: fresh ordinary startup makes comments and moderation storage available (1368.29216ms)
✔ raw D1: fresh ordinary startup makes redirects storage available (1477.71649ms)
✔ scoped D1: ordinary canonical startup installs actual contiguous providers through 15 (1435.264451ms)
✔ scoped D1: fresh ordinary startup makes media and byline prerequisites storage available (1525.472974ms)
✔ scoped D1: fresh ordinary startup makes directed content links storage available (1302.414478ms)
✔ scoped D1: fresh ordinary startup makes menus storage available (1334.01748ms)
✔ scoped D1: fresh ordinary startup makes sections and site widgets storage available (1410.389581ms)
✔ scoped D1: fresh ordinary startup makes comments and moderation storage available (1501.549156ms)
✔ scoped D1: fresh ordinary startup makes redirects storage available (1499.647123ms)
✔ Node SQLite: a lowercase declared future trigger refuses startup before any write (42.562196ms)
✔ Node SQLite: a uppercase declared future trigger refuses startup before any write (23.772386ms)
✔ raw D1: a lowercase declared future trigger refuses startup before any write (1868.56882ms)
✔ raw D1: a uppercase declared future trigger refuses startup before any write (1723.235571ms)
✔ scoped D1: a lowercase declared future trigger refuses startup before any write (1679.663737ms)
✔ scoped D1: a uppercase declared future trigger refuses startup before any write (1929.007082ms)
(node:2300508) ExperimentalWarning: stripTypeScriptTypes is an experimental feature and might change at any time
(Use `node --trace-warnings ...` to show where the warning was created)
✔ Node SQLite: ordinary options persist across normal installation and reopen (115.347434ms)
✔ Node SQLite: real taxonomy seeds defaults indexes and group pivot semantics (22.649632ms)
✖ Node SQLite: normal v5 upgrade preserves every field and exact operator SQL (7.957926ms)
✖ Node SQLite: failed normal metadata upgrade rolls back all providers and preserves v5 values (5.87895ms)
✖ Node SQLite: external metadata foreign keys refuse the normal upgrade before writes (5.690355ms)
✔ Node SQLite: missing or changed owned trigger refuses normal readiness without writes (54.322917ms)
✔ raw D1: ordinary options persist across normal installation and reopen (1750.804695ms)
✔ raw D1: real taxonomy seeds defaults indexes and group pivot semantics (1518.032298ms)
✖ raw D1: normal v5 upgrade preserves every field and exact operator SQL (492.293446ms)
✖ raw D1: failed normal metadata upgrade rolls back all providers and preserves v5 values (483.552382ms)
✖ raw D1: external metadata foreign keys refuse the normal upgrade before writes (462.240778ms)
✔ raw D1: missing or changed owned trigger refuses normal readiness without writes (1414.647948ms)
✔ scoped D1: ordinary options persist across normal installation and reopen (1469.385483ms)
✔ scoped D1: real taxonomy seeds defaults indexes and group pivot semantics (1537.354107ms)
✖ scoped D1: normal v5 upgrade preserves every field and exact operator SQL (455.112892ms)
✖ scoped D1: failed normal metadata upgrade rolls back all providers and preserves v5 values (511.856148ms)
✖ scoped D1: external metadata foreign keys refuse the normal upgrade before writes (451.943395ms)
✔ scoped D1: missing or changed owned trigger refuses normal readiness without writes (1442.694331ms)
✔ Node SQLite: normal installer applies real contiguous providers through eight (81.285189ms)
✔ Node SQLite: normal installation enables actual settings and taxonomy storage (28.655433ms)
✔ Node SQLite: normal metadata upgrade enables the Source collection field cascade (19.146025ms)
✔ raw D1: normal installer applies real contiguous providers through eight (1533.364798ms)
✔ raw D1: normal installation enables actual settings and taxonomy storage (1343.201038ms)
✔ raw D1: normal metadata upgrade enables the Source collection field cascade (1347.542687ms)
✔ scoped D1: normal installer applies real contiguous providers through eight (1409.589236ms)
✔ scoped D1: normal installation enables actual settings and taxonomy storage (1462.345237ms)
✔ scoped D1: normal metadata upgrade enables the Source collection field cascade (1402.115872ms)
✔ Node: canonical upgrade carries an existing legacy reference into directed group edges (120.891587ms)
✔ raw D1: canonical upgrade carries an existing legacy reference into directed group edges (2599.117309ms)
✔ scoped D1: canonical upgrade carries an existing legacy reference into directed group edges (2512.509318ms)
✔ Node SQLite: normal option and plugin storage revision triggers retain actual Source values (70.590861ms)
✔ raw D1: normal option and plugin storage revision triggers retain actual Source values (1757.906958ms)
✔ scoped D1: normal option and plugin storage revision triggers retain actual Source values (1363.894258ms)
✔ arbitrary generated field identifiers retain historical quote equivalence (1.256626ms)
✔ arbitrary generated fields retain quote equivalence in a complete table (0.597962ms)
✔ a default matching a known column name retains double-quoted literal bytes (0.23202ms)
✔ a known schema name in a quoted SELECT expression retains literal bytes (0.251269ms)
✔ canonical schema comparison retains embedded double quotes in single-quoted defaults (2.232788ms)
✔ canonical schema comparison distinguishes a double-quoted timestamp literal from the expression (0.236627ms)
✔ canonical schema comparison preserves whitespace inside single-quoted defaults (0.183667ms)
✔ canonical schema comparison preserves doubled single quotes and enclosed whitespace (1.077235ms)
✔ canonical schema comparison preserves Unicode nonbreaking whitespace outside literals (0.235496ms)
✔ canonical schema comparison preserves vertical-tab token boundaries outside literals (0.196967ms)
✔ canonical schema comparison still accepts known quoted native identifiers and SQLite ASCII whitespace (0.480134ms)
✔ native atomic batch follows queued reads and commits the completed write bookmark (false) (64.552341ms)
✔ native atomic batch issued before reads remains first (false) (63.075413ms)
✔ failed native atomic batch rejects its caller and leaves later reads ordered (false) (61.97876ms)
✔ native atomic batch follows queued reads and commits the completed write bookmark (true) (43.20401ms)
✔ native atomic batch issued before reads remains first (true) (41.919702ms)
✔ failed native atomic batch rejects its caller and leaves later reads ordered (true) (41.990119ms)
✔ throwing native resolve preserves its completed D1 write bookmark in Kit's outer error response (false) (1421.575486ms)
✔ throwing native resolve preserves its completed D1 write bookmark in Kit's outer error response (true) (1552.930832ms)
✔ native D1 runtime scopes each request and commits its authenticated bookmark (1489.890054ms)
✔ Cloudflare host settings use the trusted binding configuration for D1 Sessions (0.5506ms)
✔ real D1 authenticates on raw storage before scoping and applies write/bookmark constraints (1660.566934ms)
✔ Node: 103 persisted drafts paginate without duplicates after storage reopens (241.177065ms)
✔ D1: 103 persisted drafts paginate without duplicates after storage reopens (6849.827796ms)
✔ Node: registry.test.ts:234: should update a collection (49.661797ms)
✔ Node: registry.test.ts:248: touches updatedAt for an empty update (27.824898ms)
✔ Node: registry.test.ts:336: should throw when updating non-existent collection (27.935315ms)
✔ D1: registry.test.ts:234: should update a collection (303.112123ms)
✔ D1: registry.test.ts:248: touches updatedAt for an empty update (241.52247ms)
✔ D1: registry.test.ts:336: should throw when updating non-existent collection (197.411397ms)
✔ workerd: collection metadata service runs on the actual D1 binding without nodejs_compat (783.491127ms)
✖ collection update: permission precedes hostile input and every storage access (1.368824ms)
✔ Node: metadata partial updates preserve omissions, undefined and explicit [] without schema DDL/version changes (47.28991ms)
✖ Node: strict bounded metadata/preconditions reject before storage and preserve every row (22.335931ms)
✔ Node: empty updates strictly advance timestamp even with a frozen clock and stale CAS never writes (23.211361ms)
✔ Node: changed schema version conflicts and missing collections report NOT_FOUND without writes (22.436362ms)
✔ Node: race between preflight and actual SQL cannot overwrite another metadata update (19.965657ms)
✔ Node: unexpected storage failures retain their error and roll back metadata (27.727922ms)
✔ Node: update returns its own committed row when another writer commits before the adapter returns (20.169815ms)
✔ Node: metadata survives storage/runtime restart and prior timestamp stays stale (52.903986ms)
✔ D1: metadata partial updates preserve omissions, undefined and explicit [] without schema DDL/version changes (295.088153ms)
✖ D1: strict bounded metadata/preconditions reject before storage and preserve every row (221.865163ms)
✔ D1: empty updates strictly advance timestamp even with a frozen clock and stale CAS never writes (245.368073ms)
✔ D1: changed schema version conflicts and missing collections report NOT_FOUND without writes (267.53461ms)
✔ D1: race between preflight and actual SQL cannot overwrite another metadata update (187.63132ms)
✔ D1: unexpected storage failures retain their error and roll back metadata (212.861045ms)
✔ D1: update returns its own committed row when another writer commits before the adapter returns (177.5808ms)
✔ D1: metadata survives storage/runtime restart and prior timestamp stays stale (421.103113ms)
✔ comments Node SQLite readiness preserves SQL literals: correct (14.308407ms)
✔ comments Node SQLite readiness preserves SQL literals: default case (4.82158ms)
✔ comments Node SQLite readiness preserves SQL literals: default whitespace (4.700939ms)
✔ comments Node SQLite readiness preserves SQL literals: partial index case (9.281827ms)
✔ comments Node SQLite readiness preserves SQL literals: collection default case (4.80142ms)
✔ comments Node SQLite readiness preserves SQL literals: source auto approval default (4.561889ms)
✔ comments Node SQLite readiness preserves SQL literals: comments quoted timestamp (4.357941ms)
✔ comments Node SQLite readiness preserves SQL literals: reactions quoted timestamp (4.250229ms)
✔ comments Node SQLite readiness preserves SQL literals: multiword type (4.455608ms)
✔ comments Node SQLite readiness preserves SQL literals: non-ASCII type whitespace (4.429189ms)
✔ comments Node SQLite readiness preserves SQL literals: collection Unicode type (4.797835ms)
✔ comments raw D1 readiness preserves SQL literals: correct (715.610778ms)
✔ comments raw D1 readiness preserves SQL literals: default case (55.204315ms)
✔ comments raw D1 readiness preserves SQL literals: default whitespace (55.120558ms)
✔ comments raw D1 readiness preserves SQL literals: partial index case (48.186722ms)
✔ comments raw D1 readiness preserves SQL literals: collection default case (53.60955ms)
✔ comments raw D1 readiness preserves SQL literals: source auto approval default (66.555892ms)
✔ comments raw D1 readiness preserves SQL literals: comments quoted timestamp (43.868717ms)
✔ comments raw D1 readiness preserves SQL literals: reactions quoted timestamp (50.003743ms)
✔ comments raw D1 readiness preserves SQL literals: multiword type (56.211167ms)
✔ comments raw D1 readiness preserves SQL literals: non-ASCII type whitespace (42.223866ms)
✔ comments raw D1 readiness preserves SQL literals: collection Unicode type (62.404427ms)
✔ comments Node SQLite readiness refuses missing options before requests (15.323174ms)
✔ comments Node SQLite readiness refuses missing rate limits before requests (6.945556ms)
✔ comments raw D1 readiness refuses missing options before requests (744.205795ms)
✔ comments raw D1 readiness refuses missing rate limits before requests (66.38213ms)
✔ ordinary content workspace exposes the real Comments inbox (125.881561ms)
✔ ordinary content workspace exposes both installed Sections and Widgets (1.206013ms)
✔ common management links retain the pinned Comments Menus Redirects Widgets Sections order (1.677483ms)
✔ Comments remains selected while editing actual collection comment settings (0.995587ms)
✔ Sections remains selected on its actual section editor route (0.861826ms)
✔ all installed management links resolve the application base with the current descendant selected (1.031001ms)
✔ the pinned editor-level navigation hides administrator Redirects even when read capability is present (0.804149ms)
✔ read capabilities below the pinned editor display floor expose no management links (0.773934ms)
✔ Redirects selection follows the current real route without requiring an activePage override (1.254636ms)
✔ missing feature routes remain absent even for an administrator (0.710308ms)
✔ schema administration and visible collections remain reachable alongside common navigation (0.644439ms)
✔ anonymous presentation has no management links (0.621936ms)
✔ content_update response data reflects the new title (76.958736ms)
✔ content_get returns the latest draft data after update (44.945763ms)
✔ multiple sequential updates all reflect on read (54.531829ms)
✔ publishing a draft makes its data the new live data on read (52.864341ms)
✔ partial updates merge with current draft (only title changes, body preserved) (49.831651ms)
✔ content_update on collection without revisions support reflects on read (60.00509ms)
✔ liveData is undefined when there is no draft revision (48.810375ms)
✔ liveData carries the published values when a draft revision exists (54.646541ms)
✔ Node: domain null slug remains distinct with omitted data (55.598713ms)
✔ Node: domain empty string slug remains distinct with omitted data (32.980408ms)
✔ Node: domain null slug remains distinct with explicit empty data (33.313259ms)
✔ Node: domain empty string slug remains distinct with explicit empty data (30.015249ms)
✔ D1: domain null slug remains distinct with omitted data (988.569527ms)
✔ D1: domain empty string slug remains distinct with omitted data (321.651264ms)
✔ D1: domain null slug remains distinct with explicit empty data (316.485329ms)
✔ D1: domain empty string slug remains distinct with explicit empty data (273.57924ms)
✔ Node: ordinary list and count retain indexed constructor own-key filters (57.945283ms)
✔ Node: ordinary list and count retain indexed prototype own-key filters (31.844401ms)
✔ D1: ordinary list and count retain indexed constructor own-key filters (1022.167755ms)
✔ D1: ordinary list and count retain indexed prototype own-key filters (268.368503ms)
✔ filters by author (75.619983ms)
✔ passes indexed custom-field filters through the list handler (49.494574ms)
✔ reports a missing collection the same way with and without field filters (44.775928ms)
✔ reports a missing collection ahead of an invalid field filter name (52.477519ms)
✔ reports a missing collection ahead of an oversized filter set (51.119427ms)
✔ rejects an oversized filter set on a collection that exists (39.846214ms)
✔ rejects an invalid field filter name on a collection that exists (39.75061ms)
✔ filters by an inclusive createdAt date range (38.58012ms)
✔ normalizes offset-bearing date bounds before comparing canonical storage (44.998552ms)
✔ includes a boundary timestamp when the upper bound is end-of-day (40.424693ms)
✔ treats a date-only upper bound as inclusive of the whole day (36.734414ms)
✔ supports an open-ended (from-only) range (37.388328ms)
✔ combines author and date range filters (52.837982ms)
✔ ignores a date range with no field (39.900575ms)
✔ a publishedAt range excludes never-published rows (41.061351ms)
✔ content_get on a trashed item returns NOT_FOUND (not the item) (75.738691ms)
✔ content_list does NOT include trashed items by default (54.211277ms)
✔ content_list_trashed returns only trashed items (50.124792ms)
✔ content_update on a trashed item is rejected (item not visible) (60.765654ms)
✔ content_publish on a trashed item is rejected (52.19215ms)
[emdash] draft hydration failed: Error: no such table: _cms_revisions
    at NodeSqliteCompatDatabase.prepare (file:///workspace/cms-full-search-query-api/src/lib/server/database/node-sqlite-compat.ts:82:36)
    at SqliteConnection.executeQuery (file:///workspace/cms-full-search-query-api/node_modules/.pnpm/kysely@0.29.2/node_modules/kysely/dist/dialect/sqlite/sqlite-driver.js:58:31)
    at file:///workspace/cms-full-search-query-api/node_modules/.pnpm/kysely@0.29.2/node_modules/kysely/dist/query-executor/query-executor-base.js:39:41
    at DefaultConnectionProvider.provideConnection (file:///workspace/cms-full-search-query-api/node_modules/.pnpm/kysely@0.29.2/node_modules/kysely/dist/driver/default-connection-provider.js:10:26)
    at async DefaultQueryExecutor.executeQuery (file:///workspace/cms-full-search-query-api/node_modules/.pnpm/kysely@0.29.2/node_modules/kysely/dist/query-executor/query-executor-base.js:38:28)
    at async SelectQueryBuilderImpl.execute (file:///workspace/cms-full-search-query-api/node_modules/.pnpm/kysely@0.29.2/node_modules/kysely/dist/query-builder/select-query-builder.js:318:24)
    at async SelectQueryBuilderImpl.executeTakeFirst (file:///workspace/cms-full-search-query-api/node_modules/.pnpm/kysely@0.29.2/node_modules/kysely/dist/query-builder/select-query-builder.js:322:26)
    at async RevisionRepository.findById (file:///workspace/cms-full-search-query-api/src/lib/server/database/lifecycle/upstream/database/repositories/revision.ts:111:15)
    at async hydrate (file:///workspace/cms-full-search-query-api/src/lib/server/database/content-service.ts:40:19)
    at async file:///workspace/cms-full-search-query-api/tests/content-composition-read-fault.test.ts:31:50 {
  code: 'ERR_SQLITE_ERROR',
  errcode: 1,
  errstr: 'SQL logic error'
}
[emdash] draft hydration failed: Error: no such table: _cms_revisions
    at NodeSqliteCompatDatabase.prepare (file:///workspace/cms-full-search-query-api/src/lib/server/database/node-sqlite-compat.ts:82:36)
    at SqliteConnection.executeQuery (file:///workspace/cms-full-search-query-api/node_modules/.pnpm/kysely@0.29.2/node_modules/kysely/dist/dialect/sqlite/sqlite-driver.js:58:31)
    at file:///workspace/cms-full-search-query-api/node_modules/.pnpm/kysely@0.29.2/node_modules/kysely/dist/query-executor/query-executor-base.js:39:41
    at DefaultConnectionProvider.provideConnection (file:///workspace/cms-full-search-query-api/node_modules/.pnpm/kysely@0.29.2/node_modules/kysely/dist/driver/default-connection-provider.js:10:26)
    at async DefaultQueryExecutor.executeQuery (file:///workspace/cms-full-search-query-api/node_modules/.pnpm/kysely@0.29.2/node_modules/kysely/dist/query-executor/query-executor-base.js:38:28)
    at async SelectQueryBuilderImpl.execute (file:///workspace/cms-full-search-query-api/node_modules/.pnpm/kysely@0.29.2/node_modules/kysely/dist/query-builder/select-query-builder.js:318:24)
    at async SelectQueryBuilderImpl.executeTakeFirst (file:///workspace/cms-full-search-query-api/node_modules/.pnpm/kysely@0.29.2/node_modules/kysely/dist/query-builder/select-query-builder.js:322:26)
    at async RevisionRepository.findById (file:///workspace/cms-full-search-query-api/src/lib/server/database/lifecycle/upstream/database/repositories/revision.ts:111:15)
    at async hydrate (file:///workspace/cms-full-search-query-api/src/lib/server/database/content-service.ts:40:19)
    at async Object.getTrashedContent (file:///workspace/cms-full-search-query-api/src/lib/server/database/content-service.ts:106:65) {
  code: 'ERR_SQLITE_ERROR',
  errcode: 1,
  errstr: 'SQL logic error'
}
✔ Node: ordinary active read falls back to stored live values when only revision hydration fails (81.141013ms)
✔ Node: ordinary trash read falls back to stored live values when only revision hydration fails (62.523468ms)
[emdash] draft hydration failed: Error: D1_ERROR: no such table: _cms_revisions: SQLITE_ERROR
    at Error (file:///workspace/cms-full-search-query-api/tests/helpers/async-d1-storage.ts:40:19)
    at hydrate (file:///workspace/cms-full-search-query-api/node_modules/.pnpm/devalue@5.9.4/node_modules/devalue/src/parse.js:107:24)
    at hydrate (file:///workspace/cms-full-search-query-api/node_modules/.pnpm/devalue@5.9.4/node_modules/devalue/src/parse.js:271:26)
    at unflatten (file:///workspace/cms-full-search-query-api/node_modules/.pnpm/devalue@5.9.4/node_modules/devalue/src/parse.js:278:9)
    ... 3 lines matching cause stack trace ...
    at async execute (file:///workspace/cms-full-search-query-api/tests/helpers/async-d1-storage.ts:55:18)
    at async D1Connection.executeQuery (file:///workspace/cms-full-search-query-api/src/lib/server/database/d1.ts:53:29)
    at async file:///workspace/cms-full-search-query-api/node_modules/.pnpm/kysely@0.29.2/node_modules/kysely/dist/query-executor/query-executor-base.js:39:24 {
  [cause]: Error: no such table: _cms_revisions: SQLITE_ERROR
      at Error (file:///workspace/cms-full-search-query-api/tests/helpers/async-d1-storage.ts:40:19)
      at hydrate (file:///workspace/cms-full-search-query-api/node_modules/.pnpm/devalue@5.9.4/node_modules/devalue/src/parse.js:107:24)
      at hydrate (file:///workspace/cms-full-search-query-api/node_modules/.pnpm/devalue@5.9.4/node_modules/devalue/src/parse.js:271:26)
      at hydrate (file:///workspace/cms-full-search-query-api/node_modules/.pnpm/devalue@5.9.4/node_modules/devalue/src/parse.js:107:32)
      at hydrate (file:///workspace/cms-full-search-query-api/node_modules/.pnpm/devalue@5.9.4/node_modules/devalue/src/parse.js:271:26)
      at unflatten (file:///workspace/cms-full-search-query-api/node_modules/.pnpm/devalue@5.9.4/node_modules/devalue/src/parse.js:278:9)
      at parse (file:///workspace/cms-full-search-query-api/node_modules/.pnpm/devalue@5.9.4/node_modules/devalue/src/parse.js:21:9)
      at file:///workspace/cms-full-search-query-api/tests/helpers/async-d1-storage.ts:50:21
      at process.processTicksAndRejections (node:internal/process/task_queues:104:5)
      at async execute (file:///workspace/cms-full-search-query-api/tests/helpers/async-d1-storage.ts:55:18) {
    [cause]: undefined
  }
}
✔ D1: ordinary active read falls back to stored live values when only revision hydration fails (1238.712484ms)
[emdash] draft hydration failed: Error: D1_ERROR: no such table: _cms_revisions: SQLITE_ERROR
    at Error (file:///workspace/cms-full-search-query-api/tests/helpers/async-d1-storage.ts:40:19)
    at hydrate (file:///workspace/cms-full-search-query-api/node_modules/.pnpm/devalue@5.9.4/node_modules/devalue/src/parse.js:107:24)
    at hydrate (file:///workspace/cms-full-search-query-api/node_modules/.pnpm/devalue@5.9.4/node_modules/devalue/src/parse.js:271:26)
    at unflatten (file:///workspace/cms-full-search-query-api/node_modules/.pnpm/devalue@5.9.4/node_modules/devalue/src/parse.js:278:9)
    ... 3 lines matching cause stack trace ...
    at async execute (file:///workspace/cms-full-search-query-api/tests/helpers/async-d1-storage.ts:55:18)
    at async D1Connection.executeQuery (file:///workspace/cms-full-search-query-api/src/lib/server/database/d1.ts:53:29)
    at async file:///workspace/cms-full-search-query-api/node_modules/.pnpm/kysely@0.29.2/node_modules/kysely/dist/query-executor/query-executor-base.js:39:24 {
  [cause]: Error: no such table: _cms_revisions: SQLITE_ERROR
      at Error (file:///workspace/cms-full-search-query-api/tests/helpers/async-d1-storage.ts:40:19)
      at hydrate (file:///workspace/cms-full-search-query-api/node_modules/.pnpm/devalue@5.9.4/node_modules/devalue/src/parse.js:107:24)
      at hydrate (file:///workspace/cms-full-search-query-api/node_modules/.pnpm/devalue@5.9.4/node_modules/devalue/src/parse.js:271:26)
      at hydrate (file:///workspace/cms-full-search-query-api/node_modules/.pnpm/devalue@5.9.4/node_modules/devalue/src/parse.js:107:32)
      at hydrate (file:///workspace/cms-full-search-query-api/node_modules/.pnpm/devalue@5.9.4/node_modules/devalue/src/parse.js:271:26)
      at unflatten (file:///workspace/cms-full-search-query-api/node_modules/.pnpm/devalue@5.9.4/node_modules/devalue/src/parse.js:278:9)
      at parse (file:///workspace/cms-full-search-query-api/node_modules/.pnpm/devalue@5.9.4/node_modules/devalue/src/parse.js:21:9)
      at file:///workspace/cms-full-search-query-api/tests/helpers/async-d1-storage.ts:50:21
      at process.processTicksAndRejections (node:internal/process/task_queues:104:5)
      at async execute (file:///workspace/cms-full-search-query-api/tests/helpers/async-d1-storage.ts:55:18) {
    [cause]: undefined
  }
}
✔ D1: ordinary trash read falls back to stored live values when only revision hydration fails (348.904356ms)
✔ generic draft save updates revisions and rejects stale mutations (78.937647ms)
✔ generic published save updates revisions and rejects stale mutations (55.243577ms)
✔ generic draft trash restore retains draft revision and clears live publication (54.934361ms)
✔ generic published trash restore retains draft revision and clears live publication (57.965585ms)
✔ generic ownership, null ownership and read-draft capability remain trusted gates (58.430851ms)
✔ generic lists remain bounded summaries and skipRevision retains only the newest pending autosave (72.725254ms)
✖ generic create denies anonymous before storage initialization (0.462827ms)
✖ generic create denies reader before storage initialization (0.322616ms)
▶ findMany complete basic/total declarations
  ✔ should return all content by default (136.121908ms)
  ✔ should filter by status (87.95059ms)
  ✔ should filter by authorId (80.023372ms)
  ✔ should filter by both status and authorId (78.861701ms)
  ✔ should apply limit (93.215585ms)
  ✔ should support cursor pagination (82.018159ms)
  ✔ should not include nextCursor when no more items (79.5975ms)
  ✔ should order by createdAt desc by default (89.570742ms)
  ✔ should support custom ordering (72.386363ms)
  ✔ should default limit to 50 (207.429111ms)
  ✔ should cap limit at 100 (58.664723ms)
  ✔ should not include soft-deleted content (71.157531ms)
  ✔ should return empty array when no items match (58.945377ms)
  ✔ reports total rows regardless of limit (53.265386ms)
  ✔ total respects the where clause (43.785258ms)
  ✔ total stays stable across cursor pages (53.881494ms)
✔ findMany complete basic/total declarations (1350.131547ms)
▶ count complete declarations
  ✔ should count all content of a type (49.382775ms)
  ✔ should count by status (62.466473ms)
  ✔ should count by authorId (51.703942ms)
  ✔ should count by both status and authorId (65.208645ms)
  ✔ should return 0 when no items match (52.043905ms)
  ✔ should not count soft-deleted content (66.722347ms)
✔ count complete declarations (348.071776ms)
✔ Node: ordinary slug-only save changes live metadata without a draft (88.047196ms)
✔ Node: ordinary explicit empty-data save stages a slug (37.288417ms)
[emdash:redirects] publishing redirect artifacts failed: Error: driver has already been destroyed
    at RuntimeDriver.acquireConnection (file:///workspace/cms-full-search-query-api/node_modules/.pnpm/kysely@0.29.2/node_modules/kysely/dist/driver/runtime-driver.js:44:19)
    at DefaultConnectionProvider.provideConnection (file:///workspace/cms-full-search-query-api/node_modules/.pnpm/kysely@0.29.2/node_modules/kysely/dist/driver/default-connection-provider.js:8:47)
    at DefaultQueryExecutor.provideConnection (file:///workspace/cms-full-search-query-api/node_modules/.pnpm/kysely@0.29.2/node_modules/kysely/dist/query-executor/default-query-executor.js:20:41)
    at TransactionBuilder.execute (file:///workspace/cms-full-search-query-api/node_modules/.pnpm/kysely@0.29.2/node_modules/kysely/dist/kysely.js:672:37)
    at withTransaction (file:///workspace/cms-full-search-query-api/src/lib/server/database/lifecycle/upstream/database/transaction.ts:63:41)
    at publishRedirectArtifacts (file:///workspace/cms-full-search-query-api/src/lib/server/redirects/artifacts.ts:185:8)
    at async publishRedirectChanges (file:///workspace/cms-full-search-query-api/src/lib/server/redirects/artifacts.ts:277:3)
✔ D1: ordinary slug-only save changes live metadata without a draft (993.97432ms)
✔ D1: ordinary explicit empty-data save stages a slug (322.365305ms)
✔ lists only the trashed entries in the requested locale (79.134823ms)
✔ lists every locale when no locale is given (53.080347ms)
✔ returns each item's locale so the trash list can display it (44.81492ms)
✔ counts only the trashed entries in the requested locale (51.614167ms)
✔ revision tokens bind collection, entry and locale without using updatedAt as a wire precondition (2.950877ms)
✔ wire inputs carry schema data and reject caller identity, system columns and raw revisions (0.807848ms)
✔ local database: actual D1 values and atomic rollback use zero synchronous waits (233.959333ms)
✔ collection update: actual D1 values and atomic rollback use zero synchronous waits (156.858932ms)
✔ local database: custom Worker dispatch retains request data and the same actual DB (79.31836ms)
✔ direct fixtures: original persistent DB identifiers remain separate across restart (800.706021ms)
✔ fresh D1 fixtures keep separate real databases while sharing their runtime (694.747669ms)
✔ closing one D1 fixture rejects stale queries and leaves its peer intact (29.112436ms)
✔ D1 runtime groups rotate after 256 distinct databases without recycling a closed database (3571.330255ms)
✔ persistent D1 fixtures retain their dedicated runtime and actual data across restart (185.171678ms)
✔ control: installed Miniflare proxy exposes the delayed prior-notification race (279.884898ms)
✔ D1 fixture matches each response when a prior synchronous notification arrives late (643.785467ms)
✔ D1 fixture executes queries and atomic batches without synchronously blocking Node (14.899533ms)
✔ D1 fixture preserves actual D1 parameters, result metadata and malformed-batch rollback (114.123745ms)
✔ D1 fixture owns disposal and preserves isolated real D1 storage across restart (193.08571ms)
✔ source: raw binding reports supportsMultipleConnections: true (0.740776ms)
✔ source: lets concurrent queries overlap instead of serializing behind a mutex (5.500159ms)
✔ source: raw adapter declares the compound SELECT ceiling (0.233982ms)
✔ source: raw adapter exposes atomic batches (0.116936ms)
✔ source: forwards compiled statements to one binding batch and maps results (12.135116ms)
✔ source: preserves DELETE RETURNING rows through the raw binding dialect (5.954183ms)
✔ local: an unsettled first binding read does not block the next query (11.344876ms)
✔ Node: equivalent schema, scalar, CAS, soft-delete and persisted session contract (111.083283ms)
✔ Node: failed batch rolls back DML and CREATE/ALTER/DROP DDL (3.13864ms)
✔ Node: fresh/v1 auth failures roll back all DDL and migration markers (111.524299ms)
✔ Node: incomplete/future migration state fails without repair (82.525734ms)
✔ D1: equivalent schema, scalar, CAS, soft-delete and persisted session contract (672.967173ms)
✔ D1: failed batch rolls back DML and CREATE/ALTER/DROP DDL (138.519713ms)
✔ D1: fresh/v1 auth failures roll back all DDL and migration markers (1099.553425ms)
✔ D1: incomplete/future migration state fails without repair (870.848469ms)
✔ D1: deterministic stale fresh/v1 callers recover the actual binding error envelope (598.444098ms)
✔ D1: concurrent same-slug creators map the real UNIQUE envelope to COLLECTION_EXISTS (187.292846ms)
✔ D1: startup accepts a complete upgrade between actual preflight reads (269.847685ms)
✔ D1: one actual batch forwards parameters/order, RETURNING rows, zero/positive changes and insert IDs (116.376986ms)
✔ D1: unrelated envelopes do not turn into successful migration race recovery (189.789368ms)
✔ local: envelope classifier keeps Node messages and ignores lookalike/unknown D1 formats (0.74265ms)
✔ D1: callback transactions, streaming and general introspection reject explicitly (77.983384ms)
✔ D1: raw parameter variants retain binding support/rejections without Node normalization (191.502309ms)
✖ D1 and Node: v1 content and hashed sessions persist across close/reopen and revocation (7.901742ms)
✔ local workerd: real D1-backed CMS/session core runs without nodejs_compat (491.524954ms)
▶ ported openNodeSqliteDatabase
  ✔ implements the statement contract Kysely uses (4.829147ms)
  ✔ supports direct statement calls (0.9024ms)
  ✔ can be closed more than once (0.360894ms)
  ✔ normalizes supported positional values without shifting parameters (0.516468ms)
  ✔ rejects an unsupported plain object before executing the statement (0.906015ms)
  ✔ rejects an unsupported array before executing the statement (0.41172ms)
  ✔ rejects an unsupported date before executing the statement (0.317429ms)
  ✔ rejects an unsupported boxed number before executing the statement (0.320183ms)
  ✔ applies connection defaults without changing the journal mode (0.679604ms)
  ✔ switches to WAL with NORMAL synchronization when requested (2.318223ms)
  ✔ keeps NORMAL synchronization when reopening an existing WAL database without the option (0.512782ms)
✔ ported openNodeSqliteDatabase (13.454775ms)
▶ ported EmDash SchemaRegistry assertions
  ✔ should create a collection (45.507336ms)
  ✔ F14: defaults supports to ['drafts', 'revisions'] when undefined (24.312567ms)
  ✔ F14: preserves explicit empty supports array (opt-out) (20.669628ms)
  ✔ should create the content table when creating a collection (25.237511ms)
  ✔ rejects an unregistered content table with a structured conflict (21.315475ms)
  ✔ should list collections (22.911476ms)
  ✔ should get a collection by slug (26.918094ms)
  ✔ should return null for non-existent collection (21.386127ms)
  ✔ should throw when creating duplicate collection (25.083188ms)
  ✔ should add column to content table when creating field (28.035818ms)
  ✔ should get a field by slug (26.693305ms)
  ✔ should reject reserved field slugs (22.705045ms)
✔ ported EmDash SchemaRegistry assertions (312.904918ms)
▶ ported EmDash ContentRepository draft assertions
  ✔ should create content with minimal data (34.66042ms)
  ✔ should throw error for duplicate type+slug (32.897774ms)
  ✔ should allow same slug for different types (32.076386ms)
  ✔ should allow null slug (31.011742ms)
  ✔ should generate unique ID (32.427315ms)
  ✔ should find content by ID (32.540566ms)
  ✔ should return null for non-existent ID (31.917567ms)
  ✔ should return null when type doesn't match (29.771954ms)
✔ ported EmDash ContentRepository draft assertions (258.037652ms)
✔ mutation authorization precedes hostile input access and storage; permitted callers still validate (4.741505ms)
✔ system migration, additive field and drafts survive close/reopen (128.439468ms)
✔ independent additive DDL failure rolls back metadata and schema guard (29.203167ms)
✔ batch failures roll back both DDL and DML (18.948284ms)
✔ SQL identifiers, unknown/system fields and client ownership claims are rejected; quoted values remain inert (29.61688ms)
✔ database constraints enforce required NULL, locale slug uniqueness and foreign keys; unique is metadata and service validates lengths (43.548203ms)
✔ anonymous/empty principals and missing permissions fail closed before any query (1.106267ms)
✔ owner permissions use persisted author; any permission permits another author (30.513122ms)
✔ two independent connections competing from the same revision yield exactly one successful update (48.150058ms)
✔ schema version conflicts and field bounds preserve existing definitions (120.144768ms)
✔ summary query excludes large bodies, clamps pages, orders ties, scopes locales and validates cursors (189.630879ms)
✔ unique flags remain metadata across collection/field underscore boundaries (27.596005ms)
✔ field length semantics preserve pinned Unicode codepoints and embedded NUL (35.971476ms)
✔ migrations reject unknown versions and unmanaged system tables without mutation (2.120064ms)
✔ schema defaults reject NUL before DDL while escaped quotes remain inert (25.460537ms)
✔ cursor OR branches keep locale and trash filters when titles and slugs are null (30.615765ms)
✔ concurrent same-slug collection creation reports a sanitized conflict and preserves unrelated failures (28.89972ms)
✔ version-one migration markers reject missing system tables without repair or mutation (66.692039ms)
✔ same-slug creation at the collection cap still reports duplicate while new slugs report the bound (129.988232ms)
✔ doctor returns actionable JSON failure without creating a missing database (320.68733ms)
✔ doctor reads the real installed migrations, collection and empty identity tables without writes (396.308205ms)
✔ doctor reports pending migrations from the actual registered provider universe (308.107268ms)
✔ doctor does not accept unknown or gapped native migration records as fully applied (327.499461ms)
✔ doctor reports actual orphaned content tables without including ordinary operator tables (347.50713ms)
✔ doctor detects noncanonical persisted content and nested/revision datetimes without repairing them (402.211521ms)
✔ doctor reports invalid datetime data as an inspection failure (376.19346ms)
✔ doctor combines actual Native Worker wiring diagnostics with a missing local database (329.909401ms)
✔ doctor provides Native TOML trigger guidance for a real maintenance handler (359.947518ms)
✔ doctor reports JSONC locations and does not print configuration values (255.157772ms)
✔ doctor reports TOML locations without including configuration source excerpts (304.612937ms)
✔ doctor accepts explicit database paths and prints native human-readable summaries (355.562035ms)
✔ doctor rejects invalid flags with a useful usage error (680.428268ms)
▶ draft preview applies defaults only to absent persisted keys
  ✔ string, schema default: absent key (1.666331ms)
  ✔ string, schema default: explicit null (0.264919ms)
  ✔ string, schema default: empty string (0.162675ms)
  ✔ string, schema default: false (0.142394ms)
  ✔ string, schema default: zero (0.135705ms)
  ✔ string, schema default: stored string (0.1258ms)
  ✔ string, schema default: inherited key (0.162805ms)
  ✔ string, absent default: absent key (0.135144ms)
  ✔ string, absent default: explicit null (0.183777ms)
  ✔ string, absent default: empty string (0.298159ms)
  ✔ string, absent default: false (0.1063ms)
  ✔ string, absent default: zero (0.111398ms)
  ✔ string, absent default: stored string (0.073151ms)
  ✔ string, absent default: inherited key (0.099941ms)
  ✔ string, null default: absent key (0.192941ms)
  ✔ string, null default: explicit null (0.076195ms)
  ✔ string, null default: empty string (0.05315ms)
  ✔ string, null default: false (0.05318ms)
  ✔ string, null default: zero (0.070696ms)
  ✔ string, null default: stored string (0.054642ms)
  ✔ string, null default: inherited key (0.048323ms)
  ✔ text, schema default: absent key (0.29164ms)
  ✔ text, schema default: explicit null (0.095414ms)
  ✔ text, schema default: empty string (0.057517ms)
  ✔ text, schema default: false (0.050256ms)
  ✔ text, schema default: zero (0.051157ms)
  ✔ text, schema default: stored string (0.048133ms)
  ✔ text, schema default: inherited key (0.050927ms)
  ✔ text, absent default: absent key (0.049014ms)
  ✔ text, absent default: explicit null (0.047071ms)
  ✔ text, absent default: empty string (0.045599ms)
  ✔ text, absent default: false (0.08592ms)
  ✔ text, absent default: zero (0.048123ms)
  ✔ text, absent default: stored string (0.049915ms)
  ✔ text, absent default: inherited key (0.070636ms)
  ✔ text, null default: absent key (0.070436ms)
  ✔ text, null default: explicit null (0.049093ms)
  ✔ text, null default: empty string (0.04698ms)
  ✔ text, null default: false (0.04634ms)
  ✔ text, null default: zero (0.050496ms)
  ✔ text, null default: stored string (0.086851ms)
  ✔ text, null default: inherited key (0.080061ms)
  ✔ string, constructor: absent (0.189625ms)
  ✔ string, constructor: inherited (0.136926ms)
  ✔ string, constructor: own (0.067431ms)
  ✔ string, constructor: null (0.058008ms)
  ✔ string, prototype: absent (0.109394ms)
  ✔ string, prototype: inherited (0.128113ms)
  ✔ string, prototype: own (0.06612ms)
  ✔ string, prototype: null (0.057977ms)
  ✔ text, constructor: absent (0.057066ms)
  ✔ text, constructor: inherited (0.069264ms)
  ✔ text, constructor: own (0.055053ms)
  ✔ text, constructor: null (0.049835ms)
  ✔ text, prototype: absent (0.051167ms)
  ✔ text, prototype: inherited (0.049745ms)
  ✔ text, prototype: own (0.047321ms)
  ✔ text, prototype: null (0.084317ms)
✔ draft preview applies defaults only to absent persisted keys (90.197721ms)
✔ local D1: locales, concurrent restore, retained data and persisted restart (785.044419ms)
✔ local D1: SQL ownership predicate and batch rollback protect retained trash (600.93043ms)
✔ Node: schema changed after restore preflight rolls back the guard and leaves trash intact (42.567806ms)
✔ D1: schema changed after restore preflight rolls back the guard and leaves trash intact (591.090642ms)
✖ Node: concurrent v1 trash index installers preserve rows and reach complete v2 (18.580739ms)
✖ Node: v1 wrong same-name objects reject migration without mutation (11.676937ms)
✖ Node: v1 incompatible index appearing after preflight rejects and rolls back installer changes (4.321503ms)
✔ Node: concurrent v2 trash index installers preserve rows and reach complete v2 (137.222563ms)
✔ Node: v2 wrong same-name objects reject migration without mutation (211.542057ms)
✔ Node: v2 incompatible index appearing after preflight rejects and rolls back installer changes (59.375334ms)
✖ Node: v1 trash index batch failure rolls back auth DDL, marker upgrade and index together (3.980358ms)
✖ Node: invalid known auth states reject before any trash index installer batch (6.337801ms)
✖ Node: backfilled existing index and retained trash survive storage restart with unchanged schema metadata (10.195083ms)
✖ D1: concurrent v1 trash index installers preserve rows and reach complete v2 (189.828726ms)
✖ D1: v1 wrong same-name objects reject migration without mutation (184.00431ms)
✖ D1: v1 incompatible index appearing after preflight rejects and rolls back installer changes (153.556508ms)
✔ D1: concurrent v2 trash index installers preserve rows and reach complete v2 (493.91221ms)
✔ D1: v2 wrong same-name objects reject migration without mutation (3223.650366ms)
✔ D1: v2 incompatible index appearing after preflight rejects and rolls back installer changes (733.274849ms)
✖ D1: v1 trash index batch failure rolls back auth DDL, marker upgrade and index together (128.241097ms)
✖ D1: invalid known auth states reject before any trash index installer batch (122.739047ms)
✖ D1: backfilled existing index and retained trash survive storage restart with unchanged schema metadata (145.401273ms)
