✔ Node: 103 persisted drafts paginate without duplicates after storage reopens (247.23792ms)
✔ D1: 103 persisted drafts paginate without duplicates after storage reopens (7083.628435ms)
✔ workerd: collection metadata service runs on the actual D1 binding without nodejs_compat (763.984485ms)
✔ workerd: draft restore uses actual D1 without nodejs_compat, with one concurrent CAS winner (821.96306ms)
✔ Node source: five collection output, manifest-build.test.ts:537 (64.957805ms)
✔ Node supplemental: 0/1/50/51/100 boundaries preserve ordered projection with bounded reads (179.856887ms)
✔ Node supplemental: each collection retains its 32-field cap, including ignored malformed rows (47.397051ms)
✔ Node supplemental: authorization precedes SQL; constructor fields remain unparsed; errors propagate (25.496413ms)
✔ Node supplemental: uncached collection and field changes appear on the next read (26.831735ms)
✔ D1 source: five collection output, manifest-build.test.ts:537 (2469.585707ms)
✔ D1 supplemental: 0/1/50/51/100 boundaries preserve ordered projection with bounded reads (7965.418879ms)
✔ D1 supplemental: each collection retains its 32-field cap, including ignored malformed rows (1717.948948ms)
✔ D1 supplemental: authorization precedes SQL; constructor fields remain unparsed; errors propagate (1187.389546ms)
✔ D1 supplemental: uncached collection and field changes appear on the next read (1130.644193ms)
✔ workerd supplemental: manifest executes on the actual local D1 binding without nodejs_compat (289.846452ms)
ℹ tests 15
ℹ suites 0
ℹ pass 15
ℹ fail 0
ℹ cancelled 0
ℹ skipped 0
ℹ todo 0
ℹ duration_ms 16894.575172
