✔ Node: 103 persisted drafts paginate without duplicates after storage reopens (415.665374ms)
✔ D1: 103 persisted drafts paginate without duplicates after storage reopens (10908.111289ms)
✔ workerd: collection metadata service runs on the actual D1 binding without nodejs_compat (998.887811ms)
✔ workerd: draft restore uses actual D1 without nodejs_compat, with one concurrent CAS winner (1110.122206ms)
✔ Node source: five collection output, manifest-build.test.ts:537 (102.601369ms)
✔ Node supplemental: 0/1/50/51/100 boundaries preserve ordered projection with bounded reads (240.03783ms)
✔ Node supplemental: each collection retains its 32-field cap, including ignored malformed rows (48.412596ms)
✔ Node supplemental: authorization precedes SQL; constructor fields remain unparsed; errors propagate (28.063612ms)
✔ Node supplemental: uncached collection and field changes appear on the next read (25.031378ms)
✔ D1 source: five collection output, manifest-build.test.ts:537 (3317.883377ms)
✔ D1 supplemental: 0/1/50/51/100 boundaries preserve ordered projection with bounded reads (11968.099215ms)
✔ D1 supplemental: each collection retains its 32-field cap, including ignored malformed rows (1574.914814ms)
✔ D1 supplemental: authorization precedes SQL; constructor fields remain unparsed; errors propagate (1076.108798ms)
✔ D1 supplemental: uncached collection and field changes appear on the next read (1144.647353ms)
✔ workerd supplemental: manifest executes on the actual local D1 binding without nodejs_compat (305.830634ms)
ℹ tests 15
ℹ suites 0
ℹ pass 15
ℹ fail 0
ℹ cancelled 0
ℹ skipped 0
ℹ todo 0
ℹ duration_ms 22325.762017
