$ vitest run --config vitest.query-sdk-native.config.ts

 RUN  v4.1.10 /workspace/cms-full-search-query-api


 Test Files  3 passed (3)
      Tests  8 passed (8)
   Start at  19:03:18
   Duration  2.93s (transform 944ms, setup 0ms, import 1.83s, tests 425ms, environment 0ms)

$ vitest run --config vitest.query-sdk-render.config.ts

 RUN  v4.1.10 /workspace/cms-full-search-query-api


 Test Files  1 passed (1)
      Tests  3 passed (3)
   Start at  19:03:21
   Duration  1.95s (transform 858ms, setup 0ms, import 1.62s, tests 218ms, environment 0ms)

$ node scripts/check-query-sdk-read-fixture-source.mjs && vitest run --config vitest.query-sdk-plan-reference.config.mts && vitest run --config vitest.query-sdk-read-storage.config.mts
{"pin":"913cb1bb9b7f08c3ff0d258b4420e53835b6a58e","wholeReferenceAuthorities":17,"newWholeAuthorities":8,"reusedPublicTaxAuthorities":9,"productCallbacksRun":0,"nativeCanonicalOrBylineCredit":0}

 RUN  v4.1.10 /workspace/cms-full-search-query-api


 Test Files  3 passed (3)
      Tests  20 passed (20)
   Start at  19:03:24
   Duration  6.85s (transform 1.63s, setup 0ms, import 2.95s, tests 3.25s, environment 0ms)


 RUN  v4.1.10 /workspace/cms-full-search-query-api


 Test Files  1 passed (1)
      Tests  2 passed (2)
   Start at  19:03:31
   Duration  2.24s (transform 1.40s, setup 0ms, import 1.88s, tests 227ms, environment 0ms)

