$ node scripts/check-search-source.mjs && vitest run --config vitest.full-search.config.ts && vitest run --config vitest.search-review.config.ts && pnpm test:search-ui-source && vitest run --config vitest.search-native-ui.config.ts
{"pin":"913cb1bb9b7f08c3ff0d258b4420e53835b6a58e","wholeSelectedFamilies":14,"wholeRemainingFamilies":9,"testDeclarations":58,"expectExpressions":128,"productTestsRun":0}

 RUN  v4.1.10 /workspace/cms-full-search-query-api


 Test Files  16 passed (16)
      Tests  76 passed (76)
   Start at  19:03:18
   Duration  11.65s (transform 856ms, setup 0ms, import 5.19s, tests 3.54s, environment 1ms)


 RUN  v4.1.10 /workspace/cms-full-search-query-api


 Test Files  3 passed (3)
      Tests  12 passed (12)
   Start at  19:03:30
   Duration  1.72s (transform 401ms, setup 0ms, import 978ms, tests 355ms, environment 0ms)

$ node scripts/check-search-ui-source.mjs && vitest run --config vitest.search-ui-source.config.ts
{"pin":"913cb1bb9b7f08c3ff0d258b4420e53835b6a58e","wholeSelectedFamilies":2,"wholeRemainingFamilies":0,"testDeclarations":14,"expectExpressions":24,"productTestsRun":0}

 RUN  v4.1.10 /workspace/cms-full-search-query-api


 Test Files  2 passed (2)
      Tests  14 passed (14)
   Start at  19:03:33
   Duration  473ms (transform 47ms, setup 0ms, import 82ms, tests 92ms, environment 0ms)


 RUN  v4.1.10 /workspace/cms-full-search-query-api


 Test Files  1 passed (1)
      Tests  4 passed (4)
   Start at  19:03:34
   Duration  803ms (transform 542ms, setup 0ms, import 661ms, tests 6ms, environment 0ms)

