$ node scripts/check-search-source.mjs && vitest run --config vitest.full-search.config.ts && vitest run --config vitest.search-review.config.ts && pnpm test:search-ui-source && vitest run --config vitest.search-native-ui.config.ts
{"pin":"913cb1bb9b7f08c3ff0d258b4420e53835b6a58e","wholeSelectedFamilies":14,"wholeRemainingFamilies":9,"testDeclarations":58,"expectExpressions":128,"productTestsRun":0}

 RUN  v4.1.10 /workspace/cms-full-search-query-api


 Test Files  16 passed (16)
      Tests  76 passed (76)
   Start at  18:41:00
   Duration  18.88s (transform 2.26s, setup 0ms, import 9.11s, tests 5.81s, environment 3ms)


 RUN  v4.1.10 /workspace/cms-full-search-query-api


 Test Files  3 passed (3)
      Tests  12 passed (12)
   Start at  18:41:20
   Duration  3.45s (transform 1.19s, setup 0ms, import 2.21s, tests 619ms, environment 0ms)

$ node scripts/check-search-ui-source.mjs && vitest run --config vitest.search-ui-source.config.ts
{"pin":"913cb1bb9b7f08c3ff0d258b4420e53835b6a58e","wholeSelectedFamilies":2,"wholeRemainingFamilies":0,"testDeclarations":14,"expectExpressions":24,"productTestsRun":0}

 RUN  v4.1.10 /workspace/cms-full-search-query-api


 Test Files  2 passed (2)
      Tests  14 passed (14)
   Start at  18:41:24
   Duration  1.01s (transform 75ms, setup 0ms, import 175ms, tests 147ms, environment 0ms)


 RUN  v4.1.10 /workspace/cms-full-search-query-api


 Test Files  1 passed (1)
      Tests  4 passed (4)
   Start at  18:41:27
   Duration  2.20s (transform 1.62s, setup 0ms, import 1.97s, tests 11ms, environment 0ms)

