$ node scripts/check-search-source.mjs && vitest run --config vitest.full-search.config.ts && vitest run --config vitest.search-review.config.ts && pnpm test:search-ui-source && vitest run --config vitest.search-native-ui.config.ts
{"pin":"913cb1bb9b7f08c3ff0d258b4420e53835b6a58e","wholeSelectedFamilies":14,"wholeRemainingFamilies":9,"testDeclarations":58,"expectExpressions":128,"productTestsRun":0}

 RUN  v4.1.10 /workspace/cms-full-search-query-api


 Test Files  16 passed (16)
      Tests  76 passed (76)
   Start at  03:34:09
   Duration  34.63s (transform 2.25s, setup 0ms, import 16.15s, tests 11.15s, environment 6ms)


 RUN  v4.1.10 /workspace/cms-full-search-query-api


 Test Files  3 passed (3)
      Tests  12 passed (12)
   Start at  03:34:45
   Duration  7.65s (transform 1.93s, setup 0ms, import 4.13s, tests 1.77s, environment 0ms)

[ERR_PNPM_UNSUPPORTED_ENGINE] Unsupported environment (bad pnpm and/or Node.js version)

Your pnpm version is incompatible with "/workspace/cms-full-search-query-api".

Expected version: 12.6.0
Got: 11.19.0

This is happening because the package's manifest has an engines.pnpm field specified.
To fix this issue, install the required pnpm version globally.

To install the latest version of pnpm, run "pnpm i -g pnpm".
To check your pnpm version, run "pnpm -v".
[ELIFECYCLE] Command failed with exit code 1.
