docs/receipts/schema-admin-completion/collection-index-forward3-initial.log:124: new blank line at EOF.
docs/receipts/schema-admin-completion/collection-index-native3-initial.log:125: new blank line at EOF.
docs/receipts/schema-admin-completion/corrected-native-baseline.log:199: new blank line at EOF.
docs/receipts/schema-admin-completion/index-trigger-corrected-baseline.log:36: new blank line at EOF.
docs/receipts/schema-admin-completion/index-trigger-initial-fixture.log:47: new blank line at EOF.
docs/receipts/schema-admin-completion/initial-native-baseline.log:48: new blank line at EOF.
docs/receipts/schema-admin-completion/response-r2-native1-production.log:9: new blank line at EOF.
docs/receipts/schema-admin-completion/response-r2-native8.log:199: new blank line at EOF.
docs/receipts/schema-admin-completion/response-r2-source22.log:9: new blank line at EOF.
docs/receipts/schema-admin-completion/response-regression-initial-baseline.log:51: new blank line at EOF.
docs/receipts/schema-admin-completion/schema103-atomic-adapters-corrected-initial.log:226: new blank line at EOF.
docs/receipts/schema-admin-completion/schema103-atomic-adapters-first-fix.log:9: new blank line at EOF.
docs/receipts/schema-admin-completion/schema103-atomic-adapters-initial.log:221: new blank line at EOF.
docs/receipts/schema-admin-completion/schema103-atomic-adapters-product-baseline.log:1427: new blank line at EOF.
docs/receipts/schema-admin-completion/schema103-atomic-adapters-refactor.log:9: new blank line at EOF.
docs/receipts/schema-admin-completion/schema103-atomic-adapters-typecheck.log:6: trailing whitespace.
+Error: 'row' is of type 'unknown'. 
docs/receipts/schema-admin-completion/schema103-atomic-d1-influence-correction.log:9: new blank line at EOF.
docs/receipts/schema-admin-completion/schema103-full13-r3-stationary.log:1899: trailing whitespace.
+  
docs/receipts/schema-admin-completion/schema103-full13-r3-stationary.log:1901: trailing whitespace.
+  
docs/receipts/schema-admin-completion/schema103-full13-r3-stationary.log:1916: trailing whitespace.
+  
docs/receipts/schema-admin-completion/schema103-full13-r3-stationary.log:1918: trailing whitespace.
+  
docs/receipts/schema-admin-completion/schema103-index-creation-fixed.log:9: new blank line at EOF.
docs/receipts/schema-admin-completion/schema103-index-creation-refactor.log:9: new blank line at EOF.
docs/receipts/schema-admin-completion/schema103-index-forward-fixed.log:28: new blank line at EOF.
docs/receipts/schema-admin-completion/schema103-index-forward-legacy-fix.log:9: new blank line at EOF.
docs/receipts/schema-admin-completion/schema103-index-forward-refactor.log:9: new blank line at EOF.
docs/receipts/schema-admin-completion/schema103-response-native1-refactor.log:9: new blank line at EOF.
docs/receipts/schema-admin-completion/schema103-response-source22-refactor.log:9: new blank line at EOF.
docs/receipts/schema-admin-completion/schema103-source080-fixed-witness.log:9: new blank line at EOF.
docs/receipts/schema-admin-completion/schema103-source080-refactor-witness.log:9: new blank line at EOF.
docs/receipts/schema-admin-completion/schema103-terminal-index13.log:12: new blank line at EOF.
docs/receipts/schema-admin-completion/schema103-terminal-response1.log:11: new blank line at EOF.
docs/receipts/schema-admin-completion/schema103-terminal-source22.log:12: new blank line at EOF.
docs/receipts/schema-admin-completion/schema103-whole-cloudflare-source-refusal-followup.log:9: new blank line at EOF.
docs/receipts/schema-admin-completion/source22-initial-baseline.log:70: new blank line at EOF.
