$ node scripts/check-search-source.mjs && vitest run --config vitest.full-search.config.ts && vitest run --config vitest.search-review.config.ts && pnpm test:search-ui-source && vitest run --config vitest.search-native-ui.config.ts
{"pin":"913cb1bb9b7f08c3ff0d258b4420e53835b6a58e","wholeSelectedFamilies":14,"wholeRemainingFamilies":9,"testDeclarations":58,"expectExpressions":128,"productTestsRun":0}

 RUN  v4.1.10 /workspace/cms-full-search-query-api


 Test Files  16 passed (16)
      Tests  76 passed (76)
   Start at  03:37:30
   Duration  26.62s (transform 2.41s, setup 0ms, import 13.45s, tests 7.55s, environment 3ms)


 RUN  v4.1.10 /workspace/cms-full-search-query-api


 Test Files  3 passed (3)
      Tests  12 passed (12)
   Start at  03:37:57
   Duration  4.14s (transform 932ms, setup 0ms, import 2.34s, tests 808ms, environment 0ms)

$ node scripts/check-search-ui-source.mjs && vitest run --config vitest.search-ui-source.config.ts
{"pin":"913cb1bb9b7f08c3ff0d258b4420e53835b6a58e","wholeSelectedFamilies":2,"wholeRemainingFamilies":0,"testDeclarations":14,"expectExpressions":24,"productTestsRun":0}

 RUN  v4.1.10 /workspace/cms-full-search-query-api


 Test Files  2 passed (2)
      Tests  14 passed (14)
   Start at  03:38:03
   Duration  633ms (transform 79ms, setup 0ms, import 131ms, tests 105ms, environment 0ms)


 RUN  v4.1.10 /workspace/cms-full-search-query-api


 Test Files  1 passed (1)
      Tests  4 passed (4)
   Start at  03:38:06
   Duration  1.97s (transform 1.29s, setup 0ms, import 1.62s, tests 23ms, environment 0ms)

