? Verifying lockfile against supply-chain policies (534 entries)...
Update available! 12.6.0 → 12.9.1.
Changelog: https://pnpm.io/v/12.9.1
To update, run: curl -fsSL https://get.pnpm.io/install.sh | sh -
✓ Lockfile passes supply-chain policies (534 entries in 8.2s)
Lockfile is up to date, resolution step is skipped
Packages: +14
++++++++++++++
Progress: resolved 14, reused 14, downloaded 0, added 14, done
. prepare$ svelte-kit sync
. prepare: Done

devDependencies:
+ pg 8.18.0

Done in 11.3s using pnpm v12.6.0
$ node scripts/check-query-sdk-source.mjs && node scripts/check-query-sdk-astro-authority.mjs && vitest run --config vitest.query-sdk.config.ts
{"pin":"913cb1bb9b7f08c3ff0d258b4420e53835b6a58e","wholeFamilies":27,"selectedWholeFamilies":25,"deferredWholeFamilies":2,"testDeclarations":192,"expectExpressions":463,"productTestsRun":0}
{"genuinePackage":"astro@7.3.2","wholeAuthorities":5,"errorLeafRuntimeDependencies":0,"requestedOriginalExports":["LiveEntryNotFoundError"],"productTestsRun":0,"fullAstroRuntimeOrRendererCredit":0}

 RUN  v4.1.10 /workspace/cms-full-search-query-api

 ❯ parity/emdash/query-sdk-source/upstream/packages/core/tests/unit/loader-boolean-fields.test.ts (4 tests | 2 failed) 909ms
     × returns booleans from single-entry loads 180ms
     × returns booleans from revision previews without coercing integer fields 110ms
 ❯ parity/emdash/query-sdk-source/upstream/packages/core/tests/unit/loader-media-src.test.ts (4 tests | 2 failed) 692ms
     × resolves bare media ID in loadEntry 167ms
     × resolves bare media ID in revision-backed loadEntry 164ms
 ❯ parity/emdash/query-sdk-source/upstream/packages/core/tests/integration/loader-cursor-plan.test.ts (0 test)
 ❯ parity/emdash/query-sdk-source/upstream/packages/core/tests/integration/loader-fold-plan.test.ts (0 test)
 ❯ parity/emdash/query-sdk-source/upstream/packages/core/tests/integration/loader-fold.test.ts (0 test)
 ❯ parity/emdash/query-sdk-source/upstream/packages/core/tests/integration/loader-taxonomy-pivot-plan.test.ts (0 test)
 ❯ parity/emdash/query-sdk-source/upstream/packages/core/tests/unit/loader-nullable-order-pagination.test.ts (0 test)
 ❯ parity/emdash/query-sdk-source/upstream/packages/core/tests/unit/loader-revision-preview.test.ts (0 test)
 ❯ parity/emdash/query-sdk-source/upstream/packages/core/tests/unit/loader-scheduled-publishing.test.ts (0 test)
 ❯ parity/emdash/query-sdk-source/upstream/packages/core/tests/unit/loader-seo.test.ts (0 test)
 ❯ parity/emdash/query-sdk-source/upstream/packages/core/tests/unit/loader-wide-collection.test.ts (0 test)
stderr | parity/emdash/query-sdk-source/upstream/packages/core/tests/unit/query-fold-public-shape.test.ts > byline/term fold public hydrated shape > exposes byline.avatarMediaId on the public shape
[emdash] Failed to hydrate bylines: Cannot find module '/src/lib/server/bylines/index.ts' imported from /workspace/cms-full-search-query-api/src/lib/server/query.ts

 ❯ parity/emdash/query-sdk-source/upstream/packages/core/tests/unit/query-fold-public-shape.test.ts (2 tests | 1 failed) 491ms
     × exposes byline.avatarMediaId on the public shape 220ms
 ❯ parity/emdash/query-sdk-source/upstream/packages/core/tests/unit/bylines/bylines-query.test.ts (0 test)

⎯⎯⎯⎯⎯⎯ Failed Suites 10 ⎯⎯⎯⎯⎯⎯

 FAIL  parity/emdash/query-sdk-source/upstream/packages/core/tests/integration/loader-cursor-plan.test.ts [ parity/emdash/query-sdk-source/upstream/packages/core/tests/integration/loader-cursor-plan.test.ts ]
Error: Cannot find module '#node-sqlite' imported from /workspace/cms-full-search-query-api/parity/emdash/query-sdk-source/upstream/packages/core/tests/integration/loader-cursor-plan.test.ts
 ❯ parity/emdash/query-sdk-source/upstream/packages/core/tests/integration/loader-cursor-plan.test.ts:16:1
     14| import { beforeEach, afterEach, expect, it } from "vitest";
     15|
     16| import { NodeSqliteCompatDatabase as Database } from "#node-sqlite";
       | ^
     17|
     18| import { runMigrations } from "../../src/database/migrations/runner.js…

⎯⎯⎯⎯⎯⎯⎯⎯⎯⎯⎯⎯⎯⎯⎯⎯⎯⎯⎯⎯⎯⎯⎯[1/15]⎯

 FAIL  parity/emdash/query-sdk-source/upstream/packages/core/tests/integration/loader-fold-plan.test.ts [ parity/emdash/query-sdk-source/upstream/packages/core/tests/integration/loader-fold-plan.test.ts ]
Error: Cannot find module '#node-sqlite' imported from /workspace/cms-full-search-query-api/parity/emdash/query-sdk-source/upstream/packages/core/tests/integration/loader-fold-plan.test.ts
 ❯ parity/emdash/query-sdk-source/upstream/packages/core/tests/integration/loader-fold-plan.test.ts:31:1
     29| import { afterEach, beforeEach, expect, it } from "vitest";
     30|
     31| import { NodeSqliteCompatDatabase as Database } from "#node-sqlite";
       | ^
     32|
     33| import { runMigrations } from "../../src/database/migrations/runner.js…

⎯⎯⎯⎯⎯⎯⎯⎯⎯⎯⎯⎯⎯⎯⎯⎯⎯⎯⎯⎯⎯⎯⎯[2/15]⎯

 FAIL  parity/emdash/query-sdk-source/upstream/packages/core/tests/integration/loader-fold.test.ts [ parity/emdash/query-sdk-source/upstream/packages/core/tests/integration/loader-fold.test.ts ]
Error: Cannot find module '/src/lib/server/bylines/field-defs-cache.ts' imported from /workspace/cms-full-search-query-api/parity/emdash/query-sdk-source/upstream/packages/core/tests/integration/loader-fold.test.ts
 ❯ parity/emdash/query-sdk-source/upstream/packages/core/tests/integration/loader-fold.test.ts:14:1
     12| import { afterEach, beforeEach, expect, it } from "vitest";
     13|
     14| import { resetBylineFieldDefsCacheForTests } from "../../src/bylines/f…
       | ^
     15| import { BylineRepository } from "../../src/database/repositories/byli…
     16| import { ContentRepository } from "../../src/database/repositories/con…

⎯⎯⎯⎯⎯⎯⎯⎯⎯⎯⎯⎯⎯⎯⎯⎯⎯⎯⎯⎯⎯⎯⎯[3/15]⎯

 FAIL  parity/emdash/query-sdk-source/upstream/packages/core/tests/integration/loader-taxonomy-pivot-plan.test.ts [ parity/emdash/query-sdk-source/upstream/packages/core/tests/integration/loader-taxonomy-pivot-plan.test.ts ]
Error: Cannot find module '#node-sqlite' imported from /workspace/cms-full-search-query-api/parity/emdash/query-sdk-source/upstream/packages/core/tests/integration/loader-taxonomy-pivot-plan.test.ts
 ❯ parity/emdash/query-sdk-source/upstream/packages/core/tests/integration/loader-taxonomy-pivot-plan.test.ts:20:1
     18| import { afterEach, beforeEach, describe, expect, it } from "vitest";
     19|
     20| import { NodeSqliteCompatDatabase as Database } from "#node-sqlite";
       | ^
     21|
     22| import { runMigrations } from "../../src/database/migrations/runner.js…

⎯⎯⎯⎯⎯⎯⎯⎯⎯⎯⎯⎯⎯⎯⎯⎯⎯⎯⎯⎯⎯⎯⎯[4/15]⎯

 FAIL  parity/emdash/query-sdk-source/upstream/packages/core/tests/unit/loader-nullable-order-pagination.test.ts [ parity/emdash/query-sdk-source/upstream/packages/core/tests/unit/loader-nullable-order-pagination.test.ts ]
TypeError: "afterAll" callback value must be function, received "undefined"
 ❯ parity/emdash/query-sdk-source/upstream/packages/core/tests/unit/loader-nullable-order-pagination.test.ts:30:1
     28| } from "../utils/test-db.js";
     29|
     30| afterAll(destroySharedPool);
       | ^
     31|
     32| const UNDATED = ["undated-a", "undated-b", "undated-c"];

⎯⎯⎯⎯⎯⎯⎯⎯⎯⎯⎯⎯⎯⎯⎯⎯⎯⎯⎯⎯⎯⎯⎯[5/15]⎯

 FAIL  parity/emdash/query-sdk-source/upstream/packages/core/tests/unit/loader-revision-preview.test.ts [ parity/emdash/query-sdk-source/upstream/packages/core/tests/unit/loader-revision-preview.test.ts ]
Error: Cannot find module '/src/lib/server/bylines/repository.ts' imported from /workspace/cms-full-search-query-api/parity/emdash/query-sdk-source/upstream/packages/core/tests/unit/loader-revision-preview.test.ts
 ❯ parity/emdash/query-sdk-source/upstream/packages/core/tests/unit/loader-revision-preview.test.ts:5:1
      3|
      4| import { handleContentCreate } from "../../src/api/index.js";
      5| import { BylineRepository } from "../../src/database/repositories/byli…
       | ^
      6| import { ContentRepository } from "../../src/database/repositories/con…
      7| import { RevisionRepository } from "../../src/database/repositories/re…

⎯⎯⎯⎯⎯⎯⎯⎯⎯⎯⎯⎯⎯⎯⎯⎯⎯⎯⎯⎯⎯⎯⎯[6/15]⎯

 FAIL  parity/emdash/query-sdk-source/upstream/packages/core/tests/unit/loader-scheduled-publishing.test.ts [ parity/emdash/query-sdk-source/upstream/packages/core/tests/unit/loader-scheduled-publishing.test.ts ]
Error: Cannot find module '/src/lib/server/bylines/repository.ts' imported from /workspace/cms-full-search-query-api/parity/emdash/query-sdk-source/upstream/packages/core/tests/unit/loader-scheduled-publishing.test.ts
 ❯ parity/emdash/query-sdk-source/upstream/packages/core/tests/unit/loader-scheduled-publishing.test.ts:5:1
      3|
      4| import { handleContentCreate, handleContentPublish } from "../../src/a…
      5| import { BylineRepository } from "../../src/database/repositories/byli…
       | ^
      6| import { ContentRepository } from "../../src/database/repositories/con…
      7| import { RevisionRepository } from "../../src/database/repositories/re…

⎯⎯⎯⎯⎯⎯⎯⎯⎯⎯⎯⎯⎯⎯⎯⎯⎯⎯⎯⎯⎯⎯⎯[7/15]⎯

 FAIL  parity/emdash/query-sdk-source/upstream/packages/core/tests/unit/loader-seo.test.ts [ parity/emdash/query-sdk-source/upstream/packages/core/tests/unit/loader-seo.test.ts ]
Error: Cannot find module '../../src/database/repositories/seo.js' imported from /workspace/cms-full-search-query-api/parity/emdash/query-sdk-source/upstream/packages/core/tests/unit/loader-seo.test.ts
 ❯ parity/emdash/query-sdk-source/upstream/packages/core/tests/unit/loader-seo.test.ts:4:1
      2|
      3| import { handleContentCreate } from "../../src/api/index.js";
      4| import { SeoRepository } from "../../src/database/repositories/seo.js";
       | ^
      5| import { emdashLoader } from "../../src/loader.js";
      6| import { peekSeoPanel } from "../../src/page/seo-panel.js";

⎯⎯⎯⎯⎯⎯⎯⎯⎯⎯⎯⎯⎯⎯⎯⎯⎯⎯⎯⎯⎯⎯⎯[8/15]⎯

 FAIL  parity/emdash/query-sdk-source/upstream/packages/core/tests/unit/loader-wide-collection.test.ts [ parity/emdash/query-sdk-source/upstream/packages/core/tests/unit/loader-wide-collection.test.ts ]
Error: Cannot find module '../../src/database/repositories/seo.js' imported from /workspace/cms-full-search-query-api/parity/emdash/query-sdk-source/upstream/packages/core/tests/unit/loader-wide-collection.test.ts
 ❯ parity/emdash/query-sdk-source/upstream/packages/core/tests/unit/loader-wide-collection.test.ts:4:1
      2|
      3| import { handleContentCreate } from "../../src/api/index.js";
      4| import { SeoRepository } from "../../src/database/repositories/seo.js";
       | ^
      5| import { emdashLoader } from "../../src/loader.js";
      6| import { runWithContext } from "../../src/request-context.js";

⎯⎯⎯⎯⎯⎯⎯⎯⎯⎯⎯⎯⎯⎯⎯⎯⎯⎯⎯⎯⎯⎯⎯[9/15]⎯

 FAIL  parity/emdash/query-sdk-source/upstream/packages/core/tests/unit/bylines/bylines-query.test.ts [ parity/emdash/query-sdk-source/upstream/packages/core/tests/unit/bylines/bylines-query.test.ts ]
Error: Cannot find module '/src/lib/server/bylines/repository.ts' imported from /workspace/cms-full-search-query-api/parity/emdash/query-sdk-source/upstream/packages/core/tests/unit/bylines/bylines-query.test.ts
 ❯ parity/emdash/query-sdk-source/upstream/packages/core/tests/unit/bylines/bylines-query.test.ts:4:1
      2| import { describe, it, expect, beforeEach, afterEach, vi } from "vites…
      3|
      4| import { BylineRepository } from "../../../src/database/repositories/b…
       | ^
      5| import { ContentRepository } from "../../../src/database/repositories/…
      6| import { UserRepository } from "../../../src/database/repositories/use…

⎯⎯⎯⎯⎯⎯⎯⎯⎯⎯⎯⎯⎯⎯⎯⎯⎯⎯⎯⎯⎯⎯[10/15]⎯


⎯⎯⎯⎯⎯⎯⎯ Failed Tests 5 ⎯⎯⎯⎯⎯⎯⎯

 FAIL  parity/emdash/query-sdk-source/upstream/packages/core/tests/unit/loader-boolean-fields.test.ts > Loader boolean field values [sqlite] > returns booleans from single-entry loads
AssertionError: expected undefined to be defined
 ❯ parity/emdash/query-sdk-source/upstream/packages/core/tests/unit/loader-boolean-fields.test.ts:105:18
    103|   );
    104|
    105|   expect(result).toBeDefined();
       |                  ^
    106|   expect((result as { data: Record<string, unknown> }).data.enabled).t…
    107|  });

⎯⎯⎯⎯⎯⎯⎯⎯⎯⎯⎯⎯⎯⎯⎯⎯⎯⎯⎯⎯⎯⎯[11/15]⎯

 FAIL  parity/emdash/query-sdk-source/upstream/packages/core/tests/unit/loader-boolean-fields.test.ts > Loader boolean field values [sqlite] > returns booleans from revision previews without coercing integer fields
TypeError: Cannot read properties of undefined (reading 'data')
 ❯ parity/emdash/query-sdk-source/upstream/packages/core/tests/unit/loader-boolean-fields.test.ts:127:62
    125|    }),
    126|   );
    127|   const data = (result as { data: Record<string, unknown> }).data;
       |                                                              ^
    128|
    129|   expect(data.title).toBe("Draft title");

⎯⎯⎯⎯⎯⎯⎯⎯⎯⎯⎯⎯⎯⎯⎯⎯⎯⎯⎯⎯⎯⎯[12/15]⎯

 FAIL  parity/emdash/query-sdk-source/upstream/packages/core/tests/unit/loader-media-src.test.ts > Loader media src > resolves bare media ID in loadEntry
TypeError: Cannot read properties of undefined (reading 'data')
 ❯ parity/emdash/query-sdk-source/upstream/packages/core/tests/unit/loader-media-src.test.ts:70:23
     68|   );
     69|
     70|   const hero = entry!.data.hero as Record<string, unknown>;
       |                       ^
     71|   expect(hero.id).toBe(MEDIA_ID);
     72|   expect(hero.src).toBe(MEDIA_URL);

⎯⎯⎯⎯⎯⎯⎯⎯⎯⎯⎯⎯⎯⎯⎯⎯⎯⎯⎯⎯⎯⎯[13/15]⎯

 FAIL  parity/emdash/query-sdk-source/upstream/packages/core/tests/unit/loader-media-src.test.ts > Loader media src > resolves bare media ID in revision-backed loadEntry
TypeError: Cannot read properties of undefined (reading 'data')
 ❯ parity/emdash/query-sdk-source/upstream/packages/core/tests/unit/loader-media-src.test.ts:125:23
    123|   );
    124|
    125|   const hero = entry!.data.hero as Record<string, unknown>;
       |                       ^
    126|   expect(hero.id).toBe(MEDIA_ID);
    127|   expect(hero.src).toBe(MEDIA_URL);

⎯⎯⎯⎯⎯⎯⎯⎯⎯⎯⎯⎯⎯⎯⎯⎯⎯⎯⎯⎯⎯⎯[14/15]⎯

 FAIL  parity/emdash/query-sdk-source/upstream/packages/core/tests/unit/query-fold-public-shape.test.ts > byline/term fold public hydrated shape > exposes byline.avatarMediaId on the public shape
AssertionError: Target cannot be null or undefined.
 ❯ parity/emdash/query-sdk-source/upstream/packages/core/tests/unit/query-fold-public-shape.test.ts:92:24
     90|   // eslint-disable-next-line typescript/no-explicit-any -- hydrated d…
     91|   const data = entry?.data as any;
     92|   expect(data.bylines).toHaveLength(1);
       |                        ^
     93|   expect(data.bylines[0].byline.displayName).toBe("Ada Lovelace");
     94|   expect(data.bylines[0].byline.avatarMediaId).toBe("media_ada_avatar"…

⎯⎯⎯⎯⎯⎯⎯⎯⎯⎯⎯⎯⎯⎯⎯⎯⎯⎯⎯⎯⎯⎯[15/15]⎯


 Test Files  13 failed | 12 passed (25)
      Tests  5 failed | 99 passed (104)
   Start at  03:28:13
   Duration  52.89s (transform 4.04s, setup 0ms, import 18.47s, tests 15.99s, environment 2ms)

[ELIFECYCLE] Command failed with exit code 1.
