$ svelte-kit sync && svelte-check --tsconfig ./tsconfig.json
Loading svelte-check in workspace: /workspace/cms-full-search-query-api
Getting Svelte diagnostics...

/workspace/cms-full-search-query-api/src/lib/server/query-sdk/live-provider.ts:23:70
Error: Argument of type 'EntryFilter' is not assignable to parameter of type 'string | Record<string, unknown>'.
  Type 'EntryFilter' is not assignable to type 'Record<string, unknown>'.
    Index signature for type 'string' is missing in type 'EntryFilter'. 
  const result = await emdashLoader().loadEntry({filter});
  if (!result) return {error: new LiveEntryNotFoundError(collection, filter)};
  if ('error' in result) return {error: result.error};

/workspace/cms-full-search-query-api/src/lib/server/query-sdk/references/resolve.ts:15:36
Error: Cannot find module '../../relations/repository.ts' or its corresponding type declarations. 

import { RelationRepository } from "../../relations/repository.ts";
import { RevisionRepository } from "../../database/lifecycle/upstream/database/repositories/revision.ts";

/workspace/cms-full-search-query-api/src/lib/server/query.ts:55:49
Error: Cannot find module './schema/collection-slugs-cache.ts' or its corresponding type declarations. 
import { getRequestContext } from "./menus/context.ts";
import { resetRegisteredCollectionsCache } from "./schema/collection-slugs-cache.ts";
import { compileUrlPattern } from "./schema/url-pattern.ts";

/workspace/cms-full-search-query-api/src/lib/server/query.ts:57:35
Error: Cannot find module './taxonomies/types.ts' or its corresponding type declarations. 
import { compileUrlPattern } from "./schema/url-pattern.ts";
import type { TaxonomyTerm } from "./taxonomies/types.ts";
import { isMissingColumnError, isMissingTableError } from "./schema/db-errors.ts";

/workspace/cms-full-search-query-api/src/lib/server/query.ts:1548:49
Error: Cannot find module './bylines/field-defs-cache.ts' or its corresponding type declarations. 
				const db = await getDb();
				const { getBylineFieldDefs } = await import("./bylines/field-defs-cache.ts");
				hasCustomFields = (await getBylineFieldDefs(db)).length > 0;

/workspace/cms-full-search-query-api/src/lib/server/query.ts:1571:49
Error: Cannot find module './bylines/index.ts' or its corresponding type declarations. 
	try {
		const { getBylinesForEntries } = await import("./bylines/index.ts");

/workspace/cms-full-search-query-api/src/lib/server/query.ts:1678:50
Error: Cannot find module './taxonomies/index.ts' or its corresponding type declarations. 
		// of issuing an N+1 query. No DB lookup — purely from the folded data.
		const { primeFoldedEntryTerms } = await import("./taxonomies/index.ts");
		primeFoldedEntryTerms(type, perEntry, { locale });

/workspace/cms-full-search-query-api/src/lib/server/query.ts:1684:50
Error: Cannot find module './taxonomies/index.ts' or its corresponding type declarations. 
	try {
		const { getAllTermsForEntries } = await import("./taxonomies/index.ts");

/workspace/cms-full-search-query-api/tests/query-sdk-native/scope.test.ts:62:26
Error: Argument of type '{ editMode: boolean; db: Kysely<CmsTables>; dbIsIsolated: boolean; locale: string; preview: { collection: string; id: string; }; keepAlive: (_task: Promise<void>) => void; }' is not assignable to parameter of type 'RequestContext'.
  The types of 'db.fn.agg(...).over' are incompatible between these types.
    Type '(over?: OverBuilderCallback<CmsTables, keyof CmsTables> | undefined) => AggregateFunctionBuilder<CmsTables, keyof CmsTables, any>' is not assignable to type '(over?: OverBuilderCallback<Database, keyof Database> | undefined) => AggregateFunctionBuilder<Database, keyof Database, any>'.
      Types of parameters 'over' and 'over' are incompatible.
        Types of parameters 'builder' and 'builder' are incompatible.
          Type 'OverBuilder<CmsTables, keyof CmsTables>' is not assignable to type 'OverBuilder<Database, keyof Database>'.
            Types of property 'partitionBy' are incompatible.
              Type '{ (partitionBy: readonly PartitionByExpression<CmsTables, keyof CmsTables>[]): OverBuilder<CmsTables, keyof CmsTables>; <PE extends PartitionByExpression<...>>(partitionBy: PE): OverBuilder<...>; }' is not assignable to type '{ (partitionBy: readonly PartitionByExpression<Database, keyof Database>[]): OverBuilder<Database, keyof Database>; <PE extends PartitionByExpression<...>>(partitionBy: PE): OverBuilder<...>; }'.
                Types of parameters 'partitionBy' and 'partitionBy' are incompatible.
                  Type 'readonly PartitionByExpression<Database, keyof Database>[]' is not assignable to type 'readonly PartitionByExpression<CmsTables, keyof CmsTables>[]'.
                    Type 'PartitionByExpression<Database, keyof Database>' is not assignable to type 'PartitionByExpression<CmsTables, keyof CmsTables>'.
                      Type '"target"' is not assignable to type 'PartitionByExpression<CmsTables, keyof CmsTables>'. 
      locale: 'fr', preview: {collection: 'post', id: 'existing-row'}, keepAlive};
    await runWithContext(original, async () => {
      expect(scope(getRequestContext)).toBe(original);

====================================
svelte-check found 9 errors and 0 warnings in 4 files
[ELIFECYCLE] Command failed with exit code 1.
