
 RUN  v4.1.10 /workspace/cms-full-search-query-api

 ❯ tests/query-sdk-native/render-context.test.ts (4 tests | 2 failed) 125ms
     × spans async database reads and downstream original request-cache consumers 57ms
     ✓ keeps the explicit trusted context and asynchronous lifetime hook intact 40ms
     × restores the caller context after asynchronous render failure 25ms
     ✓ keeps unconfigured renders in their original context 0ms
 ✓ tests/query-sdk-native/scope.test.ts (3 tests) 120ms
 ✓ tests/query-sdk-native/missing-entry.test.ts (1 test) 46ms
 ❯ tests/query-sdk-native/standalone-handoff.test.ts (1 test | 1 failed) 42ms
   × retains the first standalone-method to outer-page cache handoff failure 41ms

⎯⎯⎯⎯⎯⎯⎯ Failed Tests 3 ⎯⎯⎯⎯⎯⎯⎯

 FAIL  tests/query-sdk-native/render-context.test.ts > actual Native public-render query context > spans async database reads and downstream original request-cache consumers
AssertionError: expected undefined to be Kysely{} // Object.is equality

- Expected:
Kysely {}

+ Received:
undefined

 ❯ tests/query-sdk-native/render-context.test.ts:31:29
     29|       await withQueryRenderRequest(event(value), async () => {
     30|         const context = getRequestContext();
     31|         expect(context?.db).toBe(value.db);
       |                             ^
     32|         expect(context?.locale).toBe('fr');
     33|         const read = () => requestCached('render-version', async () =>…
 ❯ withQueryRenderRequest src/lib/server/query-sdk/render-context.ts:9:10
 ❯ tests/query-sdk-native/render-context.test.ts:29:13
 ❯ runWithContext src/lib/server/menus/context.ts:24:92
 ❯ tests/query-sdk-native/render-context.test.ts:28:11

⎯⎯⎯⎯⎯⎯⎯⎯⎯⎯⎯⎯⎯⎯⎯⎯⎯⎯⎯⎯⎯⎯⎯⎯[1/3]⎯

 FAIL  tests/query-sdk-native/render-context.test.ts > actual Native public-render query context > restores the caller context after asynchronous render failure
AssertionError: expected AssertionError: expected undefined to be … { …(4) } to be Error: controlled render failure // Object.is equality

- Expected
+ Received

- Error {
-   "message": "controlled render failure",
+ AssertionError {
+   "message": "expected undefined to be Kysely{} // Object.is equality",
+   "actual": undefined,
+   "expected": Kysely {},
+   "showDiff": true,
+   "operator": "deepStrictEqual",
  }

 ❯ tests/query-sdk-native/render-context.test.ts:82:10
     80|         primeSeoPanel('post', 'entry-id', suppliedPanel);
     81|         throw failure;
     82|       })).rejects.toBe(failure);
       |          ^
     83|       expect(getRequestContext()).toBe(original);
     84|       expect(await peekSeoPanel('post', 'entry-id')).toBeNull();
 ❯ runWithContext src/lib/server/menus/context.ts:24:92
 ❯ tests/query-sdk-native/render-context.test.ts:76:11

⎯⎯⎯⎯⎯⎯⎯⎯⎯⎯⎯⎯⎯⎯⎯⎯⎯⎯⎯⎯⎯⎯⎯⎯[2/3]⎯

 FAIL  tests/query-sdk-native/standalone-handoff.test.ts > retains the first standalone-method to outer-page cache handoff failure
AssertionError: expected null to be { title: 'Supplied title', …(4) } // Object.is equality

- Expected:
{
  "canonical": null,
  "description": null,
  "image": null,
  "noIndex": false,
  "title": "Supplied title",
}

+ Received:
null

 ❯ tests/query-sdk-native/standalone-handoff.test.ts:20:52
     18|   await runWithContext({editMode: false}, async () => {
     19|     createQueryScope(database!)(() => primeSeoPanel('post', 'entry-id'…
     20|     expect(await peekSeoPanel('post', 'entry-id')).toBe(panel);
       |                                                    ^
     21|   });
     22| });
 ❯ tests/query-sdk-native/standalone-handoff.test.ts:18:3

⎯⎯⎯⎯⎯⎯⎯⎯⎯⎯⎯⎯⎯⎯⎯⎯⎯⎯⎯⎯⎯⎯⎯⎯[3/3]⎯


 Test Files  2 failed | 2 passed (4)
      Tests  3 failed | 6 passed (9)
   Start at  02:00:14
   Duration  1.93s (transform 461ms, setup 0ms, import 1.12s, tests 334ms, environment 0ms)

JSON report written to /tmp/search101-sdk-review-native9-initial.json
