$ node scripts/check-search-source.mjs && vitest run --config vitest.full-search.config.ts && vitest run --config vitest.search-review.config.ts && pnpm test:search-ui-source && vitest run --config vitest.search-native-ui.config.ts
{"pin":"913cb1bb9b7f08c3ff0d258b4420e53835b6a58e","wholeSelectedFamilies":14,"wholeRemainingFamilies":9,"testDeclarations":58,"expectExpressions":128,"productTestsRun":0}

 RUN  v4.1.10 /workspace/cms-full-search-query-api


 Test Files  16 passed (16)
      Tests  76 passed (76)
   Start at  00:41:24
   Duration  7.51s (transform 464ms, setup 0ms, import 3.38s, tests 2.34s, environment 1ms)


 RUN  v4.1.10 /workspace/cms-full-search-query-api


 Test Files  3 passed (3)
      Tests  12 passed (12)
   Start at  00:41:32
   Duration  1.38s (transform 269ms, setup 0ms, import 743ms, tests 302ms, environment 0ms)

$ node scripts/check-search-ui-source.mjs && vitest run --config vitest.search-ui-source.config.ts
{"pin":"913cb1bb9b7f08c3ff0d258b4420e53835b6a58e","wholeSelectedFamilies":2,"wholeRemainingFamilies":0,"testDeclarations":14,"expectExpressions":24,"productTestsRun":0}

 RUN  v4.1.10 /workspace/cms-full-search-query-api


 Test Files  2 passed (2)
      Tests  14 passed (14)
   Start at  00:41:34
   Duration  372ms (transform 35ms, setup 0ms, import 60ms, tests 86ms, environment 0ms)


 RUN  v4.1.10 /workspace/cms-full-search-query-api


 Test Files  1 passed (1)
      Tests  4 passed (4)
   Start at  00:41:35
   Duration  492ms (transform 298ms, setup 0ms, import 373ms, tests 6ms, environment 0ms)

