
 RUN  v4.1.10 /workspace/cms-full-search-query-api

 ✓ tests/query-sdk-native/scope.test.ts (3 tests) 143ms
 ❯ tests/query-sdk-native/missing-entry.test.ts (1 test | 1 failed) 65ms
   × returns the genuine Astro missing-entry constructor for an absent Native loader entry 63ms

⎯⎯⎯⎯⎯⎯⎯ Failed Tests 1 ⎯⎯⎯⎯⎯⎯⎯

 FAIL  tests/query-sdk-native/missing-entry.test.ts > returns the genuine Astro missing-entry constructor for an absent Native loader entry
AssertionError: expected undefined to be an instance of LiveEntryNotFoundError
 ❯ tests/query-sdk-native/missing-entry.test.ts:22:24
     20|   const result = await createQueryScope(database)(() => getLiveEntry('…
     21|   expect(result.entry).toBeUndefined();
     22|   expect(result.error).toBeInstanceOf(LiveEntryNotFoundError);
       |                        ^
     23|   expect(result.error?.name).toBe('LiveEntryNotFoundError');
     24|   expect((result.error as LiveEntryNotFoundError).collection).toBe('_e…

⎯⎯⎯⎯⎯⎯⎯⎯⎯⎯⎯⎯⎯⎯⎯⎯⎯⎯⎯⎯⎯⎯⎯⎯[1/1]⎯


 Test Files  1 failed | 1 passed (2)
      Tests  1 failed | 3 passed (4)
   Start at  01:25:48
   Duration  1.39s (transform 460ms, setup 0ms, import 865ms, tests 208ms, environment 0ms)

JSON report written to /tmp/search101-sdk-native4-missing-error-initial.json
