
 RUN  v4.1.10 /workspace/cms-rich104-html-embed-card

 ✓ tests/rich-editor-native/deferred-form-controls.test.ts (9 tests) 2867ms
     ✓ keeps section picker Close local while the actual draft Save remains a submit control  903ms
     ✓ keeps section search Enter local while retaining real debounced search and explicit draft submission  462ms
     ✓ forgets a cancelled gutter section position before a later ordinary slash selection  378ms
     ✓ forgets the unavailable gutter Image position before an ordinary HTML slash insertion  350ms
stderr | tests/rich-editor-native/configured-table-iframe.test.ts > Actual iframe draft and Source250ms flush contract > retains a valid intermediate URL as authored text while focused
TypeError: textRange(...).getClientRects is not a function
    at clientRectsFor (file:///workspace/cms-rich104-html-embed-card/node_modules/.pnpm/@codemirror+view@6.43.8/node_modules/@codemirror/view/dist/index.js:464:56)
    at Placeholder.coordsAt (file:///workspace/cms-rich104-html-embed-card/node_modules/.pnpm/@codemirror+view@6.43.8/node_modules/@codemirror/view/dist/index.js:10063:38)
    at WidgetTile.coordsInWidget (file:///workspace/cms-rich104-html-embed-card/node_modules/.pnpm/@codemirror+view@6.43.8/node_modules/@codemirror/view/dist/index.js:2123:34)
    at WidgetTile.coordsIn (file:///workspace/cms-rich104-html-embed-card/node_modules/.pnpm/@codemirror+view@6.43.8/node_modules/@codemirror/view/dist/index.js:2121:39)
    at onSameLine (file:///workspace/cms-rich104-html-embed-card/node_modules/.pnpm/@codemirror+view@6.43.8/node_modules/@codemirror/view/dist/index.js:2038:43)
    at scan (file:///workspace/cms-rich104-html-embed-card/node_modules/.pnpm/@codemirror+view@6.43.8/node_modules/@codemirror/view/dist/index.js:1986:129)
    at LineTile.resolveInline (file:///workspace/cms-rich104-html-embed-card/node_modules/.pnpm/@codemirror+view@6.43.8/node_modules/@codemirror/view/dist/index.js:1999:9)
    at LineTile.coordsIn (file:///workspace/cms-rich104-html-embed-card/node_modules/.pnpm/@codemirror+view@6.43.8/node_modules/@codemirror/view/dist/index.js:2004:26)
    at DocView.coordsAt (file:///workspace/cms-rich104-html-embed-card/node_modules/.pnpm/@codemirror+view@6.43.8/node_modules/@codemirror/view/dist/index.js:3256:21)
    at EditorView.coordsAtPos (file:///workspace/cms-rich104-html-embed-card/node_modules/.pnpm/@codemirror+view@6.43.8/node_modules/@codemirror/view/dist/index.js:8524:29)

stderr | tests/rich-editor-native/configured-table-iframe.test.ts > Actual iframe draft and Source250ms flush contract > writes nothing immediately or at249ms, then saves at the original250ms while retaining the focused draft
TypeError: textRange(...).getClientRects is not a function
    at clientRectsFor (file:///workspace/cms-rich104-html-embed-card/node_modules/.pnpm/@codemirror+view@6.43.8/node_modules/@codemirror/view/dist/index.js:464:56)
    at Placeholder.coordsAt (file:///workspace/cms-rich104-html-embed-card/node_modules/.pnpm/@codemirror+view@6.43.8/node_modules/@codemirror/view/dist/index.js:10063:38)
    at WidgetTile.coordsInWidget (file:///workspace/cms-rich104-html-embed-card/node_modules/.pnpm/@codemirror+view@6.43.8/node_modules/@codemirror/view/dist/index.js:2123:34)
    at WidgetTile.coordsIn (file:///workspace/cms-rich104-html-embed-card/node_modules/.pnpm/@codemirror+view@6.43.8/node_modules/@codemirror/view/dist/index.js:2121:39)
    at onSameLine (file:///workspace/cms-rich104-html-embed-card/node_modules/.pnpm/@codemirror+view@6.43.8/node_modules/@codemirror/view/dist/index.js:2038:43)
    at scan (file:///workspace/cms-rich104-html-embed-card/node_modules/.pnpm/@codemirror+view@6.43.8/node_modules/@codemirror/view/dist/index.js:1986:129)
    at LineTile.resolveInline (file:///workspace/cms-rich104-html-embed-card/node_modules/.pnpm/@codemirror+view@6.43.8/node_modules/@codemirror/view/dist/index.js:1999:9)
    at LineTile.coordsIn (file:///workspace/cms-rich104-html-embed-card/node_modules/.pnpm/@codemirror+view@6.43.8/node_modules/@codemirror/view/dist/index.js:2004:26)
    at DocView.coordsAt (file:///workspace/cms-rich104-html-embed-card/node_modules/.pnpm/@codemirror+view@6.43.8/node_modules/@codemirror/view/dist/index.js:3256:21)
    at EditorView.coordsAtPos (file:///workspace/cms-rich104-html-embed-card/node_modules/.pnpm/@codemirror+view@6.43.8/node_modules/@codemirror/view/dist/index.js:8524:29)

stderr | tests/rich-editor-native/configured-table-iframe.test.ts > Actual iframe draft and Source250ms flush contract > writes nothing immediately or at249ms, then saves at the original250ms while retaining the focused draft
TypeError: textRange(...).getClientRects is not a function
    at TextTile.coordsIn (file:///workspace/cms-rich104-html-embed-card/node_modules/.pnpm/@codemirror+view@6.43.8/node_modules/@codemirror/view/dist/index.js:2094:51)
    at LineTile.coordsIn (file:///workspace/cms-rich104-html-embed-card/node_modules/.pnpm/@codemirror+view@6.43.8/node_modules/@codemirror/view/dist/index.js:2007:27)
    at DocView.coordsAt (file:///workspace/cms-rich104-html-embed-card/node_modules/.pnpm/@codemirror+view@6.43.8/node_modules/@codemirror/view/dist/index.js:3256:21)
    at EditorView.coordsAtPos (file:///workspace/cms-rich104-html-embed-card/node_modules/.pnpm/@codemirror+view@6.43.8/node_modules/@codemirror/view/dist/index.js:8524:29)
    at RectangleMarker.forRange (file:///workspace/cms-rich104-html-embed-card/node_modules/.pnpm/@codemirror+view@6.43.8/node_modules/@codemirror/view/dist/index.js:9291:28)
    at Object.markers (file:///workspace/cms-rich104-html-embed-card/node_modules/.pnpm/@codemirror+view@6.43.8/node_modules/@codemirror/view/dist/index.js:9558:51)
    at LayerView.measure (file:///workspace/cms-rich104-html-embed-card/node_modules/.pnpm/@codemirror+view@6.43.8/node_modules/@codemirror/view/dist/index.js:9448:27)
    at file:///workspace/cms-rich104-html-embed-card/node_modules/.pnpm/@codemirror+view@6.43.8/node_modules/@codemirror/view/dist/index.js:8182:34
    at Array.map (<anonymous>)
    at EditorView.measure (file:///workspace/cms-rich104-html-embed-card/node_modules/.pnpm/@codemirror+view@6.43.8/node_modules/@codemirror/view/dist/index.js:8180:42)

stderr | tests/rich-editor-native/configured-table-iframe.test.ts > Actual iframe draft and Source250ms flush contract > restarts the250ms clock for the actual final draft rather than saving a valid intermediate
TypeError: textRange(...).getClientRects is not a function
    at clientRectsFor (file:///workspace/cms-rich104-html-embed-card/node_modules/.pnpm/@codemirror+view@6.43.8/node_modules/@codemirror/view/dist/index.js:464:56)
    at Placeholder.coordsAt (file:///workspace/cms-rich104-html-embed-card/node_modules/.pnpm/@codemirror+view@6.43.8/node_modules/@codemirror/view/dist/index.js:10063:38)
    at WidgetTile.coordsInWidget (file:///workspace/cms-rich104-html-embed-card/node_modules/.pnpm/@codemirror+view@6.43.8/node_modules/@codemirror/view/dist/index.js:2123:34)
    at WidgetTile.coordsIn (file:///workspace/cms-rich104-html-embed-card/node_modules/.pnpm/@codemirror+view@6.43.8/node_modules/@codemirror/view/dist/index.js:2121:39)
    at onSameLine (file:///workspace/cms-rich104-html-embed-card/node_modules/.pnpm/@codemirror+view@6.43.8/node_modules/@codemirror/view/dist/index.js:2038:43)
    at scan (file:///workspace/cms-rich104-html-embed-card/node_modules/.pnpm/@codemirror+view@6.43.8/node_modules/@codemirror/view/dist/index.js:1986:129)
    at LineTile.resolveInline (file:///workspace/cms-rich104-html-embed-card/node_modules/.pnpm/@codemirror+view@6.43.8/node_modules/@codemirror/view/dist/index.js:1999:9)
    at LineTile.coordsIn (file:///workspace/cms-rich104-html-embed-card/node_modules/.pnpm/@codemirror+view@6.43.8/node_modules/@codemirror/view/dist/index.js:2004:26)
    at DocView.coordsAt (file:///workspace/cms-rich104-html-embed-card/node_modules/.pnpm/@codemirror+view@6.43.8/node_modules/@codemirror/view/dist/index.js:3256:21)
    at EditorView.coordsAtPos (file:///workspace/cms-rich104-html-embed-card/node_modules/.pnpm/@codemirror+view@6.43.8/node_modules/@codemirror/view/dist/index.js:8524:29)

stderr | tests/rich-editor-native/configured-table-iframe.test.ts > Actual iframe draft and Source250ms flush contract > restarts the250ms clock for the actual final draft rather than saving a valid intermediate
TypeError: textRange(...).getClientRects is not a function
    at TextTile.coordsIn (file:///workspace/cms-rich104-html-embed-card/node_modules/.pnpm/@codemirror+view@6.43.8/node_modules/@codemirror/view/dist/index.js:2094:51)
    at LineTile.coordsIn (file:///workspace/cms-rich104-html-embed-card/node_modules/.pnpm/@codemirror+view@6.43.8/node_modules/@codemirror/view/dist/index.js:2007:27)
    at DocView.coordsAt (file:///workspace/cms-rich104-html-embed-card/node_modules/.pnpm/@codemirror+view@6.43.8/node_modules/@codemirror/view/dist/index.js:3256:21)
    at EditorView.coordsAtPos (file:///workspace/cms-rich104-html-embed-card/node_modules/.pnpm/@codemirror+view@6.43.8/node_modules/@codemirror/view/dist/index.js:8524:29)
    at RectangleMarker.forRange (file:///workspace/cms-rich104-html-embed-card/node_modules/.pnpm/@codemirror+view@6.43.8/node_modules/@codemirror/view/dist/index.js:9291:28)
    at Object.markers (file:///workspace/cms-rich104-html-embed-card/node_modules/.pnpm/@codemirror+view@6.43.8/node_modules/@codemirror/view/dist/index.js:9558:51)
    at LayerView.measure (file:///workspace/cms-rich104-html-embed-card/node_modules/.pnpm/@codemirror+view@6.43.8/node_modules/@codemirror/view/dist/index.js:9448:27)
    at file:///workspace/cms-rich104-html-embed-card/node_modules/.pnpm/@codemirror+view@6.43.8/node_modules/@codemirror/view/dist/index.js:8182:34
    at Array.map (<anonymous>)
    at EditorView.measure (file:///workspace/cms-rich104-html-embed-card/node_modules/.pnpm/@codemirror+view@6.43.8/node_modules/@codemirror/view/dist/index.js:8180:42)

stderr | tests/rich-editor-native/configured-table-iframe.test.ts > Actual iframe draft and Source250ms flush contract > keeps a pending draft while read-only, then flushes it on a real tab change once editing resumes
TypeError: textRange(...).getClientRects is not a function
    at clientRectsFor (file:///workspace/cms-rich104-html-embed-card/node_modules/.pnpm/@codemirror+view@6.43.8/node_modules/@codemirror/view/dist/index.js:464:56)
    at Placeholder.coordsAt (file:///workspace/cms-rich104-html-embed-card/node_modules/.pnpm/@codemirror+view@6.43.8/node_modules/@codemirror/view/dist/index.js:10063:38)
    at WidgetTile.coordsInWidget (file:///workspace/cms-rich104-html-embed-card/node_modules/.pnpm/@codemirror+view@6.43.8/node_modules/@codemirror/view/dist/index.js:2123:34)
    at WidgetTile.coordsIn (file:///workspace/cms-rich104-html-embed-card/node_modules/.pnpm/@codemirror+view@6.43.8/node_modules/@codemirror/view/dist/index.js:2121:39)
    at onSameLine (file:///workspace/cms-rich104-html-embed-card/node_modules/.pnpm/@codemirror+view@6.43.8/node_modules/@codemirror/view/dist/index.js:2038:43)
    at scan (file:///workspace/cms-rich104-html-embed-card/node_modules/.pnpm/@codemirror+view@6.43.8/node_modules/@codemirror/view/dist/index.js:1986:129)
    at LineTile.resolveInline (file:///workspace/cms-rich104-html-embed-card/node_modules/.pnpm/@codemirror+view@6.43.8/node_modules/@codemirror/view/dist/index.js:1999:9)
    at LineTile.coordsIn (file:///workspace/cms-rich104-html-embed-card/node_modules/.pnpm/@codemirror+view@6.43.8/node_modules/@codemirror/view/dist/index.js:2004:26)
    at DocView.coordsAt (file:///workspace/cms-rich104-html-embed-card/node_modules/.pnpm/@codemirror+view@6.43.8/node_modules/@codemirror/view/dist/index.js:3256:21)
    at EditorView.coordsAtPos (file:///workspace/cms-rich104-html-embed-card/node_modules/.pnpm/@codemirror+view@6.43.8/node_modules/@codemirror/view/dist/index.js:8524:29)

stderr | tests/rich-editor-native/configured-table-iframe.test.ts > Actual iframe draft and Source250ms flush contract > flushes on blur and canonicalizes valid text when the document still has real control focus
TypeError: textRange(...).getClientRects is not a function
    at clientRectsFor (file:///workspace/cms-rich104-html-embed-card/node_modules/.pnpm/@codemirror+view@6.43.8/node_modules/@codemirror/view/dist/index.js:464:56)
    at Placeholder.coordsAt (file:///workspace/cms-rich104-html-embed-card/node_modules/.pnpm/@codemirror+view@6.43.8/node_modules/@codemirror/view/dist/index.js:10063:38)
    at WidgetTile.coordsInWidget (file:///workspace/cms-rich104-html-embed-card/node_modules/.pnpm/@codemirror+view@6.43.8/node_modules/@codemirror/view/dist/index.js:2123:34)
    at WidgetTile.coordsIn (file:///workspace/cms-rich104-html-embed-card/node_modules/.pnpm/@codemirror+view@6.43.8/node_modules/@codemirror/view/dist/index.js:2121:39)
    at onSameLine (file:///workspace/cms-rich104-html-embed-card/node_modules/.pnpm/@codemirror+view@6.43.8/node_modules/@codemirror/view/dist/index.js:2038:43)
    at scan (file:///workspace/cms-rich104-html-embed-card/node_modules/.pnpm/@codemirror+view@6.43.8/node_modules/@codemirror/view/dist/index.js:1986:129)
    at LineTile.resolveInline (file:///workspace/cms-rich104-html-embed-card/node_modules/.pnpm/@codemirror+view@6.43.8/node_modules/@codemirror/view/dist/index.js:1999:9)
    at LineTile.coordsIn (file:///workspace/cms-rich104-html-embed-card/node_modules/.pnpm/@codemirror+view@6.43.8/node_modules/@codemirror/view/dist/index.js:2004:26)
    at DocView.coordsAt (file:///workspace/cms-rich104-html-embed-card/node_modules/.pnpm/@codemirror+view@6.43.8/node_modules/@codemirror/view/dist/index.js:3256:21)
    at EditorView.coordsAtPos (file:///workspace/cms-rich104-html-embed-card/node_modules/.pnpm/@codemirror+view@6.43.8/node_modules/@codemirror/view/dist/index.js:8524:29)

stderr | tests/rich-editor-native/configured-table-iframe.test.ts > Actual iframe draft and Source250ms flush contract > drops obsolete pending text after a real external attribute update
TypeError: textRange(...).getClientRects is not a function
    at clientRectsFor (file:///workspace/cms-rich104-html-embed-card/node_modules/.pnpm/@codemirror+view@6.43.8/node_modules/@codemirror/view/dist/index.js:464:56)
    at Placeholder.coordsAt (file:///workspace/cms-rich104-html-embed-card/node_modules/.pnpm/@codemirror+view@6.43.8/node_modules/@codemirror/view/dist/index.js:10063:38)
    at WidgetTile.coordsInWidget (file:///workspace/cms-rich104-html-embed-card/node_modules/.pnpm/@codemirror+view@6.43.8/node_modules/@codemirror/view/dist/index.js:2123:34)
    at WidgetTile.coordsIn (file:///workspace/cms-rich104-html-embed-card/node_modules/.pnpm/@codemirror+view@6.43.8/node_modules/@codemirror/view/dist/index.js:2121:39)
    at onSameLine (file:///workspace/cms-rich104-html-embed-card/node_modules/.pnpm/@codemirror+view@6.43.8/node_modules/@codemirror/view/dist/index.js:2038:43)
    at scan (file:///workspace/cms-rich104-html-embed-card/node_modules/.pnpm/@codemirror+view@6.43.8/node_modules/@codemirror/view/dist/index.js:1986:129)
    at LineTile.resolveInline (file:///workspace/cms-rich104-html-embed-card/node_modules/.pnpm/@codemirror+view@6.43.8/node_modules/@codemirror/view/dist/index.js:1999:9)
    at LineTile.coordsIn (file:///workspace/cms-rich104-html-embed-card/node_modules/.pnpm/@codemirror+view@6.43.8/node_modules/@codemirror/view/dist/index.js:2004:26)
    at DocView.coordsAt (file:///workspace/cms-rich104-html-embed-card/node_modules/.pnpm/@codemirror+view@6.43.8/node_modules/@codemirror/view/dist/index.js:3256:21)
    at EditorView.coordsAtPos (file:///workspace/cms-rich104-html-embed-card/node_modules/.pnpm/@codemirror+view@6.43.8/node_modules/@codemirror/view/dist/index.js:8524:29)

stderr | tests/rich-editor-native/configured-table-iframe.test.ts > Actual iframe draft and Source250ms flush contract > preserves invalid authored text and the saved embed after delayed rejection and blur
TypeError: textRange(...).getClientRects is not a function
    at TextTile.coordsIn (file:///workspace/cms-rich104-html-embed-card/node_modules/.pnpm/@codemirror+view@6.43.8/node_modules/@codemirror/view/dist/index.js:2094:51)
    at LineTile.coordsIn (file:///workspace/cms-rich104-html-embed-card/node_modules/.pnpm/@codemirror+view@6.43.8/node_modules/@codemirror/view/dist/index.js:2007:27)
    at DocView.coordsAt (file:///workspace/cms-rich104-html-embed-card/node_modules/.pnpm/@codemirror+view@6.43.8/node_modules/@codemirror/view/dist/index.js:3256:21)
    at EditorView.coordsAtPos (file:///workspace/cms-rich104-html-embed-card/node_modules/.pnpm/@codemirror+view@6.43.8/node_modules/@codemirror/view/dist/index.js:8524:29)
    at RectangleMarker.forRange (file:///workspace/cms-rich104-html-embed-card/node_modules/.pnpm/@codemirror+view@6.43.8/node_modules/@codemirror/view/dist/index.js:9291:28)
    at Object.markers (file:///workspace/cms-rich104-html-embed-card/node_modules/.pnpm/@codemirror+view@6.43.8/node_modules/@codemirror/view/dist/index.js:9558:51)
    at LayerView.measure (file:///workspace/cms-rich104-html-embed-card/node_modules/.pnpm/@codemirror+view@6.43.8/node_modules/@codemirror/view/dist/index.js:9448:27)
    at file:///workspace/cms-rich104-html-embed-card/node_modules/.pnpm/@codemirror+view@6.43.8/node_modules/@codemirror/view/dist/index.js:8182:34
    at Array.map (<anonymous>)
    at EditorView.measure (file:///workspace/cms-rich104-html-embed-card/node_modules/.pnpm/@codemirror+view@6.43.8/node_modules/@codemirror/view/dist/index.js:8180:42)

stderr | tests/rich-editor-native/configured-table-iframe.test.ts > Actual iframe draft and Source250ms flush contract > cannot write a delayed pending draft after the owning node is deleted
TypeError: textRange(...).getClientRects is not a function
    at clientRectsFor (file:///workspace/cms-rich104-html-embed-card/node_modules/.pnpm/@codemirror+view@6.43.8/node_modules/@codemirror/view/dist/index.js:464:56)
    at Placeholder.coordsAt (file:///workspace/cms-rich104-html-embed-card/node_modules/.pnpm/@codemirror+view@6.43.8/node_modules/@codemirror/view/dist/index.js:10063:38)
    at WidgetTile.coordsInWidget (file:///workspace/cms-rich104-html-embed-card/node_modules/.pnpm/@codemirror+view@6.43.8/node_modules/@codemirror/view/dist/index.js:2123:34)
    at WidgetTile.coordsIn (file:///workspace/cms-rich104-html-embed-card/node_modules/.pnpm/@codemirror+view@6.43.8/node_modules/@codemirror/view/dist/index.js:2121:39)
    at onSameLine (file:///workspace/cms-rich104-html-embed-card/node_modules/.pnpm/@codemirror+view@6.43.8/node_modules/@codemirror/view/dist/index.js:2038:43)
    at scan (file:///workspace/cms-rich104-html-embed-card/node_modules/.pnpm/@codemirror+view@6.43.8/node_modules/@codemirror/view/dist/index.js:1986:129)
    at LineTile.resolveInline (file:///workspace/cms-rich104-html-embed-card/node_modules/.pnpm/@codemirror+view@6.43.8/node_modules/@codemirror/view/dist/index.js:1999:9)
    at LineTile.coordsIn (file:///workspace/cms-rich104-html-embed-card/node_modules/.pnpm/@codemirror+view@6.43.8/node_modules/@codemirror/view/dist/index.js:2004:26)
    at DocView.coordsAt (file:///workspace/cms-rich104-html-embed-card/node_modules/.pnpm/@codemirror+view@6.43.8/node_modules/@codemirror/view/dist/index.js:3256:21)
    at EditorView.coordsAtPos (file:///workspace/cms-rich104-html-embed-card/node_modules/.pnpm/@codemirror+view@6.43.8/node_modules/@codemirror/view/dist/index.js:8524:29)

 ✓ tests/rich-editor-native/configured-table-iframe.test.ts (12 tests) 3121ms
     ✓ disables unavailable merge actions in a single unmerged cell  607ms
     ✓ retains a valid intermediate URL as authored text while focused  1098ms
     ✓ writes nothing immediately or at249ms, then saves at the original250ms while retaining the focused draft  336ms
stderr | tests/rich-editor-native/iframe-localization.test.ts > translates actual delayed invalid-input feedback while preserving the saved embed
TypeError: textRange(...).getClientRects is not a function
    at TextTile.coordsIn (file:///workspace/cms-rich104-html-embed-card/node_modules/.pnpm/@codemirror+view@6.43.8/node_modules/@codemirror/view/dist/index.js:2094:51)
    at LineTile.coordsIn (file:///workspace/cms-rich104-html-embed-card/node_modules/.pnpm/@codemirror+view@6.43.8/node_modules/@codemirror/view/dist/index.js:2007:27)
    at DocView.coordsAt (file:///workspace/cms-rich104-html-embed-card/node_modules/.pnpm/@codemirror+view@6.43.8/node_modules/@codemirror/view/dist/index.js:3256:21)
    at EditorView.coordsAtPos (file:///workspace/cms-rich104-html-embed-card/node_modules/.pnpm/@codemirror+view@6.43.8/node_modules/@codemirror/view/dist/index.js:8524:29)
    at RectangleMarker.forRange (file:///workspace/cms-rich104-html-embed-card/node_modules/.pnpm/@codemirror+view@6.43.8/node_modules/@codemirror/view/dist/index.js:9291:28)
    at Object.markers (file:///workspace/cms-rich104-html-embed-card/node_modules/.pnpm/@codemirror+view@6.43.8/node_modules/@codemirror/view/dist/index.js:9558:51)
    at LayerView.measure (file:///workspace/cms-rich104-html-embed-card/node_modules/.pnpm/@codemirror+view@6.43.8/node_modules/@codemirror/view/dist/index.js:9448:27)
    at file:///workspace/cms-rich104-html-embed-card/node_modules/.pnpm/@codemirror+view@6.43.8/node_modules/@codemirror/view/dist/index.js:8182:34
    at Array.map (<anonymous>)
    at EditorView.measure (file:///workspace/cms-rich104-html-embed-card/node_modules/.pnpm/@codemirror+view@6.43.8/node_modules/@codemirror/view/dist/index.js:8180:42)

 ✓ tests/rich-editor-native/iframe-localization.test.ts (4 tests) 1238ms
   ✓ uses the pinned Spanish catalog Code and Preview labels through the actual editor node view  572ms
   ✓ translates actual delayed invalid-input feedback while preserving the saved embed  459ms
 ✓ tests/rich-editor-native/fields.test.ts (9 tests) 712ms
     ✓ emits real numeric values and preserves the Source empty-number coercion to zero  644ms
stderr | tests/rich-editor-native/iframe-live-locale.test.ts > witnesses the whole Source CodeEditor live locale hint and mount-only aria label
The current testing environment is not configured to support act(...)

stderr | tests/rich-editor-native/iframe-live-locale.test.ts > witnesses the whole Source CodeEditor live locale hint and mount-only aria label
The current testing environment is not configured to support act(...)
The current testing environment is not configured to support act(...)

stderr | tests/rich-editor-native/iframe-live-locale.test.ts > witnesses the whole Source CodeEditor live locale hint and mount-only aria label
The current testing environment is not configured to support act(...)

stderr | tests/rich-editor-native/iframe-live-locale.test.ts > updates the real iframe tab labels and CodeMirror hint when the same owning provider activates another locale
TypeError: textRange(...).getClientRects is not a function
    at clientRectsFor (file:///workspace/cms-rich104-html-embed-card/node_modules/.pnpm/@codemirror+view@6.43.8/node_modules/@codemirror/view/dist/index.js:464:56)
    at Placeholder.coordsAt (file:///workspace/cms-rich104-html-embed-card/node_modules/.pnpm/@codemirror+view@6.43.8/node_modules/@codemirror/view/dist/index.js:10063:38)
    at WidgetTile.coordsInWidget (file:///workspace/cms-rich104-html-embed-card/node_modules/.pnpm/@codemirror+view@6.43.8/node_modules/@codemirror/view/dist/index.js:2123:34)
    at WidgetTile.coordsIn (file:///workspace/cms-rich104-html-embed-card/node_modules/.pnpm/@codemirror+view@6.43.8/node_modules/@codemirror/view/dist/index.js:2121:39)
    at onSameLine (file:///workspace/cms-rich104-html-embed-card/node_modules/.pnpm/@codemirror+view@6.43.8/node_modules/@codemirror/view/dist/index.js:2038:43)
    at scan (file:///workspace/cms-rich104-html-embed-card/node_modules/.pnpm/@codemirror+view@6.43.8/node_modules/@codemirror/view/dist/index.js:1986:129)
    at LineTile.resolveInline (file:///workspace/cms-rich104-html-embed-card/node_modules/.pnpm/@codemirror+view@6.43.8/node_modules/@codemirror/view/dist/index.js:1999:9)
    at LineTile.coordsIn (file:///workspace/cms-rich104-html-embed-card/node_modules/.pnpm/@codemirror+view@6.43.8/node_modules/@codemirror/view/dist/index.js:2004:26)
    at DocView.coordsAt (file:///workspace/cms-rich104-html-embed-card/node_modules/.pnpm/@codemirror+view@6.43.8/node_modules/@codemirror/view/dist/index.js:3256:21)
    at EditorView.coordsAtPos (file:///workspace/cms-rich104-html-embed-card/node_modules/.pnpm/@codemirror+view@6.43.8/node_modules/@codemirror/view/dist/index.js:8524:29)

 ✓ tests/rich-editor-native/iframe-live-locale.test.ts (2 tests) 585ms
   ✓ witnesses the whole Source CodeEditor live locale hint and mount-only aria label  350ms
 ✓ tests/rich-editor-native/embed-tabs.test.ts (2 tests) 719ms
   ✓ activates iframe tabs on actual focus and mounts the corresponding real panel  559ms
 ✓ tests/rich-editor-native/code-editor-boundary.test.ts (1 test) 656ms
   ✓ shows the Source reload fallback for real CodeMirror mount errors and mounts normally after recovery  655ms
 ✓ tests/rich-editor-native/authoring-controls.test.ts (7 tests) 655ms
 ✓ tests/rich-editor-native/section-import-failure.test.ts (1 test) 498ms
   ✓ forgets a failed gutter picker import before an ordinary HTML slash insertion  473ms
 ✓ tests/rich-editor-native/source-insertion-witness.test.ts (1 test) 584ms
   ✓ the whole pinned insertion declaration retains a real StarterKit trailing paragraph after an end HTML block  583ms
 ✓ tests/rich-editor-native/table-readonly-transition.test.ts (1 test) 610ms
   ✓ closes an open table action menu on actual read-only props and restores editing without hidden mutations  604ms
 ✓ tests/rich-editor-native/converters.test.ts (8 tests) 197ms
 ❯ tests/rich-editor-native/embed-card-boundaries.test.ts (2 tests | 2 failed) 325ms
     × counts two saved HTML blocks as two Source wrappers 266ms
     × counts two saved iframe blocks as two Source wrappers 58ms

⎯⎯⎯⎯⎯⎯⎯ Failed Tests 2 ⎯⎯⎯⎯⎯⎯⎯

 FAIL  tests/rich-editor-native/embed-card-boundaries.test.ts > Source embed node boundary ownership > counts two saved HTML blocks as two Source wrappers
AssertionError: expected …(4) to have a length of 2 but got 4

- Expected
+ Received

- 2
+ 4

 ❯ tests/rich-editor-native/embed-card-boundaries.test.ts:23:52
     21|       { _type: 'htmlBlock', _key: 'two', html: '<p>Two</p>' }
     22|     ]);
     23|     expect(target.querySelectorAll('.html-block')).toHaveLength(2);
       |                                                    ^
     24|   });
     25|   it('counts two saved iframe blocks as two Source wrappers', async ()…

⎯⎯⎯⎯⎯⎯⎯⎯⎯⎯⎯⎯⎯⎯⎯⎯⎯⎯⎯⎯⎯⎯⎯⎯[1/2]⎯

 FAIL  tests/rich-editor-native/embed-card-boundaries.test.ts > Source embed node boundary ownership > counts two saved iframe blocks as two Source wrappers
AssertionError: expected …(4) to have a length of 2 but got 4

- Expected
+ Received

- 2
+ 4

 ❯ tests/rich-editor-native/embed-card-boundaries.test.ts:30:54
     28|       { _type: 'iframe', _key: 'two', src: 'https://example.com/two' }
     29|     ]);
     30|     expect(target.querySelectorAll('.iframe-block')).toHaveLength(2);
       |                                                      ^
     31|   });
     32| });

⎯⎯⎯⎯⎯⎯⎯⎯⎯⎯⎯⎯⎯⎯⎯⎯⎯⎯⎯⎯⎯⎯⎯⎯[2/2]⎯


 Test Files  1 failed | 12 passed (13)
      Tests  2 failed | 57 passed (59)
   Start at  21:33:26
   Duration  44.72s (transform 5.15s, setup 0ms, import 14.50s, tests 12.77s, environment 14.03s)

JSON report written to /tmp/rich104-html-boundary-testfirst-report.json
