2026-10-05T21:13:25.6214832Z Current runner version: '2.337.0'
2026-10-05T21:13:25.6250568Z ##[group]Runner Image Provisioner
2026-10-05T21:13:25.6251929Z Hosted Compute Agent
2026-10-05T21:13:25.6253010Z Version: 20260901.588
2026-10-05T21:13:25.6254373Z Commit: f88ec8081b781fac6c440065ac7ff9e710ce3d0b
2026-10-05T21:13:25.6255723Z Build Date: 2026-09-01T19:56:44Z
2026-10-05T21:13:25.6257061Z Worker ID: {b0b4dacd-e54c-4f15-bf7f-d0f7bddc29ab}
2026-10-05T21:13:25.6258278Z Azure Region: eastus
2026-10-05T21:13:25.6259415Z ##[endgroup]
2026-10-05T21:13:25.6261832Z ##[group]Operating System
2026-10-05T21:13:25.6262846Z Ubuntu
2026-10-05T21:13:25.6264178Z 22.04.5
2026-10-05T21:13:25.6265107Z LTS
2026-10-05T21:13:25.6266082Z ##[endgroup]
2026-10-05T21:13:25.6267027Z ##[group]Runner Image
2026-10-05T21:13:25.6268054Z Image: ubuntu-22.04
2026-10-05T21:13:25.6269204Z Version: 20260927.309.1
2026-10-05T21:13:25.6271372Z Included Software: https://github.com/actions/runner-images/blob/ubuntu22/20260927.309/images/ubuntu/Ubuntu2204-Readme.md
2026-10-05T21:13:25.6274526Z Image Release: https://github.com/actions/runner-images/releases/tag/ubuntu22%2F20260927.309
2026-10-05T21:13:25.6276241Z ##[endgroup]
2026-10-05T21:13:25.6278291Z ##[group]GITHUB_TOKEN Permissions
2026-10-05T21:13:25.6281215Z Contents: read
2026-10-05T21:13:25.6282415Z Metadata: read
2026-10-05T21:13:25.6283599Z ##[endgroup]
2026-10-05T21:13:25.6287552Z Secret source: Actions
2026-10-05T21:13:25.6289210Z Cache mode: write
2026-10-05T21:13:25.6290905Z Prepare workflow directory
2026-10-05T21:13:25.6771461Z Prepare all required actions
2026-10-05T21:13:25.6843229Z Getting action download info
2026-10-05T21:13:25.9095166Z Download action repository 'actions/checkout@v4' (SHA:11d5960a326750d5838078e36cf38b85af677262)
2026-10-05T21:13:26.0158136Z Download action repository 'pnpm/action-setup@v4' (SHA:b906affcce14559ad1aafd4ab0e942779e9f58b1)
2026-10-05T21:13:26.2010883Z Download action repository 'actions/setup-node@v4' (SHA:49933ea5288caeca8642d1e84afbd3f7d6820020)
2026-10-05T21:13:26.3582424Z Download action repository 'actions/upload-artifact@v4' (SHA:ea165f8d65b6e75b540449e92b4886f43607fa02)
2026-10-05T21:13:26.6952128Z Complete job name: rich-editor-source
2026-10-05T21:13:26.7793076Z ##[group]Run actions/checkout@v4
2026-10-05T21:13:26.7794445Z with:
2026-10-05T21:13:26.7795088Z   repository: sveltery/cms
2026-10-05T21:13:26.7799680Z   token: ***
2026-10-05T21:13:26.7800324Z   ssh-strict: true
2026-10-05T21:13:26.7801016Z   ssh-user: git
2026-10-05T21:13:26.7801653Z   persist-credentials: true
2026-10-05T21:13:26.7802306Z   clean: true
2026-10-05T21:13:26.7803031Z   sparse-checkout-cone-mode: true
2026-10-05T21:13:26.7804028Z   fetch-depth: 1
2026-10-05T21:13:26.7804695Z   fetch-tags: false
2026-10-05T21:13:26.7805426Z   show-progress: true
2026-10-05T21:13:26.7806029Z   lfs: false
2026-10-05T21:13:26.7806642Z   submodules: false
2026-10-05T21:13:26.7807298Z   set-safe-directory: true
2026-10-05T21:13:26.7808001Z   allow-unsafe-pr-checkout: false
2026-10-05T21:13:26.7809203Z ##[endgroup]
2026-10-05T21:13:26.8926509Z Syncing repository: sveltery/cms
2026-10-05T21:13:26.8928790Z ##[group]Getting Git version info
2026-10-05T21:13:26.8929876Z Working directory is '/home/runner/work/cms/cms'
2026-10-05T21:13:26.8931189Z [command]/usr/bin/git version
2026-10-05T21:13:26.8980845Z git version 2.55.0
2026-10-05T21:13:26.9017170Z ##[endgroup]
2026-10-05T21:13:26.9025303Z Temporarily overriding HOME='/home/runner/work/_temp/a2021302-fb56-4f5c-b39d-fb1a8594238f' before making global git config changes
2026-10-05T21:13:26.9028451Z Adding repository directory to the temporary git global config as a safe directory
2026-10-05T21:13:26.9030736Z [command]/usr/bin/git config --global --add safe.directory /home/runner/work/cms/cms
2026-10-05T21:13:26.9079510Z Deleting the contents of '/home/runner/work/cms/cms'
2026-10-05T21:13:26.9083479Z ##[group]Initializing the repository
2026-10-05T21:13:26.9089389Z [command]/usr/bin/git init /home/runner/work/cms/cms
2026-10-05T21:13:26.9207542Z hint: Using 'master' as the name for the initial branch. This default branch name
2026-10-05T21:13:26.9210500Z hint: will change to "main" in Git 3.0. To configure the initial branch name
2026-10-05T21:13:26.9212864Z hint: to use in all of your new repositories, which will suppress this warning,
2026-10-05T21:13:26.9214853Z hint: call:
2026-10-05T21:13:26.9215889Z hint:
2026-10-05T21:13:26.9216956Z hint: 	git config --global init.defaultBranch <name>
2026-10-05T21:13:26.9218128Z hint:
2026-10-05T21:13:26.9219226Z hint: Names commonly chosen instead of 'master' are 'main', 'trunk' and
2026-10-05T21:13:26.9220621Z hint: 'development'. The just-created branch can be renamed via this command:
2026-10-05T21:13:26.9222448Z hint:
2026-10-05T21:13:26.9224321Z hint: 	git branch -m <name>
2026-10-05T21:13:26.9226032Z hint:
2026-10-05T21:13:26.9227935Z hint: Disable this message with "git config set advice.defaultBranchName false"
2026-10-05T21:13:26.9230321Z Initialized empty Git repository in /home/runner/work/cms/cms/.git/
2026-10-05T21:13:26.9234096Z [command]/usr/bin/git remote add origin https://github.com/sveltery/cms
2026-10-05T21:13:26.9273396Z ##[endgroup]
2026-10-05T21:13:26.9275634Z ##[group]Disabling automatic garbage collection
2026-10-05T21:13:26.9277011Z [command]/usr/bin/git config --local gc.auto 0
2026-10-05T21:13:26.9312643Z ##[endgroup]
2026-10-05T21:13:26.9314549Z ##[group]Setting up auth
2026-10-05T21:13:26.9318996Z [command]/usr/bin/git config --local --name-only --get-regexp core\.sshCommand
2026-10-05T21:13:26.9359976Z [command]/usr/bin/git submodule foreach --recursive sh -c "git config --local --name-only --get-regexp 'core\.sshCommand' && git config --local --unset-all 'core.sshCommand' || :"
2026-10-05T21:13:26.9752885Z [command]/usr/bin/git config --local --name-only --get-regexp http\.https\:\/\/github\.com\/\.extraheader
2026-10-05T21:13:26.9795285Z [command]/usr/bin/git submodule foreach --recursive sh -c "git config --local --name-only --get-regexp 'http\.https\:\/\/github\.com\/\.extraheader' && git config --local --unset-all 'http.https://github.com/.extraheader' || :"
2026-10-05T21:13:27.0068737Z [command]/usr/bin/git config --local --name-only --get-regexp ^includeIf\.gitdir:
2026-10-05T21:13:27.0109149Z [command]/usr/bin/git submodule foreach --recursive git config --local --show-origin --name-only --get-regexp remote.origin.url
2026-10-05T21:13:27.0365995Z [command]/usr/bin/git config --local http.https://github.com/.extraheader AUTHORIZATION: basic ***
2026-10-05T21:13:27.0409701Z ##[endgroup]
2026-10-05T21:13:27.0411019Z ##[group]Fetching the repository
2026-10-05T21:13:27.0419483Z [command]/usr/bin/git -c protocol.version=2 fetch --no-tags --prune --no-recurse-submodules --depth=1 origin +349ac45eae7c5fd42f7960648a2e5d52b386ab0b:refs/remotes/pull/117/merge
2026-10-05T21:13:28.3579262Z From https://github.com/sveltery/cms
2026-10-05T21:13:28.3581481Z  * [new ref]         349ac45eae7c5fd42f7960648a2e5d52b386ab0b -> pull/117/merge
2026-10-05T21:13:28.3586825Z ##[endgroup]
2026-10-05T21:13:28.3588901Z ##[group]Determining the checkout info
2026-10-05T21:13:28.3591206Z ##[endgroup]
2026-10-05T21:13:28.3595977Z [command]/usr/bin/git sparse-checkout disable
2026-10-05T21:13:28.3651436Z [command]/usr/bin/git config --local --unset-all extensions.worktreeConfig
2026-10-05T21:13:28.3691161Z ##[group]Checking out the ref
2026-10-05T21:13:28.3694623Z [command]/usr/bin/git checkout --progress --force refs/remotes/pull/117/merge
2026-10-05T21:13:28.7416173Z Note: switching to 'refs/remotes/pull/117/merge'.
2026-10-05T21:13:28.7416694Z 
2026-10-05T21:13:28.7417176Z You are in 'detached HEAD' state. You can look around, make experimental
2026-10-05T21:13:28.7425317Z changes and commit them, and you can discard any commits you make in this
2026-10-05T21:13:28.7426168Z state without impacting any branches by switching back to a branch.
2026-10-05T21:13:28.7426835Z 
2026-10-05T21:13:28.7427210Z If you want to create a new branch to retain commits you create, you may
2026-10-05T21:13:28.7428002Z do so (now or later) by using -c with the switch command. Example:
2026-10-05T21:13:28.7428840Z 
2026-10-05T21:13:28.7429171Z   git switch -c <new-branch-name>
2026-10-05T21:13:28.7429557Z 
2026-10-05T21:13:28.7429760Z Or undo this operation with:
2026-10-05T21:13:28.7430093Z 
2026-10-05T21:13:28.7430249Z   git switch -
2026-10-05T21:13:28.7430611Z 
2026-10-05T21:13:28.7431013Z Turn off this advice by setting config variable advice.detachedHead to false
2026-10-05T21:13:28.7431583Z 
2026-10-05T21:13:28.7432322Z HEAD is now at 349ac45 Merge e4b252dc32da9bcfda57cc8630f75351a424cc5c into ab5464d2f4e6aaad784984f469e6797af0ec0a65
2026-10-05T21:13:28.7438661Z ##[endgroup]
2026-10-05T21:13:28.7486649Z [command]/usr/bin/git log -1 --format=%H
2026-10-05T21:13:28.7517368Z 349ac45eae7c5fd42f7960648a2e5d52b386ab0b
2026-10-05T21:13:28.7767972Z ##[group]Run pnpm/action-setup@v4
2026-10-05T21:13:28.7768281Z with:
2026-10-05T21:13:28.7768485Z   version: 12.6.0
2026-10-05T21:13:28.7768703Z   dest: ~/setup-pnpm
2026-10-05T21:13:28.7768923Z   run_install: null
2026-10-05T21:13:28.7769160Z   cache: false
2026-10-05T21:13:28.7769392Z   cache_dependency_path: pnpm-lock.yaml
2026-10-05T21:13:28.7769705Z   package_json_file: package.json
2026-10-05T21:13:28.7769963Z   standalone: false
2026-10-05T21:13:28.7770172Z ##[endgroup]
2026-10-05T21:13:28.9277135Z ##[group]Running self-installer...
2026-10-05T21:13:29.3657767Z (node:2034) [DEP0169] DeprecationWarning: `url.parse()` behavior is not standardized and prone to errors that have security implications. Use the WHATWG URL API instead. CVEs are not issued for `url.parse()` vulnerabilities.
2026-10-05T21:13:29.3659622Z (Use `node --trace-deprecation ...` to show where the warning was created)
2026-10-05T21:13:29.5058416Z Progress: resolved 1, reused 0, downloaded 0, added 0
2026-10-05T21:13:29.8887538Z Packages: +3
2026-10-05T21:13:29.8888323Z +++
2026-10-05T21:13:30.4252814Z Progress: resolved 15, reused 0, downloaded 3, added 3, done
2026-10-05T21:13:30.4454103Z .../.pnpm/pnpm@12.6.0/node_modules/pnpm preinstall$ node install.js
2026-10-05T21:13:32.9976920Z .../.pnpm/pnpm@12.6.0/node_modules/pnpm preinstall: Done
2026-10-05T21:13:32.9981134Z .../.pnpm/pnpm@12.6.0/node_modules/pnpm postinstall$ node install.js
2026-10-05T21:13:33.0465771Z .../.pnpm/pnpm@12.6.0/node_modules/pnpm postinstall: Done
2026-10-05T21:13:34.5112808Z 
2026-10-05T21:13:34.5113247Z dependencies:
2026-10-05T21:13:34.5113661Z + pnpm 12.6.0 (12.9.1 is available)
2026-10-05T21:13:34.5114217Z 
2026-10-05T21:13:34.5138107Z Done in 5.3s
2026-10-05T21:13:34.5801350Z ##[endgroup]
2026-10-05T21:13:34.5801622Z Installation Completed!
2026-10-05T21:13:34.5994564Z ##[group]Run actions/setup-node@v4
2026-10-05T21:13:34.5994865Z with:
2026-10-05T21:13:34.5995061Z   node-version: 24
2026-10-05T21:13:34.5995261Z   cache: pnpm
2026-10-05T21:13:34.5995456Z   always-auth: false
2026-10-05T21:13:34.5995668Z   check-latest: false
2026-10-05T21:13:34.5998130Z   token: ***
2026-10-05T21:13:34.5998323Z env:
2026-10-05T21:13:34.5998569Z   PNPM_HOME: /home/runner/setup-pnpm/node_modules/.bin
2026-10-05T21:13:34.5998895Z ##[endgroup]
2026-10-05T21:13:34.7756838Z Found in cache @ /opt/hostedtoolcache/node/24.21.0/x64
2026-10-05T21:13:34.7761526Z (node:2065) [DEP0040] DeprecationWarning: The `punycode` module is deprecated. Please use a userland alternative instead.
2026-10-05T21:13:34.7762257Z (Use `node --trace-deprecation ...` to show where the warning was created)
2026-10-05T21:13:34.7765425Z ##[group]Environment details
2026-10-05T21:13:37.3007107Z node: v24.21.0
2026-10-05T21:13:37.3007539Z npm: 11.19.0
2026-10-05T21:13:37.3007887Z yarn: 1.22.22
2026-10-05T21:13:37.3009538Z ##[endgroup]
2026-10-05T21:13:37.3031995Z [command]/home/runner/setup-pnpm/node_modules/.bin/pnpm store path --silent
2026-10-05T21:13:37.3225542Z /home/runner/setup-pnpm/node_modules/.bin/store/v11
2026-10-05T21:13:37.4090569Z Cache hit for: node-cache-Linux-x64-pnpm-74c137a93c6bab64d18a84a551de86446c5c27b0da4b313cc0f2acff171f4c51
2026-10-05T21:13:37.4195188Z (node:2065) [DEP0169] DeprecationWarning: `url.parse()` behavior is not standardized and prone to errors that have security implications. Use the WHATWG URL API instead. CVEs are not issued for `url.parse()` vulnerabilities.
2026-10-05T21:13:38.4454000Z Received 179702785 of 179702785 (100.0%), 173.8 MBs/sec
2026-10-05T21:13:38.4455468Z Cache Size: ~171 MB (179702785 B)
2026-10-05T21:13:38.4572646Z [command]/usr/bin/tar -xf /home/runner/work/_temp/933c6099-31f5-4f2a-8d10-87244439eb15/cache.tzst -P -C /home/runner/work/cms/cms --use-compress-program unzstd
2026-10-05T21:13:40.7557625Z Cache restored successfully
2026-10-05T21:13:40.7957135Z Cache restored from key: node-cache-Linux-x64-pnpm-74c137a93c6bab64d18a84a551de86446c5c27b0da4b313cc0f2acff171f4c51
2026-10-05T21:13:40.8147289Z ##[group]Run pnpm install --frozen-lockfile
2026-10-05T21:13:40.8147756Z [36;1mpnpm install --frozen-lockfile[0m
2026-10-05T21:13:40.8577522Z shell: /usr/bin/bash -e {0}
2026-10-05T21:13:40.8577797Z env:
2026-10-05T21:13:40.8578071Z   PNPM_HOME: /home/runner/setup-pnpm/node_modules/.bin
2026-10-05T21:13:40.8578414Z ##[endgroup]
2026-10-05T21:13:40.9210242Z ? Verifying lockfile against supply-chain policies (634 entries)...
2026-10-05T21:13:41.1415942Z Packages are hard linked from the content-addressable store to the virtual store.
2026-10-05T21:13:41.1417168Z   Content-addressable store is at: /home/runner/setup-pnpm/node_modules/.bin/store/v11
2026-10-05T21:13:41.1417949Z   Virtual store is at:             node_modules/.pnpm
2026-10-05T21:13:43.7550854Z ✓ Lockfile passes supply-chain policies (634 entries in 2.8s)
2026-10-05T21:13:43.7551803Z Lockfile is up to date, resolution step is skipped
2026-10-05T21:13:43.7639213Z Packages: +503
2026-10-05T21:13:43.7640192Z ++++++++++++++++++++++++++++++++++++++++++++++++++++++++++++++++++++++++++++++++
2026-10-05T21:13:43.8324213Z Progress: resolved 503, reused 503, downloaded 0, added 503, done
2026-10-05T21:13:43.9275981Z . prepare$ svelte-kit sync
2026-10-05T21:13:45.1608108Z . prepare: Done
2026-10-05T21:13:45.1619376Z 
2026-10-05T21:13:45.1619854Z dependencies:
2026-10-05T21:13:45.1626196Z + @codemirror/autocomplete 6.20.3
2026-10-05T21:13:45.1626997Z + @codemirror/commands 6.10.4
2026-10-05T21:13:45.1641342Z + @codemirror/lang-css 6.3.1
2026-10-05T21:13:45.1641952Z + @codemirror/lang-html 6.4.12
2026-10-05T21:13:45.1642581Z + @codemirror/lang-javascript 6.2.5
2026-10-05T21:13:45.1643140Z + @codemirror/language 6.12.4
2026-10-05T21:13:45.1643647Z + @codemirror/state 6.7.1
2026-10-05T21:13:45.1644381Z + @codemirror/view 6.43.8
2026-10-05T21:13:45.1644861Z + @lezer/highlight 1.2.3
2026-10-05T21:13:45.1645339Z + @oslojs/crypto 1.0.1
2026-10-05T21:13:45.1645808Z + @oslojs/encoding 1.1.0
2026-10-05T21:13:45.1646293Z + @oslojs/webauthn 1.0.0
2026-10-05T21:13:45.1646744Z + @tiptap/core 3.20.0
2026-10-05T21:13:45.1647275Z + @tiptap/extension-bubble-menu 3.20.0
2026-10-05T21:13:45.1648220Z + @tiptap/extension-character-count 3.20.0
2026-10-05T21:13:45.1648814Z + @tiptap/extension-code 3.20.0
2026-10-05T21:13:45.1649419Z + @tiptap/extension-code-block-lowlight 3.20.0
2026-10-05T21:13:45.1650072Z + @tiptap/extension-focus 3.20.0
2026-10-05T21:13:45.1650671Z + @tiptap/extension-link 3.20.0
2026-10-05T21:13:45.1651191Z + @tiptap/extension-list 3.20.0
2026-10-05T21:13:45.1651748Z + @tiptap/extension-placeholder 3.20.0
2026-10-05T21:13:45.1652348Z + @tiptap/extension-subscript 3.20.0
2026-10-05T21:13:45.1652964Z + @tiptap/extension-superscript 3.20.0
2026-10-05T21:13:45.1653561Z + @tiptap/extension-table 3.20.0
2026-10-05T21:13:45.1654366Z + @tiptap/extension-table-cell 3.20.0
2026-10-05T21:13:45.1654985Z + @tiptap/extension-table-header 3.20.0
2026-10-05T21:13:45.1655602Z + @tiptap/extension-table-row 3.20.0
2026-10-05T21:13:45.1656231Z + @tiptap/extension-text-align 3.20.0
2026-10-05T21:13:45.1656814Z + @tiptap/extension-typography 3.20.0
2026-10-05T21:13:45.1657317Z + @tiptap/pm 3.20.0
2026-10-05T21:13:45.1657741Z + @tiptap/starter-kit 3.20.0
2026-10-05T21:13:45.1658207Z + @tiptap/suggestion 3.20.0
2026-10-05T21:13:45.1658839Z + @wordpress/block-serialization-default-parser 5.38.0
2026-10-05T21:13:45.1659746Z + blurhash 2.0.5
2026-10-05T21:13:45.1660091Z + cn 0.2.2
2026-10-05T21:13:45.1660441Z + date-fns 4.1.0
2026-10-05T21:13:45.1660836Z + highlight.js 11.11.2
2026-10-05T21:13:45.1661271Z + image-size 2.0.2
2026-10-05T21:13:45.1661651Z + jpeg-js 0.4.4
2026-10-05T21:13:45.1662028Z + jsonc-parser 3.3.1
2026-10-05T21:13:45.1662384Z + kysely 0.29.2
2026-10-05T21:13:45.1662728Z + lowlight 3.3.0
2026-10-05T21:13:45.1663086Z + mime 4.1.0
2026-10-05T21:13:45.1663441Z + parse5 7.3.0
2026-10-05T21:13:45.1694187Z + smol-toml 1.6.0
2026-10-05T21:13:45.1694681Z + ulidx 2.4.1
2026-10-05T21:13:45.1695399Z + upng-js 2.1.0
2026-10-05T21:13:45.1695825Z + valibot 1.5.0
2026-10-05T21:13:45.1696555Z + zod 4.5.4
2026-10-05T21:13:45.1696802Z 
2026-10-05T21:13:45.1696974Z devDependencies:
2026-10-05T21:13:45.1697397Z + @babel/core 7.29.7
2026-10-05T21:13:45.1697845Z + @cloudflare/kumo 2.6.0
2026-10-05T21:13:45.1698404Z + @cloudflare/workers-types 4.20260507.1
2026-10-05T21:13:45.1699071Z + @lingui/babel-plugin-lingui-macro 5.9.5
2026-10-05T21:13:45.1699615Z + @lingui/conf 5.9.5
2026-10-05T21:13:45.1700524Z + @lingui/core 5.9.5
2026-10-05T21:13:45.1701444Z + @lingui/react 5.9.5
2026-10-05T21:13:45.1701930Z + @playwright/test 1.63.0
2026-10-05T21:13:45.1702482Z + @sveltejs/adapter-auto 7.0.1
2026-10-05T21:13:45.1703089Z + @sveltejs/adapter-cloudflare 7.2.9
2026-10-05T21:13:45.1703698Z + @sveltejs/adapter-node 5.5.7
2026-10-05T21:13:45.1704427Z + @sveltejs/kit 2.70.3
2026-10-05T21:13:45.1704950Z + @sveltejs/vite-plugin-svelte 7.3.1
2026-10-05T21:13:45.1705624Z + @tanstack/react-query 5.90.21
2026-10-05T21:13:45.1706173Z + @tanstack/react-router 1.163.2
2026-10-05T21:13:45.1706681Z + @testing-library/react 16.3.2
2026-10-05T21:13:45.1707139Z + @tiptap/react 3.20.0
2026-10-05T21:13:45.1707541Z + @types/jsdom 30.0.0
2026-10-05T21:13:45.1707933Z + @types/node 24.19.0
2026-10-05T21:13:45.1708328Z + @types/react 19.3.0
2026-10-05T21:13:45.1708729Z + @types/react-dom 19.3.0
2026-10-05T21:13:45.1709241Z + @vitest/browser-playwright 4.1.10
2026-10-05T21:13:45.1709696Z + devalue 5.9.4
2026-10-05T21:13:45.1710042Z + jsdom 30.1.1
2026-10-05T21:13:45.1710547Z + miniflare 4.20260507.1
2026-10-05T21:13:45.1710928Z + pg 8.18.0
2026-10-05T21:13:45.1711256Z + react 19.3.0
2026-10-05T21:13:45.1711610Z + react-dom 19.3.0
2026-10-05T21:13:45.1711965Z + svelte 5.57.1
2026-10-05T21:13:45.1712334Z + svelte-check 4.7.6
2026-10-05T21:13:45.1712729Z + typescript 6.0.3
2026-10-05T21:13:45.1713086Z + vite 8.3.2
2026-10-05T21:13:45.1713409Z + vitest 4.1.10
2026-10-05T21:13:45.1714017Z + vitest-browser-react 2.2.0
2026-10-05T21:13:45.1714453Z + wrangler 4.99.0
2026-10-05T21:13:45.1714676Z 
2026-10-05T21:13:45.1715329Z Done in 4.3s using pnpm v12.6.0
2026-10-05T21:13:45.2069702Z ##[group]Run pnpm exec playwright install --with-deps chromium
2026-10-05T21:13:45.2070206Z [36;1mpnpm exec playwright install --with-deps chromium[0m
2026-10-05T21:13:45.2165194Z shell: /usr/bin/bash -e {0}
2026-10-05T21:13:45.2165459Z env:
2026-10-05T21:13:45.2165733Z   PNPM_HOME: /home/runner/setup-pnpm/node_modules/.bin
2026-10-05T21:13:45.2166059Z ##[endgroup]
2026-10-05T21:13:45.9071135Z Installing dependencies...
2026-10-05T21:13:45.9216167Z Switching to root user to install dependencies...
2026-10-05T21:13:46.0475662Z Get:1 file:/etc/apt/apt-mirrors.txt Mirrorlist [144 B]
2026-10-05T21:13:46.0727299Z Get:6 https://packages.microsoft.com/ubuntu/22.04/prod jammy InRelease [3632 B]
2026-10-05T21:13:46.0919077Z Hit:2 http://azure.archive.ubuntu.com/ubuntu jammy InRelease
2026-10-05T21:13:46.0938307Z Get:3 http://azure.archive.ubuntu.com/ubuntu jammy-updates InRelease [128 kB]
2026-10-05T21:13:46.1016150Z Get:4 http://azure.archive.ubuntu.com/ubuntu jammy-backports InRelease [127 kB]
2026-10-05T21:13:46.1032601Z Get:5 http://azure.archive.ubuntu.com/ubuntu jammy-security InRelease [129 kB]
2026-10-05T21:13:46.1628511Z Get:7 https://packages.microsoft.com/ubuntu/22.04/prod jammy/main amd64 Packages [794 kB]
2026-10-05T21:13:46.1876109Z Get:8 https://packages.microsoft.com/ubuntu/22.04/prod jammy/main arm64 Packages [551 kB]
2026-10-05T21:13:46.3605479Z Get:9 http://azure.archive.ubuntu.com/ubuntu jammy-updates/main amd64 Packages [3907 kB]
2026-10-05T21:13:46.3829553Z Get:10 http://azure.archive.ubuntu.com/ubuntu jammy-updates/main Translation-en [576 kB]
2026-10-05T21:13:46.3900372Z Get:11 http://azure.archive.ubuntu.com/ubuntu jammy-updates/restricted amd64 Packages [6714 kB]
2026-10-05T21:13:46.4231295Z Get:12 http://azure.archive.ubuntu.com/ubuntu jammy-updates/restricted Translation-en [1290 kB]
2026-10-05T21:13:46.4309592Z Get:13 http://azure.archive.ubuntu.com/ubuntu jammy-updates/universe amd64 Packages [1285 kB]
2026-10-05T21:13:46.4395213Z Get:14 http://azure.archive.ubuntu.com/ubuntu jammy-updates/universe Translation-en [325 kB]
2026-10-05T21:13:46.5910230Z Get:15 http://azure.archive.ubuntu.com/ubuntu jammy-security/main amd64 Packages [3631 kB]
2026-10-05T21:13:46.6085005Z Get:16 http://azure.archive.ubuntu.com/ubuntu jammy-security/main Translation-en [508 kB]
2026-10-05T21:13:46.6145131Z Get:17 http://azure.archive.ubuntu.com/ubuntu jammy-security/restricted amd64 Packages [6465 kB]
2026-10-05T21:13:46.6465828Z Get:18 http://azure.archive.ubuntu.com/ubuntu jammy-security/restricted Translation-en [1244 kB]
2026-10-05T21:13:46.6980514Z Get:19 http://azure.archive.ubuntu.com/ubuntu jammy-security/universe amd64 Packages [1052 kB]
2026-10-05T21:13:46.7041568Z Get:20 http://azure.archive.ubuntu.com/ubuntu jammy-security/universe Translation-en [237 kB]
2026-10-05T21:13:52.1722625Z Fetched 29.0 MB in 3s (8951 kB/s)
2026-10-05T21:13:53.4711207Z Reading package lists...
2026-10-05T21:13:53.5336084Z Reading package lists...
2026-10-05T21:13:53.7915392Z Building dependency tree...
2026-10-05T21:13:53.7926364Z Reading state information...
2026-10-05T21:13:53.9621122Z fonts-liberation is already the newest version (1:1.07.4-11).
2026-10-05T21:13:53.9622133Z fonts-liberation set to manually installed.
2026-10-05T21:13:53.9623068Z libatk-bridge2.0-0 is already the newest version (2.38.0-3).
2026-10-05T21:13:53.9624353Z libatk-bridge2.0-0 set to manually installed.
2026-10-05T21:13:53.9625072Z libatk1.0-0 is already the newest version (2.36.0-3build1).
2026-10-05T21:13:53.9625621Z libatk1.0-0 set to manually installed.
2026-10-05T21:13:53.9626450Z libatspi2.0-0 is already the newest version (2.44.0-3).
2026-10-05T21:13:53.9627147Z libatspi2.0-0 set to manually installed.
2026-10-05T21:13:53.9627740Z libfontconfig1 is already the newest version (2.13.1-4.2ubuntu5).
2026-10-05T21:13:53.9628306Z libfontconfig1 set to manually installed.
2026-10-05T21:13:53.9628816Z libxcb1 is already the newest version (1.14-3ubuntu3).
2026-10-05T21:13:53.9629305Z libxcb1 set to manually installed.
2026-10-05T21:13:53.9630312Z libxcomposite1 is already the newest version (1:0.4.5-1build2).
2026-10-05T21:13:53.9630784Z libxcomposite1 set to manually installed.
2026-10-05T21:13:53.9631239Z libxdamage1 is already the newest version (1:1.1.5-2build2).
2026-10-05T21:13:53.9631669Z libxdamage1 set to manually installed.
2026-10-05T21:13:53.9632100Z libxext6 is already the newest version (2:1.3.4-1build1).
2026-10-05T21:13:53.9632509Z libxext6 set to manually installed.
2026-10-05T21:13:53.9632907Z libxfixes3 is already the newest version (1:6.0.0-1).
2026-10-05T21:13:53.9633302Z libxfixes3 set to manually installed.
2026-10-05T21:13:53.9633714Z libxkbcommon0 is already the newest version (1.4.0-1).
2026-10-05T21:13:53.9634429Z libxkbcommon0 set to manually installed.
2026-10-05T21:13:53.9634864Z libxrandr2 is already the newest version (2:1.5.2-1build1).
2026-10-05T21:13:53.9635280Z libxrandr2 set to manually installed.
2026-10-05T21:13:53.9635797Z fonts-noto-color-emoji is already the newest version (2.047-0ubuntu0.22.04.1).
2026-10-05T21:13:53.9636388Z libasound2 is already the newest version (1.2.6.1-1ubuntu1.2).
2026-10-05T21:13:53.9636808Z libasound2 set to manually installed.
2026-10-05T21:13:53.9637236Z libcairo2 is already the newest version (1.16.0-5ubuntu2.1).
2026-10-05T21:13:53.9637877Z libcairo2 set to manually installed.
2026-10-05T21:13:53.9638326Z libcups2 is already the newest version (2.4.1op1-1ubuntu4.21).
2026-10-05T21:13:53.9638760Z libcups2 set to manually installed.
2026-10-05T21:13:53.9639191Z libdbus-1-3 is already the newest version (1.12.20-2ubuntu4.1).
2026-10-05T21:13:53.9639593Z libdbus-1-3 set to manually installed.
2026-10-05T21:13:53.9640017Z libdrm2 is already the newest version (2.4.113-2~ubuntu0.22.04.1).
2026-10-05T21:13:53.9640412Z libdrm2 set to manually installed.
2026-10-05T21:13:53.9640834Z libfreetype6 is already the newest version (2.11.1+dfsg-1ubuntu0.3).
2026-10-05T21:13:53.9641266Z libfreetype6 set to manually installed.
2026-10-05T21:13:53.9641696Z libgbm1 is already the newest version (23.2.1-1ubuntu3.1~22.04.4).
2026-10-05T21:13:53.9642092Z libgbm1 set to manually installed.
2026-10-05T21:13:53.9642493Z libglib2.0-0 is already the newest version (2.72.4-0ubuntu2.10).
2026-10-05T21:13:53.9642891Z libglib2.0-0 set to manually installed.
2026-10-05T21:13:53.9643316Z libnspr4 is already the newest version (2:4.35-0ubuntu0.22.04.1).
2026-10-05T21:13:53.9643977Z libnss3 is already the newest version (2:3.98-0ubuntu0.22.04.4).
2026-10-05T21:13:53.9644478Z libpango-1.0-0 is already the newest version (1.50.6+ds-2ubuntu1).
2026-10-05T21:13:53.9644887Z libpango-1.0-0 set to manually installed.
2026-10-05T21:13:53.9645335Z libwayland-client0 is already the newest version (1.20.0-1ubuntu0.1).
2026-10-05T21:13:53.9645786Z libwayland-client0 set to manually installed.
2026-10-05T21:13:53.9646210Z libx11-6 is already the newest version (2:1.7.5-1ubuntu0.3).
2026-10-05T21:13:53.9646586Z libx11-6 set to manually installed.
2026-10-05T21:13:53.9647009Z xvfb is already the newest version (2:21.1.4-2ubuntu1.7~22.04.16).
2026-10-05T21:13:53.9647458Z The following additional packages will be installed:
2026-10-05T21:13:53.9647810Z   xfonts-encodings xfonts-utils
2026-10-05T21:13:53.9648096Z Recommended packages:
2026-10-05T21:13:53.9648369Z   fonts-ipafont-mincho fonts-tlwg-loma
2026-10-05T21:13:53.9824782Z The following NEW packages will be installed:
2026-10-05T21:13:53.9825354Z   fonts-freefont-ttf fonts-ipafont-gothic fonts-tlwg-loma-otf fonts-unifont
2026-10-05T21:13:53.9830361Z   fonts-wqy-zenhei xfonts-cyrillic xfonts-encodings xfonts-scalable
2026-10-05T21:13:53.9830767Z   xfonts-utils
2026-10-05T21:13:54.0012985Z 0 upgraded, 9 newly installed, 0 to remove and 20 not upgraded.
2026-10-05T21:13:54.0014176Z Need to get 18.4 MB of archives.
2026-10-05T21:13:54.0015003Z After this operation, 56.8 MB of additional disk space will be used.
2026-10-05T21:13:54.0015893Z Get:1 file:/etc/apt/apt-mirrors.txt Mirrorlist [144 B]
2026-10-05T21:13:54.2133375Z Get:2 http://azure.archive.ubuntu.com/ubuntu jammy/universe amd64 fonts-ipafont-gothic all 00303-21ubuntu1 [3513 kB]
2026-10-05T21:13:55.0990841Z Get:3 http://azure.archive.ubuntu.com/ubuntu jammy/main amd64 fonts-freefont-ttf all 20120503-10build1 [2388 kB]
2026-10-05T21:13:55.2393250Z Get:4 http://azure.archive.ubuntu.com/ubuntu jammy/universe amd64 fonts-tlwg-loma-otf all 1:0.7.3-1 [107 kB]
2026-10-05T21:13:55.3360337Z Get:5 http://azure.archive.ubuntu.com/ubuntu jammy/universe amd64 fonts-unifont all 1:14.0.01-1 [3551 kB]
2026-10-05T21:13:55.5400460Z Get:6 http://azure.archive.ubuntu.com/ubuntu jammy/universe amd64 fonts-wqy-zenhei all 0.9.45-8 [7472 kB]
2026-10-05T21:13:55.8866831Z Get:7 http://azure.archive.ubuntu.com/ubuntu jammy/main amd64 xfonts-encodings all 1:1.0.5-0ubuntu2 [578 kB]
2026-10-05T21:13:55.9868544Z Get:8 http://azure.archive.ubuntu.com/ubuntu jammy/main amd64 xfonts-utils amd64 1:7.7+6build2 [94.6 kB]
2026-10-05T21:13:56.1353142Z Get:9 http://azure.archive.ubuntu.com/ubuntu jammy/universe amd64 xfonts-cyrillic all 1:1.0.5 [386 kB]
2026-10-05T21:13:56.2343160Z Get:10 http://azure.archive.ubuntu.com/ubuntu jammy/main amd64 xfonts-scalable all 1:1.0.3-1.2ubuntu1 [306 kB]
2026-10-05T21:13:56.8288126Z Fetched 18.4 MB in 2s (7985 kB/s)
2026-10-05T21:13:56.8603984Z Selecting previously unselected package fonts-ipafont-gothic.
2026-10-05T21:13:56.8969693Z (Reading database ... 
2026-10-05T21:13:56.8970321Z (Reading database ... 5%
2026-10-05T21:13:56.8971058Z (Reading database ... 10%
2026-10-05T21:13:56.8971568Z (Reading database ... 15%
2026-10-05T21:13:56.8972022Z (Reading database ... 20%
2026-10-05T21:13:56.8972453Z (Reading database ... 25%
2026-10-05T21:13:56.8972742Z (Reading database ... 30%
2026-10-05T21:13:56.8973003Z (Reading database ... 35%
2026-10-05T21:13:56.8973246Z (Reading database ... 40%
2026-10-05T21:13:56.8973490Z (Reading database ... 45%
2026-10-05T21:13:56.8973991Z (Reading database ... 50%
2026-10-05T21:13:57.0338898Z (Reading database ... 55%
2026-10-05T21:13:57.2392860Z (Reading database ... 60%
2026-10-05T21:13:57.4521789Z (Reading database ... 65%
2026-10-05T21:13:57.7083995Z (Reading database ... 70%
2026-10-05T21:13:57.8905757Z (Reading database ... 75%
2026-10-05T21:13:58.1438947Z (Reading database ... 80%
2026-10-05T21:13:58.3923134Z (Reading database ... 85%
2026-10-05T21:13:58.6526420Z (Reading database ... 90%
2026-10-05T21:13:58.8488893Z (Reading database ... 95%
2026-10-05T21:13:58.8489427Z (Reading database ... 100%
2026-10-05T21:13:58.8490208Z (Reading database ... 260411 files and directories currently installed.)
2026-10-05T21:13:58.8544416Z Preparing to unpack .../0-fonts-ipafont-gothic_00303-21ubuntu1_all.deb ...
2026-10-05T21:13:58.8648091Z Unpacking fonts-ipafont-gothic (00303-21ubuntu1) ...
2026-10-05T21:13:59.1164760Z Selecting previously unselected package fonts-freefont-ttf.
2026-10-05T21:13:59.1368117Z Preparing to unpack .../1-fonts-freefont-ttf_20120503-10build1_all.deb ...
2026-10-05T21:13:59.1377163Z Unpacking fonts-freefont-ttf (20120503-10build1) ...
2026-10-05T21:13:59.3325044Z Selecting previously unselected package fonts-tlwg-loma-otf.
2026-10-05T21:13:59.3532508Z Preparing to unpack .../2-fonts-tlwg-loma-otf_1%3a0.7.3-1_all.deb ...
2026-10-05T21:13:59.3540303Z Unpacking fonts-tlwg-loma-otf (1:0.7.3-1) ...
2026-10-05T21:13:59.3783671Z Selecting previously unselected package fonts-unifont.
2026-10-05T21:13:59.3990192Z Preparing to unpack .../3-fonts-unifont_1%3a14.0.01-1_all.deb ...
2026-10-05T21:13:59.3998653Z Unpacking fonts-unifont (1:14.0.01-1) ...
2026-10-05T21:13:59.4902338Z Selecting previously unselected package fonts-wqy-zenhei.
2026-10-05T21:13:59.5107791Z Preparing to unpack .../4-fonts-wqy-zenhei_0.9.45-8_all.deb ...
2026-10-05T21:13:59.5225541Z Unpacking fonts-wqy-zenhei (0.9.45-8) ...
2026-10-05T21:14:00.0366217Z Selecting previously unselected package xfonts-encodings.
2026-10-05T21:14:00.0573598Z Preparing to unpack .../5-xfonts-encodings_1%3a1.0.5-0ubuntu2_all.deb ...
2026-10-05T21:14:00.0581165Z Unpacking xfonts-encodings (1:1.0.5-0ubuntu2) ...
2026-10-05T21:14:00.0920608Z Selecting previously unselected package xfonts-utils.
2026-10-05T21:14:00.1123916Z Preparing to unpack .../6-xfonts-utils_1%3a7.7+6build2_amd64.deb ...
2026-10-05T21:14:00.1131236Z Unpacking xfonts-utils (1:7.7+6build2) ...
2026-10-05T21:14:00.1508617Z Selecting previously unselected package xfonts-cyrillic.
2026-10-05T21:14:00.1711185Z Preparing to unpack .../7-xfonts-cyrillic_1%3a1.0.5_all.deb ...
2026-10-05T21:14:00.1718780Z Unpacking xfonts-cyrillic (1:1.0.5) ...
2026-10-05T21:14:00.2217508Z Selecting previously unselected package xfonts-scalable.
2026-10-05T21:14:00.2419705Z Preparing to unpack .../8-xfonts-scalable_1%3a1.0.3-1.2ubuntu1_all.deb ...
2026-10-05T21:14:00.2427705Z Unpacking xfonts-scalable (1:1.0.3-1.2ubuntu1) ...
2026-10-05T21:14:00.2980612Z Setting up fonts-wqy-zenhei (0.9.45-8) ...
2026-10-05T21:14:00.3171053Z Setting up fonts-freefont-ttf (20120503-10build1) ...
2026-10-05T21:14:00.3199377Z Setting up fonts-tlwg-loma-otf (1:0.7.3-1) ...
2026-10-05T21:14:00.3226959Z Setting up xfonts-encodings (1:1.0.5-0ubuntu2) ...
2026-10-05T21:14:00.3256352Z Setting up fonts-ipafont-gothic (00303-21ubuntu1) ...
2026-10-05T21:14:00.3340401Z update-alternatives: using /usr/share/fonts/opentype/ipafont-gothic/ipag.ttf to provide /usr/share/fonts/truetype/fonts-japanese-gothic.ttf (fonts-japanese-gothic.ttf) in auto mode
2026-10-05T21:14:00.3361930Z Setting up fonts-unifont (1:14.0.01-1) ...
2026-10-05T21:14:00.3379694Z Setting up xfonts-utils (1:7.7+6build2) ...
2026-10-05T21:14:00.3424064Z Setting up xfonts-cyrillic (1:1.0.5) ...
2026-10-05T21:14:00.3758281Z Setting up xfonts-scalable (1:1.0.3-1.2ubuntu1) ...
2026-10-05T21:14:00.4077773Z Processing triggers for man-db (2.10.2-1) ...
2026-10-05T21:14:00.4115772Z Not building database; man-db/auto-update is not 'true'.
2026-10-05T21:14:00.4130279Z Processing triggers for fontconfig (2.13.1-4.2ubuntu5) ...
2026-10-05T21:14:01.1059550Z 
2026-10-05T21:14:01.1060187Z Running kernel seems to be up-to-date.
2026-10-05T21:14:01.1060583Z 
2026-10-05T21:14:01.1064908Z No services need to be restarted.
2026-10-05T21:14:01.1065255Z 
2026-10-05T21:14:01.1065534Z No containers need to be restarted.
2026-10-05T21:14:01.1065867Z 
2026-10-05T21:14:01.1066156Z No user sessions are running outdated binaries.
2026-10-05T21:14:01.1066395Z 
2026-10-05T21:14:01.1066728Z No VM guests are running outdated hypervisor (qemu) binaries on this host.
2026-10-05T21:14:02.3835586Z Downloading Chrome for Testing 153.0.8010.12 (playwright chromium v1243) from https://cdn.playwright.dev/builds/cft/153.0.8010.12/linux64/chrome-linux64.zip
2026-10-05T21:14:02.7999376Z |                                                                                |   0% of 186.8 MiB
2026-10-05T21:14:02.9845566Z |■■■■■■■■                                                                        |  10% of 186.8 MiB
2026-10-05T21:14:03.0727792Z |■■■■■■■■■■■■■■■■                                                                |  20% of 186.8 MiB
2026-10-05T21:14:03.1752642Z |■■■■■■■■■■■■■■■■■■■■■■■■                                                        |  30% of 186.8 MiB
2026-10-05T21:14:03.2396217Z |■■■■■■■■■■■■■■■■■■■■■■■■■■■■■■■■                                                |  40% of 186.8 MiB
2026-10-05T21:14:03.3174377Z |■■■■■■■■■■■■■■■■■■■■■■■■■■■■■■■■■■■■■■■■                                        |  50% of 186.8 MiB
2026-10-05T21:14:03.3819597Z |■■■■■■■■■■■■■■■■■■■■■■■■■■■■■■■■■■■■■■■■■■■■■■■■                                |  60% of 186.8 MiB
2026-10-05T21:14:03.4635998Z |■■■■■■■■■■■■■■■■■■■■■■■■■■■■■■■■■■■■■■■■■■■■■■■■■■■■■■■■                        |  70% of 186.8 MiB
2026-10-05T21:14:03.5439447Z |■■■■■■■■■■■■■■■■■■■■■■■■■■■■■■■■■■■■■■■■■■■■■■■■■■■■■■■■■■■■■■■■                |  80% of 186.8 MiB
2026-10-05T21:14:03.6154973Z |■■■■■■■■■■■■■■■■■■■■■■■■■■■■■■■■■■■■■■■■■■■■■■■■■■■■■■■■■■■■■■■■■■■■■■■■        |  90% of 186.8 MiB
2026-10-05T21:14:03.7186109Z |■■■■■■■■■■■■■■■■■■■■■■■■■■■■■■■■■■■■■■■■■■■■■■■■■■■■■■■■■■■■■■■■■■■■■■■■■■■■■■■■| 100% of 186.8 MiB
2026-10-05T21:14:06.7889371Z Chrome for Testing 153.0.8010.12 (playwright chromium v1243) downloaded to /home/runner/.cache/ms-playwright/chromium-1243
2026-10-05T21:14:06.7893105Z Downloading FFmpeg (playwright ffmpeg v1011) from https://cdn.playwright.dev/dbazure/download/playwright/builds/ffmpeg/1011/ffmpeg-linux.zip
2026-10-05T21:14:07.1592600Z |                                                                                |   0% of 2.3 MiB
2026-10-05T21:14:07.1641203Z |■■■■■■■■                                                                        |  10% of 2.3 MiB
2026-10-05T21:14:07.1661501Z |■■■■■■■■■■■■■■■■                                                                |  20% of 2.3 MiB
2026-10-05T21:14:07.1689441Z |■■■■■■■■■■■■■■■■■■■■■■■■                                                        |  30% of 2.3 MiB
2026-10-05T21:14:07.1702596Z |■■■■■■■■■■■■■■■■■■■■■■■■■■■■■■■■                                                |  40% of 2.3 MiB
2026-10-05T21:14:07.1715517Z |■■■■■■■■■■■■■■■■■■■■■■■■■■■■■■■■■■■■■■■■                                        |  50% of 2.3 MiB
2026-10-05T21:14:07.1728648Z |■■■■■■■■■■■■■■■■■■■■■■■■■■■■■■■■■■■■■■■■■■■■■■■■                                |  60% of 2.3 MiB
2026-10-05T21:14:07.1742810Z |■■■■■■■■■■■■■■■■■■■■■■■■■■■■■■■■■■■■■■■■■■■■■■■■■■■■■■■■                        |  70% of 2.3 MiB
2026-10-05T21:14:07.1756863Z |■■■■■■■■■■■■■■■■■■■■■■■■■■■■■■■■■■■■■■■■■■■■■■■■■■■■■■■■■■■■■■■■                |  80% of 2.3 MiB
2026-10-05T21:14:07.1771732Z |■■■■■■■■■■■■■■■■■■■■■■■■■■■■■■■■■■■■■■■■■■■■■■■■■■■■■■■■■■■■■■■■■■■■■■■■        |  90% of 2.3 MiB
2026-10-05T21:14:07.1784225Z |■■■■■■■■■■■■■■■■■■■■■■■■■■■■■■■■■■■■■■■■■■■■■■■■■■■■■■■■■■■■■■■■■■■■■■■■■■■■■■■■| 100% of 2.3 MiB
2026-10-05T21:14:07.2369990Z FFmpeg (playwright ffmpeg v1011) downloaded to /home/runner/.cache/ms-playwright/ffmpeg-1011
2026-10-05T21:14:07.2373099Z Downloading Chrome Headless Shell 153.0.8010.12 (playwright chromium-headless-shell v1243) from https://cdn.playwright.dev/builds/cft/153.0.8010.12/linux64/chrome-headless-shell-linux64.zip
2026-10-05T21:14:07.6195605Z |                                                                                |   0% of 114.3 MiB
2026-10-05T21:14:08.1842538Z |■■■■■■■■                                                                        |  10% of 114.3 MiB
2026-10-05T21:14:08.7144675Z |■■■■■■■■■■■■■■■■                                                                |  20% of 114.3 MiB
2026-10-05T21:14:09.2430554Z |■■■■■■■■■■■■■■■■■■■■■■■■                                                        |  30% of 114.3 MiB
2026-10-05T21:14:09.8784641Z |■■■■■■■■■■■■■■■■■■■■■■■■■■■■■■■■                                                |  40% of 114.3 MiB
2026-10-05T21:14:10.3790710Z |■■■■■■■■■■■■■■■■■■■■■■■■■■■■■■■■■■■■■■■■                                        |  50% of 114.3 MiB
2026-10-05T21:14:10.8711242Z |■■■■■■■■■■■■■■■■■■■■■■■■■■■■■■■■■■■■■■■■■■■■■■■■                                |  60% of 114.3 MiB
2026-10-05T21:14:11.4098595Z |■■■■■■■■■■■■■■■■■■■■■■■■■■■■■■■■■■■■■■■■■■■■■■■■■■■■■■■■                        |  70% of 114.3 MiB
2026-10-05T21:14:11.9651728Z |■■■■■■■■■■■■■■■■■■■■■■■■■■■■■■■■■■■■■■■■■■■■■■■■■■■■■■■■■■■■■■■■                |  80% of 114.3 MiB
2026-10-05T21:14:12.4673921Z |■■■■■■■■■■■■■■■■■■■■■■■■■■■■■■■■■■■■■■■■■■■■■■■■■■■■■■■■■■■■■■■■■■■■■■■■        |  90% of 114.3 MiB
2026-10-05T21:14:12.7512633Z |■■■■■■■■■■■■■■■■■■■■■■■■■■■■■■■■■■■■■■■■■■■■■■■■■■■■■■■■■■■■■■■■■■■■■■■■■■■■■■■■| 100% of 114.3 MiB
2026-10-05T21:14:14.9074191Z Chrome Headless Shell 153.0.8010.12 (playwright chromium-headless-shell v1243) downloaded to /home/runner/.cache/ms-playwright/chromium_headless_shell-1243
2026-10-05T21:14:14.9343587Z ##[group]Run node scripts/check-rich-editor-source.mjs
2026-10-05T21:14:14.9344310Z [36;1mnode scripts/check-rich-editor-source.mjs[0m
2026-10-05T21:14:14.9416676Z shell: /usr/bin/bash -e {0}
2026-10-05T21:14:14.9416931Z env:
2026-10-05T21:14:14.9417187Z   PNPM_HOME: /home/runner/setup-pnpm/node_modules/.bin
2026-10-05T21:14:14.9417515Z ##[endgroup]
2026-10-05T21:14:14.9969377Z Rich editor Source guard: 34 whole families and 148 exact immutable files retained. Execution credit is recorded separately.
2026-10-05T21:14:15.0047601Z ##[group]Run timeout --kill-after=30s 600s node node_modules/vitest/vitest.mjs run --config vitest.rich-editor-browser.config.ts --reporter=default --reporter=json --outputFile=rich-editor-browser-report.json
2026-10-05T21:14:15.0049159Z [36;1mtimeout --kill-after=30s 600s node node_modules/vitest/vitest.mjs run --config vitest.rich-editor-browser.config.ts --reporter=default --reporter=json --outputFile=rich-editor-browser-report.json[0m
2026-10-05T21:14:15.0119446Z shell: /usr/bin/bash -e {0}
2026-10-05T21:14:15.0119706Z env:
2026-10-05T21:14:15.0119970Z   PNPM_HOME: /home/runner/setup-pnpm/node_modules/.bin
2026-10-05T21:14:15.0120308Z   DEBUG: pw:browser
2026-10-05T21:14:15.0120522Z ##[endgroup]
2026-10-05T21:14:16.3367554Z 
2026-10-05T21:14:16.3371225Z [1m[30m[46m RUN [49m[39m[22m [36mv4.1.10 [39m[90m/home/runner/work/cms/cms[39m
2026-10-05T21:14:16.3371672Z 
2026-10-05T21:14:17.7839172Z 2026-10-05T21:14:17.781Z pw:browser <launching> /home/runner/.cache/ms-playwright/chromium_headless_shell-1243/chrome-headless-shell-linux64/chrome-headless-shell --disable-field-trial-config --disable-background-networking --disable-background-timer-throttling --disable-backgrounding-occluded-windows --disable-back-forward-cache --disable-breakpad --disable-client-side-phishing-detection --disable-component-extensions-with-background-pages --disable-component-update --no-default-browser-check --disable-default-apps --disable-dev-shm-usage --disable-edgeupdater --disable-extensions --disable-features=AvoidUnnecessaryBeforeUnloadCheckSync,DestroyProfileOnBrowserClose,DialMediaRouteProvider,GlobalMediaControls,HttpsUpgrades,LensOverlay,MediaRouter,PaintHolding,ThirdPartyStoragePartitioning,BlockOriginHeaderModificationOnRedirect,Translate,AutoDeElevate,OptimizationHints,msForceBrowserSignIn,msEdgeUpdateLaunchServicesPreferredVersion --enable-features=CDPScreenshotNewSurface --allow-pre-commit-input --disable-hang-monitor --disable-ipc-flooding-protection --disable-popup-blocking --disable-prompt-on-repost --disable-renderer-backgrounding --disable-updater-scheduler --force-color-profile=srgb --metrics-recording-only --no-first-run --password-store=basic --use-mock-keychain --no-service-autorun --export-tagged-pdf --disable-search-engine-choice-screen --unsafely-disable-devtools-self-xss-warnings --edge-skip-compat-layer-relaunch --disable-infobars --disable-search-engine-choice-screen --disable-sync --enable-unsafe-swiftshader --headless --hide-scrollbars --mute-audio --blink-settings=primaryHoverType=2,availableHoverTypes=2,primaryPointerType=4,availablePointerTypes=4 --user-data-dir=/tmp/playwright_chromiumdev_profile-BA3bTk --remote-debugging-pipe --no-startup-window
2026-10-05T21:14:17.7893704Z 2026-10-05T21:14:17.789Z pw:browser <launched> pid=2966
2026-10-05T21:14:17.9720282Z 2026-10-05T21:14:17.971Z pw:browser [pid=2966][err] [1005/211417.861534:ERROR:dbus/bus.cc:405] Failed to connect to the bus: Could not parse server address: Unknown address type (examples of valid types are "tcp" and on UNIX "unix")
2026-10-05T21:14:17.9722663Z 2026-10-05T21:14:17.971Z pw:browser [pid=2966][err] Unable to revert mtime: /usr/share/fonts
2026-10-05T21:14:17.9727527Z 2026-10-05T21:14:17.971Z pw:browser [pid=2966][err] Unable to revert mtime: /usr/share/fonts/truetype
2026-10-05T21:14:17.9730334Z 2026-10-05T21:14:17.971Z pw:browser [pid=2966][err] [1005/211417.880145:WARNING:media/gpu/vaapi/vaapi_wrapper.cc:1660] drmGetDevices2() has not found any devices
2026-10-05T21:14:17.9748721Z 2026-10-05T21:14:17.971Z pw:browser [pid=2966][err] [1005/211417.882280:WARNING:sandbox/policy/linux/sandbox_linux.cc:405] InitializeSandbox() called with multiple threads in process gpu-process.
2026-10-05T21:14:17.9751060Z 2026-10-05T21:14:17.971Z pw:browser [pid=2966][err] Unable to revert mtime: /usr/share/fonts/truetype/dejavu
2026-10-05T21:14:18.0559470Z 2026-10-05T21:14:18.055Z pw:browser [pid=2966][err] Unable to revert mtime: /usr/share/fonts/truetype/lato
2026-10-05T21:14:18.2467989Z 2026-10-05T21:14:18.246Z pw:browser [pid=2966][err] Unable to revert mtime: /usr/share/fonts/truetype/liberation
2026-10-05T21:14:18.2589793Z 2026-10-05T21:14:18.258Z pw:browser [pid=2966][err] Unable to revert mtime: /usr/share/fonts/truetype/noto
2026-10-05T21:14:18.4458919Z 2026-10-05T21:14:18.445Z pw:browser [pid=2966][err] [1005/211418.444943:ERROR:dbus/object_proxy.cc:572] Failed to call method: org.freedesktop.DBus.NameHasOwner: object_path= /org/freedesktop/DBus: unknown error type: 
2026-10-05T21:14:18.4476217Z 2026-10-05T21:14:18.445Z pw:browser [pid=2966][err] [1005/211418.445196:ERROR:dbus/bus.cc:405] Failed to connect to the bus: Could not parse server address: Unknown address type (examples of valid types are "tcp" and on UNIX "unix")
2026-10-05T21:14:18.4522730Z 2026-10-05T21:14:18.451Z pw:browser [pid=2966][err] [1005/211418.451176:ERROR:dbus/object_proxy.cc:572] Failed to call method: org.freedesktop.DBus.NameHasOwner: object_path= /org/freedesktop/DBus: unknown error type: 
2026-10-05T21:14:18.7418767Z 2026-10-05T21:14:18.741Z pw:browser [pid=2966][err] [1005/211418.741481:INFO:CONSOLE:934] "[vite] connecting...", source: http://localhost:63315/@vite/client (934)
2026-10-05T21:14:18.7485184Z 2026-10-05T21:14:18.748Z pw:browser [pid=2966][err] [1005/211418.747652:INFO:CONSOLE:1045] "[vite] connected.", source: http://localhost:63315/@vite/client (1045)
2026-10-05T21:14:18.7981895Z 2026-10-05T21:14:18.797Z pw:browser [pid=2966][err] [1005/211418.791976:INFO:CONSOLE:934] "[vite] connecting...", source: http://localhost:63315/@vite/client (934)
2026-10-05T21:14:18.8054105Z 2026-10-05T21:14:18.804Z pw:browser [pid=2966][err] [1005/211418.804056:INFO:CONSOLE:1045] "[vite] connected.", source: http://localhost:63315/@vite/client (1045)
2026-10-05T21:14:22.6971723Z  [32m✓[39m [30m[43m chromium [49m[39m parity/emdash/rich-editor-source/packages/admin/tests/editor/PortableTextEditor.test.tsx [2m([22m[2m91 tests[22m[2m)[22m[33m 2862[2mms[22m[39m
2026-10-05T21:14:22.7388380Z 2026-10-05T21:14:22.737Z pw:browser [pid=2966][err] [1005/211422.736551:INFO:CONSOLE:934] "[vite] connecting...", source: http://localhost:63315/@vite/client (934)
2026-10-05T21:14:22.7535084Z 2026-10-05T21:14:22.751Z pw:browser [pid=2966][err] [1005/211422.749127:INFO:CONSOLE:1045] "[vite] connected.", source: http://localhost:63315/@vite/client (1045)
2026-10-05T21:14:27.3428399Z  [31m❯[39m [30m[43m chromium [49m[39m parity/emdash/rich-editor-source/packages/admin/tests/editor/slash-menu.test.tsx [2m([22m[2m44 tests[22m[2m | [22m[31m1 failed[39m[2m)[22m[33m 4260[2mms[22m[39m
2026-10-05T21:14:27.3430789Z      [32m✓[39m keeps focus in the editor when the menu opens[32m 85[2mms[22m[39m
2026-10-05T21:14:27.3432190Z      [32m✓[39m uses a contained scroll viewport inside the menu shell[32m 66[2mms[22m[39m
2026-10-05T21:14:27.3433512Z      [32m✓[39m closes on Tab and lets focus leave the editor[32m 76[2mms[22m[39m
2026-10-05T21:14:27.3435308Z      [32m✓[39m closes on Shift+Tab and lets focus leave the editor[32m 73[2mms[22m[39m
2026-10-05T21:14:27.3436775Z      [32m✓[39m closes a gutter-triggered menu on Tab without inserting content[32m 83[2mms[22m[39m
2026-10-05T21:14:27.3438285Z      [32m✓[39m opens from the gutter and cancels without inserting a slash[32m 83[2mms[22m[39m
2026-10-05T21:14:27.3440349Z      [32m✓[39m discards an untouched gutter block when clicking outside the menu[32m 119[2mms[22m[39m
2026-10-05T21:14:27.3441933Z      [32m✓[39m exits the slash suggestion plugin when clicking outside the menu[32m 113[2mms[22m[39m
2026-10-05T21:14:27.3443440Z      [32m✓[39m keeps slash suggestion dismissed when opening the gutter menu[32m 65[2mms[22m[39m
2026-10-05T21:14:27.3445284Z      [32m✓[39m records slash dismissal when opening the gutter menu from the keyboard[32m 65[2mms[22m[39m
2026-10-05T21:14:27.3467957Z      [32m✓[39m does not leave a staging paragraph when a gutter command opens a modal[32m 107[2mms[22m[39m
2026-10-05T21:14:27.3469970Z      [32m✓[39m materializes a new block when a direct gutter command is selected[32m 102[2mms[22m[39m
2026-10-05T21:14:27.3471483Z      [32m✓[39m inserts modal-backed gutter content at the requested block position[32m 114[2mms[22m[39m
2026-10-05T21:14:27.3472944Z      [32m✓[39m materializes a new gutter paragraph when the user starts typing[32m 82[2mms[22m[39m
2026-10-05T21:14:27.3474767Z      [32m✓[39m does not materialize a gutter paragraph for modifier shortcuts[32m 67[2mms[22m[39m
2026-10-05T21:14:27.3476115Z      [32m✓[39m opens when typing / at the start of an empty line[32m 60[2mms[22m[39m
2026-10-05T21:14:27.3477156Z      [32m✓[39m shows default block type commands[32m 62[2mms[22m[39m
2026-10-05T21:14:27.3478357Z      [32m✓[39m opens the shared table picker and preserves the query on Escape[32m 78[2mms[22m[39m
2026-10-05T21:14:27.3479947Z [31m     [31m×[31m closes the shared table picker when the editor becomes read-only[39m[33m 362[2mms[22m[39m
2026-10-05T21:14:27.3481403Z      [32m✓[39m inserts the chosen table and removes the slash query in one undo[32m 93[2mms[22m[39m
2026-10-05T21:14:27.3482576Z      [32m✓[39m shows descriptions for each command[32m 60[2mms[22m[39m
2026-10-05T21:14:27.3483536Z      [32m✓[39m filters commands by query text[32m 85[2mms[22m[39m
2026-10-05T21:14:27.3484735Z      [32m✓[39m shows No results when no commands match[32m 116[2mms[22m[39m
2026-10-05T21:14:27.3485757Z      [32m✓[39m highlights the first item by default[32m 60[2mms[22m[39m
2026-10-05T21:14:27.3486845Z      [32m✓[39m uses the interaction surface for selected items[32m 61[2mms[22m[39m
2026-10-05T21:14:27.3488212Z      [32m✓[39m uses a quieter interaction surface for light-mode selection[32m 62[2mms[22m[39m
2026-10-05T21:14:27.3489358Z      [32m✓[39m moves selection down with ArrowDown[32m 67[2mms[22m[39m
2026-10-05T21:14:27.3490437Z      [32m✓[39m moves selection up with ArrowUp from second item[32m 83[2mms[22m[39m
2026-10-05T21:14:27.3491754Z      [32m✓[39m wraps selection around when pressing ArrowUp from first item[32m 67[2mms[22m[39m
2026-10-05T21:14:27.3493090Z      [32m✓[39m executes selected command on Enter and converts to heading[32m 67[2mms[22m[39m
2026-10-05T21:14:27.3494453Z      [32m✓[39m closes menu on Escape without executing[32m 66[2mms[22m[39m
2026-10-05T21:14:27.3495495Z      [32m✓[39m executes command when clicking an item[32m 113[2mms[22m[39m
2026-10-05T21:14:27.3496505Z      [32m✓[39m inserts a code block via slash command[32m 115[2mms[22m[39m
2026-10-05T21:14:27.3497571Z      [32m✓[39m inserts a horizontal rule via slash command[32m 114[2mms[22m[39m
2026-10-05T21:14:27.3498637Z      [32m✓[39m inserts an HTML block via slash command[32m 116[2mms[22m[39m
2026-10-05T21:14:27.3499655Z      [32m✓[39m inserts bullet list via slash command[32m 115[2mms[22m[39m
2026-10-05T21:14:27.3500692Z      [32m✓[39m inserts numbered list via slash command[32m 115[2mms[22m[39m
2026-10-05T21:14:27.3501680Z      [32m✓[39m highlights item on mouse hover[32m 97[2mms[22m[39m
2026-10-05T21:14:27.3502696Z      [32m✓[39m filters by alias (typing /h1 shows Heading 1)[32m 81[2mms[22m[39m
2026-10-05T21:14:27.3504242Z      [32m✓[39m includes Image and Section commands[32m 63[2mms[22m[39m
2026-10-05T21:14:27.3505504Z      [32m✓[39m prioritises title matches over description matches when filtering[32m 87[2mms[22m[39m
2026-10-05T21:14:27.3507149Z      [32m✓[39m includes plugin block commands when provided[32m 61[2mms[22m[39m
2026-10-05T21:14:27.3508399Z      [32m✓[39m renders plugin block commands with a custom category override[32m 68[2mms[22m[39m
2026-10-05T21:14:27.3509779Z      [32m✓[39m renders plugin block commands without a category (default Embeds)[32m 63[2mms[22m[39m
2026-10-05T21:14:27.3891771Z 2026-10-05T21:14:27.388Z pw:browser [pid=2966][err] [1005/211427.388208:INFO:CONSOLE:934] "[vite] connecting...", source: http://localhost:63315/@vite/client (934)
2026-10-05T21:14:27.3939950Z 2026-10-05T21:14:27.393Z pw:browser [pid=2966][err] [1005/211427.393291:INFO:CONSOLE:1045] "[vite] connected.", source: http://localhost:63315/@vite/client (1045)
2026-10-05T21:14:28.7105293Z  [32m✓[39m [30m[43m chromium [49m[39m parity/emdash/rich-editor-source/packages/admin/tests/editor/table-controls.test.tsx [2m([22m[2m60 tests[22m[2m)[22m[33m 1048[2mms[22m[39m
2026-10-05T21:14:28.7406137Z 2026-10-05T21:14:28.737Z pw:browser [pid=2966][err] [1005/211428.737237:INFO:CONSOLE:934] "[vite] connecting...", source: http://localhost:63315/@vite/client (934)
2026-10-05T21:14:28.7494373Z 2026-10-05T21:14:28.749Z pw:browser [pid=2966][err] [1005/211428.748708:INFO:CONSOLE:1045] "[vite] connected.", source: http://localhost:63315/@vite/client (1045)
2026-10-05T21:14:32.3216353Z 2026-10-05T21:14:32.320Z pw:browser [pid=2966][err] [1005/211432.319720:ERROR:net/socket/ssl_client_socket_impl.cc:949] handshake failed; returned -1, SSL error code 1, net_error -107
2026-10-05T21:14:32.3219082Z 2026-10-05T21:14:32.320Z pw:browser [pid=2966][err] [1005/211432.320555:ERROR:net/socket/ssl_client_socket_impl.cc:949] handshake failed; returned -1, SSL error code 1, net_error -107
2026-10-05T21:14:32.8683186Z  [32m✓[39m [30m[43m chromium [49m[39m parity/emdash/rich-editor-source/packages/admin/tests/editor/iframe-block-editor.test.tsx [2m([22m[2m11 tests[22m[2m)[22m[33m 3815[2mms[22m[39m
2026-10-05T21:14:32.8685896Z      [33m[2m✓[22m[39m inserts a block from /iframe with its Code tab focused [33m 655[2mms[22m[39m
2026-10-05T21:14:32.8687843Z      [33m[2m✓[22m[39m turns a pasted YouTube link into the player and shows it in Preview [33m 557[2mms[22m[39m
2026-10-05T21:14:32.8689413Z      [33m[2m✓[22m[39m saves a link that waited while the editor was read-only [33m 616[2mms[22m[39m
2026-10-05T21:14:32.8691151Z      [33m[2m✓[22m[39m keeps showing a link that waits for the editor when the code editor loses focus [33m 700[2mms[22m[39m
2026-10-05T21:14:32.8692792Z      [33m[2m✓[22m[39m shows why input is rejected and keeps the saved embed [33m 470[2mms[22m[39m
2026-10-05T21:14:32.8694403Z      [33m[2m✓[22m[39m clears the embed when the code is deleted [33m 384[2mms[22m[39m
2026-10-05T21:14:32.9182157Z 2026-10-05T21:14:32.916Z pw:browser [pid=2966][err] [1005/211432.914498:INFO:CONSOLE:934] "[vite] connecting...", source: http://localhost:63315/@vite/client (934)
2026-10-05T21:14:32.9256246Z 2026-10-05T21:14:32.923Z pw:browser [pid=2966][err] [1005/211432.923525:INFO:CONSOLE:1045] "[vite] connected.", source: http://localhost:63315/@vite/client (1045)
2026-10-05T21:14:35.0651343Z  [32m✓[39m [30m[43m chromium [49m[39m tests/rich-editor-browser/table-controls.test.ts [2m([22m[2m4 tests[22m[2m)[22m[33m 1772[2mms[22m[39m
2026-10-05T21:14:35.0653148Z    [33m[2m✓[22m[39m keeps contextual header controls anchored while toggling in ltr [33m 670[2mms[22m[39m
2026-10-05T21:14:35.0655092Z    [33m[2m✓[22m[39m keeps contextual header controls anchored while toggling in rtl [33m 633[2mms[22m[39m
2026-10-05T21:14:35.0656910Z    [33m[2m✓[22m[39m closes an actual open bubble menu and hides table controls on read-only transition [33m 352[2mms[22m[39m
2026-10-05T21:14:35.0844258Z 2026-10-05T21:14:35.084Z pw:browser [pid=2966][err] [1005/211435.083952:INFO:CONSOLE:934] "[vite] connecting...", source: http://localhost:63315/@vite/client (934)
2026-10-05T21:14:35.0941392Z 2026-10-05T21:14:35.093Z pw:browser [pid=2966][err] [1005/211435.093498:INFO:CONSOLE:1045] "[vite] connected.", source: http://localhost:63315/@vite/client (1045)
2026-10-05T21:14:36.4486715Z  [32m✓[39m [30m[43m chromium [49m[39m tests/rich-editor-browser/form-keyboard.test.ts [2m([22m[2m1 test[22m[2m)[22m[33m 826[2mms[22m[39m
2026-10-05T21:14:36.4488432Z    [33m[2m✓[22m[39m keeps real browser search Enter local while the enclosing draft still submits explicitly [33m 825[2mms[22m[39m
2026-10-05T21:14:36.4846511Z 2026-10-05T21:14:36.482Z pw:browser [pid=2966][err] [1005/211436.481852:INFO:CONSOLE:934] "[vite] connecting...", source: http://localhost:63315/@vite/client (934)
2026-10-05T21:14:36.4902811Z 2026-10-05T21:14:36.489Z pw:browser [pid=2966][err] [1005/211436.489694:INFO:CONSOLE:1045] "[vite] connected.", source: http://localhost:63315/@vite/client (1045)
2026-10-05T21:14:36.9714276Z  [32m✓[39m [30m[43m chromium [49m[39m parity/emdash/rich-editor-source/packages/admin/tests/components/PortableTextEditor.footer.test.tsx [2m([22m[2m2 tests[22m[2m)[22m[32m 106[2mms[22m[39m
2026-10-05T21:14:36.9740578Z 
2026-10-05T21:14:36.9741318Z [31m⎯⎯⎯⎯⎯⎯⎯[39m[1m[41m Failed Tests 1 [49m[22m[31m⎯⎯⎯⎯⎯⎯⎯[39m
2026-10-05T21:14:36.9741789Z 
2026-10-05T21:14:36.9745550Z [41m[1m FAIL [22m[49m [30m[43m chromium [49m[39m parity/emdash/rich-editor-source/packages/admin/tests/editor/slash-menu.test.tsx[2m > [22mSlash Command Menu[2m > [22mcloses the shared table picker when the editor becomes read-only
2026-10-05T21:14:36.9751010Z [31m[1mError[22m: https://svelte.dev/e/effect_update_depth_exceeded[39m
2026-10-05T21:14:36.9751562Z 
2026-10-05T21:14:36.9751752Z Failure screenshot:
2026-10-05T21:14:36.9753983Z   - [2mparity/emdash/rich-editor-source/packages/admin/tests/editor/__screenshots__/slash-menu.test.tsx/Slash-Command-Menu-closes-the-shared-table-picker-when-the-editor-becomes-read-only-1.png[22m
2026-10-05T21:14:36.9755571Z 
2026-10-05T21:14:36.9756856Z [90m [2m❯[22m effect_update_depth_exceeded node_modules/.pnpm/svelte@5.57.1/node_modules/svelte/src/internal/client/errors.js:[2m247:8[22m[39m
2026-10-05T21:14:36.9759092Z [90m [2m❯[22m infinite_loop_guard node_modules/.pnpm/svelte@5.57.1/node_modules/svelte/src/internal/client/reactivity/batch.js:[2m1088:2[22m[39m
2026-10-05T21:14:36.9761199Z [90m [2m❯[22m #process node_modules/.pnpm/svelte@5.57.1/node_modules/svelte/src/internal/client/reactivity/batch.js:[2m375:4[22m[39m
2026-10-05T21:14:36.9763259Z [90m [2m❯[22m #process node_modules/.pnpm/svelte@5.57.1/node_modules/svelte/src/internal/client/reactivity/batch.js:[2m482:23[22m[39m
2026-10-05T21:14:36.9765453Z [90m [2m❯[22m #process node_modules/.pnpm/svelte@5.57.1/node_modules/svelte/src/internal/client/reactivity/batch.js:[2m482:23[22m[39m
2026-10-05T21:14:36.9767491Z [90m [2m❯[22m #process node_modules/.pnpm/svelte@5.57.1/node_modules/svelte/src/internal/client/reactivity/batch.js:[2m482:23[22m[39m
2026-10-05T21:14:36.9769488Z [90m [2m❯[22m #process node_modules/.pnpm/svelte@5.57.1/node_modules/svelte/src/internal/client/reactivity/batch.js:[2m482:23[22m[39m
2026-10-05T21:14:36.9771501Z [90m [2m❯[22m #process node_modules/.pnpm/svelte@5.57.1/node_modules/svelte/src/internal/client/reactivity/batch.js:[2m482:23[22m[39m
2026-10-05T21:14:36.9773508Z [90m [2m❯[22m #process node_modules/.pnpm/svelte@5.57.1/node_modules/svelte/src/internal/client/reactivity/batch.js:[2m482:23[22m[39m
2026-10-05T21:14:36.9776029Z [90m [2m❯[22m #process node_modules/.pnpm/svelte@5.57.1/node_modules/svelte/src/internal/client/reactivity/batch.js:[2m482:23[22m[39m
2026-10-05T21:14:36.9776999Z 
2026-10-05T21:14:36.9777359Z [31m[2m⎯⎯⎯⎯⎯⎯⎯⎯⎯⎯⎯⎯⎯⎯⎯⎯⎯⎯⎯⎯⎯⎯⎯⎯[1/1]⎯[22m[39m
2026-10-05T21:14:36.9777609Z 
2026-10-05T21:14:36.9777899Z 
2026-10-05T21:14:36.9778603Z [2m Test Files [22m [1m[31m1 failed[39m[22m[2m | [22m[1m[32m6 passed[39m[22m[90m (7)[39m
2026-10-05T21:14:36.9779535Z [2m      Tests [22m [1m[31m1 failed[39m[22m[2m | [22m[1m[32m212 passed[39m[22m[90m (213)[39m
2026-10-05T21:14:36.9780636Z [2m   Start at [22m 21:14:16
2026-10-05T21:14:36.9781641Z [2m   Duration [22m 20.63s[2m (transform 0ms, setup 452ms, import 1.99s, tests 14.69s, environment 0ms)[22m
2026-10-05T21:14:36.9782081Z 
2026-10-05T21:14:36.9818348Z JSON report written to /home/runner/work/cms/cms/rich-editor-browser-report.json
2026-10-05T21:14:37.0233553Z 2026-10-05T21:14:37.021Z pw:browser [pid=2966][err] [1005/211437.010582:INFO:CONSOLE:1080] "[vite] server connection lost. Polling for restart...", source: http://localhost:63315/@vite/client (1080)
2026-10-05T21:14:37.0245312Z 2026-10-05T21:14:37.021Z pw:browser [pid=2966][err] [1005/211437.012678:INFO:CONSOLE:1211] "[vite] server connection lost. Polling for restart...", source: http://localhost:63315/__vitest_browser__/tester-BJtsJFpD.js (1211)
2026-10-05T21:14:37.0359570Z 2026-10-05T21:14:37.035Z pw:browser [pid=2966] <gracefully close start>
2026-10-05T21:14:37.0856809Z 2026-10-05T21:14:37.085Z pw:browser [pid=2966] <process did exit: exitCode=0, signal=null>
2026-10-05T21:14:37.0858622Z 2026-10-05T21:14:37.085Z pw:browser [pid=2966] starting temporary directories cleanup
2026-10-05T21:14:37.0905948Z 2026-10-05T21:14:37.089Z pw:browser [pid=2966] finished temporary directories cleanup
2026-10-05T21:14:37.0907112Z 2026-10-05T21:14:37.089Z pw:browser [pid=2966] <gracefully close end>
2026-10-05T21:14:38.0489361Z ##[error]Process completed with exit code 1.
2026-10-05T21:14:38.0559483Z ##[group]Run actions/upload-artifact@v4
2026-10-05T21:14:38.0559793Z with:
2026-10-05T21:14:38.0560027Z   name: rich-editor-source-browser-evidence
2026-10-05T21:14:38.0560345Z   path: rich-editor-browser-report.json
2026-10-05T21:14:38.0560621Z   retention-days: 7
2026-10-05T21:14:38.0560859Z   if-no-files-found: warn
2026-10-05T21:14:38.0561092Z   compression-level: 6
2026-10-05T21:14:38.0561306Z   overwrite: false
2026-10-05T21:14:38.0561520Z   include-hidden-files: false
2026-10-05T21:14:38.0561759Z env:
2026-10-05T21:14:38.0561996Z   PNPM_HOME: /home/runner/setup-pnpm/node_modules/.bin
2026-10-05T21:14:38.0562303Z ##[endgroup]
2026-10-05T21:14:38.2379340Z (node:3047) [DEP0040] DeprecationWarning: The `punycode` module is deprecated. Please use a userland alternative instead.
2026-10-05T21:14:38.2380170Z (Use `node --trace-deprecation ...` to show where the warning was created)
2026-10-05T21:14:38.2429633Z With the provided path, there will be 1 file uploaded
2026-10-05T21:14:38.2455821Z Artifact name is valid!
2026-10-05T21:14:38.2456389Z Root directory input is valid!
2026-10-05T21:14:38.4694596Z Beginning upload of artifact content to blob storage
2026-10-05T21:14:38.4918712Z (node:3047) [DEP0169] DeprecationWarning: `url.parse()` behavior is not standardized and prone to errors that have security implications. Use the WHATWG URL API instead. CVEs are not issued for `url.parse()` vulnerabilities.
2026-10-05T21:14:38.5358258Z Uploaded bytes 7760
2026-10-05T21:14:38.5576152Z Finished uploading artifact content to blob storage!
2026-10-05T21:14:38.5577918Z SHA256 digest of uploaded artifact zip is dcfdaf7fc0dc78578bac145d9c28422822480263a172fbfc570ae2002ee77c13
2026-10-05T21:14:38.5579347Z Finalizing artifact upload
2026-10-05T21:14:38.7865306Z Artifact rich-editor-source-browser-evidence.zip successfully finalized. Artifact ID 11371285098
2026-10-05T21:14:38.7867332Z Artifact rich-editor-source-browser-evidence has been successfully uploaded! Final size is 7760 bytes. Artifact ID is 11371285098
2026-10-05T21:14:38.7871338Z Artifact download URL: https://github.com/sveltery/cms/actions/runs/37371251863/artifacts/11371285098
2026-10-05T21:14:38.8055631Z Post job cleanup.
2026-10-05T21:14:38.9617432Z Pruning is unnecessary.
2026-10-05T21:14:38.9810986Z Post job cleanup.
2026-10-05T21:14:39.0758981Z [command]/usr/bin/git version
2026-10-05T21:14:39.0806534Z git version 2.55.0
2026-10-05T21:14:39.0846688Z Temporarily overriding HOME='/home/runner/work/_temp/446677f0-e1b6-4fa7-9bc6-950d5ade95fe' before making global git config changes
2026-10-05T21:14:39.0848369Z Adding repository directory to the temporary git global config as a safe directory
2026-10-05T21:14:39.0853145Z [command]/usr/bin/git config --global --add safe.directory /home/runner/work/cms/cms
2026-10-05T21:14:39.0930057Z [command]/usr/bin/git config --local --name-only --get-regexp core\.sshCommand
2026-10-05T21:14:39.0988922Z [command]/usr/bin/git submodule foreach --recursive sh -c "git config --local --name-only --get-regexp 'core\.sshCommand' && git config --local --unset-all 'core.sshCommand' || :"
2026-10-05T21:14:39.1316499Z [command]/usr/bin/git config --local --name-only --get-regexp http\.https\:\/\/github\.com\/\.extraheader
2026-10-05T21:14:39.1340073Z http.https://github.com/.extraheader
2026-10-05T21:14:39.1352395Z [command]/usr/bin/git config --local --unset-all http.https://github.com/.extraheader
2026-10-05T21:14:39.1400496Z [command]/usr/bin/git submodule foreach --recursive sh -c "git config --local --name-only --get-regexp 'http\.https\:\/\/github\.com\/\.extraheader' && git config --local --unset-all 'http.https://github.com/.extraheader' || :"
2026-10-05T21:14:39.1756347Z [command]/usr/bin/git config --local --name-only --get-regexp ^includeIf\.gitdir:
2026-10-05T21:14:39.1827228Z [command]/usr/bin/git submodule foreach --recursive git config --local --show-origin --name-only --get-regexp remote.origin.url
2026-10-05T21:14:39.2285177Z Cleaning up orphan processes
2026-10-05T21:14:39.2604384Z ##[warning]Node.js 20 is deprecated. The following actions target Node.js 20 but are being forced to run on Node.js 24: actions/checkout@v4, actions/setup-node@v4, actions/upload-artifact@v4, pnpm/action-setup@v4. For more information see: https://github.blog/changelog/2025-09-19-deprecation-of-node-20-on-github-actions-runners/
