$ node scripts/check-seo-storage-source.mjs && vitest run --config vitest.seo-storage-reference.config.mts && vitest run --config vitest.seo-storage-content-reference.config.mts && vitest run --config vitest.seo-storage-loader-reference.config.mts
{"wholeAuthorities":70,"wholeFamilies":[{"path":"packages/core/tests/unit/seo/get-seo-meta.test.ts","declarations":9,"expectExpressions":13},{"path":"packages/core/tests/unit/loader-seo.test.ts","declarations":7,"expectExpressions":18},{"path":"packages/core/tests/unit/page/seo-contributions.test.ts","declarations":20,"expectExpressions":30},{"path":"packages/core/tests/unit/plugins/page-seo.test.ts","declarations":10,"expectExpressions":16},{"path":"packages/core/tests/unit/plugins/page-metadata.test.ts","declarations":33,"expectExpressions":51},{"path":"packages/core/tests/unit/database/repositories/seo.test.ts","declarations":3,"expectExpressions":15},{"path":"packages/core/tests/integration/seo/seo.test.ts","declarations":60,"expectExpressions":147},{"path":"packages/core/tests/integration/seo/hreflang.test.ts","declarations":14,"expectExpressions":15},{"path":"packages/core/tests/integration/seo/sitemap-route.test.ts","declarations":13,"expectExpressions":46}],"productTestsRun":0}

 RUN  v4.1.10 /workspace/cms-complete-seo-storage-backend


 Test Files  3 passed (3)
      Tests  30 passed (30)
   Start at  19:16:41
   Duration  5.51s (transform 918ms, setup 0ms, import 1.88s, tests 3.27s, environment 0ms)


 RUN  v4.1.10 /workspace/cms-complete-seo-storage-backend


 Test Files  1 passed (1)
      Tests  60 passed (60)
   Start at  19:16:47
   Duration  7.10s (transform 1.15s, setup 0ms, import 1.55s, tests 5.44s, environment 0ms)


 RUN  v4.1.10 /workspace/cms-complete-seo-storage-backend


 Test Files  1 passed (1)
      Tests  7 passed (7)
   Start at  19:16:54
   Duration  2.36s (transform 1.03s, setup 0ms, import 1.44s, tests 781ms, environment 0ms)

$ vitest run --config vitest.seo-storage-native.config.ts

 RUN  v4.1.10 /workspace/cms-complete-seo-storage-backend


 Test Files  7 passed (7)
      Tests  31 passed (31)
   Start at  19:16:57
   Duration  34.06s (transform 788ms, setup 0ms, import 3.24s, tests 29.90s, environment 1ms)

$ svelte-kit sync && svelte-check --tsconfig ./tsconfig.json
Loading svelte-check in workspace: /workspace/cms-complete-seo-storage-backend
Getting Svelte diagnostics...

svelte-check found 0 errors and 0 warnings
