✔ Node: genuine v5 upgrade and persisted v17 reopen preserve content and operator objects (385.348092ms)
✔ Node: a future Source-named trigger collision is refused before any startup write (63.701307ms)
✔ Node: a real late-batch SQLite failure rolls back the complete v0→17 installation (122.76069ms)
✔ Node: a real late-batch SQLite failure rolls back the complete v4→17 installation (190.806935ms)
✔ raw D1: genuine v5 upgrade and persisted v17 reopen preserve content and operator objects (13639.656282ms)
✔ raw D1: a future Source-named trigger collision is refused before any startup write (4590.308246ms)
✔ raw D1: a real late-batch SQLite failure rolls back the complete v0→17 installation (10469.749198ms)
✔ raw D1: a real late-batch SQLite failure rolls back the complete v4→17 installation (7775.512361ms)
✔ scoped D1: genuine v5 upgrade and persisted v17 reopen preserve content and operator objects (3637.749065ms)
✔ scoped D1: a future Source-named trigger collision is refused before any startup write (1656.800985ms)
✔ scoped D1: a real late-batch SQLite failure rolls back the complete v0→17 installation (4730.51366ms)
✔ scoped D1: a real late-batch SQLite failure rolls back the complete v4→17 installation (3722.44457ms)
ℹ tests 12
ℹ suites 0
ℹ pass 12
ℹ fail 0
ℹ cancelled 0
ℹ skipped 0
ℹ todo 0
ℹ duration_ms 52797.379297
