✔ Node: ordinary canonical startup installs actual contiguous providers through 17 (92.961435ms)
✔ Node: fresh ordinary startup makes media and byline prerequisites storage available (165.203811ms)
✔ Node: fresh ordinary startup makes directed content links storage available (84.517682ms)
✔ Node: fresh ordinary startup makes menus storage available (48.5729ms)
✔ Node: fresh ordinary startup makes sections and site widgets storage available (64.79458ms)
✔ Node: fresh ordinary startup makes comments and moderation storage available (37.577196ms)
✔ Node: fresh ordinary startup makes redirects storage available (48.248655ms)
✔ raw D1: ordinary canonical startup installs actual contiguous providers through 17 (3038.981433ms)
✔ raw D1: fresh ordinary startup makes media and byline prerequisites storage available (2145.16454ms)
✔ raw D1: fresh ordinary startup makes directed content links storage available (2303.948198ms)
✔ raw D1: fresh ordinary startup makes menus storage available (2605.152218ms)
✔ raw D1: fresh ordinary startup makes sections and site widgets storage available (5066.536263ms)
✔ raw D1: fresh ordinary startup makes comments and moderation storage available (4088.84209ms)
✔ raw D1: fresh ordinary startup makes redirects storage available (3896.49712ms)
✔ scoped D1: ordinary canonical startup installs actual contiguous providers through 17 (2992.676443ms)
✔ scoped D1: fresh ordinary startup makes media and byline prerequisites storage available (2179.704157ms)
✔ scoped D1: fresh ordinary startup makes directed content links storage available (2181.376611ms)
✔ scoped D1: fresh ordinary startup makes menus storage available (1840.351111ms)
✔ scoped D1: fresh ordinary startup makes sections and site widgets storage available (2084.488036ms)
✔ scoped D1: fresh ordinary startup makes comments and moderation storage available (1941.373297ms)
✔ scoped D1: fresh ordinary startup makes redirects storage available (1547.22477ms)
(node:2525933) ExperimentalWarning: stripTypeScriptTypes is an experimental feature and might change at any time
(Use `node --trace-warnings ...` to show where the warning was created)
✔ Node SQLite: ordinary options persist across normal installation and reopen (212.848041ms)
✔ Node SQLite: real taxonomy seeds defaults indexes and group pivot semantics (53.184835ms)
✔ Node SQLite: normal v5 upgrade preserves every field and exact operator SQL (107.724991ms)
✔ Node SQLite: failed normal metadata upgrade rolls back all providers and preserves v5 values (25.803286ms)
✔ Node SQLite: external metadata foreign keys refuse the normal upgrade before writes (15.251096ms)
✔ Node SQLite: missing or changed owned trigger refuses normal readiness without writes (74.904808ms)
✔ raw D1: ordinary options persist across normal installation and reopen (4876.997783ms)
✔ raw D1: real taxonomy seeds defaults indexes and group pivot semantics (3950.861807ms)
✔ raw D1: normal v5 upgrade preserves every field and exact operator SQL (6498.958107ms)
✔ raw D1: failed normal metadata upgrade rolls back all providers and preserves v5 values (4084.599479ms)
✔ raw D1: external metadata foreign keys refuse the normal upgrade before writes (1176.442787ms)
✔ raw D1: missing or changed owned trigger refuses normal readiness without writes (2622.731739ms)
✔ scoped D1: ordinary options persist across normal installation and reopen (2756.668298ms)
✔ scoped D1: real taxonomy seeds defaults indexes and group pivot semantics (2361.520703ms)
✔ scoped D1: normal v5 upgrade preserves every field and exact operator SQL (3650.526024ms)
✔ scoped D1: failed normal metadata upgrade rolls back all providers and preserves v5 values (2762.859028ms)
✔ scoped D1: external metadata foreign keys refuse the normal upgrade before writes (1109.242563ms)
✔ scoped D1: missing or changed owned trigger refuses normal readiness without writes (1681.997857ms)
✔ Node SQLite: normal installer applies real contiguous providers through eight (177.981048ms)
✔ Node SQLite: normal installation enables actual settings and taxonomy storage (59.754683ms)
✔ Node SQLite: normal metadata upgrade enables the Source collection field cascade (23.195632ms)
✔ raw D1: normal installer applies real contiguous providers through eight (3775.91988ms)
✔ raw D1: normal installation enables actual settings and taxonomy storage (2012.777411ms)
✔ raw D1: normal metadata upgrade enables the Source collection field cascade (2611.54936ms)
✔ scoped D1: normal installer applies real contiguous providers through eight (2781.274429ms)
✔ scoped D1: normal installation enables actual settings and taxonomy storage (4117.330649ms)
✔ scoped D1: normal metadata upgrade enables the Source collection field cascade (4188.100489ms)
ℹ tests 48
ℹ suites 0
ℹ pass 48
ℹ fail 0
ℹ cancelled 0
ℹ skipped 0
ℹ todo 0
ℹ duration_ms 39553.772499
