
 RUN  v4.1.10 /workspace/cms-complete-seo-storage-backend

 ❯ tests/seo-storage-native/sitemap-availability.test.ts (1 test | 1 failed) 82ms
   × public collection sitemap XML producer is available 78ms

⎯⎯⎯⎯⎯⎯⎯ Failed Tests 1 ⎯⎯⎯⎯⎯⎯⎯

 FAIL  tests/seo-storage-native/sitemap-availability.test.ts > public collection sitemap XML producer is available
AssertionError: Expected values to be strictly equal:
+ actual - expected

+ 'undefined'
- 'function'


Expected: "function"
Received: "undefined"

 ❯ tests/seo-storage-native/sitemap-availability.test.ts:11:10
      9|     if (!(error instanceof Error) || !('code' in error) || error.code …
     10|   }
     11|   assert.equal(typeof product.collectionSitemapResponse, 'function');
       |          ^
     12| });
     13|

⎯⎯⎯⎯⎯⎯⎯⎯⎯⎯⎯⎯⎯⎯⎯⎯⎯⎯⎯⎯⎯⎯⎯⎯[1/1]⎯


 Test Files  1 failed | 1 passed (2)
      Tests  1 failed | 2 passed (3)
   Start at  03:36:09
   Duration  4.27s (transform 1.88s, setup 0ms, import 2.70s, tests 480ms, environment 0ms)

