
 RUN  v4.1.10 /workspace/cms-complete-media-admin-editor

stderr | tests/media-admin-editor/usage-read-canonical-current.test.ts > media usage details handler and route > maps malformed cursors to INVALID_CURSOR
[media-usage] detail read failed: InvalidCursorError: Invalid pagination cursor: not-a-cursor
    at decodeCursor (/workspace/cms-complete-media-admin-editor/src/lib/server/blocks/upstream/database/repositories/types.ts:288:9)
    at MediaUsageRepository.findCurrentEntryUsagePageByMediaId (/workspace/cms-complete-media-admin-editor/src/lib/server/blocks/upstream/database/repositories/media-usage.ts:1486:35)
    at handleMediaUsageDetails (/workspace/cms-complete-media-admin-editor/src/lib/server/general-media/upstream/api/handlers/media-usage-read.ts:87:33)
    at processTicksAndRejections (node:internal/process/task_queues:104:5)
    at /workspace/cms-complete-media-admin-editor/tests/media-admin-editor/usage-read-canonical-current.test.ts:294:18
    at file:///workspace/cms-complete-media-admin-editor/node_modules/.pnpm/@vitest+runner@4.1.10/node_modules/@vitest/runner/dist/chunk-artifact.js:1903:20

stderr | tests/media-admin-editor/usage-read-canonical-current.test.ts > media usage details handler and route > returns INVALID_CURSOR for an authorized malformed cursor
[media-usage] detail read failed: InvalidCursorError: Invalid pagination cursor: not-a-cursor
    at decodeCursor (/workspace/cms-complete-media-admin-editor/src/lib/server/blocks/upstream/database/repositories/types.ts:288:9)
    at MediaUsageRepository.findCurrentEntryUsagePageByMediaId (/workspace/cms-complete-media-admin-editor/src/lib/server/blocks/upstream/database/repositories/media-usage.ts:1486:35)
    at handleMediaUsageDetails (/workspace/cms-complete-media-admin-editor/src/lib/server/general-media/upstream/api/handlers/media-usage-read.ts:87:33)
    at processTicksAndRejections (node:internal/process/task_queues:104:5)
    at GET (/workspace/cms-complete-media-admin-editor/src/lib/server/media-admin/api/media/_id_/usage.ts:30:22)
    at /workspace/cms-complete-media-admin-editor/tests/media-admin-editor/usage-read-canonical-current.test.ts:372:20
    at file:///workspace/cms-complete-media-admin-editor/node_modules/.pnpm/@vitest+runner@4.1.10/node_modules/@vitest/runner/dist/chunk-artifact.js:1903:20

 ❯ tests/media-admin-editor/usage-read-canonical-current.test.ts (15 tests | 2 failed) 429ms
     ✓ defaults and validates entry-group pagination 4ms
     ✓ registers a GET-only local-media usage route 56ms
     ✓ maps preferred metadata, conservative deletion, and narrow nested DTOs 38ms
     ✓ returns empty details plus coverage for an existing unreferenced media item 32ms
     ✓ returns NOT_FOUND before coverage or grouped usage reads 27ms
     × maps malformed cursors to INVALID_CURSOR 36ms
     ✓ returns generic read errors without leaking database failures 27ms
     ✓ pages entry groups through the route within three queries per page 48ms
     ✓ returns stable validation errors for missing ID 23ms
     ✓ returns stable validation errors for empty cursor 26ms
     × returns INVALID_CURSOR for an authorized malformed cursor 23ms
     ✓ denies a anonymous caller before input validation or database reads 24ms
     ✓ denies a subscriber session before input validation or database reads 22ms
     ✓ denies a media-read token before input validation or database reads 21ms
     ✓ returns NOT_CONFIGURED after authorization 20ms
stderr | tests/media-admin-editor/usage-read-current.test.ts > reports the pinned invalid-cursor outcome across the actual canonical usage repository boundary
[media-usage] detail read failed: InvalidCursorError: Invalid pagination cursor: not-a-cursor
    at decodeCursor (/workspace/cms-complete-media-admin-editor/src/lib/server/blocks/upstream/database/repositories/types.ts:288:9)
    at MediaUsageRepository.findCurrentEntryUsagePageByMediaId (/workspace/cms-complete-media-admin-editor/src/lib/server/blocks/upstream/database/repositories/media-usage.ts:1486:35)
    at handleMediaUsageDetails (/workspace/cms-complete-media-admin-editor/src/lib/server/general-media/upstream/api/handlers/media-usage-read.ts:87:33)
    at processTicksAndRejections (node:internal/process/task_queues:104:5)
    at /workspace/cms-complete-media-admin-editor/tests/media-admin-editor/usage-read-current.test.ts:15:16
    at file:///workspace/cms-complete-media-admin-editor/node_modules/.pnpm/@vitest+runner@4.1.10/node_modules/@vitest/runner/dist/chunk-artifact.js:1903:20

 ❯ tests/media-admin-editor/usage-read-current.test.ts (1 test | 1 failed) 60ms
   × reports the pinned invalid-cursor outcome across the actual canonical usage repository boundary 59ms
 ✓ tests/media-admin-editor/library-runtime-current.test.ts (2 tests) 256ms
 ✓ tests/media-admin-editor/source-client-current.test.ts (2 tests) 144ms
 ❯ tests/media-admin-editor/editor-media-cache-current.test.ts (2 tests | 2 failed) 67ms
   × resolves current local image bytes from the actual API and shared query cache without writing document attributes 45ms
   × keeps gallery preview reads disabled and observes the real shared image cache with pinned stored-URL semantics 21ms
 ✓ tests/media-admin-editor/library-page-current.test.ts (2 tests) 69ms

⎯⎯⎯⎯⎯⎯⎯ Failed Tests 5 ⎯⎯⎯⎯⎯⎯⎯

 FAIL  tests/media-admin-editor/editor-media-cache-current.test.ts > resolves current local image bytes from the actual API and shared query cache without writing document attributes
AssertionError: Actual production Image/Gallery media cache consumer: expected undefined to be type of 'function'

Expected: "function"
Received: "undefined"

 ❯ mediaPreviewModule tests/media-admin-editor/editor-media-cache-current.test.ts:13:71
     11| async function mediaPreviewModule(){
     12|   const load=modules['../../src/lib/media/editor-media-cache.ts'];
     13|   expect(load,'Actual production Image/Gallery media cache consumer').…
       |                                                                       ^
     14|   return await load!() as typeof import('../../src/lib/media/editor-me…
     15| }
 ❯ tests/media-admin-editor/editor-media-cache-current.test.ts:23:44

⎯⎯⎯⎯⎯⎯⎯⎯⎯⎯⎯⎯⎯⎯⎯⎯⎯⎯⎯⎯⎯⎯⎯⎯[1/5]⎯

 FAIL  tests/media-admin-editor/editor-media-cache-current.test.ts > keeps gallery preview reads disabled and observes the real shared image cache with pinned stored-URL semantics
AssertionError: Actual production Image/Gallery media cache consumer: expected undefined to be type of 'function'

Expected: "function"
Received: "undefined"

 ❯ mediaPreviewModule tests/media-admin-editor/editor-media-cache-current.test.ts:13:71
     11| async function mediaPreviewModule(){
     12|   const load=modules['../../src/lib/media/editor-media-cache.ts'];
     13|   expect(load,'Actual production Image/Gallery media cache consumer').…
       |                                                                       ^
     14|   return await load!() as typeof import('../../src/lib/media/editor-me…
     15| }
 ❯ tests/media-admin-editor/editor-media-cache-current.test.ts:38:46

⎯⎯⎯⎯⎯⎯⎯⎯⎯⎯⎯⎯⎯⎯⎯⎯⎯⎯⎯⎯⎯⎯⎯⎯[2/5]⎯

 FAIL  tests/media-admin-editor/usage-read-canonical-current.test.ts > media usage details handler and route > maps malformed cursors to INVALID_CURSOR
AssertionError: expected { success: false, error: { …(2) } } to deeply equal ObjectContaining{…}

- Expected
+ Received

- ObjectContaining {
-   "error": ObjectContaining {
-     "code": "INVALID_CURSOR",
+ {
+   "error": {
+     "code": "MEDIA_USAGE_READ_ERROR",
+     "message": "Failed to read media usage",
    },
    "success": false,
  }

 ❯ tests/media-admin-editor/usage-read-canonical-current.test.ts:296:18
    294|   const result = await handleMediaUsageDetails(db, usedMedia.id, { cur…
    295|
    296|   expect(result).toEqual(
       |                  ^
    297|    expect.objectContaining({
    298|     success: false,

⎯⎯⎯⎯⎯⎯⎯⎯⎯⎯⎯⎯⎯⎯⎯⎯⎯⎯⎯⎯⎯⎯⎯⎯[3/5]⎯

 FAIL  tests/media-admin-editor/usage-read-canonical-current.test.ts > media usage details handler and route > returns INVALID_CURSOR for an authorized malformed cursor
AssertionError: expected 500 to be 400 // Object.is equality

- Expected
+ Received

- 400
+ 500

 ❯ tests/media-admin-editor/usage-read-canonical-current.test.ts:378:27
    376|   });
    377|
    378|   expect(response.status).toBe(400);
       |                           ^
    379|   expect((await response.json()) as ErrorBody).toEqual(
    380|    expect.objectContaining({ error: expect.objectContaining({ code: "I…

⎯⎯⎯⎯⎯⎯⎯⎯⎯⎯⎯⎯⎯⎯⎯⎯⎯⎯⎯⎯⎯⎯⎯⎯[4/5]⎯

 FAIL  tests/media-admin-editor/usage-read-current.test.ts > reports the pinned invalid-cursor outcome across the actual canonical usage repository boundary
AssertionError: expected { success: false, error: { …(2) } } to deeply equal ObjectContaining{…}

- Expected
+ Received

- ObjectContaining {
-   "error": ObjectContaining {
-     "code": "INVALID_CURSOR",
+ {
+   "error": {
+     "code": "MEDIA_USAGE_READ_ERROR",
+     "message": "Failed to read media usage",
    },
    "success": false,
  }

 ❯ tests/media-admin-editor/usage-read-current.test.ts:16:18
     14|   const media=await new MediaRepository(database).create({filename:'us…
     15|   const result=await handleMediaUsageDetails(generalMediaDatabase(data…
     16|   expect(result).toEqual(expect.objectContaining({success:false,error:…
       |                  ^
     17|  } finally {await database.close();}
     18| });

⎯⎯⎯⎯⎯⎯⎯⎯⎯⎯⎯⎯⎯⎯⎯⎯⎯⎯⎯⎯⎯⎯⎯⎯[5/5]⎯


 Test Files  3 failed | 3 passed (6)
      Tests  5 failed | 19 passed (24)
   Start at  00:32:14
   Duration  3.92s (transform 726ms, setup 0ms, import 2.22s, tests 1.03s, environment 0ms)

JSON report written to /tmp/media120-editor-cache-first-red.json
