
 RUN  v4.1.10 /workspace/cms-full-scheduling-calendar

 ❯ tests/scheduling-native/sweep.test.ts (10 tests | 2 failed) 789ms
   ✓ publishes a bounded real due backlog at its intended time and drains it on later sweeps  372ms
   ✓ persists the attempted cursor so a failed bounded window does not starve the next due item 60ms
   ✓ awaits each successful cache callback and keeps a committed publication when that callback rejects 54ms
   ✓ never calls a publisher for future or soft-deleted scheduled storage 37ms
   ✓ reports the pinned staged-slug conflict without publishing or losing the pending schedule 44ms
   × maps a genuine SQLite slug uniqueness exception to the pinned publication conflict envelope 58ms
   × maps a controlled PostgreSQL duplicate-key slug fingerprint without claiming PostgreSQL storage execution 41ms
   ✓ keeps an unrelated uniqueness exception as the generic publication error 51ms
   ✓ keeps a slug exception without a uniqueness fingerprint as the generic publication error 35ms
   ✓ does not treat a non-Error message property as a database slug exception 35ms

⎯⎯⎯⎯⎯⎯⎯ Failed Tests 2 ⎯⎯⎯⎯⎯⎯⎯

 FAIL  tests/scheduling-native/sweep.test.ts > maps a genuine SQLite slug uniqueness exception to the pinned publication conflict envelope
AssertionError: expected { success: false, error: { …(2) } } to deeply equal { success: false, error: { …(2) } }

- Expected
+ Received

  {
    "error": {
-     "code": "SLUG_CONFLICT",
-     "message": "The staged slug is already used by another entry in collection 'post'",
+     "code": "CONTENT_PUBLISH_ERROR",
+     "message": "Failed to publish content",
    },
    "success": false,
  }

 ❯ tests/scheduling-native/sweep.test.ts:168:18
    166|     return failure;
    167|   });
    168|   expect(result).toEqual({success: false, error: {code: 'SLUG_CONFLICT…
       |                  ^
    169|     message: "The staged slug is already used by another entry in coll…
    170| });

⎯⎯⎯⎯⎯⎯⎯⎯⎯⎯⎯⎯⎯⎯⎯⎯⎯⎯⎯⎯⎯⎯⎯⎯[1/2]⎯

 FAIL  tests/scheduling-native/sweep.test.ts > maps a controlled PostgreSQL duplicate-key slug fingerprint without claiming PostgreSQL storage execution
AssertionError: expected { success: false, error: { …(2) } } to deeply equal { success: false, error: { …(2) } }

- Expected
+ Received

  {
    "error": {
-     "code": "SLUG_CONFLICT",
-     "message": "The staged slug is already used by another entry in collection 'post'",
+     "code": "CONTENT_PUBLISH_ERROR",
+     "message": "Failed to publish content",
    },
    "success": false,
  }

 ❯ tests/scheduling-native/sweep.test.ts:175:18
    173|   const result = await controlledPublicationFailure(async () =>
    174|     new Error('Duplicate key value violates unique constraint "ec_post…
    175|   expect(result).toEqual({success: false, error: {code: 'SLUG_CONFLICT…
       |                  ^
    176|     message: "The staged slug is already used by another entry in coll…
    177| });

⎯⎯⎯⎯⎯⎯⎯⎯⎯⎯⎯⎯⎯⎯⎯⎯⎯⎯⎯⎯⎯⎯⎯⎯[2/2]⎯


 Test Files  1 failed (1)
      Tests  2 failed | 8 passed (10)
   Start at  04:34:44
   Duration  2.20s (transform 1.01s, setup 48ms, import 1.10s, tests 789ms, environment 0ms)

JSON report written to /tmp/scheduling105-sql-backstop-first.json
