? Verifying lockfile against supply-chain policies (512 entries)...
Packages are hard linked from the content-addressable store to the virtual store.
  Content-addressable store is at: /workspace/.pnpm-store/v11
  Virtual store is at:             node_modules/.pnpm
Update available! 12.6.0 → 12.9.1.
Changelog: https://pnpm.io/v/12.9.1
To update, run: curl -fsSL https://get.pnpm.io/install.sh | sh -
✓ Lockfile passes supply-chain policies (512 entries in 4.3s)
Lockfile is up to date, resolution step is skipped
Packages: +381
++++++++++++++++++++++++++++++++++++++++++++++++++++++++++++++++++++++++++++++++
Progress: resolved 381, reused 381, downloaded 0, added 381, done
. prepare$ svelte-kit sync
. prepare: Done

dependencies:
+ @oslojs/crypto 1.0.1
+ @oslojs/encoding 1.1.0
+ @oslojs/webauthn 1.0.0
+ @wordpress/block-serialization-default-parser 5.38.0
+ cn 0.2.2
+ date-fns 4.1.0
+ kysely 0.29.2
+ parse5 7.3.0
+ ulidx 2.4.1
+ valibot 1.5.0
+ zod 4.5.4

devDependencies:
+ @babel/core 7.29.7
+ @cloudflare/kumo 2.6.0
+ @cloudflare/workers-types 4.20260507.1
+ @lingui/babel-plugin-lingui-macro 5.9.5
+ @lingui/conf 5.9.5
+ @lingui/core 5.9.5
+ @lingui/react 5.9.5
+ @playwright/test 1.63.0
+ @sveltejs/adapter-auto 7.0.1
+ @sveltejs/adapter-cloudflare 7.2.9
+ @sveltejs/adapter-node 5.5.7
+ @sveltejs/kit 2.70.3
+ @sveltejs/vite-plugin-svelte 7.3.1
+ @tanstack/react-query 5.90.21
+ @tanstack/react-router 1.163.2
+ @testing-library/react 16.3.2
+ @types/jsdom 30.0.0
+ @types/node 24.19.0
+ @types/react 19.3.0
+ @types/react-dom 19.3.0
+ @vitest/browser-playwright 4.1.10
+ devalue 5.9.4
+ jsdom 30.1.1
+ miniflare 4.20260507.1
+ react 19.3.0
+ react-dom 19.3.0
+ svelte 5.57.1
+ svelte-check 4.7.6
+ typescript 6.0.3
+ vite 8.3.2
+ vitest 4.1.10
+ vitest-browser-react 2.2.0
+ wrangler 4.99.0

Done in 5.2s using pnpm v12.6.0
