✔ SEC1 uncompressed public-coordinate bytes: x=zero, y=zero (1.100508ms)
✔ SEC1 uncompressed public-coordinate bytes: x=zero, y=one-byte (0.128963ms)
✔ SEC1 uncompressed public-coordinate bytes: x=zero, y=31-byte (0.095162ms)
✔ SEC1 uncompressed public-coordinate bytes: x=zero, y=32-byte (0.095954ms)
✔ SEC1 uncompressed public-coordinate bytes: x=one-byte, y=zero (0.10635ms)
✔ SEC1 uncompressed public-coordinate bytes: x=one-byte, y=one-byte (0.078698ms)
✔ SEC1 uncompressed public-coordinate bytes: x=one-byte, y=31-byte (0.679698ms)
✔ SEC1 uncompressed public-coordinate bytes: x=one-byte, y=32-byte (0.150866ms)
✔ SEC1 uncompressed public-coordinate bytes: x=31-byte, y=zero (1.040879ms)
✔ SEC1 uncompressed public-coordinate bytes: x=31-byte, y=one-byte (0.22734ms)
✔ SEC1 uncompressed public-coordinate bytes: x=31-byte, y=31-byte (0.09374ms)
✔ SEC1 uncompressed public-coordinate bytes: x=31-byte, y=32-byte (0.104506ms)
✔ SEC1 uncompressed public-coordinate bytes: x=32-byte, y=zero (0.061842ms)
✔ SEC1 uncompressed public-coordinate bytes: x=32-byte, y=one-byte (0.045929ms)
✔ SEC1 uncompressed public-coordinate bytes: x=32-byte, y=31-byte (0.043585ms)
✔ SEC1 uncompressed public-coordinate bytes: x=32-byte, y=32-byte (0.057877ms)
✔ SEC1 uncompressed public-coordinate bytes: public NIST P-256 generator (0.052258ms)
ℹ tests 17
ℹ suites 0
ℹ pass 17
ℹ fail 0
ℹ cancelled 0
ℹ skipped 0
ℹ todo 0
ℹ duration_ms 109.082914
