2026-10-03T01:11:26.0730850Z ##[error]  1) [chromium] › tests/browser/native-taxonomy-data-loss-source.spec.ts:4:1 › taxonomy checkboxes clear when all terms are removed 
    Error: expect(locator).toBeVisible() failed

    Locator: locator('h3').filter({ hasText: 'Taxonomies' })
    Expected: visible
    Timeout: 10000ms
    Error: element(s) not found

    Call log:
      - Expect "toBeVisible" locator('h3').filter({ hasText: 'Taxonomies' }) with timeout 10000ms
      - waiting for locator('h3').filter({ hasText: 'Taxonomies' })


      19 | 		// Wait for the taxonomy sidebar to load
      20 | 		const taxonomyHeading = page.locator("h3", { hasText: "Taxonomies" });
    > 21 | 		await expect(taxonomyHeading).toBeVisible({ timeout: 10000 });
         | 		                              ^
      22 | 		await page.getByRole("button", { name: "Choose Categories" }).click();
      23 |
      24 | 		// Find the category checkboxes
        at /home/runner/work/cms/cms/tests/browser/native-taxonomy-data-loss-source.spec.ts:21:33
2026-10-03T01:11:26.9660898Z   pw:browser <launching> /home/runner/.cache/ms-playwright/chromium_headless_shell-1243/chrome-headless-shell-linux64/chrome-headless-shell --disable-field-trial-config --disable-background-networking --disable-background-timer-throttling --disable-backgrounding-occluded-windows --disable-back-forward-cache --disable-breakpad --disable-client-side-phishing-detection --disable-component-extensions-with-background-pages --disable-component-update --no-default-browser-check --disable-default-apps --disable-dev-shm-usage --disable-edgeupdater --disable-extensions --disable-features=AvoidUnnecessaryBeforeUnloadCheckSync,DestroyProfileOnBrowserClose,DialMediaRouteProvider,GlobalMediaControls,HttpsUpgrades,LensOverlay,MediaRouter,PaintHolding,ThirdPartyStoragePartitioning,BlockOriginHeaderModificationOnRedirect,Translate,AutoDeElevate,OptimizationHints,msForceBrowserSignIn,msEdgeUpdateLaunchServicesPreferredVersion --enable-features=CDPScreenshotNewSurface --allow-pre-commit-input --disable-hang-monitor --disable-ipc-flooding-protection --disable-popup-blocking --disable-prompt-on-repost --disable-renderer-backgrounding --disable-updater-scheduler --force-color-profile=srgb --metrics-recording-only --no-first-run --password-store=basic --use-mock-keychain --no-service-autorun --export-tagged-pdf --disable-search-engine-choice-screen --unsafely-disable-devtools-self-xss-warnings --edge-skip-compat-layer-relaunch --disable-infobars --disable-search-engine-choice-screen --disable-sync --enable-unsafe-swiftshader --headless --hide-scrollbars --mute-audio --blink-settings=primaryHoverType=2,availableHoverTypes=2,primaryPointerType=4,availablePointerTypes=4 --user-data-dir=/tmp/playwright_chromiumdev_profile-lZE9zn --remote-debugging-pipe --no-startup-window +0ms
2026-10-03T01:11:26.9725524Z   pw:browser <launched> pid=3901 +7ms
2026-10-03T01:11:27.0224692Z   pw:browser [pid=3901][err] [1003/011127.017133:ERROR:dbus/bus.cc:405] Failed to connect to the bus: Could not parse server address: Unknown address type (examples of valid types are "tcp" and on UNIX "unix") +48ms
2026-10-03T01:11:27.0357395Z   pw:browser [pid=3901][err] [1003/011127.031280:ERROR:dbus/object_proxy.cc:572] Failed to call method: org.freedesktop.DBus.NameHasOwner: object_path= /org/freedesktop/DBus: unknown error type:  +13ms
2026-10-03T01:11:27.0371471Z   pw:browser [pid=3901][err] [1003/011127.031407:ERROR:dbus/bus.cc:405] Failed to connect to the bus: Could not parse server address: Unknown address type (examples of valid types are "tcp" and on UNIX "unix") +0ms
2026-10-03T01:11:27.0391583Z   pw:browser [pid=3901][err] [1003/011127.036156:ERROR:dbus/object_proxy.cc:572] Failed to call method: org.freedesktop.DBus.NameHasOwner: object_path= /org/freedesktop/DBus: unknown error type:  +5ms
