✖ the actual fixture listener obtains its first port without a released reservation (115.067253ms)
✖ independent ordinary fixtures keep distinct directly bound listeners (137.548601ms)
✔ a genuine process restart retains the reported trusted origin and releases its listener (127.592247ms)
ℹ tests 3
ℹ suites 0
ℹ pass 1
ℹ fail 2
ℹ cancelled 0
ℹ skipped 0
ℹ todo 0
ℹ duration_ms 468.264446

✖ failing tests:

test at tests/runtime-port-lifecycle.test.ts:45:1
✖ the actual fixture listener obtains its first port without a released reservation (115.067253ms)
  AssertionError [ERR_ASSERTION]: the real listener receives port zero directly
  + actual - expected
  
    [
  +   45565
  -   0
    ]
  
      at TestContext.<anonymous> (file:///workspace/cms-runtime-port-lifecycle/tests/runtime-port-lifecycle.test.ts:58:12)
      at process.processTicksAndRejections (node:internal/process/task_queues:104:5)
      at async Test.run (node:internal/test_runner/test:1389:7)
      at async startSubtestAfterBootstrap (node:internal/test_runner/harness:387:3) {
    generatedMessage: false,
    code: 'ERR_ASSERTION',
    actual: [ 45565 ],
    expected: [ 0 ],
    operator: 'deepStrictEqual',
    diff: 'simple'
  }

test at tests/runtime-port-lifecycle.test.ts:62:1
✖ independent ordinary fixtures keep distinct directly bound listeners (137.548601ms)
  AssertionError [ERR_ASSERTION]: Expected values to be strictly deep-equal:
  + actual - expected
  
    [
  +   34833
  -   0
    ]
  
      at TestContext.<anonymous> (file:///workspace/cms-runtime-port-lifecycle/tests/runtime-port-lifecycle.test.ts:71:12)
      at process.processTicksAndRejections (node:internal/process/task_queues:104:5)
      at async Test.run (node:internal/test_runner/test:1389:7)
      at async Test.processPendingSubtests (node:internal/test_runner/test:960:7) {
    generatedMessage: true,
    code: 'ERR_ASSERTION',
    actual: [ 34833 ],
    expected: [ 0 ],
    operator: 'deepStrictEqual',
    diff: 'simple'
  }
