✗ Build failed in 18ms
✖ workerd: collection metadata service runs on the actual D1 binding without nodejs_compat (38.83638ms)
✗ Build failed in 33ms
✖ local workerd: real D1-backed CMS/session core runs without nodejs_compat (54.622389ms)
✗ Build failed in 30ms
✖ workerd: draft restore uses actual D1 without nodejs_compat, with one concurrent CAS winner (49.981901ms)
✗ Build failed in 28ms
✖ workerd supplemental: manifest executes on the actual local D1 binding without nodejs_compat (49.6184ms)
ℹ tests 4
ℹ suites 0
ℹ pass 0
ℹ fail 4
ℹ cancelled 0
ℹ skipped 0
ℹ todo 0
ℹ duration_ms 2174.125809

✖ failing tests:

test at tests/collection-update-workerd.test.ts:8:1
✖ workerd: collection metadata service runs on the actual D1 binding without nodejs_compat (38.83638ms)
  Build failed with 1 error:
  
  [31m[builtin:vite-transform] [0mplugin `builtin:vite-transform` threw an error
  
  Caused by:
      Tsconfig not found /workspace/cms-seed-build-worker-hosting/.svelte-kit/tsconfig.json
  
      at aggregateBindingErrorsIntoJsError (file:///workspace/cms-byline-content-lifecycle/node_modules/.pnpm/rolldown@1.2.12/node_modules/rolldown/dist/shared/error-Bj1xBdEY.mjs:49:18)
      at unwrapBindingResult (file:///workspace/cms-byline-content-lifecycle/node_modules/.pnpm/rolldown@1.2.12/node_modules/rolldown/dist/shared/error-Bj1xBdEY.mjs:19:128)
      at #build (file:///workspace/cms-byline-content-lifecycle/node_modules/.pnpm/rolldown@1.2.12/node_modules/rolldown/dist/shared/rolldown-jmAeXo_f.mjs:133:34)
      at async buildEnvironment (file:///workspace/cms-byline-content-lifecycle/node_modules/.pnpm/vite@8.3.2_@types+node@24.19.0_esbuild@0.28.1_jiti@2.7.0/node_modules/vite/dist/node/chunks/node.js:34490:66)
      at async Object.build (file:///workspace/cms-byline-content-lifecycle/node_modules/.pnpm/vite@8.3.2_@types+node@24.19.0_esbuild@0.28.1_jiti@2.7.0/node_modules/vite/dist/node/chunks/node.js:34911:19)
      at async TestContext.<anonymous> (file:///workspace/cms-seed-build-worker-hosting/tests/collection-update-workerd.test.ts:9:17)
      at async Test.run (node:internal/test_runner/test:1389:7)
      at async startSubtestAfterBootstrap (node:internal/test_runner/harness:387:3) {
    errors: [
      [Error: [31m[builtin:vite-transform] [0mplugin `builtin:vite-transform` threw an error
      
      Caused by:
          Tsconfig not found /workspace/cms-seed-build-worker-hosting/.svelte-kit/tsconfig.json
      ]
    ]
  }

test at tests/database-d1.test.ts:252:1
✖ local workerd: real D1-backed CMS/session core runs without nodejs_compat (54.622389ms)
  Build failed with 1 error:
  
  [31m[builtin:vite-transform] [0mplugin `builtin:vite-transform` threw an error
  
  Caused by:
      Tsconfig not found /workspace/cms-seed-build-worker-hosting/.svelte-kit/tsconfig.json
  
      at aggregateBindingErrorsIntoJsError (file:///workspace/cms-byline-content-lifecycle/node_modules/.pnpm/rolldown@1.2.12/node_modules/rolldown/dist/shared/error-Bj1xBdEY.mjs:49:18)
      at unwrapBindingResult (file:///workspace/cms-byline-content-lifecycle/node_modules/.pnpm/rolldown@1.2.12/node_modules/rolldown/dist/shared/error-Bj1xBdEY.mjs:19:128)
      at #build (file:///workspace/cms-byline-content-lifecycle/node_modules/.pnpm/rolldown@1.2.12/node_modules/rolldown/dist/shared/rolldown-jmAeXo_f.mjs:133:34)
      at async buildEnvironment (file:///workspace/cms-byline-content-lifecycle/node_modules/.pnpm/vite@8.3.2_@types+node@24.19.0_esbuild@0.28.1_jiti@2.7.0/node_modules/vite/dist/node/chunks/node.js:34490:66)
      at async Object.build (file:///workspace/cms-byline-content-lifecycle/node_modules/.pnpm/vite@8.3.2_@types+node@24.19.0_esbuild@0.28.1_jiti@2.7.0/node_modules/vite/dist/node/chunks/node.js:34911:19)
      at async TestContext.<anonymous> (file:///workspace/cms-seed-build-worker-hosting/tests/database-d1.test.ts:253:17)
      at async Test.run (node:internal/test_runner/test:1389:7)
      at async startSubtestAfterBootstrap (node:internal/test_runner/harness:387:3) {
    errors: [
      [Error: [31m[builtin:vite-transform] [0mplugin `builtin:vite-transform` threw an error
      
      Caused by:
          Tsconfig not found /workspace/cms-seed-build-worker-hosting/.svelte-kit/tsconfig.json
      ]
    ]
  }

test at tests/draft-trash-workerd.test.ts:8:1
✖ workerd: draft restore uses actual D1 without nodejs_compat, with one concurrent CAS winner (49.981901ms)
  Build failed with 1 error:
  
  [31m[builtin:vite-transform] [0mplugin `builtin:vite-transform` threw an error
  
  Caused by:
      Tsconfig not found /workspace/cms-seed-build-worker-hosting/.svelte-kit/tsconfig.json
  
      at aggregateBindingErrorsIntoJsError (file:///workspace/cms-byline-content-lifecycle/node_modules/.pnpm/rolldown@1.2.12/node_modules/rolldown/dist/shared/error-Bj1xBdEY.mjs:49:18)
      at unwrapBindingResult (file:///workspace/cms-byline-content-lifecycle/node_modules/.pnpm/rolldown@1.2.12/node_modules/rolldown/dist/shared/error-Bj1xBdEY.mjs:19:128)
      at #build (file:///workspace/cms-byline-content-lifecycle/node_modules/.pnpm/rolldown@1.2.12/node_modules/rolldown/dist/shared/rolldown-jmAeXo_f.mjs:133:34)
      at async buildEnvironment (file:///workspace/cms-byline-content-lifecycle/node_modules/.pnpm/vite@8.3.2_@types+node@24.19.0_esbuild@0.28.1_jiti@2.7.0/node_modules/vite/dist/node/chunks/node.js:34490:66)
      at async Object.build (file:///workspace/cms-byline-content-lifecycle/node_modules/.pnpm/vite@8.3.2_@types+node@24.19.0_esbuild@0.28.1_jiti@2.7.0/node_modules/vite/dist/node/chunks/node.js:34911:19)
      at async TestContext.<anonymous> (file:///workspace/cms-seed-build-worker-hosting/tests/draft-trash-workerd.test.ts:9:17)
      at async Test.run (node:internal/test_runner/test:1389:7)
      at async startSubtestAfterBootstrap (node:internal/test_runner/harness:387:3) {
    errors: [
      [Error: [31m[builtin:vite-transform] [0mplugin `builtin:vite-transform` threw an error
      
      Caused by:
          Tsconfig not found /workspace/cms-seed-build-worker-hosting/.svelte-kit/tsconfig.json
      ]
    ]
  }

test at tests/editor-manifest-batching.test.ts:191:1
✖ workerd supplemental: manifest executes on the actual local D1 binding without nodejs_compat (49.6184ms)
  Build failed with 1 error:
  
  [31m[builtin:vite-transform] [0mplugin `builtin:vite-transform` threw an error
  
  Caused by:
      Tsconfig not found /workspace/cms-seed-build-worker-hosting/.svelte-kit/tsconfig.json
  
      at aggregateBindingErrorsIntoJsError (file:///workspace/cms-byline-content-lifecycle/node_modules/.pnpm/rolldown@1.2.12/node_modules/rolldown/dist/shared/error-Bj1xBdEY.mjs:49:18)
      at unwrapBindingResult (file:///workspace/cms-byline-content-lifecycle/node_modules/.pnpm/rolldown@1.2.12/node_modules/rolldown/dist/shared/error-Bj1xBdEY.mjs:19:128)
      at #build (file:///workspace/cms-byline-content-lifecycle/node_modules/.pnpm/rolldown@1.2.12/node_modules/rolldown/dist/shared/rolldown-jmAeXo_f.mjs:133:34)
      at async buildEnvironment (file:///workspace/cms-byline-content-lifecycle/node_modules/.pnpm/vite@8.3.2_@types+node@24.19.0_esbuild@0.28.1_jiti@2.7.0/node_modules/vite/dist/node/chunks/node.js:34490:66)
      at async Object.build (file:///workspace/cms-byline-content-lifecycle/node_modules/.pnpm/vite@8.3.2_@types+node@24.19.0_esbuild@0.28.1_jiti@2.7.0/node_modules/vite/dist/node/chunks/node.js:34911:19)
      at async TestContext.<anonymous> (file:///workspace/cms-seed-build-worker-hosting/tests/editor-manifest-batching.test.ts:192:17)
      at async Test.run (node:internal/test_runner/test:1389:7)
      at async startSubtestAfterBootstrap (node:internal/test_runner/harness:387:3) {
    errors: [
      [Error: [31m[builtin:vite-transform] [0mplugin `builtin:vite-transform` threw an error
      
      Caused by:
          Tsconfig not found /workspace/cms-seed-build-worker-hosting/.svelte-kit/tsconfig.json
      ]
    ]
  }
