✔ emdash:request-context: importing a context-free producer does not allocate Node ALS (0.750357ms)
✔ sveltery:menus-request-context: importing a context-free producer does not allocate Node ALS (0.179049ms)
✔ sveltery:menus-object-cache:write-scope: importing a context-free producer does not allocate Node ALS (0.070386ms)
✔ the real Blocks and menus async contexts keep concurrent and nested scopes isolated (0.502686ms)
✔ real object-cache write scopes preserve callback values and unwind on errors (0.701374ms)
✔ no-node compatibility Worker retains actual unsupported scope creation failure (159.329472ms)
✔ copied build tests/helpers/basepath-server.mjs resolves its genuine Seed virtual module (538.470452ms)
✔ copied build tests/helpers/pattern-base-build.ts resolves its genuine Seed virtual module (33.175788ms)
✔ copied build tests/helpers/trash-count.ts resolves its genuine Seed virtual module (37.217981ms)
✔ copied build tests/helpers/collection-trash.ts resolves its genuine Seed virtual module (34.074048ms)
✔ copied build tests/helpers/required-scalar-fields-server.mjs resolves its genuine Seed virtual module (32.741216ms)
✔ copied build tests/helpers/trash-restore-fields-server.mjs resolves its genuine Seed virtual module (28.722457ms)
✔ copied build tests/browser/collection-cursor.spec.ts resolves its genuine Seed virtual module (29.317952ms)
ℹ tests 13
ℹ suites 0
ℹ pass 13
ℹ fail 0
ℹ cancelled 0
ℹ skipped 0
ℹ todo 0
ℹ duration_ms 982.299134
