$ pnpm build && vitest run --config vitest.writable-editor-native.config.ts --reporter=default --reporter=json --outputFile=docs/rich-editor-evidence/authoring-first-runtime/writable-ui-report.json
$ vite build
vite v8.3.2 building ssr environment for production...
transforming...
✓ 583 modules transformed.
✗ Build failed in 862ms
error during build:
Build failed with 1 error:

[plugin vite-plugin-svelte:compile-module] /workspace/cms-full-rich-fields-editor/src/lib/editor/rich-text/node-view-state.svelte.ts:2:8
RolldownError: src/lib/editor/rich-text/node-view-state.svelte.ts:2:8 `$state(...)` can only be used as a variable declaration initializer, a class field declaration, or the first assignment to a class field at the top level of the constructor.
https://svelte.dev/e/state_invalid_placement
 1 |  export function nodeViewState(node, editor, updateAttributes, translate) {
 2 |    return $state({
          ^
 3 |      node,
 4 |      editor,
    at aggregateBindingErrorsIntoJsError (file:///workspace/cms-full-rich-fields-editor/node_modules/.pnpm/rolldown@1.2.12/node_modules/rolldown/dist/shared/error-Bj1xBdEY.mjs:49:18)
    at unwrapBindingResult (file:///workspace/cms-full-rich-fields-editor/node_modules/.pnpm/rolldown@1.2.12/node_modules/rolldown/dist/shared/error-Bj1xBdEY.mjs:19:128)
    at #build (file:///workspace/cms-full-rich-fields-editor/node_modules/.pnpm/rolldown@1.2.12/node_modules/rolldown/dist/shared/rolldown-jmAeXo_f.mjs:133:34)
    at async buildEnvironment (file:///workspace/cms-full-rich-fields-editor/node_modules/.pnpm/vite@8.3.2_@types+node@24.19.0_esbuild@0.28.1_jiti@2.7.0/node_modules/vite/dist/node/chunks/node.js:34490:66)
    at async Object.build (file:///workspace/cms-full-rich-fields-editor/node_modules/.pnpm/vite@8.3.2_@types+node@24.19.0_esbuild@0.28.1_jiti@2.7.0/node_modules/vite/dist/node/chunks/node.js:34911:19)
    at async Object.buildApp (file:///workspace/cms-full-rich-fields-editor/node_modules/.pnpm/vite@8.3.2_@types+node@24.19.0_esbuild@0.28.1_jiti@2.7.0/node_modules/vite/dist/node/chunks/node.js:34908:153)
    at async CAC.<anonymous> (file:///workspace/cms-full-rich-fields-editor/node_modules/.pnpm/vite@8.3.2_@types+node@24.19.0_esbuild@0.28.1_jiti@2.7.0/node_modules/vite/dist/node/cli.js:780:3) {
  errors: [Getter/Setter]
}
[ELIFECYCLE] Command failed with exit code 1.
[ELIFECYCLE] Command failed with exit code 1.
