✖ server bridge derives the supported content and publication permissions from a current role (2.222604ms)
✖ request-scoped cookie resolution observes role changes, revocation and expiry, with writes disabled by default (58.049872ms)
✔ unconfigured handle clears stale locals and does not open or migrate storage (0.550768ms)
ℹ tests 3
ℹ suites 0
ℹ pass 1
ℹ fail 2
ℹ cancelled 0
ℹ skipped 0
ℹ todo 0
ℹ duration_ms 330.079684

✖ failing tests:

test at tests/session-composition.test.ts:12:1
✖ server bridge derives the supported content and publication permissions from a current role (2.222604ms)
  AssertionError [ERR_ASSERTION]: Expected values to be strictly deep-equal:
  + actual - expected
  ... Skipped lines
  
    [
      'content:read',
      'content:read_drafts',
      'content:create',
      'menus:read',
  ...
      'comments:read',
  -   'bylines:read'
    ]
  
      at TestContext.<anonymous> (file:///workspace/cms-complete-byline-backend/tests/session-composition.test.ts:17:10)
      at Test.runInAsyncScope (node:async_hooks:227:14)
      at Test.run (node:internal/test_runner/test:1382:25)
      at Test.start (node:internal/test_runner/test:1242:17)
      at startSubtestAfterBootstrap (node:internal/test_runner/harness:387:17) {
    generatedMessage: true,
    code: 'ERR_ASSERTION',
    actual: [ 'content:read', 'content:read_drafts', 'content:create', 'menus:read', 'sections:read', 'widgets:read', 'comments:read' ],
    expected: [ 'content:read', 'content:read_drafts', 'content:create', 'menus:read', 'sections:read', 'widgets:read', 'comments:read', 'bylines:read' ],
    operator: 'deepStrictEqual',
    diff: 'simple'
  }

test at tests/session-composition.test.ts:28:1
✖ request-scoped cookie resolution observes role changes, revocation and expiry, with writes disabled by default (58.049872ms)
  AssertionError [ERR_ASSERTION]: Expected values to be strictly deep-equal:
  + actual - expected
  
    [
      'content:read',
      'menus:read',
      'sections:read',
      'widgets:read',
      'comments:read',
  -   'bylines:read'
    ]
  
      at TestContext.<anonymous> (file:///workspace/cms-complete-byline-backend/tests/session-composition.test.ts:46:12)
      at async Test.run (node:internal/test_runner/test:1389:7)
      at async Test.processPendingSubtests (node:internal/test_runner/test:960:7) {
    generatedMessage: true,
    code: 'ERR_ASSERTION',
    actual: [ 'content:read', 'menus:read', 'sections:read', 'widgets:read', 'comments:read' ],
    expected: [ 'content:read', 'menus:read', 'sections:read', 'widgets:read', 'comments:read', 'bylines:read' ],
    operator: 'deepStrictEqual',
    diff: 'simple'
  }
