
 RUN  v4.1.10 /workspace/cms-full-plugin-runtime-provider

 ❯ tests/plugin-runtime/canonical-lifecycle-owner.test.ts (6 tests | 5 failed) 142ms
     × retains the exact trusted after callback for the owner, ordinary view and genuine transaction 43ms
     × preserves the already registered owner timezone when creating its ordinary namespace view 23ms
     × inherits the genuine owner timezone through the actual existing transaction 21ms
     × associates the genuine owner namespace while preserving its actual executor plugins 18ms
     × associates only the genuine current transaction executor 19ms

⎯⎯⎯⎯⎯⎯⎯ Failed Tests 5 ⎯⎯⎯⎯⎯⎯⎯

 FAIL  tests/plugin-runtime/canonical-lifecycle-owner.test.ts > sole canonical lifecycle owner association for plugin views > retains the exact trusted after callback for the owner, ordinary view and genuine transaction
TypeError: read is not a function
 ❯ tests/plugin-runtime/canonical-lifecycle-owner.test.ts:27:14
     25|     let completed = 0;
     26|     for (const current of [database.db, db]) {
     27|       expect(read(current)?.after).toBe(after);
       |              ^
     28|       read(current)?.after?.(() => { completed++; });
     29|     }

⎯⎯⎯⎯⎯⎯⎯⎯⎯⎯⎯⎯⎯⎯⎯⎯⎯⎯⎯⎯⎯⎯⎯⎯[1/5]⎯

 FAIL  tests/plugin-runtime/canonical-lifecycle-owner.test.ts > sole canonical lifecycle owner association for plugin views > preserves the already registered owner timezone when creating its ordinary namespace view
AssertionError: expected undefined to deeply equal { value: '"Europe/Berlin"' }

- Expected:
{
  "value": "\"Europe/Berlin\"",
}

+ Received:
undefined

 ❯ tests/plugin-runtime/canonical-lifecycle-owner.test.ts:43:36
     41|     const db = pluginSourceDatabase(database);
     42|     expect(await siteTimezone(database.db)).toEqual({ value: '"Europe/…
     43|     expect(await siteTimezone(db)).toEqual({ value: '"Europe/Berlin"' …
       |                                    ^
     44|   });
     45|   it('inherits the genuine owner timezone through the actual existing …

⎯⎯⎯⎯⎯⎯⎯⎯⎯⎯⎯⎯⎯⎯⎯⎯⎯⎯⎯⎯⎯⎯⎯⎯[2/5]⎯

 FAIL  tests/plugin-runtime/canonical-lifecycle-owner.test.ts > sole canonical lifecycle owner association for plugin views > inherits the genuine owner timezone through the actual existing transaction
AssertionError: expected undefined to deeply equal { value: '"Pacific/Auckland"' }

- Expected:
{
  "value": "\"Pacific/Auckland\"",
}

+ Received:
undefined

 ❯ tests/plugin-runtime/canonical-lifecycle-owner.test.ts:50:39
     48|     const db = pluginSourceDatabase(database);
     49|     await withTransaction(db, async trx => {
     50|       expect(await siteTimezone(trx)).toEqual({ value: '"Pacific/Auckl…
       |                                       ^
     51|     });
     52|   });
 ❯ node_modules/.pnpm/kysely@0.29.2/node_modules/kysely/dist/kysely.js:680:32
 ❯ DefaultConnectionProvider.provideConnection node_modules/.pnpm/kysely@0.29.2/node_modules/kysely/dist/driver/default-connection-provider.js:10:20
 ❯ tests/plugin-runtime/canonical-lifecycle-owner.test.ts:49:5

⎯⎯⎯⎯⎯⎯⎯⎯⎯⎯⎯⎯⎯⎯⎯⎯⎯⎯⎯⎯⎯⎯⎯⎯[3/5]⎯

 FAIL  tests/plugin-runtime/canonical-lifecycle-owner.test.ts > sole canonical lifecycle owner association for plugin views > associates the genuine owner namespace while preserving its actual executor plugins
AssertionError: expected undefined to be Kysely{} // Object.is equality

- Expected:
Kysely {}

+ Received:
undefined

 ❯ tests/plugin-runtime/canonical-lifecycle-owner.test.ts:57:39
     55|     expect(registeredPluginDatabaseOwner(db)).toBe(database);
     56|     expect(db.getExecutor().plugins).toEqual(expect.arrayContaining(da…
     57|     expect(lifecycleDatabase(db)?.db).toBe(db);
       |                                       ^
     58|   });
     59|   it('associates only the genuine current transaction executor', async…

⎯⎯⎯⎯⎯⎯⎯⎯⎯⎯⎯⎯⎯⎯⎯⎯⎯⎯⎯⎯⎯⎯⎯⎯[4/5]⎯

 FAIL  tests/plugin-runtime/canonical-lifecycle-owner.test.ts > sole canonical lifecycle owner association for plugin views > associates only the genuine current transaction executor
AssertionError: expected undefined to be Transaction{} // Object.is equality

- Expected:
Transaction {}

+ Received:
undefined

 ❯ tests/plugin-runtime/canonical-lifecycle-owner.test.ts:64:42
     62|       expect(trx.isTransaction).toBe(true);
     63|       expect(trx.getExecutor().plugins).toEqual(db.getExecutor().plugi…
     64|       expect(lifecycleDatabase(trx)?.db).toBe(trx);
       |                                          ^
     65|     });
     66|   });
 ❯ src/lib/server/plugins/transaction.ts:10:90
 ❯ node_modules/.pnpm/kysely@0.29.2/node_modules/kysely/dist/kysely.js:680:38
 ❯ DefaultConnectionProvider.provideConnection node_modules/.pnpm/kysely@0.29.2/node_modules/kysely/dist/driver/default-connection-provider.js:10:20
 ❯ tests/plugin-runtime/canonical-lifecycle-owner.test.ts:61:5

⎯⎯⎯⎯⎯⎯⎯⎯⎯⎯⎯⎯⎯⎯⎯⎯⎯⎯⎯⎯⎯⎯⎯⎯[5/5]⎯


 Test Files  1 failed (1)
      Tests  5 failed | 1 passed (6)
   Start at  02:04:21
   Duration  641ms (transform 224ms, setup 0ms, import 381ms, tests 142ms, environment 0ms)

