{"packageKey": "@atcute/cbor@2.3.3", "reusedExactPreviouslyVerifiedTarballAndWholeFiles": true}
{"packageKey": "@atcute/cid@2.4.1", "reusedExactPreviouslyVerifiedTarballAndWholeFiles": true}
{"packageKey": "@atcute/car@6.0.0", "reusedExactPreviouslyVerifiedTarballAndWholeFiles": true}
{"packageKey": "@atcute/client@5.0.0", "reusedExactPreviouslyVerifiedTarballAndWholeFiles": true}
{"packageKey": "@atcute/identity-resolver@2.0.0", "reusedExactPreviouslyVerifiedTarballAndWholeFiles": true}
{"packageKey": "@atcute/identity@2.0.0", "reusedExactPreviouslyVerifiedTarballAndWholeFiles": true}
{"packageKey": "@atcute/crypto@2.4.1", "reusedExactPreviouslyVerifiedTarballAndWholeFiles": true}
{"packageKey": "@atcute/lexicons@2.0.0", "reusedExactPreviouslyVerifiedTarballAndWholeFiles": true}
{"packageKey": "@atcute/mst@1.0.1", "reusedExactPreviouslyVerifiedTarballAndWholeFiles": true}
{"packageKey": "@atcute/multibase@1.2.0", "reusedExactPreviouslyVerifiedTarballAndWholeFiles": true}
{"packageKey": "@atcute/uint8array@1.1.1", "reusedExactPreviouslyVerifiedTarballAndWholeFiles": true}
{"packageKey": "@atcute/repo@1.0.0", "reusedExactPreviouslyVerifiedTarballAndWholeFiles": true}
{"packageKey": "@atcute/util-fetch@2.0.0", "reusedExactPreviouslyVerifiedTarballAndWholeFiles": true}
{"packageKey": "@atcute/varint@2.0.0", "reusedExactPreviouslyVerifiedTarballAndWholeFiles": true}
{"packageKey": "@noble/secp256k1@3.1.0", "reusedExactPreviouslyVerifiedTarballAndWholeFiles": true}
{"packageKey": "@atcute/util-text@1.3.1", "reusedExactPreviouslyVerifiedTarballAndWholeFiles": true}
{"packageKey": "@portabletext/toolkit@5.0.1", "reusedExactPreviouslyVerifiedTarballAndWholeFiles": true}
{"packageKey": "@portabletext/types@4.0.1", "reusedExactPreviouslyVerifiedTarballAndWholeFiles": true}
{"packageKey": "@sigstore/bundle@5.0.0", "reusedExactPreviouslyVerifiedTarballAndWholeFiles": true}
{"packageKey": "@remirror/core-constants@3.0.0", "reusedExactPreviouslyVerifiedTarballAndWholeFiles": true}
{"packageKey": "@sigstore/core@4.0.1", "reusedExactPreviouslyVerifiedTarballAndWholeFiles": true}
{"packageKey": "@sigstore/verify@4.1.0", "reusedExactPreviouslyVerifiedTarballAndWholeFiles": true}
{"packageKey": "@standard-schema/spec@1.1.0", "reusedExactPreviouslyVerifiedTarballAndWholeFiles": true}
{"packageKey": "@sigstore/protobuf-specs@0.5.1", "reusedExactPreviouslyVerifiedTarballAndWholeFiles": true}
{"packageKey": "@tiptap/pm@3.20.0", "reusedExactPreviouslyVerifiedTarballAndWholeFiles": true}
{"packageKey": "@tiptap/core@3.20.0", "reusedExactPreviouslyVerifiedTarballAndWholeFiles": true}
{"packageKey": "@atcute/atproto@4.0.2", "reusedExactPreviouslyVerifiedTarballAndWholeFiles": true}
{"packageKey": "@types/linkify-it@5.0.0", "files": 8, "licenseFiles": 1, "packExit": 0, "exactSRI": true}
{"packageKey": "argparse@2.0.1", "reusedExactPreviouslyVerifiedTarballAndWholeFiles": true}
{"packageKey": "@types/mdurl@2.0.0", "files": 13, "licenseFiles": 1, "packExit": 0, "exactSRI": true}
{"packageKey": "@types/markdown-it@14.1.2", "files": 33, "licenseFiles": 1, "packExit": 0, "exactSRI": true}
{"packageKey": "crelt@1.0.6", "files": 8, "licenseFiles": 1, "packExit": 0, "exactSRI": true}
{"packageKey": "escape-string-regexp@4.0.0", "files": 5, "licenseFiles": 1, "packExit": 0, "exactSRI": true}
{"packageKey": "entities@4.5.0", "files": 68, "licenseFiles": 1, "packExit": 0, "exactSRI": true}
{"packageKey": "jose@6.1.3", "files": 100, "licenseFiles": 1, "packExit": 0, "exactSRI": true}
{"packageKey": "esm-env@1.2.2", "files": 10, "licenseFiles": 1, "packExit": 0, "exactSRI": true}
{"packageKey": "linkify-it@5.0.0", "files": 6, "licenseFiles": 1, "packExit": 0, "exactSRI": true}
{"packageKey": "modern-tar@0.7.6", "files": 9, "licenseFiles": 1, "packExit": 0, "exactSRI": true}
{"packageKey": "mdurl@2.0.0", "files": 9, "licenseFiles": 1, "packExit": 0, "exactSRI": true}
{"packageKey": "markdown-it@14.1.0", "files": 60, "licenseFiles": 1, "packExit": 0, "exactSRI": true}
{"packageKey": "prosemirror-collab@1.3.1", "files": 12, "licenseFiles": 1, "packExit": 0, "exactSRI": true}
{"packageKey": "orderedmap@2.1.1", "files": 7, "licenseFiles": 1, "packExit": 0, "exactSRI": true}
{"packageKey": "prosemirror-changeset@2.3.1", "files": 18, "licenseFiles": 1, "packExit": 0, "exactSRI": true}
{"packageKey": "prosemirror-dropcursor@1.8.2", "files": 10, "licenseFiles": 1, "packExit": 0, "exactSRI": true}
{"packageKey": "prosemirror-gapcursor@1.4.0", "files": 13, "licenseFiles": 1, "packExit": 0, "exactSRI": true}
{"packageKey": "prosemirror-commands@1.7.1", "files": 12, "licenseFiles": 1, "packExit": 0, "exactSRI": true}
{"packageKey": "prosemirror-history@1.5.0", "files": 12, "licenseFiles": 1, "packExit": 0, "exactSRI": true}
{"packageKey": "prosemirror-inputrules@1.5.1", "files": 15, "licenseFiles": 1, "packExit": 0, "exactSRI": true}
{"packageKey": "prosemirror-keymap@1.2.3", "files": 12, "licenseFiles": 1, "packExit": 0, "exactSRI": true}
{"packageKey": "prosemirror-markdown@1.13.2", "files": 15, "licenseFiles": 1, "packExit": 0, "exactSRI": true}
{"packageKey": "prosemirror-menu@1.2.5", "files": 16, "licenseFiles": 1, "packExit": 0, "exactSRI": true}
{"packageKey": "prosemirror-model@1.25.4", "files": 24, "licenseFiles": 1, "packExit": 0, "exactSRI": true}
{"packageKey": "prosemirror-schema-basic@1.2.4", "files": 12, "licenseFiles": 1, "packExit": 0, "exactSRI": true}
{"packageKey": "prosemirror-state@1.4.4", "files": 16, "licenseFiles": 1, "packExit": 0, "exactSRI": true}
{"packageKey": "prosemirror-schema-list@1.5.1", "files": 12, "licenseFiles": 1, "packExit": 0, "exactSRI": true}
{"packageKey": "prosemirror-tables@1.8.5", "files": 11, "licenseFiles": 1, "packExit": 0, "exactSRI": true}
{"packageKey": "prosemirror-transform@1.10.5", "files": 21, "licenseFiles": 1, "packExit": 0, "exactSRI": true}
{"packageKey": "prosemirror-transform@1.12.0", "files": 21, "licenseFiles": 1, "packExit": 0, "exactSRI": true}
{"packageKey": "prosemirror-trailing-node@3.0.0", "files": 13, "licenseFiles": 1, "packExit": 0, "exactSRI": true}
{"packageKey": "prosemirror-view@1.41.5", "files": 24, "licenseFiles": 1, "packExit": 0, "exactSRI": true}
{"packageKey": "rope-sequence@1.3.4", "files": 9, "licenseFiles": 1, "packExit": 0, "exactSRI": true}
{"packageKey": "punycode.js@2.3.1", "files": 5, "licenseFiles": 1, "packExit": 0, "exactSRI": true}
{"packageKey": "unicode-segmenter@0.14.5", "files": 41, "licenseFiles": 1, "packExit": 0, "exactSRI": true}
{"packageKey": "uc.micro@2.1.0", "files": 11, "licenseFiles": 1, "packExit": 0, "exactSRI": true}
{"packageKey": "valibot@1.4.1", "files": 9, "licenseFiles": 1, "packExit": 0, "exactSRI": true}
{"packageKey": "valibot@1.4.0", "files": 9, "licenseFiles": 1, "packExit": 0, "exactSRI": true}
{"packageKey": "typescript@6.0.3", "files": 140, "licenseFiles": 1, "packExit": 0, "exactSRI": true}
{"packageKey": "w3c-keyname@2.2.8", "files": 8, "licenseFiles": 1, "packExit": 0, "exactSRI": true}
{"complete": true, "tarballs": 68, "snapshots": 68, "receiptSha256": "c6c07deb3fe60fd7c3358387b47a1d4892b97dbdc5e8837472d06e9c064a0686"}
