
 RUN  v4.1.10 /workspace/cms-full-plugin-runtime-provider

 ❯ tests/plugin-runtime/configured-runtime-first.test.ts (2 tests | 2 failed) 144ms
     × makes the actual configured active plugin manager available on the request 89ms
     × excludes a configured plugin whose actual persisted state is inactive 54ms

⎯⎯⎯⎯⎯⎯⎯ Failed Tests 2 ⎯⎯⎯⎯⎯⎯⎯

 FAIL  tests/plugin-runtime/configured-runtime-first.test.ts > configured trusted plugin runtime > makes the actual configured active plugin manager available on the request
AssertionError: expected undefined to be true // Object.is equality

- Expected:
true

+ Received:
undefined

 ❯ tests/plugin-runtime/configured-runtime-first.test.ts:46:63
     44|         cmsPlugins?: { manager: { hasPlugin(id: string): boolean } }
     45|       }).cmsPlugins;
     46|       expect(plugins?.manager.hasPlugin('configured-plugin')).toBe(tru…
       |                                                               ^
     47|     } finally { await fixture.runtime.close(); await rm(fixture.direct…
     48|   });

⎯⎯⎯⎯⎯⎯⎯⎯⎯⎯⎯⎯⎯⎯⎯⎯⎯⎯⎯⎯⎯⎯⎯⎯[1/2]⎯

 FAIL  tests/plugin-runtime/configured-runtime-first.test.ts > configured trusted plugin runtime > excludes a configured plugin whose actual persisted state is inactive
AssertionError: expected undefined to be false // Object.is equality

- Expected:
false

+ Received:
undefined

 ❯ tests/plugin-runtime/configured-runtime-first.test.ts:55:62
     53|         cmsPlugins?: { manager: { isActive(id: string): boolean } }
     54|       }).cmsPlugins;
     55|       expect(plugins?.manager.isActive('configured-plugin')).toBe(fals…
       |                                                              ^
     56|     } finally { await fixture.runtime.close(); await rm(fixture.direct…
     57|   });

⎯⎯⎯⎯⎯⎯⎯⎯⎯⎯⎯⎯⎯⎯⎯⎯⎯⎯⎯⎯⎯⎯⎯⎯[2/2]⎯


 Test Files  1 failed (1)
      Tests  2 failed (2)
   Start at  01:07:00
   Duration  828ms (transform 357ms, setup 0ms, import 557ms, tests 144ms, environment 0ms)

