
 RUN  v4.1.10 /workspace/cms-full-plugin-runtime-provider

 ❯ tests/plugin-provider/provider-tree.test.ts (0 test)

⎯⎯⎯⎯⎯⎯ Failed Suites 1 ⎯⎯⎯⎯⎯⎯⎯

 FAIL  tests/plugin-provider/provider-tree.test.ts [ tests/plugin-provider/provider-tree.test.ts ]
Error: Failed to resolve import "../../../src/lib/plugins/ContentListColumnBoundary.svelte" from "tests/plugin-provider/fixtures/BoundaryTree.svelte". Does the file exist?
  Plugin: vite:import-analysis
  File: /workspace/cms-full-plugin-runtime-provider/tests/plugin-provider/fixtures/BoundaryTree.svelte:3:40
  5  |  import * as $ from 'svelte/internal/client';
  6  |  import ContentEditorPanelBoundary from '../../../src/lib/plugins/ContentEditorPanelBoundary.svelte';
  7  |  import ContentListColumnBoundary from '../../../src/lib/plugins/ContentListColumnBoundary.svelte';
     |                                         ^
  8  |  import ThrowingSurface from './ThrowingSurface.svelte';
  9  |  
 ❯ TransformPluginContext._formatLog ../cms-byline-content-lifecycle/node_modules/.pnpm/vite@8.3.2_@types+node@24.19.0_esbuild@0.28.1_jiti@2.7.0/node_modules/vite/dist/node/chunks/node.js:8766:39
 ❯ TransformPluginContext.error ../cms-byline-content-lifecycle/node_modules/.pnpm/vite@8.3.2_@types+node@24.19.0_esbuild@0.28.1_jiti@2.7.0/node_modules/vite/dist/node/chunks/node.js:8763:14
 ❯ normalizeUrl ../cms-byline-content-lifecycle/node_modules/.pnpm/vite@8.3.2_@types+node@24.19.0_esbuild@0.28.1_jiti@2.7.0/node_modules/vite/dist/node/chunks/node.js:26423:18
 ❯ ../cms-byline-content-lifecycle/node_modules/.pnpm/vite@8.3.2_@types+node@24.19.0_esbuild@0.28.1_jiti@2.7.0/node_modules/vite/dist/node/chunks/node.js:26493:30
 ❯ TransformPluginContext.transform ../cms-byline-content-lifecycle/node_modules/.pnpm/vite@8.3.2_@types+node@24.19.0_esbuild@0.28.1_jiti@2.7.0/node_modules/vite/dist/node/chunks/node.js:26459:4
 ❯ EnvironmentPluginContainer.transform ../cms-byline-content-lifecycle/node_modules/.pnpm/vite@8.3.2_@types+node@24.19.0_esbuild@0.28.1_jiti@2.7.0/node_modules/vite/dist/node/chunks/node.js:8545:14
 ❯ loadAndTransform ../cms-byline-content-lifecycle/node_modules/.pnpm/vite@8.3.2_@types+node@24.19.0_esbuild@0.28.1_jiti@2.7.0/node_modules/vite/dist/node/chunks/node.js:19988:26

⎯⎯⎯⎯⎯⎯⎯⎯⎯⎯⎯⎯⎯⎯⎯⎯⎯⎯⎯⎯⎯⎯⎯⎯[1/1]⎯


 Test Files  1 failed (1)
      Tests  no tests
   Start at  01:17:09
   Duration  1.44s (transform 465ms, setup 0ms, import 0ms, tests 0ms, environment 693ms)

