
 RUN  v4.1.10 /workspace/cms-full-plugin-runtime-provider

 ❯ parity/emdash/plugin-runtime/source/packages/core/tests/unit/plugins/email-pipeline.test.ts (0 test)
 ❯ parity/emdash/plugin-runtime/source/packages/core/tests/unit/plugins/exclusive-hooks.test.ts (0 test)
 ❯ parity/emdash/plugin-runtime/source/packages/core/tests/unit/plugins/hooks.test.ts (0 test)
 ❯ parity/emdash/plugin-runtime/source/packages/core/tests/unit/plugins/routes.test.ts (0 test)
 ❯ parity/emdash/plugin-runtime/source/packages/core/tests/unit/plugins/define-plugin.test.ts (0 test)
 ❯ parity/emdash/plugin-runtime/source/packages/core/tests/unit/plugins/request-meta.test.ts (0 test)
 ❯ parity/emdash/plugin-runtime/source/packages/core/tests/unit/plugins/manager.test.ts (0 test)
 ❯ parity/emdash/plugin-runtime/source/packages/core/tests/unit/plugins/plugin-storage.test.ts (0 test)
 ❯ parity/emdash/plugin-runtime/source/packages/core/tests/unit/plugins/storage-query.test.ts (0 test)
 ❯ parity/emdash/plugin-runtime/source/packages/core/tests/unit/plugins/page-metadata.test.ts (0 test)
 ❯ parity/emdash/plugin-runtime/source/packages/core/tests/unit/plugins/pipeline-rebuild.test.ts (0 test)
 ❯ parity/emdash/plugin-runtime/source/packages/core/tests/unit/plugins/standard-format.test.ts (0 test)
 ❯ parity/emdash/plugin-runtime/source/packages/core/tests/unit/plugins/page-hooks-execution.test.ts (0 test)
 ❯ parity/emdash/plugin-runtime/source/packages/core/tests/unit/plugins/state.test.ts (0 test)
 ❯ parity/emdash/plugin-runtime/source/packages/core/tests/unit/plugins/capability-normalization.test.ts (0 test)
 ❯ parity/emdash/plugin-runtime/source/packages/core/tests/unit/plugins/settings.test.ts (0 test)
 ❯ parity/emdash/plugin-runtime/source/packages/core/tests/unit/plugins/route-wire.test.ts (0 test)
 ❯ parity/emdash/plugin-runtime/source/packages/core/tests/unit/plugins/page-fragments.test.ts (0 test)
 ❯ parity/emdash/plugin-runtime/source/packages/core/tests/unit/plugins/publication-policy-effective-draft.test.ts (0 test)
 ❯ parity/emdash/plugin-runtime/source/packages/core/tests/unit/plugins/schedule-hooks.test.ts (0 test)
 ❯ parity/emdash/plugin-runtime/source/packages/core/tests/unit/plugins/page-seo.test.ts (0 test)
 ❯ parity/emdash/plugin-runtime/source/packages/core/tests/unit/plugins/editor-draft.test.ts (0 test)
 ❯ parity/emdash/plugin-runtime/source/packages/core/tests/unit/plugins/plugin-storage-pagination.test.ts (0 test)
 ❯ parity/emdash/plugin-runtime/source/packages/core/tests/unit/plugins/restore-hooks.test.ts (0 test)
 ❯ parity/emdash/plugin-runtime/source/packages/core/tests/unit/plugins/field-widgets.test.ts (0 test)
 ❯ parity/emdash/plugin-runtime/source/packages/core/tests/unit/plugins/page-context.test.ts (0 test)
 ❯ parity/emdash/plugin-runtime/source/packages/core/tests/unit/plugins/storage-indexes.test.ts (0 test)
 ❯ parity/emdash/plugin-runtime/source/packages/core/tests/unit/plugins/node-cron-scheduler.test.ts (0 test)
 ❯ parity/emdash/plugin-runtime/source/packages/core/tests/unit/plugins/unpublish-hooks.test.ts (0 test)
 ❯ parity/emdash/plugin-runtime/source/packages/core/tests/unit/plugins/page-contribution-sandbox.test.ts (0 test)
 ❯ parity/emdash/plugin-runtime/source/packages/core/tests/unit/plugins/kv-access-list.test.ts (0 test)
 ❯ parity/emdash/plugin-runtime/source/packages/core/tests/unit/plugins/content-policy.test.ts (0 test)
 ❯ parity/emdash/plugin-runtime/source/packages/core/tests/unit/plugins/cron-schedule.test.ts (0 test)
 ❯ parity/emdash/plugin-runtime/source/packages/core/tests/unit/plugins/redirect-types.test.ts (0 test)

⎯⎯⎯⎯⎯⎯ Failed Suites 34 ⎯⎯⎯⎯⎯⎯

 FAIL  parity/emdash/plugin-runtime/source/packages/core/tests/unit/plugins/capability-normalization.test.ts [ parity/emdash/plugin-runtime/source/packages/core/tests/unit/plugins/capability-normalization.test.ts ]
 FAIL  parity/emdash/plugin-runtime/source/packages/core/tests/unit/plugins/content-policy.test.ts [ parity/emdash/plugin-runtime/source/packages/core/tests/unit/plugins/content-policy.test.ts ]
 FAIL  parity/emdash/plugin-runtime/source/packages/core/tests/unit/plugins/cron-schedule.test.ts [ parity/emdash/plugin-runtime/source/packages/core/tests/unit/plugins/cron-schedule.test.ts ]
 FAIL  parity/emdash/plugin-runtime/source/packages/core/tests/unit/plugins/define-plugin.test.ts [ parity/emdash/plugin-runtime/source/packages/core/tests/unit/plugins/define-plugin.test.ts ]
 FAIL  parity/emdash/plugin-runtime/source/packages/core/tests/unit/plugins/editor-draft.test.ts [ parity/emdash/plugin-runtime/source/packages/core/tests/unit/plugins/editor-draft.test.ts ]
 FAIL  parity/emdash/plugin-runtime/source/packages/core/tests/unit/plugins/email-pipeline.test.ts [ parity/emdash/plugin-runtime/source/packages/core/tests/unit/plugins/email-pipeline.test.ts ]
 FAIL  parity/emdash/plugin-runtime/source/packages/core/tests/unit/plugins/exclusive-hooks.test.ts [ parity/emdash/plugin-runtime/source/packages/core/tests/unit/plugins/exclusive-hooks.test.ts ]
 FAIL  parity/emdash/plugin-runtime/source/packages/core/tests/unit/plugins/field-widgets.test.ts [ parity/emdash/plugin-runtime/source/packages/core/tests/unit/plugins/field-widgets.test.ts ]
 FAIL  parity/emdash/plugin-runtime/source/packages/core/tests/unit/plugins/hooks.test.ts [ parity/emdash/plugin-runtime/source/packages/core/tests/unit/plugins/hooks.test.ts ]
 FAIL  parity/emdash/plugin-runtime/source/packages/core/tests/unit/plugins/kv-access-list.test.ts [ parity/emdash/plugin-runtime/source/packages/core/tests/unit/plugins/kv-access-list.test.ts ]
 FAIL  parity/emdash/plugin-runtime/source/packages/core/tests/unit/plugins/manager.test.ts [ parity/emdash/plugin-runtime/source/packages/core/tests/unit/plugins/manager.test.ts ]
 FAIL  parity/emdash/plugin-runtime/source/packages/core/tests/unit/plugins/node-cron-scheduler.test.ts [ parity/emdash/plugin-runtime/source/packages/core/tests/unit/plugins/node-cron-scheduler.test.ts ]
 FAIL  parity/emdash/plugin-runtime/source/packages/core/tests/unit/plugins/page-context.test.ts [ parity/emdash/plugin-runtime/source/packages/core/tests/unit/plugins/page-context.test.ts ]
 FAIL  parity/emdash/plugin-runtime/source/packages/core/tests/unit/plugins/page-contribution-sandbox.test.ts [ parity/emdash/plugin-runtime/source/packages/core/tests/unit/plugins/page-contribution-sandbox.test.ts ]
 FAIL  parity/emdash/plugin-runtime/source/packages/core/tests/unit/plugins/page-fragments.test.ts [ parity/emdash/plugin-runtime/source/packages/core/tests/unit/plugins/page-fragments.test.ts ]
 FAIL  parity/emdash/plugin-runtime/source/packages/core/tests/unit/plugins/page-hooks-execution.test.ts [ parity/emdash/plugin-runtime/source/packages/core/tests/unit/plugins/page-hooks-execution.test.ts ]
 FAIL  parity/emdash/plugin-runtime/source/packages/core/tests/unit/plugins/page-metadata.test.ts [ parity/emdash/plugin-runtime/source/packages/core/tests/unit/plugins/page-metadata.test.ts ]
 FAIL  parity/emdash/plugin-runtime/source/packages/core/tests/unit/plugins/page-seo.test.ts [ parity/emdash/plugin-runtime/source/packages/core/tests/unit/plugins/page-seo.test.ts ]
 FAIL  parity/emdash/plugin-runtime/source/packages/core/tests/unit/plugins/pipeline-rebuild.test.ts [ parity/emdash/plugin-runtime/source/packages/core/tests/unit/plugins/pipeline-rebuild.test.ts ]
 FAIL  parity/emdash/plugin-runtime/source/packages/core/tests/unit/plugins/plugin-storage-pagination.test.ts [ parity/emdash/plugin-runtime/source/packages/core/tests/unit/plugins/plugin-storage-pagination.test.ts ]
 FAIL  parity/emdash/plugin-runtime/source/packages/core/tests/unit/plugins/plugin-storage.test.ts [ parity/emdash/plugin-runtime/source/packages/core/tests/unit/plugins/plugin-storage.test.ts ]
 FAIL  parity/emdash/plugin-runtime/source/packages/core/tests/unit/plugins/publication-policy-effective-draft.test.ts [ parity/emdash/plugin-runtime/source/packages/core/tests/unit/plugins/publication-policy-effective-draft.test.ts ]
 FAIL  parity/emdash/plugin-runtime/source/packages/core/tests/unit/plugins/redirect-types.test.ts [ parity/emdash/plugin-runtime/source/packages/core/tests/unit/plugins/redirect-types.test.ts ]
 FAIL  parity/emdash/plugin-runtime/source/packages/core/tests/unit/plugins/request-meta.test.ts [ parity/emdash/plugin-runtime/source/packages/core/tests/unit/plugins/request-meta.test.ts ]
 FAIL  parity/emdash/plugin-runtime/source/packages/core/tests/unit/plugins/restore-hooks.test.ts [ parity/emdash/plugin-runtime/source/packages/core/tests/unit/plugins/restore-hooks.test.ts ]
 FAIL  parity/emdash/plugin-runtime/source/packages/core/tests/unit/plugins/route-wire.test.ts [ parity/emdash/plugin-runtime/source/packages/core/tests/unit/plugins/route-wire.test.ts ]
 FAIL  parity/emdash/plugin-runtime/source/packages/core/tests/unit/plugins/routes.test.ts [ parity/emdash/plugin-runtime/source/packages/core/tests/unit/plugins/routes.test.ts ]
 FAIL  parity/emdash/plugin-runtime/source/packages/core/tests/unit/plugins/schedule-hooks.test.ts [ parity/emdash/plugin-runtime/source/packages/core/tests/unit/plugins/schedule-hooks.test.ts ]
 FAIL  parity/emdash/plugin-runtime/source/packages/core/tests/unit/plugins/settings.test.ts [ parity/emdash/plugin-runtime/source/packages/core/tests/unit/plugins/settings.test.ts ]
 FAIL  parity/emdash/plugin-runtime/source/packages/core/tests/unit/plugins/standard-format.test.ts [ parity/emdash/plugin-runtime/source/packages/core/tests/unit/plugins/standard-format.test.ts ]
 FAIL  parity/emdash/plugin-runtime/source/packages/core/tests/unit/plugins/state.test.ts [ parity/emdash/plugin-runtime/source/packages/core/tests/unit/plugins/state.test.ts ]
 FAIL  parity/emdash/plugin-runtime/source/packages/core/tests/unit/plugins/storage-indexes.test.ts [ parity/emdash/plugin-runtime/source/packages/core/tests/unit/plugins/storage-indexes.test.ts ]
 FAIL  parity/emdash/plugin-runtime/source/packages/core/tests/unit/plugins/storage-query.test.ts [ parity/emdash/plugin-runtime/source/packages/core/tests/unit/plugins/storage-query.test.ts ]
 FAIL  parity/emdash/plugin-runtime/source/packages/core/tests/unit/plugins/unpublish-hooks.test.ts [ parity/emdash/plugin-runtime/source/packages/core/tests/unit/plugins/unpublish-hooks.test.ts ]
Error: Transform failed with 1 error:

[31m[TSCONFIG_ERROR] [0mFailed to load tsconfig '.svelte-kit/tsconfig.json': Tsconfig not found

  Plugin: vite:oxc
  File: /workspace/cms-full-plugin-runtime-provider/parity/emdash/plugin-runtime/source/packages/core/tests/unit/plugins/capability-normalization.test.ts
 ❯ transformWithOxc ../cms-byline-content-lifecycle/node_modules/.pnpm/vite@8.3.2_@types+node@24.19.0_esbuild@0.28.1_jiti@2.7.0/node_modules/vite/dist/node/chunks/node.js:7581:19
 ❯ TransformPluginContext.transform ../cms-byline-content-lifecycle/node_modules/.pnpm/vite@8.3.2_@types+node@24.19.0_esbuild@0.28.1_jiti@2.7.0/node_modules/vite/dist/node/chunks/node.js:7653:26
 ❯ EnvironmentPluginContainer.transform ../cms-byline-content-lifecycle/node_modules/.pnpm/vite@8.3.2_@types+node@24.19.0_esbuild@0.28.1_jiti@2.7.0/node_modules/vite/dist/node/chunks/node.js:8545:51
 ❯ loadAndTransform ../cms-byline-content-lifecycle/node_modules/.pnpm/vite@8.3.2_@types+node@24.19.0_esbuild@0.28.1_jiti@2.7.0/node_modules/vite/dist/node/chunks/node.js:19988:26

⎯⎯⎯⎯⎯⎯⎯⎯⎯⎯⎯⎯⎯⎯⎯⎯⎯⎯⎯⎯⎯⎯⎯[1/34]⎯


 Test Files  34 failed (34)
      Tests  no tests
   Start at  00:53:22
   Duration  5.13s (transform 0ms, setup 0ms, import 0ms, tests 0ms, environment 3ms)

