
 RUN  v4.1.10 /workspace/cms-full-plugin-runtime-provider

 ❯ parity/emdash/plugin-runtime/source/packages/core/tests/unit/plugins/email-pipeline.test.ts (0 test)
 ❯ parity/emdash/plugin-runtime/source/packages/core/tests/unit/plugins/exclusive-hooks.test.ts (0 test)
 ❯ parity/emdash/plugin-runtime/source/packages/core/tests/unit/plugins/hooks.test.ts (0 test)
 ❯ parity/emdash/plugin-runtime/source/packages/core/tests/unit/plugins/kv-access-list.test.ts (0 test)
 ❯ parity/emdash/plugin-runtime/source/packages/core/tests/unit/plugins/manager.test.ts (0 test)
 ❯ parity/emdash/plugin-runtime/source/packages/core/tests/unit/plugins/page-hooks-execution.test.ts (0 test)
 ❯ parity/emdash/plugin-runtime/source/packages/core/tests/unit/plugins/pipeline-rebuild.test.ts (0 test)
 ❯ parity/emdash/plugin-runtime/source/packages/core/tests/unit/plugins/publication-policy-effective-draft.test.ts (0 test)
 ❯ parity/emdash/plugin-runtime/source/packages/core/tests/unit/plugins/restore-hooks.test.ts (0 test)
 ❯ parity/emdash/plugin-runtime/source/packages/core/tests/unit/plugins/routes.test.ts (0 test)
 ❯ parity/emdash/plugin-runtime/source/packages/core/tests/unit/plugins/schedule-hooks.test.ts (0 test)
 ❯ parity/emdash/plugin-runtime/source/packages/core/tests/unit/plugins/unpublish-hooks.test.ts (0 test)

⎯⎯⎯⎯⎯⎯ Failed Suites 12 ⎯⎯⎯⎯⎯⎯

 FAIL  parity/emdash/plugin-runtime/source/packages/core/tests/unit/plugins/email-pipeline.test.ts [ parity/emdash/plugin-runtime/source/packages/core/tests/unit/plugins/email-pipeline.test.ts ]
 FAIL  parity/emdash/plugin-runtime/source/packages/core/tests/unit/plugins/exclusive-hooks.test.ts [ parity/emdash/plugin-runtime/source/packages/core/tests/unit/plugins/exclusive-hooks.test.ts ]
 FAIL  parity/emdash/plugin-runtime/source/packages/core/tests/unit/plugins/hooks.test.ts [ parity/emdash/plugin-runtime/source/packages/core/tests/unit/plugins/hooks.test.ts ]
 FAIL  parity/emdash/plugin-runtime/source/packages/core/tests/unit/plugins/kv-access-list.test.ts [ parity/emdash/plugin-runtime/source/packages/core/tests/unit/plugins/kv-access-list.test.ts ]
 FAIL  parity/emdash/plugin-runtime/source/packages/core/tests/unit/plugins/manager.test.ts [ parity/emdash/plugin-runtime/source/packages/core/tests/unit/plugins/manager.test.ts ]
 FAIL  parity/emdash/plugin-runtime/source/packages/core/tests/unit/plugins/page-hooks-execution.test.ts [ parity/emdash/plugin-runtime/source/packages/core/tests/unit/plugins/page-hooks-execution.test.ts ]
 FAIL  parity/emdash/plugin-runtime/source/packages/core/tests/unit/plugins/pipeline-rebuild.test.ts [ parity/emdash/plugin-runtime/source/packages/core/tests/unit/plugins/pipeline-rebuild.test.ts ]
 FAIL  parity/emdash/plugin-runtime/source/packages/core/tests/unit/plugins/routes.test.ts [ parity/emdash/plugin-runtime/source/packages/core/tests/unit/plugins/routes.test.ts ]
Error: Cannot find module '#media/focal-point.js' imported from /workspace/cms-full-plugin-runtime-provider/parity/emdash/plugin-runtime/source/packages/core/src/api/schemas/media.ts
 ❯ parity/emdash/plugin-runtime/source/packages/core/src/api/schemas/media.ts:3:1
      1| import { z } from "zod";
      2|
      3| import { isValidFocalPointUpdate } from "#media/focal-point.js";
       | ^
      4|
      5| import { cursorPaginationQuery } from "./common.js";
 ❯ src/lib/server/plugins/context.ts:23:1

⎯⎯⎯⎯⎯⎯⎯⎯⎯⎯⎯⎯⎯⎯⎯⎯⎯⎯⎯⎯⎯⎯⎯[1/12]⎯

 FAIL  parity/emdash/plugin-runtime/source/packages/core/tests/unit/plugins/publication-policy-effective-draft.test.ts [ parity/emdash/plugin-runtime/source/packages/core/tests/unit/plugins/publication-policy-effective-draft.test.ts ]
Error: Cannot find package '@emdash-cms/admin/locales' imported from /workspace/cms-full-plugin-runtime-provider/parity/emdash/plugin-runtime/source/packages/core/src/emdash-runtime.ts
 ❯ parity/emdash/plugin-runtime/source/packages/core/src/emdash-runtime.ts:10:1
      8|  */
      9|
     10| import { getLocaleDir, resolveLocale } from "@emdash-cms/admin/locales…
       | ^
     11| import { Permissions } from "@emdash-cms/auth";
     12| import type { Element } from "@emdash-cms/blocks";
 ❯ parity/emdash/plugin-runtime/source/packages/core/tests/unit/plugins/publication-policy-effective-draft.test.ts:8:1

⎯⎯⎯⎯⎯⎯⎯⎯⎯⎯⎯⎯⎯⎯⎯⎯⎯⎯⎯⎯⎯⎯⎯[2/12]⎯

 FAIL  parity/emdash/plugin-runtime/source/packages/core/tests/unit/plugins/restore-hooks.test.ts [ parity/emdash/plugin-runtime/source/packages/core/tests/unit/plugins/restore-hooks.test.ts ]
Error: Cannot find package '@emdash-cms/admin/locales' imported from /workspace/cms-full-plugin-runtime-provider/parity/emdash/plugin-runtime/source/packages/core/src/emdash-runtime.ts
 ❯ parity/emdash/plugin-runtime/source/packages/core/src/emdash-runtime.ts:10:1
      8|  */
      9|
     10| import { getLocaleDir, resolveLocale } from "@emdash-cms/admin/locales…
       | ^
     11| import { Permissions } from "@emdash-cms/auth";
     12| import type { Element } from "@emdash-cms/blocks";
 ❯ parity/emdash/plugin-runtime/source/packages/core/tests/unit/plugins/restore-hooks.test.ts:8:1

⎯⎯⎯⎯⎯⎯⎯⎯⎯⎯⎯⎯⎯⎯⎯⎯⎯⎯⎯⎯⎯⎯⎯[3/12]⎯

 FAIL  parity/emdash/plugin-runtime/source/packages/core/tests/unit/plugins/schedule-hooks.test.ts [ parity/emdash/plugin-runtime/source/packages/core/tests/unit/plugins/schedule-hooks.test.ts ]
Error: Cannot find package '@emdash-cms/admin/locales' imported from /workspace/cms-full-plugin-runtime-provider/parity/emdash/plugin-runtime/source/packages/core/src/emdash-runtime.ts
 ❯ parity/emdash/plugin-runtime/source/packages/core/src/emdash-runtime.ts:10:1
      8|  */
      9|
     10| import { getLocaleDir, resolveLocale } from "@emdash-cms/admin/locales…
       | ^
     11| import { Permissions } from "@emdash-cms/auth";
     12| import type { Element } from "@emdash-cms/blocks";
 ❯ parity/emdash/plugin-runtime/source/packages/core/tests/unit/plugins/schedule-hooks.test.ts:8:1

⎯⎯⎯⎯⎯⎯⎯⎯⎯⎯⎯⎯⎯⎯⎯⎯⎯⎯⎯⎯⎯⎯⎯[4/12]⎯

 FAIL  parity/emdash/plugin-runtime/source/packages/core/tests/unit/plugins/unpublish-hooks.test.ts [ parity/emdash/plugin-runtime/source/packages/core/tests/unit/plugins/unpublish-hooks.test.ts ]
Error: Cannot find package '@emdash-cms/admin/locales' imported from /workspace/cms-full-plugin-runtime-provider/parity/emdash/plugin-runtime/source/packages/core/src/emdash-runtime.ts
 ❯ parity/emdash/plugin-runtime/source/packages/core/src/emdash-runtime.ts:10:1
      8|  */
      9|
     10| import { getLocaleDir, resolveLocale } from "@emdash-cms/admin/locales…
       | ^
     11| import { Permissions } from "@emdash-cms/auth";
     12| import type { Element } from "@emdash-cms/blocks";
 ❯ parity/emdash/plugin-runtime/source/packages/core/tests/unit/plugins/unpublish-hooks.test.ts:7:1

⎯⎯⎯⎯⎯⎯⎯⎯⎯⎯⎯⎯⎯⎯⎯⎯⎯⎯⎯⎯⎯⎯⎯[5/12]⎯


 Test Files  12 failed | 22 passed (34)
      Tests  453 passed (453)
   Start at  01:32:30
   Duration  19.06s (transform 1.98s, setup 0ms, import 3.49s, tests 7.06s, environment 3ms)

