
 RUN  v4.1.10 /workspace/cms-full-plugin-runtime-provider

 ❯ parity/emdash/plugin-runtime/source/packages/core/tests/unit/plugins/publication-policy-effective-draft.test.ts (0 test)
 ❯ parity/emdash/plugin-runtime/source/packages/core/tests/unit/plugins/restore-hooks.test.ts (0 test)
 ❯ parity/emdash/plugin-runtime/source/packages/core/tests/unit/plugins/schedule-hooks.test.ts (0 test)
 ❯ parity/emdash/plugin-runtime/source/packages/core/tests/unit/plugins/unpublish-hooks.test.ts (0 test)

⎯⎯⎯⎯⎯⎯ Failed Suites 4 ⎯⎯⎯⎯⎯⎯⎯

 FAIL  parity/emdash/plugin-runtime/source/packages/core/tests/unit/plugins/publication-policy-effective-draft.test.ts [ parity/emdash/plugin-runtime/source/packages/core/tests/unit/plugins/publication-policy-effective-draft.test.ts ]
 FAIL  parity/emdash/plugin-runtime/source/packages/core/tests/unit/plugins/restore-hooks.test.ts [ parity/emdash/plugin-runtime/source/packages/core/tests/unit/plugins/restore-hooks.test.ts ]
 FAIL  parity/emdash/plugin-runtime/source/packages/core/tests/unit/plugins/schedule-hooks.test.ts [ parity/emdash/plugin-runtime/source/packages/core/tests/unit/plugins/schedule-hooks.test.ts ]
 FAIL  parity/emdash/plugin-runtime/source/packages/core/tests/unit/plugins/unpublish-hooks.test.ts [ parity/emdash/plugin-runtime/source/packages/core/tests/unit/plugins/unpublish-hooks.test.ts ]
Error: Cannot find package 'modern-tar' imported from /workspace/cms-full-plugin-runtime-provider/parity/emdash/plugin-runtime/source/packages/core/src/plugins/marketplace.ts
 ❯ parity/emdash/plugin-runtime/source/packages/core/src/plugins/marketplace.ts:9:1
      7|  */
      8|
      9| import { createGzipDecoder, unpackTar } from "modern-tar";
       | ^
     10|
     11| import { pluginManifestSchema, reconcileManifestAccess } from "./manif…
 ❯ parity/emdash/plugin-runtime/source/packages/core/src/api/handlers/marketplace.ts:14:1

⎯⎯⎯⎯⎯⎯⎯⎯⎯⎯⎯⎯⎯⎯⎯⎯⎯⎯⎯⎯⎯⎯⎯⎯[1/4]⎯


 Test Files  4 failed | 31 passed (35)
      Tests  705 passed (705)
   Start at  02:08:17
   Duration  26.41s (transform 2.14s, setup 0ms, import 6.50s, tests 12.47s, environment 3ms)

