
 RUN  v4.1.10 /workspace/cms-full-plugin-runtime-provider

 ❯ parity/emdash/plugin-runtime/source/packages/core/tests/unit/plugins/email-pipeline.test.ts (0 test)
 ❯ parity/emdash/plugin-runtime/source/packages/core/tests/unit/plugins/exclusive-hooks.test.ts (0 test)
 ❯ parity/emdash/plugin-runtime/source/packages/core/tests/unit/plugins/hooks.test.ts (0 test)
 ❯ parity/emdash/plugin-runtime/source/packages/core/tests/unit/plugins/routes.test.ts (0 test)
 ❯ parity/emdash/plugin-runtime/source/packages/core/tests/unit/plugins/manager.test.ts (0 test)
 ❯ parity/emdash/plugin-runtime/source/packages/core/tests/unit/plugins/pipeline-rebuild.test.ts (0 test)
 ❯ parity/emdash/plugin-runtime/source/packages/core/tests/unit/plugins/page-hooks-execution.test.ts (0 test)
 ❯ parity/emdash/plugin-runtime/source/packages/core/tests/unit/plugins/publication-policy-effective-draft.test.ts (0 test)
 ❯ parity/emdash/plugin-runtime/source/packages/core/tests/unit/plugins/schedule-hooks.test.ts (0 test)
 ❯ parity/emdash/plugin-runtime/source/packages/core/tests/unit/plugins/restore-hooks.test.ts (0 test)
 ❯ parity/emdash/plugin-runtime/source/packages/core/tests/unit/plugins/unpublish-hooks.test.ts (0 test)
 ❯ parity/emdash/plugin-runtime/source/packages/core/tests/unit/plugins/kv-access-list.test.ts (0 test)

⎯⎯⎯⎯⎯⎯ Failed Suites 12 ⎯⎯⎯⎯⎯⎯

 FAIL  parity/emdash/plugin-runtime/source/packages/core/tests/unit/plugins/email-pipeline.test.ts [ parity/emdash/plugin-runtime/source/packages/core/tests/unit/plugins/email-pipeline.test.ts ]
Error: Cannot find module '/src/lib/server/plugins/context.ts' imported from /workspace/cms-full-plugin-runtime-provider/parity/emdash/plugin-runtime/source/packages/core/tests/unit/plugins/email-pipeline.test.ts
 ❯ parity/emdash/plugin-runtime/source/packages/core/tests/unit/plugins/email-pipeline.test.ts:20:1
     18| import { runMigrations } from "../../../src/database/migrations/runner…
     19| import type { Database as DbSchema } from "../../../src/database/types…
     20| import { PluginContextFactory } from "../../../src/plugins/context.js";
       | ^
     21| import {
     22|  clearDevEmails,

⎯⎯⎯⎯⎯⎯⎯⎯⎯⎯⎯⎯⎯⎯⎯⎯⎯⎯⎯⎯⎯⎯⎯[1/12]⎯

 FAIL  parity/emdash/plugin-runtime/source/packages/core/tests/unit/plugins/exclusive-hooks.test.ts [ parity/emdash/plugin-runtime/source/packages/core/tests/unit/plugins/exclusive-hooks.test.ts ]
Error: Cannot find module './context.ts' imported from /workspace/cms-full-plugin-runtime-provider/src/lib/server/plugins/hooks.ts
 ❯ src/lib/server/plugins/hooks.ts:20:1
     18| import { toBylineInfo } from "./byline-access.ts";
     19| import { inspectContentPolicyDecision } from "./content-policy.ts";
     20| import { PluginContextFactory, type PluginContextFactoryOptions } from…
       | ^
     21| import type {
     22|  ResolvedPlugin,
 ❯ parity/emdash/plugin-runtime/source/packages/core/tests/unit/plugins/exclusive-hooks.test.ts:20:1

⎯⎯⎯⎯⎯⎯⎯⎯⎯⎯⎯⎯⎯⎯⎯⎯⎯⎯⎯⎯⎯⎯⎯[2/12]⎯

 FAIL  parity/emdash/plugin-runtime/source/packages/core/tests/unit/plugins/hooks.test.ts [ parity/emdash/plugin-runtime/source/packages/core/tests/unit/plugins/hooks.test.ts ]
Error: Cannot find module './context.ts' imported from /workspace/cms-full-plugin-runtime-provider/src/lib/server/plugins/hooks.ts
 ❯ src/lib/server/plugins/hooks.ts:20:1
     18| import { toBylineInfo } from "./byline-access.ts";
     19| import { inspectContentPolicyDecision } from "./content-policy.ts";
     20| import { PluginContextFactory, type PluginContextFactoryOptions } from…
       | ^
     21| import type {
     22|  ResolvedPlugin,
 ❯ parity/emdash/plugin-runtime/source/packages/core/tests/unit/plugins/hooks.test.ts:18:1

⎯⎯⎯⎯⎯⎯⎯⎯⎯⎯⎯⎯⎯⎯⎯⎯⎯⎯⎯⎯⎯⎯⎯[3/12]⎯

 FAIL  parity/emdash/plugin-runtime/source/packages/core/tests/unit/plugins/kv-access-list.test.ts [ parity/emdash/plugin-runtime/source/packages/core/tests/unit/plugins/kv-access-list.test.ts ]
Error: Cannot find module '/src/lib/server/plugins/context.ts' imported from /workspace/cms-full-plugin-runtime-provider/parity/emdash/plugin-runtime/source/packages/core/tests/unit/plugins/kv-access-list.test.ts
 ❯ parity/emdash/plugin-runtime/source/packages/core/tests/unit/plugins/kv-access-list.test.ts:4:1
      2|
      3| import type { OptionsRepository } from "../../../src/database/reposito…
      4| import { createKVAccess } from "../../../src/plugins/context.js";
       | ^
      5|
      6| function fakeOptionsRepo(rows: Record<string, unknown>) {

⎯⎯⎯⎯⎯⎯⎯⎯⎯⎯⎯⎯⎯⎯⎯⎯⎯⎯⎯⎯⎯⎯⎯[4/12]⎯

 FAIL  parity/emdash/plugin-runtime/source/packages/core/tests/unit/plugins/manager.test.ts [ parity/emdash/plugin-runtime/source/packages/core/tests/unit/plugins/manager.test.ts ]
Error: Cannot find module './context.ts' imported from /workspace/cms-full-plugin-runtime-provider/src/lib/server/plugins/hooks.ts
 ❯ src/lib/server/plugins/hooks.ts:20:1
     18| import { toBylineInfo } from "./byline-access.ts";
     19| import { inspectContentPolicyDecision } from "./content-policy.ts";
     20| import { PluginContextFactory, type PluginContextFactoryOptions } from…
       | ^
     21| import type {
     22|  ResolvedPlugin,
 ❯ src/lib/server/plugins/manager.ts:24:1

⎯⎯⎯⎯⎯⎯⎯⎯⎯⎯⎯⎯⎯⎯⎯⎯⎯⎯⎯⎯⎯⎯⎯[5/12]⎯

 FAIL  parity/emdash/plugin-runtime/source/packages/core/tests/unit/plugins/page-hooks-execution.test.ts [ parity/emdash/plugin-runtime/source/packages/core/tests/unit/plugins/page-hooks-execution.test.ts ]
Error: Cannot find module './context.ts' imported from /workspace/cms-full-plugin-runtime-provider/src/lib/server/plugins/hooks.ts
 ❯ src/lib/server/plugins/hooks.ts:20:1
     18| import { toBylineInfo } from "./byline-access.ts";
     19| import { inspectContentPolicyDecision } from "./content-policy.ts";
     20| import { PluginContextFactory, type PluginContextFactoryOptions } from…
       | ^
     21| import type {
     22|  ResolvedPlugin,
 ❯ parity/emdash/plugin-runtime/source/packages/core/tests/unit/plugins/page-hooks-execution.test.ts:20:1

⎯⎯⎯⎯⎯⎯⎯⎯⎯⎯⎯⎯⎯⎯⎯⎯⎯⎯⎯⎯⎯⎯⎯[6/12]⎯

 FAIL  parity/emdash/plugin-runtime/source/packages/core/tests/unit/plugins/pipeline-rebuild.test.ts [ parity/emdash/plugin-runtime/source/packages/core/tests/unit/plugins/pipeline-rebuild.test.ts ]
Error: Cannot find module './context.ts' imported from /workspace/cms-full-plugin-runtime-provider/src/lib/server/plugins/hooks.ts
 ❯ src/lib/server/plugins/hooks.ts:20:1
     18| import { toBylineInfo } from "./byline-access.ts";
     19| import { inspectContentPolicyDecision } from "./content-policy.ts";
     20| import { PluginContextFactory, type PluginContextFactoryOptions } from…
       | ^
     21| import type {
     22|  ResolvedPlugin,
 ❯ parity/emdash/plugin-runtime/source/packages/core/tests/unit/plugins/pipeline-rebuild.test.ts:16:1

⎯⎯⎯⎯⎯⎯⎯⎯⎯⎯⎯⎯⎯⎯⎯⎯⎯⎯⎯⎯⎯⎯⎯[7/12]⎯

 FAIL  parity/emdash/plugin-runtime/source/packages/core/tests/unit/plugins/publication-policy-effective-draft.test.ts [ parity/emdash/plugin-runtime/source/packages/core/tests/unit/plugins/publication-policy-effective-draft.test.ts ]
Error: Cannot find package '@emdash-cms/admin/locales' imported from /workspace/cms-full-plugin-runtime-provider/parity/emdash/plugin-runtime/source/packages/core/src/emdash-runtime.ts
 ❯ parity/emdash/plugin-runtime/source/packages/core/src/emdash-runtime.ts:10:1
      8|  */
      9|
     10| import { getLocaleDir, resolveLocale } from "@emdash-cms/admin/locales…
       | ^
     11| import { Permissions } from "@emdash-cms/auth";
     12| import type { Element } from "@emdash-cms/blocks";
 ❯ parity/emdash/plugin-runtime/source/packages/core/tests/unit/plugins/publication-policy-effective-draft.test.ts:8:1

⎯⎯⎯⎯⎯⎯⎯⎯⎯⎯⎯⎯⎯⎯⎯⎯⎯⎯⎯⎯⎯⎯⎯[8/12]⎯

 FAIL  parity/emdash/plugin-runtime/source/packages/core/tests/unit/plugins/restore-hooks.test.ts [ parity/emdash/plugin-runtime/source/packages/core/tests/unit/plugins/restore-hooks.test.ts ]
Error: Cannot find package '@emdash-cms/admin/locales' imported from /workspace/cms-full-plugin-runtime-provider/parity/emdash/plugin-runtime/source/packages/core/src/emdash-runtime.ts
 ❯ parity/emdash/plugin-runtime/source/packages/core/src/emdash-runtime.ts:10:1
      8|  */
      9|
     10| import { getLocaleDir, resolveLocale } from "@emdash-cms/admin/locales…
       | ^
     11| import { Permissions } from "@emdash-cms/auth";
     12| import type { Element } from "@emdash-cms/blocks";
 ❯ parity/emdash/plugin-runtime/source/packages/core/tests/unit/plugins/restore-hooks.test.ts:8:1

⎯⎯⎯⎯⎯⎯⎯⎯⎯⎯⎯⎯⎯⎯⎯⎯⎯⎯⎯⎯⎯⎯⎯[9/12]⎯

 FAIL  parity/emdash/plugin-runtime/source/packages/core/tests/unit/plugins/routes.test.ts [ parity/emdash/plugin-runtime/source/packages/core/tests/unit/plugins/routes.test.ts ]
Error: Cannot find module './context.ts' imported from /workspace/cms-full-plugin-runtime-provider/src/lib/server/plugins/hooks.ts
 ❯ src/lib/server/plugins/hooks.ts:20:1
     18| import { toBylineInfo } from "./byline-access.ts";
     19| import { inspectContentPolicyDecision } from "./content-policy.ts";
     20| import { PluginContextFactory, type PluginContextFactoryOptions } from…
       | ^
     21| import type {
     22|  ResolvedPlugin,
 ❯ parity/emdash/plugin-runtime/source/packages/core/tests/unit/plugins/routes.test.ts:16:1

⎯⎯⎯⎯⎯⎯⎯⎯⎯⎯⎯⎯⎯⎯⎯⎯⎯⎯⎯⎯⎯⎯[10/12]⎯

 FAIL  parity/emdash/plugin-runtime/source/packages/core/tests/unit/plugins/schedule-hooks.test.ts [ parity/emdash/plugin-runtime/source/packages/core/tests/unit/plugins/schedule-hooks.test.ts ]
Error: Cannot find package '@emdash-cms/admin/locales' imported from /workspace/cms-full-plugin-runtime-provider/parity/emdash/plugin-runtime/source/packages/core/src/emdash-runtime.ts
 ❯ parity/emdash/plugin-runtime/source/packages/core/src/emdash-runtime.ts:10:1
      8|  */
      9|
     10| import { getLocaleDir, resolveLocale } from "@emdash-cms/admin/locales…
       | ^
     11| import { Permissions } from "@emdash-cms/auth";
     12| import type { Element } from "@emdash-cms/blocks";
 ❯ parity/emdash/plugin-runtime/source/packages/core/tests/unit/plugins/schedule-hooks.test.ts:8:1

⎯⎯⎯⎯⎯⎯⎯⎯⎯⎯⎯⎯⎯⎯⎯⎯⎯⎯⎯⎯⎯⎯[11/12]⎯

 FAIL  parity/emdash/plugin-runtime/source/packages/core/tests/unit/plugins/unpublish-hooks.test.ts [ parity/emdash/plugin-runtime/source/packages/core/tests/unit/plugins/unpublish-hooks.test.ts ]
Error: Cannot find package '@emdash-cms/admin/locales' imported from /workspace/cms-full-plugin-runtime-provider/parity/emdash/plugin-runtime/source/packages/core/src/emdash-runtime.ts
 ❯ parity/emdash/plugin-runtime/source/packages/core/src/emdash-runtime.ts:10:1
      8|  */
      9|
     10| import { getLocaleDir, resolveLocale } from "@emdash-cms/admin/locales…
       | ^
     11| import { Permissions } from "@emdash-cms/auth";
     12| import type { Element } from "@emdash-cms/blocks";
 ❯ parity/emdash/plugin-runtime/source/packages/core/tests/unit/plugins/unpublish-hooks.test.ts:7:1

⎯⎯⎯⎯⎯⎯⎯⎯⎯⎯⎯⎯⎯⎯⎯⎯⎯⎯⎯⎯⎯⎯[12/12]⎯


 Test Files  12 failed | 22 passed (34)
      Tests  453 passed (453)
   Start at  01:22:08
   Duration  17.36s (transform 1.73s, setup 0ms, import 3.70s, tests 6.74s, environment 3ms)

