2026-10-06T01:45:15.3521006Z Current runner version: '2.337.0'
2026-10-06T01:45:15.3538422Z ##[group]Runner Image Provisioner
2026-10-06T01:45:15.3538993Z Hosted Compute Agent
2026-10-06T01:45:15.3539316Z Version: 20260901.588
2026-10-06T01:45:15.3539674Z Commit: f88ec8081b781fac6c440065ac7ff9e710ce3d0b
2026-10-06T01:45:15.3540069Z Build Date: 2026-09-01T19:56:44Z
2026-10-06T01:45:15.3540444Z Worker ID: {91e0798b-3e5d-4cb1-9d40-e7218fba3d2c}
2026-10-06T01:45:15.3540850Z Azure Region: centralus
2026-10-06T01:45:15.3541166Z ##[endgroup]
2026-10-06T01:45:15.3541878Z ##[group]Operating System
2026-10-06T01:45:15.3542228Z Ubuntu
2026-10-06T01:45:15.3542509Z 22.04.5
2026-10-06T01:45:15.3542815Z LTS
2026-10-06T01:45:15.3543094Z ##[endgroup]
2026-10-06T01:45:15.3543382Z ##[group]Runner Image
2026-10-06T01:45:15.3543729Z Image: ubuntu-22.04
2026-10-06T01:45:15.3544034Z Version: 20260927.309.1
2026-10-06T01:45:15.3544984Z Included Software: https://github.com/actions/runner-images/blob/ubuntu22/20260927.309/images/ubuntu/Ubuntu2204-Readme.md
2026-10-06T01:45:15.3545787Z Image Release: https://github.com/actions/runner-images/releases/tag/ubuntu22%2F20260927.309
2026-10-06T01:45:15.3546342Z ##[endgroup]
2026-10-06T01:45:15.3546937Z ##[group]GITHUB_TOKEN Permissions
2026-10-06T01:45:15.3548122Z Contents: read
2026-10-06T01:45:15.3548423Z Metadata: read
2026-10-06T01:45:15.3548745Z ##[endgroup]
2026-10-06T01:45:15.3550045Z Secret source: Actions
2026-10-06T01:45:15.3550568Z Cache mode: write
2026-10-06T01:45:15.3550952Z Prepare workflow directory
2026-10-06T01:45:15.3755654Z Prepare all required actions
2026-10-06T01:45:15.3785968Z Getting action download info
2026-10-06T01:45:15.6143797Z Download action repository 'actions/checkout@v4' (SHA:11d5960a326750d5838078e36cf38b85af677262)
2026-10-06T01:45:15.6840769Z Download action repository 'pnpm/action-setup@v4' (SHA:b906affcce14559ad1aafd4ab0e942779e9f58b1)
2026-10-06T01:45:16.0339772Z Download action repository 'actions/setup-node@v4' (SHA:49933ea5288caeca8642d1e84afbd3f7d6820020)
2026-10-06T01:45:16.1212558Z Download action repository 'actions/upload-artifact@v4' (SHA:ea165f8d65b6e75b540449e92b4886f43607fa02)
2026-10-06T01:45:16.2974646Z Complete job name: media-admin-editor-source (image)
2026-10-06T01:45:16.3362852Z ##[group]Run actions/checkout@v4
2026-10-06T01:45:16.3363334Z with:
2026-10-06T01:45:16.3363627Z   repository: sveltery/cms
2026-10-06T01:45:16.3367068Z   token: ***
2026-10-06T01:45:16.3367592Z   ssh-strict: true
2026-10-06T01:45:16.3368078Z   ssh-user: git
2026-10-06T01:45:16.3368558Z   persist-credentials: true
2026-10-06T01:45:16.3369151Z   clean: true
2026-10-06T01:45:16.3369610Z   sparse-checkout-cone-mode: true
2026-10-06T01:45:16.3370005Z   fetch-depth: 1
2026-10-06T01:45:16.3370281Z   fetch-tags: false
2026-10-06T01:45:16.3370599Z   show-progress: true
2026-10-06T01:45:16.3370900Z   lfs: false
2026-10-06T01:45:16.3371205Z   submodules: false
2026-10-06T01:45:16.3371532Z   set-safe-directory: true
2026-10-06T01:45:16.3371868Z   allow-unsafe-pr-checkout: false
2026-10-06T01:45:16.3372491Z ##[endgroup]
2026-10-06T01:45:16.3956737Z Syncing repository: sveltery/cms
2026-10-06T01:45:16.3958020Z ##[group]Getting Git version info
2026-10-06T01:45:16.3958553Z Working directory is '/home/runner/work/cms/cms'
2026-10-06T01:45:16.3981649Z [command]/usr/bin/git version
2026-10-06T01:45:16.4029476Z git version 2.55.0
2026-10-06T01:45:16.4041964Z ##[endgroup]
2026-10-06T01:45:16.4052391Z Temporarily overriding HOME='/home/runner/work/_temp/ced2a9ed-5db1-463d-aa2b-aa5c5e48db49' before making global git config changes
2026-10-06T01:45:16.4053983Z Adding repository directory to the temporary git global config as a safe directory
2026-10-06T01:45:16.4056338Z [command]/usr/bin/git config --global --add safe.directory /home/runner/work/cms/cms
2026-10-06T01:45:16.4079434Z Deleting the contents of '/home/runner/work/cms/cms'
2026-10-06T01:45:16.4082950Z ##[group]Initializing the repository
2026-10-06T01:45:16.4086042Z [command]/usr/bin/git init /home/runner/work/cms/cms
2026-10-06T01:45:16.4149563Z hint: Using 'master' as the name for the initial branch. This default branch name
2026-10-06T01:45:16.4157116Z hint: will change to "main" in Git 3.0. To configure the initial branch name
2026-10-06T01:45:16.4158142Z hint: to use in all of your new repositories, which will suppress this warning,
2026-10-06T01:45:16.4158846Z hint: call:
2026-10-06T01:45:16.4159119Z hint:
2026-10-06T01:45:16.4159496Z hint: 	git config --global init.defaultBranch <name>
2026-10-06T01:45:16.4160052Z hint:
2026-10-06T01:45:16.4160769Z hint: Names commonly chosen instead of 'master' are 'main', 'trunk' and
2026-10-06T01:45:16.4161684Z hint: 'development'. The just-created branch can be renamed via this command:
2026-10-06T01:45:16.4162436Z hint:
2026-10-06T01:45:16.4162902Z hint: 	git branch -m <name>
2026-10-06T01:45:16.4163398Z hint:
2026-10-06T01:45:16.4164042Z hint: Disable this message with "git config set advice.defaultBranchName false"
2026-10-06T01:45:16.4165068Z Initialized empty Git repository in /home/runner/work/cms/cms/.git/
2026-10-06T01:45:16.4166645Z [command]/usr/bin/git remote add origin https://github.com/sveltery/cms
2026-10-06T01:45:16.4176381Z ##[endgroup]
2026-10-06T01:45:16.4177236Z ##[group]Disabling automatic garbage collection
2026-10-06T01:45:16.4179892Z [command]/usr/bin/git config --local gc.auto 0
2026-10-06T01:45:16.4197701Z ##[endgroup]
2026-10-06T01:45:16.4198416Z ##[group]Setting up auth
2026-10-06T01:45:16.4201368Z [command]/usr/bin/git config --local --name-only --get-regexp core\.sshCommand
2026-10-06T01:45:16.4222522Z [command]/usr/bin/git submodule foreach --recursive sh -c "git config --local --name-only --get-regexp 'core\.sshCommand' && git config --local --unset-all 'core.sshCommand' || :"
2026-10-06T01:45:16.4395097Z [command]/usr/bin/git config --local --name-only --get-regexp http\.https\:\/\/github\.com\/\.extraheader
2026-10-06T01:45:16.4397465Z [command]/usr/bin/git submodule foreach --recursive sh -c "git config --local --name-only --get-regexp 'http\.https\:\/\/github\.com\/\.extraheader' && git config --local --unset-all 'http.https://github.com/.extraheader' || :"
2026-10-06T01:45:16.4515865Z [command]/usr/bin/git config --local --name-only --get-regexp ^includeIf\.gitdir:
2026-10-06T01:45:16.4532010Z [command]/usr/bin/git submodule foreach --recursive git config --local --show-origin --name-only --get-regexp remote.origin.url
2026-10-06T01:45:16.4626870Z [command]/usr/bin/git config --local http.https://github.com/.extraheader AUTHORIZATION: basic ***
2026-10-06T01:45:16.4646627Z ##[endgroup]
2026-10-06T01:45:16.4647171Z ##[group]Fetching the repository
2026-10-06T01:45:16.4651860Z [command]/usr/bin/git -c protocol.version=2 fetch --no-tags --prune --no-recurse-submodules --depth=1 origin +75fd61ec31e6268944950117a7103a89c235dc9a:refs/remotes/pull/121/merge
2026-10-06T01:45:17.6807451Z From https://github.com/sveltery/cms
2026-10-06T01:45:17.6809274Z  * [new ref]         75fd61ec31e6268944950117a7103a89c235dc9a -> pull/121/merge
2026-10-06T01:45:17.6812378Z ##[endgroup]
2026-10-06T01:45:17.6813555Z ##[group]Determining the checkout info
2026-10-06T01:45:17.6814994Z ##[endgroup]
2026-10-06T01:45:17.6816611Z [command]/usr/bin/git sparse-checkout disable
2026-10-06T01:45:17.6839122Z [command]/usr/bin/git config --local --unset-all extensions.worktreeConfig
2026-10-06T01:45:17.6855166Z ##[group]Checking out the ref
2026-10-06T01:45:17.6856901Z [command]/usr/bin/git checkout --progress --force refs/remotes/pull/121/merge
2026-10-06T01:45:17.9041433Z Note: switching to 'refs/remotes/pull/121/merge'.
2026-10-06T01:45:17.9042056Z 
2026-10-06T01:45:17.9042545Z You are in 'detached HEAD' state. You can look around, make experimental
2026-10-06T01:45:17.9043716Z changes and commit them, and you can discard any commits you make in this
2026-10-06T01:45:17.9045071Z state without impacting any branches by switching back to a branch.
2026-10-06T01:45:17.9045826Z 
2026-10-06T01:45:17.9046435Z If you want to create a new branch to retain commits you create, you may
2026-10-06T01:45:17.9047767Z do so (now or later) by using -c with the switch command. Example:
2026-10-06T01:45:17.9048903Z 
2026-10-06T01:45:17.9049251Z   git switch -c <new-branch-name>
2026-10-06T01:45:17.9049809Z 
2026-10-06T01:45:17.9050251Z Or undo this operation with:
2026-10-06T01:45:17.9050834Z 
2026-10-06T01:45:17.9051234Z   git switch -
2026-10-06T01:45:17.9051774Z 
2026-10-06T01:45:17.9052610Z Turn off this advice by setting config variable advice.detachedHead to false
2026-10-06T01:45:17.9053730Z 
2026-10-06T01:45:17.9054933Z HEAD is now at 75fd61e Merge 563b3fb36a43265336e34c4610cd6e2306195a8a into d8989c402af17e329be09c0f17773fa33e36d7a9
2026-10-06T01:45:17.9058073Z ##[endgroup]
2026-10-06T01:45:17.9074635Z [command]/usr/bin/git log -1 --format=%H
2026-10-06T01:45:17.9086467Z 75fd61ec31e6268944950117a7103a89c235dc9a
2026-10-06T01:45:17.9292901Z ##[group]Run pnpm/action-setup@v4
2026-10-06T01:45:17.9293582Z with:
2026-10-06T01:45:17.9294223Z   version: 12.6.0
2026-10-06T01:45:17.9294818Z   dest: ~/setup-pnpm
2026-10-06T01:45:17.9295382Z   run_install: null
2026-10-06T01:45:17.9295928Z   cache: false
2026-10-06T01:45:17.9296495Z   cache_dependency_path: pnpm-lock.yaml
2026-10-06T01:45:17.9297247Z   package_json_file: package.json
2026-10-06T01:45:17.9297912Z   standalone: false
2026-10-06T01:45:17.9298453Z ##[endgroup]
2026-10-06T01:45:18.0067685Z ##[group]Running self-installer...
2026-10-06T01:45:18.2235878Z (node:1845) [DEP0169] DeprecationWarning: `url.parse()` behavior is not standardized and prone to errors that have security implications. Use the WHATWG URL API instead. CVEs are not issued for `url.parse()` vulnerabilities.
2026-10-06T01:45:18.2236728Z (Use `node --trace-deprecation ...` to show where the warning was created)
2026-10-06T01:45:18.4168460Z Progress: resolved 1, reused 0, downloaded 0, added 0
2026-10-06T01:45:18.5349832Z Packages: +3
2026-10-06T01:45:18.5350063Z +++
2026-10-06T01:45:19.0190668Z Progress: resolved 15, reused 0, downloaded 3, added 3, done
2026-10-06T01:45:19.0287734Z .../.pnpm/pnpm@12.6.0/node_modules/pnpm preinstall$ node install.js
2026-10-06T01:45:19.3484889Z .../.pnpm/pnpm@12.6.0/node_modules/pnpm preinstall: Done
2026-10-06T01:45:19.3488216Z .../.pnpm/pnpm@12.6.0/node_modules/pnpm postinstall$ node install.js
2026-10-06T01:45:19.3728147Z .../.pnpm/pnpm@12.6.0/node_modules/pnpm postinstall: Done
2026-10-06T01:45:20.2610688Z 
2026-10-06T01:45:20.2611129Z dependencies:
2026-10-06T01:45:20.2626570Z + pnpm 12.6.0 (12.9.1 is available)
2026-10-06T01:45:20.2626793Z 
2026-10-06T01:45:20.2626868Z Done in 2.1s
2026-10-06T01:45:20.2863883Z ##[endgroup]
2026-10-06T01:45:20.2864449Z Installation Completed!
2026-10-06T01:45:20.2970296Z ##[group]Run actions/setup-node@v4
2026-10-06T01:45:20.2970444Z with:
2026-10-06T01:45:20.2970550Z   node-version: 24
2026-10-06T01:45:20.2970659Z   cache: pnpm
2026-10-06T01:45:20.2970767Z   always-auth: false
2026-10-06T01:45:20.2970884Z   check-latest: false
2026-10-06T01:45:20.2972175Z   token: ***
2026-10-06T01:45:20.2972278Z env:
2026-10-06T01:45:20.2972416Z   PNPM_HOME: /home/runner/setup-pnpm/node_modules/.bin
2026-10-06T01:45:20.2972596Z ##[endgroup]
2026-10-06T01:45:20.3755547Z Found in cache @ /opt/hostedtoolcache/node/24.21.0/x64
2026-10-06T01:45:20.3758149Z (node:1876) [DEP0040] DeprecationWarning: The `punycode` module is deprecated. Please use a userland alternative instead.
2026-10-06T01:45:20.3758505Z (Use `node --trace-deprecation ...` to show where the warning was created)
2026-10-06T01:45:20.3759815Z ##[group]Environment details
2026-10-06T01:45:20.5618558Z node: v24.21.0
2026-10-06T01:45:20.5618758Z npm: 11.19.0
2026-10-06T01:45:20.5618916Z yarn: 1.22.22
2026-10-06T01:45:20.5619443Z ##[endgroup]
2026-10-06T01:45:20.5633888Z [command]/home/runner/setup-pnpm/node_modules/.bin/pnpm store path --silent
2026-10-06T01:45:20.5726570Z /home/runner/setup-pnpm/node_modules/.bin/store/v11
2026-10-06T01:45:20.7070227Z Cache hit for: node-cache-Linux-x64-pnpm-cb01908ec0d0a45d9eb29e44f56e05364983ff2ce958acc694c939d2835b5d56
2026-10-06T01:45:20.7163501Z (node:1876) [DEP0169] DeprecationWarning: `url.parse()` behavior is not standardized and prone to errors that have security implications. Use the WHATWG URL API instead. CVEs are not issued for `url.parse()` vulnerabilities.
2026-10-06T01:45:21.8420011Z Received 159383552 of 174062786 (91.6%), 152.0 MBs/sec
2026-10-06T01:45:21.9084715Z Received 174062786 of 174062786 (100.0%), 155.4 MBs/sec
2026-10-06T01:45:21.9085404Z Cache Size: ~166 MB (174062786 B)
2026-10-06T01:45:21.9161557Z [command]/usr/bin/tar -xf /home/runner/work/_temp/794be651-5a2a-4ae0-93ca-97f6cbba3b09/cache.tzst -P -C /home/runner/work/cms/cms --use-compress-program unzstd
2026-10-06T01:45:22.5583771Z Cache restored successfully
2026-10-06T01:45:22.5717325Z Cache restored from key: node-cache-Linux-x64-pnpm-cb01908ec0d0a45d9eb29e44f56e05364983ff2ce958acc694c939d2835b5d56
2026-10-06T01:45:22.5818344Z ##[group]Run pnpm install --frozen-lockfile
2026-10-06T01:45:22.5818584Z [36;1mpnpm install --frozen-lockfile[0m
2026-10-06T01:45:22.6585700Z shell: /usr/bin/bash -e {0}
2026-10-06T01:45:22.6585883Z env:
2026-10-06T01:45:22.6586043Z   PNPM_HOME: /home/runner/setup-pnpm/node_modules/.bin
2026-10-06T01:45:22.6586219Z ##[endgroup]
2026-10-06T01:45:22.6877829Z ? Verifying lockfile against supply-chain policies (534 entries)...
2026-10-06T01:45:22.7694426Z Packages are hard linked from the content-addressable store to the virtual store.
2026-10-06T01:45:22.7695455Z   Content-addressable store is at: /home/runner/setup-pnpm/node_modules/.bin/store/v11
2026-10-06T01:45:22.7696069Z   Virtual store is at:             node_modules/.pnpm
2026-10-06T01:45:24.4078454Z ✓ Lockfile passes supply-chain policies (534 entries in 1.7s)
2026-10-06T01:45:24.4078807Z Lockfile is up to date, resolution step is skipped
2026-10-06T01:45:24.4133799Z Packages: +403
2026-10-06T01:45:24.4134572Z ++++++++++++++++++++++++++++++++++++++++++++++++++++++++++++++++++++++++++++++++
2026-10-06T01:45:24.4369857Z Progress: resolved 403, reused 403, downloaded 0, added 403, done
2026-10-06T01:45:24.5863648Z . prepare$ svelte-kit sync
2026-10-06T01:45:25.0929550Z . prepare: Done
2026-10-06T01:45:25.0934002Z 
2026-10-06T01:45:25.0934217Z dependencies:
2026-10-06T01:45:25.0934447Z + @oslojs/crypto 1.0.1
2026-10-06T01:45:25.0934677Z + @oslojs/encoding 1.1.0
2026-10-06T01:45:25.0934898Z + @oslojs/webauthn 1.0.0
2026-10-06T01:45:25.0935190Z + @wordpress/block-serialization-default-parser 5.38.0
2026-10-06T01:45:25.0935475Z + blurhash 2.0.5
2026-10-06T01:45:25.0935647Z + cn 0.2.2
2026-10-06T01:45:25.0935811Z + date-fns 4.1.0
2026-10-06T01:45:25.0935997Z + image-size 2.0.2
2026-10-06T01:45:25.0936180Z + jpeg-js 0.4.4
2026-10-06T01:45:25.0936367Z + jsonc-parser 3.3.1
2026-10-06T01:45:25.0936551Z + kysely 0.29.2
2026-10-06T01:45:25.0936711Z + mime 4.1.0
2026-10-06T01:45:25.0936873Z + parse5 7.3.0
2026-10-06T01:45:25.0937081Z + smol-toml 1.6.0
2026-10-06T01:45:25.0937309Z + ulidx 2.4.1
2026-10-06T01:45:25.0937476Z + upng-js 2.1.0
2026-10-06T01:45:25.0937643Z + valibot 1.5.0
2026-10-06T01:45:25.0937826Z + zod 4.5.4
2026-10-06T01:45:25.0937922Z 
2026-10-06T01:45:25.0938011Z devDependencies:
2026-10-06T01:45:25.0938204Z + @babel/core 7.29.7
2026-10-06T01:45:25.0938406Z + @cloudflare/kumo 2.6.0
2026-10-06T01:45:25.0938726Z + @cloudflare/workers-types 4.20260507.1
2026-10-06T01:45:25.0938980Z + @floating-ui/dom 1.8.0
2026-10-06T01:45:25.0939242Z + @lingui/babel-plugin-lingui-macro 5.9.5
2026-10-06T01:45:25.0939496Z + @lingui/conf 5.9.5
2026-10-06T01:45:25.0939690Z + @lingui/core 5.9.5
2026-10-06T01:45:25.0939893Z + @lingui/react 5.9.5
2026-10-06T01:45:25.0940102Z + @playwright/test 1.63.0
2026-10-06T01:45:25.0940344Z + @sveltejs/adapter-auto 7.0.1
2026-10-06T01:45:25.0940695Z + @sveltejs/adapter-cloudflare 7.2.9
2026-10-06T01:45:25.0940972Z + @sveltejs/adapter-node 5.5.7
2026-10-06T01:45:25.0964761Z + @sveltejs/kit 2.70.3
2026-10-06T01:45:25.0968285Z + @sveltejs/vite-plugin-svelte 7.3.1
2026-10-06T01:45:25.0969061Z + @tanstack/react-query 5.90.21
2026-10-06T01:45:25.0969663Z + @tanstack/react-router 1.163.2
2026-10-06T01:45:25.0969925Z + @testing-library/react 16.3.2
2026-10-06T01:45:25.0970431Z + @types/jsdom 30.0.0
2026-10-06T01:45:25.0970640Z + @types/node 24.19.0
2026-10-06T01:45:25.0970841Z + @types/react 19.3.0
2026-10-06T01:45:25.0971049Z + @types/react-dom 19.3.0
2026-10-06T01:45:25.0971310Z + @vitest/browser-playwright 4.1.10
2026-10-06T01:45:25.0971549Z + devalue 5.9.4
2026-10-06T01:45:25.0971726Z + jsdom 30.1.1
2026-10-06T01:45:25.0971914Z + miniflare 4.20260507.1
2026-10-06T01:45:25.0972120Z + pg 8.18.0
2026-10-06T01:45:25.0972285Z + react 19.3.0
2026-10-06T01:45:25.0972480Z + react-day-picker 9.14.0
2026-10-06T01:45:25.0972696Z + react-dom 19.3.0
2026-10-06T01:45:25.0972874Z + svelte 5.57.1
2026-10-06T01:45:25.0973060Z + svelte-check 4.7.6
2026-10-06T01:45:25.0973258Z + typescript 6.0.3
2026-10-06T01:45:25.0973440Z + vite 8.3.2
2026-10-06T01:45:25.0973736Z + vitest 4.1.10
2026-10-06T01:45:25.0973936Z + vitest-browser-react 2.2.0
2026-10-06T01:45:25.0974423Z + wrangler 4.99.0
2026-10-06T01:45:25.0974533Z 
2026-10-06T01:45:25.0974659Z Done in 2.4s using pnpm v12.6.0
2026-10-06T01:45:25.1075163Z ##[group]Run pnpm exec playwright install --with-deps chromium
2026-10-06T01:45:25.1075428Z [36;1mpnpm exec playwright install --with-deps chromium[0m
2026-10-06T01:45:25.1103903Z shell: /usr/bin/bash -e {0}
2026-10-06T01:45:25.1104042Z env:
2026-10-06T01:45:25.1104302Z   PNPM_HOME: /home/runner/setup-pnpm/node_modules/.bin
2026-10-06T01:45:25.1104468Z ##[endgroup]
2026-10-06T01:45:25.3772669Z Installing dependencies...
2026-10-06T01:45:25.3823145Z Switching to root user to install dependencies...
2026-10-06T01:45:25.4575472Z Get:1 file:/etc/apt/apt-mirrors.txt Mirrorlist [144 B]
2026-10-06T01:45:25.4965443Z Hit:2 http://azure.archive.ubuntu.com/ubuntu jammy InRelease
2026-10-06T01:45:25.4987159Z Get:6 https://packages.microsoft.com/ubuntu/22.04/prod jammy InRelease [3632 B]
2026-10-06T01:45:25.5043163Z Get:3 http://azure.archive.ubuntu.com/ubuntu jammy-updates InRelease [128 kB]
2026-10-06T01:45:25.5058094Z Get:4 http://azure.archive.ubuntu.com/ubuntu jammy-backports InRelease [127 kB]
2026-10-06T01:45:25.5075116Z Get:5 http://azure.archive.ubuntu.com/ubuntu jammy-security InRelease [129 kB]
2026-10-06T01:45:25.5719793Z Get:7 https://packages.microsoft.com/ubuntu/22.04/prod jammy/main arm64 Packages [551 kB]
2026-10-06T01:45:25.5918890Z Get:8 https://packages.microsoft.com/ubuntu/22.04/prod jammy/main amd64 Packages [797 kB]
2026-10-06T01:45:25.6023782Z Get:9 http://azure.archive.ubuntu.com/ubuntu jammy-updates/main amd64 Packages [3907 kB]
2026-10-06T01:45:25.6154587Z Get:10 http://azure.archive.ubuntu.com/ubuntu jammy-updates/main Translation-en [576 kB]
2026-10-06T01:45:25.6184180Z Get:11 http://azure.archive.ubuntu.com/ubuntu jammy-updates/restricted amd64 Packages [6714 kB]
2026-10-06T01:45:25.6363039Z Get:12 http://azure.archive.ubuntu.com/ubuntu jammy-updates/restricted Translation-en [1290 kB]
2026-10-06T01:45:25.6421489Z Get:13 http://azure.archive.ubuntu.com/ubuntu jammy-updates/universe amd64 Packages [1285 kB]
2026-10-06T01:45:25.6440723Z Get:14 http://azure.archive.ubuntu.com/ubuntu jammy-updates/universe Translation-en [325 kB]
2026-10-06T01:45:25.6775008Z Get:15 http://azure.archive.ubuntu.com/ubuntu jammy-security/main amd64 Packages [3631 kB]
2026-10-06T01:45:25.6876195Z Get:16 http://azure.archive.ubuntu.com/ubuntu jammy-security/main Translation-en [508 kB]
2026-10-06T01:45:25.6896744Z Get:17 http://azure.archive.ubuntu.com/ubuntu jammy-security/restricted amd64 Packages [6465 kB]
2026-10-06T01:45:25.7069773Z Get:18 http://azure.archive.ubuntu.com/ubuntu jammy-security/restricted Translation-en [1244 kB]
2026-10-06T01:45:25.7520754Z Get:19 http://azure.archive.ubuntu.com/ubuntu jammy-security/universe amd64 Packages [1052 kB]
2026-10-06T01:45:25.7550826Z Get:20 http://azure.archive.ubuntu.com/ubuntu jammy-security/universe Translation-en [237 kB]
2026-10-06T01:45:31.5544351Z Fetched 29.0 MB in 2s (13.4 MB/s)
2026-10-06T01:45:32.2596732Z Reading package lists...
2026-10-06T01:45:32.2932340Z Reading package lists...
2026-10-06T01:45:32.4724652Z Building dependency tree...
2026-10-06T01:45:32.4732022Z Reading state information...
2026-10-06T01:45:32.5907968Z fonts-liberation is already the newest version (1:1.07.4-11).
2026-10-06T01:45:32.5908377Z fonts-liberation set to manually installed.
2026-10-06T01:45:32.5908736Z libatk-bridge2.0-0 is already the newest version (2.38.0-3).
2026-10-06T01:45:32.5909082Z libatk-bridge2.0-0 set to manually installed.
2026-10-06T01:45:32.5909602Z libatk1.0-0 is already the newest version (2.36.0-3build1).
2026-10-06T01:45:32.5909938Z libatk1.0-0 set to manually installed.
2026-10-06T01:45:32.5910285Z libatspi2.0-0 is already the newest version (2.44.0-3).
2026-10-06T01:45:32.5910614Z libatspi2.0-0 set to manually installed.
2026-10-06T01:45:32.5910988Z libfontconfig1 is already the newest version (2.13.1-4.2ubuntu5).
2026-10-06T01:45:32.5911262Z libfontconfig1 set to manually installed.
2026-10-06T01:45:32.5911487Z libxcb1 is already the newest version (1.14-3ubuntu3).
2026-10-06T01:45:32.5911791Z libxcb1 set to manually installed.
2026-10-06T01:45:32.5912597Z libxcomposite1 is already the newest version (1:0.4.5-1build2).
2026-10-06T01:45:32.5912956Z libxcomposite1 set to manually installed.
2026-10-06T01:45:32.5913251Z libxdamage1 is already the newest version (1:1.1.5-2build2).
2026-10-06T01:45:32.5913459Z libxdamage1 set to manually installed.
2026-10-06T01:45:32.5913664Z libxext6 is already the newest version (2:1.3.4-1build1).
2026-10-06T01:45:32.5913860Z libxext6 set to manually installed.
2026-10-06T01:45:32.5914217Z libxfixes3 is already the newest version (1:6.0.0-1).
2026-10-06T01:45:32.5914422Z libxfixes3 set to manually installed.
2026-10-06T01:45:32.5914621Z libxkbcommon0 is already the newest version (1.4.0-1).
2026-10-06T01:45:32.5914818Z libxkbcommon0 set to manually installed.
2026-10-06T01:45:32.5915036Z libxrandr2 is already the newest version (2:1.5.2-1build1).
2026-10-06T01:45:32.5915239Z libxrandr2 set to manually installed.
2026-10-06T01:45:32.5915494Z fonts-noto-color-emoji is already the newest version (2.047-0ubuntu0.22.04.1).
2026-10-06T01:45:32.5915788Z libasound2 is already the newest version (1.2.6.1-1ubuntu1.2).
2026-10-06T01:45:32.5915995Z libasound2 set to manually installed.
2026-10-06T01:45:32.5916204Z libcairo2 is already the newest version (1.16.0-5ubuntu2.1).
2026-10-06T01:45:32.5916410Z libcairo2 set to manually installed.
2026-10-06T01:45:32.5916625Z libcups2 is already the newest version (2.4.1op1-1ubuntu4.21).
2026-10-06T01:45:32.5916830Z libcups2 set to manually installed.
2026-10-06T01:45:32.5917049Z libdbus-1-3 is already the newest version (1.12.20-2ubuntu4.1).
2026-10-06T01:45:32.5917256Z libdbus-1-3 set to manually installed.
2026-10-06T01:45:32.5917473Z libdrm2 is already the newest version (2.4.113-2~ubuntu0.22.04.1).
2026-10-06T01:45:32.5917687Z libdrm2 set to manually installed.
2026-10-06T01:45:32.5917909Z libfreetype6 is already the newest version (2.11.1+dfsg-1ubuntu0.3).
2026-10-06T01:45:32.5918130Z libfreetype6 set to manually installed.
2026-10-06T01:45:32.5918362Z libgbm1 is already the newest version (23.2.1-1ubuntu3.1~22.04.4).
2026-10-06T01:45:32.5918578Z libgbm1 set to manually installed.
2026-10-06T01:45:32.5918786Z libglib2.0-0 is already the newest version (2.72.4-0ubuntu2.10).
2026-10-06T01:45:32.5918997Z libglib2.0-0 set to manually installed.
2026-10-06T01:45:32.5919222Z libnspr4 is already the newest version (2:4.35-0ubuntu0.22.04.1).
2026-10-06T01:45:32.5919476Z libnss3 is already the newest version (2:3.98-0ubuntu0.22.04.4).
2026-10-06T01:45:32.5919728Z libpango-1.0-0 is already the newest version (1.50.6+ds-2ubuntu1).
2026-10-06T01:45:32.5919949Z libpango-1.0-0 set to manually installed.
2026-10-06T01:45:32.5920184Z libwayland-client0 is already the newest version (1.20.0-1ubuntu0.1).
2026-10-06T01:45:32.5920419Z libwayland-client0 set to manually installed.
2026-10-06T01:45:32.5920647Z libx11-6 is already the newest version (2:1.7.5-1ubuntu0.3).
2026-10-06T01:45:32.5920846Z libx11-6 set to manually installed.
2026-10-06T01:45:32.5921066Z xvfb is already the newest version (2:21.1.4-2ubuntu1.7~22.04.16).
2026-10-06T01:45:32.5921391Z The following additional packages will be installed:
2026-10-06T01:45:32.5921585Z   xfonts-encodings xfonts-utils
2026-10-06T01:45:32.5921741Z Recommended packages:
2026-10-06T01:45:32.5921898Z   fonts-ipafont-mincho fonts-tlwg-loma
2026-10-06T01:45:32.6030621Z The following NEW packages will be installed:
2026-10-06T01:45:32.6031041Z   fonts-freefont-ttf fonts-ipafont-gothic fonts-tlwg-loma-otf fonts-unifont
2026-10-06T01:45:32.6033135Z   fonts-wqy-zenhei xfonts-cyrillic xfonts-encodings xfonts-scalable
2026-10-06T01:45:32.6033417Z   xfonts-utils
2026-10-06T01:45:32.6119057Z 0 upgraded, 9 newly installed, 0 to remove and 20 not upgraded.
2026-10-06T01:45:32.6119337Z Need to get 18.4 MB of archives.
2026-10-06T01:45:32.6119566Z After this operation, 56.8 MB of additional disk space will be used.
2026-10-06T01:45:32.6119828Z Get:1 file:/etc/apt/apt-mirrors.txt Mirrorlist [144 B]
2026-10-06T01:45:32.6513276Z Get:2 http://azure.archive.ubuntu.com/ubuntu jammy/universe amd64 fonts-ipafont-gothic all 00303-21ubuntu1 [3513 kB]
2026-10-06T01:45:32.7094506Z Get:3 http://azure.archive.ubuntu.com/ubuntu jammy/main amd64 fonts-freefont-ttf all 20120503-10build1 [2388 kB]
2026-10-06T01:45:32.7503607Z Get:4 http://azure.archive.ubuntu.com/ubuntu jammy/universe amd64 fonts-tlwg-loma-otf all 1:0.7.3-1 [107 kB]
2026-10-06T01:45:32.7783813Z Get:5 http://azure.archive.ubuntu.com/ubuntu jammy/universe amd64 fonts-unifont all 1:14.0.01-1 [3551 kB]
2026-10-06T01:45:32.8373623Z Get:6 http://azure.archive.ubuntu.com/ubuntu jammy/universe amd64 fonts-wqy-zenhei all 0.9.45-8 [7472 kB]
2026-10-06T01:45:32.9289751Z Get:7 http://azure.archive.ubuntu.com/ubuntu jammy/main amd64 xfonts-encodings all 1:1.0.5-0ubuntu2 [578 kB]
2026-10-06T01:45:32.9605388Z Get:8 http://azure.archive.ubuntu.com/ubuntu jammy/main amd64 xfonts-utils amd64 1:7.7+6build2 [94.6 kB]
2026-10-06T01:45:33.0162534Z Get:9 http://azure.archive.ubuntu.com/ubuntu jammy/universe amd64 xfonts-cyrillic all 1:1.0.5 [386 kB]
2026-10-06T01:45:33.1901701Z Get:10 http://azure.archive.ubuntu.com/ubuntu jammy/main amd64 xfonts-scalable all 1:1.0.3-1.2ubuntu1 [306 kB]
2026-10-06T01:45:33.3808076Z Fetched 18.4 MB in 1s (31.5 MB/s)
2026-10-06T01:45:33.3942826Z Selecting previously unselected package fonts-ipafont-gothic.
2026-10-06T01:45:33.4130968Z (Reading database ... 
2026-10-06T01:45:33.4131258Z (Reading database ... 5%
2026-10-06T01:45:33.4131503Z (Reading database ... 10%
2026-10-06T01:45:33.4131758Z (Reading database ... 15%
2026-10-06T01:45:33.4131971Z (Reading database ... 20%
2026-10-06T01:45:33.4132173Z (Reading database ... 25%
2026-10-06T01:45:33.4132371Z (Reading database ... 30%
2026-10-06T01:45:33.4132570Z (Reading database ... 35%
2026-10-06T01:45:33.4132772Z (Reading database ... 40%
2026-10-06T01:45:33.4132971Z (Reading database ... 45%
2026-10-06T01:45:33.4133170Z (Reading database ... 50%
2026-10-06T01:45:33.4874518Z (Reading database ... 55%
2026-10-06T01:45:33.6509863Z (Reading database ... 60%
2026-10-06T01:45:33.7977974Z (Reading database ... 65%
2026-10-06T01:45:34.0120167Z (Reading database ... 70%
2026-10-06T01:45:34.0984208Z (Reading database ... 75%
2026-10-06T01:45:34.2021919Z (Reading database ... 80%
2026-10-06T01:45:34.2940280Z (Reading database ... 85%
2026-10-06T01:45:34.5058178Z (Reading database ... 90%
2026-10-06T01:45:34.8078895Z (Reading database ... 95%
2026-10-06T01:45:34.8079112Z (Reading database ... 100%
2026-10-06T01:45:34.8079361Z (Reading database ... 260411 files and directories currently installed.)
2026-10-06T01:45:34.8123538Z Preparing to unpack .../0-fonts-ipafont-gothic_00303-21ubuntu1_all.deb ...
2026-10-06T01:45:34.8170933Z Unpacking fonts-ipafont-gothic (00303-21ubuntu1) ...
2026-10-06T01:45:35.0157613Z Selecting previously unselected package fonts-freefont-ttf.
2026-10-06T01:45:35.0249967Z Preparing to unpack .../1-fonts-freefont-ttf_20120503-10build1_all.deb ...
2026-10-06T01:45:35.0254161Z Unpacking fonts-freefont-ttf (20120503-10build1) ...
2026-10-06T01:45:35.1504432Z Selecting previously unselected package fonts-tlwg-loma-otf.
2026-10-06T01:45:35.1598076Z Preparing to unpack .../2-fonts-tlwg-loma-otf_1%3a0.7.3-1_all.deb ...
2026-10-06T01:45:35.1602794Z Unpacking fonts-tlwg-loma-otf (1:0.7.3-1) ...
2026-10-06T01:45:35.1711299Z Selecting previously unselected package fonts-unifont.
2026-10-06T01:45:35.1803514Z Preparing to unpack .../3-fonts-unifont_1%3a14.0.01-1_all.deb ...
2026-10-06T01:45:35.1808069Z Unpacking fonts-unifont (1:14.0.01-1) ...
2026-10-06T01:45:35.2989225Z Selecting previously unselected package fonts-wqy-zenhei.
2026-10-06T01:45:35.3085067Z Preparing to unpack .../4-fonts-wqy-zenhei_0.9.45-8_all.deb ...
2026-10-06T01:45:35.3139889Z Unpacking fonts-wqy-zenhei (0.9.45-8) ...
2026-10-06T01:45:35.8724322Z Selecting previously unselected package xfonts-encodings.
2026-10-06T01:45:35.8815372Z Preparing to unpack .../5-xfonts-encodings_1%3a1.0.5-0ubuntu2_all.deb ...
2026-10-06T01:45:35.8819719Z Unpacking xfonts-encodings (1:1.0.5-0ubuntu2) ...
2026-10-06T01:45:35.8940343Z Selecting previously unselected package xfonts-utils.
2026-10-06T01:45:35.9028724Z Preparing to unpack .../6-xfonts-utils_1%3a7.7+6build2_amd64.deb ...
2026-10-06T01:45:35.9032598Z Unpacking xfonts-utils (1:7.7+6build2) ...
2026-10-06T01:45:35.9207127Z Selecting previously unselected package xfonts-cyrillic.
2026-10-06T01:45:35.9295104Z Preparing to unpack .../7-xfonts-cyrillic_1%3a1.0.5_all.deb ...
2026-10-06T01:45:35.9298791Z Unpacking xfonts-cyrillic (1:1.0.5) ...
2026-10-06T01:45:35.9580901Z Selecting previously unselected package xfonts-scalable.
2026-10-06T01:45:35.9668519Z Preparing to unpack .../8-xfonts-scalable_1%3a1.0.3-1.2ubuntu1_all.deb ...
2026-10-06T01:45:35.9677961Z Unpacking xfonts-scalable (1:1.0.3-1.2ubuntu1) ...
2026-10-06T01:45:35.9913985Z Setting up fonts-wqy-zenhei (0.9.45-8) ...
2026-10-06T01:45:35.9970686Z Setting up fonts-freefont-ttf (20120503-10build1) ...
2026-10-06T01:45:35.9987697Z Setting up fonts-tlwg-loma-otf (1:0.7.3-1) ...
2026-10-06T01:45:35.9998291Z Setting up xfonts-encodings (1:1.0.5-0ubuntu2) ...
2026-10-06T01:45:36.0008646Z Setting up fonts-ipafont-gothic (00303-21ubuntu1) ...
2026-10-06T01:45:36.0046630Z update-alternatives: using /usr/share/fonts/opentype/ipafont-gothic/ipag.ttf to provide /usr/share/fonts/truetype/fonts-japanese-gothic.ttf (fonts-japanese-gothic.ttf) in auto mode
2026-10-06T01:45:36.0058140Z Setting up fonts-unifont (1:14.0.01-1) ...
2026-10-06T01:45:36.0068176Z Setting up xfonts-utils (1:7.7+6build2) ...
2026-10-06T01:45:36.0093609Z Setting up xfonts-cyrillic (1:1.0.5) ...
2026-10-06T01:45:36.0240395Z Setting up xfonts-scalable (1:1.0.3-1.2ubuntu1) ...
2026-10-06T01:45:36.0357561Z Processing triggers for man-db (2.10.2-1) ...
2026-10-06T01:45:36.0369982Z Not building database; man-db/auto-update is not 'true'.
2026-10-06T01:45:36.0381519Z Processing triggers for fontconfig (2.13.1-4.2ubuntu5) ...
2026-10-06T01:45:36.3803666Z 
2026-10-06T01:45:36.3804239Z Running kernel seems to be up-to-date.
2026-10-06T01:45:36.3804466Z 
2026-10-06T01:45:36.3804630Z No services need to be restarted.
2026-10-06T01:45:36.3804786Z 
2026-10-06T01:45:36.3804923Z No containers need to be restarted.
2026-10-06T01:45:36.3805076Z 
2026-10-06T01:45:36.3805227Z No user sessions are running outdated binaries.
2026-10-06T01:45:36.3805410Z 
2026-10-06T01:45:36.3805649Z No VM guests are running outdated hypervisor (qemu) binaries on this host.
2026-10-06T01:45:37.2654197Z Downloading Chrome for Testing 153.0.8010.12 (playwright chromium v1243) from https://cdn.playwright.dev/builds/cft/153.0.8010.12/linux64/chrome-linux64.zip
2026-10-06T01:45:37.5501840Z |                                                                                |   0% of 186.8 MiB
2026-10-06T01:45:37.7611607Z |■■■■■■■■                                                                        |  10% of 186.8 MiB
2026-10-06T01:45:37.8414204Z |■■■■■■■■■■■■■■■■                                                                |  20% of 186.8 MiB
2026-10-06T01:45:37.9279551Z |■■■■■■■■■■■■■■■■■■■■■■■■                                                        |  30% of 186.8 MiB
2026-10-06T01:45:38.0037734Z |■■■■■■■■■■■■■■■■■■■■■■■■■■■■■■■■                                                |  40% of 186.8 MiB
2026-10-06T01:45:38.0894560Z |■■■■■■■■■■■■■■■■■■■■■■■■■■■■■■■■■■■■■■■■                                        |  50% of 186.8 MiB
2026-10-06T01:45:38.1675895Z |■■■■■■■■■■■■■■■■■■■■■■■■■■■■■■■■■■■■■■■■■■■■■■■■                                |  60% of 186.8 MiB
2026-10-06T01:45:38.2786440Z |■■■■■■■■■■■■■■■■■■■■■■■■■■■■■■■■■■■■■■■■■■■■■■■■■■■■■■■■                        |  70% of 186.8 MiB
2026-10-06T01:45:38.3658041Z |■■■■■■■■■■■■■■■■■■■■■■■■■■■■■■■■■■■■■■■■■■■■■■■■■■■■■■■■■■■■■■■■                |  80% of 186.8 MiB
2026-10-06T01:45:38.4539343Z |■■■■■■■■■■■■■■■■■■■■■■■■■■■■■■■■■■■■■■■■■■■■■■■■■■■■■■■■■■■■■■■■■■■■■■■■        |  90% of 186.8 MiB
2026-10-06T01:45:38.5455645Z |■■■■■■■■■■■■■■■■■■■■■■■■■■■■■■■■■■■■■■■■■■■■■■■■■■■■■■■■■■■■■■■■■■■■■■■■■■■■■■■■| 100% of 186.8 MiB
2026-10-06T01:45:40.3052042Z Chrome for Testing 153.0.8010.12 (playwright chromium v1243) downloaded to /home/runner/.cache/ms-playwright/chromium-1243
2026-10-06T01:45:40.3056088Z Downloading FFmpeg (playwright ffmpeg v1011) from https://cdn.playwright.dev/dbazure/download/playwright/builds/ffmpeg/1011/ffmpeg-linux.zip
2026-10-06T01:45:40.5705643Z |                                                                                |   0% of 2.3 MiB
2026-10-06T01:45:40.6027182Z |■■■■■■■■                                                                        |  10% of 2.3 MiB
2026-10-06T01:45:40.6160975Z |■■■■■■■■■■■■■■■■                                                                |  20% of 2.3 MiB
2026-10-06T01:45:40.6266623Z |■■■■■■■■■■■■■■■■■■■■■■■■                                                        |  30% of 2.3 MiB
2026-10-06T01:45:40.6299924Z |■■■■■■■■■■■■■■■■■■■■■■■■■■■■■■■■                                                |  40% of 2.3 MiB
2026-10-06T01:45:40.6322294Z |■■■■■■■■■■■■■■■■■■■■■■■■■■■■■■■■■■■■■■■■                                        |  50% of 2.3 MiB
2026-10-06T01:45:40.6404467Z |■■■■■■■■■■■■■■■■■■■■■■■■■■■■■■■■■■■■■■■■■■■■■■■■                                |  60% of 2.3 MiB
2026-10-06T01:45:40.6422268Z |■■■■■■■■■■■■■■■■■■■■■■■■■■■■■■■■■■■■■■■■■■■■■■■■■■■■■■■■                        |  70% of 2.3 MiB
2026-10-06T01:45:40.6441554Z |■■■■■■■■■■■■■■■■■■■■■■■■■■■■■■■■■■■■■■■■■■■■■■■■■■■■■■■■■■■■■■■■                |  80% of 2.3 MiB
2026-10-06T01:45:40.6454878Z |■■■■■■■■■■■■■■■■■■■■■■■■■■■■■■■■■■■■■■■■■■■■■■■■■■■■■■■■■■■■■■■■■■■■■■■■        |  90% of 2.3 MiB
2026-10-06T01:45:40.6469703Z |■■■■■■■■■■■■■■■■■■■■■■■■■■■■■■■■■■■■■■■■■■■■■■■■■■■■■■■■■■■■■■■■■■■■■■■■■■■■■■■■| 100% of 2.3 MiB
2026-10-06T01:45:40.6760969Z FFmpeg (playwright ffmpeg v1011) downloaded to /home/runner/.cache/ms-playwright/ffmpeg-1011
2026-10-06T01:45:40.6762923Z Downloading Chrome Headless Shell 153.0.8010.12 (playwright chromium-headless-shell v1243) from https://cdn.playwright.dev/builds/cft/153.0.8010.12/linux64/chrome-headless-shell-linux64.zip
2026-10-06T01:45:40.9679626Z |                                                                                |   0% of 114.3 MiB
2026-10-06T01:45:41.1581974Z |■■■■■■■■                                                                        |  10% of 114.3 MiB
2026-10-06T01:45:41.2180536Z |■■■■■■■■■■■■■■■■                                                                |  20% of 114.3 MiB
2026-10-06T01:45:41.2771462Z |■■■■■■■■■■■■■■■■■■■■■■■■                                                        |  30% of 114.3 MiB
2026-10-06T01:45:41.3375769Z |■■■■■■■■■■■■■■■■■■■■■■■■■■■■■■■■                                                |  40% of 114.3 MiB
2026-10-06T01:45:41.3957477Z |■■■■■■■■■■■■■■■■■■■■■■■■■■■■■■■■■■■■■■■■                                        |  50% of 114.3 MiB
2026-10-06T01:45:41.4506870Z |■■■■■■■■■■■■■■■■■■■■■■■■■■■■■■■■■■■■■■■■■■■■■■■■                                |  60% of 114.3 MiB
2026-10-06T01:45:41.5141726Z |■■■■■■■■■■■■■■■■■■■■■■■■■■■■■■■■■■■■■■■■■■■■■■■■■■■■■■■■                        |  70% of 114.3 MiB
2026-10-06T01:45:41.5697015Z |■■■■■■■■■■■■■■■■■■■■■■■■■■■■■■■■■■■■■■■■■■■■■■■■■■■■■■■■■■■■■■■■                |  80% of 114.3 MiB
2026-10-06T01:45:41.6243680Z |■■■■■■■■■■■■■■■■■■■■■■■■■■■■■■■■■■■■■■■■■■■■■■■■■■■■■■■■■■■■■■■■■■■■■■■■        |  90% of 114.3 MiB
2026-10-06T01:45:41.6858958Z |■■■■■■■■■■■■■■■■■■■■■■■■■■■■■■■■■■■■■■■■■■■■■■■■■■■■■■■■■■■■■■■■■■■■■■■■■■■■■■■■| 100% of 114.3 MiB
2026-10-06T01:45:42.9612791Z Chrome Headless Shell 153.0.8010.12 (playwright chromium-headless-shell v1243) downloaded to /home/runner/.cache/ms-playwright/chromium_headless_shell-1243
2026-10-06T01:45:42.9756835Z ##[group]Run pnpm test:media-admin-editor:browser --reporter=default --reporter=json --outputFile=media-source-results.json
2026-10-06T01:45:42.9757313Z [36;1mpnpm test:media-admin-editor:browser --reporter=default --reporter=json --outputFile=media-source-results.json[0m
2026-10-06T01:45:42.9786214Z shell: /usr/bin/bash -e {0}
2026-10-06T01:45:42.9786366Z env:
2026-10-06T01:45:42.9786511Z   PNPM_HOME: /home/runner/setup-pnpm/node_modules/.bin
2026-10-06T01:45:42.9786704Z   MEDIA_SOURCE_GROUP: image
2026-10-06T01:45:42.9786836Z   DEBUG: pw:browser
2026-10-06T01:45:42.9786953Z ##[endgroup]
2026-10-06T01:45:42.9945576Z $ node scripts/check-media-admin-editor-source.mjs && vitest run --config vitest.media-admin-editor-browser.config.ts --reporter=default --reporter=json --outputFile=media-source-results.json
2026-10-06T01:45:43.1499685Z {"immutableFiles":44,"wholeTestFiles":42,"runtimeWholeTestFiles":3,"declarations":497,"expectationExpressions":2015,"pinnedApiBodies":2,"productTestsRun":0}
2026-10-06T01:45:43.6142312Z 
2026-10-06T01:45:43.6145155Z [1m[30m[46m RUN [49m[39m[22m [36mv4.1.10 [39m[90m/home/runner/work/cms/cms[39m
2026-10-06T01:45:43.6145429Z 
2026-10-06T01:45:43.7648764Z [31m(!) Failed to run dependency scan. Skipping dependency pre-bundling. Error: The following dependencies are imported but could not be resolved:
2026-10-06T01:45:43.7649097Z 
2026-10-06T01:45:43.7649521Z   [36m@tiptap/starter-kit[31m [37m[2m(imported by /home/runner/work/cms/cms/parity/emdash/media-admin-editor/source/packages/admin/tests/editor/image-alignment.test.tsx)[22m[31m
2026-10-06T01:45:43.7650570Z   [36m@tiptap/pm/state[31m [37m[2m(imported by /home/runner/work/cms/cms/parity/emdash/media-admin-editor/source/packages/admin/tests/editor/image-selection.test.tsx)[22m[31m
2026-10-06T01:45:43.7651281Z   [36m@tiptap/react[31m [37m[2m(imported by /home/runner/work/cms/cms/parity/emdash/media-admin-editor/source/packages/admin/tests/editor/image-alignment.test.tsx)[22m[31m
2026-10-06T01:45:43.7651602Z 
2026-10-06T01:45:43.7651689Z Are they installed?
2026-10-06T01:45:43.7652080Z     at file:///home/runner/work/cms/cms/node_modules/.pnpm/vite@8.3.2_@types+node@24.19.0_esbuild@0.28.1_jiti@2.7.0/node_modules/vite/dist/node/chunks/node.js:28293:33
2026-10-06T01:45:43.7652720Z     at file:///home/runner/work/cms/cms/node_modules/.pnpm/vite@8.3.2_@types+node@24.19.0_esbuild@0.28.1_jiti@2.7.0/node_modules/vite/dist/node/chunks/node.js:35613:15[39m
2026-10-06T01:45:44.2423395Z 2026-10-06T01:45:44.240Z pw:browser <launching> /home/runner/.cache/ms-playwright/chromium_headless_shell-1243/chrome-headless-shell-linux64/chrome-headless-shell --disable-field-trial-config --disable-background-networking --disable-background-timer-throttling --disable-backgrounding-occluded-windows --disable-back-forward-cache --disable-breakpad --disable-client-side-phishing-detection --disable-component-extensions-with-background-pages --disable-component-update --no-default-browser-check --disable-default-apps --disable-dev-shm-usage --disable-edgeupdater --disable-extensions --disable-features=AvoidUnnecessaryBeforeUnloadCheckSync,DestroyProfileOnBrowserClose,DialMediaRouteProvider,GlobalMediaControls,HttpsUpgrades,LensOverlay,MediaRouter,PaintHolding,ThirdPartyStoragePartitioning,BlockOriginHeaderModificationOnRedirect,Translate,AutoDeElevate,OptimizationHints,msForceBrowserSignIn,msEdgeUpdateLaunchServicesPreferredVersion --enable-features=CDPScreenshotNewSurface --allow-pre-commit-input --disable-hang-monitor --disable-ipc-flooding-protection --disable-popup-blocking --disable-prompt-on-repost --disable-renderer-backgrounding --disable-updater-scheduler --force-color-profile=srgb --metrics-recording-only --no-first-run --password-store=basic --use-mock-keychain --no-service-autorun --export-tagged-pdf --disable-search-engine-choice-screen --unsafely-disable-devtools-self-xss-warnings --edge-skip-compat-layer-relaunch --disable-infobars --disable-search-engine-choice-screen --disable-sync --enable-unsafe-swiftshader --headless --hide-scrollbars --mute-audio --blink-settings=primaryHoverType=2,availableHoverTypes=2,primaryPointerType=4,availablePointerTypes=4 --user-data-dir=/tmp/playwright_chromiumdev_profile-ajj6DQ --remote-debugging-pipe --no-startup-window
2026-10-06T01:45:44.2495336Z 2026-10-06T01:45:44.247Z pw:browser <launched> pid=2811
2026-10-06T01:45:44.4019946Z 2026-10-06T01:45:44.401Z pw:browser [pid=2811][err] [1006/014544.399742:ERROR:dbus/bus.cc:405] Failed to connect to the bus: Could not parse server address: Unknown address type (examples of valid types are "tcp" and on UNIX "unix")
2026-10-06T01:45:44.4079984Z 2026-10-06T01:45:44.407Z pw:browser [pid=2811][err] Unable to revert mtime: /usr/share/fonts
2026-10-06T01:45:44.4105242Z 2026-10-06T01:45:44.407Z pw:browser [pid=2811][err] Unable to revert mtime: /usr/share/fonts/truetype
2026-10-06T01:45:44.4157901Z 2026-10-06T01:45:44.415Z pw:browser [pid=2811][err] Unable to revert mtime: /usr/share/fonts/truetype/dejavu
2026-10-06T01:45:44.4427956Z 2026-10-06T01:45:44.442Z pw:browser [pid=2811][err] [1006/014544.442122:WARNING:media/gpu/vaapi/vaapi_wrapper.cc:1660] drmGetDevices2() has not found any devices
2026-10-06T01:45:44.4455629Z 2026-10-06T01:45:44.443Z pw:browser [pid=2811][err] [1006/014544.443794:WARNING:sandbox/policy/linux/sandbox_linux.cc:405] InitializeSandbox() called with multiple threads in process gpu-process.
2026-10-06T01:45:44.9898690Z 2026-10-06T01:45:44.989Z pw:browser [pid=2811][err] Unable to revert mtime: /usr/share/fonts/truetype/lato
2026-10-06T01:45:45.5095732Z 2026-10-06T01:45:45.509Z pw:browser [pid=2811][err] Unable to revert mtime: /usr/share/fonts/truetype/liberation
2026-10-06T01:45:45.5988037Z 2026-10-06T01:45:45.598Z pw:browser [pid=2811][err] Unable to revert mtime: /usr/share/fonts/truetype/noto
2026-10-06T01:45:45.7669869Z 2026-10-06T01:45:45.766Z pw:browser [pid=2811][err] [1006/014545.766401:ERROR:dbus/object_proxy.cc:572] Failed to call method: org.freedesktop.DBus.NameHasOwner: object_path= /org/freedesktop/DBus: unknown error type: 
2026-10-06T01:45:45.7671600Z 2026-10-06T01:45:45.766Z pw:browser [pid=2811][err] [1006/014545.766949:ERROR:dbus/bus.cc:405] Failed to connect to the bus: Could not parse server address: Unknown address type (examples of valid types are "tcp" and on UNIX "unix")
2026-10-06T01:45:45.7699978Z 2026-10-06T01:45:45.769Z pw:browser [pid=2811][err] [1006/014545.769215:ERROR:dbus/object_proxy.cc:572] Failed to call method: org.freedesktop.DBus.NameHasOwner: object_path= /org/freedesktop/DBus: unknown error type: 
2026-10-06T01:45:45.9837950Z 2026-10-06T01:45:45.983Z pw:browser [pid=2811][err] [1006/014545.983500:INFO:CONSOLE:934] "[vite] connecting...", source: http://localhost:63315/@vite/client (934)
2026-10-06T01:45:45.9901087Z 2026-10-06T01:45:45.989Z pw:browser [pid=2811][err] [1006/014545.988348:INFO:CONSOLE:1045] "[vite] connected.", source: http://localhost:63315/@vite/client (1045)
2026-10-06T01:45:46.0143582Z 2026-10-06T01:45:46.014Z pw:browser [pid=2811][err] [1006/014546.013360:INFO:CONSOLE:934] "[vite] connecting...", source: http://localhost:63315/@vite/client (934)
2026-10-06T01:45:46.0171696Z 2026-10-06T01:45:46.016Z pw:browser [pid=2811][err] [1006/014546.016001:INFO:CONSOLE:1045] "[vite] connected.", source: http://localhost:63315/@vite/client (1045)
2026-10-06T01:45:46.2628796Z [2m1:45:46 AM[22m [31m[1m[vite][22m[39m [31mInternal server error: Failed to resolve import "../../src/components/editor/ImageDetailPanel.js" from "parity/emdash/media-admin-editor/source/packages/admin/tests/components/ImageDetailPanel.test.tsx". Does the file exist?[39m
2026-10-06T01:45:46.2629517Z   Plugin: [35mvite:import-analysis[39m
2026-10-06T01:45:46.2630109Z   File: [36m/home/runner/work/cms/cms/parity/emdash/media-admin-editor/source/packages/admin/tests/components/ImageDetailPanel.test.tsx[39m:5:0
2026-10-06T01:45:46.2631070Z [33m  77 |  const __vi_import_0__ = await globalThis["__vitest_browser_runner__"].wrapDynamicImport(() => import("react"));
2026-10-06T01:45:46.2631948Z   78 |  const __vi_import_1__ = await globalThis["__vitest_browser_runner__"].wrapDynamicImport(() => import("vitest/browser"));
2026-10-06T01:45:46.2632472Z   79 |  ..."__vitest_browser_runner__"].wrapDynamicImport(() => import("../../src/components/editor/ImageDetailPanel.js"));
2026-10-06T01:45:46.2632784Z      |                                                                 ^
2026-10-06T01:45:46.2633109Z   80 |  const __vi_import_3__ = await globalThis["__vitest_browser_runner__"].wrapDynamicImport(() => import("../../src/lib/a...
2026-10-06T01:45:46.2633620Z   81 |  const __vi_import_4__ = await globalThis["__vitest_browser_runner__"].wrapDynamicImport(() => import("../utils/render...[39m
2026-10-06T01:45:46.2634445Z       at TransformPluginContext._formatLog (file:///home/runner/work/cms/cms/node_modules/.pnpm/vite@8.3.2_@types+node@24.19.0_esbuild@0.28.1_jiti@2.7.0/node_modules/vite/dist/node/chunks/node.js:8766:39)
2026-10-06T01:45:46.2635625Z       at TransformPluginContext.error (file:///home/runner/work/cms/cms/node_modules/.pnpm/vite@8.3.2_@types+node@24.19.0_esbuild@0.28.1_jiti@2.7.0/node_modules/vite/dist/node/chunks/node.js:8763:14)
2026-10-06T01:45:46.2636700Z       at normalizeUrl (file:///home/runner/work/cms/cms/node_modules/.pnpm/vite@8.3.2_@types+node@24.19.0_esbuild@0.28.1_jiti@2.7.0/node_modules/vite/dist/node/chunks/node.js:26423:18)
2026-10-06T01:45:46.2637731Z       at file:///home/runner/work/cms/cms/node_modules/.pnpm/vite@8.3.2_@types+node@24.19.0_esbuild@0.28.1_jiti@2.7.0/node_modules/vite/dist/node/chunks/node.js:26493:30
2026-10-06T01:45:46.2638476Z       at async Promise.all (index 2)
2026-10-06T01:45:46.2639242Z       at TransformPluginContext.transform (file:///home/runner/work/cms/cms/node_modules/.pnpm/vite@8.3.2_@types+node@24.19.0_esbuild@0.28.1_jiti@2.7.0/node_modules/vite/dist/node/chunks/node.js:26459:4)
2026-10-06T01:45:46.2640678Z       at EnvironmentPluginContainer.transform (file:///home/runner/work/cms/cms/node_modules/.pnpm/vite@8.3.2_@types+node@24.19.0_esbuild@0.28.1_jiti@2.7.0/node_modules/vite/dist/node/chunks/node.js:8545:14)
2026-10-06T01:45:46.2641981Z       at loadAndTransform (file:///home/runner/work/cms/cms/node_modules/.pnpm/vite@8.3.2_@types+node@24.19.0_esbuild@0.28.1_jiti@2.7.0/node_modules/vite/dist/node/chunks/node.js:19988:26)
2026-10-06T01:45:46.2846604Z  [31m❯[39m [30m[43m chromium [49m[39m parity/emdash/media-admin-editor/source/packages/admin/tests/components/ImageDetailPanel.test.tsx [2m([22m[2m0 test[22m[2m)[22m
2026-10-06T01:45:46.3038186Z 2026-10-06T01:45:46.302Z pw:browser [pid=2811][err] [1006/014546.302898:INFO:CONSOLE:934] "[vite] connecting...", source: http://localhost:63315/@vite/client (934)
2026-10-06T01:45:46.3074617Z 2026-10-06T01:45:46.307Z pw:browser [pid=2811][err] [1006/014546.307146:INFO:CONSOLE:1045] "[vite] connected.", source: http://localhost:63315/@vite/client (1045)
2026-10-06T01:45:46.3560831Z [2m1:45:46 AM[22m [31m[1m[vite][22m[39m [31mInternal server error: Failed to resolve import "@tiptap/pm/state" from "parity/emdash/media-admin-editor/source/packages/admin/tests/editor/image-toolbar.test.tsx". Does the file exist?[39m
2026-10-06T01:45:46.3561846Z   Plugin: [35mvite:import-analysis[39m
2026-10-06T01:45:46.3562512Z   File: [36m/home/runner/work/cms/cms/parity/emdash/media-admin-editor/source/packages/admin/tests/editor/image-toolbar.test.tsx[39m:1:0
2026-10-06T01:45:46.3563080Z [33m  34 |  	role: 40
2026-10-06T01:45:46.3563285Z   35 |  } }) }));
2026-10-06T01:45:46.3563683Z   36 |  ..."__vitest_browser_runner__"].wrapDynamicImport(() => import("@tiptap/pm/state"));
2026-10-06T01:45:46.3564323Z      |                                                                 ^
2026-10-06T01:45:46.3564877Z   37 |  const __vi_import_1__ = await globalThis["__vitest_browser_runner__"].wrapDynamicImport(() => import("react"));
2026-10-06T01:45:46.3565739Z   38 |  const __vi_import_2__ = await globalThis["__vitest_browser_runner__"].wrapDynamicImport(() => import("vitest/browser"));[39m
2026-10-06T01:45:46.3567073Z       at TransformPluginContext._formatLog (file:///home/runner/work/cms/cms/node_modules/.pnpm/vite@8.3.2_@types+node@24.19.0_esbuild@0.28.1_jiti@2.7.0/node_modules/vite/dist/node/chunks/node.js:8766:39)
2026-10-06T01:45:46.3568304Z       at TransformPluginContext.error (file:///home/runner/work/cms/cms/node_modules/.pnpm/vite@8.3.2_@types+node@24.19.0_esbuild@0.28.1_jiti@2.7.0/node_modules/vite/dist/node/chunks/node.js:8763:14)
2026-10-06T01:45:46.3569367Z       at normalizeUrl (file:///home/runner/work/cms/cms/node_modules/.pnpm/vite@8.3.2_@types+node@24.19.0_esbuild@0.28.1_jiti@2.7.0/node_modules/vite/dist/node/chunks/node.js:26423:18)
2026-10-06T01:45:46.3570420Z       at file:///home/runner/work/cms/cms/node_modules/.pnpm/vite@8.3.2_@types+node@24.19.0_esbuild@0.28.1_jiti@2.7.0/node_modules/vite/dist/node/chunks/node.js:26493:30
2026-10-06T01:45:46.3571025Z       at async Promise.all (index 0)
2026-10-06T01:45:46.3571852Z       at TransformPluginContext.transform (file:///home/runner/work/cms/cms/node_modules/.pnpm/vite@8.3.2_@types+node@24.19.0_esbuild@0.28.1_jiti@2.7.0/node_modules/vite/dist/node/chunks/node.js:26459:4)
2026-10-06T01:45:46.3573034Z       at EnvironmentPluginContainer.transform (file:///home/runner/work/cms/cms/node_modules/.pnpm/vite@8.3.2_@types+node@24.19.0_esbuild@0.28.1_jiti@2.7.0/node_modules/vite/dist/node/chunks/node.js:8545:14)
2026-10-06T01:45:46.3574223Z       at loadAndTransform (file:///home/runner/work/cms/cms/node_modules/.pnpm/vite@8.3.2_@types+node@24.19.0_esbuild@0.28.1_jiti@2.7.0/node_modules/vite/dist/node/chunks/node.js:19988:26)
2026-10-06T01:45:46.3634209Z  [31m❯[39m [30m[43m chromium [49m[39m parity/emdash/media-admin-editor/source/packages/admin/tests/editor/image-toolbar.test.tsx [2m([22m[2m0 test[22m[2m)[22m
2026-10-06T01:45:46.4705429Z 2026-10-06T01:45:46.470Z pw:browser [pid=2811][err] [1006/014546.469991:INFO:CONSOLE:934] "[vite] connecting...", source: http://localhost:63315/@vite/client (934)
2026-10-06T01:45:46.4811438Z 2026-10-06T01:45:46.479Z pw:browser [pid=2811][err] [1006/014546.478612:INFO:CONSOLE:1045] "[vite] connected.", source: http://localhost:63315/@vite/client (1045)
2026-10-06T01:45:46.7496513Z [2m1:45:46 AM[22m [31m[1m[vite][22m[39m [31mInternal server error: Failed to resolve import "@tiptap/pm/state" from "parity/emdash/media-admin-editor/source/packages/admin/tests/editor/image-upload.test.tsx". Does the file exist?[39m
2026-10-06T01:45:46.7504343Z   Plugin: [35mvite:import-analysis[39m
2026-10-06T01:45:46.7505116Z   File: [36m/home/runner/work/cms/cms/parity/emdash/media-admin-editor/source/packages/admin/tests/editor/image-upload.test.tsx[39m:2:34
2026-10-06T01:45:46.7505739Z [33m  1  |  import { Plugin, PluginKey } from "@tiptap/pm/state";
2026-10-06T01:45:46.7505952Z      |                                     ^
2026-10-06T01:45:46.7506166Z   2  |  import { useEditor, EditorContent } from "@tiptap/react";
2026-10-06T01:45:46.7506422Z   3  |  import StarterKit from "@tiptap/starter-kit";[39m
2026-10-06T01:45:46.7506933Z       at TransformPluginContext._formatLog (file:///home/runner/work/cms/cms/node_modules/.pnpm/vite@8.3.2_@types+node@24.19.0_esbuild@0.28.1_jiti@2.7.0/node_modules/vite/dist/node/chunks/node.js:8766:39)
2026-10-06T01:45:46.7508756Z       at TransformPluginContext.error (file:///home/runner/work/cms/cms/node_modules/.pnpm/vite@8.3.2_@types+node@24.19.0_esbuild@0.28.1_jiti@2.7.0/node_modules/vite/dist/node/chunks/node.js:8763:14)
2026-10-06T01:45:46.7509405Z       at normalizeUrl (file:///home/runner/work/cms/cms/node_modules/.pnpm/vite@8.3.2_@types+node@24.19.0_esbuild@0.28.1_jiti@2.7.0/node_modules/vite/dist/node/chunks/node.js:26423:18)
2026-10-06T01:45:46.7509981Z       at file:///home/runner/work/cms/cms/node_modules/.pnpm/vite@8.3.2_@types+node@24.19.0_esbuild@0.28.1_jiti@2.7.0/node_modules/vite/dist/node/chunks/node.js:26493:30
2026-10-06T01:45:46.7510324Z       at async Promise.all (index 0)
2026-10-06T01:45:46.7510967Z       at TransformPluginContext.transform (file:///home/runner/work/cms/cms/node_modules/.pnpm/vite@8.3.2_@types+node@24.19.0_esbuild@0.28.1_jiti@2.7.0/node_modules/vite/dist/node/chunks/node.js:26459:4)
2026-10-06T01:45:46.7511844Z       at EnvironmentPluginContainer.transform (file:///home/runner/work/cms/cms/node_modules/.pnpm/vite@8.3.2_@types+node@24.19.0_esbuild@0.28.1_jiti@2.7.0/node_modules/vite/dist/node/chunks/node.js:8545:14)
2026-10-06T01:45:46.7512970Z       at loadAndTransform (file:///home/runner/work/cms/cms/node_modules/.pnpm/vite@8.3.2_@types+node@24.19.0_esbuild@0.28.1_jiti@2.7.0/node_modules/vite/dist/node/chunks/node.js:19988:26)
2026-10-06T01:45:46.7598345Z  [31m❯[39m [30m[43m chromium [49m[39m parity/emdash/media-admin-editor/source/packages/admin/tests/editor/image-upload.test.tsx [2m([22m[2m0 test[22m[2m)[22m
2026-10-06T01:45:46.7911242Z 2026-10-06T01:45:46.790Z pw:browser [pid=2811][err] [1006/014546.790560:INFO:CONSOLE:934] "[vite] connecting...", source: http://localhost:63315/@vite/client (934)
2026-10-06T01:45:46.7979325Z 2026-10-06T01:45:46.797Z pw:browser [pid=2811][err] [1006/014546.795028:INFO:CONSOLE:1045] "[vite] connected.", source: http://localhost:63315/@vite/client (1045)
2026-10-06T01:45:46.8350610Z [2m1:45:46 AM[22m [31m[1m[vite][22m[39m [31mInternal server error: Failed to resolve import "../../src/components/ImageFieldRenderer.js" from "parity/emdash/media-admin-editor/source/packages/admin/tests/components/ImageDropTargets.test.tsx". Does the file exist?[39m
2026-10-06T01:45:46.8363343Z   Plugin: [35mvite:import-analysis[39m
2026-10-06T01:45:46.8364420Z   File: [36m/home/runner/work/cms/cms/parity/emdash/media-admin-editor/source/packages/admin/tests/components/ImageDropTargets.test.tsx[39m:6:0
2026-10-06T01:45:46.8367003Z [33m  21 |  const __vi_import_1__ = await globalThis["__vitest_browser_runner__"].wrapDynamicImport(() => import("vitest/browser"));
2026-10-06T01:45:46.8367876Z   22 |  const __vi_import_2__ = await globalThis["__vitest_browser_runner__"].wrapDynamicImport(() => import("../../dist/styl...
2026-10-06T01:45:46.8368678Z   23 |  ..."__vitest_browser_runner__"].wrapDynamicImport(() => import("../../src/components/ImageFieldRenderer.js"));
2026-10-06T01:45:46.8369213Z      |                                                                 ^
2026-10-06T01:45:46.8369835Z   24 |  const __vi_import_4__ = await globalThis["__vitest_browser_runner__"].wrapDynamicImport(() => import("../../src/compo...
2026-10-06T01:45:46.8370734Z   25 |  const __vi_import_5__ = await globalThis["__vitest_browser_runner__"].wrapDynamicImport(() => import("../../src/lib/a...[39m
2026-10-06T01:45:46.8371791Z       at TransformPluginContext._formatLog (file:///home/runner/work/cms/cms/node_modules/.pnpm/vite@8.3.2_@types+node@24.19.0_esbuild@0.28.1_jiti@2.7.0/node_modules/vite/dist/node/chunks/node.js:8766:39)
2026-10-06T01:45:46.8373009Z       at TransformPluginContext.error (file:///home/runner/work/cms/cms/node_modules/.pnpm/vite@8.3.2_@types+node@24.19.0_esbuild@0.28.1_jiti@2.7.0/node_modules/vite/dist/node/chunks/node.js:8763:14)
2026-10-06T01:45:46.8374350Z       at normalizeUrl (file:///home/runner/work/cms/cms/node_modules/.pnpm/vite@8.3.2_@types+node@24.19.0_esbuild@0.28.1_jiti@2.7.0/node_modules/vite/dist/node/chunks/node.js:26423:18)
2026-10-06T01:45:46.8375491Z       at file:///home/runner/work/cms/cms/node_modules/.pnpm/vite@8.3.2_@types+node@24.19.0_esbuild@0.28.1_jiti@2.7.0/node_modules/vite/dist/node/chunks/node.js:26493:30
2026-10-06T01:45:46.8376168Z       at async Promise.all (index 3)
2026-10-06T01:45:46.8377114Z       at TransformPluginContext.transform (file:///home/runner/work/cms/cms/node_modules/.pnpm/vite@8.3.2_@types+node@24.19.0_esbuild@0.28.1_jiti@2.7.0/node_modules/vite/dist/node/chunks/node.js:26459:4)
2026-10-06T01:45:46.8378447Z       at EnvironmentPluginContainer.transform (file:///home/runner/work/cms/cms/node_modules/.pnpm/vite@8.3.2_@types+node@24.19.0_esbuild@0.28.1_jiti@2.7.0/node_modules/vite/dist/node/chunks/node.js:8545:14)
2026-10-06T01:45:46.8381581Z       at loadAndTransform (file:///home/runner/work/cms/cms/node_modules/.pnpm/vite@8.3.2_@types+node@24.19.0_esbuild@0.28.1_jiti@2.7.0/node_modules/vite/dist/node/chunks/node.js:19988:26)
2026-10-06T01:45:46.8541356Z  [31m❯[39m [30m[43m chromium [49m[39m parity/emdash/media-admin-editor/source/packages/admin/tests/components/ImageDropTargets.test.tsx [2m([22m[2m0 test[22m[2m)[22m
2026-10-06T01:45:46.8767328Z 2026-10-06T01:45:46.875Z pw:browser [pid=2811][err] [1006/014546.875028:INFO:CONSOLE:934] "[vite] connecting...", source: http://localhost:63315/@vite/client (934)
2026-10-06T01:45:46.8935722Z 2026-10-06T01:45:46.892Z pw:browser [pid=2811][err] [1006/014546.891023:INFO:CONSOLE:1045] "[vite] connected.", source: http://localhost:63315/@vite/client (1045)
2026-10-06T01:45:46.9425122Z [2m1:45:46 AM[22m [31m[1m[vite][22m[39m [31mInternal server error: Failed to resolve import "@tiptap/starter-kit" from "parity/emdash/media-admin-editor/source/packages/admin/tests/editor/image-alignment.test.tsx". Does the file exist?[39m
2026-10-06T01:45:46.9426456Z   Plugin: [35mvite:import-analysis[39m
2026-10-06T01:45:46.9427290Z   File: [36m/home/runner/work/cms/cms/parity/emdash/media-admin-editor/source/packages/admin/tests/editor/image-alignment.test.tsx[39m:2:23
2026-10-06T01:45:46.9428139Z [33m  1  |  import { EditorContent, useEditor } from "@tiptap/react";
2026-10-06T01:45:46.9428609Z   2  |  import StarterKit from "@tiptap/starter-kit";
2026-10-06T01:45:46.9428974Z      |                          ^
2026-10-06T01:45:46.9429592Z   3  |  import * as React from "react";
2026-10-06T01:45:46.9430119Z   4  |  import { afterEach, describe, expect, it, vi } from "vitest";[39m
2026-10-06T01:45:46.9431148Z       at TransformPluginContext._formatLog (file:///home/runner/work/cms/cms/node_modules/.pnpm/vite@8.3.2_@types+node@24.19.0_esbuild@0.28.1_jiti@2.7.0/node_modules/vite/dist/node/chunks/node.js:8766:39)
2026-10-06T01:45:46.9432443Z       at TransformPluginContext.error (file:///home/runner/work/cms/cms/node_modules/.pnpm/vite@8.3.2_@types+node@24.19.0_esbuild@0.28.1_jiti@2.7.0/node_modules/vite/dist/node/chunks/node.js:8763:14)
2026-10-06T01:45:46.9433865Z       at normalizeUrl (file:///home/runner/work/cms/cms/node_modules/.pnpm/vite@8.3.2_@types+node@24.19.0_esbuild@0.28.1_jiti@2.7.0/node_modules/vite/dist/node/chunks/node.js:26423:18)
2026-10-06T01:45:46.9435183Z       at file:///home/runner/work/cms/cms/node_modules/.pnpm/vite@8.3.2_@types+node@24.19.0_esbuild@0.28.1_jiti@2.7.0/node_modules/vite/dist/node/chunks/node.js:26493:30
2026-10-06T01:45:46.9435895Z       at async Promise.all (index 1)
2026-10-06T01:45:46.9436728Z       at TransformPluginContext.transform (file:///home/runner/work/cms/cms/node_modules/.pnpm/vite@8.3.2_@types+node@24.19.0_esbuild@0.28.1_jiti@2.7.0/node_modules/vite/dist/node/chunks/node.js:26459:4)
2026-10-06T01:45:46.9438011Z       at EnvironmentPluginContainer.transform (file:///home/runner/work/cms/cms/node_modules/.pnpm/vite@8.3.2_@types+node@24.19.0_esbuild@0.28.1_jiti@2.7.0/node_modules/vite/dist/node/chunks/node.js:8545:14)
2026-10-06T01:45:46.9439242Z       at loadAndTransform (file:///home/runner/work/cms/cms/node_modules/.pnpm/vite@8.3.2_@types+node@24.19.0_esbuild@0.28.1_jiti@2.7.0/node_modules/vite/dist/node/chunks/node.js:19988:26)
2026-10-06T01:45:46.9518805Z  [31m❯[39m [30m[43m chromium [49m[39m parity/emdash/media-admin-editor/source/packages/admin/tests/editor/image-alignment.test.tsx [2m([22m[2m0 test[22m[2m)[22m
2026-10-06T01:45:46.9710232Z 2026-10-06T01:45:46.970Z pw:browser [pid=2811][err] [1006/014546.970006:INFO:CONSOLE:934] "[vite] connecting...", source: http://localhost:63315/@vite/client (934)
2026-10-06T01:45:46.9739996Z [2m1:45:46 AM[22m [36m[1m[vite][22m[39m [90m[2m(client)[22m[39m [32mdependency optimized: [33mreact/jsx-dev-runtime[32m[39m
2026-10-06T01:45:46.9742373Z [33m
2026-10-06T01:45:46.9743108Z [2m1:45:46 AM[22m [36m[1m[vite][22m[39m [90m[2m(client)[22m[39m [32moptimized dependencies changed. reloading[39m
2026-10-06T01:45:46.9745030Z [1m[vitest][22m Vite unexpectedly reloaded a test. This may cause tests to fail, lead to flaky behaviour or duplicated test runs.
2026-10-06T01:45:46.9746123Z [39m[33mFor a stable experience, please add mentioned dependencies to your config's [1m`optimizeDeps.include`[22m field manually.
2026-10-06T01:45:46.9746905Z 
2026-10-06T01:45:46.9747100Z [39m
2026-10-06T01:45:46.9788868Z 2026-10-06T01:45:46.978Z pw:browser [pid=2811][err] [1006/014546.977779:INFO:CONSOLE:1045] "[vite] connected.", source: http://localhost:63315/@vite/client (1045)
2026-10-06T02:00:27.5746861Z ##[error]The operation was canceled.
2026-10-06T02:00:27.5791877Z ##[group]Run actions/upload-artifact@v4
2026-10-06T02:00:27.5792030Z with:
2026-10-06T02:00:27.5792147Z   name: media-source-image
2026-10-06T02:00:27.5792285Z   path: media-source-results.json
2026-10-06T02:00:27.5792421Z   retention-days: 14
2026-10-06T02:00:27.5792542Z   if-no-files-found: warn
2026-10-06T02:00:27.5792668Z   compression-level: 6
2026-10-06T02:00:27.5792783Z   overwrite: false
2026-10-06T02:00:27.5792902Z   include-hidden-files: false
2026-10-06T02:00:27.5793029Z env:
2026-10-06T02:00:27.5793158Z   PNPM_HOME: /home/runner/setup-pnpm/node_modules/.bin
2026-10-06T02:00:27.5793326Z ##[endgroup]
2026-10-06T02:00:27.6720851Z (node:3090) [DEP0040] DeprecationWarning: The `punycode` module is deprecated. Please use a userland alternative instead.
2026-10-06T02:00:27.6721270Z (Use `node --trace-deprecation ...` to show where the warning was created)
2026-10-06T02:00:27.6745898Z ##[warning]No files were found with the provided path: media-source-results.json. No artifacts will be uploaded.
2026-10-06T02:00:27.6857429Z Post job cleanup.
2026-10-06T02:00:27.7765325Z Pruning is unnecessary.
2026-10-06T02:00:27.7815916Z Post job cleanup.
2026-10-06T02:00:27.8325785Z [command]/usr/bin/git version
2026-10-06T02:00:27.8349182Z git version 2.55.0
2026-10-06T02:00:27.8369865Z Temporarily overriding HOME='/home/runner/work/_temp/360942c8-80f3-40d4-b2aa-ff8555da5b06' before making global git config changes
2026-10-06T02:00:27.8370807Z Adding repository directory to the temporary git global config as a safe directory
2026-10-06T02:00:27.8372996Z [command]/usr/bin/git config --global --add safe.directory /home/runner/work/cms/cms
2026-10-06T02:00:27.8441197Z [command]/usr/bin/git config --local --name-only --get-regexp core\.sshCommand
2026-10-06T02:00:27.8442419Z [command]/usr/bin/git submodule foreach --recursive sh -c "git config --local --name-only --get-regexp 'core\.sshCommand' && git config --local --unset-all 'core.sshCommand' || :"
2026-10-06T02:00:27.8532606Z [command]/usr/bin/git config --local --name-only --get-regexp http\.https\:\/\/github\.com\/\.extraheader
2026-10-06T02:00:27.8550910Z http.https://github.com/.extraheader
2026-10-06T02:00:27.8553399Z [command]/usr/bin/git config --local --unset-all http.https://github.com/.extraheader
2026-10-06T02:00:27.8572536Z [command]/usr/bin/git submodule foreach --recursive sh -c "git config --local --name-only --get-regexp 'http\.https\:\/\/github\.com\/\.extraheader' && git config --local --unset-all 'http.https://github.com/.extraheader' || :"
2026-10-06T02:00:27.8693574Z [command]/usr/bin/git config --local --name-only --get-regexp ^includeIf\.gitdir:
2026-10-06T02:00:27.8711503Z [command]/usr/bin/git submodule foreach --recursive git config --local --show-origin --name-only --get-regexp remote.origin.url
2026-10-06T02:00:27.8919727Z Cleaning up orphan processes
2026-10-06T02:00:27.9034781Z Terminate orphan process: pid (2754) (pnpm)
2026-10-06T02:00:27.9045601Z Terminate orphan process: pid (2760) (pnpm)
2026-10-06T02:00:27.9058721Z Terminate orphan process: pid (2775) (sh)
2026-10-06T02:00:27.9083293Z Terminate orphan process: pid (2783) (MainThread)
2026-10-06T02:00:27.9098065Z Terminate orphan process: pid (2811) (chrome-headless-shell)
2026-10-06T02:00:27.9166138Z ##[warning]Node.js 20 is deprecated. The following actions target Node.js 20 but are being forced to run on Node.js 24: actions/checkout@v4, actions/setup-node@v4, actions/upload-artifact@v4, pnpm/action-setup@v4. For more information see: https://github.blog/changelog/2025-09-19-deprecation-of-node-20-on-github-actions-runners/
