2026-10-05T23:18:43.9443532Z Current runner version: '2.337.0'
2026-10-05T23:18:43.9469359Z ##[group]Runner Image Provisioner
2026-10-05T23:18:43.9470255Z Hosted Compute Agent
2026-10-05T23:18:43.9470932Z Version: 20260901.588
2026-10-05T23:18:43.9471607Z Commit: f88ec8081b781fac6c440065ac7ff9e710ce3d0b
2026-10-05T23:18:43.9472393Z Build Date: 2026-09-01T19:56:44Z
2026-10-05T23:18:43.9473190Z Worker ID: {054b603d-fc55-4913-9e58-33b6e5d37f3d}
2026-10-05T23:18:43.9473936Z Azure Region: westus
2026-10-05T23:18:43.9474507Z ##[endgroup]
2026-10-05T23:18:43.9476087Z ##[group]Operating System
2026-10-05T23:18:43.9476810Z Ubuntu
2026-10-05T23:18:43.9477420Z 24.04.5
2026-10-05T23:18:43.9478177Z LTS
2026-10-05T23:18:43.9478699Z ##[endgroup]
2026-10-05T23:18:43.9479354Z ##[group]Runner Image
2026-10-05T23:18:43.9480013Z Image: ubuntu-24.04
2026-10-05T23:18:43.9480632Z Version: 20260927.320.1
2026-10-05T23:18:43.9481957Z Included Software: https://github.com/actions/runner-images/blob/ubuntu24/20260927.320/images/ubuntu/Ubuntu2404-Readme.md
2026-10-05T23:18:43.9483659Z Image Release: https://github.com/actions/runner-images/releases/tag/ubuntu24%2F20260927.320
2026-10-05T23:18:43.9484691Z ##[endgroup]
2026-10-05T23:18:43.9485952Z ##[group]GITHUB_TOKEN Permissions
2026-10-05T23:18:43.9488123Z Contents: read
2026-10-05T23:18:43.9488822Z Metadata: read
2026-10-05T23:18:43.9489457Z Packages: read
2026-10-05T23:18:43.9490031Z ##[endgroup]
2026-10-05T23:18:43.9492315Z Secret source: Actions
2026-10-05T23:18:43.9493253Z Cache mode: write
2026-10-05T23:18:43.9494058Z Prepare workflow directory
2026-10-05T23:18:43.9832380Z Prepare all required actions
2026-10-05T23:18:43.9880871Z Getting action download info
2026-10-05T23:18:44.4097893Z Download action repository 'actions/checkout@v4' (SHA:11d5960a326750d5838078e36cf38b85af677262)
2026-10-05T23:18:44.5042370Z Download action repository 'pnpm/action-setup@v4' (SHA:b906affcce14559ad1aafd4ab0e942779e9f58b1)
2026-10-05T23:18:45.0040400Z Download action repository 'actions/setup-node@v4' (SHA:49933ea5288caeca8642d1e84afbd3f7d6820020)
2026-10-05T23:18:45.0899458Z Download action repository 'actions/upload-artifact@v4' (SHA:ea165f8d65b6e75b540449e92b4886f43607fa02)
2026-10-05T23:18:45.3135097Z Complete job name: media-detail-source
2026-10-05T23:18:45.3964143Z ##[group]Run actions/checkout@v4
2026-10-05T23:18:45.3965234Z with:
2026-10-05T23:18:45.3965800Z   repository: sveltery/cms
2026-10-05T23:18:45.3970176Z   token: ***
2026-10-05T23:18:45.3970759Z   ssh-strict: true
2026-10-05T23:18:45.3971378Z   ssh-user: git
2026-10-05T23:18:45.3971978Z   persist-credentials: true
2026-10-05T23:18:45.3972846Z   clean: true
2026-10-05T23:18:45.3973486Z   sparse-checkout-cone-mode: true
2026-10-05T23:18:45.3974133Z   fetch-depth: 1
2026-10-05T23:18:45.3974733Z   fetch-tags: false
2026-10-05T23:18:45.3975324Z   show-progress: true
2026-10-05T23:18:45.3975929Z   lfs: false
2026-10-05T23:18:45.3976536Z   submodules: false
2026-10-05T23:18:45.3977130Z   set-safe-directory: true
2026-10-05T23:18:45.3977896Z   allow-unsafe-pr-checkout: false
2026-10-05T23:18:45.3979059Z ##[endgroup]
2026-10-05T23:18:45.5072855Z Syncing repository: sveltery/cms
2026-10-05T23:18:45.5075257Z ##[group]Getting Git version info
2026-10-05T23:18:45.5076297Z Working directory is '/home/runner/work/cms/cms'
2026-10-05T23:18:45.5077773Z [command]/usr/bin/git version
2026-10-05T23:18:45.5133508Z git version 2.55.0
2026-10-05T23:18:45.5173343Z ##[endgroup]
2026-10-05T23:18:45.5183654Z Temporarily overriding HOME='/home/runner/work/_temp/a78f24cc-18e5-401e-a6d6-cbd5b0da1e40' before making global git config changes
2026-10-05T23:18:45.5189686Z Adding repository directory to the temporary git global config as a safe directory
2026-10-05T23:18:45.5192654Z [command]/usr/bin/git config --global --add safe.directory /home/runner/work/cms/cms
2026-10-05T23:18:45.5249570Z Deleting the contents of '/home/runner/work/cms/cms'
2026-10-05T23:18:45.5253763Z ##[group]Initializing the repository
2026-10-05T23:18:45.5258859Z [command]/usr/bin/git init /home/runner/work/cms/cms
2026-10-05T23:18:45.5358268Z hint: Using 'master' as the name for the initial branch. This default branch name
2026-10-05T23:18:45.5360631Z hint: will change to "main" in Git 3.0. To configure the initial branch name
2026-10-05T23:18:45.5378232Z hint: to use in all of your new repositories, which will suppress this warning,
2026-10-05T23:18:45.5380085Z hint: call:
2026-10-05T23:18:45.5381277Z hint:
2026-10-05T23:18:45.5382292Z hint: 	git config --global init.defaultBranch <name>
2026-10-05T23:18:45.5383500Z hint:
2026-10-05T23:18:45.5384580Z hint: Names commonly chosen instead of 'master' are 'main', 'trunk' and
2026-10-05T23:18:45.5386444Z hint: 'development'. The just-created branch can be renamed via this command:
2026-10-05T23:18:45.5388207Z hint:
2026-10-05T23:18:45.5389288Z hint: 	git branch -m <name>
2026-10-05T23:18:45.5390373Z hint:
2026-10-05T23:18:45.5391624Z hint: Disable this message with "git config set advice.defaultBranchName false"
2026-10-05T23:18:45.5393499Z Initialized empty Git repository in /home/runner/work/cms/cms/.git/
2026-10-05T23:18:45.5396857Z [command]/usr/bin/git remote add origin https://github.com/sveltery/cms
2026-10-05T23:18:45.5434436Z ##[endgroup]
2026-10-05T23:18:45.5435966Z ##[group]Disabling automatic garbage collection
2026-10-05T23:18:45.5440013Z [command]/usr/bin/git config --local gc.auto 0
2026-10-05T23:18:45.5484126Z ##[endgroup]
2026-10-05T23:18:45.5493831Z ##[group]Setting up auth
2026-10-05T23:18:45.5494836Z [command]/usr/bin/git config --local --name-only --get-regexp core\.sshCommand
2026-10-05T23:18:45.5528860Z [command]/usr/bin/git submodule foreach --recursive sh -c "git config --local --name-only --get-regexp 'core\.sshCommand' && git config --local --unset-all 'core.sshCommand' || :"
2026-10-05T23:18:45.5894430Z [command]/usr/bin/git config --local --name-only --get-regexp http\.https\:\/\/github\.com\/\.extraheader
2026-10-05T23:18:45.5934520Z [command]/usr/bin/git submodule foreach --recursive sh -c "git config --local --name-only --get-regexp 'http\.https\:\/\/github\.com\/\.extraheader' && git config --local --unset-all 'http.https://github.com/.extraheader' || :"
2026-10-05T23:18:45.6175779Z [command]/usr/bin/git config --local --name-only --get-regexp ^includeIf\.gitdir:
2026-10-05T23:18:45.6214109Z [command]/usr/bin/git submodule foreach --recursive git config --local --show-origin --name-only --get-regexp remote.origin.url
2026-10-05T23:18:45.6446917Z [command]/usr/bin/git config --local http.https://github.com/.extraheader AUTHORIZATION: basic ***
2026-10-05T23:18:45.6490433Z ##[endgroup]
2026-10-05T23:18:45.6491652Z ##[group]Fetching the repository
2026-10-05T23:18:45.6500326Z [command]/usr/bin/git -c protocol.version=2 fetch --no-tags --prune --no-recurse-submodules --depth=1 origin +3fc588020e6f734275a36f68750e3bd8e29e98c7:refs/remotes/pull/121/merge
2026-10-05T23:18:47.3751469Z From https://github.com/sveltery/cms
2026-10-05T23:18:47.3753608Z  * [new ref]         3fc588020e6f734275a36f68750e3bd8e29e98c7 -> pull/121/merge
2026-10-05T23:18:47.3756695Z ##[endgroup]
2026-10-05T23:18:47.3757420Z ##[group]Determining the checkout info
2026-10-05T23:18:47.3758585Z ##[endgroup]
2026-10-05T23:18:47.3765507Z [command]/usr/bin/git sparse-checkout disable
2026-10-05T23:18:47.3818993Z [command]/usr/bin/git config --local --unset-all extensions.worktreeConfig
2026-10-05T23:18:47.3854067Z ##[group]Checking out the ref
2026-10-05T23:18:47.3858024Z [command]/usr/bin/git checkout --progress --force refs/remotes/pull/121/merge
2026-10-05T23:18:47.7992588Z Note: switching to 'refs/remotes/pull/121/merge'.
2026-10-05T23:18:47.7993307Z 
2026-10-05T23:18:47.7993689Z You are in 'detached HEAD' state. You can look around, make experimental
2026-10-05T23:18:47.8011140Z changes and commit them, and you can discard any commits you make in this
2026-10-05T23:18:47.8011764Z state without impacting any branches by switching back to a branch.
2026-10-05T23:18:47.8012131Z 
2026-10-05T23:18:47.8012420Z If you want to create a new branch to retain commits you create, you may
2026-10-05T23:18:47.8013355Z do so (now or later) by using -c with the switch command. Example:
2026-10-05T23:18:47.8013651Z 
2026-10-05T23:18:47.8013803Z   git switch -c <new-branch-name>
2026-10-05T23:18:47.8014103Z 
2026-10-05T23:18:47.8014359Z Or undo this operation with:
2026-10-05T23:18:47.8014707Z 
2026-10-05T23:18:47.8014848Z   git switch -
2026-10-05T23:18:47.8015072Z 
2026-10-05T23:18:47.8015330Z Turn off this advice by setting config variable advice.detachedHead to false
2026-10-05T23:18:47.8015703Z 
2026-10-05T23:18:47.8016083Z HEAD is now at 3fc5880 Merge 9931d38388669e32c91e0bd57b2b2f7505093d95 into 9599ad5761c3907a1d5a777d062e7a1e748d541e
2026-10-05T23:18:47.8018826Z ##[endgroup]
2026-10-05T23:18:47.8069495Z [command]/usr/bin/git log -1 --format=%H
2026-10-05T23:18:47.8097471Z 3fc588020e6f734275a36f68750e3bd8e29e98c7
2026-10-05T23:18:47.8360125Z ##[group]Run pnpm/action-setup@v4
2026-10-05T23:18:47.8360449Z with:
2026-10-05T23:18:47.8360671Z   version: 12.6.0
2026-10-05T23:18:47.8360895Z   dest: ~/setup-pnpm
2026-10-05T23:18:47.8361145Z   run_install: null
2026-10-05T23:18:47.8361359Z   cache: false
2026-10-05T23:18:47.8361591Z   cache_dependency_path: pnpm-lock.yaml
2026-10-05T23:18:47.8361918Z   package_json_file: package.json
2026-10-05T23:18:47.8362194Z   standalone: false
2026-10-05T23:18:47.8362418Z ##[endgroup]
2026-10-05T23:18:47.9855328Z ##[group]Running self-installer...
2026-10-05T23:18:48.4689438Z (node:2296) [DEP0169] DeprecationWarning: `url.parse()` behavior is not standardized and prone to errors that have security implications. Use the WHATWG URL API instead. CVEs are not issued for `url.parse()` vulnerabilities.
2026-10-05T23:18:48.4690595Z (Use `node --trace-deprecation ...` to show where the warning was created)
2026-10-05T23:18:48.6208152Z Progress: resolved 1, reused 0, downloaded 0, added 0
2026-10-05T23:18:48.7490380Z Packages: +3
2026-10-05T23:18:48.7490709Z +++
2026-10-05T23:18:49.3808798Z Progress: resolved 15, reused 0, downloaded 3, added 3, done
2026-10-05T23:18:49.3977187Z .../.pnpm/pnpm@12.6.0/node_modules/pnpm preinstall$ node install.js
2026-10-05T23:18:51.8229122Z .../.pnpm/pnpm@12.6.0/node_modules/pnpm preinstall: Done
2026-10-05T23:18:51.8234390Z .../.pnpm/pnpm@12.6.0/node_modules/pnpm postinstall$ node install.js
2026-10-05T23:18:51.8666093Z .../.pnpm/pnpm@12.6.0/node_modules/pnpm postinstall: Done
2026-10-05T23:18:53.1417836Z 
2026-10-05T23:18:53.1418743Z dependencies:
2026-10-05T23:18:53.1419181Z + pnpm 12.6.0 (12.9.1 is available)
2026-10-05T23:18:53.1419503Z 
2026-10-05T23:18:53.1463777Z Done in 4.9s
2026-10-05T23:18:53.1931050Z ##[endgroup]
2026-10-05T23:18:53.1931861Z Installation Completed!
2026-10-05T23:18:53.2127933Z ##[group]Run actions/setup-node@v4
2026-10-05T23:18:53.2128248Z with:
2026-10-05T23:18:53.2128461Z   node-version: 24
2026-10-05T23:18:53.2128685Z   always-auth: false
2026-10-05T23:18:53.2128915Z   check-latest: false
2026-10-05T23:18:53.2131543Z   token: ***
2026-10-05T23:18:53.2131752Z env:
2026-10-05T23:18:53.2132023Z   PNPM_HOME: /home/runner/setup-pnpm/node_modules/.bin
2026-10-05T23:18:53.2132366Z ##[endgroup]
2026-10-05T23:18:53.3843621Z (node:2329) [DEP0040] DeprecationWarning: The `punycode` module is deprecated. Please use a userland alternative instead.
2026-10-05T23:18:53.3845774Z (Use `node --trace-deprecation ...` to show where the warning was created)
2026-10-05T23:18:53.3848021Z Found in cache @ /opt/hostedtoolcache/node/24.21.0/x64
2026-10-05T23:18:53.3849398Z ##[group]Environment details
2026-10-05T23:18:54.8614077Z node: v24.21.0
2026-10-05T23:18:54.8614462Z npm: 11.19.0
2026-10-05T23:18:54.8614792Z yarn: 1.22.22
2026-10-05T23:18:54.8616182Z ##[endgroup]
2026-10-05T23:18:54.8780048Z ##[group]Run pnpm install --frozen-lockfile
2026-10-05T23:18:54.8780511Z [36;1mpnpm install --frozen-lockfile[0m
2026-10-05T23:18:54.9038060Z shell: /usr/bin/bash -e {0}
2026-10-05T23:18:54.9038383Z env:
2026-10-05T23:18:54.9038669Z   PNPM_HOME: /home/runner/setup-pnpm/node_modules/.bin
2026-10-05T23:18:54.9039004Z ##[endgroup]
2026-10-05T23:18:54.9708692Z ? Verifying lockfile against supply-chain policies (534 entries)...
2026-10-05T23:18:55.1373176Z Downloading @img/sharp-libvips-linux-x64@1.2.4: 0.00 B/7.53 MB
2026-10-05T23:18:55.1530254Z Downloading @cloudflare/workerd-linux-64@1.20260507.1: 0.00 B/36.65 MB
2026-10-05T23:18:55.1576143Z Packages are hard linked from the content-addressable store to the virtual store.
2026-10-05T23:18:55.1577814Z   Content-addressable store is at: /home/runner/setup-pnpm/node_modules/.bin/store/v11
2026-10-05T23:18:55.1578845Z   Virtual store is at:             node_modules/.pnpm
2026-10-05T23:18:55.6886960Z Downloading @rolldown/binding-linux-x64-gnu@1.2.12: 0.00 B/8.07 MB
2026-10-05T23:18:55.9322899Z Downloading @cloudflare/workerd-linux-64@1.20260609.1: 0.00 B/36.64 MB
2026-10-05T23:18:56.1298081Z Downloading @phosphor-icons/react@2.1.10: 0.00 B/5.30 MB
2026-10-05T23:18:57.1310532Z Downloading @rolldown/binding-linux-x64-gnu@1.2.12: 8.07 MB/8.07 MB, done
2026-10-05T23:18:57.3799102Z ✓ Lockfile passes supply-chain policies (534 entries in 2.4s)
2026-10-05T23:18:57.3850720Z Lockfile is up to date, resolution step is skipped
2026-10-05T23:18:58.4591753Z Downloading @cloudflare/workerd-linux-64@1.20260609.1: 36.64 MB/36.64 MB, done
2026-10-05T23:18:58.6183487Z Packages: +403
2026-10-05T23:18:58.6184356Z ++++++++++++++++++++++++++++++++++++++++++++++++++++++++++++++++++++++++++++++++
2026-10-05T23:18:58.6615200Z Progress: resolved 403, reused 0, downloaded 403, added 403, done
2026-10-05T23:18:58.7603704Z . prepare$ svelte-kit sync
2026-10-05T23:18:59.7880612Z . prepare: Done
2026-10-05T23:18:59.7895630Z 
2026-10-05T23:18:59.7895912Z dependencies:
2026-10-05T23:18:59.7896348Z + @oslojs/crypto 1.0.1
2026-10-05T23:18:59.7896646Z + @oslojs/encoding 1.1.0
2026-10-05T23:18:59.7896942Z + @oslojs/webauthn 1.0.0
2026-10-05T23:18:59.7897781Z + @wordpress/block-serialization-default-parser 5.38.0
2026-10-05T23:18:59.7898355Z + blurhash 2.0.5
2026-10-05T23:18:59.7898685Z + cn 0.2.2
2026-10-05T23:18:59.7899105Z + date-fns 4.1.0
2026-10-05T23:18:59.7899521Z + image-size 2.0.2
2026-10-05T23:18:59.7899882Z + jpeg-js 0.4.4
2026-10-05T23:18:59.7900255Z + jsonc-parser 3.3.1
2026-10-05T23:18:59.7900680Z + kysely 0.29.2
2026-10-05T23:18:59.7901046Z + mime 4.1.0
2026-10-05T23:18:59.7901389Z + parse5 7.3.0
2026-10-05T23:18:59.7901736Z + smol-toml 1.6.0
2026-10-05T23:18:59.7902107Z + ulidx 2.4.1
2026-10-05T23:18:59.7902453Z + upng-js 2.1.0
2026-10-05T23:18:59.7902905Z + valibot 1.5.0
2026-10-05T23:18:59.7903266Z + zod 4.5.4
2026-10-05T23:18:59.7903440Z 
2026-10-05T23:18:59.7903608Z devDependencies:
2026-10-05T23:18:59.7904045Z + @babel/core 7.29.7
2026-10-05T23:18:59.7904466Z + @cloudflare/kumo 2.6.0
2026-10-05T23:18:59.7904969Z + @cloudflare/workers-types 4.20260507.1
2026-10-05T23:18:59.7905485Z + @floating-ui/dom 1.8.0
2026-10-05T23:18:59.7906041Z + @lingui/babel-plugin-lingui-macro 5.9.5
2026-10-05T23:18:59.7906602Z + @lingui/conf 5.9.5
2026-10-05T23:18:59.7907007Z + @lingui/core 5.9.5
2026-10-05T23:18:59.7907403Z + @lingui/react 5.9.5
2026-10-05T23:18:59.7908172Z + @playwright/test 1.63.0
2026-10-05T23:18:59.7908685Z + @sveltejs/adapter-auto 7.0.1
2026-10-05T23:18:59.7909224Z + @sveltejs/adapter-cloudflare 7.2.9
2026-10-05T23:18:59.7909752Z + @sveltejs/adapter-node 5.5.7
2026-10-05T23:18:59.7910180Z + @sveltejs/kit 2.70.3
2026-10-05T23:18:59.7910673Z + @sveltejs/vite-plugin-svelte 7.3.1
2026-10-05T23:18:59.7911218Z + @tanstack/react-query 5.90.21
2026-10-05T23:18:59.7911738Z + @tanstack/react-router 1.163.2
2026-10-05T23:18:59.7912269Z + @testing-library/react 16.3.2
2026-10-05T23:18:59.7912727Z + @types/jsdom 30.0.0
2026-10-05T23:18:59.7913129Z + @types/node 24.19.0
2026-10-05T23:18:59.7913921Z + @types/react 19.3.0
2026-10-05T23:18:59.7914382Z + @types/react-dom 19.3.0
2026-10-05T23:18:59.7914936Z + @vitest/browser-playwright 4.1.10
2026-10-05T23:18:59.7915431Z + devalue 5.9.4
2026-10-05T23:18:59.7915811Z + jsdom 30.1.1
2026-10-05T23:18:59.7916223Z + miniflare 4.20260507.1
2026-10-05T23:18:59.7916650Z + pg 8.18.0
2026-10-05T23:18:59.7917013Z + react 19.3.0
2026-10-05T23:18:59.7918208Z + react-day-picker 9.14.0
2026-10-05T23:18:59.7918707Z + react-dom 19.3.0
2026-10-05T23:18:59.7919123Z + svelte 5.57.1
2026-10-05T23:18:59.7919535Z + svelte-check 4.7.6
2026-10-05T23:18:59.7919974Z + typescript 6.0.3
2026-10-05T23:18:59.7920354Z + vite 8.3.2
2026-10-05T23:18:59.7920711Z + vitest 4.1.10
2026-10-05T23:18:59.7921160Z + vitest-browser-react 2.2.0
2026-10-05T23:18:59.7921638Z + wrangler 4.99.0
2026-10-05T23:18:59.7921864Z 
2026-10-05T23:18:59.8087263Z Done in 4.9s using pnpm v12.6.0
2026-10-05T23:18:59.8344028Z ##[group]Run pnpm exec playwright install --with-deps chromium
2026-10-05T23:18:59.8344563Z [36;1mpnpm exec playwright install --with-deps chromium[0m
2026-10-05T23:18:59.8409191Z shell: /usr/bin/bash -e {0}
2026-10-05T23:18:59.8409467Z env:
2026-10-05T23:18:59.8409744Z   PNPM_HOME: /home/runner/setup-pnpm/node_modules/.bin
2026-10-05T23:18:59.8410075Z ##[endgroup]
2026-10-05T23:19:00.3970016Z Installing dependencies...
2026-10-05T23:19:00.4063000Z Switching to root user to install dependencies...
2026-10-05T23:19:00.4909676Z Get:1 file:/etc/apt/apt-mirrors.txt Mirrorlist [144 B]
2026-10-05T23:19:00.5248676Z Hit:2 http://azure.archive.ubuntu.com/ubuntu noble InRelease
2026-10-05T23:19:00.5311155Z Get:6 https://packages.microsoft.com/ubuntu/24.04/prod noble InRelease [3600 B]
2026-10-05T23:19:00.5350689Z Get:3 http://azure.archive.ubuntu.com/ubuntu noble-updates InRelease [126 kB]
2026-10-05T23:19:00.5370733Z Get:4 http://azure.archive.ubuntu.com/ubuntu noble-backports InRelease [126 kB]
2026-10-05T23:19:00.5398816Z Get:5 http://azure.archive.ubuntu.com/ubuntu noble-security InRelease [126 kB]
2026-10-05T23:19:00.6681542Z Get:7 https://packages.microsoft.com/ubuntu/24.04/prod noble/main armhf Packages [12.6 kB]
2026-10-05T23:19:00.6773829Z Get:8 https://packages.microsoft.com/ubuntu/24.04/prod noble/main arm64 Packages [458 kB]
2026-10-05T23:19:00.6852425Z Get:9 https://packages.microsoft.com/ubuntu/24.04/prod noble/main amd64 Packages [515 kB]
2026-10-05T23:19:00.7180396Z Get:10 http://azure.archive.ubuntu.com/ubuntu noble-updates/main amd64 Packages [1370 kB]
2026-10-05T23:19:00.7250041Z Get:11 http://azure.archive.ubuntu.com/ubuntu noble-updates/main Translation-en [305 kB]
2026-10-05T23:19:00.7269627Z Get:12 http://azure.archive.ubuntu.com/ubuntu noble-updates/main amd64 Components [181 kB]
2026-10-05T23:19:00.7329633Z Get:13 http://azure.archive.ubuntu.com/ubuntu noble-updates/universe amd64 Packages [1701 kB]
2026-10-05T23:19:00.7365791Z Get:14 http://azure.archive.ubuntu.com/ubuntu noble-updates/universe Translation-en [341 kB]
2026-10-05T23:19:00.7388987Z Get:15 http://azure.archive.ubuntu.com/ubuntu noble-updates/universe amd64 Components [388 kB]
2026-10-05T23:19:00.7417230Z Get:16 http://azure.archive.ubuntu.com/ubuntu noble-updates/restricted amd64 Packages [1728 kB]
2026-10-05T23:19:00.7502063Z Get:17 http://azure.archive.ubuntu.com/ubuntu noble-updates/restricted Translation-en [395 kB]
2026-10-05T23:19:00.7541476Z Get:18 http://azure.archive.ubuntu.com/ubuntu noble-updates/multiverse Translation-en [13.3 kB]
2026-10-05T23:19:00.7566574Z Get:19 http://azure.archive.ubuntu.com/ubuntu noble-updates/multiverse amd64 Components [940 B]
2026-10-05T23:19:00.8232766Z Get:20 http://azure.archive.ubuntu.com/ubuntu noble-backports/main amd64 Components [5764 B]
2026-10-05T23:19:00.8240362Z Get:21 http://azure.archive.ubuntu.com/ubuntu noble-backports/universe amd64 Components [12.6 kB]
2026-10-05T23:19:00.8360445Z Get:22 http://azure.archive.ubuntu.com/ubuntu noble-security/main amd64 Packages [1071 kB]
2026-10-05T23:19:00.8414743Z Get:23 http://azure.archive.ubuntu.com/ubuntu noble-security/main Translation-en [222 kB]
2026-10-05T23:19:00.8430354Z Get:24 http://azure.archive.ubuntu.com/ubuntu noble-security/main amd64 Components [46.4 kB]
2026-10-05T23:19:00.8439205Z Get:25 http://azure.archive.ubuntu.com/ubuntu noble-security/universe amd64 Packages [1216 kB]
2026-10-05T23:19:00.8494908Z Get:26 http://azure.archive.ubuntu.com/ubuntu noble-security/universe Translation-en [244 kB]
2026-10-05T23:19:00.8515368Z Get:27 http://azure.archive.ubuntu.com/ubuntu noble-security/universe amd64 Components [76.3 kB]
2026-10-05T23:19:00.8526365Z Get:28 http://azure.archive.ubuntu.com/ubuntu noble-security/restricted amd64 Packages [1566 kB]
2026-10-05T23:19:00.8647672Z Get:29 http://azure.archive.ubuntu.com/ubuntu noble-security/restricted Translation-en [361 kB]
2026-10-05T23:19:06.4967907Z Fetched 12.6 MB in 1s (9153 kB/s)
2026-10-05T23:19:07.4018090Z Reading package lists...
2026-10-05T23:19:07.4269282Z Reading package lists...
2026-10-05T23:19:07.6341435Z Building dependency tree...
2026-10-05T23:19:07.6349291Z Reading state information...
2026-10-05T23:19:07.7906528Z libasound2t64 is already the newest version (1.2.11-1ubuntu0.3).
2026-10-05T23:19:07.7907385Z libasound2t64 set to manually installed.
2026-10-05T23:19:07.7908649Z libatk-bridge2.0-0t64 is already the newest version (2.52.0-1build1).
2026-10-05T23:19:07.7909496Z libatk-bridge2.0-0t64 set to manually installed.
2026-10-05T23:19:07.7910351Z libatk1.0-0t64 is already the newest version (2.52.0-1build1).
2026-10-05T23:19:07.7911121Z libatk1.0-0t64 set to manually installed.
2026-10-05T23:19:07.7911930Z libatspi2.0-0t64 is already the newest version (2.52.0-1build1).
2026-10-05T23:19:07.7912722Z libatspi2.0-0t64 set to manually installed.
2026-10-05T23:19:07.7913526Z libcairo2 is already the newest version (1.18.0-3build1).
2026-10-05T23:19:07.7914325Z libcairo2 set to manually installed.
2026-10-05T23:19:07.7915198Z libcups2t64 is already the newest version (2.4.7-1.2ubuntu7.14).
2026-10-05T23:19:07.7916070Z libcups2t64 set to manually installed.
2026-10-05T23:19:07.7916860Z libdbus-1-3 is already the newest version (1.14.10-4ubuntu4.1).
2026-10-05T23:19:07.7917791Z libdbus-1-3 set to manually installed.
2026-10-05T23:19:07.7918551Z libdrm2 is already the newest version (2.4.125-1ubuntu0.1~24.04.2).
2026-10-05T23:19:07.7919218Z libdrm2 set to manually installed.
2026-10-05T23:19:07.7919717Z libglib2.0-0t64 is already the newest version (2.80.0-6ubuntu3.9).
2026-10-05T23:19:07.7920161Z libglib2.0-0t64 set to manually installed.
2026-10-05T23:19:07.7920598Z libnspr4 is already the newest version (2:4.35-1.1build1).
2026-10-05T23:19:07.7921152Z libnspr4 set to manually installed.
2026-10-05T23:19:07.7921715Z libnss3 is already the newest version (2:3.98-1ubuntu0.2).
2026-10-05T23:19:07.7922114Z libnss3 set to manually installed.
2026-10-05T23:19:07.7922544Z libpango-1.0-0 is already the newest version (1.52.1+ds-1build1).
2026-10-05T23:19:07.7922978Z libpango-1.0-0 set to manually installed.
2026-10-05T23:19:07.7923402Z libx11-6 is already the newest version (2:1.8.7-1build1).
2026-10-05T23:19:07.7923924Z libx11-6 set to manually installed.
2026-10-05T23:19:07.7924399Z libxcb1 is already the newest version (1.15-1ubuntu2).
2026-10-05T23:19:07.7924788Z libxcb1 set to manually installed.
2026-10-05T23:19:07.7925230Z libxcomposite1 is already the newest version (1:0.4.5-1build3).
2026-10-05T23:19:07.7925666Z libxcomposite1 set to manually installed.
2026-10-05T23:19:07.7926289Z libxdamage1 is already the newest version (1:1.1.6-1build1).
2026-10-05T23:19:07.7926973Z libxdamage1 set to manually installed.
2026-10-05T23:19:07.7927921Z libxext6 is already the newest version (2:1.3.4-1build2).
2026-10-05T23:19:07.7928617Z libxext6 set to manually installed.
2026-10-05T23:19:07.7929336Z libxfixes3 is already the newest version (1:6.0.0-2build1).
2026-10-05T23:19:07.7929842Z libxfixes3 set to manually installed.
2026-10-05T23:19:07.7930276Z libxkbcommon0 is already the newest version (1.6.0-1build1).
2026-10-05T23:19:07.7930685Z libxkbcommon0 set to manually installed.
2026-10-05T23:19:07.7931107Z libxrandr2 is already the newest version (2:1.5.2-2build1).
2026-10-05T23:19:07.7931646Z libxrandr2 set to manually installed.
2026-10-05T23:19:07.7932390Z xvfb is already the newest version (2:21.1.12-1ubuntu1.8).
2026-10-05T23:19:07.7933405Z fonts-noto-color-emoji is already the newest version (2.047-0ubuntu0.24.04.1).
2026-10-05T23:19:07.7934109Z libfontconfig1 is already the newest version (2.15.0-1.1ubuntu2).
2026-10-05T23:19:07.7934825Z libfontconfig1 set to manually installed.
2026-10-05T23:19:07.7935592Z libfreetype6 is already the newest version (2.13.2+dfsg-1ubuntu0.1).
2026-10-05T23:19:07.7936434Z libfreetype6 set to manually installed.
2026-10-05T23:19:07.7937248Z fonts-liberation is already the newest version (1:2.1.5-3).
2026-10-05T23:19:07.7938264Z fonts-liberation set to manually installed.
2026-10-05T23:19:07.7939267Z The following additional packages will be installed:
2026-10-05T23:19:07.7940212Z   libgl1-mesa-dri libglx-mesa0 mesa-libgallium xfonts-encodings xfonts-utils
2026-10-05T23:19:07.7941002Z Recommended packages:
2026-10-05T23:19:07.7941498Z   fonts-ipafont-mincho fonts-tlwg-loma
2026-10-05T23:19:07.8135734Z The following NEW packages will be installed:
2026-10-05T23:19:07.8136835Z   fonts-freefont-ttf fonts-ipafont-gothic fonts-tlwg-loma-otf fonts-unifont
2026-10-05T23:19:07.8146740Z   fonts-wqy-zenhei xfonts-cyrillic xfonts-encodings xfonts-scalable
2026-10-05T23:19:07.8147453Z   xfonts-utils
2026-10-05T23:19:07.8154342Z The following packages will be upgraded:
2026-10-05T23:19:07.8162045Z   libgbm1 libgl1-mesa-dri libglx-mesa0 mesa-libgallium
2026-10-05T23:19:07.8346883Z 4 upgraded, 9 newly installed, 0 to remove and 21 not upgraded.
2026-10-05T23:19:07.8347967Z Need to get 32.1 MB of archives.
2026-10-05T23:19:07.8348767Z After this operation, 79.5 MB of additional disk space will be used.
2026-10-05T23:19:07.8349686Z Get:1 file:/etc/apt/apt-mirrors.txt Mirrorlist [144 B]
2026-10-05T23:19:07.9964682Z Get:2 http://azure.archive.ubuntu.com/ubuntu noble/universe amd64 fonts-ipafont-gothic all 00303-21ubuntu1 [3513 kB]
2026-10-05T23:19:08.6733698Z Get:3 http://azure.archive.ubuntu.com/ubuntu noble/main amd64 fonts-freefont-ttf all 20211204+svn4273-2 [5641 kB]
2026-10-05T23:19:08.8986248Z Get:4 http://azure.archive.ubuntu.com/ubuntu noble/universe amd64 fonts-tlwg-loma-otf all 1:0.7.3-1 [107 kB]
2026-10-05T23:19:08.9725155Z Get:5 http://azure.archive.ubuntu.com/ubuntu noble/universe amd64 fonts-unifont all 1:15.1.01-1build1 [2993 kB]
2026-10-05T23:19:09.0832785Z Get:6 http://azure.archive.ubuntu.com/ubuntu noble/universe amd64 fonts-wqy-zenhei all 0.9.45-8 [7472 kB]
2026-10-05T23:19:09.3156836Z Get:7 http://azure.archive.ubuntu.com/ubuntu noble-updates/main amd64 libgl1-mesa-dri amd64 25.2.8-0ubuntu0.24.04.4 [38.0 kB]
2026-10-05T23:19:09.3883814Z Get:8 http://azure.archive.ubuntu.com/ubuntu noble-updates/main amd64 libglx-mesa0 amd64 25.2.8-0ubuntu0.24.04.4 [110 kB]
2026-10-05T23:19:09.4618601Z Get:9 http://azure.archive.ubuntu.com/ubuntu noble-updates/main amd64 libgbm1 amd64 25.2.8-0ubuntu0.24.04.4 [34.2 kB]
2026-10-05T23:19:09.5346177Z Get:10 http://azure.archive.ubuntu.com/ubuntu noble-updates/main amd64 mesa-libgallium amd64 25.2.8-0ubuntu0.24.04.4 [10.8 MB]
2026-10-05T23:19:09.8567411Z Get:11 http://azure.archive.ubuntu.com/ubuntu noble/main amd64 xfonts-encodings all 1:1.0.5-0ubuntu2 [578 kB]
2026-10-05T23:19:09.9415258Z Get:12 http://azure.archive.ubuntu.com/ubuntu noble/main amd64 xfonts-utils amd64 1:7.7+6build3 [94.4 kB]
2026-10-05T23:19:10.0157849Z Get:13 http://azure.archive.ubuntu.com/ubuntu noble/universe amd64 xfonts-cyrillic all 1:1.0.5+nmu1 [384 kB]
2026-10-05T23:19:10.0927446Z Get:14 http://azure.archive.ubuntu.com/ubuntu noble/main amd64 xfonts-scalable all 1:1.0.3-1.3 [304 kB]
2026-10-05T23:19:10.3658951Z Fetched 32.1 MB in 2s (14.1 MB/s)
2026-10-05T23:19:10.3957447Z Selecting previously unselected package fonts-ipafont-gothic.
2026-10-05T23:19:10.4204657Z (Reading database ... 
2026-10-05T23:19:10.4205037Z (Reading database ... 5%
2026-10-05T23:19:10.4205335Z (Reading database ... 10%
2026-10-05T23:19:10.4205616Z (Reading database ... 15%
2026-10-05T23:19:10.4205876Z (Reading database ... 20%
2026-10-05T23:19:10.4206133Z (Reading database ... 25%
2026-10-05T23:19:10.4206964Z (Reading database ... 30%
2026-10-05T23:19:10.4207453Z (Reading database ... 35%
2026-10-05T23:19:10.4208253Z (Reading database ... 40%
2026-10-05T23:19:10.4209071Z (Reading database ... 45%
2026-10-05T23:19:10.4209340Z (Reading database ... 50%
2026-10-05T23:19:10.4253002Z (Reading database ... 55%
2026-10-05T23:19:10.4960861Z (Reading database ... 60%
2026-10-05T23:19:10.6959743Z (Reading database ... 65%
2026-10-05T23:19:10.8988759Z (Reading database ... 70%
2026-10-05T23:19:11.0471896Z (Reading database ... 75%
2026-10-05T23:19:11.2050205Z (Reading database ... 80%
2026-10-05T23:19:11.3925226Z (Reading database ... 85%
2026-10-05T23:19:11.6009128Z (Reading database ... 90%
2026-10-05T23:19:11.7484439Z (Reading database ... 95%
2026-10-05T23:19:11.7484957Z (Reading database ... 100%
2026-10-05T23:19:11.7485673Z (Reading database ... 202296 files and directories currently installed.)
2026-10-05T23:19:11.7531625Z Preparing to unpack .../00-fonts-ipafont-gothic_00303-21ubuntu1_all.deb ...
2026-10-05T23:19:11.7623380Z Unpacking fonts-ipafont-gothic (00303-21ubuntu1) ...
2026-10-05T23:19:11.9970477Z Selecting previously unselected package fonts-freefont-ttf.
2026-10-05T23:19:12.0097096Z Preparing to unpack .../01-fonts-freefont-ttf_20211204+svn4273-2_all.deb ...
2026-10-05T23:19:12.0103540Z Unpacking fonts-freefont-ttf (20211204+svn4273-2) ...
2026-10-05T23:19:12.0878900Z Selecting previously unselected package fonts-tlwg-loma-otf.
2026-10-05T23:19:12.1006020Z Preparing to unpack .../02-fonts-tlwg-loma-otf_1%3a0.7.3-1_all.deb ...
2026-10-05T23:19:12.1012557Z Unpacking fonts-tlwg-loma-otf (1:0.7.3-1) ...
2026-10-05T23:19:12.1218450Z Selecting previously unselected package fonts-unifont.
2026-10-05T23:19:12.1345898Z Preparing to unpack .../03-fonts-unifont_1%3a15.1.01-1build1_all.deb ...
2026-10-05T23:19:12.1353047Z Unpacking fonts-unifont (1:15.1.01-1build1) ...
2026-10-05T23:19:12.2623131Z Selecting previously unselected package fonts-wqy-zenhei.
2026-10-05T23:19:12.2754044Z Preparing to unpack .../04-fonts-wqy-zenhei_0.9.45-8_all.deb ...
2026-10-05T23:19:12.2854274Z Unpacking fonts-wqy-zenhei (0.9.45-8) ...
2026-10-05T23:19:12.7645156Z Preparing to unpack .../05-libgl1-mesa-dri_25.2.8-0ubuntu0.24.04.4_amd64.deb ...
2026-10-05T23:19:12.7786497Z Unpacking libgl1-mesa-dri:amd64 (25.2.8-0ubuntu0.24.04.4) over (25.2.8-0ubuntu0.24.04.2) ...
2026-10-05T23:19:12.8270959Z Preparing to unpack .../06-libglx-mesa0_25.2.8-0ubuntu0.24.04.4_amd64.deb ...
2026-10-05T23:19:12.8304926Z Unpacking libglx-mesa0:amd64 (25.2.8-0ubuntu0.24.04.4) over (25.2.8-0ubuntu0.24.04.2) ...
2026-10-05T23:19:12.8678963Z Preparing to unpack .../07-libgbm1_25.2.8-0ubuntu0.24.04.4_amd64.deb ...
2026-10-05T23:19:12.8701289Z Unpacking libgbm1:amd64 (25.2.8-0ubuntu0.24.04.4) over (25.2.8-0ubuntu0.24.04.2) ...
2026-10-05T23:19:12.9069167Z Preparing to unpack .../08-mesa-libgallium_25.2.8-0ubuntu0.24.04.4_amd64.deb ...
2026-10-05T23:19:12.9091503Z Unpacking mesa-libgallium:amd64 (25.2.8-0ubuntu0.24.04.4) over (25.2.8-0ubuntu0.24.04.2) ...
2026-10-05T23:19:13.0776913Z Selecting previously unselected package xfonts-encodings.
2026-10-05T23:19:13.0909207Z Preparing to unpack .../09-xfonts-encodings_1%3a1.0.5-0ubuntu2_all.deb ...
2026-10-05T23:19:13.0916052Z Unpacking xfonts-encodings (1:1.0.5-0ubuntu2) ...
2026-10-05T23:19:13.1210557Z Selecting previously unselected package xfonts-utils.
2026-10-05T23:19:13.1338211Z Preparing to unpack .../10-xfonts-utils_1%3a7.7+6build3_amd64.deb ...
2026-10-05T23:19:13.1345399Z Unpacking xfonts-utils (1:7.7+6build3) ...
2026-10-05T23:19:13.1709127Z Selecting previously unselected package xfonts-cyrillic.
2026-10-05T23:19:13.1835985Z Preparing to unpack .../11-xfonts-cyrillic_1%3a1.0.5+nmu1_all.deb ...
2026-10-05T23:19:13.1843341Z Unpacking xfonts-cyrillic (1:1.0.5+nmu1) ...
2026-10-05T23:19:13.2173900Z Selecting previously unselected package xfonts-scalable.
2026-10-05T23:19:13.2299227Z Preparing to unpack .../12-xfonts-scalable_1%3a1.0.3-1.3_all.deb ...
2026-10-05T23:19:13.2306112Z Unpacking xfonts-scalable (1:1.0.3-1.3) ...
2026-10-05T23:19:13.2747075Z Setting up mesa-libgallium:amd64 (25.2.8-0ubuntu0.24.04.4) ...
2026-10-05T23:19:13.2767103Z Setting up libgbm1:amd64 (25.2.8-0ubuntu0.24.04.4) ...
2026-10-05T23:19:13.2782577Z Setting up libgl1-mesa-dri:amd64 (25.2.8-0ubuntu0.24.04.4) ...
2026-10-05T23:19:13.2853876Z Setting up fonts-wqy-zenhei (0.9.45-8) ...
2026-10-05T23:19:13.2965842Z Setting up fonts-freefont-ttf (20211204+svn4273-2) ...
2026-10-05T23:19:13.2982202Z Setting up fonts-tlwg-loma-otf (1:0.7.3-1) ...
2026-10-05T23:19:13.2998535Z Setting up xfonts-encodings (1:1.0.5-0ubuntu2) ...
2026-10-05T23:19:13.3014265Z Setting up fonts-ipafont-gothic (00303-21ubuntu1) ...
2026-10-05T23:19:13.3089149Z update-alternatives: using /usr/share/fonts/opentype/ipafont-gothic/ipag.ttf to provide /usr/share/fonts/truetype/fonts-japanese-gothic.ttf (fonts-japanese-gothic.ttf) in auto mode
2026-10-05T23:19:13.3104556Z Setting up fonts-unifont (1:15.1.01-1build1) ...
2026-10-05T23:19:13.3121882Z Setting up libglx-mesa0:amd64 (25.2.8-0ubuntu0.24.04.4) ...
2026-10-05T23:19:13.3138344Z Setting up xfonts-utils (1:7.7+6build3) ...
2026-10-05T23:19:13.3176450Z Setting up xfonts-cyrillic (1:1.0.5+nmu1) ...
2026-10-05T23:19:13.3468389Z Setting up xfonts-scalable (1:1.0.3-1.3) ...
2026-10-05T23:19:13.3743375Z Processing triggers for libc-bin (2.39-0ubuntu8.9) ...
2026-10-05T23:19:13.4046354Z Processing triggers for man-db (2.12.0-4build2) ...
2026-10-05T23:19:13.4066497Z Not building database; man-db/auto-update is not 'true'.
2026-10-05T23:19:13.4078605Z Processing triggers for fontconfig (2.15.0-1.1ubuntu2) ...
2026-10-05T23:19:14.1141300Z 
2026-10-05T23:19:14.1142213Z Running kernel seems to be up-to-date.
2026-10-05T23:19:14.1142778Z 
2026-10-05T23:19:14.1143065Z No services need to be restarted.
2026-10-05T23:19:14.1143312Z 
2026-10-05T23:19:14.1143518Z No containers need to be restarted.
2026-10-05T23:19:14.1143753Z 
2026-10-05T23:19:14.1143994Z No user sessions are running outdated binaries.
2026-10-05T23:19:14.1144265Z 
2026-10-05T23:19:14.1144651Z No VM guests are running outdated hypervisor (qemu) binaries on this host.
2026-10-05T23:19:15.1327365Z Downloading Chrome for Testing 153.0.8010.12 (playwright chromium v1243) from https://cdn.playwright.dev/builds/cft/153.0.8010.12/linux64/chrome-linux64.zip
2026-10-05T23:19:15.5726584Z |                                                                                |   0% of 186.8 MiB
2026-10-05T23:19:15.7607370Z |■■■■■■■■                                                                        |  10% of 186.8 MiB
2026-10-05T23:19:15.8749567Z |■■■■■■■■■■■■■■■■                                                                |  20% of 186.8 MiB
2026-10-05T23:19:15.9900374Z |■■■■■■■■■■■■■■■■■■■■■■■■                                                        |  30% of 186.8 MiB
2026-10-05T23:19:16.1096745Z |■■■■■■■■■■■■■■■■■■■■■■■■■■■■■■■■                                                |  40% of 186.8 MiB
2026-10-05T23:19:16.2314408Z |■■■■■■■■■■■■■■■■■■■■■■■■■■■■■■■■■■■■■■■■                                        |  50% of 186.8 MiB
2026-10-05T23:19:16.3709001Z |■■■■■■■■■■■■■■■■■■■■■■■■■■■■■■■■■■■■■■■■■■■■■■■■                                |  60% of 186.8 MiB
2026-10-05T23:19:16.5015360Z |■■■■■■■■■■■■■■■■■■■■■■■■■■■■■■■■■■■■■■■■■■■■■■■■■■■■■■■■                        |  70% of 186.8 MiB
2026-10-05T23:19:16.6315819Z |■■■■■■■■■■■■■■■■■■■■■■■■■■■■■■■■■■■■■■■■■■■■■■■■■■■■■■■■■■■■■■■■                |  80% of 186.8 MiB
2026-10-05T23:19:16.7572102Z |■■■■■■■■■■■■■■■■■■■■■■■■■■■■■■■■■■■■■■■■■■■■■■■■■■■■■■■■■■■■■■■■■■■■■■■■        |  90% of 186.8 MiB
2026-10-05T23:19:16.8875813Z |■■■■■■■■■■■■■■■■■■■■■■■■■■■■■■■■■■■■■■■■■■■■■■■■■■■■■■■■■■■■■■■■■■■■■■■■■■■■■■■■| 100% of 186.8 MiB
2026-10-05T23:19:20.4145082Z Chrome for Testing 153.0.8010.12 (playwright chromium v1243) downloaded to /home/runner/.cache/ms-playwright/chromium-1243
2026-10-05T23:19:20.4149983Z Downloading FFmpeg (playwright ffmpeg v1011) from https://cdn.playwright.dev/dbazure/download/playwright/builds/ffmpeg/1011/ffmpeg-linux.zip
2026-10-05T23:19:20.8110564Z |                                                                                |   0% of 2.3 MiB
2026-10-05T23:19:20.8147871Z |■■■■■■■■                                                                        |  10% of 2.3 MiB
2026-10-05T23:19:20.8184331Z |■■■■■■■■■■■■■■■■                                                                |  20% of 2.3 MiB
2026-10-05T23:19:20.8225239Z |■■■■■■■■■■■■■■■■■■■■■■■■                                                        |  30% of 2.3 MiB
2026-10-05T23:19:20.8236866Z |■■■■■■■■■■■■■■■■■■■■■■■■■■■■■■■■                                                |  40% of 2.3 MiB
2026-10-05T23:19:20.8252951Z |■■■■■■■■■■■■■■■■■■■■■■■■■■■■■■■■■■■■■■■■                                        |  50% of 2.3 MiB
2026-10-05T23:19:20.8267475Z |■■■■■■■■■■■■■■■■■■■■■■■■■■■■■■■■■■■■■■■■■■■■■■■■                                |  60% of 2.3 MiB
2026-10-05T23:19:20.8292689Z |■■■■■■■■■■■■■■■■■■■■■■■■■■■■■■■■■■■■■■■■■■■■■■■■■■■■■■■■                        |  70% of 2.3 MiB
2026-10-05T23:19:20.8318047Z |■■■■■■■■■■■■■■■■■■■■■■■■■■■■■■■■■■■■■■■■■■■■■■■■■■■■■■■■■■■■■■■■                |  80% of 2.3 MiB
2026-10-05T23:19:20.8330889Z |■■■■■■■■■■■■■■■■■■■■■■■■■■■■■■■■■■■■■■■■■■■■■■■■■■■■■■■■■■■■■■■■■■■■■■■■        |  90% of 2.3 MiB
2026-10-05T23:19:20.8340347Z |■■■■■■■■■■■■■■■■■■■■■■■■■■■■■■■■■■■■■■■■■■■■■■■■■■■■■■■■■■■■■■■■■■■■■■■■■■■■■■■■| 100% of 2.3 MiB
2026-10-05T23:19:20.9096542Z FFmpeg (playwright ffmpeg v1011) downloaded to /home/runner/.cache/ms-playwright/ffmpeg-1011
2026-10-05T23:19:20.9101283Z Downloading Chrome Headless Shell 153.0.8010.12 (playwright chromium-headless-shell v1243) from https://cdn.playwright.dev/builds/cft/153.0.8010.12/linux64/chrome-headless-shell-linux64.zip
2026-10-05T23:19:21.3728271Z |                                                                                |   0% of 114.3 MiB
2026-10-05T23:19:21.5141155Z |■■■■■■■■                                                                        |  10% of 114.3 MiB
2026-10-05T23:19:21.6151989Z |■■■■■■■■■■■■■■■■                                                                |  20% of 114.3 MiB
2026-10-05T23:19:21.7004090Z |■■■■■■■■■■■■■■■■■■■■■■■■                                                        |  30% of 114.3 MiB
2026-10-05T23:19:21.7980223Z |■■■■■■■■■■■■■■■■■■■■■■■■■■■■■■■■                                                |  40% of 114.3 MiB
2026-10-05T23:19:21.8809866Z |■■■■■■■■■■■■■■■■■■■■■■■■■■■■■■■■■■■■■■■■                                        |  50% of 114.3 MiB
2026-10-05T23:19:21.9491593Z |■■■■■■■■■■■■■■■■■■■■■■■■■■■■■■■■■■■■■■■■■■■■■■■■                                |  60% of 114.3 MiB
2026-10-05T23:19:22.0537401Z |■■■■■■■■■■■■■■■■■■■■■■■■■■■■■■■■■■■■■■■■■■■■■■■■■■■■■■■■                        |  70% of 114.3 MiB
2026-10-05T23:19:22.1133205Z |■■■■■■■■■■■■■■■■■■■■■■■■■■■■■■■■■■■■■■■■■■■■■■■■■■■■■■■■■■■■■■■■                |  80% of 114.3 MiB
2026-10-05T23:19:22.2129954Z |■■■■■■■■■■■■■■■■■■■■■■■■■■■■■■■■■■■■■■■■■■■■■■■■■■■■■■■■■■■■■■■■■■■■■■■■        |  90% of 114.3 MiB
2026-10-05T23:19:22.2897376Z |■■■■■■■■■■■■■■■■■■■■■■■■■■■■■■■■■■■■■■■■■■■■■■■■■■■■■■■■■■■■■■■■■■■■■■■■■■■■■■■■| 100% of 114.3 MiB
2026-10-05T23:19:24.6522252Z Chrome Headless Shell 153.0.8010.12 (playwright chromium-headless-shell v1243) downloaded to /home/runner/.cache/ms-playwright/chromium_headless_shell-1243
2026-10-05T23:19:24.6796730Z ##[group]Run pnpm exec vitest run --config vitest.media-detail-complete-browser.config.ts --reporter=default --reporter=json --outputFile=media-detail-source-results.json
2026-10-05T23:19:24.6798506Z [36;1mpnpm exec vitest run --config vitest.media-detail-complete-browser.config.ts --reporter=default --reporter=json --outputFile=media-detail-source-results.json[0m
2026-10-05T23:19:24.6865620Z shell: /usr/bin/bash -e {0}
2026-10-05T23:19:24.6865925Z env:
2026-10-05T23:19:24.6866217Z   PNPM_HOME: /home/runner/setup-pnpm/node_modules/.bin
2026-10-05T23:19:24.6866567Z   DEBUG: pw:browser
2026-10-05T23:19:24.6866796Z ##[endgroup]
2026-10-05T23:19:25.3113073Z [33m(!) Your Vite config uses features that are unsupported by `configLoader: 'native'`, which is planned to become the default in a future major version of Vite:
2026-10-05T23:19:25.3114853Z   - import "./vitest.media-admin-editor-browser.config" without a file extension (vitest.media-detail-complete-browser.config.ts:4:26). Add the file extension
2026-10-05T23:19:25.3116280Z Set `VITE_CONFIG_NATIVE_IGNORE_WARNING=true` to suppress this warning.[39m
2026-10-05T23:19:25.6102179Z 
2026-10-05T23:19:25.6103783Z [1m[30m[46m RUN [49m[39m[22m [36mv4.1.10 [39m[90m/home/runner/work/cms/cms[39m
2026-10-05T23:19:25.6104181Z 
2026-10-05T23:19:25.6351195Z [33m(!) Your Vite config uses features that are unsupported by `configLoader: 'native'`, which is planned to become the default in a future major version of Vite:
2026-10-05T23:19:25.6353595Z   - import "./vitest.media-admin-editor-browser.config" without a file extension (vitest.media-detail-complete-browser.config.ts:4:26). Add the file extension
2026-10-05T23:19:25.6355578Z Set `VITE_CONFIG_NATIVE_IGNORE_WARNING=true` to suppress this warning.[39m
2026-10-05T23:19:26.6890452Z 2026-10-05T23:19:26.687Z pw:browser <launching> /home/runner/.cache/ms-playwright/chromium_headless_shell-1243/chrome-headless-shell-linux64/chrome-headless-shell --disable-field-trial-config --disable-background-networking --disable-background-timer-throttling --disable-backgrounding-occluded-windows --disable-back-forward-cache --disable-breakpad --disable-client-side-phishing-detection --disable-component-extensions-with-background-pages --disable-component-update --no-default-browser-check --disable-default-apps --disable-dev-shm-usage --disable-edgeupdater --disable-extensions --disable-features=AvoidUnnecessaryBeforeUnloadCheckSync,DestroyProfileOnBrowserClose,DialMediaRouteProvider,GlobalMediaControls,HttpsUpgrades,LensOverlay,MediaRouter,PaintHolding,ThirdPartyStoragePartitioning,BlockOriginHeaderModificationOnRedirect,Translate,AutoDeElevate,OptimizationHints,msForceBrowserSignIn,msEdgeUpdateLaunchServicesPreferredVersion --enable-features=CDPScreenshotNewSurface --allow-pre-commit-input --disable-hang-monitor --disable-ipc-flooding-protection --disable-popup-blocking --disable-prompt-on-repost --disable-renderer-backgrounding --disable-updater-scheduler --force-color-profile=srgb --metrics-recording-only --no-first-run --password-store=basic --use-mock-keychain --no-service-autorun --export-tagged-pdf --disable-search-engine-choice-screen --unsafely-disable-devtools-self-xss-warnings --edge-skip-compat-layer-relaunch --disable-infobars --disable-search-engine-choice-screen --disable-sync --enable-unsafe-swiftshader --headless --hide-scrollbars --mute-audio --blink-settings=primaryHoverType=2,availableHoverTypes=2,primaryPointerType=4,availablePointerTypes=4 --user-data-dir=/tmp/playwright_chromiumdev_profile-mKj1Hd --remote-debugging-pipe --no-startup-window
2026-10-05T23:19:26.6961729Z 2026-10-05T23:19:26.695Z pw:browser <launched> pid=3224
2026-10-05T23:19:26.7299798Z 2026-10-05T23:19:26.728Z pw:browser [pid=3224][err] [1005/231926.727784:FATAL:content/browser/zygote_host/zygote_host_impl_linux.cc:129] No usable sandbox! If you are running on Ubuntu 23.10+ or another Linux distro that has disabled unprivileged user namespaces with AppArmor, see https://chromium.googlesource.com/chromium/src/+/main/docs/security/apparmor-userns-restrictions.md. Otherwise see https://chromium.googlesource.com/chromium/src/+/main/docs/linux/suid_sandbox_development.md for more information on developing with the (older) SUID sandbox. If you want to live dangerously and need an immediate workaround, you can try using --no-sandbox.
2026-10-05T23:19:26.8851975Z [2m11:19:26 PM[22m [36m[1m[vite][22m[39m [90m[2m(client)[22m[39m [optimizer] bundling dependencies...
2026-10-05T23:19:27.0734825Z 2026-10-05T23:19:27.073Z pw:browser [pid=3224] <gracefully close start>
2026-10-05T23:19:27.0742526Z 2026-10-05T23:19:27.073Z pw:browser [pid=3224] <kill>
2026-10-05T23:19:27.0744196Z 2026-10-05T23:19:27.074Z pw:browser [pid=3224] <will force kill>
2026-10-05T23:19:27.0811132Z 2026-10-05T23:19:27.080Z pw:browser [pid=3224] <process did exit: exitCode=null, signal=SIGTRAP>
2026-10-05T23:19:27.0814323Z 2026-10-05T23:19:27.080Z pw:browser [pid=3224] starting temporary directories cleanup
2026-10-05T23:19:27.0844364Z 2026-10-05T23:19:27.084Z pw:browser [pid=3224] finished temporary directories cleanup
2026-10-05T23:19:27.0846210Z 2026-10-05T23:19:27.084Z pw:browser [pid=3224] <gracefully close end>
2026-10-05T23:19:27.0903470Z [31m⎯⎯⎯⎯⎯⎯[39m[1m[41m Unhandled Errors [49m[22m[31m⎯⎯⎯⎯⎯⎯[39m
2026-10-05T23:19:27.0904223Z [31m[1m
2026-10-05T23:19:27.0904594Z Vitest caught 1 unhandled error during the test run.
2026-10-05T23:19:27.0905420Z This might cause false positive tests. Resolve unhandled errors to make sure your tests are not affected.[22m[39m
2026-10-05T23:19:27.0949008Z 
2026-10-05T23:19:27.0950668Z [31m⎯⎯⎯⎯⎯⎯[39m[1m[41m Unhandled Error [49m[22m[31m⎯⎯⎯⎯⎯⎯⎯[39m
2026-10-05T23:19:27.0978379Z 
2026-10-05T23:19:27.0980325Z [31m[1mError[22m: browserType.launch: Target page, context or browser has been closed
2026-10-05T23:19:27.0981420Z [2m Test Files [22m [90m (6)[39m
2026-10-05T23:19:27.0982449Z [2m      Tests [22m [2mno tests[22m
2026-10-05T23:19:27.0983484Z [2m     Errors [22m [1m[31m1 error[39m[22m
2026-10-05T23:19:27.0984331Z [2m   Start at [22m 23:19:25
2026-10-05T23:19:27.0985647Z [2m   Duration [22m 1.47s[2m (transform 0ms, setup 0ms, import 0ms, tests 0ms, environment 0ms)[22m
2026-10-05T23:19:27.0986533Z 
2026-10-05T23:19:27.0986936Z Browser logs:
2026-10-05T23:19:27.0989316Z Chromium sandboxing failed!
2026-10-05T23:19:27.0990849Z ================================
2026-10-05T23:19:27.0996814Z To avoid the sandboxing issue, do either of the following:
2026-10-05T23:19:27.0998638Z   - (preferred): Configure your environment to support sandboxing
2026-10-05T23:19:27.1000091Z   - (alternative): Launch Chromium without sandbox using 'chromiumSandbox: false' option
2026-10-05T23:19:27.1003625Z ================================
2026-10-05T23:19:27.1004186Z 
2026-10-05T23:19:27.1004534Z Call log:
2026-10-05T23:19:27.1023301Z   - <launching> /home/runner/.cache/ms-playwright/chromium_headless_shell-1243/chrome-headless-shell-linux64/chrome-headless-shell --disable-field-trial-config --disable-background-networking --disable-background-timer-throttling --disable-backgrounding-occluded-windows --disable-back-forward-cache --disable-breakpad --disable-client-side-phishing-detection --disable-component-extensions-with-background-pages --disable-component-update --no-default-browser-check --disable-default-apps --disable-dev-shm-usage --disable-edgeupdater --disable-extensions --disable-features=AvoidUnnecessaryBeforeUnloadCheckSync,DestroyProfileOnBrowserClose,DialMediaRouteProvider,GlobalMediaControls,HttpsUpgrades,LensOverlay,MediaRouter,PaintHolding,ThirdPartyStoragePartitioning,BlockOriginHeaderModificationOnRedirect,Translate,AutoDeElevate,OptimizationHints,msForceBrowserSignIn,msEdgeUpdateLaunchServicesPreferredVersion --enable-features=CDPScreenshotNewSurface --allow-pre-commit-input --disable-hang-monitor --disable-ipc-flooding-protection --disable-popup-blocking --disable-prompt-on-repost --disable-renderer-backgrounding --disable-updater-scheduler --force-color-profile=srgb --metrics-recording-only --no-first-run --password-store=basic --use-mock-keychain --no-service-autorun --export-tagged-pdf --disable-search-engine-choice-screen --unsafely-disable-devtools-self-xss-warnings --edge-skip-compat-layer-relaunch --disable-infobars --disable-search-engine-choice-screen --disable-sync --enable-unsafe-swiftshader --headless --hide-scrollbars --mute-audio --blink-settings=primaryHoverType=2,availableHoverTypes=2,primaryPointerType=4,availablePointerTypes=4 --user-data-dir=/tmp/playwright_chromiumdev_profile-mKj1Hd --remote-debugging-pipe --no-startup-window
2026-10-05T23:19:27.1040638Z   - <launched> pid=3224
2026-10-05T23:19:27.1046095Z   - [pid=3224][err] [1005/231926.727784:FATAL:content/browser/zygote_host/zygote_host_impl_linux.cc:129] No usable sandbox! If you are running on Ubuntu 23.10+ or another Linux distro that has disabled unprivileged user namespaces with AppArmor, see https://chromium.googlesource.com/chromium/src/+/main/docs/security/apparmor-userns-restrictions.md. Otherwise see https://chromium.googlesource.com/chromium/src/+/main/docs/linux/suid_sandbox_development.md for more information on developing with the (older) SUID sandbox. If you want to live dangerously and need an immediate workaround, you can try using --no-sandbox.
2026-10-05T23:19:27.1051131Z JSON report written to /home/runner/work/cms/cms/media-detail-source-results.json
2026-10-05T23:19:27.1052323Z   - [pid=3224] <gracefully close start>
2026-10-05T23:19:27.1053062Z   - [pid=3224] <kill>
2026-10-05T23:19:27.1053821Z   - [pid=3224] <will force kill>
2026-10-05T23:19:27.1054801Z   - [pid=3224] <process did exit: exitCode=null, signal=SIGTRAP>
2026-10-05T23:19:27.1055624Z   - [pid=3224] starting temporary directories cleanup
2026-10-05T23:19:27.1056371Z   - [pid=3224] finished temporary directories cleanup
2026-10-05T23:19:27.1057042Z   - [pid=3224] <gracefully close end>
2026-10-05T23:19:27.1058072Z [39m
2026-10-05T23:19:27.1060472Z [90m [2m❯[22m node_modules/.pnpm/@vitest+browser-playwright@4.1.10_playwright@1.63.0_vite@8.3.2_@types+node@24.19.0_esbu_b414ef90e9a19338a25757a23406d451/node_modules/@vitest/browser-playwright/dist/index.js:[2m941:55[22m[39m
2026-10-05T23:19:27.1064780Z [90m [2m❯[22m PlaywrightBrowserProvider.createContext node_modules/.pnpm/@vitest+browser-playwright@4.1.10_playwright@1.63.0_vite@8.3.2_@types+node@24.19.0_esbu_b414ef90e9a19338a25757a23406d451/node_modules/@vitest/browser-playwright/dist/index.js:[2m1077:19[22m[39m
2026-10-05T23:19:27.1069555Z [90m [2m❯[22m PlaywrightBrowserProvider.openBrowserPage node_modules/.pnpm/@vitest+browser-playwright@4.1.10_playwright@1.63.0_vite@8.3.2_@types+node@24.19.0_esbu_b414ef90e9a19338a25757a23406d451/node_modules/@vitest/browser-playwright/dist/index.js:[2m1147:19[22m[39m
2026-10-05T23:19:27.1074121Z [90m [2m❯[22m PlaywrightBrowserProvider.openPage node_modules/.pnpm/@vitest+browser-playwright@4.1.10_playwright@1.63.0_vite@8.3.2_@types+node@24.19.0_esbu_b414ef90e9a19338a25757a23406d451/node_modules/@vitest/browser-playwright/dist/index.js:[2m1161:23[22m[39m
2026-10-05T23:19:27.1081910Z [90m [2m❯[22m TestProject._openBrowserPage node_modules/.pnpm/vitest@4.1.10_@types+node@24.19.0_@vitest+browser-playwright@4.1.10_jsdom@30.1.1_vite@8_ee38918407c9c444cc73696c320249df/node_modules/vitest/dist/chunks/cli-api.BK8pd4xc.js:[2m10973:3[22m[39m
2026-10-05T23:19:27.1086069Z [90m [2m❯[22m BrowserPool.openPage node_modules/.pnpm/vitest@4.1.10_@types+node@24.19.0_@vitest+browser-playwright@4.1.10_jsdom@30.1.1_vite@8_ee38918407c9c444cc73696c320249df/node_modules/vitest/dist/chunks/cli-api.BK8pd4xc.js:[2m2578:3[22m[39m
2026-10-05T23:19:27.1091518Z [90m [2m❯[22m BrowserPool.runTests node_modules/.pnpm/vitest@4.1.10_@types+node@24.19.0_@vitest+browser-playwright@4.1.10_jsdom@30.1.1_vite@8_ee38918407c9c444cc73696c320249df/node_modules/vitest/dist/chunks/cli-api.BK8pd4xc.js:[2m2573:3[22m[39m
2026-10-05T23:19:27.1104278Z [90m [2m❯[22m runWorkspaceTests node_modules/.pnpm/vitest@4.1.10_@types+node@24.19.0_@vitest+browser-playwright@4.1.10_jsdom@30.1.1_vite@8_ee38918407c9c444cc73696c320249df/node_modules/vitest/dist/chunks/cli-api.BK8pd4xc.js:[2m2473:3[22m[39m
2026-10-05T23:19:27.1108557Z [90m [2m❯[22m executeTests node_modules/.pnpm/vitest@4.1.10_@types+node@24.19.0_@vitest+browser-playwright@4.1.10_jsdom@30.1.1_vite@8_ee38918407c9c444cc73696c320249df/node_modules/vitest/dist/chunks/cli-api.BK8pd4xc.js:[2m3712:25[22m[39m
2026-10-05T23:19:27.1112332Z [90m [2m❯[22m node_modules/.pnpm/vitest@4.1.10_@types+node@24.19.0_@vitest+browser-playwright@4.1.10_jsdom@30.1.1_vite@8_ee38918407c9c444cc73696c320249df/node_modules/vitest/dist/chunks/cli-api.BK8pd4xc.js:[2m13590:7[22m[39m
2026-10-05T23:19:27.1115998Z [90m [2m❯[22m node_modules/.pnpm/vitest@4.1.10_@types+node@24.19.0_@vitest+browser-playwright@4.1.10_jsdom@30.1.1_vite@8_ee38918407c9c444cc73696c320249df/node_modules/vitest/dist/chunks/cli-api.BK8pd4xc.js:[2m13617:11[22m[39m
2026-10-05T23:19:27.1120220Z [90m [2m❯[22m node_modules/.pnpm/vitest@4.1.10_@types+node@24.19.0_@vitest+browser-playwright@4.1.10_jsdom@30.1.1_vite@8_ee38918407c9c444cc73696c320249df/node_modules/vitest/dist/chunks/cli-api.BK8pd4xc.js:[2m13479:19[22m[39m
2026-10-05T23:19:27.1123980Z [90m [2m❯[22m startVitest node_modules/.pnpm/vitest@4.1.10_@types+node@24.19.0_@vitest+browser-playwright@4.1.10_jsdom@30.1.1_vite@8_ee38918407c9c444cc73696c320249df/node_modules/vitest/dist/chunks/cli-api.BK8pd4xc.js:[2m14554:8[22m[39m
2026-10-05T23:19:27.1127851Z [90m [2m❯[22m start node_modules/.pnpm/vitest@4.1.10_@types+node@24.19.0_@vitest+browser-playwright@4.1.10_jsdom@30.1.1_vite@8_ee38918407c9c444cc73696c320249df/node_modules/vitest/dist/chunks/cac.DdICfEr1.js:[2m2340:15[22m[39m
2026-10-05T23:19:27.1131472Z [90m [2m❯[22m CAC.run node_modules/.pnpm/vitest@4.1.10_@types+node@24.19.0_@vitest+browser-playwright@4.1.10_jsdom@30.1.1_vite@8_ee38918407c9c444cc73696c320249df/node_modules/vitest/dist/chunks/cac.DdICfEr1.js:[2m2318:2[22m[39m
2026-10-05T23:19:27.1133004Z 
2026-10-05T23:19:27.1133557Z [31m[2m⎯⎯⎯⎯⎯⎯⎯⎯⎯⎯⎯⎯⎯⎯⎯⎯⎯⎯⎯⎯⎯⎯⎯⎯⎯⎯⎯⎯⎯⎯[22m[39m
2026-10-05T23:19:27.1164310Z [31m[1mSerialized Error:[22m[39m [90m{ log: [ '  - <launching> /home/runner/.cache/ms-playwright/chromium_headless_shell-1243/chrome-headless-shell-linux64/chrome-headless-shell --disable-field-trial-config --disable-background-networking --disable-background-timer-throttling --disable-backgrounding-occluded-windows --disable-back-forward-cache --disable-breakpad --disable-client-side-phishing-detection --disable-component-extensions-with-background-pages --disable-component-update --no-default-browser-check --disable-default-apps --disable-dev-shm-usage --disable-edgeupdater --disable-extensions --disable-features=AvoidUnnecessaryBeforeUnloadCheckSync,DestroyProfileOnBrowserClose,DialMediaRouteProvider,GlobalMediaControls,HttpsUpgrades,LensOverlay,MediaRouter,PaintHolding,ThirdPartyStoragePartitioning,BlockOriginHeaderModificationOnRedirect,Translate,AutoDeElevate,OptimizationHints,msForceBrowserSignIn,msEdgeUpdateLaunchServicesPreferredVersion --enable-features=CDPScreenshotNewSurface --allow-pre-commit-input --disable-hang-monitor --disable-ipc-flooding-protection --disable-popup-blocking --disable-prompt-on-repost --disable-renderer-backgrounding --disable-updater-scheduler --force-color-profile=srgb --metrics-recording-only --no-first-run --password-store=basic --use-mock-keychain --no-service-autorun --export-tagged-pdf --disable-search-engine-choice-screen --unsafely-disable-devtools-self-xss-warnings --edge-skip-compat-layer-relaunch --disable-infobars --disable-search-engine-choice-screen --disable-sync --enable-unsafe-swiftshader --headless --hide-scrollbars --mute-audio --blink-settings=primaryHoverType=2,availableHoverTypes=2,primaryPointerType=4,availablePointerTypes=4 --user-data-dir=/tmp/playwright_chromiumdev_profile-mKj1Hd --remote-debugging-pipe --no-startup-window', '  - <launched> pid=3224', '  - [pid=3224][err] [1005/231926.727784:FATAL:content/browser/zygote_host/zygote_host_impl_linux.cc:129] No usable sandbox! If you are running on Ubuntu 23.10+ or another Linux distro that has disabled unprivileged user namespaces with AppArmor, see https://chromium.googlesource.com/chromium/src/+/main/docs/security/apparmor-userns-restrictions.md. Otherwise see https://chromium.googlesource.com/chromium/src/+/main/docs/linux/suid_sandbox_development.md for more information on developing with the (older) SUID sandbox. If you want to live dangerously and need an immediate workaround, you can try using --no-sandbox.', '  - [pid=3224] <gracefully close start>', '  - [pid=3224] <kill>', '  - [pid=3224] <will force kill>', '  - [pid=3224] <process did exit: exitCode=null, signal=SIGTRAP>', '  - [pid=3224] starting temporary directories cleanup', '  - [pid=3224] finished temporary directories cleanup', '  - [pid=3224] <gracefully close end>' ] }[39m
2026-10-05T23:19:27.1186925Z [31m⎯⎯⎯⎯⎯⎯⎯⎯⎯⎯⎯⎯⎯⎯⎯⎯⎯⎯⎯⎯⎯⎯⎯⎯⎯⎯⎯⎯⎯⎯[39m
2026-10-05T23:19:27.1187286Z 
2026-10-05T23:19:27.1188283Z error during close browserType.launch: Target page, context or browser has been closed
2026-10-05T23:19:27.1189041Z Browser logs:
2026-10-05T23:19:27.1189402Z Chromium sandboxing failed!
2026-10-05T23:19:27.1189944Z ================================
2026-10-05T23:19:27.1190662Z To avoid the sandboxing issue, do either of the following:
2026-10-05T23:19:27.1191510Z   - (preferred): Configure your environment to support sandboxing
2026-10-05T23:19:27.1192603Z   - (alternative): Launch Chromium without sandbox using 'chromiumSandbox: false' option
2026-10-05T23:19:27.1193515Z ================================
2026-10-05T23:19:27.1193831Z 
2026-10-05T23:19:27.1193997Z Call log:
2026-10-05T23:19:27.1210709Z   - <launching> /home/runner/.cache/ms-playwright/chromium_headless_shell-1243/chrome-headless-shell-linux64/chrome-headless-shell --disable-field-trial-config --disable-background-networking --disable-background-timer-throttling --disable-backgrounding-occluded-windows --disable-back-forward-cache --disable-breakpad --disable-client-side-phishing-detection --disable-component-extensions-with-background-pages --disable-component-update --no-default-browser-check --disable-default-apps --disable-dev-shm-usage --disable-edgeupdater --disable-extensions --disable-features=AvoidUnnecessaryBeforeUnloadCheckSync,DestroyProfileOnBrowserClose,DialMediaRouteProvider,GlobalMediaControls,HttpsUpgrades,LensOverlay,MediaRouter,PaintHolding,ThirdPartyStoragePartitioning,BlockOriginHeaderModificationOnRedirect,Translate,AutoDeElevate,OptimizationHints,msForceBrowserSignIn,msEdgeUpdateLaunchServicesPreferredVersion --enable-features=CDPScreenshotNewSurface --allow-pre-commit-input --disable-hang-monitor --disable-ipc-flooding-protection --disable-popup-blocking --disable-prompt-on-repost --disable-renderer-backgrounding --disable-updater-scheduler --force-color-profile=srgb --metrics-recording-only --no-first-run --password-store=basic --use-mock-keychain --no-service-autorun --export-tagged-pdf --disable-search-engine-choice-screen --unsafely-disable-devtools-self-xss-warnings --edge-skip-compat-layer-relaunch --disable-infobars --disable-search-engine-choice-screen --disable-sync --enable-unsafe-swiftshader --headless --hide-scrollbars --mute-audio --blink-settings=primaryHoverType=2,availableHoverTypes=2,primaryPointerType=4,availablePointerTypes=4 --user-data-dir=/tmp/playwright_chromiumdev_profile-mKj1Hd --remote-debugging-pipe --no-startup-window
2026-10-05T23:19:27.1226834Z   - <launched> pid=3224
2026-10-05T23:19:27.1232143Z   - [pid=3224][err] [1005/231926.727784:FATAL:content/browser/zygote_host/zygote_host_impl_linux.cc:129] No usable sandbox! If you are running on Ubuntu 23.10+ or another Linux distro that has disabled unprivileged user namespaces with AppArmor, see https://chromium.googlesource.com/chromium/src/+/main/docs/security/apparmor-userns-restrictions.md. Otherwise see https://chromium.googlesource.com/chromium/src/+/main/docs/linux/suid_sandbox_development.md for more information on developing with the (older) SUID sandbox. If you want to live dangerously and need an immediate workaround, you can try using --no-sandbox.
2026-10-05T23:19:27.1236434Z   - [pid=3224] <gracefully close start>
2026-10-05T23:19:27.1236966Z   - [pid=3224] <kill>
2026-10-05T23:19:27.1237442Z   - [pid=3224] <will force kill>
2026-10-05T23:19:27.1238349Z   - [pid=3224] <process did exit: exitCode=null, signal=SIGTRAP>
2026-10-05T23:19:27.1239239Z   - [pid=3224] starting temporary directories cleanup
2026-10-05T23:19:27.1239821Z   - [pid=3224] finished temporary directories cleanup
2026-10-05T23:19:27.1240506Z   - [pid=3224] <gracefully close end>
2026-10-05T23:19:27.1240873Z 
2026-10-05T23:19:27.1242520Z     at /home/runner/work/cms/cms/node_modules/.pnpm/@vitest+browser-playwright@4.1.10_playwright@1.63.0_vite@8.3.2_@types+node@24.19.0_esbu_b414ef90e9a19338a25757a23406d451/node_modules/@vitest/browser-playwright/dist/index.js:941:55
2026-10-05T23:19:27.1245789Z     at PlaywrightBrowserProvider.createContext (/home/runner/work/cms/cms/node_modules/.pnpm/@vitest+browser-playwright@4.1.10_playwright@1.63.0_vite@8.3.2_@types+node@24.19.0_esbu_b414ef90e9a19338a25757a23406d451/node_modules/@vitest/browser-playwright/dist/index.js:1077:19)
2026-10-05T23:19:27.1249257Z     at PlaywrightBrowserProvider.openBrowserPage (/home/runner/work/cms/cms/node_modules/.pnpm/@vitest+browser-playwright@4.1.10_playwright@1.63.0_vite@8.3.2_@types+node@24.19.0_esbu_b414ef90e9a19338a25757a23406d451/node_modules/@vitest/browser-playwright/dist/index.js:1147:19)
2026-10-05T23:19:27.1252463Z     at PlaywrightBrowserProvider.openPage (/home/runner/work/cms/cms/node_modules/.pnpm/@vitest+browser-playwright@4.1.10_playwright@1.63.0_vite@8.3.2_@types+node@24.19.0_esbu_b414ef90e9a19338a25757a23406d451/node_modules/@vitest/browser-playwright/dist/index.js:1161:23)
2026-10-05T23:19:27.1255298Z     at TestProject._openBrowserPage (/home/runner/work/cms/cms/node_modules/.pnpm/vitest@4.1.10_@types+node@24.19.0_@vitest+browser-playwright@4.1.10_jsdom@30.1.1_vite@8_ee38918407c9c444cc73696c320249df/node_modules/vitest/dist/chunks/cli-api.BK8pd4xc.js:10973:3)
2026-10-05T23:19:27.1258520Z     at BrowserPool.openPage (/home/runner/work/cms/cms/node_modules/.pnpm/vitest@4.1.10_@types+node@24.19.0_@vitest+browser-playwright@4.1.10_jsdom@30.1.1_vite@8_ee38918407c9c444cc73696c320249df/node_modules/vitest/dist/chunks/cli-api.BK8pd4xc.js:2578:3)
2026-10-05T23:19:27.1262003Z     at BrowserPool.runTests (/home/runner/work/cms/cms/node_modules/.pnpm/vitest@4.1.10_@types+node@24.19.0_@vitest+browser-playwright@4.1.10_jsdom@30.1.1_vite@8_ee38918407c9c444cc73696c320249df/node_modules/vitest/dist/chunks/cli-api.BK8pd4xc.js:2573:3)
2026-10-05T23:19:27.1265486Z     at runWorkspaceTests (/home/runner/work/cms/cms/node_modules/.pnpm/vitest@4.1.10_@types+node@24.19.0_@vitest+browser-playwright@4.1.10_jsdom@30.1.1_vite@8_ee38918407c9c444cc73696c320249df/node_modules/vitest/dist/chunks/cli-api.BK8pd4xc.js:2473:3)
2026-10-05T23:19:27.1269195Z     at executeTests (/home/runner/work/cms/cms/node_modules/.pnpm/vitest@4.1.10_@types+node@24.19.0_@vitest+browser-playwright@4.1.10_jsdom@30.1.1_vite@8_ee38918407c9c444cc73696c320249df/node_modules/vitest/dist/chunks/cli-api.BK8pd4xc.js:3712:25)
2026-10-05T23:19:27.1272746Z     at /home/runner/work/cms/cms/node_modules/.pnpm/vitest@4.1.10_@types+node@24.19.0_@vitest+browser-playwright@4.1.10_jsdom@30.1.1_vite@8_ee38918407c9c444cc73696c320249df/node_modules/vitest/dist/chunks/cli-api.BK8pd4xc.js:13590:7
2026-10-05T23:19:27.1275941Z     at /home/runner/work/cms/cms/node_modules/.pnpm/vitest@4.1.10_@types+node@24.19.0_@vitest+browser-playwright@4.1.10_jsdom@30.1.1_vite@8_ee38918407c9c444cc73696c320249df/node_modules/vitest/dist/chunks/cli-api.BK8pd4xc.js:13617:11
2026-10-05T23:19:27.1279338Z     at /home/runner/work/cms/cms/node_modules/.pnpm/vitest@4.1.10_@types+node@24.19.0_@vitest+browser-playwright@4.1.10_jsdom@30.1.1_vite@8_ee38918407c9c444cc73696c320249df/node_modules/vitest/dist/chunks/cli-api.BK8pd4xc.js:13479:19
2026-10-05T23:19:27.1282984Z     at startVitest (/home/runner/work/cms/cms/node_modules/.pnpm/vitest@4.1.10_@types+node@24.19.0_@vitest+browser-playwright@4.1.10_jsdom@30.1.1_vite@8_ee38918407c9c444cc73696c320249df/node_modules/vitest/dist/chunks/cli-api.BK8pd4xc.js:14554:8)
2026-10-05T23:19:27.1286309Z     at start (/home/runner/work/cms/cms/node_modules/.pnpm/vitest@4.1.10_@types+node@24.19.0_@vitest+browser-playwright@4.1.10_jsdom@30.1.1_vite@8_ee38918407c9c444cc73696c320249df/node_modules/vitest/dist/chunks/cac.DdICfEr1.js:2340:15)
2026-10-05T23:19:27.1289890Z     at CAC.run (/home/runner/work/cms/cms/node_modules/.pnpm/vitest@4.1.10_@types+node@24.19.0_@vitest+browser-playwright@4.1.10_jsdom@30.1.1_vite@8_ee38918407c9c444cc73696c320249df/node_modules/vitest/dist/chunks/cac.DdICfEr1.js:2318:2) {
2026-10-05T23:19:27.1291668Z   log: [
2026-10-05T23:19:27.1308782Z     '  - <launching> /home/runner/.cache/ms-playwright/chromium_headless_shell-1243/chrome-headless-shell-linux64/chrome-headless-shell --disable-field-trial-config --disable-background-networking --disable-background-timer-throttling --disable-backgrounding-occluded-windows --disable-back-forward-cache --disable-breakpad --disable-client-side-phishing-detection --disable-component-extensions-with-background-pages --disable-component-update --no-default-browser-check --disable-default-apps --disable-dev-shm-usage --disable-edgeupdater --disable-extensions --disable-features=AvoidUnnecessaryBeforeUnloadCheckSync,DestroyProfileOnBrowserClose,DialMediaRouteProvider,GlobalMediaControls,HttpsUpgrades,LensOverlay,MediaRouter,PaintHolding,ThirdPartyStoragePartitioning,BlockOriginHeaderModificationOnRedirect,Translate,AutoDeElevate,OptimizationHints,msForceBrowserSignIn,msEdgeUpdateLaunchServicesPreferredVersion --enable-features=CDPScreenshotNewSurface --allow-pre-commit-input --disable-hang-monitor --disable-ipc-flooding-protection --disable-popup-blocking --disable-prompt-on-repost --disable-renderer-backgrounding --disable-updater-scheduler --force-color-profile=srgb --metrics-recording-only --no-first-run --password-store=basic --use-mock-keychain --no-service-autorun --export-tagged-pdf --disable-search-engine-choice-screen --unsafely-disable-devtools-self-xss-warnings --edge-skip-compat-layer-relaunch --disable-infobars --disable-search-engine-choice-screen --disable-sync --enable-unsafe-swiftshader --headless --hide-scrollbars --mute-audio --blink-settings=primaryHoverType=2,availableHoverTypes=2,primaryPointerType=4,availablePointerTypes=4 --user-data-dir=/tmp/playwright_chromiumdev_profile-mKj1Hd --remote-debugging-pipe --no-startup-window',
2026-10-05T23:19:27.1325119Z     '  - <launched> pid=3224',
2026-10-05T23:19:27.1330002Z     '  - [pid=3224][err] [1005/231926.727784:FATAL:content/browser/zygote_host/zygote_host_impl_linux.cc:129] No usable sandbox! If you are running on Ubuntu 23.10+ or another Linux distro that has disabled unprivileged user namespaces with AppArmor, see https://chromium.googlesource.com/chromium/src/+/main/docs/security/apparmor-userns-restrictions.md. Otherwise see https://chromium.googlesource.com/chromium/src/+/main/docs/linux/suid_sandbox_development.md for more information on developing with the (older) SUID sandbox. If you want to live dangerously and need an immediate workaround, you can try using --no-sandbox.',
2026-10-05T23:19:27.1334834Z     '  - [pid=3224] <gracefully close start>',
2026-10-05T23:19:27.1335428Z     '  - [pid=3224] <kill>',
2026-10-05T23:19:27.1335978Z     '  - [pid=3224] <will force kill>',
2026-10-05T23:19:27.1336711Z     '  - [pid=3224] <process did exit: exitCode=null, signal=SIGTRAP>',
2026-10-05T23:19:27.1337809Z     '  - [pid=3224] starting temporary directories cleanup',
2026-10-05T23:19:27.1338501Z     '  - [pid=3224] finished temporary directories cleanup',
2026-10-05T23:19:27.1339015Z     '  - [pid=3224] <gracefully close end>'
2026-10-05T23:19:27.1339532Z   ],
2026-10-05T23:19:27.1339913Z   type: 'Unhandled Error',
2026-10-05T23:19:27.1340361Z   stacks: [
2026-10-05T23:19:27.1340689Z     {
2026-10-05T23:19:27.1341035Z       method: '',
2026-10-05T23:19:27.1343267Z       file: '/home/runner/work/cms/cms/node_modules/.pnpm/@vitest+browser-playwright@4.1.10_playwright@1.63.0_vite@8.3.2_@types+node@24.19.0_esbu_b414ef90e9a19338a25757a23406d451/node_modules/@vitest/browser-playwright/dist/index.js',
2026-10-05T23:19:27.1344357Z       line: 941,
2026-10-05T23:19:27.1344673Z       column: 55
2026-10-05T23:19:27.1345044Z     },
2026-10-05T23:19:27.1345387Z     {
2026-10-05T23:19:27.1345956Z       method: 'PlaywrightBrowserProvider.createContext',
2026-10-05T23:19:27.1348326Z       file: '/home/runner/work/cms/cms/node_modules/.pnpm/@vitest+browser-playwright@4.1.10_playwright@1.63.0_vite@8.3.2_@types+node@24.19.0_esbu_b414ef90e9a19338a25757a23406d451/node_modules/@vitest/browser-playwright/dist/index.js',
2026-10-05T23:19:27.1349981Z       line: 1077,
2026-10-05T23:19:27.1350383Z       column: 19
2026-10-05T23:19:27.1350752Z     },
2026-10-05T23:19:27.1350962Z     {
2026-10-05T23:19:27.1351529Z       method: 'PlaywrightBrowserProvider.openBrowserPage',
2026-10-05T23:19:27.1353642Z       file: '/home/runner/work/cms/cms/node_modules/.pnpm/@vitest+browser-playwright@4.1.10_playwright@1.63.0_vite@8.3.2_@types+node@24.19.0_esbu_b414ef90e9a19338a25757a23406d451/node_modules/@vitest/browser-playwright/dist/index.js',
2026-10-05T23:19:27.1355300Z       line: 1147,
2026-10-05T23:19:27.1355703Z       column: 19
2026-10-05T23:19:27.1356114Z     },
2026-10-05T23:19:27.1356450Z     {
2026-10-05T23:19:27.1356972Z       method: 'PlaywrightBrowserProvider.openPage',
2026-10-05T23:19:27.1359093Z       file: '/home/runner/work/cms/cms/node_modules/.pnpm/@vitest+browser-playwright@4.1.10_playwright@1.63.0_vite@8.3.2_@types+node@24.19.0_esbu_b414ef90e9a19338a25757a23406d451/node_modules/@vitest/browser-playwright/dist/index.js',
2026-10-05T23:19:27.1360843Z       line: 1161,
2026-10-05T23:19:27.1361197Z       column: 23
2026-10-05T23:19:27.1361561Z     },
2026-10-05T23:19:27.1361901Z     {
2026-10-05T23:19:27.1362362Z       method: 'TestProject._openBrowserPage',
2026-10-05T23:19:27.1364381Z       file: '/home/runner/work/cms/cms/node_modules/.pnpm/vitest@4.1.10_@types+node@24.19.0_@vitest+browser-playwright@4.1.10_jsdom@30.1.1_vite@8_ee38918407c9c444cc73696c320249df/node_modules/vitest/dist/chunks/cli-api.BK8pd4xc.js',
2026-10-05T23:19:27.1366066Z       line: 10973,
2026-10-05T23:19:27.1366360Z       column: 3
2026-10-05T23:19:27.1366715Z     },
2026-10-05T23:19:27.1367051Z     {
2026-10-05T23:19:27.1367494Z       method: 'BrowserPool.openPage',
2026-10-05T23:19:27.1369547Z       file: '/home/runner/work/cms/cms/node_modules/.pnpm/vitest@4.1.10_@types+node@24.19.0_@vitest+browser-playwright@4.1.10_jsdom@30.1.1_vite@8_ee38918407c9c444cc73696c320249df/node_modules/vitest/dist/chunks/cli-api.BK8pd4xc.js',
2026-10-05T23:19:27.1371263Z       line: 2578,
2026-10-05T23:19:27.1371497Z       column: 3
2026-10-05T23:19:27.1371703Z     },
2026-10-05T23:19:27.1371982Z     {
2026-10-05T23:19:27.1372423Z       method: 'BrowserPool.runTests',
2026-10-05T23:19:27.1374363Z       file: '/home/runner/work/cms/cms/node_modules/.pnpm/vitest@4.1.10_@types+node@24.19.0_@vitest+browser-playwright@4.1.10_jsdom@30.1.1_vite@8_ee38918407c9c444cc73696c320249df/node_modules/vitest/dist/chunks/cli-api.BK8pd4xc.js',
2026-10-05T23:19:27.1376376Z       line: 2573,
2026-10-05T23:19:27.1376764Z       column: 3
2026-10-05T23:19:27.1377133Z     },
2026-10-05T23:19:27.1377467Z     {
2026-10-05T23:19:27.1378212Z       method: 'runWorkspaceTests',
2026-10-05T23:19:27.1380126Z       file: '/home/runner/work/cms/cms/node_modules/.pnpm/vitest@4.1.10_@types+node@24.19.0_@vitest+browser-playwright@4.1.10_jsdom@30.1.1_vite@8_ee38918407c9c444cc73696c320249df/node_modules/vitest/dist/chunks/cli-api.BK8pd4xc.js',
2026-10-05T23:19:27.1381639Z       line: 2473,
2026-10-05T23:19:27.1382028Z       column: 3
2026-10-05T23:19:27.1382393Z     },
2026-10-05T23:19:27.1382595Z     {
2026-10-05T23:19:27.1383008Z       method: 'executeTests',
2026-10-05T23:19:27.1385180Z       file: '/home/runner/work/cms/cms/node_modules/.pnpm/vitest@4.1.10_@types+node@24.19.0_@vitest+browser-playwright@4.1.10_jsdom@30.1.1_vite@8_ee38918407c9c444cc73696c320249df/node_modules/vitest/dist/chunks/cli-api.BK8pd4xc.js',
2026-10-05T23:19:27.1386920Z       line: 3712,
2026-10-05T23:19:27.1387303Z       column: 25
2026-10-05T23:19:27.1387882Z     },
2026-10-05T23:19:27.1388216Z     {
2026-10-05T23:19:27.1388438Z       method: '',
2026-10-05T23:19:27.1390300Z       file: '/home/runner/work/cms/cms/node_modules/.pnpm/vitest@4.1.10_@types+node@24.19.0_@vitest+browser-playwright@4.1.10_jsdom@30.1.1_vite@8_ee38918407c9c444cc73696c320249df/node_modules/vitest/dist/chunks/cli-api.BK8pd4xc.js',
2026-10-05T23:19:27.1392007Z       line: 13590,
2026-10-05T23:19:27.1392384Z       column: 7
2026-10-05T23:19:27.1392755Z     },
2026-10-05T23:19:27.1393078Z     {
2026-10-05T23:19:27.1393437Z       method: '',
2026-10-05T23:19:27.1395266Z       file: '/home/runner/work/cms/cms/node_modules/.pnpm/vitest@4.1.10_@types+node@24.19.0_@vitest+browser-playwright@4.1.10_jsdom@30.1.1_vite@8_ee38918407c9c444cc73696c320249df/node_modules/vitest/dist/chunks/cli-api.BK8pd4xc.js',
2026-10-05T23:19:27.1397021Z       line: 13617,
2026-10-05T23:19:27.1397409Z       column: 11
2026-10-05T23:19:27.1398019Z     },
2026-10-05T23:19:27.1398385Z     {
2026-10-05T23:19:27.1398713Z       method: '',
2026-10-05T23:19:27.1400561Z       file: '/home/runner/work/cms/cms/node_modules/.pnpm/vitest@4.1.10_@types+node@24.19.0_@vitest+browser-playwright@4.1.10_jsdom@30.1.1_vite@8_ee38918407c9c444cc73696c320249df/node_modules/vitest/dist/chunks/cli-api.BK8pd4xc.js',
2026-10-05T23:19:27.1402291Z       line: 13479,
2026-10-05T23:19:27.1402681Z       column: 19
2026-10-05T23:19:27.1403050Z     },
2026-10-05T23:19:27.1403375Z     {
2026-10-05T23:19:27.1403754Z       method: 'startVitest',
2026-10-05T23:19:27.1405369Z       file: '/home/runner/work/cms/cms/node_modules/.pnpm/vitest@4.1.10_@types+node@24.19.0_@vitest+browser-playwright@4.1.10_jsdom@30.1.1_vite@8_ee38918407c9c444cc73696c320249df/node_modules/vitest/dist/chunks/cli-api.BK8pd4xc.js',
2026-10-05T23:19:27.1406917Z       line: 14554,
2026-10-05T23:19:27.1407153Z       column: 8
2026-10-05T23:19:27.1407397Z     },
2026-10-05T23:19:27.1407950Z     {
2026-10-05T23:19:27.1408299Z       method: 'start',
2026-10-05T23:19:27.1409617Z       file: '/home/runner/work/cms/cms/node_modules/.pnpm/vitest@4.1.10_@types+node@24.19.0_@vitest+browser-playwright@4.1.10_jsdom@30.1.1_vite@8_ee38918407c9c444cc73696c320249df/node_modules/vitest/dist/chunks/cac.DdICfEr1.js',
2026-10-05T23:19:27.1410858Z       line: 2340,
2026-10-05T23:19:27.1411190Z       column: 15
2026-10-05T23:19:27.1411397Z     },
2026-10-05T23:19:27.1411588Z     {
2026-10-05T23:19:27.1411857Z       method: 'CAC.run',
2026-10-05T23:19:27.1413307Z       file: '/home/runner/work/cms/cms/node_modules/.pnpm/vitest@4.1.10_@types+node@24.19.0_@vitest+browser-playwright@4.1.10_jsdom@30.1.1_vite@8_ee38918407c9c444cc73696c320249df/node_modules/vitest/dist/chunks/cac.DdICfEr1.js',
2026-10-05T23:19:27.1414587Z       line: 2318,
2026-10-05T23:19:27.1415354Z       column: 2
2026-10-05T23:19:27.1415724Z     }
2026-10-05T23:19:27.1416069Z   ]
2026-10-05T23:19:27.1416397Z }
2026-10-05T23:19:27.5212025Z ##[error]Process completed with exit code 1.
2026-10-05T23:19:27.5305769Z ##[group]Run actions/upload-artifact@v4
2026-10-05T23:19:27.5306107Z with:
2026-10-05T23:19:27.5306334Z   name: media-detail-source-results
2026-10-05T23:19:27.5306641Z   path: media-detail-source-results.json
2026-10-05T23:19:27.5306931Z   retention-days: 14
2026-10-05T23:19:27.5307172Z   if-no-files-found: warn
2026-10-05T23:19:27.5307416Z   compression-level: 6
2026-10-05T23:19:27.5308082Z   overwrite: false
2026-10-05T23:19:27.5308332Z   include-hidden-files: false
2026-10-05T23:19:27.5308587Z env:
2026-10-05T23:19:27.5308840Z   PNPM_HOME: /home/runner/setup-pnpm/node_modules/.bin
2026-10-05T23:19:27.5309170Z ##[endgroup]
2026-10-05T23:19:27.7115577Z (node:3240) [DEP0040] DeprecationWarning: The `punycode` module is deprecated. Please use a userland alternative instead.
2026-10-05T23:19:27.7117189Z (Use `node --trace-deprecation ...` to show where the warning was created)
2026-10-05T23:19:27.7169999Z With the provided path, there will be 1 file uploaded
2026-10-05T23:19:27.7178222Z Artifact name is valid!
2026-10-05T23:19:27.7179242Z Root directory input is valid!
2026-10-05T23:19:28.1156059Z Beginning upload of artifact content to blob storage
2026-10-05T23:19:28.1374385Z (node:3240) [DEP0169] DeprecationWarning: `url.parse()` behavior is not standardized and prone to errors that have security implications. Use the WHATWG URL API instead. CVEs are not issued for `url.parse()` vulnerabilities.
2026-10-05T23:19:28.4445263Z Uploaded bytes 579
2026-10-05T23:19:28.5284744Z Finished uploading artifact content to blob storage!
2026-10-05T23:19:28.5285827Z SHA256 digest of uploaded artifact zip is 14bb35f3fc7e8039f0fb76ed187991daa9b1d90061b757a1a39984add730d9b2
2026-10-05T23:19:28.5287111Z Finalizing artifact upload
2026-10-05T23:19:28.7989419Z Artifact media-detail-source-results.zip successfully finalized. Artifact ID 11380147926
2026-10-05T23:19:28.7990633Z Artifact media-detail-source-results has been successfully uploaded! Final size is 579 bytes. Artifact ID is 11380147926
2026-10-05T23:19:28.7998683Z Artifact download URL: https://github.com/sveltery/cms/actions/runs/37387681212/artifacts/11380147926
2026-10-05T23:19:28.8168029Z Post job cleanup.
2026-10-05T23:19:28.9772769Z Pruning is unnecessary.
2026-10-05T23:19:28.9959478Z Post job cleanup.
2026-10-05T23:19:29.1012908Z [command]/usr/bin/git version
2026-10-05T23:19:29.1078439Z git version 2.55.0
2026-10-05T23:19:29.1134459Z Temporarily overriding HOME='/home/runner/work/_temp/517a978f-aeb9-4103-b525-67bebc8213c9' before making global git config changes
2026-10-05T23:19:29.1136270Z Adding repository directory to the temporary git global config as a safe directory
2026-10-05T23:19:29.1141421Z [command]/usr/bin/git config --global --add safe.directory /home/runner/work/cms/cms
2026-10-05T23:19:29.1193732Z [command]/usr/bin/git config --local --name-only --get-regexp core\.sshCommand
2026-10-05T23:19:29.1237843Z [command]/usr/bin/git submodule foreach --recursive sh -c "git config --local --name-only --get-regexp 'core\.sshCommand' && git config --local --unset-all 'core.sshCommand' || :"
2026-10-05T23:19:29.1541994Z [command]/usr/bin/git config --local --name-only --get-regexp http\.https\:\/\/github\.com\/\.extraheader
2026-10-05T23:19:29.1586505Z http.https://github.com/.extraheader
2026-10-05T23:19:29.1601296Z [command]/usr/bin/git config --local --unset-all http.https://github.com/.extraheader
2026-10-05T23:19:29.1646079Z [command]/usr/bin/git submodule foreach --recursive sh -c "git config --local --name-only --get-regexp 'http\.https\:\/\/github\.com\/\.extraheader' && git config --local --unset-all 'http.https://github.com/.extraheader' || :"
2026-10-05T23:19:29.1936856Z [command]/usr/bin/git config --local --name-only --get-regexp ^includeIf\.gitdir:
2026-10-05T23:19:29.1989616Z [command]/usr/bin/git submodule foreach --recursive git config --local --show-origin --name-only --get-regexp remote.origin.url
2026-10-05T23:19:29.2416082Z Cleaning up orphan processes
2026-10-05T23:19:29.2811260Z ##[warning]Node.js 20 is deprecated. The following actions target Node.js 20 but are being forced to run on Node.js 24: actions/checkout@v4, actions/setup-node@v4, actions/upload-artifact@v4, pnpm/action-setup@v4. For more information see: https://github.blog/changelog/2025-09-19-deprecation-of-node-20-on-github-actions-runners/
