2026-10-06T01:46:59.9699339Z Current runner version: '2.337.0'
2026-10-06T01:46:59.9723000Z ##[group]Runner Image Provisioner
2026-10-06T01:46:59.9723887Z Hosted Compute Agent
2026-10-06T01:46:59.9724448Z Version: 20260901.588
2026-10-06T01:46:59.9725095Z Commit: f88ec8081b781fac6c440065ac7ff9e710ce3d0b
2026-10-06T01:46:59.9726003Z Build Date: 2026-09-01T19:56:44Z
2026-10-06T01:46:59.9726709Z Worker ID: {5caf408c-5279-4e90-ac7a-f61d6e10431a}
2026-10-06T01:46:59.9727408Z Azure Region: centralus
2026-10-06T01:46:59.9727957Z ##[endgroup]
2026-10-06T01:46:59.9729279Z ##[group]Operating System
2026-10-06T01:46:59.9729861Z Ubuntu
2026-10-06T01:46:59.9730334Z 22.04.5
2026-10-06T01:46:59.9730857Z LTS
2026-10-06T01:46:59.9731360Z ##[endgroup]
2026-10-06T01:46:59.9731878Z ##[group]Runner Image
2026-10-06T01:46:59.9732477Z Image: ubuntu-22.04
2026-10-06T01:46:59.9733021Z Version: 20260927.309.1
2026-10-06T01:46:59.9734241Z Included Software: https://github.com/actions/runner-images/blob/ubuntu22/20260927.309/images/ubuntu/Ubuntu2204-Readme.md
2026-10-06T01:46:59.9735987Z Image Release: https://github.com/actions/runner-images/releases/tag/ubuntu22%2F20260927.309
2026-10-06T01:46:59.9736916Z ##[endgroup]
2026-10-06T01:46:59.9737975Z ##[group]GITHUB_TOKEN Permissions
2026-10-06T01:46:59.9740100Z Contents: read
2026-10-06T01:46:59.9740634Z Metadata: read
2026-10-06T01:46:59.9741225Z ##[endgroup]
2026-10-06T01:46:59.9743203Z Secret source: Actions
2026-10-06T01:46:59.9744072Z Cache mode: write
2026-10-06T01:46:59.9744755Z Prepare workflow directory
2026-10-06T01:47:00.0100518Z Prepare all required actions
2026-10-06T01:47:00.0150729Z Getting action download info
2026-10-06T01:47:00.3407010Z Download action repository 'actions/checkout@v4' (SHA:11d5960a326750d5838078e36cf38b85af677262)
2026-10-06T01:47:00.4271129Z Download action repository 'pnpm/action-setup@v4' (SHA:b906affcce14559ad1aafd4ab0e942779e9f58b1)
2026-10-06T01:47:00.8411489Z Download action repository 'actions/setup-node@v4' (SHA:49933ea5288caeca8642d1e84afbd3f7d6820020)
2026-10-06T01:47:01.1311368Z Download action repository 'actions/upload-artifact@v4' (SHA:ea165f8d65b6e75b540449e92b4886f43607fa02)
2026-10-06T01:47:01.5577025Z Complete job name: media-admin-editor-source (picker)
2026-10-06T01:47:01.6472451Z ##[group]Run actions/checkout@v4
2026-10-06T01:47:01.6473818Z with:
2026-10-06T01:47:01.6474735Z   repository: sveltery/cms
2026-10-06T01:47:01.6483708Z   token: ***
2026-10-06T01:47:01.6484763Z   ssh-strict: true
2026-10-06T01:47:01.6485918Z   ssh-user: git
2026-10-06T01:47:01.6487022Z   persist-credentials: true
2026-10-06T01:47:01.6488127Z   clean: true
2026-10-06T01:47:01.6489438Z   sparse-checkout-cone-mode: true
2026-10-06T01:47:01.6491005Z   fetch-depth: 1
2026-10-06T01:47:01.6492190Z   fetch-tags: false
2026-10-06T01:47:01.6493251Z   show-progress: true
2026-10-06T01:47:01.6494255Z   lfs: false
2026-10-06T01:47:01.6495304Z   submodules: false
2026-10-06T01:47:01.6496478Z   set-safe-directory: true
2026-10-06T01:47:01.6497603Z   allow-unsafe-pr-checkout: false
2026-10-06T01:47:01.6499113Z ##[endgroup]
2026-10-06T01:47:01.7566996Z Syncing repository: sveltery/cms
2026-10-06T01:47:01.7570347Z ##[group]Getting Git version info
2026-10-06T01:47:01.7572035Z Working directory is '/home/runner/work/cms/cms'
2026-10-06T01:47:01.7574547Z [command]/usr/bin/git version
2026-10-06T01:47:01.7624176Z git version 2.55.0
2026-10-06T01:47:01.7642661Z ##[endgroup]
2026-10-06T01:47:01.7654186Z Temporarily overriding HOME='/home/runner/work/_temp/5e48b2b2-b4ed-494e-8bcf-eca7f3e52479' before making global git config changes
2026-10-06T01:47:01.7658390Z Adding repository directory to the temporary git global config as a safe directory
2026-10-06T01:47:01.7661580Z [command]/usr/bin/git config --global --add safe.directory /home/runner/work/cms/cms
2026-10-06T01:47:01.7688858Z Deleting the contents of '/home/runner/work/cms/cms'
2026-10-06T01:47:01.7693685Z ##[group]Initializing the repository
2026-10-06T01:47:01.7697085Z [command]/usr/bin/git init /home/runner/work/cms/cms
2026-10-06T01:47:01.7816159Z hint: Using 'master' as the name for the initial branch. This default branch name
2026-10-06T01:47:01.7820136Z hint: will change to "main" in Git 3.0. To configure the initial branch name
2026-10-06T01:47:01.7823295Z hint: to use in all of your new repositories, which will suppress this warning,
2026-10-06T01:47:01.7825775Z hint: call:
2026-10-06T01:47:01.7827378Z hint:
2026-10-06T01:47:01.7829122Z hint: 	git config --global init.defaultBranch <name>
2026-10-06T01:47:01.7831302Z hint:
2026-10-06T01:47:01.7833329Z hint: Names commonly chosen instead of 'master' are 'main', 'trunk' and
2026-10-06T01:47:01.7836460Z hint: 'development'. The just-created branch can be renamed via this command:
2026-10-06T01:47:01.7839037Z hint:
2026-10-06T01:47:01.7840502Z hint: 	git branch -m <name>
2026-10-06T01:47:01.7842225Z hint:
2026-10-06T01:47:01.7844484Z hint: Disable this message with "git config set advice.defaultBranchName false"
2026-10-06T01:47:01.7847759Z Initialized empty Git repository in /home/runner/work/cms/cms/.git/
2026-10-06T01:47:01.7852891Z [command]/usr/bin/git remote add origin https://github.com/sveltery/cms
2026-10-06T01:47:01.7864336Z ##[endgroup]
2026-10-06T01:47:01.7867229Z ##[group]Disabling automatic garbage collection
2026-10-06T01:47:01.7869236Z [command]/usr/bin/git config --local gc.auto 0
2026-10-06T01:47:01.7898771Z ##[endgroup]
2026-10-06T01:47:01.7900969Z ##[group]Setting up auth
2026-10-06T01:47:01.7906150Z [command]/usr/bin/git config --local --name-only --get-regexp core\.sshCommand
2026-10-06T01:47:01.7935661Z [command]/usr/bin/git submodule foreach --recursive sh -c "git config --local --name-only --get-regexp 'core\.sshCommand' && git config --local --unset-all 'core.sshCommand' || :"
2026-10-06T01:47:01.8277643Z [command]/usr/bin/git config --local --name-only --get-regexp http\.https\:\/\/github\.com\/\.extraheader
2026-10-06T01:47:01.8313429Z [command]/usr/bin/git submodule foreach --recursive sh -c "git config --local --name-only --get-regexp 'http\.https\:\/\/github\.com\/\.extraheader' && git config --local --unset-all 'http.https://github.com/.extraheader' || :"
2026-10-06T01:47:01.8512190Z [command]/usr/bin/git config --local --name-only --get-regexp ^includeIf\.gitdir:
2026-10-06T01:47:01.8539688Z [command]/usr/bin/git submodule foreach --recursive git config --local --show-origin --name-only --get-regexp remote.origin.url
2026-10-06T01:47:01.8722480Z [command]/usr/bin/git config --local http.https://github.com/.extraheader AUTHORIZATION: basic ***
2026-10-06T01:47:01.8759788Z ##[endgroup]
2026-10-06T01:47:01.8761463Z ##[group]Fetching the repository
2026-10-06T01:47:01.8768601Z [command]/usr/bin/git -c protocol.version=2 fetch --no-tags --prune --no-recurse-submodules --depth=1 origin +75fd61ec31e6268944950117a7103a89c235dc9a:refs/remotes/pull/121/merge
2026-10-06T01:47:03.1978594Z From https://github.com/sveltery/cms
2026-10-06T01:47:03.1980861Z  * [new ref]         75fd61ec31e6268944950117a7103a89c235dc9a -> pull/121/merge
2026-10-06T01:47:03.1984008Z ##[endgroup]
2026-10-06T01:47:03.1985040Z ##[group]Determining the checkout info
2026-10-06T01:47:03.1992175Z ##[endgroup]
2026-10-06T01:47:03.1993029Z [command]/usr/bin/git sparse-checkout disable
2026-10-06T01:47:03.2038023Z [command]/usr/bin/git config --local --unset-all extensions.worktreeConfig
2026-10-06T01:47:03.2069043Z ##[group]Checking out the ref
2026-10-06T01:47:03.2071993Z [command]/usr/bin/git checkout --progress --force refs/remotes/pull/121/merge
2026-10-06T01:47:03.5914214Z Note: switching to 'refs/remotes/pull/121/merge'.
2026-10-06T01:47:03.5915505Z 
2026-10-06T01:47:03.5916649Z You are in 'detached HEAD' state. You can look around, make experimental
2026-10-06T01:47:03.5917457Z changes and commit them, and you can discard any commits you make in this
2026-10-06T01:47:03.5918367Z state without impacting any branches by switching back to a branch.
2026-10-06T01:47:03.5918838Z 
2026-10-06T01:47:03.5919178Z If you want to create a new branch to retain commits you create, you may
2026-10-06T01:47:03.5919900Z do so (now or later) by using -c with the switch command. Example:
2026-10-06T01:47:03.5920760Z 
2026-10-06T01:47:03.5920956Z   git switch -c <new-branch-name>
2026-10-06T01:47:03.5921270Z 
2026-10-06T01:47:03.5921481Z Or undo this operation with:
2026-10-06T01:47:03.5921750Z 
2026-10-06T01:47:03.5921917Z   git switch -
2026-10-06T01:47:03.5922151Z 
2026-10-06T01:47:03.5922509Z Turn off this advice by setting config variable advice.detachedHead to false
2026-10-06T01:47:03.5923030Z 
2026-10-06T01:47:03.5923582Z HEAD is now at 75fd61e Merge 563b3fb36a43265336e34c4610cd6e2306195a8a into d8989c402af17e329be09c0f17773fa33e36d7a9
2026-10-06T01:47:03.5937417Z ##[endgroup]
2026-10-06T01:47:03.5966532Z [command]/usr/bin/git log -1 --format=%H
2026-10-06T01:47:03.5990149Z 75fd61ec31e6268944950117a7103a89c235dc9a
2026-10-06T01:47:03.6212422Z ##[group]Run pnpm/action-setup@v4
2026-10-06T01:47:03.6212704Z with:
2026-10-06T01:47:03.6212914Z   version: 12.6.0
2026-10-06T01:47:03.6213132Z   dest: ~/setup-pnpm
2026-10-06T01:47:03.6213349Z   run_install: null
2026-10-06T01:47:03.6213590Z   cache: false
2026-10-06T01:47:03.6213847Z   cache_dependency_path: pnpm-lock.yaml
2026-10-06T01:47:03.6214197Z   package_json_file: package.json
2026-10-06T01:47:03.6214468Z   standalone: false
2026-10-06T01:47:03.6214704Z ##[endgroup]
2026-10-06T01:47:03.7566334Z ##[group]Running self-installer...
2026-10-06T01:47:04.1416353Z (node:2011) [DEP0169] DeprecationWarning: `url.parse()` behavior is not standardized and prone to errors that have security implications. Use the WHATWG URL API instead. CVEs are not issued for `url.parse()` vulnerabilities.
2026-10-06T01:47:04.1417784Z (Use `node --trace-deprecation ...` to show where the warning was created)
2026-10-06T01:47:04.3394952Z Progress: resolved 1, reused 0, downloaded 0, added 0
2026-10-06T01:47:04.4974480Z Packages: +3
2026-10-06T01:47:04.4974848Z +++
2026-10-06T01:47:05.1855458Z Progress: resolved 15, reused 0, downloaded 3, added 3, done
2026-10-06T01:47:05.2008792Z .../.pnpm/pnpm@12.6.0/node_modules/pnpm preinstall$ node install.js
2026-10-06T01:47:07.9228813Z .../.pnpm/pnpm@12.6.0/node_modules/pnpm preinstall: Done
2026-10-06T01:47:07.9245553Z .../.pnpm/pnpm@12.6.0/node_modules/pnpm postinstall$ node install.js
2026-10-06T01:47:07.9657208Z .../.pnpm/pnpm@12.6.0/node_modules/pnpm postinstall: Done
2026-10-06T01:47:09.4879557Z 
2026-10-06T01:47:09.4880077Z dependencies:
2026-10-06T01:47:09.4880470Z + pnpm 12.6.0 (12.9.1 is available)
2026-10-06T01:47:09.4880689Z 
2026-10-06T01:47:09.4905590Z Done in 5.5s
2026-10-06T01:47:09.5163116Z ##[endgroup]
2026-10-06T01:47:09.5163392Z Installation Completed!
2026-10-06T01:47:09.5326789Z ##[group]Run actions/setup-node@v4
2026-10-06T01:47:09.5327058Z with:
2026-10-06T01:47:09.5327244Z   node-version: 24
2026-10-06T01:47:09.5327446Z   cache: pnpm
2026-10-06T01:47:09.5327634Z   always-auth: false
2026-10-06T01:47:09.5327837Z   check-latest: false
2026-10-06T01:47:09.5330182Z   token: ***
2026-10-06T01:47:09.5330374Z env:
2026-10-06T01:47:09.5330621Z   PNPM_HOME: /home/runner/setup-pnpm/node_modules/.bin
2026-10-06T01:47:09.5330931Z ##[endgroup]
2026-10-06T01:47:09.7245570Z Found in cache @ /opt/hostedtoolcache/node/24.21.0/x64
2026-10-06T01:47:09.7256661Z (node:2041) [DEP0040] DeprecationWarning: The `punycode` module is deprecated. Please use a userland alternative instead.
2026-10-06T01:47:09.7257945Z ##[group]Environment details
2026-10-06T01:47:09.7258533Z (Use `node --trace-deprecation ...` to show where the warning was created)
2026-10-06T01:47:12.6984474Z node: v24.21.0
2026-10-06T01:47:12.6984862Z npm: 11.19.0
2026-10-06T01:47:12.6985056Z yarn: 1.22.22
2026-10-06T01:47:12.6986336Z ##[endgroup]
2026-10-06T01:47:12.7006889Z [command]/home/runner/setup-pnpm/node_modules/.bin/pnpm store path --silent
2026-10-06T01:47:12.7159040Z /home/runner/setup-pnpm/node_modules/.bin/store/v11
2026-10-06T01:47:12.8665877Z Cache hit for: node-cache-Linux-x64-pnpm-cb01908ec0d0a45d9eb29e44f56e05364983ff2ce958acc694c939d2835b5d56
2026-10-06T01:47:12.8763257Z (node:2041) [DEP0169] DeprecationWarning: `url.parse()` behavior is not standardized and prone to errors that have security implications. Use the WHATWG URL API instead. CVEs are not issued for `url.parse()` vulnerabilities.
2026-10-06T01:47:14.0347673Z Received 134217728 of 174062786 (77.1%), 128.0 MBs/sec
2026-10-06T01:47:14.2283126Z Received 174062786 of 174062786 (100.0%), 139.0 MBs/sec
2026-10-06T01:47:14.2283993Z Cache Size: ~166 MB (174062786 B)
2026-10-06T01:47:14.2312297Z [command]/usr/bin/tar -xf /home/runner/work/_temp/d4a234e4-defc-4541-8763-4d5f74ec838e/cache.tzst -P -C /home/runner/work/cms/cms --use-compress-program unzstd
2026-10-06T01:47:15.5205962Z Cache restored successfully
2026-10-06T01:47:15.5436821Z Cache restored from key: node-cache-Linux-x64-pnpm-cb01908ec0d0a45d9eb29e44f56e05364983ff2ce958acc694c939d2835b5d56
2026-10-06T01:47:15.5631418Z ##[group]Run pnpm install --frozen-lockfile
2026-10-06T01:47:15.5631890Z [36;1mpnpm install --frozen-lockfile[0m
2026-10-06T01:47:15.6586285Z shell: /usr/bin/bash -e {0}
2026-10-06T01:47:15.6586615Z env:
2026-10-06T01:47:15.6586888Z   PNPM_HOME: /home/runner/setup-pnpm/node_modules/.bin
2026-10-06T01:47:15.6587200Z ##[endgroup]
2026-10-06T01:47:15.7081321Z ? Verifying lockfile against supply-chain policies (534 entries)...
2026-10-06T01:47:15.8586350Z Packages are hard linked from the content-addressable store to the virtual store.
2026-10-06T01:47:15.8587285Z   Content-addressable store is at: /home/runner/setup-pnpm/node_modules/.bin/store/v11
2026-10-06T01:47:15.8588129Z   Virtual store is at:             node_modules/.pnpm
2026-10-06T01:47:18.0487925Z ✓ Lockfile passes supply-chain policies (534 entries in 2.3s)
2026-10-06T01:47:18.0488731Z Lockfile is up to date, resolution step is skipped
2026-10-06T01:47:18.0565105Z Packages: +403
2026-10-06T01:47:18.0566674Z ++++++++++++++++++++++++++++++++++++++++++++++++++++++++++++++++++++++++++++++++
2026-10-06T01:47:18.0874702Z Progress: resolved 403, reused 403, downloaded 0, added 403, done
2026-10-06T01:47:18.2606768Z . prepare$ svelte-kit sync
2026-10-06T01:47:19.3284971Z . prepare: Done
2026-10-06T01:47:19.3289844Z 
2026-10-06T01:47:19.3290412Z dependencies:
2026-10-06T01:47:19.3290889Z + @oslojs/crypto 1.0.1
2026-10-06T01:47:19.3291359Z + @oslojs/encoding 1.1.0
2026-10-06T01:47:19.3291837Z + @oslojs/webauthn 1.0.0
2026-10-06T01:47:19.3292309Z + @wordpress/block-serialization-default-parser 5.38.0
2026-10-06T01:47:19.3292833Z + blurhash 2.0.5
2026-10-06T01:47:19.3293154Z + cn 0.2.2
2026-10-06T01:47:19.3293402Z + date-fns 4.1.0
2026-10-06T01:47:19.3293703Z + image-size 2.0.2
2026-10-06T01:47:19.3294016Z + jpeg-js 0.4.4
2026-10-06T01:47:19.3294377Z + jsonc-parser 3.3.1
2026-10-06T01:47:19.3294721Z + kysely 0.29.2
2026-10-06T01:47:19.3295038Z + mime 4.1.0
2026-10-06T01:47:19.3295474Z + parse5 7.3.0
2026-10-06T01:47:19.3295828Z + smol-toml 1.6.0
2026-10-06T01:47:19.3296168Z + ulidx 2.4.1
2026-10-06T01:47:19.3296457Z + upng-js 2.1.0
2026-10-06T01:47:19.3296731Z + valibot 1.5.0
2026-10-06T01:47:19.3297012Z + zod 4.5.4
2026-10-06T01:47:19.3297171Z 
2026-10-06T01:47:19.3297343Z devDependencies:
2026-10-06T01:47:19.3297671Z + @babel/core 7.29.7
2026-10-06T01:47:19.3297990Z + @cloudflare/kumo 2.6.0
2026-10-06T01:47:19.3298521Z + @cloudflare/workers-types 4.20260507.1
2026-10-06T01:47:19.3298969Z + @floating-ui/dom 1.8.0
2026-10-06T01:47:19.3299430Z + @lingui/babel-plugin-lingui-macro 5.9.5
2026-10-06T01:47:19.3299816Z + @lingui/conf 5.9.5
2026-10-06T01:47:19.3300119Z + @lingui/core 5.9.5
2026-10-06T01:47:19.3300432Z + @lingui/react 5.9.5
2026-10-06T01:47:19.3300775Z + @playwright/test 1.63.0
2026-10-06T01:47:19.3301195Z + @sveltejs/adapter-auto 7.0.1
2026-10-06T01:47:19.3301619Z + @sveltejs/adapter-cloudflare 7.2.9
2026-10-06T01:47:19.3301994Z + @sveltejs/adapter-node 5.5.7
2026-10-06T01:47:19.3302336Z + @sveltejs/kit 2.70.3
2026-10-06T01:47:19.3302720Z + @sveltejs/vite-plugin-svelte 7.3.1
2026-10-06T01:47:19.3303128Z + @tanstack/react-query 5.90.21
2026-10-06T01:47:19.3303534Z + @tanstack/react-router 1.163.2
2026-10-06T01:47:19.3303939Z + @testing-library/react 16.3.2
2026-10-06T01:47:19.3304662Z + @types/jsdom 30.0.0
2026-10-06T01:47:19.3305056Z + @types/node 24.19.0
2026-10-06T01:47:19.3305518Z + @types/react 19.3.0
2026-10-06T01:47:19.3305855Z + @types/react-dom 19.3.0
2026-10-06T01:47:19.3306182Z + @vitest/browser-playwright 4.1.10
2026-10-06T01:47:19.3306441Z + devalue 5.9.4
2026-10-06T01:47:19.3306653Z + jsdom 30.1.1
2026-10-06T01:47:19.3307001Z + miniflare 4.20260507.1
2026-10-06T01:47:19.3307317Z + pg 8.18.0
2026-10-06T01:47:19.3307575Z + react 19.3.0
2026-10-06T01:47:19.3307891Z + react-day-picker 9.14.0
2026-10-06T01:47:19.3308226Z + react-dom 19.3.0
2026-10-06T01:47:19.3308519Z + svelte 5.57.1
2026-10-06T01:47:19.3308845Z + svelte-check 4.7.6
2026-10-06T01:47:19.3309164Z + typescript 6.0.3
2026-10-06T01:47:19.3309446Z + vite 8.3.2
2026-10-06T01:47:19.3309938Z + vitest 4.1.10
2026-10-06T01:47:19.3310294Z + vitest-browser-react 2.2.0
2026-10-06T01:47:19.3310617Z + wrangler 4.99.0
2026-10-06T01:47:19.3310785Z 
2026-10-06T01:47:19.3310986Z Done in 3.6s using pnpm v12.6.0
2026-10-06T01:47:19.3542136Z ##[group]Run pnpm exec playwright install --with-deps chromium
2026-10-06T01:47:19.3542577Z [36;1mpnpm exec playwright install --with-deps chromium[0m
2026-10-06T01:47:19.3583768Z shell: /usr/bin/bash -e {0}
2026-10-06T01:47:19.3584044Z env:
2026-10-06T01:47:19.3584301Z   PNPM_HOME: /home/runner/setup-pnpm/node_modules/.bin
2026-10-06T01:47:19.3584600Z ##[endgroup]
2026-10-06T01:47:19.9874555Z Installing dependencies...
2026-10-06T01:47:20.0006511Z Switching to root user to install dependencies...
2026-10-06T01:47:20.2690811Z Get:1 file:/etc/apt/apt-mirrors.txt Mirrorlist [144 B]
2026-10-06T01:47:20.3106812Z Get:6 https://packages.microsoft.com/ubuntu/22.04/prod jammy InRelease [3632 B]
2026-10-06T01:47:20.3353462Z Hit:2 http://azure.archive.ubuntu.com/ubuntu jammy InRelease
2026-10-06T01:47:20.3364398Z Get:3 http://azure.archive.ubuntu.com/ubuntu jammy-updates InRelease [128 kB]
2026-10-06T01:47:20.3391914Z Get:4 http://azure.archive.ubuntu.com/ubuntu jammy-backports InRelease [127 kB]
2026-10-06T01:47:20.3404601Z Get:5 http://azure.archive.ubuntu.com/ubuntu jammy-security InRelease [129 kB]
2026-10-06T01:47:20.4560135Z Get:7 https://packages.microsoft.com/ubuntu/22.04/prod jammy/main arm64 Packages [551 kB]
2026-10-06T01:47:20.4784324Z Get:8 https://packages.microsoft.com/ubuntu/22.04/prod jammy/main amd64 Packages [797 kB]
2026-10-06T01:47:20.6021018Z Get:9 http://azure.archive.ubuntu.com/ubuntu jammy-updates/main amd64 Packages [3907 kB]
2026-10-06T01:47:20.6187311Z Get:10 http://azure.archive.ubuntu.com/ubuntu jammy-updates/main Translation-en [576 kB]
2026-10-06T01:47:20.6220760Z Get:11 http://azure.archive.ubuntu.com/ubuntu jammy-updates/restricted amd64 Packages [6714 kB]
2026-10-06T01:47:20.6511472Z Get:12 http://azure.archive.ubuntu.com/ubuntu jammy-updates/restricted Translation-en [1290 kB]
2026-10-06T01:47:20.6581303Z Get:13 http://azure.archive.ubuntu.com/ubuntu jammy-updates/universe amd64 Packages [1285 kB]
2026-10-06T01:47:20.6634562Z Get:14 http://azure.archive.ubuntu.com/ubuntu jammy-updates/universe Translation-en [325 kB]
2026-10-06T01:47:20.7435034Z Get:15 http://azure.archive.ubuntu.com/ubuntu jammy-security/main amd64 Packages [3631 kB]
2026-10-06T01:47:20.7595449Z Get:16 http://azure.archive.ubuntu.com/ubuntu jammy-security/main Translation-en [508 kB]
2026-10-06T01:47:20.7621475Z Get:17 http://azure.archive.ubuntu.com/ubuntu jammy-security/restricted amd64 Packages [6465 kB]
2026-10-06T01:47:20.7914351Z Get:18 http://azure.archive.ubuntu.com/ubuntu jammy-security/restricted Translation-en [1244 kB]
2026-10-06T01:47:20.8414282Z Get:19 http://azure.archive.ubuntu.com/ubuntu jammy-security/universe amd64 Packages [1052 kB]
2026-10-06T01:47:20.8804273Z Get:20 http://azure.archive.ubuntu.com/ubuntu jammy-security/universe Translation-en [237 kB]
2026-10-06T01:47:31.7884198Z Fetched 29.0 MB in 3s (8417 kB/s)
2026-10-06T01:47:33.0012968Z Reading package lists...
2026-10-06T01:47:33.0584761Z Reading package lists...
2026-10-06T01:47:33.2736346Z Building dependency tree...
2026-10-06T01:47:33.2745110Z Reading state information...
2026-10-06T01:47:33.4596759Z fonts-liberation is already the newest version (1:1.07.4-11).
2026-10-06T01:47:33.4597750Z fonts-liberation set to manually installed.
2026-10-06T01:47:33.4598947Z libatk-bridge2.0-0 is already the newest version (2.38.0-3).
2026-10-06T01:47:33.4599804Z libatk-bridge2.0-0 set to manually installed.
2026-10-06T01:47:33.4600646Z libatk1.0-0 is already the newest version (2.36.0-3build1).
2026-10-06T01:47:33.4601468Z libatk1.0-0 set to manually installed.
2026-10-06T01:47:33.4602314Z libatspi2.0-0 is already the newest version (2.44.0-3).
2026-10-06T01:47:33.4603959Z libatspi2.0-0 set to manually installed.
2026-10-06T01:47:33.4604724Z libfontconfig1 is already the newest version (2.13.1-4.2ubuntu5).
2026-10-06T01:47:33.4605470Z libfontconfig1 set to manually installed.
2026-10-06T01:47:33.4605975Z libxcb1 is already the newest version (1.14-3ubuntu3).
2026-10-06T01:47:33.4606504Z libxcb1 set to manually installed.
2026-10-06T01:47:33.4607451Z libxcomposite1 is already the newest version (1:0.4.5-1build2).
2026-10-06T01:47:33.4607876Z libxcomposite1 set to manually installed.
2026-10-06T01:47:33.4608288Z libxdamage1 is already the newest version (1:1.1.5-2build2).
2026-10-06T01:47:33.4608686Z libxdamage1 set to manually installed.
2026-10-06T01:47:33.4609184Z libxext6 is already the newest version (2:1.3.4-1build1).
2026-10-06T01:47:33.4609652Z libxext6 set to manually installed.
2026-10-06T01:47:33.4610101Z libxfixes3 is already the newest version (1:6.0.0-1).
2026-10-06T01:47:33.4610471Z libxfixes3 set to manually installed.
2026-10-06T01:47:33.4610880Z libxkbcommon0 is already the newest version (1.4.0-1).
2026-10-06T01:47:33.4611263Z libxkbcommon0 set to manually installed.
2026-10-06T01:47:33.4611665Z libxrandr2 is already the newest version (2:1.5.2-1build1).
2026-10-06T01:47:33.4612049Z libxrandr2 set to manually installed.
2026-10-06T01:47:33.4612526Z fonts-noto-color-emoji is already the newest version (2.047-0ubuntu0.22.04.1).
2026-10-06T01:47:33.4613047Z libasound2 is already the newest version (1.2.6.1-1ubuntu1.2).
2026-10-06T01:47:33.4613426Z libasound2 set to manually installed.
2026-10-06T01:47:33.4613834Z libcairo2 is already the newest version (1.16.0-5ubuntu2.1).
2026-10-06T01:47:33.4614378Z libcairo2 set to manually installed.
2026-10-06T01:47:33.4614776Z libcups2 is already the newest version (2.4.1op1-1ubuntu4.21).
2026-10-06T01:47:33.4615316Z libcups2 set to manually installed.
2026-10-06T01:47:33.4615744Z libdbus-1-3 is already the newest version (1.12.20-2ubuntu4.1).
2026-10-06T01:47:33.4616160Z libdbus-1-3 set to manually installed.
2026-10-06T01:47:33.4616773Z libdrm2 is already the newest version (2.4.113-2~ubuntu0.22.04.1).
2026-10-06T01:47:33.4617287Z libdrm2 set to manually installed.
2026-10-06T01:47:33.4617865Z libfreetype6 is already the newest version (2.11.1+dfsg-1ubuntu0.3).
2026-10-06T01:47:33.4618427Z libfreetype6 set to manually installed.
2026-10-06T01:47:33.4619019Z libgbm1 is already the newest version (23.2.1-1ubuntu3.1~22.04.4).
2026-10-06T01:47:33.4619427Z libgbm1 set to manually installed.
2026-10-06T01:47:33.4619795Z libglib2.0-0 is already the newest version (2.72.4-0ubuntu2.10).
2026-10-06T01:47:33.4620176Z libglib2.0-0 set to manually installed.
2026-10-06T01:47:33.4620566Z libnspr4 is already the newest version (2:4.35-0ubuntu0.22.04.1).
2026-10-06T01:47:33.4621007Z libnss3 is already the newest version (2:3.98-0ubuntu0.22.04.4).
2026-10-06T01:47:33.4621753Z libpango-1.0-0 is already the newest version (1.50.6+ds-2ubuntu1).
2026-10-06T01:47:33.4622371Z libpango-1.0-0 set to manually installed.
2026-10-06T01:47:33.4623033Z libwayland-client0 is already the newest version (1.20.0-1ubuntu0.1).
2026-10-06T01:47:33.4623480Z libwayland-client0 set to manually installed.
2026-10-06T01:47:33.4623880Z libx11-6 is already the newest version (2:1.7.5-1ubuntu0.3).
2026-10-06T01:47:33.4624448Z libx11-6 set to manually installed.
2026-10-06T01:47:33.4624974Z xvfb is already the newest version (2:21.1.4-2ubuntu1.7~22.04.16).
2026-10-06T01:47:33.4626023Z The following additional packages will be installed:
2026-10-06T01:47:33.4626415Z   xfonts-encodings xfonts-utils
2026-10-06T01:47:33.4626727Z Recommended packages:
2026-10-06T01:47:33.4627003Z   fonts-ipafont-mincho fonts-tlwg-loma
2026-10-06T01:47:33.5067575Z The following NEW packages will be installed:
2026-10-06T01:47:33.5068324Z   fonts-freefont-ttf fonts-ipafont-gothic fonts-tlwg-loma-otf fonts-unifont
2026-10-06T01:47:33.5075539Z   fonts-wqy-zenhei xfonts-cyrillic xfonts-encodings xfonts-scalable
2026-10-06T01:47:33.5076054Z   xfonts-utils
2026-10-06T01:47:33.5246673Z 0 upgraded, 9 newly installed, 0 to remove and 20 not upgraded.
2026-10-06T01:47:33.5247152Z Need to get 18.4 MB of archives.
2026-10-06T01:47:33.5247567Z After this operation, 56.8 MB of additional disk space will be used.
2026-10-06T01:47:33.5248067Z Get:1 file:/etc/apt/apt-mirrors.txt Mirrorlist [144 B]
2026-10-06T01:47:33.5804968Z Get:2 http://azure.archive.ubuntu.com/ubuntu jammy/universe amd64 fonts-ipafont-gothic all 00303-21ubuntu1 [3513 kB]
2026-10-06T01:47:33.6789832Z Get:3 http://azure.archive.ubuntu.com/ubuntu jammy/main amd64 fonts-freefont-ttf all 20120503-10build1 [2388 kB]
2026-10-06T01:47:33.9680499Z Get:4 http://azure.archive.ubuntu.com/ubuntu jammy/universe amd64 fonts-tlwg-loma-otf all 1:0.7.3-1 [107 kB]
2026-10-06T01:47:33.9993673Z Get:5 http://azure.archive.ubuntu.com/ubuntu jammy/universe amd64 fonts-unifont all 1:14.0.01-1 [3551 kB]
2026-10-06T01:47:34.0649736Z Get:6 http://azure.archive.ubuntu.com/ubuntu jammy/universe amd64 fonts-wqy-zenhei all 0.9.45-8 [7472 kB]
2026-10-06T01:47:34.1646297Z Get:7 http://azure.archive.ubuntu.com/ubuntu jammy/main amd64 xfonts-encodings all 1:1.0.5-0ubuntu2 [578 kB]
2026-10-06T01:47:34.1956750Z Get:8 http://azure.archive.ubuntu.com/ubuntu jammy/main amd64 xfonts-utils amd64 1:7.7+6build2 [94.6 kB]
2026-10-06T01:47:34.2241507Z Get:9 http://azure.archive.ubuntu.com/ubuntu jammy/universe amd64 xfonts-cyrillic all 1:1.0.5 [386 kB]
2026-10-06T01:47:34.2542357Z Get:10 http://azure.archive.ubuntu.com/ubuntu jammy/main amd64 xfonts-scalable all 1:1.0.3-1.2ubuntu1 [306 kB]
2026-10-06T01:47:34.5678494Z Fetched 18.4 MB in 1s (24.8 MB/s)
2026-10-06T01:47:34.6575631Z Selecting previously unselected package fonts-ipafont-gothic.
2026-10-06T01:47:34.7586148Z (Reading database ... 
2026-10-06T01:47:34.7586927Z (Reading database ... 5%
2026-10-06T01:47:34.7587633Z (Reading database ... 10%
2026-10-06T01:47:34.7588028Z (Reading database ... 15%
2026-10-06T01:47:34.7588431Z (Reading database ... 20%
2026-10-06T01:47:34.7588698Z (Reading database ... 25%
2026-10-06T01:47:34.7588956Z (Reading database ... 30%
2026-10-06T01:47:34.7589210Z (Reading database ... 35%
2026-10-06T01:47:34.7589440Z (Reading database ... 40%
2026-10-06T01:47:34.7589667Z (Reading database ... 45%
2026-10-06T01:47:34.7589903Z (Reading database ... 50%
2026-10-06T01:47:35.3187058Z (Reading database ... 55%
2026-10-06T01:47:35.8877255Z (Reading database ... 60%
2026-10-06T01:47:36.3007256Z (Reading database ... 65%
2026-10-06T01:47:36.6683853Z (Reading database ... 70%
2026-10-06T01:47:37.3588993Z (Reading database ... 75%
2026-10-06T01:47:38.1859437Z (Reading database ... 80%
2026-10-06T01:47:39.4164903Z (Reading database ... 85%
2026-10-06T01:47:40.2472144Z (Reading database ... 90%
2026-10-06T01:47:41.2542596Z (Reading database ... 95%
2026-10-06T01:47:41.2543127Z (Reading database ... 100%
2026-10-06T01:47:41.2543814Z (Reading database ... 260411 files and directories currently installed.)
2026-10-06T01:47:41.2608003Z Preparing to unpack .../0-fonts-ipafont-gothic_00303-21ubuntu1_all.deb ...
2026-10-06T01:47:41.2775355Z Unpacking fonts-ipafont-gothic (00303-21ubuntu1) ...
2026-10-06T01:47:41.6037340Z Selecting previously unselected package fonts-freefont-ttf.
2026-10-06T01:47:41.6198582Z Preparing to unpack .../1-fonts-freefont-ttf_20120503-10build1_all.deb ...
2026-10-06T01:47:41.6209372Z Unpacking fonts-freefont-ttf (20120503-10build1) ...
2026-10-06T01:47:41.8181786Z Selecting previously unselected package fonts-tlwg-loma-otf.
2026-10-06T01:47:41.8343542Z Preparing to unpack .../2-fonts-tlwg-loma-otf_1%3a0.7.3-1_all.deb ...
2026-10-06T01:47:41.8355822Z Unpacking fonts-tlwg-loma-otf (1:0.7.3-1) ...
2026-10-06T01:47:41.8590242Z Selecting previously unselected package fonts-unifont.
2026-10-06T01:47:41.8753469Z Preparing to unpack .../3-fonts-unifont_1%3a14.0.01-1_all.deb ...
2026-10-06T01:47:41.8763794Z Unpacking fonts-unifont (1:14.0.01-1) ...
2026-10-06T01:47:42.0363191Z Selecting previously unselected package fonts-wqy-zenhei.
2026-10-06T01:47:42.0528681Z Preparing to unpack .../4-fonts-wqy-zenhei_0.9.45-8_all.deb ...
2026-10-06T01:47:42.1022149Z Unpacking fonts-wqy-zenhei (0.9.45-8) ...
2026-10-06T01:47:42.7323308Z Selecting previously unselected package xfonts-encodings.
2026-10-06T01:47:42.7485876Z Preparing to unpack .../5-xfonts-encodings_1%3a1.0.5-0ubuntu2_all.deb ...
2026-10-06T01:47:42.7494747Z Unpacking xfonts-encodings (1:1.0.5-0ubuntu2) ...
2026-10-06T01:47:42.7725611Z Selecting previously unselected package xfonts-utils.
2026-10-06T01:47:42.7889631Z Preparing to unpack .../6-xfonts-utils_1%3a7.7+6build2_amd64.deb ...
2026-10-06T01:47:42.7899843Z Unpacking xfonts-utils (1:7.7+6build2) ...
2026-10-06T01:47:42.8628193Z Selecting previously unselected package xfonts-cyrillic.
2026-10-06T01:47:42.8783700Z Preparing to unpack .../7-xfonts-cyrillic_1%3a1.0.5_all.deb ...
2026-10-06T01:47:42.8793457Z Unpacking xfonts-cyrillic (1:1.0.5) ...
2026-10-06T01:47:42.9258950Z Selecting previously unselected package xfonts-scalable.
2026-10-06T01:47:42.9417015Z Preparing to unpack .../8-xfonts-scalable_1%3a1.0.3-1.2ubuntu1_all.deb ...
2026-10-06T01:47:42.9427642Z Unpacking xfonts-scalable (1:1.0.3-1.2ubuntu1) ...
2026-10-06T01:47:42.9905708Z Setting up fonts-wqy-zenhei (0.9.45-8) ...
2026-10-06T01:47:43.0015567Z Setting up fonts-freefont-ttf (20120503-10build1) ...
2026-10-06T01:47:43.0037223Z Setting up fonts-tlwg-loma-otf (1:0.7.3-1) ...
2026-10-06T01:47:43.0057310Z Setting up xfonts-encodings (1:1.0.5-0ubuntu2) ...
2026-10-06T01:47:43.0079262Z Setting up fonts-ipafont-gothic (00303-21ubuntu1) ...
2026-10-06T01:47:43.0145565Z update-alternatives: using /usr/share/fonts/opentype/ipafont-gothic/ipag.ttf to provide /usr/share/fonts/truetype/fonts-japanese-gothic.ttf (fonts-japanese-gothic.ttf) in auto mode
2026-10-06T01:47:43.0168327Z Setting up fonts-unifont (1:14.0.01-1) ...
2026-10-06T01:47:43.0189268Z Setting up xfonts-utils (1:7.7+6build2) ...
2026-10-06T01:47:43.0227774Z Setting up xfonts-cyrillic (1:1.0.5) ...
2026-10-06T01:47:43.0769411Z Setting up xfonts-scalable (1:1.0.3-1.2ubuntu1) ...
2026-10-06T01:47:43.1054515Z Processing triggers for man-db (2.10.2-1) ...
2026-10-06T01:47:43.1075936Z Not building database; man-db/auto-update is not 'true'.
2026-10-06T01:47:43.1088987Z Processing triggers for fontconfig (2.13.1-4.2ubuntu5) ...
2026-10-06T01:47:44.4949422Z 
2026-10-06T01:47:44.4950664Z Running kernel seems to be up-to-date.
2026-10-06T01:47:44.4950930Z 
2026-10-06T01:47:44.4951130Z No services need to be restarted.
2026-10-06T01:47:44.4951307Z 
2026-10-06T01:47:44.4951462Z No containers need to be restarted.
2026-10-06T01:47:44.4951629Z 
2026-10-06T01:47:44.4951798Z No user sessions are running outdated binaries.
2026-10-06T01:47:44.4951999Z 
2026-10-06T01:47:44.4952248Z No VM guests are running outdated hypervisor (qemu) binaries on this host.
2026-10-06T01:47:45.6299435Z Downloading Chrome for Testing 153.0.8010.12 (playwright chromium v1243) from https://cdn.playwright.dev/builds/cft/153.0.8010.12/linux64/chrome-linux64.zip
2026-10-06T01:47:46.1144719Z |                                                                                |   0% of 186.8 MiB
2026-10-06T01:47:46.4282178Z |■■■■■■■■                                                                        |  10% of 186.8 MiB
2026-10-06T01:47:46.5340302Z |■■■■■■■■■■■■■■■■                                                                |  20% of 186.8 MiB
2026-10-06T01:47:46.6620405Z |■■■■■■■■■■■■■■■■■■■■■■■■                                                        |  30% of 186.8 MiB
2026-10-06T01:47:46.7697078Z |■■■■■■■■■■■■■■■■■■■■■■■■■■■■■■■■                                                |  40% of 186.8 MiB
2026-10-06T01:47:46.8933788Z |■■■■■■■■■■■■■■■■■■■■■■■■■■■■■■■■■■■■■■■■                                        |  50% of 186.8 MiB
2026-10-06T01:47:47.0149483Z |■■■■■■■■■■■■■■■■■■■■■■■■■■■■■■■■■■■■■■■■■■■■■■■■                                |  60% of 186.8 MiB
2026-10-06T01:47:47.1319579Z |■■■■■■■■■■■■■■■■■■■■■■■■■■■■■■■■■■■■■■■■■■■■■■■■■■■■■■■■                        |  70% of 186.8 MiB
2026-10-06T01:47:47.2662590Z |■■■■■■■■■■■■■■■■■■■■■■■■■■■■■■■■■■■■■■■■■■■■■■■■■■■■■■■■■■■■■■■■                |  80% of 186.8 MiB
2026-10-06T01:47:47.3746491Z |■■■■■■■■■■■■■■■■■■■■■■■■■■■■■■■■■■■■■■■■■■■■■■■■■■■■■■■■■■■■■■■■■■■■■■■■        |  90% of 186.8 MiB
2026-10-06T01:47:47.4982407Z |■■■■■■■■■■■■■■■■■■■■■■■■■■■■■■■■■■■■■■■■■■■■■■■■■■■■■■■■■■■■■■■■■■■■■■■■■■■■■■■■| 100% of 186.8 MiB
2026-10-06T01:47:50.6759211Z Chrome for Testing 153.0.8010.12 (playwright chromium v1243) downloaded to /home/runner/.cache/ms-playwright/chromium-1243
2026-10-06T01:47:50.6762572Z Downloading FFmpeg (playwright ffmpeg v1011) from https://cdn.playwright.dev/dbazure/download/playwright/builds/ffmpeg/1011/ffmpeg-linux.zip
2026-10-06T01:47:51.0689005Z |                                                                                |   0% of 2.3 MiB
2026-10-06T01:47:51.1013614Z |■■■■■■■■                                                                        |  10% of 2.3 MiB
2026-10-06T01:47:51.1149148Z |■■■■■■■■■■■■■■■■                                                                |  20% of 2.3 MiB
2026-10-06T01:47:51.1238715Z |■■■■■■■■■■■■■■■■■■■■■■■■                                                        |  30% of 2.3 MiB
2026-10-06T01:47:51.1273320Z |■■■■■■■■■■■■■■■■■■■■■■■■■■■■■■■■                                                |  40% of 2.3 MiB
2026-10-06T01:47:51.1307121Z |■■■■■■■■■■■■■■■■■■■■■■■■■■■■■■■■■■■■■■■■                                        |  50% of 2.3 MiB
2026-10-06T01:47:51.1379728Z |■■■■■■■■■■■■■■■■■■■■■■■■■■■■■■■■■■■■■■■■■■■■■■■■                                |  60% of 2.3 MiB
2026-10-06T01:47:51.1396835Z |■■■■■■■■■■■■■■■■■■■■■■■■■■■■■■■■■■■■■■■■■■■■■■■■■■■■■■■■                        |  70% of 2.3 MiB
2026-10-06T01:47:51.1415824Z |■■■■■■■■■■■■■■■■■■■■■■■■■■■■■■■■■■■■■■■■■■■■■■■■■■■■■■■■■■■■■■■■                |  80% of 2.3 MiB
2026-10-06T01:47:51.1430628Z |■■■■■■■■■■■■■■■■■■■■■■■■■■■■■■■■■■■■■■■■■■■■■■■■■■■■■■■■■■■■■■■■■■■■■■■■        |  90% of 2.3 MiB
2026-10-06T01:47:51.1463721Z |■■■■■■■■■■■■■■■■■■■■■■■■■■■■■■■■■■■■■■■■■■■■■■■■■■■■■■■■■■■■■■■■■■■■■■■■■■■■■■■■| 100% of 2.3 MiB
2026-10-06T01:47:51.2009682Z FFmpeg (playwright ffmpeg v1011) downloaded to /home/runner/.cache/ms-playwright/ffmpeg-1011
2026-10-06T01:47:51.2012398Z Downloading Chrome Headless Shell 153.0.8010.12 (playwright chromium-headless-shell v1243) from https://cdn.playwright.dev/builds/cft/153.0.8010.12/linux64/chrome-headless-shell-linux64.zip
2026-10-06T01:47:51.6197935Z |                                                                                |   0% of 114.3 MiB
2026-10-06T01:47:51.8358037Z |■■■■■■■■                                                                        |  10% of 114.3 MiB
2026-10-06T01:47:51.9112546Z |■■■■■■■■■■■■■■■■                                                                |  20% of 114.3 MiB
2026-10-06T01:47:51.9723720Z |■■■■■■■■■■■■■■■■■■■■■■■■                                                        |  30% of 114.3 MiB
2026-10-06T01:47:52.0311775Z |■■■■■■■■■■■■■■■■■■■■■■■■■■■■■■■■                                                |  40% of 114.3 MiB
2026-10-06T01:47:52.1060673Z |■■■■■■■■■■■■■■■■■■■■■■■■■■■■■■■■■■■■■■■■                                        |  50% of 114.3 MiB
2026-10-06T01:47:52.1643759Z |■■■■■■■■■■■■■■■■■■■■■■■■■■■■■■■■■■■■■■■■■■■■■■■■                                |  60% of 114.3 MiB
2026-10-06T01:47:52.2260325Z |■■■■■■■■■■■■■■■■■■■■■■■■■■■■■■■■■■■■■■■■■■■■■■■■■■■■■■■■                        |  70% of 114.3 MiB
2026-10-06T01:47:52.2986826Z |■■■■■■■■■■■■■■■■■■■■■■■■■■■■■■■■■■■■■■■■■■■■■■■■■■■■■■■■■■■■■■■■                |  80% of 114.3 MiB
2026-10-06T01:47:52.3574441Z |■■■■■■■■■■■■■■■■■■■■■■■■■■■■■■■■■■■■■■■■■■■■■■■■■■■■■■■■■■■■■■■■■■■■■■■■        |  90% of 114.3 MiB
2026-10-06T01:47:52.4315513Z |■■■■■■■■■■■■■■■■■■■■■■■■■■■■■■■■■■■■■■■■■■■■■■■■■■■■■■■■■■■■■■■■■■■■■■■■■■■■■■■■| 100% of 114.3 MiB
2026-10-06T01:47:54.7364208Z Chrome Headless Shell 153.0.8010.12 (playwright chromium-headless-shell v1243) downloaded to /home/runner/.cache/ms-playwright/chromium_headless_shell-1243
2026-10-06T01:47:54.7588789Z ##[group]Run pnpm test:media-admin-editor:browser --reporter=default --reporter=json --outputFile=media-source-results.json
2026-10-06T01:47:54.7589576Z [36;1mpnpm test:media-admin-editor:browser --reporter=default --reporter=json --outputFile=media-source-results.json[0m
2026-10-06T01:47:54.7630000Z shell: /usr/bin/bash -e {0}
2026-10-06T01:47:54.7630264Z env:
2026-10-06T01:47:54.7630525Z   PNPM_HOME: /home/runner/setup-pnpm/node_modules/.bin
2026-10-06T01:47:54.7630863Z   MEDIA_SOURCE_GROUP: picker
2026-10-06T01:47:54.7631130Z   DEBUG: pw:browser
2026-10-06T01:47:54.7631333Z ##[endgroup]
2026-10-06T01:47:54.7842264Z $ node scripts/check-media-admin-editor-source.mjs && vitest run --config vitest.media-admin-editor-browser.config.ts --reporter=default --reporter=json --outputFile=media-source-results.json
2026-10-06T01:47:55.0502250Z {"immutableFiles":44,"wholeTestFiles":42,"runtimeWholeTestFiles":3,"declarations":497,"expectationExpressions":2015,"pinnedApiBodies":2,"productTestsRun":0}
2026-10-06T01:47:55.8082984Z 
2026-10-06T01:47:55.8086064Z [1m[30m[46m RUN [49m[39m[22m [36mv4.1.10 [39m[90m/home/runner/work/cms/cms[39m
2026-10-06T01:47:55.8086393Z 
2026-10-06T01:47:56.6046070Z 2026-10-06T01:47:56.603Z pw:browser <launching> /home/runner/.cache/ms-playwright/chromium_headless_shell-1243/chrome-headless-shell-linux64/chrome-headless-shell --disable-field-trial-config --disable-background-networking --disable-background-timer-throttling --disable-backgrounding-occluded-windows --disable-back-forward-cache --disable-breakpad --disable-client-side-phishing-detection --disable-component-extensions-with-background-pages --disable-component-update --no-default-browser-check --disable-default-apps --disable-dev-shm-usage --disable-edgeupdater --disable-extensions --disable-features=AvoidUnnecessaryBeforeUnloadCheckSync,DestroyProfileOnBrowserClose,DialMediaRouteProvider,GlobalMediaControls,HttpsUpgrades,LensOverlay,MediaRouter,PaintHolding,ThirdPartyStoragePartitioning,BlockOriginHeaderModificationOnRedirect,Translate,AutoDeElevate,OptimizationHints,msForceBrowserSignIn,msEdgeUpdateLaunchServicesPreferredVersion --enable-features=CDPScreenshotNewSurface --allow-pre-commit-input --disable-hang-monitor --disable-ipc-flooding-protection --disable-popup-blocking --disable-prompt-on-repost --disable-renderer-backgrounding --disable-updater-scheduler --force-color-profile=srgb --metrics-recording-only --no-first-run --password-store=basic --use-mock-keychain --no-service-autorun --export-tagged-pdf --disable-search-engine-choice-screen --unsafely-disable-devtools-self-xss-warnings --edge-skip-compat-layer-relaunch --disable-infobars --disable-search-engine-choice-screen --disable-sync --enable-unsafe-swiftshader --headless --hide-scrollbars --mute-audio --blink-settings=primaryHoverType=2,availableHoverTypes=2,primaryPointerType=4,availablePointerTypes=4 --user-data-dir=/tmp/playwright_chromiumdev_profile-fLBVUK --remote-debugging-pipe --no-startup-window
2026-10-06T01:47:56.6108621Z 2026-10-06T01:47:56.610Z pw:browser <launched> pid=2968
2026-10-06T01:47:56.9585052Z 2026-10-06T01:47:56.956Z pw:browser [pid=2968][err] [1006/014756.955762:ERROR:dbus/bus.cc:405] Failed to connect to the bus: Could not parse server address: Unknown address type (examples of valid types are "tcp" and on UNIX "unix")
2026-10-06T01:47:56.9588320Z 2026-10-06T01:47:56.956Z pw:browser [pid=2968][err] Unable to revert mtime: /usr/share/fonts
2026-10-06T01:47:56.9634078Z 2026-10-06T01:47:56.957Z pw:browser [pid=2968][err] Unable to revert mtime: /usr/share/fonts/truetype
2026-10-06T01:47:56.9730812Z 2026-10-06T01:47:56.972Z pw:browser [pid=2968][err] Unable to revert mtime: /usr/share/fonts/truetype/dejavu
2026-10-06T01:47:57.0041806Z 2026-10-06T01:47:57.000Z pw:browser [pid=2968][err] [1006/014756.996845:WARNING:media/gpu/vaapi/vaapi_wrapper.cc:1660] drmGetDevices2() has not found any devices
2026-10-06T01:47:57.0062542Z 2026-10-06T01:47:57.004Z pw:browser [pid=2968][err] [1006/014757.003866:WARNING:sandbox/policy/linux/sandbox_linux.cc:405] InitializeSandbox() called with multiple threads in process gpu-process.
2026-10-06T01:47:57.5147847Z [2m1:47:57 AM[22m [36m[1m[vite][22m[39m [90m[2m(client)[22m[39m [optimizer] bundling dependencies...
2026-10-06T01:47:57.5151055Z 2026-10-06T01:47:57.514Z pw:browser [pid=2968][err] Unable to revert mtime: /usr/share/fonts/truetype/lato
2026-10-06T01:47:57.7863365Z 2026-10-06T01:47:57.786Z pw:browser [pid=2968][err] Unable to revert mtime: /usr/share/fonts/truetype/liberation
2026-10-06T01:47:57.8881334Z 2026-10-06T01:47:57.887Z pw:browser [pid=2968][err] Unable to revert mtime: /usr/share/fonts/truetype/noto
2026-10-06T01:47:58.3533041Z 2026-10-06T01:47:58.352Z pw:browser [pid=2968][err] [1006/014758.349989:ERROR:dbus/object_proxy.cc:572] Failed to call method: org.freedesktop.DBus.NameHasOwner: object_path= /org/freedesktop/DBus: unknown error type: 
2026-10-06T01:47:58.3536166Z 2026-10-06T01:47:58.352Z pw:browser [pid=2968][err] [1006/014758.350086:ERROR:dbus/bus.cc:405] Failed to connect to the bus: Could not parse server address: Unknown address type (examples of valid types are "tcp" and on UNIX "unix")
2026-10-06T01:47:58.3539202Z 2026-10-06T01:47:58.353Z pw:browser [pid=2968][err] [1006/014758.352807:ERROR:dbus/object_proxy.cc:572] Failed to call method: org.freedesktop.DBus.NameHasOwner: object_path= /org/freedesktop/DBus: unknown error type: 
2026-10-06T01:47:58.6694555Z 2026-10-06T01:47:58.669Z pw:browser [pid=2968][err] [1006/014758.669062:INFO:CONSOLE:934] "[vite] connecting...", source: http://localhost:63315/@vite/client (934)
2026-10-06T01:47:58.6758581Z 2026-10-06T01:47:58.675Z pw:browser [pid=2968][err] [1006/014758.675191:INFO:CONSOLE:1045] "[vite] connected.", source: http://localhost:63315/@vite/client (1045)
2026-10-06T01:47:58.7244629Z 2026-10-06T01:47:58.724Z pw:browser [pid=2968][err] [1006/014758.715839:INFO:CONSOLE:934] "[vite] connecting...", source: http://localhost:63315/@vite/client (934)
2026-10-06T01:47:58.7440779Z 2026-10-06T01:47:58.743Z pw:browser [pid=2968][err] [1006/014758.737029:INFO:CONSOLE:1045] "[vite] connected.", source: http://localhost:63315/@vite/client (1045)
2026-10-06T01:48:00.7173046Z [2m1:48:00 AM[22m [36m[1m[vite][22m[39m [90m[2m(client)[22m[39m [32mdependency optimized: [33m@tanstack/react-router[32m[39m
2026-10-06T01:48:00.7174221Z [33m
2026-10-06T01:48:00.7175536Z [1m[vitest][22m Vite unexpectedly reloaded a test. This may cause tests to fail, lead to flaky behaviour or duplicated test runs.
2026-10-06T01:48:00.7186085Z [39m[33mFor a stable experience, please add mentioned dependencies to your config's [1m`optimizeDeps.include`[22m field manually.
2026-10-06T01:48:00.7186784Z 
2026-10-06T01:48:00.7186973Z [39m
2026-10-06T01:48:00.7187819Z [2m1:48:00 AM[22m [36m[1m[vite][22m[39m [90m[2m(client)[22m[39m [32moptimized dependencies changed. reloading[39m
2026-10-06T01:48:02.5145834Z  [32m✓[39m [30m[43m chromium [49m[39m parity/emdash/media-admin-editor/source/packages/admin/tests/components/MediaPickerModal.test.tsx [2m([22m[2m37 tests[22m[2m)[22m[33m 2042[2mms[22m[39m
2026-10-06T01:48:02.5147539Z        [33m[2m✓[22m[39m URL input: typing a URL and submitting triggers probe [33m 309[2mms[22m[39m
2026-10-06T01:48:02.5148969Z        [33m[2m✓[22m[39m clears a global search before opening one of its folder results [33m 407[2mms[22m[39m
2026-10-06T01:48:02.7746922Z 2026-10-06T01:48:02.774Z pw:browser [pid=2968][err] [1006/014802.767681:INFO:CONSOLE:934] "[vite] connecting...", source: http://localhost:63315/@vite/client (934)
2026-10-06T01:48:02.7976295Z 2026-10-06T01:48:02.797Z pw:browser [pid=2968][err] [1006/014802.781882:INFO:CONSOLE:1045] "[vite] connected.", source: http://localhost:63315/@vite/client (1045)
2026-10-06T01:48:02.9733033Z [2m1:48:02 AM[22m [31m[1m[vite][22m[39m [31mInternal server error: Failed to resolve import "../../src/components/ImageFieldRenderer" from "parity/emdash/media-admin-editor/source/packages/admin/tests/components/ImageFieldRenderer.test.tsx". Does the file exist?[39m
2026-10-06T01:48:02.9735014Z   Plugin: [35mvite:import-analysis[39m
2026-10-06T01:48:02.9736537Z   File: [36m/home/runner/work/cms/cms/parity/emdash/media-admin-editor/source/packages/admin/tests/components/ImageFieldRenderer.test.tsx[39m:4:0
2026-10-06T01:48:02.9737672Z [33m  114 |  }, this) : null }));
2026-10-06T01:48:02.9738647Z   115 |  const __vi_import_0__ = await globalThis["__vitest_browser_runner__"].wrapDynamicImport(() => import("react"));
2026-10-06T01:48:02.9740157Z   116 |  ..."__vitest_browser_runner__"].wrapDynamicImport(() => import("../../src/components/ImageFieldRenderer"));
2026-10-06T01:48:02.9740972Z       |                                                                 ^
2026-10-06T01:48:02.9741749Z   117 |  const __vi_import_2__ = await globalThis["__vitest_browser_runner__"].wrapDynamicImport(() => import("../../src/lib/a...
2026-10-06T01:48:02.9742799Z   118 |  const __vi_import_3__ = await globalThis["__vitest_browser_runner__"].wrapDynamicImport(() => import("../utils/render...[39m
2026-10-06T01:48:02.9744149Z       at TransformPluginContext._formatLog (file:///home/runner/work/cms/cms/node_modules/.pnpm/vite@8.3.2_@types+node@24.19.0_esbuild@0.28.1_jiti@2.7.0/node_modules/vite/dist/node/chunks/node.js:8766:39)
2026-10-06T01:48:02.9745564Z       at TransformPluginContext.error (file:///home/runner/work/cms/cms/node_modules/.pnpm/vite@8.3.2_@types+node@24.19.0_esbuild@0.28.1_jiti@2.7.0/node_modules/vite/dist/node/chunks/node.js:8763:14)
2026-10-06T01:48:02.9747430Z       at normalizeUrl (file:///home/runner/work/cms/cms/node_modules/.pnpm/vite@8.3.2_@types+node@24.19.0_esbuild@0.28.1_jiti@2.7.0/node_modules/vite/dist/node/chunks/node.js:26423:18)
2026-10-06T01:48:02.9749172Z       at file:///home/runner/work/cms/cms/node_modules/.pnpm/vite@8.3.2_@types+node@24.19.0_esbuild@0.28.1_jiti@2.7.0/node_modules/vite/dist/node/chunks/node.js:26493:30
2026-10-06T01:48:02.9750091Z       at async Promise.all (index 1)
2026-10-06T01:48:02.9751219Z       at TransformPluginContext.transform (file:///home/runner/work/cms/cms/node_modules/.pnpm/vite@8.3.2_@types+node@24.19.0_esbuild@0.28.1_jiti@2.7.0/node_modules/vite/dist/node/chunks/node.js:26459:4)
2026-10-06T01:48:02.9753005Z       at EnvironmentPluginContainer.transform (file:///home/runner/work/cms/cms/node_modules/.pnpm/vite@8.3.2_@types+node@24.19.0_esbuild@0.28.1_jiti@2.7.0/node_modules/vite/dist/node/chunks/node.js:8545:14)
2026-10-06T01:48:02.9754747Z       at loadAndTransform (file:///home/runner/work/cms/cms/node_modules/.pnpm/vite@8.3.2_@types+node@24.19.0_esbuild@0.28.1_jiti@2.7.0/node_modules/vite/dist/node/chunks/node.js:19988:26)
2026-10-06T01:48:02.9974758Z  [31m❯[39m [30m[43m chromium [49m[39m parity/emdash/media-admin-editor/source/packages/admin/tests/components/ImageFieldRenderer.test.tsx [2m([22m[2m0 test[22m[2m)[22m
2026-10-06T01:48:03.0207338Z 2026-10-06T01:48:03.020Z pw:browser [pid=2968][err] [1006/014803.019488:INFO:CONSOLE:934] "[vite] connecting...", source: http://localhost:63315/@vite/client (934)
2026-10-06T01:48:03.0284506Z 2026-10-06T01:48:03.028Z pw:browser [pid=2968][err] [1006/014803.027897:INFO:CONSOLE:1045] "[vite] connected.", source: http://localhost:63315/@vite/client (1045)
2026-10-06T01:48:04.9836664Z  [32m✓[39m [30m[43m chromium [49m[39m parity/emdash/media-admin-editor/source/packages/admin/tests/components/MediaPickerUpload.test.tsx [2m([22m[2m10 tests[22m[2m)[22m[33m 1362[2mms[22m[39m
2026-10-06T01:48:04.9838189Z      [33m[2m✓[22m[39m keeps an uploaded selection while hiding it from a nonmatching search [33m 418[2mms[22m[39m
2026-10-06T01:48:05.0347954Z 2026-10-06T01:48:05.034Z pw:browser [pid=2968][err] [1006/014805.034339:INFO:CONSOLE:934] "[vite] connecting...", source: http://localhost:63315/@vite/client (934)
2026-10-06T01:48:05.0476607Z 2026-10-06T01:48:05.045Z pw:browser [pid=2968][err] [1006/014805.044676:INFO:CONSOLE:1045] "[vite] connected.", source: http://localhost:63315/@vite/client (1045)
2026-10-06T01:48:05.5881110Z  [32m✓[39m [30m[43m chromium [49m[39m parity/emdash/media-admin-editor/source/packages/admin/tests/media-picker-multiselect.test.tsx [2m([22m[2m6 tests[22m[2m)[22m[32m 244[2mms[22m[39m
2026-10-06T01:48:05.6227872Z 2026-10-06T01:48:05.622Z pw:browser [pid=2968][err] [1006/014805.622094:INFO:CONSOLE:934] "[vite] connecting...", source: http://localhost:63315/@vite/client (934)
2026-10-06T01:48:05.6361205Z 2026-10-06T01:48:05.635Z pw:browser [pid=2968][err] [1006/014805.635263:INFO:CONSOLE:1045] "[vite] connected.", source: http://localhost:63315/@vite/client (1045)
2026-10-06T01:48:05.7519332Z [2m1:48:05 AM[22m [31m[1m[vite][22m[39m [31mInternal server error: Failed to resolve import "../../src/components/BlockKitMediaPickerField" from "parity/emdash/media-admin-editor/source/packages/admin/tests/components/BlockKitMediaPickerField.test.tsx". Does the file exist?[39m
2026-10-06T01:48:05.7521316Z   Plugin: [35mvite:import-analysis[39m
2026-10-06T01:48:05.7529819Z   File: [36m/home/runner/work/cms/cms/parity/emdash/media-admin-editor/source/packages/admin/tests/components/BlockKitMediaPickerField.test.tsx[39m:4:0
2026-10-06T01:48:05.7530840Z [33m  52 |  }, this) : null }));
2026-10-06T01:48:05.7531535Z   53 |  const __vi_import_0__ = await globalThis["__vitest_browser_runner__"].wrapDynamicImport(() => import("react"));
2026-10-06T01:48:05.7532499Z   54 |  ..."__vitest_browser_runner__"].wrapDynamicImport(() => import("../../src/components/BlockKitMediaPickerField"));
2026-10-06T01:48:05.7533414Z      |                                                                 ^
2026-10-06T01:48:05.7534072Z   55 |  const __vi_import_2__ = await globalThis["__vitest_browser_runner__"].wrapDynamicImport(() => import("../utils/render...
2026-10-06T01:48:05.7535026Z   56 |  const __vi_import_3__ = await globalThis["__vitest_browser_runner__"].wrapDynamicImport(() => import("react/jsx-dev-r...[39m
2026-10-06T01:48:05.7536806Z       at TransformPluginContext._formatLog (file:///home/runner/work/cms/cms/node_modules/.pnpm/vite@8.3.2_@types+node@24.19.0_esbuild@0.28.1_jiti@2.7.0/node_modules/vite/dist/node/chunks/node.js:8766:39)
2026-10-06T01:48:05.7539021Z       at TransformPluginContext.error (file:///home/runner/work/cms/cms/node_modules/.pnpm/vite@8.3.2_@types+node@24.19.0_esbuild@0.28.1_jiti@2.7.0/node_modules/vite/dist/node/chunks/node.js:8763:14)
2026-10-06T01:48:05.7540755Z       at normalizeUrl (file:///home/runner/work/cms/cms/node_modules/.pnpm/vite@8.3.2_@types+node@24.19.0_esbuild@0.28.1_jiti@2.7.0/node_modules/vite/dist/node/chunks/node.js:26423:18)
2026-10-06T01:48:05.7541835Z       at file:///home/runner/work/cms/cms/node_modules/.pnpm/vite@8.3.2_@types+node@24.19.0_esbuild@0.28.1_jiti@2.7.0/node_modules/vite/dist/node/chunks/node.js:26493:30
2026-10-06T01:48:05.7542435Z       at async Promise.all (index 1)
2026-10-06T01:48:05.7543208Z       at TransformPluginContext.transform (file:///home/runner/work/cms/cms/node_modules/.pnpm/vite@8.3.2_@types+node@24.19.0_esbuild@0.28.1_jiti@2.7.0/node_modules/vite/dist/node/chunks/node.js:26459:4)
2026-10-06T01:48:05.7544355Z       at EnvironmentPluginContainer.transform (file:///home/runner/work/cms/cms/node_modules/.pnpm/vite@8.3.2_@types+node@24.19.0_esbuild@0.28.1_jiti@2.7.0/node_modules/vite/dist/node/chunks/node.js:8545:14)
2026-10-06T01:48:05.7545814Z       at loadAndTransform (file:///home/runner/work/cms/cms/node_modules/.pnpm/vite@8.3.2_@types+node@24.19.0_esbuild@0.28.1_jiti@2.7.0/node_modules/vite/dist/node/chunks/node.js:19988:26)
2026-10-06T01:48:05.7652029Z  [31m❯[39m [30m[43m chromium [49m[39m parity/emdash/media-admin-editor/source/packages/admin/tests/components/BlockKitMediaPickerField.test.tsx [2m([22m[2m0 test[22m[2m)[22m
2026-10-06T01:48:05.7697240Z 
2026-10-06T01:48:05.7698208Z [31m⎯⎯⎯⎯⎯⎯[39m[1m[41m Failed Suites 2 [49m[22m[31m⎯⎯⎯⎯⎯⎯⎯[39m
2026-10-06T01:48:05.7698621Z 
2026-10-06T01:48:05.7702467Z [41m[1m FAIL [22m[49m [30m[43m chromium [49m[39m parity/emdash/media-admin-editor/source/packages/admin/tests/components/BlockKitMediaPickerField.test.tsx[2m [ parity/emdash/media-admin-editor/source/packages/admin/tests/components/BlockKitMediaPickerField.test.tsx ][22m
2026-10-06T01:48:05.7706278Z [31m[1mError[22m: Failed to import test file /home/runner/work/cms/cms/parity/emdash/media-admin-editor/source/packages/admin/tests/components/BlockKitMediaPickerField.test.tsx[39m
2026-10-06T01:48:05.7709674Z [31m[1mCaused by: TypeError[22m: Failed to fetch dynamically imported module: http://localhost:63315/home/runner/work/cms/cms/parity/emdash/media-admin-editor/source/packages/admin/tests/components/BlockKitMediaPickerField.test.tsx?import&browserv=1791251285742[39m
2026-10-06T01:48:05.7711004Z [31m[2m⎯⎯⎯⎯⎯⎯⎯⎯⎯⎯⎯⎯⎯⎯⎯⎯⎯⎯⎯⎯⎯⎯⎯⎯[1/2]⎯[22m[39m
2026-10-06T01:48:05.7711436Z 
2026-10-06T01:48:05.7713388Z [41m[1m FAIL [22m[49m [30m[43m chromium [49m[39m parity/emdash/media-admin-editor/source/packages/admin/tests/components/ImageFieldRenderer.test.tsx[2m [ parity/emdash/media-admin-editor/source/packages/admin/tests/components/ImageFieldRenderer.test.tsx ][22m
2026-10-06T01:48:05.7715137Z [31m[1mError[22m: Failed to import test file /home/runner/work/cms/cms/parity/emdash/media-admin-editor/source/packages/admin/tests/components/ImageFieldRenderer.test.tsx[39m
2026-10-06T01:48:05.7716974Z [31m[1mCaused by: TypeError[22m: Failed to fetch dynamically imported module: http://localhost:63315/home/runner/work/cms/cms/parity/emdash/media-admin-editor/source/packages/admin/tests/components/ImageFieldRenderer.test.tsx?import&browserv=1791251282949[39m
2026-10-06T01:48:05.7718593Z [31m[2m⎯⎯⎯⎯⎯⎯⎯⎯⎯⎯⎯⎯⎯⎯⎯⎯⎯⎯⎯⎯⎯⎯⎯⎯[2/2]⎯[22m[39m
2026-10-06T01:48:05.7718901Z 
2026-10-06T01:48:05.7719169Z 
2026-10-06T01:48:05.7719874Z [2m Test Files [22m [1m[31m2 failed[39m[22m[2m | [22m[1m[32m3 passed[39m[22m[90m (5)[39m
2026-10-06T01:48:05.7720865Z [2m      Tests [22m [1m[32m53 passed[39m[22m[90m (53)[39m
2026-10-06T01:48:05.7721540Z [2m   Start at [22m 01:47:55
2026-10-06T01:48:05.7722512Z [2m   Duration [22m 9.96s[2m (transform 0ms, setup 368ms, import 2.10s, tests 3.65s, environment 0ms)[22m
2026-10-06T01:48:05.7723077Z 
2026-10-06T01:48:05.7738410Z JSON report written to /home/runner/work/cms/cms/media-source-results.json
2026-10-06T01:48:05.7789432Z 2026-10-06T01:48:05.778Z pw:browser [pid=2968][err] [1006/014805.775739:INFO:CONSOLE:1080] "[vite] server connection lost. Polling for restart...", source: http://localhost:63315/@vite/client (1080)
2026-10-06T01:48:05.7804277Z 2026-10-06T01:48:05.780Z pw:browser [pid=2968][err] [1006/014805.779784:INFO:CONSOLE:1211] "[vite] server connection lost. Polling for restart...", source: http://localhost:63315/__vitest_browser__/tester-BJtsJFpD.js (1211)
2026-10-06T01:48:05.7976633Z 2026-10-06T01:48:05.797Z pw:browser [pid=2968] <gracefully close start>
2026-10-06T01:48:05.8188777Z 2026-10-06T01:48:05.818Z pw:browser [pid=2968] <process did exit: exitCode=0, signal=null>
2026-10-06T01:48:05.8189942Z 2026-10-06T01:48:05.818Z pw:browser [pid=2968] starting temporary directories cleanup
2026-10-06T01:48:05.8218570Z 2026-10-06T01:48:05.821Z pw:browser [pid=2968] finished temporary directories cleanup
2026-10-06T01:48:05.8220605Z 2026-10-06T01:48:05.821Z pw:browser [pid=2968] <gracefully close end>
2026-10-06T01:48:05.9014176Z [ELIFECYCLE] Command failed with exit code 1.
2026-10-06T01:48:05.9048456Z ##[error]Process completed with exit code 1.
2026-10-06T01:48:05.9138975Z ##[group]Run actions/upload-artifact@v4
2026-10-06T01:48:05.9139371Z with:
2026-10-06T01:48:05.9139721Z   name: media-source-picker
2026-10-06T01:48:05.9140080Z   path: media-source-results.json
2026-10-06T01:48:05.9140438Z   retention-days: 14
2026-10-06T01:48:05.9140828Z   if-no-files-found: warn
2026-10-06T01:48:05.9141147Z   compression-level: 6
2026-10-06T01:48:05.9141496Z   overwrite: false
2026-10-06T01:48:05.9141807Z   include-hidden-files: false
2026-10-06T01:48:05.9142152Z env:
2026-10-06T01:48:05.9142562Z   PNPM_HOME: /home/runner/setup-pnpm/node_modules/.bin
2026-10-06T01:48:05.9142944Z ##[endgroup]
2026-10-06T01:48:06.0791989Z (node:3036) [DEP0040] DeprecationWarning: The `punycode` module is deprecated. Please use a userland alternative instead.
2026-10-06T01:48:06.0793398Z (Use `node --trace-deprecation ...` to show where the warning was created)
2026-10-06T01:48:06.0865619Z With the provided path, there will be 1 file uploaded
2026-10-06T01:48:06.0867832Z Artifact name is valid!
2026-10-06T01:48:06.0869975Z Root directory input is valid!
2026-10-06T01:48:06.3555819Z Beginning upload of artifact content to blob storage
2026-10-06T01:48:06.3748209Z (node:3036) [DEP0169] DeprecationWarning: `url.parse()` behavior is not standardized and prone to errors that have security implications. Use the WHATWG URL API instead. CVEs are not issued for `url.parse()` vulnerabilities.
2026-10-06T01:48:06.5022123Z Uploaded bytes 2766
2026-10-06T01:48:06.5391030Z Finished uploading artifact content to blob storage!
2026-10-06T01:48:06.5392244Z SHA256 digest of uploaded artifact zip is 831c05884553390ffcc1c09e08925afced82fb805aac851f68b50d9d36442113
2026-10-06T01:48:06.5393590Z Finalizing artifact upload
2026-10-06T01:48:06.7564775Z Artifact media-source-picker.zip successfully finalized. Artifact ID 11384863020
2026-10-06T01:48:06.7566736Z Artifact media-source-picker has been successfully uploaded! Final size is 2766 bytes. Artifact ID is 11384863020
2026-10-06T01:48:06.7570230Z Artifact download URL: https://github.com/sveltery/cms/actions/runs/37396334940/artifacts/11384863020
2026-10-06T01:48:06.7733388Z Post job cleanup.
2026-10-06T01:48:06.9116582Z Pruning is unnecessary.
2026-10-06T01:48:06.9274675Z Post job cleanup.
2026-10-06T01:48:07.0148648Z [command]/usr/bin/git version
2026-10-06T01:48:07.0187481Z git version 2.55.0
2026-10-06T01:48:07.0219159Z Temporarily overriding HOME='/home/runner/work/_temp/bc1a716f-dd94-4094-806c-1fc279158d55' before making global git config changes
2026-10-06T01:48:07.0220988Z Adding repository directory to the temporary git global config as a safe directory
2026-10-06T01:48:07.0225301Z [command]/usr/bin/git config --global --add safe.directory /home/runner/work/cms/cms
2026-10-06T01:48:07.0265084Z [command]/usr/bin/git config --local --name-only --get-regexp core\.sshCommand
2026-10-06T01:48:07.0301782Z [command]/usr/bin/git submodule foreach --recursive sh -c "git config --local --name-only --get-regexp 'core\.sshCommand' && git config --local --unset-all 'core.sshCommand' || :"
2026-10-06T01:48:07.0608918Z [command]/usr/bin/git config --local --name-only --get-regexp http\.https\:\/\/github\.com\/\.extraheader
2026-10-06T01:48:07.0650347Z http.https://github.com/.extraheader
2026-10-06T01:48:07.0666901Z [command]/usr/bin/git config --local --unset-all http.https://github.com/.extraheader
2026-10-06T01:48:07.0708560Z [command]/usr/bin/git submodule foreach --recursive sh -c "git config --local --name-only --get-regexp 'http\.https\:\/\/github\.com\/\.extraheader' && git config --local --unset-all 'http.https://github.com/.extraheader' || :"
2026-10-06T01:48:07.1005606Z [command]/usr/bin/git config --local --name-only --get-regexp ^includeIf\.gitdir:
2026-10-06T01:48:07.1034932Z [command]/usr/bin/git submodule foreach --recursive git config --local --show-origin --name-only --get-regexp remote.origin.url
2026-10-06T01:48:07.1388006Z Cleaning up orphan processes
2026-10-06T01:48:07.1679069Z ##[warning]Node.js 20 is deprecated. The following actions target Node.js 20 but are being forced to run on Node.js 24: actions/checkout@v4, actions/setup-node@v4, actions/upload-artifact@v4, pnpm/action-setup@v4. For more information see: https://github.blog/changelog/2025-09-19-deprecation-of-node-20-on-github-actions-runners/
