2026-10-06T01:45:09.7678043Z Current runner version: '2.337.0'
2026-10-06T01:45:09.7692555Z ##[group]Runner Image Provisioner
2026-10-06T01:45:09.7693019Z Hosted Compute Agent
2026-10-06T01:45:09.7693330Z Version: 20260901.588
2026-10-06T01:45:09.7693700Z Commit: f88ec8081b781fac6c440065ac7ff9e710ce3d0b
2026-10-06T01:45:09.7694083Z Build Date: 2026-09-01T19:56:44Z
2026-10-06T01:45:09.7694469Z Worker ID: {34dd383a-0428-445a-af7e-c5446c768b7d}
2026-10-06T01:45:09.7694850Z Azure Region: centralus
2026-10-06T01:45:09.7695156Z ##[endgroup]
2026-10-06T01:45:09.7695822Z ##[group]Operating System
2026-10-06T01:45:09.7696143Z Ubuntu
2026-10-06T01:45:09.7696403Z 22.04.5
2026-10-06T01:45:09.7696689Z LTS
2026-10-06T01:45:09.7696960Z ##[endgroup]
2026-10-06T01:45:09.7697254Z ##[group]Runner Image
2026-10-06T01:45:09.7697575Z Image: ubuntu-22.04
2026-10-06T01:45:09.7697876Z Version: 20260927.309.1
2026-10-06T01:45:09.7698530Z Included Software: https://github.com/actions/runner-images/blob/ubuntu22/20260927.309/images/ubuntu/Ubuntu2204-Readme.md
2026-10-06T01:45:09.7699310Z Image Release: https://github.com/actions/runner-images/releases/tag/ubuntu22%2F20260927.309
2026-10-06T01:45:09.7699822Z ##[endgroup]
2026-10-06T01:45:09.7700685Z ##[group]GITHUB_TOKEN Permissions
2026-10-06T01:45:09.7701765Z Contents: read
2026-10-06T01:45:09.7702056Z Metadata: read
2026-10-06T01:45:09.7702385Z ##[endgroup]
2026-10-06T01:45:09.7703519Z Secret source: Actions
2026-10-06T01:45:09.7704017Z Cache mode: write
2026-10-06T01:45:09.7704389Z Prepare workflow directory
2026-10-06T01:45:09.7879896Z Prepare all required actions
2026-10-06T01:45:09.7911189Z Getting action download info
2026-10-06T01:45:10.0493842Z Download action repository 'actions/checkout@v4' (SHA:11d5960a326750d5838078e36cf38b85af677262)
2026-10-06T01:45:10.1306074Z Download action repository 'pnpm/action-setup@v4' (SHA:b906affcce14559ad1aafd4ab0e942779e9f58b1)
2026-10-06T01:45:10.5906939Z Download action repository 'actions/setup-node@v4' (SHA:49933ea5288caeca8642d1e84afbd3f7d6820020)
2026-10-06T01:45:10.6791474Z Download action repository 'actions/upload-artifact@v4' (SHA:ea165f8d65b6e75b540449e92b4886f43607fa02)
2026-10-06T01:45:10.8876935Z Complete job name: media-admin-editor-source (helpers)
2026-10-06T01:45:10.9335255Z ##[group]Run actions/checkout@v4
2026-10-06T01:45:10.9336041Z with:
2026-10-06T01:45:10.9336529Z   repository: sveltery/cms
2026-10-06T01:45:10.9341997Z   token: ***
2026-10-06T01:45:10.9342506Z   ssh-strict: true
2026-10-06T01:45:10.9343008Z   ssh-user: git
2026-10-06T01:45:10.9343558Z   persist-credentials: true
2026-10-06T01:45:10.9344132Z   clean: true
2026-10-06T01:45:10.9344648Z   sparse-checkout-cone-mode: true
2026-10-06T01:45:10.9345295Z   fetch-depth: 1
2026-10-06T01:45:10.9345837Z   fetch-tags: false
2026-10-06T01:45:10.9346392Z   show-progress: true
2026-10-06T01:45:10.9346906Z   lfs: false
2026-10-06T01:45:10.9347386Z   submodules: false
2026-10-06T01:45:10.9347943Z   set-safe-directory: true
2026-10-06T01:45:10.9348538Z   allow-unsafe-pr-checkout: false
2026-10-06T01:45:10.9349276Z ##[endgroup]
2026-10-06T01:45:10.9946721Z Syncing repository: sveltery/cms
2026-10-06T01:45:10.9948657Z ##[group]Getting Git version info
2026-10-06T01:45:10.9949545Z Working directory is '/home/runner/work/cms/cms'
2026-10-06T01:45:10.9950983Z [command]/usr/bin/git version
2026-10-06T01:45:10.9965585Z git version 2.55.0
2026-10-06T01:45:10.9980763Z ##[endgroup]
2026-10-06T01:45:10.9991512Z Temporarily overriding HOME='/home/runner/work/_temp/9385a06d-56f9-4345-89e8-743562580b15' before making global git config changes
2026-10-06T01:45:10.9994284Z Adding repository directory to the temporary git global config as a safe directory
2026-10-06T01:45:10.9996596Z [command]/usr/bin/git config --global --add safe.directory /home/runner/work/cms/cms
2026-10-06T01:45:11.0020687Z Deleting the contents of '/home/runner/work/cms/cms'
2026-10-06T01:45:11.0023810Z ##[group]Initializing the repository
2026-10-06T01:45:11.0026969Z [command]/usr/bin/git init /home/runner/work/cms/cms
2026-10-06T01:45:11.0104225Z hint: Using 'master' as the name for the initial branch. This default branch name
2026-10-06T01:45:11.0106467Z hint: will change to "main" in Git 3.0. To configure the initial branch name
2026-10-06T01:45:11.0108420Z hint: to use in all of your new repositories, which will suppress this warning,
2026-10-06T01:45:11.0109958Z hint: call:
2026-10-06T01:45:11.0110975Z hint:
2026-10-06T01:45:11.0112641Z hint: 	git config --global init.defaultBranch <name>
2026-10-06T01:45:11.0113840Z hint:
2026-10-06T01:45:11.0115097Z hint: Names commonly chosen instead of 'master' are 'main', 'trunk' and
2026-10-06T01:45:11.0116659Z hint: 'development'. The just-created branch can be renamed via this command:
2026-10-06T01:45:11.0117805Z hint:
2026-10-06T01:45:11.0118445Z hint: 	git branch -m <name>
2026-10-06T01:45:11.0119249Z hint:
2026-10-06T01:45:11.0120673Z hint: Disable this message with "git config set advice.defaultBranchName false"
2026-10-06T01:45:11.0122349Z Initialized empty Git repository in /home/runner/work/cms/cms/.git/
2026-10-06T01:45:11.0124851Z [command]/usr/bin/git remote add origin https://github.com/sveltery/cms
2026-10-06T01:45:11.0139630Z ##[endgroup]
2026-10-06T01:45:11.0141283Z ##[group]Disabling automatic garbage collection
2026-10-06T01:45:11.0143687Z [command]/usr/bin/git config --local gc.auto 0
2026-10-06T01:45:11.0187484Z ##[endgroup]
2026-10-06T01:45:11.0188820Z ##[group]Setting up auth
2026-10-06T01:45:11.0191262Z [command]/usr/bin/git config --local --name-only --get-regexp core\.sshCommand
2026-10-06T01:45:11.0210239Z [command]/usr/bin/git submodule foreach --recursive sh -c "git config --local --name-only --get-regexp 'core\.sshCommand' && git config --local --unset-all 'core.sshCommand' || :"
2026-10-06T01:45:11.0381342Z [command]/usr/bin/git config --local --name-only --get-regexp http\.https\:\/\/github\.com\/\.extraheader
2026-10-06T01:45:11.0403303Z [command]/usr/bin/git submodule foreach --recursive sh -c "git config --local --name-only --get-regexp 'http\.https\:\/\/github\.com\/\.extraheader' && git config --local --unset-all 'http.https://github.com/.extraheader' || :"
2026-10-06T01:45:11.0506417Z [command]/usr/bin/git config --local --name-only --get-regexp ^includeIf\.gitdir:
2026-10-06T01:45:11.0527037Z [command]/usr/bin/git submodule foreach --recursive git config --local --show-origin --name-only --get-regexp remote.origin.url
2026-10-06T01:45:11.0627343Z [command]/usr/bin/git config --local http.https://github.com/.extraheader AUTHORIZATION: basic ***
2026-10-06T01:45:11.0649420Z ##[endgroup]
2026-10-06T01:45:11.0651384Z ##[group]Fetching the repository
2026-10-06T01:45:11.0655321Z [command]/usr/bin/git -c protocol.version=2 fetch --no-tags --prune --no-recurse-submodules --depth=1 origin +75fd61ec31e6268944950117a7103a89c235dc9a:refs/remotes/pull/121/merge
2026-10-06T01:45:12.1631238Z From https://github.com/sveltery/cms
2026-10-06T01:45:12.1631663Z  * [new ref]         75fd61ec31e6268944950117a7103a89c235dc9a -> pull/121/merge
2026-10-06T01:45:12.1634643Z ##[endgroup]
2026-10-06T01:45:12.1635040Z ##[group]Determining the checkout info
2026-10-06T01:45:12.1636361Z ##[endgroup]
2026-10-06T01:45:12.1639875Z [command]/usr/bin/git sparse-checkout disable
2026-10-06T01:45:12.1661370Z [command]/usr/bin/git config --local --unset-all extensions.worktreeConfig
2026-10-06T01:45:12.1677431Z ##[group]Checking out the ref
2026-10-06T01:45:12.1679121Z [command]/usr/bin/git checkout --progress --force refs/remotes/pull/121/merge
2026-10-06T01:45:12.3842394Z Note: switching to 'refs/remotes/pull/121/merge'.
2026-10-06T01:45:12.3843107Z 
2026-10-06T01:45:12.3843666Z You are in 'detached HEAD' state. You can look around, make experimental
2026-10-06T01:45:12.3844217Z changes and commit them, and you can discard any commits you make in this
2026-10-06T01:45:12.3844687Z state without impacting any branches by switching back to a branch.
2026-10-06T01:45:12.3844977Z 
2026-10-06T01:45:12.3845205Z If you want to create a new branch to retain commits you create, you may
2026-10-06T01:45:12.3845665Z do so (now or later) by using -c with the switch command. Example:
2026-10-06T01:45:12.3846274Z 
2026-10-06T01:45:12.3846473Z   git switch -c <new-branch-name>
2026-10-06T01:45:12.3846651Z 
2026-10-06T01:45:12.3846793Z Or undo this operation with:
2026-10-06T01:45:12.3846963Z 
2026-10-06T01:45:12.3847070Z   git switch -
2026-10-06T01:45:12.3847248Z 
2026-10-06T01:45:12.3847475Z Turn off this advice by setting config variable advice.detachedHead to false
2026-10-06T01:45:12.3847753Z 
2026-10-06T01:45:12.3848000Z HEAD is now at 75fd61e Merge 563b3fb36a43265336e34c4610cd6e2306195a8a into d8989c402af17e329be09c0f17773fa33e36d7a9
2026-10-06T01:45:12.3849041Z ##[endgroup]
2026-10-06T01:45:12.3873798Z [command]/usr/bin/git log -1 --format=%H
2026-10-06T01:45:12.3885180Z 75fd61ec31e6268944950117a7103a89c235dc9a
2026-10-06T01:45:12.4025364Z ##[group]Run pnpm/action-setup@v4
2026-10-06T01:45:12.4025540Z with:
2026-10-06T01:45:12.4025680Z   version: 12.6.0
2026-10-06T01:45:12.4025820Z   dest: ~/setup-pnpm
2026-10-06T01:45:12.4025961Z   run_install: null
2026-10-06T01:45:12.4026109Z   cache: false
2026-10-06T01:45:12.4026254Z   cache_dependency_path: pnpm-lock.yaml
2026-10-06T01:45:12.4026439Z   package_json_file: package.json
2026-10-06T01:45:12.4026625Z   standalone: false
2026-10-06T01:45:12.4026783Z ##[endgroup]
2026-10-06T01:45:12.4826475Z ##[group]Running self-installer...
2026-10-06T01:45:12.6918002Z (node:1859) [DEP0169] DeprecationWarning: `url.parse()` behavior is not standardized and prone to errors that have security implications. Use the WHATWG URL API instead. CVEs are not issued for `url.parse()` vulnerabilities.
2026-10-06T01:45:12.6918971Z (Use `node --trace-deprecation ...` to show where the warning was created)
2026-10-06T01:45:12.8916788Z Progress: resolved 1, reused 0, downloaded 0, added 0
2026-10-06T01:45:13.0343374Z Packages: +3
2026-10-06T01:45:13.0343630Z +++
2026-10-06T01:45:13.4868232Z Progress: resolved 15, reused 0, downloaded 3, added 3, done
2026-10-06T01:45:13.4961456Z .../.pnpm/pnpm@12.6.0/node_modules/pnpm preinstall$ node install.js
2026-10-06T01:45:13.8059057Z .../.pnpm/pnpm@12.6.0/node_modules/pnpm preinstall: Done
2026-10-06T01:45:13.8062049Z .../.pnpm/pnpm@12.6.0/node_modules/pnpm postinstall$ node install.js
2026-10-06T01:45:13.8302325Z .../.pnpm/pnpm@12.6.0/node_modules/pnpm postinstall: Done
2026-10-06T01:45:14.6497182Z 
2026-10-06T01:45:14.6497673Z dependencies:
2026-10-06T01:45:14.6497938Z + pnpm 12.6.0 (12.9.1 is available)
2026-10-06T01:45:14.6517757Z 
2026-10-06T01:45:14.6517992Z Done in 2s
2026-10-06T01:45:14.6768561Z ##[endgroup]
2026-10-06T01:45:14.6768807Z Installation Completed!
2026-10-06T01:45:14.6898257Z ##[group]Run actions/setup-node@v4
2026-10-06T01:45:14.6898486Z with:
2026-10-06T01:45:14.6898651Z   node-version: 24
2026-10-06T01:45:14.6898821Z   cache: pnpm
2026-10-06T01:45:14.6898986Z   always-auth: false
2026-10-06T01:45:14.6899169Z   check-latest: false
2026-10-06T01:45:14.6901728Z   token: ***
2026-10-06T01:45:14.6901890Z env:
2026-10-06T01:45:14.6902103Z   PNPM_HOME: /home/runner/setup-pnpm/node_modules/.bin
2026-10-06T01:45:14.6902388Z ##[endgroup]
2026-10-06T01:45:14.7710823Z (node:1892) [DEP0040] DeprecationWarning: The `punycode` module is deprecated. Please use a userland alternative instead.
2026-10-06T01:45:14.7712051Z Found in cache @ /opt/hostedtoolcache/node/24.21.0/x64
2026-10-06T01:45:14.7712459Z ##[group]Environment details
2026-10-06T01:45:14.7713092Z (Use `node --trace-deprecation ...` to show where the warning was created)
2026-10-06T01:45:14.9867095Z node: v24.21.0
2026-10-06T01:45:14.9867543Z npm: 11.19.0
2026-10-06T01:45:14.9867876Z yarn: 1.22.22
2026-10-06T01:45:14.9868630Z ##[endgroup]
2026-10-06T01:45:14.9890874Z [command]/home/runner/setup-pnpm/node_modules/.bin/pnpm store path --silent
2026-10-06T01:45:15.0013639Z /home/runner/setup-pnpm/node_modules/.bin/store/v11
2026-10-06T01:45:15.1532609Z Cache hit for: node-cache-Linux-x64-pnpm-cb01908ec0d0a45d9eb29e44f56e05364983ff2ce958acc694c939d2835b5d56
2026-10-06T01:45:15.1610903Z (node:1892) [DEP0169] DeprecationWarning: `url.parse()` behavior is not standardized and prone to errors that have security implications. Use the WHATWG URL API instead. CVEs are not issued for `url.parse()` vulnerabilities.
2026-10-06T01:45:16.3073834Z Received 134217728 of 174062786 (77.1%), 127.9 MBs/sec
2026-10-06T01:45:16.4524237Z Received 174062786 of 174062786 (100.0%), 144.9 MBs/sec
2026-10-06T01:45:16.4524778Z Cache Size: ~166 MB (174062786 B)
2026-10-06T01:45:16.4545817Z [command]/usr/bin/tar -xf /home/runner/work/_temp/711e157b-c4c4-4c5a-bfa2-9c7fe41e357f/cache.tzst -P -C /home/runner/work/cms/cms --use-compress-program unzstd
2026-10-06T01:45:17.1464858Z Cache restored successfully
2026-10-06T01:45:17.1604105Z Cache restored from key: node-cache-Linux-x64-pnpm-cb01908ec0d0a45d9eb29e44f56e05364983ff2ce958acc694c939d2835b5d56
2026-10-06T01:45:17.1734915Z ##[group]Run pnpm install --frozen-lockfile
2026-10-06T01:45:17.1735153Z [36;1mpnpm install --frozen-lockfile[0m
2026-10-06T01:45:17.2502791Z shell: /usr/bin/bash -e {0}
2026-10-06T01:45:17.2502963Z env:
2026-10-06T01:45:17.2503112Z   PNPM_HOME: /home/runner/setup-pnpm/node_modules/.bin
2026-10-06T01:45:17.2503284Z ##[endgroup]
2026-10-06T01:45:17.2816977Z ? Verifying lockfile against supply-chain policies (534 entries)...
2026-10-06T01:45:17.3669266Z Packages are hard linked from the content-addressable store to the virtual store.
2026-10-06T01:45:17.3670309Z   Content-addressable store is at: /home/runner/setup-pnpm/node_modules/.bin/store/v11
2026-10-06T01:45:17.3670978Z   Virtual store is at:             node_modules/.pnpm
2026-10-06T01:45:19.0870730Z ✓ Lockfile passes supply-chain policies (534 entries in 1.8s)
2026-10-06T01:45:19.0871094Z Lockfile is up to date, resolution step is skipped
2026-10-06T01:45:19.0926849Z Packages: +403
2026-10-06T01:45:19.0927258Z ++++++++++++++++++++++++++++++++++++++++++++++++++++++++++++++++++++++++++++++++
2026-10-06T01:45:19.1027825Z Progress: resolved 403, reused 403, downloaded 0, added 403, done
2026-10-06T01:45:19.2753854Z . prepare$ svelte-kit sync
2026-10-06T01:45:19.7820440Z . prepare: Done
2026-10-06T01:45:19.7825512Z 
2026-10-06T01:45:19.7825650Z dependencies:
2026-10-06T01:45:19.7825809Z + @oslojs/crypto 1.0.1
2026-10-06T01:45:19.7826037Z + @oslojs/encoding 1.1.0
2026-10-06T01:45:19.7826258Z + @oslojs/webauthn 1.0.0
2026-10-06T01:45:19.7826462Z + @wordpress/block-serialization-default-parser 5.38.0
2026-10-06T01:45:19.7826727Z + blurhash 2.0.5
2026-10-06T01:45:19.7826904Z + cn 0.2.2
2026-10-06T01:45:19.7827065Z + date-fns 4.1.0
2026-10-06T01:45:19.7827243Z + image-size 2.0.2
2026-10-06T01:45:19.7827420Z + jpeg-js 0.4.4
2026-10-06T01:45:19.7827603Z + jsonc-parser 3.3.1
2026-10-06T01:45:19.7827783Z + kysely 0.29.2
2026-10-06T01:45:19.7827945Z + mime 4.1.0
2026-10-06T01:45:19.7828109Z + parse5 7.3.0
2026-10-06T01:45:19.7828326Z + smol-toml 1.6.0
2026-10-06T01:45:19.7828553Z + ulidx 2.4.1
2026-10-06T01:45:19.7828722Z + upng-js 2.1.0
2026-10-06T01:45:19.7828887Z + valibot 1.5.0
2026-10-06T01:45:19.7829062Z + zod 4.5.4
2026-10-06T01:45:19.7829154Z 
2026-10-06T01:45:19.7829244Z devDependencies:
2026-10-06T01:45:19.7829428Z + @babel/core 7.29.7
2026-10-06T01:45:19.7829623Z + @cloudflare/kumo 2.6.0
2026-10-06T01:45:19.7829908Z + @cloudflare/workers-types 4.20260507.1
2026-10-06T01:45:19.7830241Z + @floating-ui/dom 1.8.0
2026-10-06T01:45:19.7830489Z + @lingui/babel-plugin-lingui-macro 5.9.5
2026-10-06T01:45:19.7830730Z + @lingui/conf 5.9.5
2026-10-06T01:45:19.7830917Z + @lingui/core 5.9.5
2026-10-06T01:45:19.7831106Z + @lingui/react 5.9.5
2026-10-06T01:45:19.7831304Z + @playwright/test 1.63.0
2026-10-06T01:45:19.7831536Z + @sveltejs/adapter-auto 7.0.1
2026-10-06T01:45:19.7831790Z + @sveltejs/adapter-cloudflare 7.2.9
2026-10-06T01:45:19.7832053Z + @sveltejs/adapter-node 5.5.7
2026-10-06T01:45:19.7832291Z + @sveltejs/kit 2.70.3
2026-10-06T01:45:19.7832660Z + @sveltejs/vite-plugin-svelte 7.3.1
2026-10-06T01:45:19.7832915Z + @tanstack/react-query 5.90.21
2026-10-06T01:45:19.7833155Z + @tanstack/react-router 1.163.2
2026-10-06T01:45:19.7833404Z + @testing-library/react 16.3.2
2026-10-06T01:45:19.7833827Z + @types/jsdom 30.0.0
2026-10-06T01:45:19.7834024Z + @types/node 24.19.0
2026-10-06T01:45:19.7834224Z + @types/react 19.3.0
2026-10-06T01:45:19.7834421Z + @types/react-dom 19.3.0
2026-10-06T01:45:19.7834672Z + @vitest/browser-playwright 4.1.10
2026-10-06T01:45:19.7834900Z + devalue 5.9.4
2026-10-06T01:45:19.7835069Z + jsdom 30.1.1
2026-10-06T01:45:19.7835265Z + miniflare 4.20260507.1
2026-10-06T01:45:19.7835469Z + pg 8.18.0
2026-10-06T01:45:19.7835631Z + react 19.3.0
2026-10-06T01:45:19.7835831Z + react-day-picker 9.14.0
2026-10-06T01:45:19.7836030Z + react-dom 19.3.0
2026-10-06T01:45:19.7836205Z + svelte 5.57.1
2026-10-06T01:45:19.7836383Z + svelte-check 4.7.6
2026-10-06T01:45:19.7836573Z + typescript 6.0.3
2026-10-06T01:45:19.7836743Z + vite 8.3.2
2026-10-06T01:45:19.7837061Z + vitest 4.1.10
2026-10-06T01:45:19.7837191Z + vitest-browser-react 2.2.0
2026-10-06T01:45:19.7837327Z + wrangler 4.99.0
2026-10-06T01:45:19.7837401Z 
2026-10-06T01:45:19.7837747Z Done in 2.5s using pnpm v12.6.0
2026-10-06T01:45:19.7968570Z ##[group]Run pnpm exec playwright install --with-deps chromium
2026-10-06T01:45:19.7968862Z [36;1mpnpm exec playwright install --with-deps chromium[0m
2026-10-06T01:45:19.7998638Z shell: /usr/bin/bash -e {0}
2026-10-06T01:45:19.7998779Z env:
2026-10-06T01:45:19.7998918Z   PNPM_HOME: /home/runner/setup-pnpm/node_modules/.bin
2026-10-06T01:45:19.7999085Z ##[endgroup]
2026-10-06T01:45:20.0744395Z Installing dependencies...
2026-10-06T01:45:20.0790215Z Switching to root user to install dependencies...
2026-10-06T01:45:20.1449295Z Get:1 file:/etc/apt/apt-mirrors.txt Mirrorlist [144 B]
2026-10-06T01:45:20.1951461Z Hit:2 http://azure.archive.ubuntu.com/ubuntu jammy InRelease
2026-10-06T01:45:20.1966212Z Get:3 http://azure.archive.ubuntu.com/ubuntu jammy-updates InRelease [128 kB]
2026-10-06T01:45:20.1988089Z Get:4 http://azure.archive.ubuntu.com/ubuntu jammy-backports InRelease [127 kB]
2026-10-06T01:45:20.2001782Z Get:6 https://packages.microsoft.com/ubuntu/22.04/prod jammy InRelease [3632 B]
2026-10-06T01:45:20.2003952Z Get:5 http://azure.archive.ubuntu.com/ubuntu jammy-security InRelease [129 kB]
2026-10-06T01:45:20.2681013Z Get:7 http://azure.archive.ubuntu.com/ubuntu jammy-updates/main amd64 Packages [3907 kB]
2026-10-06T01:45:20.2851034Z Get:8 http://azure.archive.ubuntu.com/ubuntu jammy-updates/main Translation-en [576 kB]
2026-10-06T01:45:20.2870734Z Get:9 http://azure.archive.ubuntu.com/ubuntu jammy-updates/restricted amd64 Packages [6714 kB]
2026-10-06T01:45:20.3088536Z Get:10 http://azure.archive.ubuntu.com/ubuntu jammy-updates/restricted Translation-en [1290 kB]
2026-10-06T01:45:20.3133787Z Get:11 http://azure.archive.ubuntu.com/ubuntu jammy-updates/universe amd64 Packages [1285 kB]
2026-10-06T01:45:20.3175004Z Get:12 http://azure.archive.ubuntu.com/ubuntu jammy-updates/universe Translation-en [325 kB]
2026-10-06T01:45:20.3218458Z Get:13 https://packages.microsoft.com/ubuntu/22.04/prod jammy/main amd64 Packages [797 kB]
2026-10-06T01:45:20.3533219Z Get:14 http://azure.archive.ubuntu.com/ubuntu jammy-security/main amd64 Packages [3631 kB]
2026-10-06T01:45:20.3824802Z Get:15 http://azure.archive.ubuntu.com/ubuntu jammy-security/main Translation-en [508 kB]
2026-10-06T01:45:20.3846468Z Get:16 http://azure.archive.ubuntu.com/ubuntu jammy-security/restricted amd64 Packages [6465 kB]
2026-10-06T01:45:20.3857786Z Get:20 https://packages.microsoft.com/ubuntu/22.04/prod jammy/main arm64 Packages [551 kB]
2026-10-06T01:45:20.4011422Z Get:17 http://azure.archive.ubuntu.com/ubuntu jammy-security/restricted Translation-en [1244 kB]
2026-10-06T01:45:20.4514255Z Get:18 http://azure.archive.ubuntu.com/ubuntu jammy-security/universe amd64 Packages [1052 kB]
2026-10-06T01:45:20.4543547Z Get:19 http://azure.archive.ubuntu.com/ubuntu jammy-security/universe Translation-en [237 kB]
2026-10-06T01:45:26.5397337Z Fetched 29.0 MB in 2s (13.1 MB/s)
2026-10-06T01:45:27.2774937Z Reading package lists...
2026-10-06T01:45:27.3112284Z Reading package lists...
2026-10-06T01:45:27.5191242Z Building dependency tree...
2026-10-06T01:45:27.5199131Z Reading state information...
2026-10-06T01:45:27.6591288Z fonts-liberation is already the newest version (1:1.07.4-11).
2026-10-06T01:45:27.6591923Z fonts-liberation set to manually installed.
2026-10-06T01:45:27.6592589Z libatk-bridge2.0-0 is already the newest version (2.38.0-3).
2026-10-06T01:45:27.6593090Z libatk-bridge2.0-0 set to manually installed.
2026-10-06T01:45:27.6593601Z libatk1.0-0 is already the newest version (2.36.0-3build1).
2026-10-06T01:45:27.6594077Z libatk1.0-0 set to manually installed.
2026-10-06T01:45:27.6594533Z libatspi2.0-0 is already the newest version (2.44.0-3).
2026-10-06T01:45:27.6594973Z libatspi2.0-0 set to manually installed.
2026-10-06T01:45:27.6595463Z libfontconfig1 is already the newest version (2.13.1-4.2ubuntu5).
2026-10-06T01:45:27.6595951Z libfontconfig1 set to manually installed.
2026-10-06T01:45:27.6596412Z libxcb1 is already the newest version (1.14-3ubuntu3).
2026-10-06T01:45:27.6596857Z libxcb1 set to manually installed.
2026-10-06T01:45:27.6597859Z libxcomposite1 is already the newest version (1:0.4.5-1build2).
2026-10-06T01:45:27.6598193Z libxcomposite1 set to manually installed.
2026-10-06T01:45:27.6598518Z libxdamage1 is already the newest version (1:1.1.5-2build2).
2026-10-06T01:45:27.6598806Z libxdamage1 set to manually installed.
2026-10-06T01:45:27.6599017Z libxext6 is already the newest version (2:1.3.4-1build1).
2026-10-06T01:45:27.6599212Z libxext6 set to manually installed.
2026-10-06T01:45:27.6599414Z libxfixes3 is already the newest version (1:6.0.0-1).
2026-10-06T01:45:27.6599606Z libxfixes3 set to manually installed.
2026-10-06T01:45:27.6599805Z libxkbcommon0 is already the newest version (1.4.0-1).
2026-10-06T01:45:27.6600129Z libxkbcommon0 set to manually installed.
2026-10-06T01:45:27.6600458Z libxrandr2 is already the newest version (2:1.5.2-1build1).
2026-10-06T01:45:27.6600773Z libxrandr2 set to manually installed.
2026-10-06T01:45:27.6601037Z fonts-noto-color-emoji is already the newest version (2.047-0ubuntu0.22.04.1).
2026-10-06T01:45:27.6601375Z libasound2 is already the newest version (1.2.6.1-1ubuntu1.2).
2026-10-06T01:45:27.6601655Z libasound2 set to manually installed.
2026-10-06T01:45:27.6601869Z libcairo2 is already the newest version (1.16.0-5ubuntu2.1).
2026-10-06T01:45:27.6602071Z libcairo2 set to manually installed.
2026-10-06T01:45:27.6602284Z libcups2 is already the newest version (2.4.1op1-1ubuntu4.21).
2026-10-06T01:45:27.6602492Z libcups2 set to manually installed.
2026-10-06T01:45:27.6602703Z libdbus-1-3 is already the newest version (1.12.20-2ubuntu4.1).
2026-10-06T01:45:27.6602910Z libdbus-1-3 set to manually installed.
2026-10-06T01:45:27.6603159Z libdrm2 is already the newest version (2.4.113-2~ubuntu0.22.04.1).
2026-10-06T01:45:27.6603399Z libdrm2 set to manually installed.
2026-10-06T01:45:27.6603619Z libfreetype6 is already the newest version (2.11.1+dfsg-1ubuntu0.3).
2026-10-06T01:45:27.6603844Z libfreetype6 set to manually installed.
2026-10-06T01:45:27.6604066Z libgbm1 is already the newest version (23.2.1-1ubuntu3.1~22.04.4).
2026-10-06T01:45:27.6604275Z libgbm1 set to manually installed.
2026-10-06T01:45:27.6604564Z libglib2.0-0 is already the newest version (2.72.4-0ubuntu2.10).
2026-10-06T01:45:27.6604774Z libglib2.0-0 set to manually installed.
2026-10-06T01:45:27.6604993Z libnspr4 is already the newest version (2:4.35-0ubuntu0.22.04.1).
2026-10-06T01:45:27.6605252Z libnss3 is already the newest version (2:3.98-0ubuntu0.22.04.4).
2026-10-06T01:45:27.6605507Z libpango-1.0-0 is already the newest version (1.50.6+ds-2ubuntu1).
2026-10-06T01:45:27.6605721Z libpango-1.0-0 set to manually installed.
2026-10-06T01:45:27.6605955Z libwayland-client0 is already the newest version (1.20.0-1ubuntu0.1).
2026-10-06T01:45:27.6606191Z libwayland-client0 set to manually installed.
2026-10-06T01:45:27.6606412Z libx11-6 is already the newest version (2:1.7.5-1ubuntu0.3).
2026-10-06T01:45:27.6606609Z libx11-6 set to manually installed.
2026-10-06T01:45:27.6606829Z xvfb is already the newest version (2:21.1.4-2ubuntu1.7~22.04.16).
2026-10-06T01:45:27.6607299Z The following additional packages will be installed:
2026-10-06T01:45:27.6607575Z   xfonts-encodings xfonts-utils
2026-10-06T01:45:27.6607805Z Recommended packages:
2026-10-06T01:45:27.6608025Z   fonts-ipafont-mincho fonts-tlwg-loma
2026-10-06T01:45:27.6726528Z The following NEW packages will be installed:
2026-10-06T01:45:27.6726847Z   fonts-freefont-ttf fonts-ipafont-gothic fonts-tlwg-loma-otf fonts-unifont
2026-10-06T01:45:27.6729059Z   fonts-wqy-zenhei xfonts-cyrillic xfonts-encodings xfonts-scalable
2026-10-06T01:45:27.6729261Z   xfonts-utils
2026-10-06T01:45:27.6819671Z 0 upgraded, 9 newly installed, 0 to remove and 20 not upgraded.
2026-10-06T01:45:27.6819916Z Need to get 18.4 MB of archives.
2026-10-06T01:45:27.6820278Z After this operation, 56.8 MB of additional disk space will be used.
2026-10-06T01:45:27.6820545Z Get:1 file:/etc/apt/apt-mirrors.txt Mirrorlist [144 B]
2026-10-06T01:45:27.7470488Z Get:2 http://azure.archive.ubuntu.com/ubuntu jammy/universe amd64 fonts-ipafont-gothic all 00303-21ubuntu1 [3513 kB]
2026-10-06T01:45:27.8107775Z Get:3 http://azure.archive.ubuntu.com/ubuntu jammy/main amd64 fonts-freefont-ttf all 20120503-10build1 [2388 kB]
2026-10-06T01:45:27.8637460Z Get:4 http://azure.archive.ubuntu.com/ubuntu jammy/universe amd64 fonts-tlwg-loma-otf all 1:0.7.3-1 [107 kB]
2026-10-06T01:45:27.8948708Z Get:5 http://azure.archive.ubuntu.com/ubuntu jammy/universe amd64 fonts-unifont all 1:14.0.01-1 [3551 kB]
2026-10-06T01:45:27.9588413Z Get:6 http://azure.archive.ubuntu.com/ubuntu jammy/universe amd64 fonts-wqy-zenhei all 0.9.45-8 [7472 kB]
2026-10-06T01:45:28.0606865Z Get:7 http://azure.archive.ubuntu.com/ubuntu jammy/main amd64 xfonts-encodings all 1:1.0.5-0ubuntu2 [578 kB]
2026-10-06T01:45:28.0962322Z Get:8 http://azure.archive.ubuntu.com/ubuntu jammy/main amd64 xfonts-utils amd64 1:7.7+6build2 [94.6 kB]
2026-10-06T01:45:28.1272671Z Get:9 http://azure.archive.ubuntu.com/ubuntu jammy/universe amd64 xfonts-cyrillic all 1:1.0.5 [386 kB]
2026-10-06T01:45:28.1608987Z Get:10 http://azure.archive.ubuntu.com/ubuntu jammy/main amd64 xfonts-scalable all 1:1.0.3-1.2ubuntu1 [306 kB]
2026-10-06T01:45:28.3543544Z Fetched 18.4 MB in 0s (37.8 MB/s)
2026-10-06T01:45:28.3678486Z Selecting previously unselected package fonts-ipafont-gothic.
2026-10-06T01:45:28.3859675Z (Reading database ... 
2026-10-06T01:45:28.3860159Z (Reading database ... 5%
2026-10-06T01:45:28.3860481Z (Reading database ... 10%
2026-10-06T01:45:28.3860721Z (Reading database ... 15%
2026-10-06T01:45:28.3860933Z (Reading database ... 20%
2026-10-06T01:45:28.3861074Z (Reading database ... 25%
2026-10-06T01:45:28.3861210Z (Reading database ... 30%
2026-10-06T01:45:28.3861343Z (Reading database ... 35%
2026-10-06T01:45:28.3861501Z (Reading database ... 40%
2026-10-06T01:45:28.3861709Z (Reading database ... 45%
2026-10-06T01:45:28.3861881Z (Reading database ... 50%
2026-10-06T01:45:28.4325298Z (Reading database ... 55%
2026-10-06T01:45:28.6210076Z (Reading database ... 60%
2026-10-06T01:45:28.7839543Z (Reading database ... 65%
2026-10-06T01:45:28.9977227Z (Reading database ... 70%
2026-10-06T01:45:29.1216401Z (Reading database ... 75%
2026-10-06T01:45:29.2236450Z (Reading database ... 80%
2026-10-06T01:45:29.5054336Z (Reading database ... 85%
2026-10-06T01:45:29.7264020Z (Reading database ... 90%
2026-10-06T01:45:29.9396406Z (Reading database ... 95%
2026-10-06T01:45:29.9396623Z (Reading database ... 100%
2026-10-06T01:45:29.9396861Z (Reading database ... 260411 files and directories currently installed.)
2026-10-06T01:45:29.9444045Z Preparing to unpack .../0-fonts-ipafont-gothic_00303-21ubuntu1_all.deb ...
2026-10-06T01:45:29.9492535Z Unpacking fonts-ipafont-gothic (00303-21ubuntu1) ...
2026-10-06T01:45:30.1639433Z Selecting previously unselected package fonts-freefont-ttf.
2026-10-06T01:45:30.1731452Z Preparing to unpack .../1-fonts-freefont-ttf_20120503-10build1_all.deb ...
2026-10-06T01:45:30.1735223Z Unpacking fonts-freefont-ttf (20120503-10build1) ...
2026-10-06T01:45:30.3070420Z Selecting previously unselected package fonts-tlwg-loma-otf.
2026-10-06T01:45:30.3163265Z Preparing to unpack .../2-fonts-tlwg-loma-otf_1%3a0.7.3-1_all.deb ...
2026-10-06T01:45:30.3170242Z Unpacking fonts-tlwg-loma-otf (1:0.7.3-1) ...
2026-10-06T01:45:30.4627019Z Selecting previously unselected package fonts-unifont.
2026-10-06T01:45:30.4716536Z Preparing to unpack .../3-fonts-unifont_1%3a14.0.01-1_all.deb ...
2026-10-06T01:45:30.4721425Z Unpacking fonts-unifont (1:14.0.01-1) ...
2026-10-06T01:45:30.5847200Z Selecting previously unselected package fonts-wqy-zenhei.
2026-10-06T01:45:30.5938722Z Preparing to unpack .../4-fonts-wqy-zenhei_0.9.45-8_all.deb ...
2026-10-06T01:45:30.5991871Z Unpacking fonts-wqy-zenhei (0.9.45-8) ...
2026-10-06T01:45:31.0348132Z Selecting previously unselected package xfonts-encodings.
2026-10-06T01:45:31.0441372Z Preparing to unpack .../5-xfonts-encodings_1%3a1.0.5-0ubuntu2_all.deb ...
2026-10-06T01:45:31.0445140Z Unpacking xfonts-encodings (1:1.0.5-0ubuntu2) ...
2026-10-06T01:45:31.0566122Z Selecting previously unselected package xfonts-utils.
2026-10-06T01:45:31.0653859Z Preparing to unpack .../6-xfonts-utils_1%3a7.7+6build2_amd64.deb ...
2026-10-06T01:45:31.0660721Z Unpacking xfonts-utils (1:7.7+6build2) ...
2026-10-06T01:45:31.0853790Z Selecting previously unselected package xfonts-cyrillic.
2026-10-06T01:45:31.0945369Z Preparing to unpack .../7-xfonts-cyrillic_1%3a1.0.5_all.deb ...
2026-10-06T01:45:31.0951429Z Unpacking xfonts-cyrillic (1:1.0.5) ...
2026-10-06T01:45:31.1245470Z Selecting previously unselected package xfonts-scalable.
2026-10-06T01:45:31.1338252Z Preparing to unpack .../8-xfonts-scalable_1%3a1.0.3-1.2ubuntu1_all.deb ...
2026-10-06T01:45:31.1343553Z Unpacking xfonts-scalable (1:1.0.3-1.2ubuntu1) ...
2026-10-06T01:45:31.1629401Z Setting up fonts-wqy-zenhei (0.9.45-8) ...
2026-10-06T01:45:31.1690727Z Setting up fonts-freefont-ttf (20120503-10build1) ...
2026-10-06T01:45:31.1702287Z Setting up fonts-tlwg-loma-otf (1:0.7.3-1) ...
2026-10-06T01:45:31.1714178Z Setting up xfonts-encodings (1:1.0.5-0ubuntu2) ...
2026-10-06T01:45:31.1725581Z Setting up fonts-ipafont-gothic (00303-21ubuntu1) ...
2026-10-06T01:45:31.1766135Z update-alternatives: using /usr/share/fonts/opentype/ipafont-gothic/ipag.ttf to provide /usr/share/fonts/truetype/fonts-japanese-gothic.ttf (fonts-japanese-gothic.ttf) in auto mode
2026-10-06T01:45:31.1967304Z Setting up fonts-unifont (1:14.0.01-1) ...
2026-10-06T01:45:31.1978774Z Setting up xfonts-utils (1:7.7+6build2) ...
2026-10-06T01:45:31.1999443Z Setting up xfonts-cyrillic (1:1.0.5) ...
2026-10-06T01:45:31.2278996Z Setting up xfonts-scalable (1:1.0.3-1.2ubuntu1) ...
2026-10-06T01:45:31.2401645Z Processing triggers for man-db (2.10.2-1) ...
2026-10-06T01:45:31.2414798Z Not building database; man-db/auto-update is not 'true'.
2026-10-06T01:45:31.2422090Z Processing triggers for fontconfig (2.13.1-4.2ubuntu5) ...
2026-10-06T01:45:31.6905401Z 
2026-10-06T01:45:31.6905954Z Running kernel seems to be up-to-date.
2026-10-06T01:45:31.6906124Z 
2026-10-06T01:45:31.6910683Z No services need to be restarted.
2026-10-06T01:45:31.6910878Z 
2026-10-06T01:45:31.6911006Z No containers need to be restarted.
2026-10-06T01:45:31.6911167Z 
2026-10-06T01:45:31.6911321Z No user sessions are running outdated binaries.
2026-10-06T01:45:31.6911503Z 
2026-10-06T01:45:31.6911743Z No VM guests are running outdated hypervisor (qemu) binaries on this host.
2026-10-06T01:45:32.6127842Z Downloading Chrome for Testing 153.0.8010.12 (playwright chromium v1243) from https://cdn.playwright.dev/builds/cft/153.0.8010.12/linux64/chrome-linux64.zip
2026-10-06T01:45:32.9359323Z |                                                                                |   0% of 186.8 MiB
2026-10-06T01:45:33.1607607Z |■■■■■■■■                                                                        |  10% of 186.8 MiB
2026-10-06T01:45:33.2460438Z |■■■■■■■■■■■■■■■■                                                                |  20% of 186.8 MiB
2026-10-06T01:45:33.3392686Z |■■■■■■■■■■■■■■■■■■■■■■■■                                                        |  30% of 186.8 MiB
2026-10-06T01:45:33.4200269Z |■■■■■■■■■■■■■■■■■■■■■■■■■■■■■■■■                                                |  40% of 186.8 MiB
2026-10-06T01:45:33.5132278Z |■■■■■■■■■■■■■■■■■■■■■■■■■■■■■■■■■■■■■■■■                                        |  50% of 186.8 MiB
2026-10-06T01:45:33.5937731Z |■■■■■■■■■■■■■■■■■■■■■■■■■■■■■■■■■■■■■■■■■■■■■■■■                                |  60% of 186.8 MiB
2026-10-06T01:45:33.6866368Z |■■■■■■■■■■■■■■■■■■■■■■■■■■■■■■■■■■■■■■■■■■■■■■■■■■■■■■■■                        |  70% of 186.8 MiB
2026-10-06T01:45:33.7685093Z |■■■■■■■■■■■■■■■■■■■■■■■■■■■■■■■■■■■■■■■■■■■■■■■■■■■■■■■■■■■■■■■■                |  80% of 186.8 MiB
2026-10-06T01:45:33.8770355Z |■■■■■■■■■■■■■■■■■■■■■■■■■■■■■■■■■■■■■■■■■■■■■■■■■■■■■■■■■■■■■■■■■■■■■■■■        |  90% of 186.8 MiB
2026-10-06T01:45:33.9785333Z |■■■■■■■■■■■■■■■■■■■■■■■■■■■■■■■■■■■■■■■■■■■■■■■■■■■■■■■■■■■■■■■■■■■■■■■■■■■■■■■■| 100% of 186.8 MiB
2026-10-06T01:45:35.7255923Z Chrome for Testing 153.0.8010.12 (playwright chromium v1243) downloaded to /home/runner/.cache/ms-playwright/chromium-1243
2026-10-06T01:45:35.7257861Z Downloading FFmpeg (playwright ffmpeg v1011) from https://cdn.playwright.dev/dbazure/download/playwright/builds/ffmpeg/1011/ffmpeg-linux.zip
2026-10-06T01:45:35.9951521Z |                                                                                |   0% of 2.3 MiB
2026-10-06T01:45:36.0133957Z |■■■■■■■■                                                                        |  10% of 2.3 MiB
2026-10-06T01:45:36.0216763Z |■■■■■■■■■■■■■■■■                                                                |  20% of 2.3 MiB
2026-10-06T01:45:36.0267054Z |■■■■■■■■■■■■■■■■■■■■■■■■                                                        |  30% of 2.3 MiB
2026-10-06T01:45:36.0304548Z |■■■■■■■■■■■■■■■■■■■■■■■■■■■■■■■■                                                |  40% of 2.3 MiB
2026-10-06T01:45:36.0331938Z |■■■■■■■■■■■■■■■■■■■■■■■■■■■■■■■■■■■■■■■■                                        |  50% of 2.3 MiB
2026-10-06T01:45:36.0359725Z |■■■■■■■■■■■■■■■■■■■■■■■■■■■■■■■■■■■■■■■■■■■■■■■■                                |  60% of 2.3 MiB
2026-10-06T01:45:36.0384568Z |■■■■■■■■■■■■■■■■■■■■■■■■■■■■■■■■■■■■■■■■■■■■■■■■■■■■■■■■                        |  70% of 2.3 MiB
2026-10-06T01:45:36.0430759Z |■■■■■■■■■■■■■■■■■■■■■■■■■■■■■■■■■■■■■■■■■■■■■■■■■■■■■■■■■■■■■■■■                |  80% of 2.3 MiB
2026-10-06T01:45:36.0450765Z |■■■■■■■■■■■■■■■■■■■■■■■■■■■■■■■■■■■■■■■■■■■■■■■■■■■■■■■■■■■■■■■■■■■■■■■■        |  90% of 2.3 MiB
2026-10-06T01:45:36.0457254Z |■■■■■■■■■■■■■■■■■■■■■■■■■■■■■■■■■■■■■■■■■■■■■■■■■■■■■■■■■■■■■■■■■■■■■■■■■■■■■■■■| 100% of 2.3 MiB
2026-10-06T01:45:36.0759036Z FFmpeg (playwright ffmpeg v1011) downloaded to /home/runner/.cache/ms-playwright/ffmpeg-1011
2026-10-06T01:45:36.0760616Z Downloading Chrome Headless Shell 153.0.8010.12 (playwright chromium-headless-shell v1243) from https://cdn.playwright.dev/builds/cft/153.0.8010.12/linux64/chrome-headless-shell-linux64.zip
2026-10-06T01:45:36.3486622Z |                                                                                |   0% of 114.3 MiB
2026-10-06T01:45:36.5269747Z |■■■■■■■■                                                                        |  10% of 114.3 MiB
2026-10-06T01:45:36.5823250Z |■■■■■■■■■■■■■■■■                                                                |  20% of 114.3 MiB
2026-10-06T01:45:36.6365390Z |■■■■■■■■■■■■■■■■■■■■■■■■                                                        |  30% of 114.3 MiB
2026-10-06T01:45:36.6847581Z |■■■■■■■■■■■■■■■■■■■■■■■■■■■■■■■■                                                |  40% of 114.3 MiB
2026-10-06T01:45:36.7514103Z |■■■■■■■■■■■■■■■■■■■■■■■■■■■■■■■■■■■■■■■■                                        |  50% of 114.3 MiB
2026-10-06T01:45:36.7999222Z |■■■■■■■■■■■■■■■■■■■■■■■■■■■■■■■■■■■■■■■■■■■■■■■■                                |  60% of 114.3 MiB
2026-10-06T01:45:36.8491230Z |■■■■■■■■■■■■■■■■■■■■■■■■■■■■■■■■■■■■■■■■■■■■■■■■■■■■■■■■                        |  70% of 114.3 MiB
2026-10-06T01:45:36.9147959Z |■■■■■■■■■■■■■■■■■■■■■■■■■■■■■■■■■■■■■■■■■■■■■■■■■■■■■■■■■■■■■■■■                |  80% of 114.3 MiB
2026-10-06T01:45:36.9641973Z |■■■■■■■■■■■■■■■■■■■■■■■■■■■■■■■■■■■■■■■■■■■■■■■■■■■■■■■■■■■■■■■■■■■■■■■■        |  90% of 114.3 MiB
2026-10-06T01:45:37.0127254Z |■■■■■■■■■■■■■■■■■■■■■■■■■■■■■■■■■■■■■■■■■■■■■■■■■■■■■■■■■■■■■■■■■■■■■■■■■■■■■■■■| 100% of 114.3 MiB
2026-10-06T01:45:38.5061579Z Chrome Headless Shell 153.0.8010.12 (playwright chromium-headless-shell v1243) downloaded to /home/runner/.cache/ms-playwright/chromium_headless_shell-1243
2026-10-06T01:45:38.5246693Z ##[group]Run pnpm test:media-admin-editor:browser --reporter=default --reporter=json --outputFile=media-source-results.json
2026-10-06T01:45:38.5247173Z [36;1mpnpm test:media-admin-editor:browser --reporter=default --reporter=json --outputFile=media-source-results.json[0m
2026-10-06T01:45:38.5276077Z shell: /usr/bin/bash -e {0}
2026-10-06T01:45:38.5276217Z env:
2026-10-06T01:45:38.5276359Z   PNPM_HOME: /home/runner/setup-pnpm/node_modules/.bin
2026-10-06T01:45:38.5276558Z   MEDIA_SOURCE_GROUP: helpers
2026-10-06T01:45:38.5276695Z   DEBUG: pw:browser
2026-10-06T01:45:38.5276811Z ##[endgroup]
2026-10-06T01:45:38.5431925Z $ node scripts/check-media-admin-editor-source.mjs && vitest run --config vitest.media-admin-editor-browser.config.ts --reporter=default --reporter=json --outputFile=media-source-results.json
2026-10-06T01:45:38.7040898Z {"immutableFiles":44,"wholeTestFiles":42,"runtimeWholeTestFiles":3,"declarations":497,"expectationExpressions":2015,"pinnedApiBodies":2,"productTestsRun":0}
2026-10-06T01:45:39.1969877Z 
2026-10-06T01:45:39.1972439Z [1m[30m[46m RUN [49m[39m[22m [36mv4.1.10 [39m[90m/home/runner/work/cms/cms[39m
2026-10-06T01:45:39.1972829Z 
2026-10-06T01:45:39.8445696Z 2026-10-06T01:45:39.843Z pw:browser <launching> /home/runner/.cache/ms-playwright/chromium_headless_shell-1243/chrome-headless-shell-linux64/chrome-headless-shell --disable-field-trial-config --disable-background-networking --disable-background-timer-throttling --disable-backgrounding-occluded-windows --disable-back-forward-cache --disable-breakpad --disable-client-side-phishing-detection --disable-component-extensions-with-background-pages --disable-component-update --no-default-browser-check --disable-default-apps --disable-dev-shm-usage --disable-edgeupdater --disable-extensions --disable-features=AvoidUnnecessaryBeforeUnloadCheckSync,DestroyProfileOnBrowserClose,DialMediaRouteProvider,GlobalMediaControls,HttpsUpgrades,LensOverlay,MediaRouter,PaintHolding,ThirdPartyStoragePartitioning,BlockOriginHeaderModificationOnRedirect,Translate,AutoDeElevate,OptimizationHints,msForceBrowserSignIn,msEdgeUpdateLaunchServicesPreferredVersion --enable-features=CDPScreenshotNewSurface --allow-pre-commit-input --disable-hang-monitor --disable-ipc-flooding-protection --disable-popup-blocking --disable-prompt-on-repost --disable-renderer-backgrounding --disable-updater-scheduler --force-color-profile=srgb --metrics-recording-only --no-first-run --password-store=basic --use-mock-keychain --no-service-autorun --export-tagged-pdf --disable-search-engine-choice-screen --unsafely-disable-devtools-self-xss-warnings --edge-skip-compat-layer-relaunch --disable-infobars --disable-search-engine-choice-screen --disable-sync --enable-unsafe-swiftshader --headless --hide-scrollbars --mute-audio --blink-settings=primaryHoverType=2,availableHoverTypes=2,primaryPointerType=4,availablePointerTypes=4 --user-data-dir=/tmp/playwright_chromiumdev_profile-73On9j --remote-debugging-pipe --no-startup-window
2026-10-06T01:45:39.8484837Z 2026-10-06T01:45:39.848Z pw:browser <launched> pid=2848
2026-10-06T01:45:40.0201518Z 2026-10-06T01:45:40.017Z pw:browser [pid=2848][err] Unable to revert mtime: /usr/share/fonts
2026-10-06T01:45:40.0203043Z 2026-10-06T01:45:40.017Z pw:browser [pid=2848][err] [1006/014540.014077:ERROR:dbus/bus.cc:405] Failed to connect to the bus: Could not parse server address: Unknown address type (examples of valid types are "tcp" and on UNIX "unix")
2026-10-06T01:45:40.0231127Z 2026-10-06T01:45:40.017Z pw:browser [pid=2848][err] Unable to revert mtime: /usr/share/fonts/truetype
2026-10-06T01:45:40.0291225Z 2026-10-06T01:45:40.026Z pw:browser [pid=2848][err] Unable to revert mtime: /usr/share/fonts/truetype/dejavu
2026-10-06T01:45:40.0371772Z 2026-10-06T01:45:40.035Z pw:browser [pid=2848][err] [1006/014540.035474:WARNING:media/gpu/vaapi/vaapi_wrapper.cc:1660] drmGetDevices2() has not found any devices
2026-10-06T01:45:40.0402593Z 2026-10-06T01:45:40.037Z pw:browser [pid=2848][err] [1006/014540.037342:WARNING:sandbox/policy/linux/sandbox_linux.cc:405] InitializeSandbox() called with multiple threads in process gpu-process.
2026-10-06T01:45:40.2179467Z 2026-10-06T01:45:40.217Z pw:browser [pid=2848][err] Unable to revert mtime: /usr/share/fonts/truetype/lato
2026-10-06T01:45:40.3885742Z 2026-10-06T01:45:40.388Z pw:browser [pid=2848][err] Unable to revert mtime: /usr/share/fonts/truetype/liberation
2026-10-06T01:45:40.4932468Z 2026-10-06T01:45:40.493Z pw:browser [pid=2848][err] Unable to revert mtime: /usr/share/fonts/truetype/noto
2026-10-06T01:45:40.6311886Z 2026-10-06T01:45:40.630Z pw:browser [pid=2848][err] [1006/014540.628970:ERROR:dbus/object_proxy.cc:572] Failed to call method: org.freedesktop.DBus.NameHasOwner: object_path= /org/freedesktop/DBus: unknown error type: 
2026-10-06T01:45:40.6313475Z 2026-10-06T01:45:40.631Z pw:browser [pid=2848][err] [1006/014540.630990:ERROR:dbus/bus.cc:405] Failed to connect to the bus: Could not parse server address: Unknown address type (examples of valid types are "tcp" and on UNIX "unix")
2026-10-06T01:45:40.6351947Z 2026-10-06T01:45:40.632Z pw:browser [pid=2848][err] [1006/014540.632456:ERROR:dbus/object_proxy.cc:572] Failed to call method: org.freedesktop.DBus.NameHasOwner: object_path= /org/freedesktop/DBus: unknown error type: 
2026-10-06T01:45:40.8688817Z 2026-10-06T01:45:40.868Z pw:browser [pid=2848][err] [1006/014540.868063:INFO:CONSOLE:934] "[vite] connecting...", source: http://localhost:63315/@vite/client (934)
2026-10-06T01:45:40.8731360Z 2026-10-06T01:45:40.872Z pw:browser [pid=2848][err] [1006/014540.872607:INFO:CONSOLE:1045] "[vite] connected.", source: http://localhost:63315/@vite/client (1045)
2026-10-06T01:45:40.9092025Z 2026-10-06T01:45:40.908Z pw:browser [pid=2848][err] [1006/014540.900571:INFO:CONSOLE:934] "[vite] connecting...", source: http://localhost:63315/@vite/client (934)
2026-10-06T01:45:40.9155371Z 2026-10-06T01:45:40.914Z pw:browser [pid=2848][err] [1006/014540.912864:INFO:CONSOLE:1045] "[vite] connected.", source: http://localhost:63315/@vite/client (1045)
2026-10-06T01:45:41.1909726Z  [32m✓[39m [30m[43m chromium [49m[39m parity/emdash/media-admin-editor/source/packages/admin/tests/lib/media-upload.test.ts [2m([22m[2m17 tests[22m[2m)[22m[32m 17[2mms[22m[39m
2026-10-06T01:45:41.2069571Z 2026-10-06T01:45:41.205Z pw:browser [pid=2848][err] [1006/014541.205061:INFO:CONSOLE:934] "[vite] connecting...", source: http://localhost:63315/@vite/client (934)
2026-10-06T01:45:41.2105189Z 2026-10-06T01:45:41.210Z pw:browser [pid=2848][err] [1006/014541.210024:INFO:CONSOLE:1045] "[vite] connected.", source: http://localhost:63315/@vite/client (1045)
2026-10-06T01:45:41.3144368Z  [32m✓[39m [30m[43m chromium [49m[39m parity/emdash/media-admin-editor/source/packages/admin/tests/lib/media-usage-activation-api.test.ts [2m([22m[2m30 tests[22m[2m)[22m[32m 7[2mms[22m[39m
2026-10-06T01:45:41.3305532Z 2026-10-06T01:45:41.330Z pw:browser [pid=2848][err] [1006/014541.329895:INFO:CONSOLE:934] "[vite] connecting...", source: http://localhost:63315/@vite/client (934)
2026-10-06T01:45:41.3348501Z 2026-10-06T01:45:41.334Z pw:browser [pid=2848][err] [1006/014541.334643:INFO:CONSOLE:1045] "[vite] connected.", source: http://localhost:63315/@vite/client (1045)
2026-10-06T01:45:41.4069894Z  [32m✓[39m [30m[43m chromium [49m[39m parity/emdash/media-admin-editor/source/packages/admin/tests/lib/crop-image.test.ts [2m([22m[2m15 tests[22m[2m)[22m[32m 9[2mms[22m[39m
2026-10-06T01:45:41.4203092Z 2026-10-06T01:45:41.420Z pw:browser [pid=2848][err] [1006/014541.419822:INFO:CONSOLE:934] "[vite] connecting...", source: http://localhost:63315/@vite/client (934)
2026-10-06T01:45:41.4251444Z 2026-10-06T01:45:41.424Z pw:browser [pid=2848][err] [1006/014541.424235:INFO:CONSOLE:1045] "[vite] connected.", source: http://localhost:63315/@vite/client (1045)
2026-10-06T01:45:41.4609647Z [2m1:45:41 AM[22m [31m[1m[vite][22m[39m [31mInternal server error: Failed to resolve import "../src/components/PortableTextEditor" from "parity/emdash/media-admin-editor/source/packages/admin/tests/pt-gallery-converters.test.ts". Does the file exist?[39m
2026-10-06T01:45:41.4611257Z   Plugin: [35mvite:import-analysis[39m
2026-10-06T01:45:41.4612497Z   File: [36m/home/runner/work/cms/cms/parity/emdash/media-admin-editor/source/packages/admin/tests/pt-gallery-converters.test.ts[39m:13:7
2026-10-06T01:45:41.4613235Z [33m  7  |  */
2026-10-06T01:45:41.4613606Z   8  |  import { describe, it, expect } from "vitest";
2026-10-06T01:45:41.4614315Z   9  |  import { _portableTextToProsemirror, _prosemirrorToPortableText } from "../src/components/PortableTextEditor";
2026-10-06T01:45:41.4615076Z      |                                                                          ^
2026-10-06T01:45:41.4615824Z   10 |  describe("Gallery conversion (admin converters): PortableText ↔ ProseMirror", () => {
2026-10-06T01:45:41.4616607Z   11 |  	it("round-trips a WordPress-shaped gallery block without loss", () => {[39m
2026-10-06T01:45:41.4617693Z       at TransformPluginContext._formatLog (file:///home/runner/work/cms/cms/node_modules/.pnpm/vite@8.3.2_@types+node@24.19.0_esbuild@0.28.1_jiti@2.7.0/node_modules/vite/dist/node/chunks/node.js:8766:39)
2026-10-06T01:45:41.4619053Z       at TransformPluginContext.error (file:///home/runner/work/cms/cms/node_modules/.pnpm/vite@8.3.2_@types+node@24.19.0_esbuild@0.28.1_jiti@2.7.0/node_modules/vite/dist/node/chunks/node.js:8763:14)
2026-10-06T01:45:41.4620415Z       at normalizeUrl (file:///home/runner/work/cms/cms/node_modules/.pnpm/vite@8.3.2_@types+node@24.19.0_esbuild@0.28.1_jiti@2.7.0/node_modules/vite/dist/node/chunks/node.js:26423:18)
2026-10-06T01:45:41.4621763Z       at file:///home/runner/work/cms/cms/node_modules/.pnpm/vite@8.3.2_@types+node@24.19.0_esbuild@0.28.1_jiti@2.7.0/node_modules/vite/dist/node/chunks/node.js:26493:30
2026-10-06T01:45:41.4622451Z       at async Promise.all (index 1)
2026-10-06T01:45:41.4623091Z       at TransformPluginContext.transform (file:///home/runner/work/cms/cms/node_modules/.pnpm/vite@8.3.2_@types+node@24.19.0_esbuild@0.28.1_jiti@2.7.0/node_modules/vite/dist/node/chunks/node.js:26459:4)
2026-10-06T01:45:41.4623824Z       at EnvironmentPluginContainer.transform (file:///home/runner/work/cms/cms/node_modules/.pnpm/vite@8.3.2_@types+node@24.19.0_esbuild@0.28.1_jiti@2.7.0/node_modules/vite/dist/node/chunks/node.js:8545:14)
2026-10-06T01:45:41.4624518Z       at loadAndTransform (file:///home/runner/work/cms/cms/node_modules/.pnpm/vite@8.3.2_@types+node@24.19.0_esbuild@0.28.1_jiti@2.7.0/node_modules/vite/dist/node/chunks/node.js:19988:26)
2026-10-06T01:45:41.4990530Z  [31m❯[39m [30m[43m chromium [49m[39m parity/emdash/media-admin-editor/source/packages/admin/tests/pt-gallery-converters.test.ts [2m([22m[2m0 test[22m[2m)[22m
2026-10-06T01:45:41.5313206Z 2026-10-06T01:45:41.531Z pw:browser [pid=2848][err] [1006/014541.529969:INFO:CONSOLE:934] "[vite] connecting...", source: http://localhost:63315/@vite/client (934)
2026-10-06T01:45:41.5344320Z 2026-10-06T01:45:41.534Z pw:browser [pid=2848][err] [1006/014541.534174:INFO:CONSOLE:1045] "[vite] connected.", source: http://localhost:63315/@vite/client (1045)
2026-10-06T01:45:41.5833838Z  [32m✓[39m [30m[43m chromium [49m[39m parity/emdash/media-admin-editor/source/packages/admin/tests/lib/media-folders.test.ts [2m([22m[2m3 tests[22m[2m)[22m[32m 4[2mms[22m[39m
2026-10-06T01:45:41.6355978Z 2026-10-06T01:45:41.634Z pw:browser [pid=2848][err] [1006/014541.634458:INFO:CONSOLE:934] "[vite] connecting...", source: http://localhost:63315/@vite/client (934)
2026-10-06T01:45:41.6403620Z 2026-10-06T01:45:41.639Z pw:browser [pid=2848][err] [1006/014541.639483:INFO:CONSOLE:1045] "[vite] connected.", source: http://localhost:63315/@vite/client (1045)
2026-10-06T01:45:41.6801774Z  [32m✓[39m [30m[43m chromium [49m[39m parity/emdash/media-admin-editor/source/packages/admin/tests/lib/media-api.test.ts [2m([22m[2m5 tests[22m[2m)[22m[32m 2[2mms[22m[39m
2026-10-06T01:45:41.6935161Z 2026-10-06T01:45:41.693Z pw:browser [pid=2848][err] [1006/014541.692411:INFO:CONSOLE:934] "[vite] connecting...", source: http://localhost:63315/@vite/client (934)
2026-10-06T01:45:41.6982360Z 2026-10-06T01:45:41.698Z pw:browser [pid=2848][err] [1006/014541.697893:INFO:CONSOLE:1045] "[vite] connected.", source: http://localhost:63315/@vite/client (1045)
2026-10-06T01:45:41.7502300Z  [32m✓[39m [30m[43m chromium [49m[39m parity/emdash/media-admin-editor/source/packages/admin/tests/lib/media-thumbnail.test.ts [2m([22m[2m8 tests[22m[2m)[22m[32m 1[2mms[22m[39m
2026-10-06T01:45:41.7626544Z 2026-10-06T01:45:41.762Z pw:browser [pid=2848][err] [1006/014541.761829:INFO:CONSOLE:934] "[vite] connecting...", source: http://localhost:63315/@vite/client (934)
2026-10-06T01:45:41.7677687Z 2026-10-06T01:45:41.767Z pw:browser [pid=2848][err] [1006/014541.767529:INFO:CONSOLE:1045] "[vite] connected.", source: http://localhost:63315/@vite/client (1045)
2026-10-06T01:45:41.8106180Z  [32m✓[39m [30m[43m chromium [49m[39m parity/emdash/media-admin-editor/source/packages/admin/tests/lib/media-playback.test.ts [2m([22m[2m3 tests[22m[2m)[22m[32m 1[2mms[22m[39m
2026-10-06T01:45:42.2019770Z 2026-10-06T01:45:42.201Z pw:browser [pid=2848][err] [1006/014542.201655:INFO:CONSOLE:934] "[vite] connecting...", source: http://localhost:63315/@vite/client (934)
2026-10-06T01:45:42.4447348Z 2026-10-06T01:45:42.444Z pw:browser [pid=2848][err] [1006/014542.444421:INFO:CONSOLE:1045] "[vite] connected.", source: http://localhost:63315/@vite/client (1045)
2026-10-06T01:45:42.5981679Z  [32m✓[39m [30m[43m chromium [49m[39m parity/emdash/media-admin-editor/source/packages/admin/tests/lib/media-pagination.test.ts [2m([22m[2m2 tests[22m[2m)[22m[32m 1[2mms[22m[39m
2026-10-06T01:45:42.6086160Z 2026-10-06T01:45:42.608Z pw:browser [pid=2848][err] [1006/014542.608076:INFO:CONSOLE:934] "[vite] connecting...", source: http://localhost:63315/@vite/client (934)
2026-10-06T01:45:42.6130565Z 2026-10-06T01:45:42.612Z pw:browser [pid=2848][err] [1006/014542.612416:INFO:CONSOLE:1045] "[vite] connected.", source: http://localhost:63315/@vite/client (1045)
2026-10-06T01:45:42.6568136Z [2m1:45:42 AM[22m [31m[1m[vite][22m[39m [31mInternal server error: Failed to resolve import "../src/components/PortableTextEditor" from "parity/emdash/media-admin-editor/source/packages/admin/tests/pt-image-converters.test.ts". Does the file exist?[39m
2026-10-06T01:45:42.6569171Z   Plugin: [35mvite:import-analysis[39m
2026-10-06T01:45:42.6569831Z   File: [36m/home/runner/work/cms/cms/parity/emdash/media-admin-editor/source/packages/admin/tests/pt-image-converters.test.ts[39m:6:7
2026-10-06T01:45:42.6570498Z [33m  1  |  import { describe, it, expect } from "vitest";
2026-10-06T01:45:42.6570854Z   2  |  import { _portableTextToProsemirror, _prosemirrorToPortableText } from "../src/components/PortableTextEditor";
2026-10-06T01:45:42.6571180Z      |                                                                          ^
2026-10-06T01:45:42.6571520Z   3  |  describe("Image conversion (admin converters): PortableText ↔ ProseMirror", () => {
2026-10-06T01:45:42.6571872Z   4  |  	it("keeps the media reference of a seeded $media asset", () => {[39m
2026-10-06T01:45:42.6572392Z       at TransformPluginContext._formatLog (file:///home/runner/work/cms/cms/node_modules/.pnpm/vite@8.3.2_@types+node@24.19.0_esbuild@0.28.1_jiti@2.7.0/node_modules/vite/dist/node/chunks/node.js:8766:39)
2026-10-06T01:45:42.6573074Z       at TransformPluginContext.error (file:///home/runner/work/cms/cms/node_modules/.pnpm/vite@8.3.2_@types+node@24.19.0_esbuild@0.28.1_jiti@2.7.0/node_modules/vite/dist/node/chunks/node.js:8763:14)
2026-10-06T01:45:42.6573711Z       at normalizeUrl (file:///home/runner/work/cms/cms/node_modules/.pnpm/vite@8.3.2_@types+node@24.19.0_esbuild@0.28.1_jiti@2.7.0/node_modules/vite/dist/node/chunks/node.js:26423:18)
2026-10-06T01:45:42.6574381Z       at file:///home/runner/work/cms/cms/node_modules/.pnpm/vite@8.3.2_@types+node@24.19.0_esbuild@0.28.1_jiti@2.7.0/node_modules/vite/dist/node/chunks/node.js:26493:30
2026-10-06T01:45:42.6575145Z       at async Promise.all (index 1)
2026-10-06T01:45:42.6575809Z       at TransformPluginContext.transform (file:///home/runner/work/cms/cms/node_modules/.pnpm/vite@8.3.2_@types+node@24.19.0_esbuild@0.28.1_jiti@2.7.0/node_modules/vite/dist/node/chunks/node.js:26459:4)
2026-10-06T01:45:42.6576877Z       at EnvironmentPluginContainer.transform (file:///home/runner/work/cms/cms/node_modules/.pnpm/vite@8.3.2_@types+node@24.19.0_esbuild@0.28.1_jiti@2.7.0/node_modules/vite/dist/node/chunks/node.js:8545:14)
2026-10-06T01:45:42.6577539Z       at loadAndTransform (file:///home/runner/work/cms/cms/node_modules/.pnpm/vite@8.3.2_@types+node@24.19.0_esbuild@0.28.1_jiti@2.7.0/node_modules/vite/dist/node/chunks/node.js:19988:26)
2026-10-06T01:45:42.6678921Z  [31m❯[39m [30m[43m chromium [49m[39m parity/emdash/media-admin-editor/source/packages/admin/tests/pt-image-converters.test.ts [2m([22m[2m0 test[22m[2m)[22m
2026-10-06T01:45:42.7134383Z 2026-10-06T01:45:42.712Z pw:browser [pid=2848][err] [1006/014542.711174:INFO:CONSOLE:934] "[vite] connecting...", source: http://localhost:63315/@vite/client (934)
2026-10-06T01:45:42.7175863Z 2026-10-06T01:45:42.716Z pw:browser [pid=2848][err] [1006/014542.716601:INFO:CONSOLE:1045] "[vite] connected.", source: http://localhost:63315/@vite/client (1045)
2026-10-06T01:45:42.7828181Z  [32m✓[39m [30m[43m chromium [49m[39m parity/emdash/media-admin-editor/source/packages/admin/tests/lib/media-file-url.test.ts [2m([22m[2m8 tests[22m[2m)[22m[32m 1[2mms[22m[39m
2026-10-06T01:45:42.7946430Z 2026-10-06T01:45:42.794Z pw:browser [pid=2848][err] [1006/014542.794307:INFO:CONSOLE:934] "[vite] connecting...", source: http://localhost:63315/@vite/client (934)
2026-10-06T01:45:42.7991132Z 2026-10-06T01:45:42.798Z pw:browser [pid=2848][err] [1006/014542.798849:INFO:CONSOLE:1045] "[vite] connected.", source: http://localhost:63315/@vite/client (1045)
2026-10-06T01:45:42.8577774Z  [32m✓[39m [30m[43m chromium [49m[39m parity/emdash/media-admin-editor/source/packages/admin/tests/lib/media-search.test.ts [2m([22m[2m4 tests[22m[2m)[22m[32m 1[2mms[22m[39m
2026-10-06T01:45:42.8594785Z 
2026-10-06T01:45:42.8595421Z [31m⎯⎯⎯⎯⎯⎯[39m[1m[41m Failed Suites 2 [49m[22m[31m⎯⎯⎯⎯⎯⎯⎯[39m
2026-10-06T01:45:42.8595681Z 
2026-10-06T01:45:42.8598072Z [41m[1m FAIL [22m[49m [30m[43m chromium [49m[39m parity/emdash/media-admin-editor/source/packages/admin/tests/pt-gallery-converters.test.ts[2m [ parity/emdash/media-admin-editor/source/packages/admin/tests/pt-gallery-converters.test.ts ][22m
2026-10-06T01:45:42.8601400Z [31m[1mError[22m: Failed to import test file /home/runner/work/cms/cms/parity/emdash/media-admin-editor/source/packages/admin/tests/pt-gallery-converters.test.ts[39m
2026-10-06T01:45:42.8604072Z [31m[1mCaused by: TypeError[22m: Failed to fetch dynamically imported module: http://localhost:63315/home/runner/work/cms/cms/parity/emdash/media-admin-editor/source/packages/admin/tests/pt-gallery-converters.test.ts?import&browserv=1791251141452[39m
2026-10-06T01:45:42.8605164Z [31m[2m⎯⎯⎯⎯⎯⎯⎯⎯⎯⎯⎯⎯⎯⎯⎯⎯⎯⎯⎯⎯⎯⎯⎯⎯[1/2]⎯[22m[39m
2026-10-06T01:45:42.8605359Z 
2026-10-06T01:45:42.8606387Z [41m[1m FAIL [22m[49m [30m[43m chromium [49m[39m parity/emdash/media-admin-editor/source/packages/admin/tests/pt-image-converters.test.ts[2m [ parity/emdash/media-admin-editor/source/packages/admin/tests/pt-image-converters.test.ts ][22m
2026-10-06T01:45:42.8607775Z [31m[1mError[22m: Failed to import test file /home/runner/work/cms/cms/parity/emdash/media-admin-editor/source/packages/admin/tests/pt-image-converters.test.ts[39m
2026-10-06T01:45:42.8609352Z [31m[1mCaused by: TypeError[22m: Failed to fetch dynamically imported module: http://localhost:63315/home/runner/work/cms/cms/parity/emdash/media-admin-editor/source/packages/admin/tests/pt-image-converters.test.ts?import&browserv=1791251142653[39m
2026-10-06T01:45:42.8610495Z [31m[2m⎯⎯⎯⎯⎯⎯⎯⎯⎯⎯⎯⎯⎯⎯⎯⎯⎯⎯⎯⎯⎯⎯⎯⎯[2/2]⎯[22m[39m
2026-10-06T01:45:42.8610665Z 
2026-10-06T01:45:42.8610698Z 
2026-10-06T01:45:42.8611336Z [2m Test Files [22m [1m[31m2 failed[39m[22m[2m | [22m[1m[32m10 passed[39m[22m[90m (12)[39m
2026-10-06T01:45:42.8611924Z [2m      Tests [22m [1m[32m95 passed[39m[22m[90m (95)[39m
2026-10-06T01:45:42.8612293Z [2m   Start at [22m 01:45:39
2026-10-06T01:45:42.8612838Z [2m   Duration [22m 3.66s[2m (transform 0ms, setup 247ms, import 99ms, tests 45ms, environment 0ms)[22m
2026-10-06T01:45:42.8613936Z 
2026-10-06T01:45:42.8621796Z JSON report written to /home/runner/work/cms/cms/media-source-results.json
2026-10-06T01:45:42.8655182Z 2026-10-06T01:45:42.865Z pw:browser [pid=2848][err] [1006/014542.863198:INFO:CONSOLE:1080] "[vite] server connection lost. Polling for restart...", source: http://localhost:63315/@vite/client (1080)
2026-10-06T01:45:42.8656235Z 2026-10-06T01:45:42.865Z pw:browser [pid=2848][err] [1006/014542.864100:INFO:CONSOLE:1211] "[vite] server connection lost. Polling for restart...", source: http://localhost:63315/__vitest_browser__/tester-BJtsJFpD.js (1211)
2026-10-06T01:45:42.8760667Z 2026-10-06T01:45:42.875Z pw:browser [pid=2848] <gracefully close start>
2026-10-06T01:45:42.8851526Z 2026-10-06T01:45:42.885Z pw:browser [pid=2848] <process did exit: exitCode=0, signal=null>
2026-10-06T01:45:42.8852356Z 2026-10-06T01:45:42.885Z pw:browser [pid=2848] starting temporary directories cleanup
2026-10-06T01:45:42.8880867Z 2026-10-06T01:45:42.887Z pw:browser [pid=2848] finished temporary directories cleanup
2026-10-06T01:45:42.8881204Z 2026-10-06T01:45:42.888Z pw:browser [pid=2848] <gracefully close end>
2026-10-06T01:45:42.9267854Z [ELIFECYCLE] Command failed with exit code 1.
2026-10-06T01:45:42.9287250Z ##[error]Process completed with exit code 1.
2026-10-06T01:45:42.9342711Z ##[group]Run actions/upload-artifact@v4
2026-10-06T01:45:42.9342864Z with:
2026-10-06T01:45:42.9342979Z   name: media-source-helpers
2026-10-06T01:45:42.9343124Z   path: media-source-results.json
2026-10-06T01:45:42.9343262Z   retention-days: 14
2026-10-06T01:45:42.9343381Z   if-no-files-found: warn
2026-10-06T01:45:42.9343506Z   compression-level: 6
2026-10-06T01:45:42.9343625Z   overwrite: false
2026-10-06T01:45:42.9343742Z   include-hidden-files: false
2026-10-06T01:45:42.9343872Z env:
2026-10-06T01:45:42.9344002Z   PNPM_HOME: /home/runner/setup-pnpm/node_modules/.bin
2026-10-06T01:45:42.9344166Z ##[endgroup]
2026-10-06T01:45:43.0306657Z (node:2917) [DEP0040] DeprecationWarning: The `punycode` module is deprecated. Please use a userland alternative instead.
2026-10-06T01:45:43.0307373Z (Use `node --trace-deprecation ...` to show where the warning was created)
2026-10-06T01:45:43.0338467Z With the provided path, there will be 1 file uploaded
2026-10-06T01:45:43.0342193Z Artifact name is valid!
2026-10-06T01:45:43.0342721Z Root directory input is valid!
2026-10-06T01:45:43.2947743Z Beginning upload of artifact content to blob storage
2026-10-06T01:45:43.3055545Z (node:2917) [DEP0169] DeprecationWarning: `url.parse()` behavior is not standardized and prone to errors that have security implications. Use the WHATWG URL API instead. CVEs are not issued for `url.parse()` vulnerabilities.
2026-10-06T01:45:43.4346909Z Uploaded bytes 3847
2026-10-06T01:45:43.4707404Z Finished uploading artifact content to blob storage!
2026-10-06T01:45:43.4714877Z SHA256 digest of uploaded artifact zip is c9fc89ab061c622db3acfb0f14886fe31952ec3f1984e5bc0fb3c733f9e7f880
2026-10-06T01:45:43.4715610Z Finalizing artifact upload
2026-10-06T01:45:43.6758953Z Artifact media-source-helpers.zip successfully finalized. Artifact ID 11384832660
2026-10-06T01:45:43.6759650Z Artifact media-source-helpers has been successfully uploaded! Final size is 3847 bytes. Artifact ID is 11384832660
2026-10-06T01:45:43.6763789Z Artifact download URL: https://github.com/sveltery/cms/actions/runs/37396334940/artifacts/11384832660
2026-10-06T01:45:43.6863702Z Post job cleanup.
2026-10-06T01:45:43.7663172Z Pruning is unnecessary.
2026-10-06T01:45:43.7766840Z Post job cleanup.
2026-10-06T01:45:43.8247518Z [command]/usr/bin/git version
2026-10-06T01:45:43.8273296Z git version 2.55.0
2026-10-06T01:45:43.8296799Z Temporarily overriding HOME='/home/runner/work/_temp/82b80c76-daea-4a2e-a287-d472652de4bd' before making global git config changes
2026-10-06T01:45:43.8297496Z Adding repository directory to the temporary git global config as a safe directory
2026-10-06T01:45:43.8300402Z [command]/usr/bin/git config --global --add safe.directory /home/runner/work/cms/cms
2026-10-06T01:45:43.8320667Z [command]/usr/bin/git config --local --name-only --get-regexp core\.sshCommand
2026-10-06T01:45:43.8338240Z [command]/usr/bin/git submodule foreach --recursive sh -c "git config --local --name-only --get-regexp 'core\.sshCommand' && git config --local --unset-all 'core.sshCommand' || :"
2026-10-06T01:45:43.8458248Z [command]/usr/bin/git config --local --name-only --get-regexp http\.https\:\/\/github\.com\/\.extraheader
2026-10-06T01:45:43.8471915Z http.https://github.com/.extraheader
2026-10-06T01:45:43.8478875Z [command]/usr/bin/git config --local --unset-all http.https://github.com/.extraheader
2026-10-06T01:45:43.8497357Z [command]/usr/bin/git submodule foreach --recursive sh -c "git config --local --name-only --get-regexp 'http\.https\:\/\/github\.com\/\.extraheader' && git config --local --unset-all 'http.https://github.com/.extraheader' || :"
2026-10-06T01:45:43.8624622Z [command]/usr/bin/git config --local --name-only --get-regexp ^includeIf\.gitdir:
2026-10-06T01:45:43.8644280Z [command]/usr/bin/git submodule foreach --recursive git config --local --show-origin --name-only --get-regexp remote.origin.url
2026-10-06T01:45:43.8848607Z Cleaning up orphan processes
2026-10-06T01:45:43.8987741Z ##[warning]Node.js 20 is deprecated. The following actions target Node.js 20 but are being forced to run on Node.js 24: actions/checkout@v4, actions/setup-node@v4, actions/upload-artifact@v4, pnpm/action-setup@v4. For more information see: https://github.blog/changelog/2025-09-19-deprecation-of-node-20-on-github-actions-runners/
