2026-10-06T01:45:22.6650085Z Current runner version: '2.337.0'
2026-10-06T01:45:22.6675876Z ##[group]Runner Image Provisioner
2026-10-06T01:45:22.6676792Z Hosted Compute Agent
2026-10-06T01:45:22.6677428Z Version: 20260901.588
2026-10-06T01:45:22.6678173Z Commit: f88ec8081b781fac6c440065ac7ff9e710ce3d0b
2026-10-06T01:45:22.6678934Z Build Date: 2026-09-01T19:56:44Z
2026-10-06T01:45:22.6679761Z Worker ID: {b51590d7-8ae4-450a-920f-c30b1398dc4e}
2026-10-06T01:45:22.6680523Z Azure Region: westus3
2026-10-06T01:45:22.6681142Z ##[endgroup]
2026-10-06T01:45:22.6682947Z ##[group]Operating System
2026-10-06T01:45:22.6683679Z Ubuntu
2026-10-06T01:45:22.6684211Z 22.04.5
2026-10-06T01:45:22.6684840Z LTS
2026-10-06T01:45:22.6685399Z ##[endgroup]
2026-10-06T01:45:22.6686016Z ##[group]Runner Image
2026-10-06T01:45:22.6686735Z Image: ubuntu-22.04
2026-10-06T01:45:22.6687374Z Version: 20260927.309.1
2026-10-06T01:45:22.6688761Z Included Software: https://github.com/actions/runner-images/blob/ubuntu22/20260927.309/images/ubuntu/Ubuntu2204-Readme.md
2026-10-06T01:45:22.6690341Z Image Release: https://github.com/actions/runner-images/releases/tag/ubuntu22%2F20260927.309
2026-10-06T01:45:22.6691416Z ##[endgroup]
2026-10-06T01:45:22.6692842Z ##[group]GITHUB_TOKEN Permissions
2026-10-06T01:45:22.6694789Z Contents: read
2026-10-06T01:45:22.6695421Z Metadata: read
2026-10-06T01:45:22.6696159Z ##[endgroup]
2026-10-06T01:45:22.6698282Z Secret source: Actions
2026-10-06T01:45:22.6699398Z Cache mode: write
2026-10-06T01:45:22.6700171Z Prepare workflow directory
2026-10-06T01:45:22.7052903Z Prepare all required actions
2026-10-06T01:45:22.7100167Z Getting action download info
2026-10-06T01:45:23.0770359Z Download action repository 'actions/checkout@v4' (SHA:11d5960a326750d5838078e36cf38b85af677262)
2026-10-06T01:45:23.2057267Z Download action repository 'pnpm/action-setup@v4' (SHA:b906affcce14559ad1aafd4ab0e942779e9f58b1)
2026-10-06T01:45:23.8692051Z Download action repository 'actions/setup-node@v4' (SHA:49933ea5288caeca8642d1e84afbd3f7d6820020)
2026-10-06T01:45:23.9737921Z Download action repository 'actions/upload-artifact@v4' (SHA:ea165f8d65b6e75b540449e92b4886f43607fa02)
2026-10-06T01:45:24.1938697Z Complete job name: media-admin-editor-source (settings)
2026-10-06T01:45:24.2805797Z ##[group]Run actions/checkout@v4
2026-10-06T01:45:24.2807071Z with:
2026-10-06T01:45:24.2807722Z   repository: sveltery/cms
2026-10-06T01:45:24.2812536Z   token: ***
2026-10-06T01:45:24.2813260Z   ssh-strict: true
2026-10-06T01:45:24.2813854Z   ssh-user: git
2026-10-06T01:45:24.2814575Z   persist-credentials: true
2026-10-06T01:45:24.2815276Z   clean: true
2026-10-06T01:45:24.2815944Z   sparse-checkout-cone-mode: true
2026-10-06T01:45:24.2816687Z   fetch-depth: 1
2026-10-06T01:45:24.2817296Z   fetch-tags: false
2026-10-06T01:45:24.2817975Z   show-progress: true
2026-10-06T01:45:24.2818627Z   lfs: false
2026-10-06T01:45:24.2819189Z   submodules: false
2026-10-06T01:45:24.2819957Z   set-safe-directory: true
2026-10-06T01:45:24.2820636Z   allow-unsafe-pr-checkout: false
2026-10-06T01:45:24.2822157Z ##[endgroup]
2026-10-06T01:45:24.3951052Z Syncing repository: sveltery/cms
2026-10-06T01:45:24.3954045Z ##[group]Getting Git version info
2026-10-06T01:45:24.3955178Z Working directory is '/home/runner/work/cms/cms'
2026-10-06T01:45:24.3956514Z [command]/usr/bin/git version
2026-10-06T01:45:24.4015150Z git version 2.55.0
2026-10-06T01:45:24.4043842Z ##[endgroup]
2026-10-06T01:45:24.4060037Z Temporarily overriding HOME='/home/runner/work/_temp/6e5c14ba-10da-43f0-9aea-264e284824d8' before making global git config changes
2026-10-06T01:45:24.4063293Z Adding repository directory to the temporary git global config as a safe directory
2026-10-06T01:45:24.4068393Z [command]/usr/bin/git config --global --add safe.directory /home/runner/work/cms/cms
2026-10-06T01:45:24.4117619Z Deleting the contents of '/home/runner/work/cms/cms'
2026-10-06T01:45:24.4124345Z ##[group]Initializing the repository
2026-10-06T01:45:24.4130069Z [command]/usr/bin/git init /home/runner/work/cms/cms
2026-10-06T01:45:24.4265649Z hint: Using 'master' as the name for the initial branch. This default branch name
2026-10-06T01:45:24.4268801Z hint: will change to "main" in Git 3.0. To configure the initial branch name
2026-10-06T01:45:24.4271080Z hint: to use in all of your new repositories, which will suppress this warning,
2026-10-06T01:45:24.4273529Z hint: call:
2026-10-06T01:45:24.4274791Z hint:
2026-10-06T01:45:24.4276003Z hint: 	git config --global init.defaultBranch <name>
2026-10-06T01:45:24.4277348Z hint:
2026-10-06T01:45:24.4279011Z hint: Names commonly chosen instead of 'master' are 'main', 'trunk' and
2026-10-06T01:45:24.4281321Z hint: 'development'. The just-created branch can be renamed via this command:
2026-10-06T01:45:24.4283457Z hint:
2026-10-06T01:45:24.4284463Z hint: 	git branch -m <name>
2026-10-06T01:45:24.4285443Z hint:
2026-10-06T01:45:24.4286921Z hint: Disable this message with "git config set advice.defaultBranchName false"
2026-10-06T01:45:24.4288825Z Initialized empty Git repository in /home/runner/work/cms/cms/.git/
2026-10-06T01:45:24.4292385Z [command]/usr/bin/git remote add origin https://github.com/sveltery/cms
2026-10-06T01:45:24.4340553Z ##[endgroup]
2026-10-06T01:45:24.4343529Z ##[group]Disabling automatic garbage collection
2026-10-06T01:45:24.4345585Z [command]/usr/bin/git config --local gc.auto 0
2026-10-06T01:45:24.4386209Z ##[endgroup]
2026-10-06T01:45:24.4388450Z ##[group]Setting up auth
2026-10-06T01:45:24.4395205Z [command]/usr/bin/git config --local --name-only --get-regexp core\.sshCommand
2026-10-06T01:45:24.4444335Z [command]/usr/bin/git submodule foreach --recursive sh -c "git config --local --name-only --get-regexp 'core\.sshCommand' && git config --local --unset-all 'core.sshCommand' || :"
2026-10-06T01:45:24.4874531Z [command]/usr/bin/git config --local --name-only --get-regexp http\.https\:\/\/github\.com\/\.extraheader
2026-10-06T01:45:24.4928000Z [command]/usr/bin/git submodule foreach --recursive sh -c "git config --local --name-only --get-regexp 'http\.https\:\/\/github\.com\/\.extraheader' && git config --local --unset-all 'http.https://github.com/.extraheader' || :"
2026-10-06T01:45:24.5219793Z [command]/usr/bin/git config --local --name-only --get-regexp ^includeIf\.gitdir:
2026-10-06T01:45:24.5264099Z [command]/usr/bin/git submodule foreach --recursive git config --local --show-origin --name-only --get-regexp remote.origin.url
2026-10-06T01:45:24.5536373Z [command]/usr/bin/git config --local http.https://github.com/.extraheader AUTHORIZATION: basic ***
2026-10-06T01:45:24.5585159Z ##[endgroup]
2026-10-06T01:45:24.5586320Z ##[group]Fetching the repository
2026-10-06T01:45:24.5594911Z [command]/usr/bin/git -c protocol.version=2 fetch --no-tags --prune --no-recurse-submodules --depth=1 origin +75fd61ec31e6268944950117a7103a89c235dc9a:refs/remotes/pull/121/merge
2026-10-06T01:45:26.1317519Z From https://github.com/sveltery/cms
2026-10-06T01:45:26.1320397Z  * [new ref]         75fd61ec31e6268944950117a7103a89c235dc9a -> pull/121/merge
2026-10-06T01:45:26.1324233Z ##[endgroup]
2026-10-06T01:45:26.1325465Z ##[group]Determining the checkout info
2026-10-06T01:45:26.1326789Z ##[endgroup]
2026-10-06T01:45:26.1328467Z [command]/usr/bin/git sparse-checkout disable
2026-10-06T01:45:26.1383814Z [command]/usr/bin/git config --local --unset-all extensions.worktreeConfig
2026-10-06T01:45:26.1423604Z ##[group]Checking out the ref
2026-10-06T01:45:26.1427808Z [command]/usr/bin/git checkout --progress --force refs/remotes/pull/121/merge
2026-10-06T01:45:26.6475267Z Note: switching to 'refs/remotes/pull/121/merge'.
2026-10-06T01:45:26.6476193Z 
2026-10-06T01:45:26.6476703Z You are in 'detached HEAD' state. You can look around, make experimental
2026-10-06T01:45:26.6477839Z changes and commit them, and you can discard any commits you make in this
2026-10-06T01:45:26.6480039Z state without impacting any branches by switching back to a branch.
2026-10-06T01:45:26.6480692Z 
2026-10-06T01:45:26.6481182Z If you want to create a new branch to retain commits you create, you may
2026-10-06T01:45:26.6482499Z do so (now or later) by using -c with the switch command. Example:
2026-10-06T01:45:26.6483733Z 
2026-10-06T01:45:26.6483983Z   git switch -c <new-branch-name>
2026-10-06T01:45:26.6484422Z 
2026-10-06T01:45:26.6484717Z Or undo this operation with:
2026-10-06T01:45:26.6485158Z 
2026-10-06T01:45:26.6485392Z   git switch -
2026-10-06T01:45:26.6485747Z 
2026-10-06T01:45:26.6486312Z Turn off this advice by setting config variable advice.detachedHead to false
2026-10-06T01:45:26.6487207Z 
2026-10-06T01:45:26.6488143Z HEAD is now at 75fd61e Merge 563b3fb36a43265336e34c4610cd6e2306195a8a into d8989c402af17e329be09c0f17773fa33e36d7a9
2026-10-06T01:45:26.6498863Z ##[endgroup]
2026-10-06T01:45:26.6553560Z [command]/usr/bin/git log -1 --format=%H
2026-10-06T01:45:26.6586126Z 75fd61ec31e6268944950117a7103a89c235dc9a
2026-10-06T01:45:26.6850364Z ##[group]Run pnpm/action-setup@v4
2026-10-06T01:45:26.6850689Z with:
2026-10-06T01:45:26.6850897Z   version: 12.6.0
2026-10-06T01:45:26.6851108Z   dest: ~/setup-pnpm
2026-10-06T01:45:26.6851322Z   run_install: null
2026-10-06T01:45:26.6851770Z   cache: false
2026-10-06T01:45:26.6851994Z   cache_dependency_path: pnpm-lock.yaml
2026-10-06T01:45:26.6852313Z   package_json_file: package.json
2026-10-06T01:45:26.6852573Z   standalone: false
2026-10-06T01:45:26.6852776Z ##[endgroup]
2026-10-06T01:45:26.8421272Z ##[group]Running self-installer...
2026-10-06T01:45:27.3228503Z (node:2034) [DEP0169] DeprecationWarning: `url.parse()` behavior is not standardized and prone to errors that have security implications. Use the WHATWG URL API instead. CVEs are not issued for `url.parse()` vulnerabilities.
2026-10-06T01:45:27.3230356Z (Use `node --trace-deprecation ...` to show where the warning was created)
2026-10-06T01:45:27.5498914Z Progress: resolved 1, reused 0, downloaded 0, added 0
2026-10-06T01:45:27.7125881Z Packages: +3
2026-10-06T01:45:27.7129798Z +++
2026-10-06T01:45:28.3755266Z Progress: resolved 15, reused 0, downloaded 3, added 3, done
2026-10-06T01:45:28.3938313Z .../.pnpm/pnpm@12.6.0/node_modules/pnpm preinstall$ node install.js
2026-10-06T01:45:34.9248099Z .../.pnpm/pnpm@12.6.0/node_modules/pnpm preinstall: Done
2026-10-06T01:45:34.9253171Z .../.pnpm/pnpm@12.6.0/node_modules/pnpm postinstall$ node install.js
2026-10-06T01:45:34.9755023Z .../.pnpm/pnpm@12.6.0/node_modules/pnpm postinstall: Done
2026-10-06T01:45:36.4523728Z 
2026-10-06T01:45:36.4524165Z dependencies:
2026-10-06T01:45:36.4524480Z + pnpm 12.6.0 (12.9.1 is available)
2026-10-06T01:45:36.4524706Z 
2026-10-06T01:45:36.4549105Z Done in 9.3s
2026-10-06T01:45:36.5013768Z ##[endgroup]
2026-10-06T01:45:36.5014379Z Installation Completed!
2026-10-06T01:45:36.5207717Z ##[group]Run actions/setup-node@v4
2026-10-06T01:45:36.5208003Z with:
2026-10-06T01:45:36.5208198Z   node-version: 24
2026-10-06T01:45:36.5208402Z   cache: pnpm
2026-10-06T01:45:36.5208595Z   always-auth: false
2026-10-06T01:45:36.5208810Z   check-latest: false
2026-10-06T01:45:36.5211742Z   token: ***
2026-10-06T01:45:36.5211987Z env:
2026-10-06T01:45:36.5212244Z   PNPM_HOME: /home/runner/setup-pnpm/node_modules/.bin
2026-10-06T01:45:36.5212563Z ##[endgroup]
2026-10-06T01:45:36.6799443Z Found in cache @ /opt/hostedtoolcache/node/24.21.0/x64
2026-10-06T01:45:36.6803943Z (node:2065) [DEP0040] DeprecationWarning: The `punycode` module is deprecated. Please use a userland alternative instead.
2026-10-06T01:45:36.6805155Z (Use `node --trace-deprecation ...` to show where the warning was created)
2026-10-06T01:45:36.6807567Z ##[group]Environment details
2026-10-06T01:45:38.9818152Z node: v24.21.0
2026-10-06T01:45:38.9818435Z npm: 11.19.0
2026-10-06T01:45:38.9818642Z yarn: 1.22.22
2026-10-06T01:45:38.9819996Z ##[endgroup]
2026-10-06T01:45:38.9845986Z [command]/home/runner/setup-pnpm/node_modules/.bin/pnpm store path --silent
2026-10-06T01:45:39.0047406Z /home/runner/setup-pnpm/node_modules/.bin/store/v11
2026-10-06T01:45:39.2234622Z Cache hit for: node-cache-Linux-x64-pnpm-cb01908ec0d0a45d9eb29e44f56e05364983ff2ce958acc694c939d2835b5d56
2026-10-06T01:45:39.2353732Z (node:2065) [DEP0169] DeprecationWarning: `url.parse()` behavior is not standardized and prone to errors that have security implications. Use the WHATWG URL API instead. CVEs are not issued for `url.parse()` vulnerabilities.
2026-10-06T01:45:40.4338693Z Received 58720256 of 174062786 (33.7%), 56.0 MBs/sec
2026-10-06T01:45:41.3196501Z Received 174062786 of 174062786 (100.0%), 88.0 MBs/sec
2026-10-06T01:45:41.3197603Z Cache Size: ~166 MB (174062786 B)
2026-10-06T01:45:41.3233336Z [command]/usr/bin/tar -xf /home/runner/work/_temp/c08bb3f2-6322-44d3-834b-6d5d17dc73b1/cache.tzst -P -C /home/runner/work/cms/cms --use-compress-program unzstd
2026-10-06T01:45:43.5112310Z Cache restored successfully
2026-10-06T01:45:43.5508831Z Cache restored from key: node-cache-Linux-x64-pnpm-cb01908ec0d0a45d9eb29e44f56e05364983ff2ce958acc694c939d2835b5d56
2026-10-06T01:45:43.5805374Z ##[group]Run pnpm install --frozen-lockfile
2026-10-06T01:45:43.5805791Z [36;1mpnpm install --frozen-lockfile[0m
2026-10-06T01:45:43.6489286Z shell: /usr/bin/bash -e {0}
2026-10-06T01:45:43.6489653Z env:
2026-10-06T01:45:43.6489941Z   PNPM_HOME: /home/runner/setup-pnpm/node_modules/.bin
2026-10-06T01:45:43.6490295Z ##[endgroup]
2026-10-06T01:45:43.7129189Z ? Verifying lockfile against supply-chain policies (534 entries)...
2026-10-06T01:45:43.9304284Z Packages are hard linked from the content-addressable store to the virtual store.
2026-10-06T01:45:43.9305853Z   Content-addressable store is at: /home/runner/setup-pnpm/node_modules/.bin/store/v11
2026-10-06T01:45:43.9306720Z   Virtual store is at:             node_modules/.pnpm
2026-10-06T01:45:46.2302716Z ✓ Lockfile passes supply-chain policies (534 entries in 2.5s)
2026-10-06T01:45:46.2303836Z Lockfile is up to date, resolution step is skipped
2026-10-06T01:45:46.2366834Z Packages: +403
2026-10-06T01:45:46.2367733Z ++++++++++++++++++++++++++++++++++++++++++++++++++++++++++++++++++++++++++++++++
2026-10-06T01:45:46.3011365Z Progress: resolved 403, reused 403, downloaded 0, added 403, done
2026-10-06T01:45:46.3916180Z . prepare$ svelte-kit sync
2026-10-06T01:45:47.7131953Z . prepare: Done
2026-10-06T01:45:47.7137865Z 
2026-10-06T01:45:47.7138144Z dependencies:
2026-10-06T01:45:47.7138679Z + @oslojs/crypto 1.0.1
2026-10-06T01:45:47.7139242Z + @oslojs/encoding 1.1.0
2026-10-06T01:45:47.7139811Z + @oslojs/webauthn 1.0.0
2026-10-06T01:45:47.7140603Z + @wordpress/block-serialization-default-parser 5.38.0
2026-10-06T01:45:47.7141338Z + blurhash 2.0.5
2026-10-06T01:45:47.7143063Z + cn 0.2.2
2026-10-06T01:45:47.7143575Z + date-fns 4.1.0
2026-10-06T01:45:47.7144154Z + image-size 2.0.2
2026-10-06T01:45:47.7144553Z + jpeg-js 0.4.4
2026-10-06T01:45:47.7144955Z + jsonc-parser 3.3.1
2026-10-06T01:45:47.7145342Z + kysely 0.29.2
2026-10-06T01:45:47.7145704Z + mime 4.1.0
2026-10-06T01:45:47.7146060Z + parse5 7.3.0
2026-10-06T01:45:47.7146498Z + smol-toml 1.6.0
2026-10-06T01:45:47.7146926Z + ulidx 2.4.1
2026-10-06T01:45:47.7147286Z + upng-js 2.1.0
2026-10-06T01:45:47.7147639Z + valibot 1.5.0
2026-10-06T01:45:47.7147995Z + zod 4.5.4
2026-10-06T01:45:47.7148182Z 
2026-10-06T01:45:47.7148425Z devDependencies:
2026-10-06T01:45:47.7148829Z + @babel/core 7.29.7
2026-10-06T01:45:47.7149282Z + @cloudflare/kumo 2.6.0
2026-10-06T01:45:47.7162678Z + @cloudflare/workers-types 4.20260507.1
2026-10-06T01:45:47.7163495Z + @floating-ui/dom 1.8.0
2026-10-06T01:45:47.7165965Z + @lingui/babel-plugin-lingui-macro 5.9.5
2026-10-06T01:45:47.7166938Z + @lingui/conf 5.9.5
2026-10-06T01:45:47.7167641Z + @lingui/core 5.9.5
2026-10-06T01:45:47.7168276Z + @lingui/react 5.9.5
2026-10-06T01:45:47.7168931Z + @playwright/test 1.63.0
2026-10-06T01:45:47.7169699Z + @sveltejs/adapter-auto 7.0.1
2026-10-06T01:45:47.7170507Z + @sveltejs/adapter-cloudflare 7.2.9
2026-10-06T01:45:47.7171377Z + @sveltejs/adapter-node 5.5.7
2026-10-06T01:45:47.7172915Z + @sveltejs/kit 2.70.3
2026-10-06T01:45:47.7173770Z + @sveltejs/vite-plugin-svelte 7.3.1
2026-10-06T01:45:47.7174658Z + @tanstack/react-query 5.90.21
2026-10-06T01:45:47.7175531Z + @tanstack/react-router 1.163.2
2026-10-06T01:45:47.7176376Z + @testing-library/react 16.3.2
2026-10-06T01:45:47.7177577Z + @types/jsdom 30.0.0
2026-10-06T01:45:47.7178254Z + @types/node 24.19.0
2026-10-06T01:45:47.7178907Z + @types/react 19.3.0
2026-10-06T01:45:47.7179606Z + @types/react-dom 19.3.0
2026-10-06T01:45:47.7180421Z + @vitest/browser-playwright 4.1.10
2026-10-06T01:45:47.7181150Z + devalue 5.9.4
2026-10-06T01:45:47.7182073Z + jsdom 30.1.1
2026-10-06T01:45:47.7182737Z + miniflare 4.20260507.1
2026-10-06T01:45:47.7183377Z + pg 8.18.0
2026-10-06T01:45:47.7183948Z + react 19.3.0
2026-10-06T01:45:47.7184551Z + react-day-picker 9.14.0
2026-10-06T01:45:47.7185183Z + react-dom 19.3.0
2026-10-06T01:45:47.7185749Z + svelte 5.57.1
2026-10-06T01:45:47.7186318Z + svelte-check 4.7.6
2026-10-06T01:45:47.7186920Z + typescript 6.0.3
2026-10-06T01:45:47.7187448Z + vite 8.3.2
2026-10-06T01:45:47.7188280Z + vitest 4.1.10
2026-10-06T01:45:47.7189005Z + vitest-browser-react 2.2.0
2026-10-06T01:45:47.7189727Z + wrangler 4.99.0
2026-10-06T01:45:47.7190177Z 
2026-10-06T01:45:47.7190699Z Done in 4s using pnpm v12.6.0
2026-10-06T01:45:47.7522248Z ##[group]Run pnpm exec playwright install --with-deps chromium
2026-10-06T01:45:47.7522988Z [36;1mpnpm exec playwright install --with-deps chromium[0m
2026-10-06T01:45:47.7594752Z shell: /usr/bin/bash -e {0}
2026-10-06T01:45:47.7595027Z env:
2026-10-06T01:45:47.7595299Z   PNPM_HOME: /home/runner/setup-pnpm/node_modules/.bin
2026-10-06T01:45:47.7595645Z ##[endgroup]
2026-10-06T01:45:48.7222405Z Installing dependencies...
2026-10-06T01:45:48.7356195Z Switching to root user to install dependencies...
2026-10-06T01:45:48.8573161Z Get:1 file:/etc/apt/apt-mirrors.txt Mirrorlist [144 B]
2026-10-06T01:45:48.8792683Z Get:6 https://packages.microsoft.com/ubuntu/22.04/prod jammy InRelease [3632 B]
2026-10-06T01:45:48.8914348Z Hit:2 http://azure.archive.ubuntu.com/ubuntu jammy InRelease
2026-10-06T01:45:48.8979248Z Get:3 http://azure.archive.ubuntu.com/ubuntu jammy-updates InRelease [128 kB]
2026-10-06T01:45:48.9026031Z Get:4 http://azure.archive.ubuntu.com/ubuntu jammy-backports InRelease [127 kB]
2026-10-06T01:45:48.9058919Z Get:5 http://azure.archive.ubuntu.com/ubuntu jammy-security InRelease [129 kB]
2026-10-06T01:45:48.9731930Z Get:7 https://packages.microsoft.com/ubuntu/22.04/prod jammy/main arm64 Packages [551 kB]
2026-10-06T01:45:48.9938352Z Get:8 https://packages.microsoft.com/ubuntu/22.04/prod jammy/main amd64 Packages [797 kB]
2026-10-06T01:45:49.1641994Z Get:9 http://azure.archive.ubuntu.com/ubuntu jammy-updates/main amd64 Packages [3907 kB]
2026-10-06T01:45:49.1834371Z Get:10 http://azure.archive.ubuntu.com/ubuntu jammy-updates/main Translation-en [576 kB]
2026-10-06T01:45:49.1863670Z Get:11 http://azure.archive.ubuntu.com/ubuntu jammy-updates/restricted amd64 Packages [6714 kB]
2026-10-06T01:45:49.2194342Z Get:12 http://azure.archive.ubuntu.com/ubuntu jammy-updates/restricted Translation-en [1290 kB]
2026-10-06T01:45:49.2308063Z Get:13 http://azure.archive.ubuntu.com/ubuntu jammy-updates/universe amd64 Packages [1285 kB]
2026-10-06T01:45:49.2403164Z Get:14 http://azure.archive.ubuntu.com/ubuntu jammy-updates/universe Translation-en [325 kB]
2026-10-06T01:45:49.3597434Z Get:15 http://azure.archive.ubuntu.com/ubuntu jammy-security/main amd64 Packages [3631 kB]
2026-10-06T01:45:49.3794736Z Get:16 http://azure.archive.ubuntu.com/ubuntu jammy-security/main Translation-en [508 kB]
2026-10-06T01:45:49.3818055Z Get:17 http://azure.archive.ubuntu.com/ubuntu jammy-security/restricted amd64 Packages [6465 kB]
2026-10-06T01:45:49.4148759Z Get:18 http://azure.archive.ubuntu.com/ubuntu jammy-security/restricted Translation-en [1244 kB]
2026-10-06T01:45:49.4636149Z Get:19 http://azure.archive.ubuntu.com/ubuntu jammy-security/universe amd64 Packages [1052 kB]
2026-10-06T01:45:49.4710781Z Get:20 http://azure.archive.ubuntu.com/ubuntu jammy-security/universe Translation-en [237 kB]
2026-10-06T01:45:56.2486125Z Fetched 29.0 MB in 3s (8672 kB/s)
2026-10-06T01:45:57.6709690Z Reading package lists...
2026-10-06T01:45:57.7364985Z Reading package lists...
2026-10-06T01:45:58.0451171Z Building dependency tree...
2026-10-06T01:45:58.0463040Z Reading state information...
2026-10-06T01:45:58.2734838Z fonts-liberation is already the newest version (1:1.07.4-11).
2026-10-06T01:45:58.2735783Z fonts-liberation set to manually installed.
2026-10-06T01:45:58.2736866Z libatk-bridge2.0-0 is already the newest version (2.38.0-3).
2026-10-06T01:45:58.2737770Z libatk-bridge2.0-0 set to manually installed.
2026-10-06T01:45:58.2738786Z libatk1.0-0 is already the newest version (2.36.0-3build1).
2026-10-06T01:45:58.2739721Z libatk1.0-0 set to manually installed.
2026-10-06T01:45:58.2740627Z libatspi2.0-0 is already the newest version (2.44.0-3).
2026-10-06T01:45:58.2741794Z libatspi2.0-0 set to manually installed.
2026-10-06T01:45:58.2742809Z libfontconfig1 is already the newest version (2.13.1-4.2ubuntu5).
2026-10-06T01:45:58.2743638Z libfontconfig1 set to manually installed.
2026-10-06T01:45:58.2744276Z libxcb1 is already the newest version (1.14-3ubuntu3).
2026-10-06T01:45:58.2744790Z libxcb1 set to manually installed.
2026-10-06T01:45:58.2745845Z libxcomposite1 is already the newest version (1:0.4.5-1build2).
2026-10-06T01:45:58.2746450Z libxcomposite1 set to manually installed.
2026-10-06T01:45:58.2747052Z libxdamage1 is already the newest version (1:1.1.5-2build2).
2026-10-06T01:45:58.2747624Z libxdamage1 set to manually installed.
2026-10-06T01:45:58.2748186Z libxext6 is already the newest version (2:1.3.4-1build1).
2026-10-06T01:45:58.2748715Z libxext6 set to manually installed.
2026-10-06T01:45:58.2749244Z libxfixes3 is already the newest version (1:6.0.0-1).
2026-10-06T01:45:58.2749775Z libxfixes3 set to manually installed.
2026-10-06T01:45:58.2750594Z libxkbcommon0 is already the newest version (1.4.0-1).
2026-10-06T01:45:58.2751729Z libxkbcommon0 set to manually installed.
2026-10-06T01:45:58.2752298Z libxrandr2 is already the newest version (2:1.5.2-1build1).
2026-10-06T01:45:58.2752687Z libxrandr2 set to manually installed.
2026-10-06T01:45:58.2753179Z fonts-noto-color-emoji is already the newest version (2.047-0ubuntu0.22.04.1).
2026-10-06T01:45:58.2753737Z libasound2 is already the newest version (1.2.6.1-1ubuntu1.2).
2026-10-06T01:45:58.2754129Z libasound2 set to manually installed.
2026-10-06T01:45:58.2754514Z libcairo2 is already the newest version (1.16.0-5ubuntu2.1).
2026-10-06T01:45:58.2754894Z libcairo2 set to manually installed.
2026-10-06T01:45:58.2755283Z libcups2 is already the newest version (2.4.1op1-1ubuntu4.21).
2026-10-06T01:45:58.2755662Z libcups2 set to manually installed.
2026-10-06T01:45:58.2756060Z libdbus-1-3 is already the newest version (1.12.20-2ubuntu4.1).
2026-10-06T01:45:58.2756496Z libdbus-1-3 set to manually installed.
2026-10-06T01:45:58.2756960Z libdrm2 is already the newest version (2.4.113-2~ubuntu0.22.04.1).
2026-10-06T01:45:58.2757349Z libdrm2 set to manually installed.
2026-10-06T01:45:58.2757781Z libfreetype6 is already the newest version (2.11.1+dfsg-1ubuntu0.3).
2026-10-06T01:45:58.2758215Z libfreetype6 set to manually installed.
2026-10-06T01:45:58.2758641Z libgbm1 is already the newest version (23.2.1-1ubuntu3.1~22.04.4).
2026-10-06T01:45:58.2759054Z libgbm1 set to manually installed.
2026-10-06T01:45:58.2759457Z libglib2.0-0 is already the newest version (2.72.4-0ubuntu2.10).
2026-10-06T01:45:58.2759856Z libglib2.0-0 set to manually installed.
2026-10-06T01:45:58.2760282Z libnspr4 is already the newest version (2:4.35-0ubuntu0.22.04.1).
2026-10-06T01:45:58.2760754Z libnss3 is already the newest version (2:3.98-0ubuntu0.22.04.4).
2026-10-06T01:45:58.2761243Z libpango-1.0-0 is already the newest version (1.50.6+ds-2ubuntu1).
2026-10-06T01:45:58.2762149Z libpango-1.0-0 set to manually installed.
2026-10-06T01:45:58.2762616Z libwayland-client0 is already the newest version (1.20.0-1ubuntu0.1).
2026-10-06T01:45:58.2763064Z libwayland-client0 set to manually installed.
2026-10-06T01:45:58.2763491Z libx11-6 is already the newest version (2:1.7.5-1ubuntu0.3).
2026-10-06T01:45:58.2763864Z libx11-6 set to manually installed.
2026-10-06T01:45:58.2764290Z xvfb is already the newest version (2:21.1.4-2ubuntu1.7~22.04.16).
2026-10-06T01:45:58.2764989Z The following additional packages will be installed:
2026-10-06T01:45:58.2765349Z   xfonts-encodings xfonts-utils
2026-10-06T01:45:58.2765634Z Recommended packages:
2026-10-06T01:45:58.2765913Z   fonts-ipafont-mincho fonts-tlwg-loma
2026-10-06T01:45:58.3145854Z The following NEW packages will be installed:
2026-10-06T01:45:58.3146810Z   fonts-freefont-ttf fonts-ipafont-gothic fonts-tlwg-loma-otf fonts-unifont
2026-10-06T01:45:58.3156075Z   fonts-wqy-zenhei xfonts-cyrillic xfonts-encodings xfonts-scalable
2026-10-06T01:45:58.3157280Z   xfonts-utils
2026-10-06T01:45:58.3368651Z 0 upgraded, 9 newly installed, 0 to remove and 20 not upgraded.
2026-10-06T01:45:58.3369423Z Need to get 18.4 MB of archives.
2026-10-06T01:45:58.3370178Z After this operation, 56.8 MB of additional disk space will be used.
2026-10-06T01:45:58.3371027Z Get:1 file:/etc/apt/apt-mirrors.txt Mirrorlist [144 B]
2026-10-06T01:45:58.4203893Z Get:2 http://azure.archive.ubuntu.com/ubuntu jammy/universe amd64 fonts-ipafont-gothic all 00303-21ubuntu1 [3513 kB]
2026-10-06T01:45:58.5530298Z Get:3 http://azure.archive.ubuntu.com/ubuntu jammy/main amd64 fonts-freefont-ttf all 20120503-10build1 [2388 kB]
2026-10-06T01:45:58.6330344Z Get:4 http://azure.archive.ubuntu.com/ubuntu jammy/universe amd64 fonts-tlwg-loma-otf all 1:0.7.3-1 [107 kB]
2026-10-06T01:45:58.6982451Z Get:5 http://azure.archive.ubuntu.com/ubuntu jammy/universe amd64 fonts-unifont all 1:14.0.01-1 [3551 kB]
2026-10-06T01:45:58.8284934Z Get:6 http://azure.archive.ubuntu.com/ubuntu jammy/universe amd64 fonts-wqy-zenhei all 0.9.45-8 [7472 kB]
2026-10-06T01:45:59.0288739Z Get:7 http://azure.archive.ubuntu.com/ubuntu jammy/main amd64 xfonts-encodings all 1:1.0.5-0ubuntu2 [578 kB]
2026-10-06T01:45:59.0962144Z Get:8 http://azure.archive.ubuntu.com/ubuntu jammy/main amd64 xfonts-utils amd64 1:7.7+6build2 [94.6 kB]
2026-10-06T01:45:59.1609882Z Get:9 http://azure.archive.ubuntu.com/ubuntu jammy/universe amd64 xfonts-cyrillic all 1:1.0.5 [386 kB]
2026-10-06T01:45:59.2289355Z Get:10 http://azure.archive.ubuntu.com/ubuntu jammy/main amd64 xfonts-scalable all 1:1.0.3-1.2ubuntu1 [306 kB]
2026-10-06T01:45:59.5738191Z Fetched 18.4 MB in 1s (20.2 MB/s)
2026-10-06T01:45:59.6058211Z Selecting previously unselected package fonts-ipafont-gothic.
2026-10-06T01:45:59.6436522Z (Reading database ... 
2026-10-06T01:45:59.6437236Z (Reading database ... 5%
2026-10-06T01:45:59.6437916Z (Reading database ... 10%
2026-10-06T01:45:59.6438377Z (Reading database ... 15%
2026-10-06T01:45:59.6438703Z (Reading database ... 20%
2026-10-06T01:45:59.6439022Z (Reading database ... 25%
2026-10-06T01:45:59.6439314Z (Reading database ... 30%
2026-10-06T01:45:59.6439713Z (Reading database ... 35%
2026-10-06T01:45:59.6440166Z (Reading database ... 40%
2026-10-06T01:45:59.6440583Z (Reading database ... 45%
2026-10-06T01:45:59.6440876Z (Reading database ... 50%
2026-10-06T01:45:59.7386632Z (Reading database ... 55%
2026-10-06T01:45:59.9814295Z (Reading database ... 60%
2026-10-06T01:46:00.1965089Z (Reading database ... 65%
2026-10-06T01:46:00.4367504Z (Reading database ... 70%
2026-10-06T01:46:00.6344465Z (Reading database ... 75%
2026-10-06T01:46:00.9233893Z (Reading database ... 80%
2026-10-06T01:46:01.1550703Z (Reading database ... 85%
2026-10-06T01:46:01.3878229Z (Reading database ... 90%
2026-10-06T01:46:01.6031671Z (Reading database ... 95%
2026-10-06T01:46:01.6087496Z (Reading database ... 100%
2026-10-06T01:46:01.6088626Z (Reading database ... 260411 files and directories currently installed.)
2026-10-06T01:46:01.6089696Z Preparing to unpack .../0-fonts-ipafont-gothic_00303-21ubuntu1_all.deb ...
2026-10-06T01:46:01.6193670Z Unpacking fonts-ipafont-gothic (00303-21ubuntu1) ...
2026-10-06T01:46:01.8701232Z Selecting previously unselected package fonts-freefont-ttf.
2026-10-06T01:46:01.8917265Z Preparing to unpack .../1-fonts-freefont-ttf_20120503-10build1_all.deb ...
2026-10-06T01:46:01.8924437Z Unpacking fonts-freefont-ttf (20120503-10build1) ...
2026-10-06T01:46:02.0762783Z Selecting previously unselected package fonts-tlwg-loma-otf.
2026-10-06T01:46:02.0968799Z Preparing to unpack .../2-fonts-tlwg-loma-otf_1%3a0.7.3-1_all.deb ...
2026-10-06T01:46:02.0976540Z Unpacking fonts-tlwg-loma-otf (1:0.7.3-1) ...
2026-10-06T01:46:02.1218869Z Selecting previously unselected package fonts-unifont.
2026-10-06T01:46:02.1425295Z Preparing to unpack .../3-fonts-unifont_1%3a14.0.01-1_all.deb ...
2026-10-06T01:46:02.1433052Z Unpacking fonts-unifont (1:14.0.01-1) ...
2026-10-06T01:46:02.2303769Z Selecting previously unselected package fonts-wqy-zenhei.
2026-10-06T01:46:02.2513918Z Preparing to unpack .../4-fonts-wqy-zenhei_0.9.45-8_all.deb ...
2026-10-06T01:46:02.2633086Z Unpacking fonts-wqy-zenhei (0.9.45-8) ...
2026-10-06T01:46:02.7768787Z Selecting previously unselected package xfonts-encodings.
2026-10-06T01:46:02.7975312Z Preparing to unpack .../5-xfonts-encodings_1%3a1.0.5-0ubuntu2_all.deb ...
2026-10-06T01:46:02.7982610Z Unpacking xfonts-encodings (1:1.0.5-0ubuntu2) ...
2026-10-06T01:46:02.8324533Z Selecting previously unselected package xfonts-utils.
2026-10-06T01:46:02.8534570Z Preparing to unpack .../6-xfonts-utils_1%3a7.7+6build2_amd64.deb ...
2026-10-06T01:46:02.8542542Z Unpacking xfonts-utils (1:7.7+6build2) ...
2026-10-06T01:46:02.8927315Z Selecting previously unselected package xfonts-cyrillic.
2026-10-06T01:46:02.9134463Z Preparing to unpack .../7-xfonts-cyrillic_1%3a1.0.5_all.deb ...
2026-10-06T01:46:02.9142227Z Unpacking xfonts-cyrillic (1:1.0.5) ...
2026-10-06T01:46:02.9670061Z Selecting previously unselected package xfonts-scalable.
2026-10-06T01:46:02.9885579Z Preparing to unpack .../8-xfonts-scalable_1%3a1.0.3-1.2ubuntu1_all.deb ...
2026-10-06T01:46:02.9893390Z Unpacking xfonts-scalable (1:1.0.3-1.2ubuntu1) ...
2026-10-06T01:46:03.0458721Z Setting up fonts-wqy-zenhei (0.9.45-8) ...
2026-10-06T01:46:03.0592967Z Setting up fonts-freefont-ttf (20120503-10build1) ...
2026-10-06T01:46:03.0609273Z Setting up fonts-tlwg-loma-otf (1:0.7.3-1) ...
2026-10-06T01:46:03.0627056Z Setting up xfonts-encodings (1:1.0.5-0ubuntu2) ...
2026-10-06T01:46:03.0649016Z Setting up fonts-ipafont-gothic (00303-21ubuntu1) ...
2026-10-06T01:46:03.0741846Z update-alternatives: using /usr/share/fonts/opentype/ipafont-gothic/ipag.ttf to provide /usr/share/fonts/truetype/fonts-japanese-gothic.ttf (fonts-japanese-gothic.ttf) in auto mode
2026-10-06T01:46:03.0764388Z Setting up fonts-unifont (1:14.0.01-1) ...
2026-10-06T01:46:03.0783499Z Setting up xfonts-utils (1:7.7+6build2) ...
2026-10-06T01:46:03.0923388Z Setting up xfonts-cyrillic (1:1.0.5) ...
2026-10-06T01:46:03.1435109Z Setting up xfonts-scalable (1:1.0.3-1.2ubuntu1) ...
2026-10-06T01:46:03.1758005Z Processing triggers for man-db (2.10.2-1) ...
2026-10-06T01:46:03.1785387Z Not building database; man-db/auto-update is not 'true'.
2026-10-06T01:46:03.1798566Z Processing triggers for fontconfig (2.13.1-4.2ubuntu5) ...
2026-10-06T01:46:03.8949687Z 
2026-10-06T01:46:03.8950492Z Running kernel seems to be up-to-date.
2026-10-06T01:46:03.8950894Z 
2026-10-06T01:46:03.8951145Z No services need to be restarted.
2026-10-06T01:46:03.8951634Z 
2026-10-06T01:46:03.8951943Z No containers need to be restarted.
2026-10-06T01:46:03.8952217Z 
2026-10-06T01:46:03.8962599Z No user sessions are running outdated binaries.
2026-10-06T01:46:03.8963073Z 
2026-10-06T01:46:03.8963688Z No VM guests are running outdated hypervisor (qemu) binaries on this host.
2026-10-06T01:46:05.3720723Z Downloading Chrome for Testing 153.0.8010.12 (playwright chromium v1243) from https://cdn.playwright.dev/builds/cft/153.0.8010.12/linux64/chrome-linux64.zip
2026-10-06T01:46:06.8450374Z |                                                                                |   0% of 186.8 MiB
2026-10-06T01:46:07.0209061Z |■■■■■■■■                                                                        |  10% of 186.8 MiB
2026-10-06T01:46:07.1252626Z |■■■■■■■■■■■■■■■■                                                                |  20% of 186.8 MiB
2026-10-06T01:46:07.2329331Z |■■■■■■■■■■■■■■■■■■■■■■■■                                                        |  30% of 186.8 MiB
2026-10-06T01:46:07.3219646Z |■■■■■■■■■■■■■■■■■■■■■■■■■■■■■■■■                                                |  40% of 186.8 MiB
2026-10-06T01:46:07.4135569Z |■■■■■■■■■■■■■■■■■■■■■■■■■■■■■■■■■■■■■■■■                                        |  50% of 186.8 MiB
2026-10-06T01:46:07.4764558Z |■■■■■■■■■■■■■■■■■■■■■■■■■■■■■■■■■■■■■■■■■■■■■■■■                                |  60% of 186.8 MiB
2026-10-06T01:46:07.5590257Z |■■■■■■■■■■■■■■■■■■■■■■■■■■■■■■■■■■■■■■■■■■■■■■■■■■■■■■■■                        |  70% of 186.8 MiB
2026-10-06T01:46:07.6588830Z |■■■■■■■■■■■■■■■■■■■■■■■■■■■■■■■■■■■■■■■■■■■■■■■■■■■■■■■■■■■■■■■■                |  80% of 186.8 MiB
2026-10-06T01:46:07.7316844Z |■■■■■■■■■■■■■■■■■■■■■■■■■■■■■■■■■■■■■■■■■■■■■■■■■■■■■■■■■■■■■■■■■■■■■■■■        |  90% of 186.8 MiB
2026-10-06T01:46:07.8111121Z |■■■■■■■■■■■■■■■■■■■■■■■■■■■■■■■■■■■■■■■■■■■■■■■■■■■■■■■■■■■■■■■■■■■■■■■■■■■■■■■■| 100% of 186.8 MiB
2026-10-06T01:46:10.8367975Z Chrome for Testing 153.0.8010.12 (playwright chromium v1243) downloaded to /home/runner/.cache/ms-playwright/chromium-1243
2026-10-06T01:46:10.8373186Z Downloading FFmpeg (playwright ffmpeg v1011) from https://cdn.playwright.dev/dbazure/download/playwright/builds/ffmpeg/1011/ffmpeg-linux.zip
2026-10-06T01:46:11.2316236Z |                                                                                |   0% of 2.3 MiB
2026-10-06T01:46:11.2516232Z |■■■■■■■■                                                                        |  10% of 2.3 MiB
2026-10-06T01:46:11.2602314Z |■■■■■■■■■■■■■■■■                                                                |  20% of 2.3 MiB
2026-10-06T01:46:11.2664427Z |■■■■■■■■■■■■■■■■■■■■■■■■                                                        |  30% of 2.3 MiB
2026-10-06T01:46:11.2700463Z |■■■■■■■■■■■■■■■■■■■■■■■■■■■■■■■■                                                |  40% of 2.3 MiB
2026-10-06T01:46:11.2723496Z |■■■■■■■■■■■■■■■■■■■■■■■■■■■■■■■■■■■■■■■■                                        |  50% of 2.3 MiB
2026-10-06T01:46:11.2758083Z |■■■■■■■■■■■■■■■■■■■■■■■■■■■■■■■■■■■■■■■■■■■■■■■■                                |  60% of 2.3 MiB
2026-10-06T01:46:11.2770040Z |■■■■■■■■■■■■■■■■■■■■■■■■■■■■■■■■■■■■■■■■■■■■■■■■■■■■■■■■                        |  70% of 2.3 MiB
2026-10-06T01:46:11.2796809Z |■■■■■■■■■■■■■■■■■■■■■■■■■■■■■■■■■■■■■■■■■■■■■■■■■■■■■■■■■■■■■■■■                |  80% of 2.3 MiB
2026-10-06T01:46:11.2808661Z |■■■■■■■■■■■■■■■■■■■■■■■■■■■■■■■■■■■■■■■■■■■■■■■■■■■■■■■■■■■■■■■■■■■■■■■■        |  90% of 2.3 MiB
2026-10-06T01:46:11.2820986Z |■■■■■■■■■■■■■■■■■■■■■■■■■■■■■■■■■■■■■■■■■■■■■■■■■■■■■■■■■■■■■■■■■■■■■■■■■■■■■■■■| 100% of 2.3 MiB
2026-10-06T01:46:11.3430618Z FFmpeg (playwright ffmpeg v1011) downloaded to /home/runner/.cache/ms-playwright/ffmpeg-1011
2026-10-06T01:46:11.3434518Z Downloading Chrome Headless Shell 153.0.8010.12 (playwright chromium-headless-shell v1243) from https://cdn.playwright.dev/builds/cft/153.0.8010.12/linux64/chrome-headless-shell-linux64.zip
2026-10-06T01:46:11.7743847Z |                                                                                |   0% of 114.3 MiB
2026-10-06T01:46:11.8878527Z |■■■■■■■■                                                                        |  10% of 114.3 MiB
2026-10-06T01:46:11.9602598Z |■■■■■■■■■■■■■■■■                                                                |  20% of 114.3 MiB
2026-10-06T01:46:12.0222611Z |■■■■■■■■■■■■■■■■■■■■■■■■                                                        |  30% of 114.3 MiB
2026-10-06T01:46:12.0898926Z |■■■■■■■■■■■■■■■■■■■■■■■■■■■■■■■■                                                |  40% of 114.3 MiB
2026-10-06T01:46:12.1513837Z |■■■■■■■■■■■■■■■■■■■■■■■■■■■■■■■■■■■■■■■■                                        |  50% of 114.3 MiB
2026-10-06T01:46:12.1883251Z |■■■■■■■■■■■■■■■■■■■■■■■■■■■■■■■■■■■■■■■■■■■■■■■■                                |  60% of 114.3 MiB
2026-10-06T01:46:12.2606491Z |■■■■■■■■■■■■■■■■■■■■■■■■■■■■■■■■■■■■■■■■■■■■■■■■■■■■■■■■                        |  70% of 114.3 MiB
2026-10-06T01:46:12.3016588Z |■■■■■■■■■■■■■■■■■■■■■■■■■■■■■■■■■■■■■■■■■■■■■■■■■■■■■■■■■■■■■■■■                |  80% of 114.3 MiB
2026-10-06T01:46:12.3462346Z |■■■■■■■■■■■■■■■■■■■■■■■■■■■■■■■■■■■■■■■■■■■■■■■■■■■■■■■■■■■■■■■■■■■■■■■■        |  90% of 114.3 MiB
2026-10-06T01:46:12.4349046Z |■■■■■■■■■■■■■■■■■■■■■■■■■■■■■■■■■■■■■■■■■■■■■■■■■■■■■■■■■■■■■■■■■■■■■■■■■■■■■■■■| 100% of 114.3 MiB
2026-10-06T01:46:14.6595966Z Chrome Headless Shell 153.0.8010.12 (playwright chromium-headless-shell v1243) downloaded to /home/runner/.cache/ms-playwright/chromium_headless_shell-1243
2026-10-06T01:46:14.6873814Z ##[group]Run pnpm test:media-admin-editor:browser --reporter=default --reporter=json --outputFile=media-source-results.json
2026-10-06T01:46:14.6874938Z [36;1mpnpm test:media-admin-editor:browser --reporter=default --reporter=json --outputFile=media-source-results.json[0m
2026-10-06T01:46:14.6950135Z shell: /usr/bin/bash -e {0}
2026-10-06T01:46:14.6950397Z env:
2026-10-06T01:46:14.6950660Z   PNPM_HOME: /home/runner/setup-pnpm/node_modules/.bin
2026-10-06T01:46:14.6951013Z   MEDIA_SOURCE_GROUP: settings
2026-10-06T01:46:14.6951265Z   DEBUG: pw:browser
2026-10-06T01:46:14.6951629Z ##[endgroup]
2026-10-06T01:46:14.7247045Z $ node scripts/check-media-admin-editor-source.mjs && vitest run --config vitest.media-admin-editor-browser.config.ts --reporter=default --reporter=json --outputFile=media-source-results.json
2026-10-06T01:46:15.0212162Z {"immutableFiles":44,"wholeTestFiles":42,"runtimeWholeTestFiles":3,"declarations":497,"expectationExpressions":2015,"pinnedApiBodies":2,"productTestsRun":0}
2026-10-06T01:46:15.9308368Z 
2026-10-06T01:46:15.9312917Z [1m[30m[46m RUN [49m[39m[22m [36mv4.1.10 [39m[90m/home/runner/work/cms/cms[39m
2026-10-06T01:46:15.9313563Z 
2026-10-06T01:46:16.9442561Z 2026-10-06T01:46:16.942Z pw:browser <launching> /home/runner/.cache/ms-playwright/chromium_headless_shell-1243/chrome-headless-shell-linux64/chrome-headless-shell --disable-field-trial-config --disable-background-networking --disable-background-timer-throttling --disable-backgrounding-occluded-windows --disable-back-forward-cache --disable-breakpad --disable-client-side-phishing-detection --disable-component-extensions-with-background-pages --disable-component-update --no-default-browser-check --disable-default-apps --disable-dev-shm-usage --disable-edgeupdater --disable-extensions --disable-features=AvoidUnnecessaryBeforeUnloadCheckSync,DestroyProfileOnBrowserClose,DialMediaRouteProvider,GlobalMediaControls,HttpsUpgrades,LensOverlay,MediaRouter,PaintHolding,ThirdPartyStoragePartitioning,BlockOriginHeaderModificationOnRedirect,Translate,AutoDeElevate,OptimizationHints,msForceBrowserSignIn,msEdgeUpdateLaunchServicesPreferredVersion --enable-features=CDPScreenshotNewSurface --allow-pre-commit-input --disable-hang-monitor --disable-ipc-flooding-protection --disable-popup-blocking --disable-prompt-on-repost --disable-renderer-backgrounding --disable-updater-scheduler --force-color-profile=srgb --metrics-recording-only --no-first-run --password-store=basic --use-mock-keychain --no-service-autorun --export-tagged-pdf --disable-search-engine-choice-screen --unsafely-disable-devtools-self-xss-warnings --edge-skip-compat-layer-relaunch --disable-infobars --disable-search-engine-choice-screen --disable-sync --enable-unsafe-swiftshader --headless --hide-scrollbars --mute-audio --blink-settings=primaryHoverType=2,availableHoverTypes=2,primaryPointerType=4,availablePointerTypes=4 --user-data-dir=/tmp/playwright_chromiumdev_profile-9aGAaV --remote-debugging-pipe --no-startup-window
2026-10-06T01:46:16.9517744Z 2026-10-06T01:46:16.951Z pw:browser <launched> pid=2989
2026-10-06T01:46:17.1704071Z [2m1:46:17 AM[22m [36m[1m[vite][22m[39m [90m[2m(client)[22m[39m [optimizer] bundling dependencies...
2026-10-06T01:46:17.6270459Z 2026-10-06T01:46:17.625Z pw:browser [pid=2989][err] [1006/014617.624925:ERROR:dbus/bus.cc:405] Failed to connect to the bus: Could not parse server address: Unknown address type (examples of valid types are "tcp" and on UNIX "unix")
2026-10-06T01:46:17.6310232Z 2026-10-06T01:46:17.630Z pw:browser [pid=2989][err] Unable to revert mtime: /usr/share/fonts
2026-10-06T01:46:17.6341350Z 2026-10-06T01:46:17.632Z pw:browser [pid=2989][err] Unable to revert mtime: /usr/share/fonts/truetype
2026-10-06T01:46:17.6563265Z 2026-10-06T01:46:17.655Z pw:browser [pid=2989][err] Unable to revert mtime: /usr/share/fonts/truetype/dejavu
2026-10-06T01:46:17.6904140Z 2026-10-06T01:46:17.689Z pw:browser [pid=2989][err] [1006/014617.688827:WARNING:media/gpu/vaapi/vaapi_wrapper.cc:1660] drmGetDevices2() has not found any devices
2026-10-06T01:46:17.6914061Z 2026-10-06T01:46:17.690Z pw:browser [pid=2989][err] [1006/014617.690544:WARNING:sandbox/policy/linux/sandbox_linux.cc:405] InitializeSandbox() called with multiple threads in process gpu-process.
2026-10-06T01:46:18.5157596Z 2026-10-06T01:46:18.515Z pw:browser [pid=2989][err] Unable to revert mtime: /usr/share/fonts/truetype/lato
2026-10-06T01:46:19.3252018Z 2026-10-06T01:46:19.324Z pw:browser [pid=2989][err] Unable to revert mtime: /usr/share/fonts/truetype/liberation
2026-10-06T01:46:19.6915099Z 2026-10-06T01:46:19.691Z pw:browser [pid=2989][err] Unable to revert mtime: /usr/share/fonts/truetype/noto
2026-10-06T01:46:20.0394159Z 2026-10-06T01:46:20.039Z pw:browser [pid=2989][err] [1006/014620.038781:ERROR:dbus/object_proxy.cc:572] Failed to call method: org.freedesktop.DBus.NameHasOwner: object_path= /org/freedesktop/DBus: unknown error type: 
2026-10-06T01:46:20.0414590Z 2026-10-06T01:46:20.040Z pw:browser [pid=2989][err] [1006/014620.040375:ERROR:dbus/bus.cc:405] Failed to connect to the bus: Could not parse server address: Unknown address type (examples of valid types are "tcp" and on UNIX "unix")
2026-10-06T01:46:20.0463160Z 2026-10-06T01:46:20.043Z pw:browser [pid=2989][err] [1006/014620.042997:ERROR:dbus/object_proxy.cc:572] Failed to call method: org.freedesktop.DBus.NameHasOwner: object_path= /org/freedesktop/DBus: unknown error type: 
2026-10-06T01:46:20.5860841Z 2026-10-06T01:46:20.585Z pw:browser [pid=2989][err] [1006/014620.585733:INFO:CONSOLE:934] "[vite] connecting...", source: http://localhost:63315/@vite/client (934)
2026-10-06T01:46:20.5962846Z 2026-10-06T01:46:20.596Z pw:browser [pid=2989][err] [1006/014620.594437:INFO:CONSOLE:1045] "[vite] connected.", source: http://localhost:63315/@vite/client (1045)
2026-10-06T01:46:20.6540626Z 2026-10-06T01:46:20.653Z pw:browser [pid=2989][err] [1006/014620.650507:INFO:CONSOLE:934] "[vite] connecting...", source: http://localhost:63315/@vite/client (934)
2026-10-06T01:46:20.6715951Z 2026-10-06T01:46:20.671Z pw:browser [pid=2989][err] [1006/014620.660849:INFO:CONSOLE:1045] "[vite] connected.", source: http://localhost:63315/@vite/client (1045)
2026-10-06T01:46:21.1001087Z [2m1:46:21 AM[22m [31m[1m[vite][22m[39m [31mInternal server error: Failed to resolve import "../../../src/components/settings/MediaUsageSettings.js" from "parity/emdash/media-admin-editor/source/packages/admin/tests/components/settings/MediaUsageSettings.test.tsx". Does the file exist?[39m
2026-10-06T01:46:21.1003886Z   Plugin: [35mvite:import-analysis[39m
2026-10-06T01:46:21.1006422Z   File: [36m/home/runner/work/cms/cms/parity/emdash/media-admin-editor/source/packages/admin/tests/components/settings/MediaUsageSettings.test.tsx[39m:44:14
2026-10-06T01:46:21.1007994Z [33m  40 |  
2026-10-06T01:46:21.1009194Z   41 |  const { MEDIA_USAGE_ACTIVATION_QUERY_KEY, MEDIA_USAGE_PROGRESS_QUERY_KEY, MediaUsageActivationRequestError } = await ...
2026-10-06T01:46:21.1011013Z   42 |  ..."__vitest_browser_runner__"].wrapDynamicImport(() => import("../../../src/components/settings/MediaUsageSettings.js")
2026-10-06T01:46:21.1012632Z      |                                                                 ^
2026-10-06T01:46:21.1014562Z   43 |  const DRAIN_ACKNOWLEDGEMENT = "I’ve completed these steps and understand tracking can’t be turned off.";
2026-10-06T01:46:21.1016640Z   44 |  function status(state, options = {}) {[39m
2026-10-06T01:46:21.1018529Z       at TransformPluginContext._formatLog (file:///home/runner/work/cms/cms/node_modules/.pnpm/vite@8.3.2_@types+node@24.19.0_esbuild@0.28.1_jiti@2.7.0/node_modules/vite/dist/node/chunks/node.js:8766:39)
2026-10-06T01:46:21.1021301Z       at TransformPluginContext.error (file:///home/runner/work/cms/cms/node_modules/.pnpm/vite@8.3.2_@types+node@24.19.0_esbuild@0.28.1_jiti@2.7.0/node_modules/vite/dist/node/chunks/node.js:8763:14)
2026-10-06T01:46:21.1024642Z       at normalizeUrl (file:///home/runner/work/cms/cms/node_modules/.pnpm/vite@8.3.2_@types+node@24.19.0_esbuild@0.28.1_jiti@2.7.0/node_modules/vite/dist/node/chunks/node.js:26423:18)
2026-10-06T01:46:21.1027037Z       at file:///home/runner/work/cms/cms/node_modules/.pnpm/vite@8.3.2_@types+node@24.19.0_esbuild@0.28.1_jiti@2.7.0/node_modules/vite/dist/node/chunks/node.js:26493:30
2026-10-06T01:46:21.1028483Z       at async Promise.all (index 8)
2026-10-06T01:46:21.1030163Z       at TransformPluginContext.transform (file:///home/runner/work/cms/cms/node_modules/.pnpm/vite@8.3.2_@types+node@24.19.0_esbuild@0.28.1_jiti@2.7.0/node_modules/vite/dist/node/chunks/node.js:26459:4)
2026-10-06T01:46:21.1033152Z       at EnvironmentPluginContainer.transform (file:///home/runner/work/cms/cms/node_modules/.pnpm/vite@8.3.2_@types+node@24.19.0_esbuild@0.28.1_jiti@2.7.0/node_modules/vite/dist/node/chunks/node.js:8545:14)
2026-10-06T01:46:21.1036076Z       at loadAndTransform (file:///home/runner/work/cms/cms/node_modules/.pnpm/vite@8.3.2_@types+node@24.19.0_esbuild@0.28.1_jiti@2.7.0/node_modules/vite/dist/node/chunks/node.js:19988:26)
2026-10-06T01:46:21.1327548Z  [31m❯[39m [30m[43m chromium [49m[39m parity/emdash/media-admin-editor/source/packages/admin/tests/components/settings/MediaUsageSettings.test.tsx [2m([22m[2m0 test[22m[2m)[22m
2026-10-06T01:46:21.1349767Z 
2026-10-06T01:46:21.1350762Z [31m⎯⎯⎯⎯⎯⎯[39m[1m[41m Failed Suites 1 [49m[22m[31m⎯⎯⎯⎯⎯⎯⎯[39m
2026-10-06T01:46:21.1351279Z 
2026-10-06T01:46:21.1356259Z [41m[1m FAIL [22m[49m [30m[43m chromium [49m[39m parity/emdash/media-admin-editor/source/packages/admin/tests/components/settings/MediaUsageSettings.test.tsx[2m [ parity/emdash/media-admin-editor/source/packages/admin/tests/components/settings/MediaUsageSettings.test.tsx ][22m
2026-10-06T01:46:21.1360439Z [31m[1mError[22m: Failed to import test file /home/runner/work/cms/cms/parity/emdash/media-admin-editor/source/packages/admin/tests/components/settings/MediaUsageSettings.test.tsx[39m
2026-10-06T01:46:21.1365432Z [31m[1mCaused by: TypeError[22m: Failed to fetch dynamically imported module: http://localhost:63315/home/runner/work/cms/cms/parity/emdash/media-admin-editor/source/packages/admin/tests/components/settings/MediaUsageSettings.test.tsx?import&browserv=1791251181063[39m
2026-10-06T01:46:21.1367853Z [31m[2m⎯⎯⎯⎯⎯⎯⎯⎯⎯⎯⎯⎯⎯⎯⎯⎯⎯⎯⎯⎯⎯⎯⎯⎯[1/1]⎯[22m[39m
2026-10-06T01:46:21.1368241Z 
2026-10-06T01:46:21.1368670Z 
2026-10-06T01:46:21.1374343Z [2m Test Files [22m [1m[31m1 failed[39m[22m[90m (1)[39m
2026-10-06T01:46:21.1375255Z [2m      Tests [22m [2mno tests[22m
2026-10-06T01:46:21.1376022Z [2m   Start at [22m 01:46:15
2026-10-06T01:46:21.1377229Z [2m   Duration [22m 5.20s[2m (transform 0ms, setup 177ms, import 0ms, tests 0ms, environment 0ms)[22m
2026-10-06T01:46:21.1379006Z 
2026-10-06T01:46:21.1388735Z JSON report written to /home/runner/work/cms/cms/media-source-results.json
2026-10-06T01:46:21.1473301Z 2026-10-06T01:46:21.145Z pw:browser [pid=2989][err] [1006/014621.142275:INFO:CONSOLE:1080] "[vite] server connection lost. Polling for restart...", source: http://localhost:63315/@vite/client (1080)
2026-10-06T01:46:21.1476314Z 2026-10-06T01:46:21.145Z pw:browser [pid=2989][err] [1006/014621.144900:INFO:CONSOLE:1211] "[vite] server connection lost. Polling for restart...", source: http://localhost:63315/__vitest_browser__/tester-BJtsJFpD.js (1211)
2026-10-06T01:46:21.1632987Z 2026-10-06T01:46:21.163Z pw:browser [pid=2989] <gracefully close start>
2026-10-06T01:46:21.1811824Z 2026-10-06T01:46:21.180Z pw:browser [pid=2989] <process did exit: exitCode=0, signal=null>
2026-10-06T01:46:21.1813147Z 2026-10-06T01:46:21.181Z pw:browser [pid=2989] starting temporary directories cleanup
2026-10-06T01:46:21.1851307Z 2026-10-06T01:46:21.184Z pw:browser [pid=2989] finished temporary directories cleanup
2026-10-06T01:46:21.1852335Z 2026-10-06T01:46:21.185Z pw:browser [pid=2989] <gracefully close end>
2026-10-06T01:46:21.2490180Z [ELIFECYCLE] Command failed with exit code 1.
2026-10-06T01:46:21.2523066Z ##[error]Process completed with exit code 1.
2026-10-06T01:46:21.2614381Z ##[group]Run actions/upload-artifact@v4
2026-10-06T01:46:21.2614694Z with:
2026-10-06T01:46:21.2614898Z   name: media-source-settings
2026-10-06T01:46:21.2615168Z   path: media-source-results.json
2026-10-06T01:46:21.2615424Z   retention-days: 14
2026-10-06T01:46:21.2615640Z   if-no-files-found: warn
2026-10-06T01:46:21.2615864Z   compression-level: 6
2026-10-06T01:46:21.2616080Z   overwrite: false
2026-10-06T01:46:21.2616290Z   include-hidden-files: false
2026-10-06T01:46:21.2616516Z env:
2026-10-06T01:46:21.2616764Z   PNPM_HOME: /home/runner/setup-pnpm/node_modules/.bin
2026-10-06T01:46:21.2617082Z ##[endgroup]
2026-10-06T01:46:21.4459337Z (node:3056) [DEP0040] DeprecationWarning: The `punycode` module is deprecated. Please use a userland alternative instead.
2026-10-06T01:46:21.4460838Z (Use `node --trace-deprecation ...` to show where the warning was created)
2026-10-06T01:46:21.4512165Z With the provided path, there will be 1 file uploaded
2026-10-06T01:46:21.4519568Z Artifact name is valid!
2026-10-06T01:46:21.4520113Z Root directory input is valid!
2026-10-06T01:46:21.7711151Z Beginning upload of artifact content to blob storage
2026-10-06T01:46:21.7906551Z (node:3056) [DEP0169] DeprecationWarning: `url.parse()` behavior is not standardized and prone to errors that have security implications. Use the WHATWG URL API instead. CVEs are not issued for `url.parse()` vulnerabilities.
2026-10-06T01:46:22.0119142Z Uploaded bytes 521
2026-10-06T01:46:22.0760056Z Finished uploading artifact content to blob storage!
2026-10-06T01:46:22.0761897Z SHA256 digest of uploaded artifact zip is a336e4bae05313c190a60c17e8b6430b90c96be73aeb19f905962a775a7ef505
2026-10-06T01:46:22.0762659Z Finalizing artifact upload
2026-10-06T01:46:22.3146716Z Artifact media-source-settings.zip successfully finalized. Artifact ID 11385222047
2026-10-06T01:46:22.3148078Z Artifact media-source-settings has been successfully uploaded! Final size is 521 bytes. Artifact ID is 11385222047
2026-10-06T01:46:22.3154991Z Artifact download URL: https://github.com/sveltery/cms/actions/runs/37396334940/artifacts/11385222047
2026-10-06T01:46:22.3346725Z Post job cleanup.
2026-10-06T01:46:22.4940498Z Pruning is unnecessary.
2026-10-06T01:46:22.5079099Z Post job cleanup.
2026-10-06T01:46:22.6152662Z [command]/usr/bin/git version
2026-10-06T01:46:22.6194917Z git version 2.55.0
2026-10-06T01:46:22.6239596Z Temporarily overriding HOME='/home/runner/work/_temp/645171aa-7858-4fd2-90d9-9b9adb63b14d' before making global git config changes
2026-10-06T01:46:22.6242302Z Adding repository directory to the temporary git global config as a safe directory
2026-10-06T01:46:22.6246063Z [command]/usr/bin/git config --global --add safe.directory /home/runner/work/cms/cms
2026-10-06T01:46:22.6295746Z [command]/usr/bin/git config --local --name-only --get-regexp core\.sshCommand
2026-10-06T01:46:22.6338961Z [command]/usr/bin/git submodule foreach --recursive sh -c "git config --local --name-only --get-regexp 'core\.sshCommand' && git config --local --unset-all 'core.sshCommand' || :"
2026-10-06T01:46:22.6652088Z [command]/usr/bin/git config --local --name-only --get-regexp http\.https\:\/\/github\.com\/\.extraheader
2026-10-06T01:46:22.6682502Z http.https://github.com/.extraheader
2026-10-06T01:46:22.6696463Z [command]/usr/bin/git config --local --unset-all http.https://github.com/.extraheader
2026-10-06T01:46:22.6751843Z [command]/usr/bin/git submodule foreach --recursive sh -c "git config --local --name-only --get-regexp 'http\.https\:\/\/github\.com\/\.extraheader' && git config --local --unset-all 'http.https://github.com/.extraheader' || :"
2026-10-06T01:46:22.7067622Z [command]/usr/bin/git config --local --name-only --get-regexp ^includeIf\.gitdir:
2026-10-06T01:46:22.7116611Z [command]/usr/bin/git submodule foreach --recursive git config --local --show-origin --name-only --get-regexp remote.origin.url
2026-10-06T01:46:22.7574823Z Cleaning up orphan processes
2026-10-06T01:46:22.7895893Z ##[warning]Node.js 20 is deprecated. The following actions target Node.js 20 but are being forced to run on Node.js 24: actions/checkout@v4, actions/setup-node@v4, actions/upload-artifact@v4, pnpm/action-setup@v4. For more information see: https://github.blog/changelog/2025-09-19-deprecation-of-node-20-on-github-actions-runners/
