Loading svelte-check in workspace: /workspace/cms-complete-media-detail-panel
Getting Svelte diagnostics...

/workspace/cms-complete-media-detail-panel/src/routes/media/+page.server.ts:4:29
Error: Cannot find module '$lib/server/media/schema' or its corresponding type declarations. 
import type {PageServerLoad} from './$types';
import {mediaDatabase} from '$lib/server/media/schema';
import {handleMediaList} from '$lib/server/media/source/api/handlers/media';

/workspace/cms-complete-media-detail-panel/src/routes/media/+page.server.ts:5:31
Error: Cannot find module '$lib/server/media/source/api/handlers/media' or its corresponding type declarations. 
import {mediaDatabase} from '$lib/server/media/schema';
import {handleMediaList} from '$lib/server/media/source/api/handlers/media';
export const load:PageServerLoad=async({locals})=>{

/workspace/cms-complete-media-detail-panel/src/routes/media/+page.server.ts:11:38
Error: Parameter 'item' implicitly has an 'any' type. 
 if(!result.success)error(503,'Media library is unavailable');
 return {items:result.data.items.map(item=>({...item,url:`/_emdash/api/media/file/${item.storageKey}`})),totalCount:result.data.totalCount??0,
  actorId:context.principal.id,permissions:context.principal.permissions};

/workspace/cms-complete-media-detail-panel/src/lib/media/MediaUsedIn.svelte:32:66
Error: Argument of type '{ initialPageParam: string | undefined; getNextPageParam: (page: MediaUsageDetailsResponse) => string | undefined; enabled: boolean; staleTime?: StaleTimeFunction<...> | undefined; ... 28 more ...; maxPages?: number | undefined; }' is not assignable to parameter of type 'InfiniteQueryObserverOptions<MediaUsageDetailsResponse, Error, InfiniteData<MediaUsageDetailsResponse, unknown>, readonly ["media-usage", string], string | undefined>'.
  Types of property 'queryFn' are incompatible.
    Type 'unique symbol | QueryFunction<MediaUsageDetailsResponse, readonly ["media-usage", string], never> | undefined' is not assignable to type 'unique symbol | QueryFunction<MediaUsageDetailsResponse, readonly ["media-usage", string], string | undefined> | undefined'.
      Type 'QueryFunction<MediaUsageDetailsResponse, readonly ["media-usage", string], never>' is not assignable to type 'unique symbol | QueryFunction<MediaUsageDetailsResponse, readonly ["media-usage", string], string | undefined> | undefined'.
        Type 'QueryFunction<MediaUsageDetailsResponse, readonly ["media-usage", string], never>' is not assignable to type 'QueryFunction<MediaUsageDetailsResponse, readonly ["media-usage", string], string | undefined>'.
          Type 'string | undefined' is not assignable to type 'never'.
            Type 'undefined' is not assignable to type 'never'. (ts)
 });
 $effect(()=>{const enabled=open;if(observer)observer.setOptions({...observer.options,initialPageParam:undefined as string|undefined,getNextPageParam:page=>page.nextCursor,enabled});if(manifestObserver)manifestObserver.setOptions({...manifestObserver.options,enabled});});
 const pages=$derived(usage?.data?.pages??[]),entries=$derived(pages.flatMap(page=>page.items)),settings=$derived(pages[0]?.siteSettings??[]);

/workspace/cms-complete-media-detail-panel/tests/media-startup.test.ts:9:30
Error: Cannot find module '../src/lib/server/media/schema.ts' or its corresponding type declarations. 
import {CMS_MIGRATIONS,migrateCms} from '../src/lib/server/database/migrations.ts';
import {mediaMigration} from '../src/lib/server/media/schema.ts';
import {normalizeMigrationSql} from '../src/lib/server/database/migration-provider.ts';

/workspace/cms-complete-media-detail-panel/tests/media-startup.test.ts:11:43
Error: Cannot find module './helpers/metadata-upgrade.ts' or its corresponding type declarations. 
import {normalizeMigrationSql} from '../src/lib/server/database/migration-provider.ts';
import {installPrefix,seed,snapshot} from './helpers/metadata-upgrade.ts';

/workspace/cms-complete-media-detail-panel/tests/media-startup.test.ts:60:61
Error: Expected 1 arguments, but got 2. 
    const provider=CMS_MIGRATIONS.find(provider=>provider.version===8)!;
    const prepared=await provider.prepare!(storage.database,7);
    await storage.database.atomicBatch([...prepared.preconditions,...prepared.statements,

/workspace/cms-complete-media-detail-panel/tests/media-startup.test.ts:61:53
Error: Property 'preconditions' does not exist on type 'PreparedCmsMigration'. 
    const prepared=await provider.prepare!(storage.database,7);
    await storage.database.atomicBatch([...prepared.preconditions,...prepared.statements,
     sql`INSERT INTO _cms_migrations(version) VALUES (8)`.compile(storage.database.db)]);

/workspace/cms-complete-media-detail-panel/tests/media-startup.test.ts:70:36
Error: Parameter 'value' implicitly has an 'any' type. 
    if(table.name==='_cms_migrations')continue;
    const actual=after.tables.find(value=>value.name===table.name);
    assert.ok(actual,table.name);

/workspace/cms-complete-media-detail-panel/tests/media-startup.test.ts:72:93
Error: Parameter 'row' implicitly has an 'any' type. 
    assert.ok(actual,table.name);
    assert.deepEqual(actual.rows,prefix===7&&table.name==='_cms_collections'?table.rows.map(row=>({...row,search_config:null})):table.rows,table.name);
   }

/workspace/cms-complete-media-detail-panel/tests/media-startup.test.ts:74:39
Error: Parameter 'table' implicitly has an 'any' type. 
   }
   assert.deepEqual(after.tables.find(table=>table.name==='media')?.rows,[]);
   assert.deepEqual(after.tables.find(table=>table.name==='media_folders')?.rows,[]);

/workspace/cms-complete-media-detail-panel/tests/media-startup.test.ts:75:39
Error: Parameter 'table' implicitly has an 'any' type. 
   assert.deepEqual(after.tables.find(table=>table.name==='media')?.rows,[]);
   assert.deepEqual(after.tables.find(table=>table.name==='media_folders')?.rows,[]);
   assert.deepEqual(after.tables.find(table=>table.name==='_cms_migrations')?.rows.map(row=>row.version),CMS_MIGRATIONS.map(provider=>provider.version));

/workspace/cms-complete-media-detail-panel/tests/media-startup.test.ts:76:39
Error: Parameter 'table' implicitly has an 'any' type. 
   assert.deepEqual(after.tables.find(table=>table.name==='media_folders')?.rows,[]);
   assert.deepEqual(after.tables.find(table=>table.name==='_cms_migrations')?.rows.map(row=>row.version),CMS_MIGRATIONS.map(provider=>provider.version));
  } finally {await storage.close();}

/workspace/cms-complete-media-detail-panel/tests/media-startup.test.ts:76:88
Error: Parameter 'row' implicitly has an 'any' type. 
   assert.deepEqual(after.tables.find(table=>table.name==='media_folders')?.rows,[]);
   assert.deepEqual(after.tables.find(table=>table.name==='_cms_migrations')?.rows.map(row=>row.version),CMS_MIGRATIONS.map(provider=>provider.version));
  } finally {await storage.close();}

/workspace/cms-complete-media-detail-panel/tests/helpers/media-authenticated-browser.ts:5:33
Error: Cannot find module './full-setup-browser' or its corresponding type declarations. 
import {addVirtualWebAuthnAuthenticator} from './virtual-authenticator';
import {completeFullSetup} from './full-setup-browser';
type MediaAdmin={page:Page;goToMedia:()=>Promise<unknown>;waitForLoading:()=>Promise<void>;expectPageTitle:(title:string)=>Promise<void>};

/workspace/cms-complete-media-detail-panel/tests/helpers/media-cache-worker.ts:3:35
Error: Cannot find module '../../src/lib/server/settings/tables.ts' or its corresponding type declarations. 
import type {Kysely} from 'kysely';
import type {SettingsTables} from '../../src/lib/server/settings/tables.ts';
import {siteCache} from '../../src/lib/server/settings/cache.ts';

/workspace/cms-complete-media-detail-panel/tests/helpers/media-cache-worker.ts:4:25
Error: Cannot find module '../../src/lib/server/settings/cache.ts' or its corresponding type declarations. 
import type {SettingsTables} from '../../src/lib/server/settings/tables.ts';
import {siteCache} from '../../src/lib/server/settings/cache.ts';
import {singleFlightCached} from '../../src/lib/server/settings/vendor/single-flight-cache.ts';

/workspace/cms-complete-media-detail-panel/tests/helpers/media-cache-worker.ts:5:34
Error: Cannot find module '../../src/lib/server/settings/vendor/single-flight-cache.ts' or its corresponding type declarations. 
import {siteCache} from '../../src/lib/server/settings/cache.ts';
import {singleFlightCached} from '../../src/lib/server/settings/vendor/single-flight-cache.ts';
import {invalidateMediaCache,mediaCacheRevision} from '../../src/lib/server/media/cache.ts';

/workspace/cms-complete-media-detail-panel/tests/helpers/media-cache-worker.ts:6:55
Error: Cannot find module '../../src/lib/server/media/cache.ts' or its corresponding type declarations. 
import {singleFlightCached} from '../../src/lib/server/settings/vendor/single-flight-cache.ts';
import {invalidateMediaCache,mediaCacheRevision} from '../../src/lib/server/media/cache.ts';
export default {async fetch(){

/workspace/cms-complete-media-detail-panel/tests/helpers/media-image-worker.ts:3:25
Error: Cannot find module '../../src/lib/server/media/r2.ts' or its corresponding type declarations. 
import type {R2Bucket,ImagesBinding} from '@cloudflare/workers-types';
import {R2Storage} from '../../src/lib/server/media/r2.ts';
import {createWorkerImageEndpoint} from '../../src/lib/server/media/image/worker-endpoint.ts';

/workspace/cms-complete-media-detail-panel/tests/helpers/media-image-worker.ts:4:41
Error: Cannot find module '../../src/lib/server/media/image/worker-endpoint.ts' or its corresponding type declarations. 
import {R2Storage} from '../../src/lib/server/media/r2.ts';
import {createWorkerImageEndpoint} from '../../src/lib/server/media/image/worker-endpoint.ts';
export default {fetch(request:Request,env:{BUCKET:R2Bucket;IMAGES?:ImagesBinding}){

/workspace/cms-complete-media-detail-panel/tests/helpers/media-source-database.ts:8:31
Error: Cannot find module '../../src/lib/server/media/schema.ts' or its corresponding type declarations. 
import { migrateCms } from '../../src/lib/server/database/migrations.ts';
import { mediaDatabase } from '../../src/lib/server/media/schema.ts';
import type { Database } from '../../src/lib/server/media/source/database/types.ts';

/workspace/cms-complete-media-detail-panel/tests/helpers/media-source-database.ts:9:31
Error: Cannot find module '../../src/lib/server/media/source/database/types.ts' or its corresponding type declarations. 
import { mediaDatabase } from '../../src/lib/server/media/schema.ts';
import type { Database } from '../../src/lib/server/media/source/database/types.ts';

/workspace/cms-complete-media-detail-panel/tests/helpers/media-source-registry.ts:2:29
Error: Cannot find module '../../src/lib/server/media/source/database/types.ts' or its corresponding type declarations. 
import type {Kysely} from 'kysely';
import type {Database} from '../../src/lib/server/media/source/database/types.ts';
import {SchemaRegistry as NativeRegistry} from '../../src/lib/server/database/registry.ts';

/workspace/cms-complete-media-detail-panel/tests/media-picker-native/picker-detail-api.integration.ts:10:38
Error: Expected 0-1 arguments, but got 2. 
for(const target of ['Node','D1'] as const)it(`${target}: detail operations retain edited metadata and create a distinct image copy`,async()=>{
 const h=await passkeyRuntime(target,{media:'local'}),browser=h.browser(),nativeFetch=globalThis.fetch;
 try{

/workspace/cms-complete-media-detail-panel/tests/media-picker-native/picker-real-api.integration.ts:9:38
Error: Expected 0-1 arguments, but got 2. 
it('retains actual signed user, deduplicated file metadata, folder and persisted API results',async()=>{
 const h=await passkeyRuntime('Node',{media:true}),browser=h.browser(),nativeFetch=globalThis.fetch;
 try{

/workspace/cms-complete-media-detail-panel/tests/media-storage-native/selection.test.ts:4:35
Error: Cannot find module '../../src/lib/server/media/storage.ts' or its corresponding type declarations. 
import type {RequestEvent} from '@sveltejs/kit';
import {requestMediaStorage} from '../../src/lib/server/media/storage.ts';
import {LocalStorage} from '../../src/lib/server/media/source/storage/local.ts';

/workspace/cms-complete-media-detail-panel/tests/media-storage-native/selection.test.ts:5:28
Error: Cannot find module '../../src/lib/server/media/source/storage/local.ts' or its corresponding type declarations. 
import {requestMediaStorage} from '../../src/lib/server/media/storage.ts';
import {LocalStorage} from '../../src/lib/server/media/source/storage/local.ts';
import {S3Storage} from '../../src/lib/server/media/source/storage/s3.ts';

/workspace/cms-complete-media-detail-panel/tests/media-storage-native/selection.test.ts:6:25
Error: Cannot find module '../../src/lib/server/media/source/storage/s3.ts' or its corresponding type declarations. 
import {LocalStorage} from '../../src/lib/server/media/source/storage/local.ts';
import {S3Storage} from '../../src/lib/server/media/source/storage/s3.ts';
import {env} from '../helpers/media-hosting-env.ts';

====================================
svelte-check found 29 errors and 0 warnings in 11 files
