2026-10-06T01:46:28.5389611Z Current runner version: '2.337.0'
2026-10-06T01:46:28.5411099Z ##[group]Runner Image Provisioner
2026-10-06T01:46:28.5412122Z Hosted Compute Agent
2026-10-06T01:46:28.5412718Z Version: 20260901.588
2026-10-06T01:46:28.5413364Z Commit: f88ec8081b781fac6c440065ac7ff9e710ce3d0b
2026-10-06T01:46:28.5414054Z Build Date: 2026-09-01T19:56:44Z
2026-10-06T01:46:28.5414733Z Worker ID: {ce7565fb-d5c9-4987-9e78-59eb3a0ebad4}
2026-10-06T01:46:28.5415477Z Azure Region: northcentralus
2026-10-06T01:46:28.5416049Z ##[endgroup]
2026-10-06T01:46:28.5417316Z ##[group]Operating System
2026-10-06T01:46:28.5417912Z Ubuntu
2026-10-06T01:46:28.5418416Z 22.04.5
2026-10-06T01:46:28.5418927Z LTS
2026-10-06T01:46:28.5419428Z ##[endgroup]
2026-10-06T01:46:28.5419966Z ##[group]Runner Image
2026-10-06T01:46:28.5420533Z Image: ubuntu-22.04
2026-10-06T01:46:28.5421053Z Version: 20260927.309.1
2026-10-06T01:46:28.5422697Z Included Software: https://github.com/actions/runner-images/blob/ubuntu22/20260927.309/images/ubuntu/Ubuntu2204-Readme.md
2026-10-06T01:46:28.5424157Z Image Release: https://github.com/actions/runner-images/releases/tag/ubuntu22%2F20260927.309
2026-10-06T01:46:28.5425068Z ##[endgroup]
2026-10-06T01:46:28.5426136Z ##[group]GITHUB_TOKEN Permissions
2026-10-06T01:46:28.5428086Z Contents: read
2026-10-06T01:46:28.5428674Z Metadata: read
2026-10-06T01:46:28.5429225Z ##[endgroup]
2026-10-06T01:46:28.5431070Z Secret source: Actions
2026-10-06T01:46:28.5432143Z Cache mode: write
2026-10-06T01:46:28.5432865Z Prepare workflow directory
2026-10-06T01:46:28.5768051Z Prepare all required actions
2026-10-06T01:46:28.5815046Z Getting action download info
2026-10-06T01:46:28.9118587Z Download action repository 'actions/checkout@v4' (SHA:11d5960a326750d5838078e36cf38b85af677262)
2026-10-06T01:46:29.0210434Z Download action repository 'pnpm/action-setup@v4' (SHA:b906affcce14559ad1aafd4ab0e942779e9f58b1)
2026-10-06T01:46:29.3711447Z Download action repository 'actions/setup-node@v4' (SHA:49933ea5288caeca8642d1e84afbd3f7d6820020)
2026-10-06T01:46:29.5144887Z Download action repository 'actions/upload-artifact@v4' (SHA:ea165f8d65b6e75b540449e92b4886f43607fa02)
2026-10-06T01:46:29.7976683Z Complete job name: media-admin-editor-source (gallery)
2026-10-06T01:46:29.8728930Z ##[group]Run actions/checkout@v4
2026-10-06T01:46:29.8730118Z with:
2026-10-06T01:46:29.8730905Z   repository: sveltery/cms
2026-10-06T01:46:29.8735643Z   token: ***
2026-10-06T01:46:29.8736472Z   ssh-strict: true
2026-10-06T01:46:29.8737223Z   ssh-user: git
2026-10-06T01:46:29.8737978Z   persist-credentials: true
2026-10-06T01:46:29.8738799Z   clean: true
2026-10-06T01:46:29.8739563Z   sparse-checkout-cone-mode: true
2026-10-06T01:46:29.8740421Z   fetch-depth: 1
2026-10-06T01:46:29.8741190Z   fetch-tags: false
2026-10-06T01:46:29.8742055Z   show-progress: true
2026-10-06T01:46:29.8742854Z   lfs: false
2026-10-06T01:46:29.8743582Z   submodules: false
2026-10-06T01:46:29.8744384Z   set-safe-directory: true
2026-10-06T01:46:29.8745201Z   allow-unsafe-pr-checkout: false
2026-10-06T01:46:29.8746297Z ##[endgroup]
2026-10-06T01:46:29.9732475Z Syncing repository: sveltery/cms
2026-10-06T01:46:29.9735970Z ##[group]Getting Git version info
2026-10-06T01:46:29.9737277Z Working directory is '/home/runner/work/cms/cms'
2026-10-06T01:46:29.9739152Z [command]/usr/bin/git version
2026-10-06T01:46:29.9843971Z git version 2.55.0
2026-10-06T01:46:29.9849436Z ##[endgroup]
2026-10-06T01:46:29.9858858Z Temporarily overriding HOME='/home/runner/work/_temp/8ff33c96-d491-4933-b49f-71bc05310d4e' before making global git config changes
2026-10-06T01:46:29.9862383Z Adding repository directory to the temporary git global config as a safe directory
2026-10-06T01:46:29.9867238Z [command]/usr/bin/git config --global --add safe.directory /home/runner/work/cms/cms
2026-10-06T01:46:29.9899933Z Deleting the contents of '/home/runner/work/cms/cms'
2026-10-06T01:46:29.9904289Z ##[group]Initializing the repository
2026-10-06T01:46:29.9907658Z [command]/usr/bin/git init /home/runner/work/cms/cms
2026-10-06T01:46:30.0075716Z hint: Using 'master' as the name for the initial branch. This default branch name
2026-10-06T01:46:30.0078061Z hint: will change to "main" in Git 3.0. To configure the initial branch name
2026-10-06T01:46:30.0079882Z hint: to use in all of your new repositories, which will suppress this warning,
2026-10-06T01:46:30.0081525Z hint: call:
2026-10-06T01:46:30.0082679Z hint:
2026-10-06T01:46:30.0083599Z hint: 	git config --global init.defaultBranch <name>
2026-10-06T01:46:30.0084529Z hint:
2026-10-06T01:46:30.0085402Z hint: Names commonly chosen instead of 'master' are 'main', 'trunk' and
2026-10-06T01:46:30.0086706Z hint: 'development'. The just-created branch can be renamed via this command:
2026-10-06T01:46:30.0087790Z hint:
2026-10-06T01:46:30.0088542Z hint: 	git branch -m <name>
2026-10-06T01:46:30.0089333Z hint:
2026-10-06T01:46:30.0090264Z hint: Disable this message with "git config set advice.defaultBranchName false"
2026-10-06T01:46:30.0091571Z Initialized empty Git repository in /home/runner/work/cms/cms/.git/
2026-10-06T01:46:30.0094287Z [command]/usr/bin/git remote add origin https://github.com/sveltery/cms
2026-10-06T01:46:30.0140253Z ##[endgroup]
2026-10-06T01:46:30.0143286Z ##[group]Disabling automatic garbage collection
2026-10-06T01:46:30.0145577Z [command]/usr/bin/git config --local gc.auto 0
2026-10-06T01:46:30.0184082Z ##[endgroup]
2026-10-06T01:46:30.0185263Z ##[group]Setting up auth
2026-10-06T01:46:30.0186398Z [command]/usr/bin/git config --local --name-only --get-regexp core\.sshCommand
2026-10-06T01:46:30.0218987Z [command]/usr/bin/git submodule foreach --recursive sh -c "git config --local --name-only --get-regexp 'core\.sshCommand' && git config --local --unset-all 'core.sshCommand' || :"
2026-10-06T01:46:30.0543214Z [command]/usr/bin/git config --local --name-only --get-regexp http\.https\:\/\/github\.com\/\.extraheader
2026-10-06T01:46:30.0576225Z [command]/usr/bin/git submodule foreach --recursive sh -c "git config --local --name-only --get-regexp 'http\.https\:\/\/github\.com\/\.extraheader' && git config --local --unset-all 'http.https://github.com/.extraheader' || :"
2026-10-06T01:46:30.0776820Z [command]/usr/bin/git config --local --name-only --get-regexp ^includeIf\.gitdir:
2026-10-06T01:46:30.0807430Z [command]/usr/bin/git submodule foreach --recursive git config --local --show-origin --name-only --get-regexp remote.origin.url
2026-10-06T01:46:30.0993498Z [command]/usr/bin/git config --local http.https://github.com/.extraheader AUTHORIZATION: basic ***
2026-10-06T01:46:30.1030601Z ##[endgroup]
2026-10-06T01:46:30.1032044Z ##[group]Fetching the repository
2026-10-06T01:46:30.1040375Z [command]/usr/bin/git -c protocol.version=2 fetch --no-tags --prune --no-recurse-submodules --depth=1 origin +75fd61ec31e6268944950117a7103a89c235dc9a:refs/remotes/pull/121/merge
2026-10-06T01:46:31.6863705Z From https://github.com/sveltery/cms
2026-10-06T01:46:31.6865801Z  * [new ref]         75fd61ec31e6268944950117a7103a89c235dc9a -> pull/121/merge
2026-10-06T01:46:31.6871302Z ##[endgroup]
2026-10-06T01:46:31.6873455Z ##[group]Determining the checkout info
2026-10-06T01:46:31.6875570Z ##[endgroup]
2026-10-06T01:46:31.6878569Z [command]/usr/bin/git sparse-checkout disable
2026-10-06T01:46:31.6925262Z [command]/usr/bin/git config --local --unset-all extensions.worktreeConfig
2026-10-06T01:46:31.6959809Z ##[group]Checking out the ref
2026-10-06T01:46:31.6962275Z [command]/usr/bin/git checkout --progress --force refs/remotes/pull/121/merge
2026-10-06T01:46:32.0826226Z Note: switching to 'refs/remotes/pull/121/merge'.
2026-10-06T01:46:32.0838600Z 
2026-10-06T01:46:32.0839283Z You are in 'detached HEAD' state. You can look around, make experimental
2026-10-06T01:46:32.0840083Z changes and commit them, and you can discard any commits you make in this
2026-10-06T01:46:32.0840785Z state without impacting any branches by switching back to a branch.
2026-10-06T01:46:32.0841193Z 
2026-10-06T01:46:32.0841512Z If you want to create a new branch to retain commits you create, you may
2026-10-06T01:46:32.0842322Z do so (now or later) by using -c with the switch command. Example:
2026-10-06T01:46:32.0843190Z 
2026-10-06T01:46:32.0843358Z   git switch -c <new-branch-name>
2026-10-06T01:46:32.0843616Z 
2026-10-06T01:46:32.0843781Z Or undo this operation with:
2026-10-06T01:46:32.0844010Z 
2026-10-06T01:46:32.0844145Z   git switch -
2026-10-06T01:46:32.0844352Z 
2026-10-06T01:46:32.0844762Z Turn off this advice by setting config variable advice.detachedHead to false
2026-10-06T01:46:32.0845194Z 
2026-10-06T01:46:32.0845516Z HEAD is now at 75fd61e Merge 563b3fb36a43265336e34c4610cd6e2306195a8a into d8989c402af17e329be09c0f17773fa33e36d7a9
2026-10-06T01:46:32.0846752Z ##[endgroup]
2026-10-06T01:46:32.0878663Z [command]/usr/bin/git log -1 --format=%H
2026-10-06T01:46:32.0900938Z 75fd61ec31e6268944950117a7103a89c235dc9a
2026-10-06T01:46:32.1124669Z ##[group]Run pnpm/action-setup@v4
2026-10-06T01:46:32.1124944Z with:
2026-10-06T01:46:32.1125161Z   version: 12.6.0
2026-10-06T01:46:32.1125385Z   dest: ~/setup-pnpm
2026-10-06T01:46:32.1125606Z   run_install: null
2026-10-06T01:46:32.1125828Z   cache: false
2026-10-06T01:46:32.1126055Z   cache_dependency_path: pnpm-lock.yaml
2026-10-06T01:46:32.1126370Z   package_json_file: package.json
2026-10-06T01:46:32.1126617Z   standalone: false
2026-10-06T01:46:32.1126828Z ##[endgroup]
2026-10-06T01:46:32.2492452Z ##[group]Running self-installer...
2026-10-06T01:46:32.6273939Z (node:2016) [DEP0169] DeprecationWarning: `url.parse()` behavior is not standardized and prone to errors that have security implications. Use the WHATWG URL API instead. CVEs are not issued for `url.parse()` vulnerabilities.
2026-10-06T01:46:32.6275124Z (Use `node --trace-deprecation ...` to show where the warning was created)
2026-10-06T01:46:32.7654130Z Progress: resolved 1, reused 0, downloaded 0, added 0
2026-10-06T01:46:32.9073124Z Packages: +3
2026-10-06T01:46:32.9073865Z +++
2026-10-06T01:46:33.5680609Z Progress: resolved 15, reused 0, downloaded 3, added 3, done
2026-10-06T01:46:33.5828506Z .../.pnpm/pnpm@12.6.0/node_modules/pnpm preinstall$ node install.js
2026-10-06T01:46:34.0911255Z .../.pnpm/pnpm@12.6.0/node_modules/pnpm preinstall: Done
2026-10-06T01:46:34.0917137Z .../.pnpm/pnpm@12.6.0/node_modules/pnpm postinstall$ node install.js
2026-10-06T01:46:34.1361285Z .../.pnpm/pnpm@12.6.0/node_modules/pnpm postinstall: Done
2026-10-06T01:46:35.6793727Z 
2026-10-06T01:46:35.6794273Z dependencies:
2026-10-06T01:46:35.6794656Z + pnpm 12.6.0 (12.9.1 is available)
2026-10-06T01:46:35.6794857Z 
2026-10-06T01:46:35.6821411Z Done in 3.2s
2026-10-06T01:46:35.7129530Z ##[endgroup]
2026-10-06T01:46:35.7130048Z Installation Completed!
2026-10-06T01:46:35.7302830Z ##[group]Run actions/setup-node@v4
2026-10-06T01:46:35.7303103Z with:
2026-10-06T01:46:35.7303305Z   node-version: 24
2026-10-06T01:46:35.7303513Z   cache: pnpm
2026-10-06T01:46:35.7303713Z   always-auth: false
2026-10-06T01:46:35.7303925Z   check-latest: false
2026-10-06T01:46:35.7305972Z   token: ***
2026-10-06T01:46:35.7306170Z env:
2026-10-06T01:46:35.7306421Z   PNPM_HOME: /home/runner/setup-pnpm/node_modules/.bin
2026-10-06T01:46:35.7306735Z ##[endgroup]
2026-10-06T01:46:35.8707117Z Found in cache @ /opt/hostedtoolcache/node/24.21.0/x64
2026-10-06T01:46:35.8711193Z (node:2047) [DEP0040] DeprecationWarning: The `punycode` module is deprecated. Please use a userland alternative instead.
2026-10-06T01:46:35.8712019Z (Use `node --trace-deprecation ...` to show where the warning was created)
2026-10-06T01:46:35.8714195Z ##[group]Environment details
2026-10-06T01:46:36.2868687Z node: v24.21.0
2026-10-06T01:46:36.2869101Z npm: 11.19.0
2026-10-06T01:46:36.2869354Z yarn: 1.22.22
2026-10-06T01:46:36.2870169Z ##[endgroup]
2026-10-06T01:46:36.2890447Z [command]/home/runner/setup-pnpm/node_modules/.bin/pnpm store path --silent
2026-10-06T01:46:36.3049377Z /home/runner/setup-pnpm/node_modules/.bin/store/v11
2026-10-06T01:46:36.4194754Z Cache hit for: node-cache-Linux-x64-pnpm-cb01908ec0d0a45d9eb29e44f56e05364983ff2ce958acc694c939d2835b5d56
2026-10-06T01:46:36.4294488Z (node:2047) [DEP0169] DeprecationWarning: `url.parse()` behavior is not standardized and prone to errors that have security implications. Use the WHATWG URL API instead. CVEs are not issued for `url.parse()` vulnerabilities.
2026-10-06T01:46:37.5508702Z Received 159383552 of 174062786 (91.6%), 152.0 MBs/sec
2026-10-06T01:46:37.6485177Z Received 174062786 of 174062786 (100.0%), 151.2 MBs/sec
2026-10-06T01:46:37.6486441Z Cache Size: ~166 MB (174062786 B)
2026-10-06T01:46:37.6513256Z [command]/usr/bin/tar -xf /home/runner/work/_temp/d5d52126-c310-498e-a587-ac89d0646608/cache.tzst -P -C /home/runner/work/cms/cms --use-compress-program unzstd
2026-10-06T01:46:39.0006410Z Cache restored successfully
2026-10-06T01:46:39.0243121Z Cache restored from key: node-cache-Linux-x64-pnpm-cb01908ec0d0a45d9eb29e44f56e05364983ff2ce958acc694c939d2835b5d56
2026-10-06T01:46:39.2740422Z ##[group]Run pnpm install --frozen-lockfile
2026-10-06T01:46:39.2741023Z [36;1mpnpm install --frozen-lockfile[0m
2026-10-06T01:46:39.3246623Z shell: /usr/bin/bash -e {0}
2026-10-06T01:46:39.3246936Z env:
2026-10-06T01:46:39.3247205Z   PNPM_HOME: /home/runner/setup-pnpm/node_modules/.bin
2026-10-06T01:46:39.3247511Z ##[endgroup]
2026-10-06T01:46:39.3772772Z ? Verifying lockfile against supply-chain policies (534 entries)...
2026-10-06T01:46:39.5301438Z Packages are hard linked from the content-addressable store to the virtual store.
2026-10-06T01:46:39.5302732Z   Content-addressable store is at: /home/runner/setup-pnpm/node_modules/.bin/store/v11
2026-10-06T01:46:39.5303455Z   Virtual store is at:             node_modules/.pnpm
2026-10-06T01:46:40.5837283Z Progress: resolved 352, reused 352, downloaded 0, added 345
2026-10-06T01:46:42.4883199Z ✓ Lockfile passes supply-chain policies (534 entries in 3.1s)
2026-10-06T01:46:42.4884172Z Lockfile is up to date, resolution step is skipped
2026-10-06T01:46:42.4952984Z Packages: +403
2026-10-06T01:46:42.4953721Z ++++++++++++++++++++++++++++++++++++++++++++++++++++++++++++++++++++++++++++++++
2026-10-06T01:46:42.5838672Z Progress: resolved 403, reused 403, downloaded 0, added 403, done
2026-10-06T01:46:42.6792118Z . prepare$ svelte-kit sync
2026-10-06T01:46:44.7194441Z . prepare: Done
2026-10-06T01:46:44.7201639Z 
2026-10-06T01:46:44.7203453Z dependencies:
2026-10-06T01:46:44.7212648Z + @oslojs/crypto 1.0.1
2026-10-06T01:46:44.7213354Z + @oslojs/encoding 1.1.0
2026-10-06T01:46:44.7213917Z + @oslojs/webauthn 1.0.0
2026-10-06T01:46:44.7214591Z + @wordpress/block-serialization-default-parser 5.38.0
2026-10-06T01:46:44.7215228Z + blurhash 2.0.5
2026-10-06T01:46:44.7215731Z + cn 0.2.2
2026-10-06T01:46:44.7216191Z + date-fns 4.1.0
2026-10-06T01:46:44.7216677Z + image-size 2.0.2
2026-10-06T01:46:44.7217117Z + jpeg-js 0.4.4
2026-10-06T01:46:44.7217561Z + jsonc-parser 3.3.1
2026-10-06T01:46:44.7221024Z + kysely 0.29.2
2026-10-06T01:46:44.7222574Z + mime 4.1.0
2026-10-06T01:46:44.7222913Z + parse5 7.3.0
2026-10-06T01:46:44.7223297Z + smol-toml 1.6.0
2026-10-06T01:46:44.7223588Z + ulidx 2.4.1
2026-10-06T01:46:44.7223866Z + upng-js 2.1.0
2026-10-06T01:46:44.7224177Z + valibot 1.5.0
2026-10-06T01:46:44.7224487Z + zod 4.5.4
2026-10-06T01:46:44.7224670Z 
2026-10-06T01:46:44.7224805Z devDependencies:
2026-10-06T01:46:44.7225172Z + @babel/core 7.29.7
2026-10-06T01:46:44.7225615Z + @cloudflare/kumo 2.6.0
2026-10-06T01:46:44.7226376Z + @cloudflare/workers-types 4.20260507.1
2026-10-06T01:46:44.7226866Z + @floating-ui/dom 1.8.0
2026-10-06T01:46:44.7227282Z + @lingui/babel-plugin-lingui-macro 5.9.5
2026-10-06T01:46:44.7227695Z + @lingui/conf 5.9.5
2026-10-06T01:46:44.7228009Z + @lingui/core 5.9.5
2026-10-06T01:46:44.7228426Z + @lingui/react 5.9.5
2026-10-06T01:46:44.7228737Z + @playwright/test 1.63.0
2026-10-06T01:46:44.7229090Z + @sveltejs/adapter-auto 7.0.1
2026-10-06T01:46:44.7229532Z + @sveltejs/adapter-cloudflare 7.2.9
2026-10-06T01:46:44.7229972Z + @sveltejs/adapter-node 5.5.7
2026-10-06T01:46:44.7230325Z + @sveltejs/kit 2.70.3
2026-10-06T01:46:44.7230745Z + @sveltejs/vite-plugin-svelte 7.3.1
2026-10-06T01:46:44.7231198Z + @tanstack/react-query 5.90.21
2026-10-06T01:46:44.7232065Z + @tanstack/react-router 1.163.2
2026-10-06T01:46:44.7232502Z + @testing-library/react 16.3.2
2026-10-06T01:46:44.7232894Z + @types/jsdom 30.0.0
2026-10-06T01:46:44.7233204Z + @types/node 24.19.0
2026-10-06T01:46:44.7233536Z + @types/react 19.3.0
2026-10-06T01:46:44.7233867Z + @types/react-dom 19.3.0
2026-10-06T01:46:44.7234258Z + @vitest/browser-playwright 4.1.10
2026-10-06T01:46:44.7234605Z + devalue 5.9.4
2026-10-06T01:46:44.7234871Z + jsdom 30.1.1
2026-10-06T01:46:44.7235180Z + miniflare 4.20260507.1
2026-10-06T01:46:44.7235518Z + pg 8.18.0
2026-10-06T01:46:44.7235838Z + react 19.3.0
2026-10-06T01:46:44.7236191Z + react-day-picker 9.14.0
2026-10-06T01:46:44.7236559Z + react-dom 19.3.0
2026-10-06T01:46:44.7236899Z + svelte 5.57.1
2026-10-06T01:46:44.7237204Z + svelte-check 4.7.6
2026-10-06T01:46:44.7237739Z + typescript 6.0.3
2026-10-06T01:46:44.7238033Z + vite 8.3.2
2026-10-06T01:46:44.7238353Z + vitest 4.1.10
2026-10-06T01:46:44.7238686Z + vitest-browser-react 2.2.0
2026-10-06T01:46:44.7239054Z + wrangler 4.99.0
2026-10-06T01:46:44.7239512Z 
2026-10-06T01:46:44.7239740Z Done in 5.4s using pnpm v12.6.0
2026-10-06T01:46:44.7446328Z ##[group]Run pnpm exec playwright install --with-deps chromium
2026-10-06T01:46:44.7446785Z [36;1mpnpm exec playwright install --with-deps chromium[0m
2026-10-06T01:46:44.7487043Z shell: /usr/bin/bash -e {0}
2026-10-06T01:46:44.7487328Z env:
2026-10-06T01:46:44.7487599Z   PNPM_HOME: /home/runner/setup-pnpm/node_modules/.bin
2026-10-06T01:46:44.7487904Z ##[endgroup]
2026-10-06T01:46:45.8334082Z Installing dependencies...
2026-10-06T01:46:45.8410402Z Switching to root user to install dependencies...
2026-10-06T01:46:45.9517706Z Get:1 file:/etc/apt/apt-mirrors.txt Mirrorlist [144 B]
2026-10-06T01:46:45.9963766Z Hit:2 http://azure.archive.ubuntu.com/ubuntu jammy InRelease
2026-10-06T01:46:45.9964942Z Get:3 http://azure.archive.ubuntu.com/ubuntu jammy-updates InRelease [128 kB]
2026-10-06T01:46:46.0005787Z Get:4 http://azure.archive.ubuntu.com/ubuntu jammy-backports InRelease [127 kB]
2026-10-06T01:46:46.0055268Z Get:5 http://azure.archive.ubuntu.com/ubuntu jammy-security InRelease [129 kB]
2026-10-06T01:46:46.1430896Z Get:6 http://azure.archive.ubuntu.com/ubuntu jammy-updates/main amd64 Packages [3907 kB]
2026-10-06T01:46:46.1709641Z Get:7 http://azure.archive.ubuntu.com/ubuntu jammy-updates/main Translation-en [576 kB]
2026-10-06T01:46:46.1743311Z Get:8 http://azure.archive.ubuntu.com/ubuntu jammy-updates/restricted amd64 Packages [6714 kB]
2026-10-06T01:46:46.2016964Z Get:9 http://azure.archive.ubuntu.com/ubuntu jammy-updates/restricted Translation-en [1290 kB]
2026-10-06T01:46:46.2079739Z Get:10 http://azure.archive.ubuntu.com/ubuntu jammy-updates/universe amd64 Packages [1285 kB]
2026-10-06T01:46:46.2136297Z Get:11 http://azure.archive.ubuntu.com/ubuntu jammy-updates/universe Translation-en [325 kB]
2026-10-06T01:46:46.2656008Z Get:12 https://packages.microsoft.com/ubuntu/22.04/prod jammy InRelease [3632 B]
2026-10-06T01:46:46.2903196Z Get:13 http://azure.archive.ubuntu.com/ubuntu jammy-security/main amd64 Packages [3631 kB]
2026-10-06T01:46:46.3103705Z Get:14 http://azure.archive.ubuntu.com/ubuntu jammy-security/main Translation-en [508 kB]
2026-10-06T01:46:46.3124247Z Get:15 http://azure.archive.ubuntu.com/ubuntu jammy-security/restricted amd64 Packages [6465 kB]
2026-10-06T01:46:46.3262117Z Get:19 https://packages.microsoft.com/ubuntu/22.04/prod jammy/main arm64 Packages [551 kB]
2026-10-06T01:46:46.3347672Z Get:20 https://packages.microsoft.com/ubuntu/22.04/prod jammy/main amd64 Packages [797 kB]
2026-10-06T01:46:46.3463948Z Get:16 http://azure.archive.ubuntu.com/ubuntu jammy-security/restricted Translation-en [1244 kB]
2026-10-06T01:46:46.3909308Z Get:17 http://azure.archive.ubuntu.com/ubuntu jammy-security/universe amd64 Packages [1052 kB]
2026-10-06T01:46:46.3956763Z Get:18 http://azure.archive.ubuntu.com/ubuntu jammy-security/universe Translation-en [237 kB]
2026-10-06T01:46:52.2942137Z Fetched 29.0 MB in 3s (8626 kB/s)
2026-10-06T01:46:53.5455954Z Reading package lists...
2026-10-06T01:46:53.6039576Z Reading package lists...
2026-10-06T01:46:53.8427471Z Building dependency tree...
2026-10-06T01:46:53.8437960Z Reading state information...
2026-10-06T01:46:54.0328861Z fonts-liberation is already the newest version (1:1.07.4-11).
2026-10-06T01:46:54.0330154Z fonts-liberation set to manually installed.
2026-10-06T01:46:54.0332303Z libatk-bridge2.0-0 is already the newest version (2.38.0-3).
2026-10-06T01:46:54.0333527Z libatk-bridge2.0-0 set to manually installed.
2026-10-06T01:46:54.0334574Z libatk1.0-0 is already the newest version (2.36.0-3build1).
2026-10-06T01:46:54.0335484Z libatk1.0-0 set to manually installed.
2026-10-06T01:46:54.0336332Z libatspi2.0-0 is already the newest version (2.44.0-3).
2026-10-06T01:46:54.0336860Z libatspi2.0-0 set to manually installed.
2026-10-06T01:46:54.0337909Z libfontconfig1 is already the newest version (2.13.1-4.2ubuntu5).
2026-10-06T01:46:54.0338667Z libfontconfig1 set to manually installed.
2026-10-06T01:46:54.0339047Z libxcb1 is already the newest version (1.14-3ubuntu3).
2026-10-06T01:46:54.0339434Z libxcb1 set to manually installed.
2026-10-06T01:46:54.0340191Z libxcomposite1 is already the newest version (1:0.4.5-1build2).
2026-10-06T01:46:54.0340601Z libxcomposite1 set to manually installed.
2026-10-06T01:46:54.0341152Z libxdamage1 is already the newest version (1:1.1.5-2build2).
2026-10-06T01:46:54.0341644Z libxdamage1 set to manually installed.
2026-10-06T01:46:54.0342182Z libxext6 is already the newest version (2:1.3.4-1build1).
2026-10-06T01:46:54.0342536Z libxext6 set to manually installed.
2026-10-06T01:46:54.0342893Z libxfixes3 is already the newest version (1:6.0.0-1).
2026-10-06T01:46:54.0343241Z libxfixes3 set to manually installed.
2026-10-06T01:46:54.0343596Z libxkbcommon0 is already the newest version (1.4.0-1).
2026-10-06T01:46:54.0343954Z libxkbcommon0 set to manually installed.
2026-10-06T01:46:54.0344326Z libxrandr2 is already the newest version (2:1.5.2-1build1).
2026-10-06T01:46:54.0344683Z libxrandr2 set to manually installed.
2026-10-06T01:46:54.0345146Z fonts-noto-color-emoji is already the newest version (2.047-0ubuntu0.22.04.1).
2026-10-06T01:46:54.0345640Z libasound2 is already the newest version (1.2.6.1-1ubuntu1.2).
2026-10-06T01:46:54.0346004Z libasound2 set to manually installed.
2026-10-06T01:46:54.0346372Z libcairo2 is already the newest version (1.16.0-5ubuntu2.1).
2026-10-06T01:46:54.0346736Z libcairo2 set to manually installed.
2026-10-06T01:46:54.0347113Z libcups2 is already the newest version (2.4.1op1-1ubuntu4.21).
2026-10-06T01:46:54.0347479Z libcups2 set to manually installed.
2026-10-06T01:46:54.0347863Z libdbus-1-3 is already the newest version (1.12.20-2ubuntu4.1).
2026-10-06T01:46:54.0348232Z libdbus-1-3 set to manually installed.
2026-10-06T01:46:54.0348620Z libdrm2 is already the newest version (2.4.113-2~ubuntu0.22.04.1).
2026-10-06T01:46:54.0348998Z libdrm2 set to manually installed.
2026-10-06T01:46:54.0349391Z libfreetype6 is already the newest version (2.11.1+dfsg-1ubuntu0.3).
2026-10-06T01:46:54.0349786Z libfreetype6 set to manually installed.
2026-10-06T01:46:54.0350185Z libgbm1 is already the newest version (23.2.1-1ubuntu3.1~22.04.4).
2026-10-06T01:46:54.0350548Z libgbm1 set to manually installed.
2026-10-06T01:46:54.0350918Z libglib2.0-0 is already the newest version (2.72.4-0ubuntu2.10).
2026-10-06T01:46:54.0351296Z libglib2.0-0 set to manually installed.
2026-10-06T01:46:54.0351684Z libnspr4 is already the newest version (2:4.35-0ubuntu0.22.04.1).
2026-10-06T01:46:54.0352256Z libnss3 is already the newest version (2:3.98-0ubuntu0.22.04.4).
2026-10-06T01:46:54.0352709Z libpango-1.0-0 is already the newest version (1.50.6+ds-2ubuntu1).
2026-10-06T01:46:54.0353089Z libpango-1.0-0 set to manually installed.
2026-10-06T01:46:54.0353510Z libwayland-client0 is already the newest version (1.20.0-1ubuntu0.1).
2026-10-06T01:46:54.0353928Z libwayland-client0 set to manually installed.
2026-10-06T01:46:54.0354332Z libx11-6 is already the newest version (2:1.7.5-1ubuntu0.3).
2026-10-06T01:46:54.0354815Z libx11-6 set to manually installed.
2026-10-06T01:46:54.0355209Z xvfb is already the newest version (2:21.1.4-2ubuntu1.7~22.04.16).
2026-10-06T01:46:54.0355639Z The following additional packages will be installed:
2026-10-06T01:46:54.0355979Z   xfonts-encodings xfonts-utils
2026-10-06T01:46:54.0356394Z Recommended packages:
2026-10-06T01:46:54.0356682Z   fonts-ipafont-mincho fonts-tlwg-loma
2026-10-06T01:46:54.0910150Z The following NEW packages will be installed:
2026-10-06T01:46:54.0911273Z   fonts-freefont-ttf fonts-ipafont-gothic fonts-tlwg-loma-otf fonts-unifont
2026-10-06T01:46:54.0918343Z   fonts-wqy-zenhei xfonts-cyrillic xfonts-encodings xfonts-scalable
2026-10-06T01:46:54.0919011Z   xfonts-utils
2026-10-06T01:46:54.1083993Z 0 upgraded, 9 newly installed, 0 to remove and 20 not upgraded.
2026-10-06T01:46:54.1084731Z Need to get 18.4 MB of archives.
2026-10-06T01:46:54.1085464Z After this operation, 56.8 MB of additional disk space will be used.
2026-10-06T01:46:54.1086274Z Get:1 file:/etc/apt/apt-mirrors.txt Mirrorlist [144 B]
2026-10-06T01:46:54.1615808Z Get:2 http://azure.archive.ubuntu.com/ubuntu jammy/universe amd64 fonts-ipafont-gothic all 00303-21ubuntu1 [3513 kB]
2026-10-06T01:46:54.3307209Z Get:3 http://azure.archive.ubuntu.com/ubuntu jammy/main amd64 fonts-freefont-ttf all 20120503-10build1 [2388 kB]
2026-10-06T01:46:54.4503436Z Get:4 http://azure.archive.ubuntu.com/ubuntu jammy/universe amd64 fonts-tlwg-loma-otf all 1:0.7.3-1 [107 kB]
2026-10-06T01:46:54.4996120Z Get:5 http://azure.archive.ubuntu.com/ubuntu jammy/universe amd64 fonts-unifont all 1:14.0.01-1 [3551 kB]
2026-10-06T01:46:54.6302868Z Get:6 http://azure.archive.ubuntu.com/ubuntu jammy/universe amd64 fonts-wqy-zenhei all 0.9.45-8 [7472 kB]
2026-10-06T01:46:54.9710057Z Get:7 http://azure.archive.ubuntu.com/ubuntu jammy/main amd64 xfonts-encodings all 1:1.0.5-0ubuntu2 [578 kB]
2026-10-06T01:46:55.0033586Z Get:8 http://azure.archive.ubuntu.com/ubuntu jammy/main amd64 xfonts-utils amd64 1:7.7+6build2 [94.6 kB]
2026-10-06T01:46:55.0255087Z Get:9 http://azure.archive.ubuntu.com/ubuntu jammy/universe amd64 xfonts-cyrillic all 1:1.0.5 [386 kB]
2026-10-06T01:46:55.0514777Z Get:10 http://azure.archive.ubuntu.com/ubuntu jammy/main amd64 xfonts-scalable all 1:1.0.3-1.2ubuntu1 [306 kB]
2026-10-06T01:46:55.3676724Z Fetched 18.4 MB in 1s (19.2 MB/s)
2026-10-06T01:46:55.4088450Z Selecting previously unselected package fonts-ipafont-gothic.
2026-10-06T01:46:55.4388962Z (Reading database ... 
2026-10-06T01:46:55.4389524Z (Reading database ... 5%
2026-10-06T01:46:55.4390357Z (Reading database ... 10%
2026-10-06T01:46:55.4390723Z (Reading database ... 15%
2026-10-06T01:46:55.4391019Z (Reading database ... 20%
2026-10-06T01:46:55.4391328Z (Reading database ... 25%
2026-10-06T01:46:55.4391721Z (Reading database ... 30%
2026-10-06T01:46:55.4392264Z (Reading database ... 35%
2026-10-06T01:46:55.4392660Z (Reading database ... 40%
2026-10-06T01:46:55.4392949Z (Reading database ... 45%
2026-10-06T01:46:55.4393220Z (Reading database ... 50%
2026-10-06T01:46:55.5199961Z (Reading database ... 55%
2026-10-06T01:46:55.7255031Z (Reading database ... 60%
2026-10-06T01:46:55.9152473Z (Reading database ... 65%
2026-10-06T01:46:56.1410130Z (Reading database ... 70%
2026-10-06T01:46:56.3234574Z (Reading database ... 75%
2026-10-06T01:46:56.5159854Z (Reading database ... 80%
2026-10-06T01:46:56.7167234Z (Reading database ... 85%
2026-10-06T01:46:56.9739402Z (Reading database ... 90%
2026-10-06T01:46:57.1804752Z (Reading database ... 95%
2026-10-06T01:46:57.1805340Z (Reading database ... 100%
2026-10-06T01:46:57.1806172Z (Reading database ... 260411 files and directories currently installed.)
2026-10-06T01:46:57.1870608Z Preparing to unpack .../0-fonts-ipafont-gothic_00303-21ubuntu1_all.deb ...
2026-10-06T01:46:57.1949822Z Unpacking fonts-ipafont-gothic (00303-21ubuntu1) ...
2026-10-06T01:46:57.5221425Z Selecting previously unselected package fonts-freefont-ttf.
2026-10-06T01:46:57.5389839Z Preparing to unpack .../1-fonts-freefont-ttf_20120503-10build1_all.deb ...
2026-10-06T01:46:57.5402648Z Unpacking fonts-freefont-ttf (20120503-10build1) ...
2026-10-06T01:46:57.7393858Z Selecting previously unselected package fonts-tlwg-loma-otf.
2026-10-06T01:46:57.7560666Z Preparing to unpack .../2-fonts-tlwg-loma-otf_1%3a0.7.3-1_all.deb ...
2026-10-06T01:46:57.7575088Z Unpacking fonts-tlwg-loma-otf (1:0.7.3-1) ...
2026-10-06T01:46:57.7769278Z Selecting previously unselected package fonts-unifont.
2026-10-06T01:46:57.7935591Z Preparing to unpack .../3-fonts-unifont_1%3a14.0.01-1_all.deb ...
2026-10-06T01:46:57.7948064Z Unpacking fonts-unifont (1:14.0.01-1) ...
2026-10-06T01:46:57.9405186Z Selecting previously unselected package fonts-wqy-zenhei.
2026-10-06T01:46:57.9567658Z Preparing to unpack .../4-fonts-wqy-zenhei_0.9.45-8_all.deb ...
2026-10-06T01:46:57.9664333Z Unpacking fonts-wqy-zenhei (0.9.45-8) ...
2026-10-06T01:46:58.6205672Z Selecting previously unselected package xfonts-encodings.
2026-10-06T01:46:58.6364610Z Preparing to unpack .../5-xfonts-encodings_1%3a1.0.5-0ubuntu2_all.deb ...
2026-10-06T01:46:58.6376225Z Unpacking xfonts-encodings (1:1.0.5-0ubuntu2) ...
2026-10-06T01:46:58.6598747Z Selecting previously unselected package xfonts-utils.
2026-10-06T01:46:58.6755147Z Preparing to unpack .../6-xfonts-utils_1%3a7.7+6build2_amd64.deb ...
2026-10-06T01:46:58.6765614Z Unpacking xfonts-utils (1:7.7+6build2) ...
2026-10-06T01:46:58.7063567Z Selecting previously unselected package xfonts-cyrillic.
2026-10-06T01:46:58.7220973Z Preparing to unpack .../7-xfonts-cyrillic_1%3a1.0.5_all.deb ...
2026-10-06T01:46:58.7229587Z Unpacking xfonts-cyrillic (1:1.0.5) ...
2026-10-06T01:46:58.7829327Z Selecting previously unselected package xfonts-scalable.
2026-10-06T01:46:58.7989002Z Preparing to unpack .../8-xfonts-scalable_1%3a1.0.3-1.2ubuntu1_all.deb ...
2026-10-06T01:46:58.7999613Z Unpacking xfonts-scalable (1:1.0.3-1.2ubuntu1) ...
2026-10-06T01:46:58.8440795Z Setting up fonts-wqy-zenhei (0.9.45-8) ...
2026-10-06T01:46:58.8550139Z Setting up fonts-freefont-ttf (20120503-10build1) ...
2026-10-06T01:46:58.8571297Z Setting up fonts-tlwg-loma-otf (1:0.7.3-1) ...
2026-10-06T01:46:58.8590451Z Setting up xfonts-encodings (1:1.0.5-0ubuntu2) ...
2026-10-06T01:46:58.8609501Z Setting up fonts-ipafont-gothic (00303-21ubuntu1) ...
2026-10-06T01:46:58.8673828Z update-alternatives: using /usr/share/fonts/opentype/ipafont-gothic/ipag.ttf to provide /usr/share/fonts/truetype/fonts-japanese-gothic.ttf (fonts-japanese-gothic.ttf) in auto mode
2026-10-06T01:46:58.8695687Z Setting up fonts-unifont (1:14.0.01-1) ...
2026-10-06T01:46:58.8718240Z Setting up xfonts-utils (1:7.7+6build2) ...
2026-10-06T01:46:58.8756921Z Setting up xfonts-cyrillic (1:1.0.5) ...
2026-10-06T01:46:58.9452453Z Setting up xfonts-scalable (1:1.0.3-1.2ubuntu1) ...
2026-10-06T01:46:58.9679263Z Processing triggers for man-db (2.10.2-1) ...
2026-10-06T01:46:58.9703764Z Not building database; man-db/auto-update is not 'true'.
2026-10-06T01:46:58.9716521Z Processing triggers for fontconfig (2.13.1-4.2ubuntu5) ...
2026-10-06T01:46:59.5709565Z 
2026-10-06T01:46:59.5710442Z Running kernel seems to be up-to-date.
2026-10-06T01:46:59.5710701Z 
2026-10-06T01:46:59.5710864Z No services need to be restarted.
2026-10-06T01:46:59.5711053Z 
2026-10-06T01:46:59.5711337Z No containers need to be restarted.
2026-10-06T01:46:59.5711597Z 
2026-10-06T01:46:59.5712180Z No user sessions are running outdated binaries.
2026-10-06T01:46:59.5712502Z 
2026-10-06T01:46:59.5713059Z No VM guests are running outdated hypervisor (qemu) binaries on this host.
2026-10-06T01:47:00.7514023Z Downloading Chrome for Testing 153.0.8010.12 (playwright chromium v1243) from https://cdn.playwright.dev/builds/cft/153.0.8010.12/linux64/chrome-linux64.zip
2026-10-06T01:47:01.3592519Z |                                                                                |   0% of 186.8 MiB
2026-10-06T01:47:01.5120185Z |■■■■■■■■                                                                        |  10% of 186.8 MiB
2026-10-06T01:47:01.6639736Z |■■■■■■■■■■■■■■■■                                                                |  20% of 186.8 MiB
2026-10-06T01:47:01.7647430Z |■■■■■■■■■■■■■■■■■■■■■■■■                                                        |  30% of 186.8 MiB
2026-10-06T01:47:01.8681196Z |■■■■■■■■■■■■■■■■■■■■■■■■■■■■■■■■                                                |  40% of 186.8 MiB
2026-10-06T01:47:01.9811266Z |■■■■■■■■■■■■■■■■■■■■■■■■■■■■■■■■■■■■■■■■                                        |  50% of 186.8 MiB
2026-10-06T01:47:02.1307089Z |■■■■■■■■■■■■■■■■■■■■■■■■■■■■■■■■■■■■■■■■■■■■■■■■                                |  60% of 186.8 MiB
2026-10-06T01:47:02.3525264Z |■■■■■■■■■■■■■■■■■■■■■■■■■■■■■■■■■■■■■■■■■■■■■■■■■■■■■■■■                        |  70% of 186.8 MiB
2026-10-06T01:47:02.5111451Z |■■■■■■■■■■■■■■■■■■■■■■■■■■■■■■■■■■■■■■■■■■■■■■■■■■■■■■■■■■■■■■■■                |  80% of 186.8 MiB
2026-10-06T01:47:02.6525905Z |■■■■■■■■■■■■■■■■■■■■■■■■■■■■■■■■■■■■■■■■■■■■■■■■■■■■■■■■■■■■■■■■■■■■■■■■        |  90% of 186.8 MiB
2026-10-06T01:47:02.7693717Z |■■■■■■■■■■■■■■■■■■■■■■■■■■■■■■■■■■■■■■■■■■■■■■■■■■■■■■■■■■■■■■■■■■■■■■■■■■■■■■■■| 100% of 186.8 MiB
2026-10-06T01:47:05.9497517Z Chrome for Testing 153.0.8010.12 (playwright chromium v1243) downloaded to /home/runner/.cache/ms-playwright/chromium-1243
2026-10-06T01:47:05.9501551Z Downloading FFmpeg (playwright ffmpeg v1011) from https://cdn.playwright.dev/dbazure/download/playwright/builds/ffmpeg/1011/ffmpeg-linux.zip
2026-10-06T01:47:06.3022690Z |                                                                                |   0% of 2.3 MiB
2026-10-06T01:47:06.3074585Z |■■■■■■■■                                                                        |  10% of 2.3 MiB
2026-10-06T01:47:06.3096933Z |■■■■■■■■■■■■■■■■                                                                |  20% of 2.3 MiB
2026-10-06T01:47:06.3142700Z |■■■■■■■■■■■■■■■■■■■■■■■■                                                        |  30% of 2.3 MiB
2026-10-06T01:47:06.3151926Z |■■■■■■■■■■■■■■■■■■■■■■■■■■■■■■■■                                                |  40% of 2.3 MiB
2026-10-06T01:47:06.3183021Z |■■■■■■■■■■■■■■■■■■■■■■■■■■■■■■■■■■■■■■■■                                        |  50% of 2.3 MiB
2026-10-06T01:47:06.3195238Z |■■■■■■■■■■■■■■■■■■■■■■■■■■■■■■■■■■■■■■■■■■■■■■■■                                |  60% of 2.3 MiB
2026-10-06T01:47:06.3206357Z |■■■■■■■■■■■■■■■■■■■■■■■■■■■■■■■■■■■■■■■■■■■■■■■■■■■■■■■■                        |  70% of 2.3 MiB
2026-10-06T01:47:06.3222721Z |■■■■■■■■■■■■■■■■■■■■■■■■■■■■■■■■■■■■■■■■■■■■■■■■■■■■■■■■■■■■■■■■                |  80% of 2.3 MiB
2026-10-06T01:47:06.3238038Z |■■■■■■■■■■■■■■■■■■■■■■■■■■■■■■■■■■■■■■■■■■■■■■■■■■■■■■■■■■■■■■■■■■■■■■■■        |  90% of 2.3 MiB
2026-10-06T01:47:06.3246115Z |■■■■■■■■■■■■■■■■■■■■■■■■■■■■■■■■■■■■■■■■■■■■■■■■■■■■■■■■■■■■■■■■■■■■■■■■■■■■■■■■| 100% of 2.3 MiB
2026-10-06T01:47:06.3812258Z FFmpeg (playwright ffmpeg v1011) downloaded to /home/runner/.cache/ms-playwright/ffmpeg-1011
2026-10-06T01:47:06.3815610Z Downloading Chrome Headless Shell 153.0.8010.12 (playwright chromium-headless-shell v1243) from https://cdn.playwright.dev/builds/cft/153.0.8010.12/linux64/chrome-headless-shell-linux64.zip
2026-10-06T01:47:06.7659253Z |                                                                                |   0% of 114.3 MiB
2026-10-06T01:47:06.9000934Z |■■■■■■■■                                                                        |  10% of 114.3 MiB
2026-10-06T01:47:06.9776121Z |■■■■■■■■■■■■■■■■                                                                |  20% of 114.3 MiB
2026-10-06T01:47:07.0594351Z |■■■■■■■■■■■■■■■■■■■■■■■■                                                        |  30% of 114.3 MiB
2026-10-06T01:47:07.1456828Z |■■■■■■■■■■■■■■■■■■■■■■■■■■■■■■■■                                                |  40% of 114.3 MiB
2026-10-06T01:47:07.2166625Z |■■■■■■■■■■■■■■■■■■■■■■■■■■■■■■■■■■■■■■■■                                        |  50% of 114.3 MiB
2026-10-06T01:47:07.3679067Z |■■■■■■■■■■■■■■■■■■■■■■■■■■■■■■■■■■■■■■■■■■■■■■■■                                |  60% of 114.3 MiB
2026-10-06T01:47:07.4526160Z |■■■■■■■■■■■■■■■■■■■■■■■■■■■■■■■■■■■■■■■■■■■■■■■■■■■■■■■■                        |  70% of 114.3 MiB
2026-10-06T01:47:07.5211216Z |■■■■■■■■■■■■■■■■■■■■■■■■■■■■■■■■■■■■■■■■■■■■■■■■■■■■■■■■■■■■■■■■                |  80% of 114.3 MiB
2026-10-06T01:47:07.6071396Z |■■■■■■■■■■■■■■■■■■■■■■■■■■■■■■■■■■■■■■■■■■■■■■■■■■■■■■■■■■■■■■■■■■■■■■■■        |  90% of 114.3 MiB
2026-10-06T01:47:07.6937160Z |■■■■■■■■■■■■■■■■■■■■■■■■■■■■■■■■■■■■■■■■■■■■■■■■■■■■■■■■■■■■■■■■■■■■■■■■■■■■■■■■| 100% of 114.3 MiB
2026-10-06T01:47:09.9966271Z Chrome Headless Shell 153.0.8010.12 (playwright chromium-headless-shell v1243) downloaded to /home/runner/.cache/ms-playwright/chromium_headless_shell-1243
2026-10-06T01:47:10.0185268Z ##[group]Run pnpm test:media-admin-editor:browser --reporter=default --reporter=json --outputFile=media-source-results.json
2026-10-06T01:47:10.0186184Z [36;1mpnpm test:media-admin-editor:browser --reporter=default --reporter=json --outputFile=media-source-results.json[0m
2026-10-06T01:47:10.0225856Z shell: /usr/bin/bash -e {0}
2026-10-06T01:47:10.0226151Z env:
2026-10-06T01:47:10.0226424Z   PNPM_HOME: /home/runner/setup-pnpm/node_modules/.bin
2026-10-06T01:47:10.0226746Z   MEDIA_SOURCE_GROUP: gallery
2026-10-06T01:47:10.0226987Z   DEBUG: pw:browser
2026-10-06T01:47:10.0227232Z ##[endgroup]
2026-10-06T01:47:10.0442824Z $ node scripts/check-media-admin-editor-source.mjs && vitest run --config vitest.media-admin-editor-browser.config.ts --reporter=default --reporter=json --outputFile=media-source-results.json
2026-10-06T01:47:10.3215522Z {"immutableFiles":44,"wholeTestFiles":42,"runtimeWholeTestFiles":3,"declarations":497,"expectationExpressions":2015,"pinnedApiBodies":2,"productTestsRun":0}
2026-10-06T01:47:11.0920581Z 
2026-10-06T01:47:11.0924095Z [1m[30m[46m RUN [49m[39m[22m [36mv4.1.10 [39m[90m/home/runner/work/cms/cms[39m
2026-10-06T01:47:11.0924608Z 
2026-10-06T01:47:11.9178806Z 2026-10-06T01:47:11.914Z pw:browser <launching> /home/runner/.cache/ms-playwright/chromium_headless_shell-1243/chrome-headless-shell-linux64/chrome-headless-shell --disable-field-trial-config --disable-background-networking --disable-background-timer-throttling --disable-backgrounding-occluded-windows --disable-back-forward-cache --disable-breakpad --disable-client-side-phishing-detection --disable-component-extensions-with-background-pages --disable-component-update --no-default-browser-check --disable-default-apps --disable-dev-shm-usage --disable-edgeupdater --disable-extensions --disable-features=AvoidUnnecessaryBeforeUnloadCheckSync,DestroyProfileOnBrowserClose,DialMediaRouteProvider,GlobalMediaControls,HttpsUpgrades,LensOverlay,MediaRouter,PaintHolding,ThirdPartyStoragePartitioning,BlockOriginHeaderModificationOnRedirect,Translate,AutoDeElevate,OptimizationHints,msForceBrowserSignIn,msEdgeUpdateLaunchServicesPreferredVersion --enable-features=CDPScreenshotNewSurface --allow-pre-commit-input --disable-hang-monitor --disable-ipc-flooding-protection --disable-popup-blocking --disable-prompt-on-repost --disable-renderer-backgrounding --disable-updater-scheduler --force-color-profile=srgb --metrics-recording-only --no-first-run --password-store=basic --use-mock-keychain --no-service-autorun --export-tagged-pdf --disable-search-engine-choice-screen --unsafely-disable-devtools-self-xss-warnings --edge-skip-compat-layer-relaunch --disable-infobars --disable-search-engine-choice-screen --disable-sync --enable-unsafe-swiftshader --headless --hide-scrollbars --mute-audio --blink-settings=primaryHoverType=2,availableHoverTypes=2,primaryPointerType=4,availablePointerTypes=4 --user-data-dir=/tmp/playwright_chromiumdev_profile-IT8Wxe --remote-debugging-pipe --no-startup-window
2026-10-06T01:47:11.9269149Z 2026-10-06T01:47:11.924Z pw:browser <launched> pid=2968
2026-10-06T01:47:12.2695028Z 2026-10-06T01:47:12.267Z pw:browser [pid=2968][err] [1006/014712.264235:ERROR:dbus/bus.cc:405] Failed to connect to the bus: Could not parse server address: Unknown address type (examples of valid types are "tcp" and on UNIX "unix")
2026-10-06T01:47:12.2696808Z 2026-10-06T01:47:12.268Z pw:browser [pid=2968][err] Unable to revert mtime: /usr/share/fonts
2026-10-06T01:47:12.2713261Z 2026-10-06T01:47:12.269Z pw:browser [pid=2968][err] Unable to revert mtime: /usr/share/fonts/truetype
2026-10-06T01:47:12.2928508Z [2m1:47:12 AM[22m [36m[1m[vite][22m[39m [90m[2m(client)[22m[39m [optimizer] bundling dependencies...
2026-10-06T01:47:12.2930374Z 2026-10-06T01:47:12.292Z pw:browser [pid=2968][err] Unable to revert mtime: /usr/share/fonts/truetype/dejavu
2026-10-06T01:47:12.3985623Z 2026-10-06T01:47:12.397Z pw:browser [pid=2968][err] [1006/014712.395460:WARNING:media/gpu/vaapi/vaapi_wrapper.cc:1660] drmGetDevices2() has not found any devices
2026-10-06T01:47:12.4025543Z 2026-10-06T01:47:12.398Z pw:browser [pid=2968][err] [1006/014712.397762:WARNING:sandbox/policy/linux/sandbox_linux.cc:405] InitializeSandbox() called with multiple threads in process gpu-process.
2026-10-06T01:47:13.3329953Z 2026-10-06T01:47:13.332Z pw:browser [pid=2968][err] Unable to revert mtime: /usr/share/fonts/truetype/lato
2026-10-06T01:47:14.5793374Z 2026-10-06T01:47:14.579Z pw:browser [pid=2968][err] Unable to revert mtime: /usr/share/fonts/truetype/liberation
2026-10-06T01:47:14.6087879Z 2026-10-06T01:47:14.608Z pw:browser [pid=2968][err] Unable to revert mtime: /usr/share/fonts/truetype/noto
2026-10-06T01:47:15.8794570Z 2026-10-06T01:47:15.877Z pw:browser [pid=2968][err] [1006/014715.876423:ERROR:dbus/object_proxy.cc:572] Failed to call method: org.freedesktop.DBus.NameHasOwner: object_path= /org/freedesktop/DBus: unknown error type: 
2026-10-06T01:47:15.8804360Z 2026-10-06T01:47:15.877Z pw:browser [pid=2968][err] [1006/014715.876506:ERROR:dbus/bus.cc:405] Failed to connect to the bus: Could not parse server address: Unknown address type (examples of valid types are "tcp" and on UNIX "unix")
2026-10-06T01:47:15.8814377Z 2026-10-06T01:47:15.881Z pw:browser [pid=2968][err] [1006/014715.880856:ERROR:dbus/object_proxy.cc:572] Failed to call method: org.freedesktop.DBus.NameHasOwner: object_path= /org/freedesktop/DBus: unknown error type: 
2026-10-06T01:47:16.2146437Z 2026-10-06T01:47:16.214Z pw:browser [pid=2968][err] [1006/014716.214250:INFO:CONSOLE:934] "[vite] connecting...", source: http://localhost:63315/@vite/client (934)
2026-10-06T01:47:16.2207361Z 2026-10-06T01:47:16.220Z pw:browser [pid=2968][err] [1006/014716.220255:INFO:CONSOLE:1045] "[vite] connected.", source: http://localhost:63315/@vite/client (1045)
2026-10-06T01:47:16.2768603Z 2026-10-06T01:47:16.276Z pw:browser [pid=2968][err] [1006/014716.260148:INFO:CONSOLE:934] "[vite] connecting...", source: http://localhost:63315/@vite/client (934)
2026-10-06T01:47:16.2879657Z 2026-10-06T01:47:16.287Z pw:browser [pid=2968][err] [1006/014716.283032:INFO:CONSOLE:1045] "[vite] connected.", source: http://localhost:63315/@vite/client (1045)
2026-10-06T01:47:16.6479598Z [2m1:47:16 AM[22m [31m[1m[vite][22m[39m [31mInternal server error: Failed to resolve import "../src/components/editor/GalleryDetailPanel" from "parity/emdash/media-admin-editor/source/packages/admin/tests/gallery-detail-panel.test.tsx". Does the file exist?[39m
2026-10-06T01:47:16.6481989Z   Plugin: [35mvite:import-analysis[39m
2026-10-06T01:47:16.6483702Z   File: [36m/home/runner/work/cms/cms/parity/emdash/media-admin-editor/source/packages/admin/tests/gallery-detail-panel.test.tsx[39m:12:0
2026-10-06T01:47:16.6485698Z [33m  85 |  const __vi_import_0__ = await globalThis["__vitest_browser_runner__"].wrapDynamicImport(() => import("@tanstack/react...
2026-10-06T01:47:16.6487247Z   86 |  const __vi_import_1__ = await globalThis["__vitest_browser_runner__"].wrapDynamicImport(() => import("react"));
2026-10-06T01:47:16.6488715Z   87 |  ..."__vitest_browser_runner__"].wrapDynamicImport(() => import("../src/components/editor/GalleryDetailPanel"));
2026-10-06T01:47:16.6489730Z      |                                                                 ^
2026-10-06T01:47:16.6490814Z   88 |  const __vi_import_3__ = await globalThis["__vitest_browser_runner__"].wrapDynamicImport(() => import("./utils/render....
2026-10-06T01:47:16.6492596Z   89 |  const __vi_import_4__ = await globalThis["__vitest_browser_runner__"].wrapDynamicImport(() => import("react/jsx-dev-r...[39m
2026-10-06T01:47:16.6494519Z       at TransformPluginContext._formatLog (file:///home/runner/work/cms/cms/node_modules/.pnpm/vite@8.3.2_@types+node@24.19.0_esbuild@0.28.1_jiti@2.7.0/node_modules/vite/dist/node/chunks/node.js:8766:39)
2026-10-06T01:47:16.6496661Z       at TransformPluginContext.error (file:///home/runner/work/cms/cms/node_modules/.pnpm/vite@8.3.2_@types+node@24.19.0_esbuild@0.28.1_jiti@2.7.0/node_modules/vite/dist/node/chunks/node.js:8763:14)
2026-10-06T01:47:16.6499064Z       at normalizeUrl (file:///home/runner/work/cms/cms/node_modules/.pnpm/vite@8.3.2_@types+node@24.19.0_esbuild@0.28.1_jiti@2.7.0/node_modules/vite/dist/node/chunks/node.js:26423:18)
2026-10-06T01:47:16.6501084Z       at file:///home/runner/work/cms/cms/node_modules/.pnpm/vite@8.3.2_@types+node@24.19.0_esbuild@0.28.1_jiti@2.7.0/node_modules/vite/dist/node/chunks/node.js:26493:30
2026-10-06T01:47:16.6502495Z       at async Promise.all (index 2)
2026-10-06T01:47:16.6504017Z       at TransformPluginContext.transform (file:///home/runner/work/cms/cms/node_modules/.pnpm/vite@8.3.2_@types+node@24.19.0_esbuild@0.28.1_jiti@2.7.0/node_modules/vite/dist/node/chunks/node.js:26459:4)
2026-10-06T01:47:16.6506309Z       at EnvironmentPluginContainer.transform (file:///home/runner/work/cms/cms/node_modules/.pnpm/vite@8.3.2_@types+node@24.19.0_esbuild@0.28.1_jiti@2.7.0/node_modules/vite/dist/node/chunks/node.js:8545:14)
2026-10-06T01:47:16.6508052Z       at loadAndTransform (file:///home/runner/work/cms/cms/node_modules/.pnpm/vite@8.3.2_@types+node@24.19.0_esbuild@0.28.1_jiti@2.7.0/node_modules/vite/dist/node/chunks/node.js:19988:26)
2026-10-06T01:47:16.6744997Z  [31m❯[39m [30m[43m chromium [49m[39m parity/emdash/media-admin-editor/source/packages/admin/tests/gallery-detail-panel.test.tsx [2m([22m[2m0 test[22m[2m)[22m
2026-10-06T01:47:16.7014237Z 2026-10-06T01:47:16.701Z pw:browser [pid=2968][err] [1006/014716.700021:INFO:CONSOLE:934] "[vite] connecting...", source: http://localhost:63315/@vite/client (934)
2026-10-06T01:47:16.7094634Z 2026-10-06T01:47:16.709Z pw:browser [pid=2968][err] [1006/014716.708550:INFO:CONSOLE:1045] "[vite] connected.", source: http://localhost:63315/@vite/client (1045)
2026-10-06T01:47:16.7646248Z [2m1:47:16 AM[22m [31m[1m[vite][22m[39m [31mInternal server error: Failed to resolve import "../../src/components/editor/GalleryDetailPanel.js" from "parity/emdash/media-admin-editor/source/packages/admin/tests/components/GalleryFocalPoint.test.ts". Does the file exist?[39m
2026-10-06T01:47:16.7648052Z   Plugin: [35mvite:import-analysis[39m
2026-10-06T01:47:16.7649244Z   File: [36m/home/runner/work/cms/cms/parity/emdash/media-admin-editor/source/packages/admin/tests/components/GalleryFocalPoint.test.ts[39m:3:40
2026-10-06T01:47:16.7650357Z [33m  1  |  import { expect, it } from "vitest";
2026-10-06T01:47:16.7651153Z   2  |  import { mediaItemToGalleryImage } from "../../src/components/editor/GalleryDetailPanel.js";
2026-10-06T01:47:16.7652095Z      |                                           ^
2026-10-06T01:47:16.7652818Z   3  |  it("copies a selected media focal point into the gallery snapshot", () => {
2026-10-06T01:47:16.7653549Z   4  |  	const image = mediaItemToGalleryImage({[39m
2026-10-06T01:47:16.7654823Z       at TransformPluginContext._formatLog (file:///home/runner/work/cms/cms/node_modules/.pnpm/vite@8.3.2_@types+node@24.19.0_esbuild@0.28.1_jiti@2.7.0/node_modules/vite/dist/node/chunks/node.js:8766:39)
2026-10-06T01:47:16.7656660Z       at TransformPluginContext.error (file:///home/runner/work/cms/cms/node_modules/.pnpm/vite@8.3.2_@types+node@24.19.0_esbuild@0.28.1_jiti@2.7.0/node_modules/vite/dist/node/chunks/node.js:8763:14)
2026-10-06T01:47:16.7658361Z       at normalizeUrl (file:///home/runner/work/cms/cms/node_modules/.pnpm/vite@8.3.2_@types+node@24.19.0_esbuild@0.28.1_jiti@2.7.0/node_modules/vite/dist/node/chunks/node.js:26423:18)
2026-10-06T01:47:16.7660027Z       at file:///home/runner/work/cms/cms/node_modules/.pnpm/vite@8.3.2_@types+node@24.19.0_esbuild@0.28.1_jiti@2.7.0/node_modules/vite/dist/node/chunks/node.js:26493:30
2026-10-06T01:47:16.7660966Z       at async Promise.all (index 1)
2026-10-06T01:47:16.7662301Z       at TransformPluginContext.transform (file:///home/runner/work/cms/cms/node_modules/.pnpm/vite@8.3.2_@types+node@24.19.0_esbuild@0.28.1_jiti@2.7.0/node_modules/vite/dist/node/chunks/node.js:26459:4)
2026-10-06T01:47:16.7664444Z       at EnvironmentPluginContainer.transform (file:///home/runner/work/cms/cms/node_modules/.pnpm/vite@8.3.2_@types+node@24.19.0_esbuild@0.28.1_jiti@2.7.0/node_modules/vite/dist/node/chunks/node.js:8545:14)
2026-10-06T01:47:16.7666199Z       at loadAndTransform (file:///home/runner/work/cms/cms/node_modules/.pnpm/vite@8.3.2_@types+node@24.19.0_esbuild@0.28.1_jiti@2.7.0/node_modules/vite/dist/node/chunks/node.js:19988:26)
2026-10-06T01:47:16.7829619Z  [31m❯[39m [30m[43m chromium [49m[39m parity/emdash/media-admin-editor/source/packages/admin/tests/components/GalleryFocalPoint.test.ts [2m([22m[2m0 test[22m[2m)[22m
2026-10-06T01:47:16.7865301Z 
2026-10-06T01:47:16.7866616Z [31m⎯⎯⎯⎯⎯⎯[39m[1m[41m Failed Suites 2 [49m[22m[31m⎯⎯⎯⎯⎯⎯⎯[39m
2026-10-06T01:47:16.7867388Z 
2026-10-06T01:47:16.7871278Z [41m[1m FAIL [22m[49m [30m[43m chromium [49m[39m parity/emdash/media-admin-editor/source/packages/admin/tests/gallery-detail-panel.test.tsx[2m [ parity/emdash/media-admin-editor/source/packages/admin/tests/gallery-detail-panel.test.tsx ][22m
2026-10-06T01:47:16.7877190Z [31m[1mError[22m: Failed to import test file /home/runner/work/cms/cms/parity/emdash/media-admin-editor/source/packages/admin/tests/gallery-detail-panel.test.tsx[39m
2026-10-06T01:47:16.7881713Z [31m[1mCaused by: TypeError[22m: Failed to fetch dynamically imported module: http://localhost:63315/home/runner/work/cms/cms/parity/emdash/media-admin-editor/source/packages/admin/tests/gallery-detail-panel.test.tsx?import&browserv=1791251236623[39m
2026-10-06T01:47:16.7884502Z [31m[2m⎯⎯⎯⎯⎯⎯⎯⎯⎯⎯⎯⎯⎯⎯⎯⎯⎯⎯⎯⎯⎯⎯⎯⎯[1/2]⎯[22m[39m
2026-10-06T01:47:16.7885017Z 
2026-10-06T01:47:16.7887051Z [41m[1m FAIL [22m[49m [30m[43m chromium [49m[39m parity/emdash/media-admin-editor/source/packages/admin/tests/components/GalleryFocalPoint.test.ts[2m [ parity/emdash/media-admin-editor/source/packages/admin/tests/components/GalleryFocalPoint.test.ts ][22m
2026-10-06T01:47:16.7889670Z [31m[1mError[22m: Failed to import test file /home/runner/work/cms/cms/parity/emdash/media-admin-editor/source/packages/admin/tests/components/GalleryFocalPoint.test.ts[39m
2026-10-06T01:47:16.7892470Z [31m[1mCaused by: TypeError[22m: Failed to fetch dynamically imported module: http://localhost:63315/home/runner/work/cms/cms/parity/emdash/media-admin-editor/source/packages/admin/tests/components/GalleryFocalPoint.test.ts?import&browserv=1791251236760[39m
2026-10-06T01:47:16.7894159Z [31m[2m⎯⎯⎯⎯⎯⎯⎯⎯⎯⎯⎯⎯⎯⎯⎯⎯⎯⎯⎯⎯⎯⎯⎯⎯[2/2]⎯[22m[39m
2026-10-06T01:47:16.7894507Z 
2026-10-06T01:47:16.7894552Z 
2026-10-06T01:47:16.7894932Z [2m Test Files [22m [1m[31m2 failed[39m[22m[90m (2)[39m
2026-10-06T01:47:16.7895549Z [2m      Tests [22m [2mno tests[22m
2026-10-06T01:47:16.7896059Z [2m   Start at [22m 01:47:11
2026-10-06T01:47:16.7896938Z [2m   Duration [22m 5.69s[2m (transform 0ms, setup 163ms, import 0ms, tests 0ms, environment 0ms)[22m
2026-10-06T01:47:16.7897646Z 
2026-10-06T01:47:16.7906819Z JSON report written to /home/runner/work/cms/cms/media-source-results.json
2026-10-06T01:47:16.7961087Z 2026-10-06T01:47:16.795Z pw:browser [pid=2968][err] [1006/014716.792214:INFO:CONSOLE:1080] "[vite] server connection lost. Polling for restart...", source: http://localhost:63315/@vite/client (1080)
2026-10-06T01:47:16.7963950Z 2026-10-06T01:47:16.795Z pw:browser [pid=2968][err] [1006/014716.794074:INFO:CONSOLE:1211] "[vite] server connection lost. Polling for restart...", source: http://localhost:63315/__vitest_browser__/tester-BJtsJFpD.js (1211)
2026-10-06T01:47:16.8098188Z 2026-10-06T01:47:16.809Z pw:browser [pid=2968] <gracefully close start>
2026-10-06T01:47:16.8272107Z 2026-10-06T01:47:16.826Z pw:browser [pid=2968] <process did exit: exitCode=0, signal=null>
2026-10-06T01:47:16.8273222Z 2026-10-06T01:47:16.827Z pw:browser [pid=2968] starting temporary directories cleanup
2026-10-06T01:47:16.8306908Z 2026-10-06T01:47:16.830Z pw:browser [pid=2968] finished temporary directories cleanup
2026-10-06T01:47:16.8307804Z 2026-10-06T01:47:16.830Z pw:browser [pid=2968] <gracefully close end>
2026-10-06T01:47:16.8813991Z [ELIFECYCLE] Command failed with exit code 1.
2026-10-06T01:47:16.8837004Z ##[error]Process completed with exit code 1.
2026-10-06T01:47:16.8924647Z ##[group]Run actions/upload-artifact@v4
2026-10-06T01:47:16.8925004Z with:
2026-10-06T01:47:16.8925352Z   name: media-source-gallery
2026-10-06T01:47:16.8925701Z   path: media-source-results.json
2026-10-06T01:47:16.8926108Z   retention-days: 14
2026-10-06T01:47:16.8926433Z   if-no-files-found: warn
2026-10-06T01:47:16.8926755Z   compression-level: 6
2026-10-06T01:47:16.8927108Z   overwrite: false
2026-10-06T01:47:16.8927444Z   include-hidden-files: false
2026-10-06T01:47:16.8927793Z env:
2026-10-06T01:47:16.8928123Z   PNPM_HOME: /home/runner/setup-pnpm/node_modules/.bin
2026-10-06T01:47:16.8928494Z ##[endgroup]
2026-10-06T01:47:17.0543593Z (node:3034) [DEP0040] DeprecationWarning: The `punycode` module is deprecated. Please use a userland alternative instead.
2026-10-06T01:47:17.0544496Z (Use `node --trace-deprecation ...` to show where the warning was created)
2026-10-06T01:47:17.0587952Z With the provided path, there will be 1 file uploaded
2026-10-06T01:47:17.0593967Z Artifact name is valid!
2026-10-06T01:47:17.0603429Z Root directory input is valid!
2026-10-06T01:47:17.2923330Z Beginning upload of artifact content to blob storage
2026-10-06T01:47:17.3087985Z (node:3034) [DEP0169] DeprecationWarning: `url.parse()` behavior is not standardized and prone to errors that have security implications. Use the WHATWG URL API instead. CVEs are not issued for `url.parse()` vulnerabilities.
2026-10-06T01:47:17.4063957Z Uploaded bytes 550
2026-10-06T01:47:17.4372409Z Finished uploading artifact content to blob storage!
2026-10-06T01:47:17.4375042Z SHA256 digest of uploaded artifact zip is e5e49c33cc1950b83ee4cb8b00140c6980d335fb00096b83e1b953be93295e2f
2026-10-06T01:47:17.4375742Z Finalizing artifact upload
2026-10-06T01:47:17.6767584Z Artifact media-source-gallery.zip successfully finalized. Artifact ID 11385600261
2026-10-06T01:47:17.6769135Z Artifact media-source-gallery has been successfully uploaded! Final size is 550 bytes. Artifact ID is 11385600261
2026-10-06T01:47:17.6776194Z Artifact download URL: https://github.com/sveltery/cms/actions/runs/37396334940/artifacts/11385600261
2026-10-06T01:47:17.6920958Z Post job cleanup.
2026-10-06T01:47:17.8285745Z Pruning is unnecessary.
2026-10-06T01:47:17.8448356Z Post job cleanup.
2026-10-06T01:47:17.9323280Z [command]/usr/bin/git version
2026-10-06T01:47:17.9367204Z git version 2.55.0
2026-10-06T01:47:17.9413185Z Temporarily overriding HOME='/home/runner/work/_temp/dc3bcc07-8ffa-4dd8-8e54-91bf10d7a161' before making global git config changes
2026-10-06T01:47:17.9415477Z Adding repository directory to the temporary git global config as a safe directory
2026-10-06T01:47:17.9416972Z [command]/usr/bin/git config --global --add safe.directory /home/runner/work/cms/cms
2026-10-06T01:47:17.9462398Z [command]/usr/bin/git config --local --name-only --get-regexp core\.sshCommand
2026-10-06T01:47:17.9504710Z [command]/usr/bin/git submodule foreach --recursive sh -c "git config --local --name-only --get-regexp 'core\.sshCommand' && git config --local --unset-all 'core.sshCommand' || :"
2026-10-06T01:47:17.9797538Z [command]/usr/bin/git config --local --name-only --get-regexp http\.https\:\/\/github\.com\/\.extraheader
2026-10-06T01:47:17.9823203Z http.https://github.com/.extraheader
2026-10-06T01:47:17.9832890Z [command]/usr/bin/git config --local --unset-all http.https://github.com/.extraheader
2026-10-06T01:47:17.9867426Z [command]/usr/bin/git submodule foreach --recursive sh -c "git config --local --name-only --get-regexp 'http\.https\:\/\/github\.com\/\.extraheader' && git config --local --unset-all 'http.https://github.com/.extraheader' || :"
2026-10-06T01:47:18.0088272Z [command]/usr/bin/git config --local --name-only --get-regexp ^includeIf\.gitdir:
2026-10-06T01:47:18.0124194Z [command]/usr/bin/git submodule foreach --recursive git config --local --show-origin --name-only --get-regexp remote.origin.url
2026-10-06T01:47:18.0631547Z Cleaning up orphan processes
2026-10-06T01:47:18.0873446Z ##[warning]Node.js 20 is deprecated. The following actions target Node.js 20 but are being forced to run on Node.js 24: actions/checkout@v4, actions/setup-node@v4, actions/upload-artifact@v4, pnpm/action-setup@v4. For more information see: https://github.blog/changelog/2025-09-19-deprecation-of-node-20-on-github-actions-runners/
