✖ ordinary content workspace exposes the real Comments inbox (576.093875ms)
✖ ordinary content workspace exposes both installed Sections and Widgets (3.868252ms)
✖ common management links retain the pinned Comments Menus Redirects Widgets Sections order (0.143799ms)
✖ Comments remains selected while editing actual collection comment settings (0.067353ms)
✖ Sections remains selected on its actual section editor route (0.07269ms)
✖ all installed management links resolve the application base with the current descendant selected (0.073392ms)
✖ the pinned editor-level navigation hides administrator Redirects even when read capability is present (0.038098ms)
✖ read capabilities below the pinned editor display floor expose no management links (0.047883ms)
✖ Redirects selection follows the current real route without requiring an activePage override (0.062987ms)
✖ missing feature routes remain absent even for an administrator (0.065861ms)
✖ schema administration and visible collections remain reachable alongside common navigation (0.038819ms)
✖ anonymous presentation has no management links (0.116899ms)
✖ shell provides a keyboard skip link to its actual main landmark (284.983183ms)
✖ shell renders persisted collection descriptors while omitting hidden collections (6.9794ms)
✖ authenticated principals without schema permission have no administration link (0.171552ms)
✖ grouped collection navigation is a real accessible disclosure (0.068695ms)
✖ collection navigation resolves the application base and actual active descendant path (2.127516ms)
✖ shell has an accessible navigation toggle and controlled sidebar landmark (0.102937ms)
✖ unavailable feature families are not advertised as working destinations (0.05848ms)
ℹ tests 19
ℹ suites 0
ℹ pass 0
ℹ fail 19
ℹ cancelled 0
ℹ skipped 0
ℹ todo 0
ℹ duration_ms 1420.334089

✖ failing tests:

test at tests/common-navigation-ui.test.ts:52:1
✖ ordinary content workspace exposes the real Comments inbox (576.093875ms)
  Error [ERR_MODULE_NOT_FOUND]: Cannot find module '/workspace/cms-dashboard-welcome-ui/tests/admin-app/WorkspaceAccount.svelte' imported from /workspace/cms-dashboard-welcome-ui/tests/.common-navigation-display-5DP1hx/WorkspaceShell.js
      at finalizeResolution (node:internal/modules/esm/resolve:271:11)
      at moduleResolve (node:internal/modules/esm/resolve:865:10)
      at defaultResolve (node:internal/modules/esm/resolve:992:11)
      at #cachedDefaultResolve (node:internal/modules/esm/loader:701:20)
      at #resolveAndMaybeBlockOnLoaderThread (node:internal/modules/esm/loader:721:38)
      at ModuleLoader.resolveSync (node:internal/modules/esm/loader:759:56)
      at #resolve (node:internal/modules/esm/loader:683:17)
      at ModuleLoader.getOrCreateModuleJob (node:internal/modules/esm/loader:603:35)
      at ModuleJob.syncLink (node:internal/modules/esm/module_job:163:33)
      at ModuleJob.link (node:internal/modules/esm/module_job:253:17) {
    code: 'ERR_MODULE_NOT_FOUND',
    url: 'file:///workspace/cms-dashboard-welcome-ui/tests/admin-app/WorkspaceAccount.svelte'
  }

test at tests/common-navigation-ui.test.ts:55:1
✖ ordinary content workspace exposes both installed Sections and Widgets (3.868252ms)
  Error [ERR_MODULE_NOT_FOUND]: Cannot find module '/workspace/cms-dashboard-welcome-ui/tests/admin-app/WorkspaceAccount.svelte' imported from /workspace/cms-dashboard-welcome-ui/tests/.common-navigation-display-5DP1hx/WorkspaceShell.js
      at finalizeResolution (node:internal/modules/esm/resolve:271:11)
      at moduleResolve (node:internal/modules/esm/resolve:865:10)
      at defaultResolve (node:internal/modules/esm/resolve:992:11)
      at #cachedDefaultResolve (node:internal/modules/esm/loader:701:20)
      at #resolveAndMaybeBlockOnLoaderThread (node:internal/modules/esm/loader:721:38)
      at ModuleLoader.resolveSync (node:internal/modules/esm/loader:759:56)
      at #resolve (node:internal/modules/esm/loader:683:17)
      at ModuleLoader.getOrCreateModuleJob (node:internal/modules/esm/loader:603:35)
      at ModuleJob.syncLink (node:internal/modules/esm/module_job:163:33)
      at ModuleJob.link (node:internal/modules/esm/module_job:253:17) {
    code: 'ERR_MODULE_NOT_FOUND',
    url: 'file:///workspace/cms-dashboard-welcome-ui/tests/admin-app/WorkspaceAccount.svelte'
  }

test at tests/common-navigation-ui.test.ts:60:1
✖ common management links retain the pinned Comments Menus Redirects Widgets Sections order (0.143799ms)
  Error [ERR_MODULE_NOT_FOUND]: Cannot find module '/workspace/cms-dashboard-welcome-ui/tests/admin-app/WorkspaceAccount.svelte' imported from /workspace/cms-dashboard-welcome-ui/tests/.common-navigation-display-5DP1hx/WorkspaceShell.js
      at finalizeResolution (node:internal/modules/esm/resolve:271:11)
      at moduleResolve (node:internal/modules/esm/resolve:865:10)
      at defaultResolve (node:internal/modules/esm/resolve:992:11)
      at #cachedDefaultResolve (node:internal/modules/esm/loader:701:20)
      at #resolveAndMaybeBlockOnLoaderThread (node:internal/modules/esm/loader:721:38)
      at ModuleLoader.resolveSync (node:internal/modules/esm/loader:759:56)
      at #resolve (node:internal/modules/esm/loader:683:17)
      at ModuleLoader.getOrCreateModuleJob (node:internal/modules/esm/loader:603:35)
      at ModuleJob.syncLink (node:internal/modules/esm/module_job:163:33)
      at ModuleJob.link (node:internal/modules/esm/module_job:253:17) {
    code: 'ERR_MODULE_NOT_FOUND',
    url: 'file:///workspace/cms-dashboard-welcome-ui/tests/admin-app/WorkspaceAccount.svelte'
  }

test at tests/common-navigation-ui.test.ts:66:1
✖ Comments remains selected while editing actual collection comment settings (0.067353ms)
  Error [ERR_MODULE_NOT_FOUND]: Cannot find module '/workspace/cms-dashboard-welcome-ui/tests/admin-app/WorkspaceAccount.svelte' imported from /workspace/cms-dashboard-welcome-ui/tests/.common-navigation-display-5DP1hx/WorkspaceShell.js
      at finalizeResolution (node:internal/modules/esm/resolve:271:11)
      at moduleResolve (node:internal/modules/esm/resolve:865:10)
      at defaultResolve (node:internal/modules/esm/resolve:992:11)
      at #cachedDefaultResolve (node:internal/modules/esm/loader:701:20)
      at #resolveAndMaybeBlockOnLoaderThread (node:internal/modules/esm/loader:721:38)
      at ModuleLoader.resolveSync (node:internal/modules/esm/loader:759:56)
      at #resolve (node:internal/modules/esm/loader:683:17)
      at ModuleLoader.getOrCreateModuleJob (node:internal/modules/esm/loader:603:35)
      at ModuleJob.syncLink (node:internal/modules/esm/module_job:163:33)
      at ModuleJob.link (node:internal/modules/esm/module_job:253:17) {
    code: 'ERR_MODULE_NOT_FOUND',
    url: 'file:///workspace/cms-dashboard-welcome-ui/tests/admin-app/WorkspaceAccount.svelte'
  }

test at tests/common-navigation-ui.test.ts:69:1
✖ Sections remains selected on its actual section editor route (0.07269ms)
  Error [ERR_MODULE_NOT_FOUND]: Cannot find module '/workspace/cms-dashboard-welcome-ui/tests/admin-app/WorkspaceAccount.svelte' imported from /workspace/cms-dashboard-welcome-ui/tests/.common-navigation-display-5DP1hx/WorkspaceShell.js
      at finalizeResolution (node:internal/modules/esm/resolve:271:11)
      at moduleResolve (node:internal/modules/esm/resolve:865:10)
      at defaultResolve (node:internal/modules/esm/resolve:992:11)
      at #cachedDefaultResolve (node:internal/modules/esm/loader:701:20)
      at #resolveAndMaybeBlockOnLoaderThread (node:internal/modules/esm/loader:721:38)
      at ModuleLoader.resolveSync (node:internal/modules/esm/loader:759:56)
      at #resolve (node:internal/modules/esm/loader:683:17)
      at ModuleLoader.getOrCreateModuleJob (node:internal/modules/esm/loader:603:35)
      at ModuleJob.syncLink (node:internal/modules/esm/module_job:163:33)
      at ModuleJob.link (node:internal/modules/esm/module_job:253:17) {
    code: 'ERR_MODULE_NOT_FOUND',
    url: 'file:///workspace/cms-dashboard-welcome-ui/tests/admin-app/WorkspaceAccount.svelte'
  }

test at tests/common-navigation-ui.test.ts:72:1
✖ all installed management links resolve the application base with the current descendant selected (0.073392ms)
  Error [ERR_MODULE_NOT_FOUND]: Cannot find module '/workspace/cms-dashboard-welcome-ui/tests/admin-app/WorkspaceAccount.svelte' imported from /workspace/cms-dashboard-welcome-ui/tests/.common-navigation-display-5DP1hx/WorkspaceShell.js
      at finalizeResolution (node:internal/modules/esm/resolve:271:11)
      at moduleResolve (node:internal/modules/esm/resolve:865:10)
      at defaultResolve (node:internal/modules/esm/resolve:992:11)
      at #cachedDefaultResolve (node:internal/modules/esm/loader:701:20)
      at #resolveAndMaybeBlockOnLoaderThread (node:internal/modules/esm/loader:721:38)
      at ModuleLoader.resolveSync (node:internal/modules/esm/loader:759:56)
      at #resolve (node:internal/modules/esm/loader:683:17)
      at ModuleLoader.getOrCreateModuleJob (node:internal/modules/esm/loader:603:35)
      at ModuleJob.syncLink (node:internal/modules/esm/module_job:163:33)
      at ModuleJob.link (node:internal/modules/esm/module_job:253:17) {
    code: 'ERR_MODULE_NOT_FOUND',
    url: 'file:///workspace/cms-dashboard-welcome-ui/tests/admin-app/WorkspaceAccount.svelte'
  }

test at tests/common-navigation-ui.test.ts:80:1
✖ the pinned editor-level navigation hides administrator Redirects even when read capability is present (0.038098ms)
  Error [ERR_MODULE_NOT_FOUND]: Cannot find module '/workspace/cms-dashboard-welcome-ui/tests/admin-app/WorkspaceAccount.svelte' imported from /workspace/cms-dashboard-welcome-ui/tests/.common-navigation-display-5DP1hx/WorkspaceShell.js
      at finalizeResolution (node:internal/modules/esm/resolve:271:11)
      at moduleResolve (node:internal/modules/esm/resolve:865:10)
      at defaultResolve (node:internal/modules/esm/resolve:992:11)
      at #cachedDefaultResolve (node:internal/modules/esm/loader:701:20)
      at #resolveAndMaybeBlockOnLoaderThread (node:internal/modules/esm/loader:721:38)
      at ModuleLoader.resolveSync (node:internal/modules/esm/loader:759:56)
      at #resolve (node:internal/modules/esm/loader:683:17)
      at ModuleLoader.getOrCreateModuleJob (node:internal/modules/esm/loader:603:35)
      at ModuleJob.syncLink (node:internal/modules/esm/module_job:163:33)
      at ModuleJob.link (node:internal/modules/esm/module_job:253:17) {
    code: 'ERR_MODULE_NOT_FOUND',
    url: 'file:///workspace/cms-dashboard-welcome-ui/tests/admin-app/WorkspaceAccount.svelte'
  }

test at tests/common-navigation-ui.test.ts:86:1
✖ read capabilities below the pinned editor display floor expose no management links (0.047883ms)
  Error [ERR_MODULE_NOT_FOUND]: Cannot find module '/workspace/cms-dashboard-welcome-ui/tests/admin-app/WorkspaceAccount.svelte' imported from /workspace/cms-dashboard-welcome-ui/tests/.common-navigation-display-5DP1hx/WorkspaceShell.js
      at finalizeResolution (node:internal/modules/esm/resolve:271:11)
      at moduleResolve (node:internal/modules/esm/resolve:865:10)
      at defaultResolve (node:internal/modules/esm/resolve:992:11)
      at #cachedDefaultResolve (node:internal/modules/esm/loader:701:20)
      at #resolveAndMaybeBlockOnLoaderThread (node:internal/modules/esm/loader:721:38)
      at ModuleLoader.resolveSync (node:internal/modules/esm/loader:759:56)
      at #resolve (node:internal/modules/esm/loader:683:17)
      at ModuleLoader.getOrCreateModuleJob (node:internal/modules/esm/loader:603:35)
      at ModuleJob.syncLink (node:internal/modules/esm/module_job:163:33)
      at ModuleJob.link (node:internal/modules/esm/module_job:253:17) {
    code: 'ERR_MODULE_NOT_FOUND',
    url: 'file:///workspace/cms-dashboard-welcome-ui/tests/admin-app/WorkspaceAccount.svelte'
  }

test at tests/common-navigation-ui.test.ts:91:1
✖ Redirects selection follows the current real route without requiring an activePage override (0.062987ms)
  Error [ERR_MODULE_NOT_FOUND]: Cannot find module '/workspace/cms-dashboard-welcome-ui/tests/admin-app/WorkspaceAccount.svelte' imported from /workspace/cms-dashboard-welcome-ui/tests/.common-navigation-display-5DP1hx/WorkspaceShell.js
      at finalizeResolution (node:internal/modules/esm/resolve:271:11)
      at moduleResolve (node:internal/modules/esm/resolve:865:10)
      at defaultResolve (node:internal/modules/esm/resolve:992:11)
      at #cachedDefaultResolve (node:internal/modules/esm/loader:701:20)
      at #resolveAndMaybeBlockOnLoaderThread (node:internal/modules/esm/loader:721:38)
      at ModuleLoader.resolveSync (node:internal/modules/esm/loader:759:56)
      at #resolve (node:internal/modules/esm/loader:683:17)
      at ModuleLoader.getOrCreateModuleJob (node:internal/modules/esm/loader:603:35)
      at ModuleJob.syncLink (node:internal/modules/esm/module_job:163:33)
      at ModuleJob.link (node:internal/modules/esm/module_job:253:17) {
    code: 'ERR_MODULE_NOT_FOUND',
    url: 'file:///workspace/cms-dashboard-welcome-ui/tests/admin-app/WorkspaceAccount.svelte'
  }

test at tests/common-navigation-ui.test.ts:94:1
✖ missing feature routes remain absent even for an administrator (0.065861ms)
  Error [ERR_MODULE_NOT_FOUND]: Cannot find module '/workspace/cms-dashboard-welcome-ui/tests/admin-app/WorkspaceAccount.svelte' imported from /workspace/cms-dashboard-welcome-ui/tests/.common-navigation-display-5DP1hx/WorkspaceShell.js
      at finalizeResolution (node:internal/modules/esm/resolve:271:11)
      at moduleResolve (node:internal/modules/esm/resolve:865:10)
      at defaultResolve (node:internal/modules/esm/resolve:992:11)
      at #cachedDefaultResolve (node:internal/modules/esm/loader:701:20)
      at #resolveAndMaybeBlockOnLoaderThread (node:internal/modules/esm/loader:721:38)
      at ModuleLoader.resolveSync (node:internal/modules/esm/loader:759:56)
      at #resolve (node:internal/modules/esm/loader:683:17)
      at ModuleLoader.getOrCreateModuleJob (node:internal/modules/esm/loader:603:35)
      at ModuleJob.syncLink (node:internal/modules/esm/module_job:163:33)
      at ModuleJob.link (node:internal/modules/esm/module_job:253:17) {
    code: 'ERR_MODULE_NOT_FOUND',
    url: 'file:///workspace/cms-dashboard-welcome-ui/tests/admin-app/WorkspaceAccount.svelte'
  }

test at tests/common-navigation-ui.test.ts:97:1
✖ schema administration and visible collections remain reachable alongside common navigation (0.038819ms)
  Error [ERR_MODULE_NOT_FOUND]: Cannot find module '/workspace/cms-dashboard-welcome-ui/tests/admin-app/WorkspaceAccount.svelte' imported from /workspace/cms-dashboard-welcome-ui/tests/.common-navigation-display-5DP1hx/WorkspaceShell.js
      at finalizeResolution (node:internal/modules/esm/resolve:271:11)
      at moduleResolve (node:internal/modules/esm/resolve:865:10)
      at defaultResolve (node:internal/modules/esm/resolve:992:11)
      at #cachedDefaultResolve (node:internal/modules/esm/loader:701:20)
      at #resolveAndMaybeBlockOnLoaderThread (node:internal/modules/esm/loader:721:38)
      at ModuleLoader.resolveSync (node:internal/modules/esm/loader:759:56)
      at #resolve (node:internal/modules/esm/loader:683:17)
      at ModuleLoader.getOrCreateModuleJob (node:internal/modules/esm/loader:603:35)
      at ModuleJob.syncLink (node:internal/modules/esm/module_job:163:33)
      at ModuleJob.link (node:internal/modules/esm/module_job:253:17) {
    code: 'ERR_MODULE_NOT_FOUND',
    url: 'file:///workspace/cms-dashboard-welcome-ui/tests/admin-app/WorkspaceAccount.svelte'
  }

test at tests/common-navigation-ui.test.ts:103:1
✖ anonymous presentation has no management links (0.116899ms)
  Error [ERR_MODULE_NOT_FOUND]: Cannot find module '/workspace/cms-dashboard-welcome-ui/tests/admin-app/WorkspaceAccount.svelte' imported from /workspace/cms-dashboard-welcome-ui/tests/.common-navigation-display-5DP1hx/WorkspaceShell.js
      at finalizeResolution (node:internal/modules/esm/resolve:271:11)
      at moduleResolve (node:internal/modules/esm/resolve:865:10)
      at defaultResolve (node:internal/modules/esm/resolve:992:11)
      at #cachedDefaultResolve (node:internal/modules/esm/loader:701:20)
      at #resolveAndMaybeBlockOnLoaderThread (node:internal/modules/esm/loader:721:38)
      at ModuleLoader.resolveSync (node:internal/modules/esm/loader:759:56)
      at #resolve (node:internal/modules/esm/loader:683:17)
      at ModuleLoader.getOrCreateModuleJob (node:internal/modules/esm/loader:603:35)
      at ModuleJob.syncLink (node:internal/modules/esm/module_job:163:33)
      at ModuleJob.link (node:internal/modules/esm/module_job:253:17) {
    code: 'ERR_MODULE_NOT_FOUND',
    url: 'file:///workspace/cms-dashboard-welcome-ui/tests/admin-app/WorkspaceAccount.svelte'
  }

test at tests/workspace-shell-ui.test.ts:49:1
✖ shell provides a keyboard skip link to its actual main landmark (284.983183ms)
  Error [ERR_MODULE_NOT_FOUND]: Cannot find module '/workspace/cms-dashboard-welcome-ui/tests/admin-app/WorkspaceAccount.svelte' imported from /workspace/cms-dashboard-welcome-ui/tests/.workspace-shell-display-NxjuPH/WorkspaceShell.js
      at finalizeResolution (node:internal/modules/esm/resolve:271:11)
      at moduleResolve (node:internal/modules/esm/resolve:865:10)
      at defaultResolve (node:internal/modules/esm/resolve:992:11)
      at #cachedDefaultResolve (node:internal/modules/esm/loader:701:20)
      at #resolveAndMaybeBlockOnLoaderThread (node:internal/modules/esm/loader:721:38)
      at ModuleLoader.resolveSync (node:internal/modules/esm/loader:759:56)
      at #resolve (node:internal/modules/esm/loader:683:17)
      at ModuleLoader.getOrCreateModuleJob (node:internal/modules/esm/loader:603:35)
      at ModuleJob.syncLink (node:internal/modules/esm/module_job:163:33)
      at ModuleJob.link (node:internal/modules/esm/module_job:253:17) {
    code: 'ERR_MODULE_NOT_FOUND',
    url: 'file:///workspace/cms-dashboard-welcome-ui/tests/admin-app/WorkspaceAccount.svelte'
  }

test at tests/workspace-shell-ui.test.ts:54:1
✖ shell renders persisted collection descriptors while omitting hidden collections (6.9794ms)
  Error [ERR_MODULE_NOT_FOUND]: Cannot find module '/workspace/cms-dashboard-welcome-ui/tests/admin-app/WorkspaceAccount.svelte' imported from /workspace/cms-dashboard-welcome-ui/tests/.workspace-shell-display-NxjuPH/WorkspaceShell.js
      at finalizeResolution (node:internal/modules/esm/resolve:271:11)
      at moduleResolve (node:internal/modules/esm/resolve:865:10)
      at defaultResolve (node:internal/modules/esm/resolve:992:11)
      at #cachedDefaultResolve (node:internal/modules/esm/loader:701:20)
      at #resolveAndMaybeBlockOnLoaderThread (node:internal/modules/esm/loader:721:38)
      at ModuleLoader.resolveSync (node:internal/modules/esm/loader:759:56)
      at #resolve (node:internal/modules/esm/loader:683:17)
      at ModuleLoader.getOrCreateModuleJob (node:internal/modules/esm/loader:603:35)
      at ModuleJob.syncLink (node:internal/modules/esm/module_job:163:33)
      at ModuleJob.link (node:internal/modules/esm/module_job:253:17) {
    code: 'ERR_MODULE_NOT_FOUND',
    url: 'file:///workspace/cms-dashboard-welcome-ui/tests/admin-app/WorkspaceAccount.svelte'
  }

test at tests/workspace-shell-ui.test.ts:59:1
✖ authenticated principals without schema permission have no administration link (0.171552ms)
  Error [ERR_MODULE_NOT_FOUND]: Cannot find module '/workspace/cms-dashboard-welcome-ui/tests/admin-app/WorkspaceAccount.svelte' imported from /workspace/cms-dashboard-welcome-ui/tests/.workspace-shell-display-NxjuPH/WorkspaceShell.js
      at finalizeResolution (node:internal/modules/esm/resolve:271:11)
      at moduleResolve (node:internal/modules/esm/resolve:865:10)
      at defaultResolve (node:internal/modules/esm/resolve:992:11)
      at #cachedDefaultResolve (node:internal/modules/esm/loader:701:20)
      at #resolveAndMaybeBlockOnLoaderThread (node:internal/modules/esm/loader:721:38)
      at ModuleLoader.resolveSync (node:internal/modules/esm/loader:759:56)
      at #resolve (node:internal/modules/esm/loader:683:17)
      at ModuleLoader.getOrCreateModuleJob (node:internal/modules/esm/loader:603:35)
      at ModuleJob.syncLink (node:internal/modules/esm/module_job:163:33)
      at ModuleJob.link (node:internal/modules/esm/module_job:253:17) {
    code: 'ERR_MODULE_NOT_FOUND',
    url: 'file:///workspace/cms-dashboard-welcome-ui/tests/admin-app/WorkspaceAccount.svelte'
  }

test at tests/workspace-shell-ui.test.ts:62:1
✖ grouped collection navigation is a real accessible disclosure (0.068695ms)
  Error [ERR_MODULE_NOT_FOUND]: Cannot find module '/workspace/cms-dashboard-welcome-ui/tests/admin-app/WorkspaceAccount.svelte' imported from /workspace/cms-dashboard-welcome-ui/tests/.workspace-shell-display-NxjuPH/WorkspaceShell.js
      at finalizeResolution (node:internal/modules/esm/resolve:271:11)
      at moduleResolve (node:internal/modules/esm/resolve:865:10)
      at defaultResolve (node:internal/modules/esm/resolve:992:11)
      at #cachedDefaultResolve (node:internal/modules/esm/loader:701:20)
      at #resolveAndMaybeBlockOnLoaderThread (node:internal/modules/esm/loader:721:38)
      at ModuleLoader.resolveSync (node:internal/modules/esm/loader:759:56)
      at #resolve (node:internal/modules/esm/loader:683:17)
      at ModuleLoader.getOrCreateModuleJob (node:internal/modules/esm/loader:603:35)
      at ModuleJob.syncLink (node:internal/modules/esm/module_job:163:33)
      at ModuleJob.link (node:internal/modules/esm/module_job:253:17) {
    code: 'ERR_MODULE_NOT_FOUND',
    url: 'file:///workspace/cms-dashboard-welcome-ui/tests/admin-app/WorkspaceAccount.svelte'
  }

test at tests/workspace-shell-ui.test.ts:68:1
✖ collection navigation resolves the application base and actual active descendant path (2.127516ms)
  Error [ERR_MODULE_NOT_FOUND]: Cannot find module '/workspace/cms-dashboard-welcome-ui/tests/admin-app/WorkspaceAccount.svelte' imported from /workspace/cms-dashboard-welcome-ui/tests/.workspace-shell-display-NxjuPH/WorkspaceShell.js
      at finalizeResolution (node:internal/modules/esm/resolve:271:11)
      at moduleResolve (node:internal/modules/esm/resolve:865:10)
      at defaultResolve (node:internal/modules/esm/resolve:992:11)
      at #cachedDefaultResolve (node:internal/modules/esm/loader:701:20)
      at #resolveAndMaybeBlockOnLoaderThread (node:internal/modules/esm/loader:721:38)
      at ModuleLoader.resolveSync (node:internal/modules/esm/loader:759:56)
      at #resolve (node:internal/modules/esm/loader:683:17)
      at ModuleLoader.getOrCreateModuleJob (node:internal/modules/esm/loader:603:35)
      at ModuleJob.syncLink (node:internal/modules/esm/module_job:163:33)
      at ModuleJob.link (node:internal/modules/esm/module_job:253:17) {
    code: 'ERR_MODULE_NOT_FOUND',
    url: 'file:///workspace/cms-dashboard-welcome-ui/tests/admin-app/WorkspaceAccount.svelte'
  }

test at tests/workspace-shell-ui.test.ts:73:1
✖ shell has an accessible navigation toggle and controlled sidebar landmark (0.102937ms)
  Error [ERR_MODULE_NOT_FOUND]: Cannot find module '/workspace/cms-dashboard-welcome-ui/tests/admin-app/WorkspaceAccount.svelte' imported from /workspace/cms-dashboard-welcome-ui/tests/.workspace-shell-display-NxjuPH/WorkspaceShell.js
      at finalizeResolution (node:internal/modules/esm/resolve:271:11)
      at moduleResolve (node:internal/modules/esm/resolve:865:10)
      at defaultResolve (node:internal/modules/esm/resolve:992:11)
      at #cachedDefaultResolve (node:internal/modules/esm/loader:701:20)
      at #resolveAndMaybeBlockOnLoaderThread (node:internal/modules/esm/loader:721:38)
      at ModuleLoader.resolveSync (node:internal/modules/esm/loader:759:56)
      at #resolve (node:internal/modules/esm/loader:683:17)
      at ModuleLoader.getOrCreateModuleJob (node:internal/modules/esm/loader:603:35)
      at ModuleJob.syncLink (node:internal/modules/esm/module_job:163:33)
      at ModuleJob.link (node:internal/modules/esm/module_job:253:17) {
    code: 'ERR_MODULE_NOT_FOUND',
    url: 'file:///workspace/cms-dashboard-welcome-ui/tests/admin-app/WorkspaceAccount.svelte'
  }

test at tests/workspace-shell-ui.test.ts:78:1
✖ unavailable feature families are not advertised as working destinations (0.05848ms)
  Error [ERR_MODULE_NOT_FOUND]: Cannot find module '/workspace/cms-dashboard-welcome-ui/tests/admin-app/WorkspaceAccount.svelte' imported from /workspace/cms-dashboard-welcome-ui/tests/.workspace-shell-display-NxjuPH/WorkspaceShell.js
      at finalizeResolution (node:internal/modules/esm/resolve:271:11)
      at moduleResolve (node:internal/modules/esm/resolve:865:10)
      at defaultResolve (node:internal/modules/esm/resolve:992:11)
      at #cachedDefaultResolve (node:internal/modules/esm/loader:701:20)
      at #resolveAndMaybeBlockOnLoaderThread (node:internal/modules/esm/loader:721:38)
      at ModuleLoader.resolveSync (node:internal/modules/esm/loader:759:56)
      at #resolve (node:internal/modules/esm/loader:683:17)
      at ModuleLoader.getOrCreateModuleJob (node:internal/modules/esm/loader:603:35)
      at ModuleJob.syncLink (node:internal/modules/esm/module_job:163:33)
      at ModuleJob.link (node:internal/modules/esm/module_job:253:17) {
    code: 'ERR_MODULE_NOT_FOUND',
    url: 'file:///workspace/cms-dashboard-welcome-ui/tests/admin-app/WorkspaceAccount.svelte'
  }
