✔ ordinary content workspace exposes the real Comments inbox (519.606528ms)
✔ ordinary content workspace exposes both installed Sections and Widgets (1.169187ms)
✔ common management links retain the pinned Comments Menus Redirects Widgets Sections order (2.710566ms)
✔ Comments remains selected while editing actual collection comment settings (2.05773ms)
✔ Sections remains selected on its actual section editor route (0.799508ms)
✔ all installed management links resolve the application base with the current descendant selected (6.428674ms)
✔ the pinned editor-level navigation hides administrator Redirects even when read capability is present (0.953772ms)
✔ read capabilities below the pinned editor display floor expose no management links (1.911418ms)
✔ Redirects selection follows the current real route without requiring an activePage override (1.97217ms)
✔ missing feature routes remain absent even for an administrator (0.793028ms)
✔ schema administration and visible collections remain reachable alongside common navigation (0.54258ms)
✔ anonymous presentation has no management links (0.379683ms)
✔ shell provides a keyboard skip link to its actual main landmark (559.677428ms)
✔ shell renders persisted collection descriptors while omitting hidden collections (1.295567ms)
✔ authenticated principals without schema permission have no administration link (0.672236ms)
✔ grouped collection navigation is a real accessible disclosure (1.088906ms)
✔ collection navigation resolves the application base and actual active descendant path (7.247011ms)
✔ shell has an accessible navigation toggle and controlled sidebar landmark (0.873891ms)
✔ unavailable feature families are not advertised as working destinations (1.23076ms)
ℹ tests 19
ℹ suites 0
ℹ pass 19
ℹ fail 0
ℹ cancelled 0
ℹ skipped 0
ℹ todo 0
ℹ duration_ms 2027.075809
