$ vite build
vite v8.3.2 building ssr environment for production...
transforming...
✓ 540 modules transformed.
rendering chunks...
vite v8.3.2 building client environment for production...
transforming...
✓ 365 modules transformed.
rendering chunks...
computing gzip size...
.svelte-kit/output/client/_app/version.json                                   0.02 kB │ gzip:  0.04 kB
.svelte-kit/output/client/.vite/manifest.json                                15.44 kB │ gzip:  1.84 kB
.svelte-kit/output/client/_app/immutable/assets/20.DrcXZYa3.css               0.17 kB │ gzip:  0.13 kB
.svelte-kit/output/client/_app/immutable/assets/MenuDialog.CSb6g0e0.css       0.20 kB │ gzip:  0.17 kB
.svelte-kit/output/client/_app/immutable/assets/6.Dcp-D_B2.css                0.22 kB │ gzip:  0.15 kB
.svelte-kit/output/client/_app/immutable/assets/21.gKqYElxg.css               0.36 kB │ gzip:  0.22 kB
.svelte-kit/output/client/_app/immutable/assets/EditorForm.BHWZld0R.css       0.44 kB │ gzip:  0.23 kB
.svelte-kit/output/client/_app/immutable/assets/DraftPreview.fwW3PV90.css     0.48 kB │ gzip:  0.25 kB
.svelte-kit/output/client/_app/immutable/assets/8.CVJ5M564.css                0.57 kB │ gzip:  0.29 kB
.svelte-kit/output/client/_app/immutable/assets/16.B4jjrLtW.css               0.68 kB │ gzip:  0.31 kB
.svelte-kit/output/client/_app/immutable/assets/13.CccxuyKJ.css               0.70 kB │ gzip:  0.35 kB
.svelte-kit/output/client/_app/immutable/assets/17.DYOooGE9.css               1.60 kB │ gzip:  0.40 kB
.svelte-kit/output/client/_app/immutable/assets/14.C1Ra8cmf.css               2.18 kB │ gzip:  0.68 kB
.svelte-kit/output/client/_app/immutable/assets/15.CvGkr_1p.css               2.27 kB │ gzip:  0.85 kB
.svelte-kit/output/client/_app/immutable/assets/admin.CSBm7Oz-.css            2.57 kB │ gzip:  0.88 kB
.svelte-kit/output/client/_app/immutable/assets/7.D2HNaFcR.css                3.13 kB │ gzip:  0.93 kB
.svelte-kit/output/client/_app/immutable/assets/WorkspaceShell.DI-rRAlw.css  39.09 kB │ gzip:  5.74 kB
.svelte-kit/output/client/_app/immutable/chunks/C3iC5bcl.js                   0.02 kB │ gzip:  0.04 kB
.svelte-kit/output/client/_app/immutable/nodes/2.jeR0z0to.js                  0.06 kB │ gzip:  0.08 kB
.svelte-kit/output/client/_app/immutable/nodes/3.jeR0z0to.js                  0.06 kB │ gzip:  0.08 kB
.svelte-kit/output/client/_app/immutable/nodes/4.jeR0z0to.js                  0.06 kB │ gzip:  0.08 kB
.svelte-kit/output/client/_app/immutable/nodes/5.jeR0z0to.js                  0.06 kB │ gzip:  0.08 kB
.svelte-kit/output/client/_app/immutable/entry/start.CUBUmA0h.js              0.08 kB │ gzip:  0.09 kB
.svelte-kit/output/client/_app/immutable/chunks/4UOtecw_.js                   0.10 kB │ gzip:  0.11 kB
.svelte-kit/output/client/_app/immutable/chunks/DAFmNtUq.js                   0.15 kB │ gzip:  0.14 kB
.svelte-kit/output/client/_app/immutable/chunks/C_u_kXFc.js                   0.15 kB │ gzip:  0.14 kB
.svelte-kit/output/client/_app/immutable/chunks/BeMOnYEs.js                   0.25 kB │ gzip:  0.19 kB
.svelte-kit/output/client/_app/immutable/chunks/UDX2z0I3.js                   0.29 kB │ gzip:  0.16 kB
.svelte-kit/output/client/_app/immutable/chunks/CxHKSg_y.js                   0.34 kB │ gzip:  0.19 kB
.svelte-kit/output/client/_app/immutable/nodes/1.BsqRt_dq.js                  0.35 kB │ gzip:  0.26 kB
.svelte-kit/output/client/_app/immutable/nodes/0.CnF-aEYU.js                  0.42 kB │ gzip:  0.28 kB
.svelte-kit/output/client/_app/immutable/chunks/D-uXKt13.js                   0.44 kB │ gzip:  0.21 kB
.svelte-kit/output/client/_app/immutable/chunks/CVxkVKuJ.js                   0.66 kB │ gzip:  0.44 kB
.svelte-kit/output/client/_app/immutable/chunks/Bjy-W4x2.js                   1.36 kB │ gzip:  0.65 kB
.svelte-kit/output/client/_app/immutable/chunks/DYqxRLhk.js                   1.51 kB │ gzip:  0.76 kB
.svelte-kit/output/client/_app/immutable/nodes/6.C4d5xAOk.js                  1.86 kB │ gzip:  1.03 kB
.svelte-kit/output/client/_app/immutable/chunks/B0TChyy9.js                   1.97 kB │ gzip:  0.75 kB
.svelte-kit/output/client/_app/immutable/chunks/C_aDlaWP.js                   2.82 kB │ gzip:  1.24 kB
.svelte-kit/output/client/_app/immutable/nodes/10.mMiT9xNX.js                 3.00 kB │ gzip:  1.36 kB
.svelte-kit/output/client/_app/immutable/nodes/20.DPrSwDXq.js                 3.07 kB │ gzip:  1.52 kB
.svelte-kit/output/client/_app/immutable/nodes/12.BMDdi6At.js                 3.42 kB │ gzip:  1.64 kB
.svelte-kit/output/client/_app/immutable/chunks/CEhtMEE4.js                   3.52 kB │ gzip:  1.20 kB
.svelte-kit/output/client/_app/immutable/chunks/BDLzoc7C.js                   3.92 kB │ gzip:  1.21 kB
.svelte-kit/output/client/_app/immutable/nodes/8.Ctpxb7RK.js                  4.32 kB │ gzip:  1.95 kB
.svelte-kit/output/client/_app/immutable/nodes/16.DTranwpd.js                 5.19 kB │ gzip:  2.10 kB
.svelte-kit/output/client/_app/immutable/nodes/11.k1yY0MNO.js                 5.90 kB │ gzip:  1.99 kB
.svelte-kit/output/client/_app/immutable/nodes/19.C1cGFtSs.js                 5.90 kB │ gzip:  2.63 kB
.svelte-kit/output/client/_app/immutable/nodes/13.D71L6dbo.js                 6.03 kB │ gzip:  2.53 kB
.svelte-kit/output/client/_app/immutable/nodes/9.C1XpHmti.js                  6.13 kB │ gzip:  2.22 kB
.svelte-kit/output/client/_app/immutable/nodes/21.Dj6LkKUa.js                 6.48 kB │ gzip:  2.65 kB
.svelte-kit/output/client/_app/immutable/nodes/18.J79PiHoE.js                 8.09 kB │ gzip:  3.37 kB
.svelte-kit/output/client/_app/immutable/entry/app.BMe1RoQn.js                9.61 kB │ gzip:  3.52 kB
.svelte-kit/output/client/_app/immutable/nodes/22.D7ALfcej.js                13.94 kB │ gzip:  5.15 kB
.svelte-kit/output/client/_app/immutable/chunks/sGCaEomb.js                  14.34 kB │ gzip:  5.41 kB
.svelte-kit/output/client/_app/immutable/nodes/15.q26RaEoy.js                14.47 kB │ gzip:  5.06 kB
.svelte-kit/output/client/_app/immutable/nodes/7.CVKJMRpz.js                 15.61 kB │ gzip:  5.39 kB
.svelte-kit/output/client/_app/immutable/chunks/Bh6FnA9o.js                  16.72 kB │ gzip:  6.37 kB
.svelte-kit/output/client/_app/immutable/nodes/17.ZRC1qacM.js                17.87 kB │ gzip:  4.94 kB
.svelte-kit/output/client/_app/immutable/nodes/14.DzTbuJly.js                20.33 kB │ gzip:  7.14 kB
.svelte-kit/output/client/_app/immutable/chunks/Bpv1duhu.js                  33.52 kB │ gzip:  9.80 kB
.svelte-kit/output/client/_app/immutable/chunks/D-qUGlaV.js                  39.39 kB │ gzip: 15.90 kB
.svelte-kit/output/client/_app/immutable/chunks/CK4WSN1d.js                  43.62 kB │ gzip: 15.98 kB
.svelte-kit/output/client/_app/immutable/chunks/Bl_xBNqa.js                  56.93 kB │ gzip: 21.59 kB

[33m[MODULE_LEVEL_DIRECTIVE] [0mThe semantics of the module level directive "use client" in "node_modules/.pnpm/@tanstack+react-query@5.90.21_react@19.3.0/node_modules/@tanstack/react-query/build/modern/IsRestoringProvider.js" may not be preserved when bundling.
   [38;5;246m╭[0m[38;5;246m─[0m[38;5;246m[[0m node_modules/.pnpm/@tanstack+react-query@5.90.21_react@19.3.0/node_modules/@tanstack/react-query/build/modern/IsRestoringProvider.js:1:1 [38;5;246m][0m
   [38;5;246m│[0m
 [38;5;246m1 │[0m "use client";
 [38;5;240m  │[0m ──────┬──────  
 [38;5;240m  │[0m       ╰──────── module level directive may not be preserved
 [38;5;240m  │[0m 
 [38;5;240m  │[0m [38;5;115mHelp[0m: For more information, see https://rolldown.rs/in-depth/directives#other-directives
[38;5;246m───╯[0m

[33m[MODULE_LEVEL_DIRECTIVE] [0mThe semantics of the module level directive "use client" in "node_modules/.pnpm/@tanstack+react-query@5.90.21_react@19.3.0/node_modules/@tanstack/react-query/build/modern/useSuspenseQuery.js" may not be preserved when bundling.
   [38;5;246m╭[0m[38;5;246m─[0m[38;5;246m[[0m node_modules/.pnpm/@tanstack+react-query@5.90.21_react@19.3.0/node_modules/@tanstack/react-query/build/modern/useSuspenseQuery.js:1:1 [38;5;246m][0m
   [38;5;246m│[0m
 [38;5;246m1 │[0m "use client";
 [38;5;240m  │[0m ──────┬──────  
 [38;5;240m  │[0m       ╰──────── module level directive may not be preserved
 [38;5;240m  │[0m 
 [38;5;240m  │[0m [38;5;115mHelp[0m: For more information, see https://rolldown.rs/in-depth/directives#other-directives
[38;5;246m───╯[0m

[33m[MODULE_LEVEL_DIRECTIVE] [0mThe semantics of the module level directive "use client" in "node_modules/.pnpm/@tanstack+react-query@5.90.21_react@19.3.0/node_modules/@tanstack/react-query/build/modern/useSuspenseInfiniteQuery.js" may not be preserved when bundling.
   [38;5;246m╭[0m[38;5;246m─[0m[38;5;246m[[0m node_modules/.pnpm/@tanstack+react-query@5.90.21_react@19.3.0/node_modules/@tanstack/react-query/build/modern/useSuspenseInfiniteQuery.js:1:1 [38;5;246m][0m
   [38;5;246m│[0m
 [38;5;246m1 │[0m "use client";
 [38;5;240m  │[0m ──────┬──────  
 [38;5;240m  │[0m       ╰──────── module level directive may not be preserved
 [38;5;240m  │[0m 
 [38;5;240m  │[0m [38;5;115mHelp[0m: For more information, see https://rolldown.rs/in-depth/directives#other-directives
[38;5;246m───╯[0m

[33m[MODULE_LEVEL_DIRECTIVE] [0mThe semantics of the module level directive "use client" in "node_modules/.pnpm/@tanstack+react-query@5.90.21_react@19.3.0/node_modules/@tanstack/react-query/build/modern/useSuspenseQueries.js" may not be preserved when bundling.
   [38;5;246m╭[0m[38;5;246m─[0m[38;5;246m[[0m node_modules/.pnpm/@tanstack+react-query@5.90.21_react@19.3.0/node_modules/@tanstack/react-query/build/modern/useSuspenseQueries.js:1:1 [38;5;246m][0m
   [38;5;246m│[0m
 [38;5;246m1 │[0m "use client";
 [38;5;240m  │[0m ──────┬──────  
 [38;5;240m  │[0m       ╰──────── module level directive may not be preserved
 [38;5;240m  │[0m 
 [38;5;240m  │[0m [38;5;115mHelp[0m: For more information, see https://rolldown.rs/in-depth/directives#other-directives
[38;5;246m───╯[0m

[33m[MODULE_LEVEL_DIRECTIVE] [0mThe semantics of the module level directive "use client" in "node_modules/.pnpm/@tanstack+react-query@5.90.21_react@19.3.0/node_modules/@tanstack/react-query/build/modern/QueryErrorResetBoundary.js" may not be preserved when bundling.
   [38;5;246m╭[0m[38;5;246m─[0m[38;5;246m[[0m node_modules/.pnpm/@tanstack+react-query@5.90.21_react@19.3.0/node_modules/@tanstack/react-query/build/modern/QueryErrorResetBoundary.js:1:1 [38;5;246m][0m
   [38;5;246m│[0m
 [38;5;246m1 │[0m "use client";
 [38;5;240m  │[0m ──────┬──────  
 [38;5;240m  │[0m       ╰──────── module level directive may not be preserved
 [38;5;240m  │[0m 
 [38;5;240m  │[0m [38;5;115mHelp[0m: For more information, see https://rolldown.rs/in-depth/directives#other-directives
[38;5;246m───╯[0m

[33m[MODULE_LEVEL_DIRECTIVE] [0mThe semantics of the module level directive "use client" in "node_modules/.pnpm/@tanstack+react-query@5.90.21_react@19.3.0/node_modules/@tanstack/react-query/build/modern/useQueries.js" may not be preserved when bundling.
   [38;5;246m╭[0m[38;5;246m─[0m[38;5;246m[[0m node_modules/.pnpm/@tanstack+react-query@5.90.21_react@19.3.0/node_modules/@tanstack/react-query/build/modern/useQueries.js:1:1 [38;5;246m][0m
   [38;5;246m│[0m
 [38;5;246m1 │[0m "use client";
 [38;5;240m  │[0m ──────┬──────  
 [38;5;240m  │[0m       ╰──────── module level directive may not be preserved
 [38;5;240m  │[0m 
 [38;5;240m  │[0m [38;5;115mHelp[0m: For more information, see https://rolldown.rs/in-depth/directives#other-directives
[38;5;246m───╯[0m

[33m[MODULE_LEVEL_DIRECTIVE] [0mThe semantics of the module level directive "use client" in "node_modules/.pnpm/@tanstack+react-query@5.90.21_react@19.3.0/node_modules/@tanstack/react-query/build/modern/useIsFetching.js" may not be preserved when bundling.
   [38;5;246m╭[0m[38;5;246m─[0m[38;5;246m[[0m node_modules/.pnpm/@tanstack+react-query@5.90.21_react@19.3.0/node_modules/@tanstack/react-query/build/modern/useIsFetching.js:1:1 [38;5;246m][0m
   [38;5;246m│[0m
 [38;5;246m1 │[0m "use client";
 [38;5;240m  │[0m ──────┬──────  
 [38;5;240m  │[0m       ╰──────── module level directive may not be preserved
 [38;5;240m  │[0m 
 [38;5;240m  │[0m [38;5;115mHelp[0m: For more information, see https://rolldown.rs/in-depth/directives#other-directives
[38;5;246m───╯[0m

[33m[MODULE_LEVEL_DIRECTIVE] [0mThe semantics of the module level directive "use client" in "node_modules/.pnpm/@tanstack+react-query@5.90.21_react@19.3.0/node_modules/@tanstack/react-query/build/modern/QueryClientProvider.js" may not be preserved when bundling.
   [38;5;246m╭[0m[38;5;246m─[0m[38;5;246m[[0m node_modules/.pnpm/@tanstack+react-query@5.90.21_react@19.3.0/node_modules/@tanstack/react-query/build/modern/QueryClientProvider.js:1:1 [38;5;246m][0m
   [38;5;246m│[0m
 [38;5;246m1 │[0m "use client";
 [38;5;240m  │[0m ──────┬──────  
 [38;5;240m  │[0m       ╰──────── module level directive may not be preserved
 [38;5;240m  │[0m 
 [38;5;240m  │[0m [38;5;115mHelp[0m: For more information, see https://rolldown.rs/in-depth/directives#other-directives
[38;5;246m───╯[0m

[33m[MODULE_LEVEL_DIRECTIVE] [0mThe semantics of the module level directive "use client" in "node_modules/.pnpm/@tanstack+react-query@5.90.21_react@19.3.0/node_modules/@tanstack/react-query/build/modern/useMutation.js" may not be preserved when bundling.
   [38;5;246m╭[0m[38;5;246m─[0m[38;5;246m[[0m node_modules/.pnpm/@tanstack+react-query@5.90.21_react@19.3.0/node_modules/@tanstack/react-query/build/modern/useMutation.js:1:1 [38;5;246m][0m
   [38;5;246m│[0m
 [38;5;246m1 │[0m "use client";
 [38;5;240m  │[0m ──────┬──────  
 [38;5;240m  │[0m       ╰──────── module level directive may not be preserved
 [38;5;240m  │[0m 
 [38;5;240m  │[0m [38;5;115mHelp[0m: For more information, see https://rolldown.rs/in-depth/directives#other-directives
[38;5;246m───╯[0m

[33m[MODULE_LEVEL_DIRECTIVE] [0mThe semantics of the module level directive "use client" in "node_modules/.pnpm/@tanstack+react-query@5.90.21_react@19.3.0/node_modules/@tanstack/react-query/build/modern/useMutationState.js" may not be preserved when bundling.
   [38;5;246m╭[0m[38;5;246m─[0m[38;5;246m[[0m node_modules/.pnpm/@tanstack+react-query@5.90.21_react@19.3.0/node_modules/@tanstack/react-query/build/modern/useMutationState.js:1:1 [38;5;246m][0m
   [38;5;246m│[0m
 [38;5;246m1 │[0m "use client";
 [38;5;240m  │[0m ──────┬──────  
 [38;5;240m  │[0m       ╰──────── module level directive may not be preserved
 [38;5;240m  │[0m 
 [38;5;240m  │[0m [38;5;115mHelp[0m: For more information, see https://rolldown.rs/in-depth/directives#other-directives
[38;5;246m───╯[0m

[33m[MODULE_LEVEL_DIRECTIVE] [0mThe semantics of the module level directive "use client" in "node_modules/.pnpm/@tanstack+react-query@5.90.21_react@19.3.0/node_modules/@tanstack/react-query/build/modern/HydrationBoundary.js" may not be preserved when bundling.
   [38;5;246m╭[0m[38;5;246m─[0m[38;5;246m[[0m node_modules/.pnpm/@tanstack+react-query@5.90.21_react@19.3.0/node_modules/@tanstack/react-query/build/modern/HydrationBoundary.js:1:1 [38;5;246m][0m
   [38;5;246m│[0m
 [38;5;246m1 │[0m "use client";
 [38;5;240m  │[0m ──────┬──────  
 [38;5;240m  │[0m       ╰──────── module level directive may not be preserved
 [38;5;240m  │[0m 
 [38;5;240m  │[0m [38;5;115mHelp[0m: For more information, see https://rolldown.rs/in-depth/directives#other-directives
[38;5;246m───╯[0m

[33m[MODULE_LEVEL_DIRECTIVE] [0mThe semantics of the module level directive "use client" in "node_modules/.pnpm/@tanstack+react-query@5.90.21_react@19.3.0/node_modules/@tanstack/react-query/build/modern/useInfiniteQuery.js" may not be preserved when bundling.
   [38;5;246m╭[0m[38;5;246m─[0m[38;5;246m[[0m node_modules/.pnpm/@tanstack+react-query@5.90.21_react@19.3.0/node_modules/@tanstack/react-query/build/modern/useInfiniteQuery.js:1:1 [38;5;246m][0m
   [38;5;246m│[0m
 [38;5;246m1 │[0m "use client";
 [38;5;240m  │[0m ──────┬──────  
 [38;5;240m  │[0m       ╰──────── module level directive may not be preserved
 [38;5;240m  │[0m 
 [38;5;240m  │[0m [38;5;115mHelp[0m: For more information, see https://rolldown.rs/in-depth/directives#other-directives
[38;5;246m───╯[0m

[33m[MODULE_LEVEL_DIRECTIVE] [0mThe semantics of the module level directive "use client" in "node_modules/.pnpm/@tanstack+react-query@5.90.21_react@19.3.0/node_modules/@tanstack/react-query/build/modern/useQuery.js" may not be preserved when bundling.
   [38;5;246m╭[0m[38;5;246m─[0m[38;5;246m[[0m node_modules/.pnpm/@tanstack+react-query@5.90.21_react@19.3.0/node_modules/@tanstack/react-query/build/modern/useQuery.js:1:1 [38;5;246m][0m
   [38;5;246m│[0m
 [38;5;246m1 │[0m "use client";
 [38;5;240m  │[0m ──────┬──────  
 [38;5;240m  │[0m       ╰──────── module level directive may not be preserved
 [38;5;240m  │[0m 
 [38;5;240m  │[0m [38;5;115mHelp[0m: For more information, see https://rolldown.rs/in-depth/directives#other-directives
[38;5;246m───╯[0m

[33m[MODULE_LEVEL_DIRECTIVE] [0mThe semantics of the module level directive "use client" in "node_modules/.pnpm/@tanstack+react-query@5.90.21_react@19.3.0/node_modules/@tanstack/react-query/build/modern/useBaseQuery.js" may not be preserved when bundling.
   [38;5;246m╭[0m[38;5;246m─[0m[38;5;246m[[0m node_modules/.pnpm/@tanstack+react-query@5.90.21_react@19.3.0/node_modules/@tanstack/react-query/build/modern/useBaseQuery.js:1:1 [38;5;246m][0m
   [38;5;246m│[0m
 [38;5;246m1 │[0m "use client";
 [38;5;240m  │[0m ──────┬──────  
 [38;5;240m  │[0m       ╰──────── module level directive may not be preserved
 [38;5;240m  │[0m 
 [38;5;240m  │[0m [38;5;115mHelp[0m: For more information, see https://rolldown.rs/in-depth/directives#other-directives
[38;5;246m───╯[0m

[33m[MODULE_LEVEL_DIRECTIVE] [0mThe semantics of the module level directive "use client" in "node_modules/.pnpm/@tanstack+react-query@5.90.21_react@19.3.0/node_modules/@tanstack/react-query/build/modern/errorBoundaryUtils.js" may not be preserved when bundling.
   [38;5;246m╭[0m[38;5;246m─[0m[38;5;246m[[0m node_modules/.pnpm/@tanstack+react-query@5.90.21_react@19.3.0/node_modules/@tanstack/react-query/build/modern/errorBoundaryUtils.js:1:1 [38;5;246m][0m
   [38;5;246m│[0m
 [38;5;246m1 │[0m "use client";
 [38;5;240m  │[0m ──────┬──────  
 [38;5;240m  │[0m       ╰──────── module level directive may not be preserved
 [38;5;240m  │[0m 
 [38;5;240m  │[0m [38;5;115mHelp[0m: For more information, see https://rolldown.rs/in-depth/directives#other-directives
[38;5;246m───╯[0m

✓ built in 2.92s
computing gzip size...
.svelte-kit/output/server/.vite/manifest.json                                                               40.10 kB │ gzip:  3.93 kB
.svelte-kit/output/server/_app/immutable/assets/_page.DrcXZYa3.css                                           0.17 kB │ gzip:  0.13 kB
.svelte-kit/output/server/_app/immutable/assets/MenuDialog.CSb6g0e0.css                                      0.20 kB │ gzip:  0.17 kB
.svelte-kit/output/server/_app/immutable/assets/_page.Dcp-D_B2.css                                           0.22 kB │ gzip:  0.15 kB
.svelte-kit/output/server/_app/immutable/assets/_page.gKqYElxg.css                                           0.36 kB │ gzip:  0.22 kB
.svelte-kit/output/server/_app/immutable/assets/EditorForm.BHWZld0R.css                                      0.44 kB │ gzip:  0.23 kB
.svelte-kit/output/server/_app/immutable/assets/DraftPreview.fwW3PV90.css                                    0.48 kB │ gzip:  0.25 kB
.svelte-kit/output/server/_app/immutable/assets/_page.CVJ5M564.css                                           0.57 kB │ gzip:  0.29 kB
.svelte-kit/output/server/_app/immutable/assets/_page.B4jjrLtW.css                                           0.68 kB │ gzip:  0.31 kB
.svelte-kit/output/server/_app/immutable/assets/_page.CccxuyKJ.css                                           0.70 kB │ gzip:  0.35 kB
.svelte-kit/output/server/_app/immutable/assets/_page.DYOooGE9.css                                           1.60 kB │ gzip:  0.40 kB
.svelte-kit/output/server/_app/immutable/assets/_page.C1Ra8cmf.css                                           2.18 kB │ gzip:  0.68 kB
.svelte-kit/output/server/_app/immutable/assets/_page.CvGkr_1p.css                                           2.27 kB │ gzip:  0.85 kB
.svelte-kit/output/server/_app/immutable/assets/admin.CSBm7Oz-.css                                           2.57 kB │ gzip:  0.88 kB
.svelte-kit/output/server/_app/immutable/assets/_page.D2HNaFcR.css                                           3.13 kB │ gzip:  0.93 kB
.svelte-kit/output/server/_app/immutable/assets/WorkspaceShell.DI-rRAlw.css                                 39.09 kB │ gzip:  5.74 kB
.svelte-kit/output/server/chunks/navigation.js                                                               0.03 kB │ gzip:  0.04 kB
.svelte-kit/output/server/remote-entry.js                                                                    0.16 kB │ gzip:  0.12 kB
.svelte-kit/output/server/chunks/server.js                                                                   0.16 kB │ gzip:  0.12 kB
.svelte-kit/output/server/entries/endpoints/api/comments/_server.ts.js                                       0.20 kB │ gzip:  0.16 kB
.svelte-kit/output/server/entries/endpoints/api/admin/comments/_server.ts.js                                 0.21 kB │ gzip:  0.16 kB
.svelte-kit/output/server/entries/pages/_page.server.ts.js                                                   0.22 kB │ gzip:  0.16 kB
.svelte-kit/output/server/env.js                                                                             0.22 kB │ gzip:  0.14 kB
.svelte-kit/output/server/chunks/remote-4cga8b.js                                                            0.22 kB │ gzip:  0.14 kB
.svelte-kit/output/server/entries/endpoints/api/redirects/404s/summary/_server.ts.js                         0.22 kB │ gzip:  0.17 kB
.svelte-kit/output/server/entries/endpoints/api/admin/comments/bulk/_server.ts.js                            0.22 kB │ gzip:  0.17 kB
.svelte-kit/output/server/chunks/navigation2.js                                                              0.22 kB │ gzip:  0.17 kB
.svelte-kit/output/server/entries/endpoints/api/admin/comments/counts/_server.ts.js                          0.22 kB │ gzip:  0.17 kB
.svelte-kit/output/server/chunks/remote-5e9re.js                                                             0.23 kB │ gzip:  0.14 kB
.svelte-kit/output/server/chunks/remote-6z7yaa.js                                                            0.23 kB │ gzip:  0.14 kB
.svelte-kit/output/server/entries/pages/redirects/_page.server.ts.js                                         0.23 kB │ gzip:  0.18 kB
.svelte-kit/output/server/entries/endpoints/api/admin/comments/_id_/status/_server.ts.js                     0.23 kB │ gzip:  0.17 kB
.svelte-kit/output/server/chunks/remote-1ghd0c5.js                                                           0.24 kB │ gzip:  0.15 kB
.svelte-kit/output/server/chunks/remote-126fj8m.js                                                           0.24 kB │ gzip:  0.15 kB
.svelte-kit/output/server/entries/pages/content/_collection_/_layout.server.ts.js                            0.24 kB │ gzip:  0.18 kB
.svelte-kit/output/server/entries/endpoints/api/comments/_collection_/_contentId_/_server.ts.js              0.25 kB │ gzip:  0.18 kB
.svelte-kit/output/server/chunks/remote-15ax3ep.js                                                           0.26 kB │ gzip:  0.15 kB
.svelte-kit/output/server/entries/endpoints/api/admin/comments/settings/_collection_/_server.ts.js           0.26 kB │ gzip:  0.17 kB
.svelte-kit/output/server/entries/endpoints/api/redirects/_server.ts.js                                      0.26 kB │ gzip:  0.18 kB
.svelte-kit/output/server/chunks/object-cache-configuration.js                                               0.27 kB │ gzip:  0.19 kB
.svelte-kit/output/server/entries/endpoints/api/comments/_collection_/_contentId_/reactions/_server.ts.js    0.27 kB │ gzip:  0.18 kB
.svelte-kit/output/server/entries/endpoints/api/content-picker/manifest/_server.ts.js                        0.28 kB │ gzip:  0.20 kB
.svelte-kit/output/server/chunks/env.js                                                                      0.28 kB │ gzip:  0.17 kB
.svelte-kit/output/server/entries/endpoints/api/admin/comments/_id_/_server.ts.js                            0.29 kB │ gzip:  0.19 kB
.svelte-kit/output/server/entries/endpoints/api/content-picker/collections/_server.ts.js                     0.32 kB │ gzip:  0.22 kB
.svelte-kit/output/server/entries/endpoints/api/setup/status/_server.ts.js                                   0.33 kB │ gzip:  0.23 kB
.svelte-kit/output/server/entries/endpoints/api/redirects/_id_/_server.ts.js                                 0.33 kB │ gzip:  0.20 kB
.svelte-kit/output/server/entries/endpoints/api/redirects/404s/_server.ts.js                                 0.34 kB │ gzip:  0.20 kB
.svelte-kit/output/server/entries/pages/widgets/_page.server.ts.js                                           0.36 kB │ gzip:  0.23 kB
.svelte-kit/output/server/entries/pages/sections/_layout.server.ts.js                                        0.36 kB │ gzip:  0.23 kB
.svelte-kit/output/server/entries/endpoints/api/content-picker/content/_collection_/_server.ts.js            0.36 kB │ gzip:  0.24 kB
.svelte-kit/output/server/internal.js                                                                        0.40 kB │ gzip:  0.19 kB
.svelte-kit/output/server/entries/fallbacks/layout.svelte.js                                                 0.42 kB │ gzip:  0.30 kB
.svelte-kit/output/server/chunks/chrome-tags.js                                                              0.44 kB │ gzip:  0.31 kB
.svelte-kit/output/server/chunks/deferred-tasks.js                                                           0.50 kB │ gzip:  0.29 kB
.svelte-kit/output/server/entries/endpoints/api/auth/me/_server.ts.js                                        0.53 kB │ gzip:  0.32 kB
.svelte-kit/output/server/entries/fallbacks/error.svelte.js                                                  0.56 kB │ gzip:  0.35 kB
.svelte-kit/output/server/entries/endpoints/api/auth/passkey/options/_server.ts.js                           0.60 kB │ gzip:  0.34 kB
.svelte-kit/output/server/entries/pages/comments/settings/_collection_/_page.server.ts.js                    0.61 kB │ gzip:  0.35 kB
.svelte-kit/output/server/entries/pages/schema/_layout.server.ts.js                                          0.61 kB │ gzip:  0.36 kB
.svelte-kit/output/server/chunks/current-user.js                                                             0.66 kB │ gzip:  0.38 kB
.svelte-kit/output/server/entries/pages/content/_collection_/_id_/workflow/_page.server.ts.js                0.67 kB │ gzip:  0.32 kB
.svelte-kit/output/server/chunks/i18n-config.js                                                              0.70 kB │ gzip:  0.41 kB
.svelte-kit/output/server/chunks/editor-display.js                                                           0.77 kB │ gzip:  0.37 kB
.svelte-kit/output/server/chunks/store.js                                                                    0.78 kB │ gzip:  0.42 kB
.svelte-kit/output/server/entries/pages/trash/_collection_/_page.server.ts.js                                0.79 kB │ gzip:  0.41 kB
.svelte-kit/output/server/entries/endpoints/api/setup/admin/verify/_server.ts.js                             0.83 kB │ gzip:  0.43 kB
.svelte-kit/output/server/entries/endpoints/api/menus/_name_/items/_server.ts.js                             0.84 kB │ gzip:  0.45 kB
.svelte-kit/output/server/entries/endpoints/api/menus/_name_/reorder/_server.ts.js                           0.84 kB │ gzip:  0.44 kB
.svelte-kit/output/server/entries/pages/menus/_layout.server.ts.js                                           0.85 kB │ gzip:  0.48 kB
.svelte-kit/output/server/entries/endpoints/api/setup/admin/_server.ts.js                                    0.87 kB │ gzip:  0.46 kB
.svelte-kit/output/server/entries/pages/_layout.svelte.js                                                    0.91 kB │ gzip:  0.37 kB
.svelte-kit/output/server/chunks/widgets.js                                                                  0.95 kB │ gzip:  0.47 kB
.svelte-kit/output/server/entries/endpoints/api/menus/_server.ts.js                                          0.95 kB │ gzip:  0.46 kB
.svelte-kit/output/server/chunks/status.js                                                                   1.04 kB │ gzip:  0.55 kB
.svelte-kit/output/server/chunks/paths.js                                                                    1.15 kB │ gzip:  0.64 kB
.svelte-kit/output/server/chunks/context.js                                                                  1.18 kB │ gzip:  0.67 kB
.svelte-kit/output/server/entries/endpoints/api/auth/logout/_server.ts.js                                    1.28 kB │ gzip:  0.62 kB
.svelte-kit/output/server/chunks/request.js                                                                  1.30 kB │ gzip:  0.68 kB
.svelte-kit/output/server/chunks/internal.js                                                                 1.30 kB │ gzip:  0.54 kB
.svelte-kit/output/server/chunks/namespaces.js                                                               1.34 kB │ gzip:  0.63 kB
.svelte-kit/output/server/entries/endpoints/api/auth/passkey/verify/_server.ts.js                            1.39 kB │ gzip:  0.63 kB
.svelte-kit/output/server/entries/endpoints/api/menus/_name_/items/_id_/_server.ts.js                        1.41 kB │ gzip:  0.54 kB
.svelte-kit/output/server/entries/endpoints/api/menus/_name_/_server.ts.js                                   1.47 kB │ gzip:  0.51 kB
.svelte-kit/output/server/chunks/identity-schemas.js                                                         1.48 kB │ gzip:  0.55 kB
.svelte-kit/output/server/entries/pages/sections/_slug_/_page.svelte.js                                      1.50 kB │ gzip:  0.58 kB
.svelte-kit/output/server/entries/endpoints/api/menus/_name_/translations/_server.ts.js                      1.65 kB │ gzip:  0.67 kB
.svelte-kit/output/server/chunks/slugify.js                                                                  1.77 kB │ gzip:  0.91 kB
.svelte-kit/output/server/entries/hooks.universal.js                                                         1.77 kB │ gzip:  0.73 kB
.svelte-kit/output/server/chunks/migrations.js                                                               1.78 kB │ gzip:  0.67 kB
.svelte-kit/output/server/entries/endpoints/api/sections/_server.ts.js                                       1.83 kB │ gzip:  0.63 kB
.svelte-kit/output/server/chunks/parse2.js                                                                   1.85 kB │ gzip:  0.90 kB
.svelte-kit/output/server/chunks/DraftPreview.js                                                             1.88 kB │ gzip:  0.79 kB
.svelte-kit/output/server/chunks/schemas3.js                                                                 1.91 kB │ gzip:  0.49 kB
.svelte-kit/output/server/chunks/workspace.remote.js                                                         1.95 kB │ gzip:  0.77 kB
.svelte-kit/output/server/chunks/readiness.js                                                                1.98 kB │ gzip:  0.92 kB
.svelte-kit/output/server/entries/endpoints/api/widget-areas/_name_/reorder/_server.ts.js                    2.00 kB │ gzip:  0.86 kB
.svelte-kit/output/server/entries/pages/comments/_page.server.ts.js                                          2.02 kB │ gzip:  0.86 kB
.svelte-kit/output/server/chunks/editor-autosave.remote.js                                                   2.10 kB │ gzip:  0.74 kB
.svelte-kit/output/server/entries/endpoints/api/widget-components/_server.ts.js                              2.13 kB │ gzip:  0.77 kB
.svelte-kit/output/server/chunks/turnstile.js                                                                2.20 kB │ gzip:  1.13 kB
.svelte-kit/output/server/chunks/query.svelte.js                                                             2.27 kB │ gzip:  0.85 kB
.svelte-kit/output/server/entries/endpoints/api/widget-areas/_name_/_server.ts.js                            2.31 kB │ gzip:  0.79 kB
.svelte-kit/output/server/entries/endpoints/api/widget-areas/_name_/widgets/_server.ts.js                    2.35 kB │ gzip:  0.98 kB
.svelte-kit/output/server/chunks/BlockSettings.js                                                            2.42 kB │ gzip:  0.90 kB
.svelte-kit/output/server/chunks/passkey-browser.js                                                          2.46 kB │ gzip:  0.78 kB
.svelte-kit/output/server/chunks/schema.js                                                                   2.51 kB │ gzip:  0.76 kB
.svelte-kit/output/server/entries/pages/sections/_page.svelte.js                                             2.52 kB │ gzip:  0.87 kB
.svelte-kit/output/server/entries/pages/_page.svelte.js                                                      2.60 kB │ gzip:  1.05 kB
.svelte-kit/output/server/entries/endpoints/api/sections/_slug_/_server.ts.js                                2.60 kB │ gzip:  0.69 kB
.svelte-kit/output/server/entries/endpoints/api/widget-areas/_server.ts.js                                   2.64 kB │ gzip:  0.97 kB
.svelte-kit/output/server/chunks/session.js                                                                  2.65 kB │ gzip:  1.10 kB
.svelte-kit/output/server/chunks/settings.js                                                                 3.00 kB │ gzip:  1.23 kB
.svelte-kit/output/server/chunks/runtime-migrations.js                                                       3.30 kB │ gzip:  0.91 kB
.svelte-kit/output/server/chunks/node.js                                                                     3.67 kB │ gzip:  1.37 kB
.svelte-kit/output/server/entries/endpoints/api/widget-areas/_name_/widgets/_id_/_server.ts.js               3.79 kB │ gzip:  1.07 kB
.svelte-kit/output/server/chunks/types.js                                                                    3.90 kB │ gzip:  1.62 kB
.svelte-kit/output/server/entries/pages/setup/_page.svelte.js                                                4.41 kB │ gzip:  1.60 kB
.svelte-kit/output/server/chunks/schemas.js                                                                  4.54 kB │ gzip:  1.50 kB
.svelte-kit/output/server/chunks/types2.js                                                                   4.62 kB │ gzip:  1.84 kB
.svelte-kit/output/server/chunks/request4.js                                                                 4.63 kB │ gzip:  1.90 kB
.svelte-kit/output/server/entries/pages/comments/settings/_collection_/_page.svelte.js                       4.79 kB │ gzip:  1.52 kB
.svelte-kit/output/server/entries/pages/login/_page.svelte.js                                                4.81 kB │ gzip:  1.66 kB
.svelte-kit/output/server/entries/pages/menus/_page.svelte.js                                                4.98 kB │ gzip:  1.56 kB
.svelte-kit/output/server/chunks/index-server.js                                                             5.11 kB │ gzip:  1.85 kB
.svelte-kit/output/server/entries/pages/content/_collection_/_id_/_page.svelte.js                            5.37 kB │ gzip:  1.40 kB
.svelte-kit/output/server/chunks/migration-provider.js                                                       5.68 kB │ gzip:  2.10 kB
.svelte-kit/output/server/chunks/auth.remote.js                                                              5.88 kB │ gzip:  1.74 kB
.svelte-kit/output/server/chunks/MenuDialog.js                                                               6.05 kB │ gzip:  1.45 kB
.svelte-kit/output/server/entries/pages/schema/_page.svelte.js                                               6.18 kB │ gzip:  1.77 kB
.svelte-kit/output/server/chunks/exports.js                                                                  6.90 kB │ gzip:  2.18 kB
.svelte-kit/output/server/chunks/admin.js                                                                    7.21 kB │ gzip:  1.77 kB
.svelte-kit/output/server/chunks/state.js                                                                    8.14 kB │ gzip:  3.06 kB
.svelte-kit/output/server/entries/pages/trash/_collection_/_page.svelte.js                                   9.18 kB │ gzip:  2.68 kB
.svelte-kit/output/server/chunks/routing.js                                                                  9.39 kB │ gzip:  3.13 kB
.svelte-kit/output/server/entries/pages/content/_collection_/_page.svelte.js                                 9.56 kB │ gzip:  1.87 kB
.svelte-kit/output/server/entries/pages/redirects/_page.svelte.js                                           10.08 kB │ gzip:  2.75 kB
.svelte-kit/output/server/chunks/schemas2.js                                                                10.23 kB │ gzip:  2.61 kB
.svelte-kit/output/server/chunks/shared.js                                                                  11.15 kB │ gzip:  3.49 kB
.svelte-kit/output/server/entries/pages/content/_collection_/_id_/workflow/_page.svelte.js                  12.84 kB │ gzip:  2.27 kB
.svelte-kit/output/server/entries/pages/widgets/_page.svelte.js                                             13.24 kB │ gzip:  3.31 kB
.svelte-kit/output/server/chunks/schema.remote.js                                                           13.29 kB │ gzip:  3.37 kB
.svelte-kit/output/server/entries/pages/comments/_page.svelte.js                                            13.74 kB │ gzip:  3.66 kB
.svelte-kit/output/server/chunks/EditorForm.js                                                              19.22 kB │ gzip:  5.36 kB
.svelte-kit/output/server/chunks/content.remote.js                                                          20.38 kB │ gzip:  4.42 kB
.svelte-kit/output/server/entries/pages/schema/_collection_/_page.svelte.js                                 20.66 kB │ gzip:  3.59 kB
.svelte-kit/output/server/entries/pages/menus/_name_/_page.svelte.js                                        20.67 kB │ gzip:  5.25 kB
.svelte-kit/output/server/chunks/WorkspaceShell.js                                                          21.52 kB │ gzip:  5.90 kB
.svelte-kit/output/server/chunks/byline-index-plan.js                                                       21.75 kB │ gzip:  6.43 kB
.svelte-kit/output/server/chunks/http.js                                                                    24.65 kB │ gzip:  7.34 kB
.svelte-kit/output/server/chunks/error.js                                                                   26.57 kB │ gzip:  5.92 kB
.svelte-kit/output/server/chunks/manifest.js                                                                27.78 kB │ gzip:  7.29 kB
.svelte-kit/output/server/chunks/parse.js                                                                   28.03 kB │ gzip:  6.49 kB
.svelte-kit/output/server/chunks/identity-request.js                                                        35.41 kB │ gzip:  9.03 kB
.svelte-kit/output/server/chunks/runtime.js                                                                 36.77 kB │ gzip:  9.67 kB
.svelte-kit/output/server/chunks/internal2.js                                                               36.98 kB │ gzip: 10.35 kB
.svelte-kit/output/server/chunks/request3.js                                                                36.99 kB │ gzip:  9.56 kB
.svelte-kit/output/server/chunks/utils.js                                                                   37.43 kB │ gzip: 10.84 kB
.svelte-kit/output/server/chunks/schema-common.js                                                           43.94 kB │ gzip: 12.16 kB
.svelte-kit/output/server/chunks/request2.js                                                                52.19 kB │ gzip: 15.18 kB
.svelte-kit/output/server/chunks/remote.js                                                                  55.47 kB │ gzip: 12.15 kB
.svelte-kit/output/server/chunks/artifacts.js                                                               60.14 kB │ gzip: 17.74 kB
.svelte-kit/output/server/chunks/async.js                                                                  121.99 kB │ gzip: 31.86 kB
.svelte-kit/output/server/index.js                                                                         132.46 kB │ gzip: 33.28 kB
.svelte-kit/output/server/entries/hooks.server.js                                                          157.50 kB │ gzip: 37.26 kB
.svelte-kit/output/server/chunks/service.js                                                                194.43 kB │ gzip: 45.53 kB

✓ built in 14.01s

Run npm run preview to preview your production build locally.

> Using @sveltejs/adapter-auto
  Could not detect a supported production environment. See https://svelte.dev/docs/kit/adapters to learn how to configure your app to run on the platform of your choosing
  ✔ done
[33m[PLUGIN_TIMINGS] [0mJavaScript callbacks ran for 13.2s of this 14.0s build (95%).
The slowest callbacks, timed inside each callback (the wait before a callback starts is excluded, the time it awaits is included):
  - plugin vite-plugin-sveltekit-compile writeBundle (73%, 10.3s, 1 call)
  - plugin vite-plugin-svelte:compile transform (14%, 1.9s, 60 calls)
Additional callback time came from the callbacks below and from callbacks under 1s.
2 callbacks are listed without a time. Their calls overlapped, so the time inside one call includes work from other calls. To find their cost, profile the build with `node --cpu-prof`:
  - plugin vite-plugin-sveltekit-guard resolveId (1719 calls)
  - plugin vite-plugin-svelte:preprocess transform (60 calls)
See https://rolldown.rs/reference/InputOptions.checks#bundlertimings for more details.

