✔ ordinary content workspace exposes the real Comments inbox (428.883479ms)
✔ ordinary content workspace exposes both installed Sections and Widgets (1.046062ms)
✔ common management links retain the pinned Comments Menus Redirects Widgets Sections order (1.267223ms)
✔ Comments remains selected while editing actual collection comment settings (0.851329ms)
✔ Sections remains selected on its actual section editor route (0.755585ms)
✔ all installed management links resolve the application base with the current descendant selected (1.425912ms)
✔ the pinned editor-level navigation hides administrator Redirects even when read capability is present (1.381796ms)
✔ read capabilities below the pinned editor display floor expose no management links (0.979271ms)
✔ Redirects selection follows the current real route without requiring an activePage override (0.775435ms)
✔ missing feature routes remain absent even for an administrator (1.223198ms)
✔ schema administration and visible collections remain reachable alongside common navigation (0.613682ms)
✔ anonymous presentation has no management links (0.415955ms)
✔ shell provides a keyboard skip link to its actual main landmark (375.342134ms)
✔ shell renders persisted collection descriptors while omitting hidden collections (1.347785ms)
✔ authenticated principals without schema permission have no administration link (0.69853ms)
✔ grouped collection navigation is a real accessible disclosure (0.730948ms)
✔ collection navigation resolves the application base and actual active descendant path (0.670348ms)
✔ shell has an accessible navigation toggle and controlled sidebar landmark (0.704799ms)
✔ unavailable feature families are not advertised as working destinations (0.55228ms)
ℹ tests 19
ℹ suites 0
ℹ pass 19
ℹ fail 0
ℹ cancelled 0
ℹ skipped 0
ℹ todo 0
ℹ duration_ms 971.885511
