
 RUN  v4.1.10 /workspace/cms-full-schema-admin

 ❯ tests/schema-admin-completion/native/response-finite.test.ts (1 test | 1 failed) 9ms
   × response schemas preserve finite non-array controls and reject infinities and array containers 8ms

⎯⎯⎯⎯⎯⎯⎯ Failed Tests 1 ⎯⎯⎯⎯⎯⎯⎯

 FAIL  tests/schema-admin-completion/native/response-finite.test.ts > response schemas preserve finite non-array controls and reject infinities and array containers
AssertionError: expected [ true, true, true, true, true, …(4) ] to deeply equal [ false, false, false, false, …(5) ]

- Expected
+ Received

  [
-   false,
-   false,
-   false,
-   false,
-   false,
-   false,
-   false,
-   false,
-   false,
+   true,
+   true,
+   true,
+   true,
+   true,
+   true,
+   true,
+   true,
+   true,
  ]

 ❯ tests/schema-admin-completion/native/response-finite.test.ts:44:19
     42|     v.safeParse(fieldSchema, { ...field, options: [] }).success
     43|   ];
     44|   expect(results).toEqual([false, false, false, false, false, false, f…
       |                   ^
     45| });
     46|

⎯⎯⎯⎯⎯⎯⎯⎯⎯⎯⎯⎯⎯⎯⎯⎯⎯⎯⎯⎯⎯⎯⎯⎯[1/1]⎯


 Test Files  1 failed (1)
      Tests  1 failed (1)
   Start at  15:40:04
   Duration  194ms (transform 42ms, setup 0ms, import 70ms, tests 9ms, environment 0ms)

