✖ coalescing actual D1 refuses registered dynamic operations before flushing, preparing or enqueuing (140.439539ms)
✖ coalescing actual D1 refuses serialized dynamic operations before flushing, preparing or enqueuing (91.955757ms)
✔ coalescing actual D1 ordinary atomic writes and real result positions remain intact (101.113217ms)
ℹ tests 3
ℹ suites 0
ℹ pass 1
ℹ fail 2
ℹ cancelled 0
ℹ skipped 0
ℹ todo 0
ℹ duration_ms 738.2588

✖ failing tests:

test at tests/schema-atomic-coalescing-d1.test.ts:28:3
✖ coalescing actual D1 refuses registered dynamic operations before flushing, preparing or enqueuing (140.439539ms)
  AssertionError [ERR_ASSERTION]: Missing expected rejection.
      at process.processTicksAndRejections (node:internal/process/task_queues:104:5)
      at async TestContext.<anonymous> (file:///workspace/cms-full-schema-admin/tests/schema-atomic-coalescing-d1.test.ts:35:7)
      at async Test.run (node:internal/test_runner/test:1389:7)
      at async startSubtestAfterBootstrap (node:internal/test_runner/harness:387:3) {
    generatedMessage: false,
    code: 'ERR_ASSERTION',
    actual: undefined,
    expected: { code: 'MIGRATION_REQUIRED' },
    operator: 'rejects',
    diff: 'simple'
  }

test at tests/schema-atomic-coalescing-d1.test.ts:28:3
✖ coalescing actual D1 refuses serialized dynamic operations before flushing, preparing or enqueuing (91.955757ms)
  AssertionError [ERR_ASSERTION]: Missing expected rejection.
      at process.processTicksAndRejections (node:internal/process/task_queues:104:5)
      at async TestContext.<anonymous> (file:///workspace/cms-full-schema-admin/tests/schema-atomic-coalescing-d1.test.ts:35:7)
      at async Test.run (node:internal/test_runner/test:1389:7)
      at async Test.processPendingSubtests (node:internal/test_runner/test:960:7) {
    generatedMessage: false,
    code: 'ERR_ASSERTION',
    actual: undefined,
    expected: { code: 'MIGRATION_REQUIRED' },
    operator: 'rejects',
    diff: 'simple'
  }
