✖ Node: /api/setup/admin preserves source apostrophe-email acceptance and malformed-email rejection (48.889817ms)
✖ Node: /api/auth/passkey/options preserves source apostrophe-email acceptance and malformed-email rejection (31.688726ms)
Your tsconfig.json should extend the configuration generated by SvelteKit:
{
  "extends": "./tests/.default-seed-account-ssr/tsconfig.json"
}
vite v8.3.2 building ssr environment for production...
transforming...
✓ 927 modules transformed.
rendering chunks...

node:internal/event_target:1136
  process.nextTick(() => { throw err; });
                           ^
Error [ERR_MODULE_NOT_FOUND]: Cannot find module '/workspace/cms-default-seed-setup-runtime/.svelte-kit/output/server/internal.js' imported from /workspace/cms-byline-content-lifecycle/node_modules/.pnpm/@sveltejs+kit@2.70.3_@sveltejs+vite-plugin-svelte@7.3.1_svelte@5.57.1_vite@8.3.2_@types_8738b8cc43739e7b8dd9ee291e570d9c/node_modules/@sveltejs/kit/src/core/postbuild/analyse.js
    at finalizeResolution (node:internal/modules/esm/resolve:271:11)
    at moduleResolve (node:internal/modules/esm/resolve:865:10)
    at defaultResolve (node:internal/modules/esm/resolve:992:11)
    at #cachedDefaultResolve (node:internal/modules/esm/loader:701:20)
    at #resolveAndMaybeBlockOnLoaderThread (node:internal/modules/esm/loader:721:38)
    at ModuleLoader.resolveSync (node:internal/modules/esm/loader:759:56)
    at #resolve (node:internal/modules/esm/loader:683:17)
    at ModuleLoader.getOrCreateModuleJob (node:internal/modules/esm/loader:603:35)
    at node:internal/modules/esm/loader:632:32
    at TracingChannel.tracePromise (node:diagnostics_channel:362:14) {
  code: 'ERR_MODULE_NOT_FOUND',
  url: 'file:///workspace/cms-default-seed-setup-runtime/.svelte-kit/output/server/internal.js'
}

Node.js v24.19.0
✖ Node: native setup form preserves source apostrophe-email acceptance (2700.7151ms)
✖ D1: /api/setup/admin preserves source apostrophe-email acceptance and malformed-email rejection (224.032063ms)
✖ D1: /api/auth/passkey/options preserves source apostrophe-email acceptance and malformed-email rejection (154.768919ms)
✖ D1: native setup form preserves source apostrophe-email acceptance (0.333131ms)

Interrupted while running:

⚠ tests/production/passkey-email-source.test.ts (tests/production/passkey-email-source.test.ts:1:1)
✖ tests/production/passkey-email-source.test.ts (123986.088056ms)
ℹ tests 7
ℹ suites 0
ℹ pass 0
ℹ fail 6
ℹ cancelled 1
ℹ skipped 0
ℹ todo 0
ℹ duration_ms 123989.998348

✖ failing tests:

test at tests/production/passkey-email-source.test.ts:10:5
✖ Node: /api/setup/admin preserves source apostrophe-email acceptance and malformed-email rejection (48.889817ms)
  Error [ERR_MODULE_NOT_FOUND]: Cannot find module '/workspace/cms-default-seed-setup-runtime/.svelte-kit/output/server/manifest.js' imported from /workspace/cms-default-seed-setup-runtime/tests/helpers/schema-admin-remotes.ts
      at finalizeResolution (node:internal/modules/esm/resolve:271:11)
      at moduleResolve (node:internal/modules/esm/resolve:865:10)
      at defaultResolve (node:internal/modules/esm/resolve:992:11)
      at #cachedDefaultResolve (node:internal/modules/esm/loader:701:20)
      at #resolveAndMaybeBlockOnLoaderThread (node:internal/modules/esm/loader:721:38)
      at ModuleLoader.resolveSync (node:internal/modules/esm/loader:759:56)
      at #resolve (node:internal/modules/esm/loader:683:17)
      at ModuleLoader.getOrCreateModuleJob (node:internal/modules/esm/loader:603:35)
      at node:internal/modules/esm/loader:632:32
      at TracingChannel.tracePromise (node:diagnostics_channel:362:14) {
    code: 'ERR_MODULE_NOT_FOUND',
    url: 'file:///workspace/cms-default-seed-setup-runtime/.svelte-kit/output/server/manifest.js'
  }

test at tests/production/passkey-email-source.test.ts:10:5
✖ Node: /api/auth/passkey/options preserves source apostrophe-email acceptance and malformed-email rejection (31.688726ms)
  Error [ERR_MODULE_NOT_FOUND]: Cannot find module '/workspace/cms-default-seed-setup-runtime/.svelte-kit/output/server/manifest.js' imported from /workspace/cms-default-seed-setup-runtime/tests/helpers/schema-admin-remotes.ts
      at finalizeResolution (node:internal/modules/esm/resolve:271:11)
      at moduleResolve (node:internal/modules/esm/resolve:865:10)
      at defaultResolve (node:internal/modules/esm/resolve:992:11)
      at #cachedDefaultResolve (node:internal/modules/esm/loader:701:20)
      at #resolveAndMaybeBlockOnLoaderThread (node:internal/modules/esm/loader:721:38)
      at ModuleLoader.resolveSync (node:internal/modules/esm/loader:759:56)
      at #resolve (node:internal/modules/esm/loader:683:17)
      at ModuleLoader.getOrCreateModuleJob (node:internal/modules/esm/loader:603:35)
      at node:internal/modules/esm/loader:632:32
      at TracingChannel.tracePromise (node:diagnostics_channel:362:14) {
    code: 'ERR_MODULE_NOT_FOUND',
    url: 'file:///workspace/cms-default-seed-setup-runtime/.svelte-kit/output/server/manifest.js'
  }

test at tests/production/passkey-email-source.test.ts:19:3
✖ Node: native setup form preserves source apostrophe-email acceptance (2700.7151ms)
  Error: Actual account-component SSR fixture build failed (1):
  Your tsconfig.json should extend the configuration generated by SvelteKit:
  {
    "extends": "./tests/.default-seed-account-ssr/tsconfig.json"
  }
  vite v8.3.2 building ssr environment for production...
  transforming...
  ✓ 927 modules transformed.
  rendering chunks...
  
  node:internal/event_target:1136
    process.nextTick(() => { throw err; });
                             ^
  Error [ERR_MODULE_NOT_FOUND]: Cannot find module '/workspace/cms-default-seed-setup-runtime/.svelte-kit/output/server/internal.js' imported from /workspace/cms-byline-content-lifecycle/node_modules/.pnpm/@sveltejs+kit@2.70.3_@sveltejs+vite-plugin-svelte@7.3.1_svelte@5.57.1_vite@8.3.2_@types_8738b8cc43739e7b8dd9ee291e570d9c/node_modules/@sveltejs/kit/src/core/postbuild/analyse.js
      at finalizeResolution (node:internal/modules/esm/resolve:271:11)
      at moduleResolve (node:internal/modules/esm/resolve:865:10)
      at defaultResolve (node:internal/modules/esm/resolve:992:11)
      at #cachedDefaultResolve (node:internal/modules/esm/loader:701:20)
      at #resolveAndMaybeBlockOnLoaderThread (node:internal/modules/esm/loader:721:38)
      at ModuleLoader.resolveSync (node:internal/modules/esm/loader:759:56)
      at #resolve (node:internal/modules/esm/loader:683:17)
      at ModuleLoader.getOrCreateModuleJob (node:internal/modules/esm/loader:603:35)
      at node:internal/modules/esm/loader:632:32
      at TracingChannel.tracePromise (node:diagnostics_channel:362:14) {
    code: 'ERR_MODULE_NOT_FOUND',
    url: 'file:///workspace/cms-default-seed-setup-runtime/.svelte-kit/output/server/internal.js'
  }
  
  Node.js v24.19.0
  
      at ChildProcess.<anonymous> (file:///workspace/cms-default-seed-setup-runtime/tests/helpers/default-seed-setup/account-ssr-build.ts:19:19)
      at ChildProcess.emit (node:events:509:28)
      at maybeClose (node:internal/child_process:1141:16)
      at ChildProcess._handle.onexit (node:internal/child_process:306:5)

test at tests/production/passkey-email-source.test.ts:10:5
✖ D1: /api/setup/admin preserves source apostrophe-email acceptance and malformed-email rejection (224.032063ms)
  Error [ERR_MODULE_NOT_FOUND]: Cannot find module '/workspace/cms-default-seed-setup-runtime/.svelte-kit/output/server/manifest.js' imported from /workspace/cms-default-seed-setup-runtime/tests/helpers/schema-admin-remotes.ts
      at finalizeResolution (node:internal/modules/esm/resolve:271:11)
      at moduleResolve (node:internal/modules/esm/resolve:865:10)
      at defaultResolve (node:internal/modules/esm/resolve:992:11)
      at #cachedDefaultResolve (node:internal/modules/esm/loader:701:20)
      at #resolveAndMaybeBlockOnLoaderThread (node:internal/modules/esm/loader:721:38)
      at ModuleLoader.resolveSync (node:internal/modules/esm/loader:759:56)
      at #resolve (node:internal/modules/esm/loader:683:17)
      at ModuleLoader.getOrCreateModuleJob (node:internal/modules/esm/loader:603:35)
      at node:internal/modules/esm/loader:632:32
      at TracingChannel.tracePromise (node:diagnostics_channel:362:14) {
    code: 'ERR_MODULE_NOT_FOUND',
    url: 'file:///workspace/cms-default-seed-setup-runtime/.svelte-kit/output/server/manifest.js'
  }

test at tests/production/passkey-email-source.test.ts:10:5
✖ D1: /api/auth/passkey/options preserves source apostrophe-email acceptance and malformed-email rejection (154.768919ms)
  Error [ERR_MODULE_NOT_FOUND]: Cannot find module '/workspace/cms-default-seed-setup-runtime/.svelte-kit/output/server/manifest.js' imported from /workspace/cms-default-seed-setup-runtime/tests/helpers/schema-admin-remotes.ts
      at finalizeResolution (node:internal/modules/esm/resolve:271:11)
      at moduleResolve (node:internal/modules/esm/resolve:865:10)
      at defaultResolve (node:internal/modules/esm/resolve:992:11)
      at #cachedDefaultResolve (node:internal/modules/esm/loader:701:20)
      at #resolveAndMaybeBlockOnLoaderThread (node:internal/modules/esm/loader:721:38)
      at ModuleLoader.resolveSync (node:internal/modules/esm/loader:759:56)
      at #resolve (node:internal/modules/esm/loader:683:17)
      at ModuleLoader.getOrCreateModuleJob (node:internal/modules/esm/loader:603:35)
      at node:internal/modules/esm/loader:632:32
      at TracingChannel.tracePromise (node:diagnostics_channel:362:14) {
    code: 'ERR_MODULE_NOT_FOUND',
    url: 'file:///workspace/cms-default-seed-setup-runtime/.svelte-kit/output/server/manifest.js'
  }

test at tests/production/passkey-email-source.test.ts:19:3
✖ D1: native setup form preserves source apostrophe-email acceptance (0.333131ms)
  Error: Actual account-component SSR fixture build failed (1):
  Your tsconfig.json should extend the configuration generated by SvelteKit:
  {
    "extends": "./tests/.default-seed-account-ssr/tsconfig.json"
  }
  vite v8.3.2 building ssr environment for production...
  transforming...
  ✓ 927 modules transformed.
  rendering chunks...
  
  node:internal/event_target:1136
    process.nextTick(() => { throw err; });
                             ^
  Error [ERR_MODULE_NOT_FOUND]: Cannot find module '/workspace/cms-default-seed-setup-runtime/.svelte-kit/output/server/internal.js' imported from /workspace/cms-byline-content-lifecycle/node_modules/.pnpm/@sveltejs+kit@2.70.3_@sveltejs+vite-plugin-svelte@7.3.1_svelte@5.57.1_vite@8.3.2_@types_8738b8cc43739e7b8dd9ee291e570d9c/node_modules/@sveltejs/kit/src/core/postbuild/analyse.js
      at finalizeResolution (node:internal/modules/esm/resolve:271:11)
      at moduleResolve (node:internal/modules/esm/resolve:865:10)
      at defaultResolve (node:internal/modules/esm/resolve:992:11)
      at #cachedDefaultResolve (node:internal/modules/esm/loader:701:20)
      at #resolveAndMaybeBlockOnLoaderThread (node:internal/modules/esm/loader:721:38)
      at ModuleLoader.resolveSync (node:internal/modules/esm/loader:759:56)
      at #resolve (node:internal/modules/esm/loader:683:17)
      at ModuleLoader.getOrCreateModuleJob (node:internal/modules/esm/loader:603:35)
      at node:internal/modules/esm/loader:632:32
      at TracingChannel.tracePromise (node:diagnostics_channel:362:14) {
    code: 'ERR_MODULE_NOT_FOUND',
    url: 'file:///workspace/cms-default-seed-setup-runtime/.svelte-kit/output/server/internal.js'
  }
  
  Node.js v24.19.0
  
      at ChildProcess.<anonymous> (file:///workspace/cms-default-seed-setup-runtime/tests/helpers/default-seed-setup/account-ssr-build.ts:19:19)
      at ChildProcess.emit (node:events:509:28)
      at maybeClose (node:internal/child_process:1141:16)
      at ChildProcess._handle.onexit (node:internal/child_process:306:5)

test at tests/production/passkey-email-source.test.ts:1:1
✖ tests/production/passkey-email-source.test.ts (123986.088056ms)
  'Promise resolution is still pending but the event loop has already resolved'
