2026-10-06T01:44:37.4954298Z Current runner version: '2.337.0'
2026-10-06T01:44:37.4976191Z ##[group]Runner Image Provisioner
2026-10-06T01:44:37.4977034Z Hosted Compute Agent
2026-10-06T01:44:37.4977555Z Version: 20260901.588
2026-10-06T01:44:37.4978067Z Commit: f88ec8081b781fac6c440065ac7ff9e710ce3d0b
2026-10-06T01:44:37.4978745Z Build Date: 2026-09-01T19:56:44Z
2026-10-06T01:44:37.4979337Z Worker ID: {daf2556d-e5f5-4dec-8b15-8e5256d7ac89}
2026-10-06T01:44:37.4980201Z Azure Region: westus
2026-10-06T01:44:37.4980732Z ##[endgroup]
2026-10-06T01:44:37.4981935Z ##[group]Operating System
2026-10-06T01:44:37.4982540Z Ubuntu
2026-10-06T01:44:37.4983059Z 22.04.5
2026-10-06T01:44:37.4983533Z LTS
2026-10-06T01:44:37.4984007Z ##[endgroup]
2026-10-06T01:44:37.4984474Z ##[group]Runner Image
2026-10-06T01:44:37.4985061Z Image: ubuntu-22.04
2026-10-06T01:44:37.4985544Z Version: 20260927.309.1
2026-10-06T01:44:37.4986651Z Included Software: https://github.com/actions/runner-images/blob/ubuntu22/20260927.309/images/ubuntu/Ubuntu2204-Readme.md
2026-10-06T01:44:37.4987906Z Image Release: https://github.com/actions/runner-images/releases/tag/ubuntu22%2F20260927.309
2026-10-06T01:44:37.4988756Z ##[endgroup]
2026-10-06T01:44:37.4989684Z ##[group]GITHUB_TOKEN Permissions
2026-10-06T01:44:37.4991512Z Contents: read
2026-10-06T01:44:37.4992021Z Metadata: read
2026-10-06T01:44:37.4992480Z ##[endgroup]
2026-10-06T01:44:37.4994331Z Secret source: Actions
2026-10-06T01:44:37.4995156Z Cache mode: write
2026-10-06T01:44:37.4995848Z Prepare workflow directory
2026-10-06T01:44:37.5394665Z Prepare all required actions
2026-10-06T01:44:37.5435670Z Getting action download info
2026-10-06T01:44:37.8901570Z Download action repository 'actions/checkout@v4' (SHA:11d5960a326750d5838078e36cf38b85af677262)
2026-10-06T01:44:38.3365468Z Download action repository 'pnpm/action-setup@v4' (SHA:b906affcce14559ad1aafd4ab0e942779e9f58b1)
2026-10-06T01:44:39.1148511Z Download action repository 'actions/setup-node@v4' (SHA:49933ea5288caeca8642d1e84afbd3f7d6820020)
2026-10-06T01:44:39.2323857Z Download action repository 'actions/upload-artifact@v4' (SHA:ea165f8d65b6e75b540449e92b4886f43607fa02)
2026-10-06T01:44:39.4613454Z Complete job name: default-seed-setup-source
2026-10-06T01:44:39.5237721Z ##[group]Run actions/checkout@v4
2026-10-06T01:44:39.5238485Z with:
2026-10-06T01:44:39.5238852Z   repository: sveltery/cms
2026-10-06T01:44:39.5241454Z   token: ***
2026-10-06T01:44:39.5241810Z   ssh-strict: true
2026-10-06T01:44:39.5242121Z   ssh-user: git
2026-10-06T01:44:39.5242517Z   persist-credentials: true
2026-10-06T01:44:39.5242880Z   clean: true
2026-10-06T01:44:39.5243242Z   sparse-checkout-cone-mode: true
2026-10-06T01:44:39.5243644Z   fetch-depth: 1
2026-10-06T01:44:39.5243978Z   fetch-tags: false
2026-10-06T01:44:39.5244353Z   show-progress: true
2026-10-06T01:44:39.5244694Z   lfs: false
2026-10-06T01:44:39.5245075Z   submodules: false
2026-10-06T01:44:39.5245445Z   set-safe-directory: true
2026-10-06T01:44:39.5245810Z   allow-unsafe-pr-checkout: false
2026-10-06T01:44:39.5246469Z ##[endgroup]
2026-10-06T01:44:39.6130045Z Syncing repository: sveltery/cms
2026-10-06T01:44:39.6132349Z ##[group]Getting Git version info
2026-10-06T01:44:39.6133341Z Working directory is '/home/runner/work/cms/cms'
2026-10-06T01:44:39.6134483Z [command]/usr/bin/git version
2026-10-06T01:44:39.6182865Z git version 2.55.0
2026-10-06T01:44:39.6199246Z ##[endgroup]
2026-10-06T01:44:39.6211341Z Temporarily overriding HOME='/home/runner/work/_temp/dd4ea1a8-6d54-490a-a38e-dedef6abe61c' before making global git config changes
2026-10-06T01:44:39.6212738Z Adding repository directory to the temporary git global config as a safe directory
2026-10-06T01:44:39.6215700Z [command]/usr/bin/git config --global --add safe.directory /home/runner/work/cms/cms
2026-10-06T01:44:39.6252863Z Deleting the contents of '/home/runner/work/cms/cms'
2026-10-06T01:44:39.6257409Z ##[group]Initializing the repository
2026-10-06T01:44:39.6264884Z [command]/usr/bin/git init /home/runner/work/cms/cms
2026-10-06T01:44:39.6347714Z hint: Using 'master' as the name for the initial branch. This default branch name
2026-10-06T01:44:39.6349642Z hint: will change to "main" in Git 3.0. To configure the initial branch name
2026-10-06T01:44:39.6351146Z hint: to use in all of your new repositories, which will suppress this warning,
2026-10-06T01:44:39.6352668Z hint: call:
2026-10-06T01:44:39.6353386Z hint:
2026-10-06T01:44:39.6354406Z hint: 	git config --global init.defaultBranch <name>
2026-10-06T01:44:39.6355313Z hint:
2026-10-06T01:44:39.6356170Z hint: Names commonly chosen instead of 'master' are 'main', 'trunk' and
2026-10-06T01:44:39.6358312Z hint: 'development'. The just-created branch can be renamed via this command:
2026-10-06T01:44:39.6359391Z hint:
2026-10-06T01:44:39.6360376Z hint: 	git branch -m <name>
2026-10-06T01:44:39.6361189Z hint:
2026-10-06T01:44:39.6361995Z hint: Disable this message with "git config set advice.defaultBranchName false"
2026-10-06T01:44:39.6363285Z Initialized empty Git repository in /home/runner/work/cms/cms/.git/
2026-10-06T01:44:39.6365717Z [command]/usr/bin/git remote add origin https://github.com/sveltery/cms
2026-10-06T01:44:39.6468869Z ##[endgroup]
2026-10-06T01:44:39.6470242Z ##[group]Disabling automatic garbage collection
2026-10-06T01:44:39.6473248Z [command]/usr/bin/git config --local gc.auto 0
2026-10-06T01:44:39.6509681Z ##[endgroup]
2026-10-06T01:44:39.6510835Z ##[group]Setting up auth
2026-10-06T01:44:39.6517277Z [command]/usr/bin/git config --local --name-only --get-regexp core\.sshCommand
2026-10-06T01:44:39.6550764Z [command]/usr/bin/git submodule foreach --recursive sh -c "git config --local --name-only --get-regexp 'core\.sshCommand' && git config --local --unset-all 'core.sshCommand' || :"
2026-10-06T01:44:39.6868232Z [command]/usr/bin/git config --local --name-only --get-regexp http\.https\:\/\/github\.com\/\.extraheader
2026-10-06T01:44:39.6906988Z [command]/usr/bin/git submodule foreach --recursive sh -c "git config --local --name-only --get-regexp 'http\.https\:\/\/github\.com\/\.extraheader' && git config --local --unset-all 'http.https://github.com/.extraheader' || :"
2026-10-06T01:44:39.7150511Z [command]/usr/bin/git config --local --name-only --get-regexp ^includeIf\.gitdir:
2026-10-06T01:44:39.7188298Z [command]/usr/bin/git submodule foreach --recursive git config --local --show-origin --name-only --get-regexp remote.origin.url
2026-10-06T01:44:39.7415887Z [command]/usr/bin/git config --local http.https://github.com/.extraheader AUTHORIZATION: basic ***
2026-10-06T01:44:39.7457287Z ##[endgroup]
2026-10-06T01:44:39.7464875Z ##[group]Fetching the repository
2026-10-06T01:44:39.7465829Z [command]/usr/bin/git -c protocol.version=2 fetch --no-tags --prune --no-recurse-submodules --depth=1 origin +0e247d6821c9421af00d27011991ab76000fd0b1:refs/remotes/pull/126/merge
2026-10-06T01:44:41.2566719Z From https://github.com/sveltery/cms
2026-10-06T01:44:41.2567524Z  * [new ref]         0e247d6821c9421af00d27011991ab76000fd0b1 -> pull/126/merge
2026-10-06T01:44:41.2572104Z ##[endgroup]
2026-10-06T01:44:41.2573677Z ##[group]Determining the checkout info
2026-10-06T01:44:41.2575031Z ##[endgroup]
2026-10-06T01:44:41.2581767Z [command]/usr/bin/git sparse-checkout disable
2026-10-06T01:44:41.2632452Z [command]/usr/bin/git config --local --unset-all extensions.worktreeConfig
2026-10-06T01:44:41.2668193Z ##[group]Checking out the ref
2026-10-06T01:44:41.2672451Z [command]/usr/bin/git checkout --progress --force refs/remotes/pull/126/merge
2026-10-06T01:44:41.6742536Z Note: switching to 'refs/remotes/pull/126/merge'.
2026-10-06T01:44:41.6742944Z 
2026-10-06T01:44:41.6743201Z You are in 'detached HEAD' state. You can look around, make experimental
2026-10-06T01:44:41.6743860Z changes and commit them, and you can discard any commits you make in this
2026-10-06T01:44:41.6744454Z state without impacting any branches by switching back to a branch.
2026-10-06T01:44:41.6744869Z 
2026-10-06T01:44:41.6745133Z If you want to create a new branch to retain commits you create, you may
2026-10-06T01:44:41.6745699Z do so (now or later) by using -c with the switch command. Example:
2026-10-06T01:44:41.6746331Z 
2026-10-06T01:44:41.6746466Z   git switch -c <new-branch-name>
2026-10-06T01:44:41.6746695Z 
2026-10-06T01:44:41.6746845Z Or undo this operation with:
2026-10-06T01:44:41.6747069Z 
2026-10-06T01:44:41.6747174Z   git switch -
2026-10-06T01:44:41.6747365Z 
2026-10-06T01:44:41.6747640Z Turn off this advice by setting config variable advice.detachedHead to false
2026-10-06T01:44:41.6748031Z 
2026-10-06T01:44:41.6748485Z HEAD is now at 0e247d6 Merge 141d384ed990eed941a9bcb338431ede0a24b97c into 82e3dd7b673f774ca8c3eceaafa28234641bd6b1
2026-10-06T01:44:41.6803429Z ##[endgroup]
2026-10-06T01:44:41.6806670Z [command]/usr/bin/git log -1 --format=%H
2026-10-06T01:44:41.6834187Z 0e247d6821c9421af00d27011991ab76000fd0b1
2026-10-06T01:44:41.7052313Z ##[group]Run pnpm/action-setup@v4
2026-10-06T01:44:41.7052557Z with:
2026-10-06T01:44:41.7052730Z   version: 12.6.0
2026-10-06T01:44:41.7052904Z   dest: ~/setup-pnpm
2026-10-06T01:44:41.7053080Z   run_install: null
2026-10-06T01:44:41.7053283Z   cache: false
2026-10-06T01:44:41.7053463Z   cache_dependency_path: pnpm-lock.yaml
2026-10-06T01:44:41.7053727Z   package_json_file: package.json
2026-10-06T01:44:41.7053935Z   standalone: false
2026-10-06T01:44:41.7054108Z ##[endgroup]
2026-10-06T01:44:41.8264271Z ##[group]Running self-installer...
2026-10-06T01:44:42.1634048Z (node:1847) [DEP0169] DeprecationWarning: `url.parse()` behavior is not standardized and prone to errors that have security implications. Use the WHATWG URL API instead. CVEs are not issued for `url.parse()` vulnerabilities.
2026-10-06T01:44:42.1634985Z (Use `node --trace-deprecation ...` to show where the warning was created)
2026-10-06T01:44:42.3841466Z Progress: resolved 1, reused 0, downloaded 0, added 0
2026-10-06T01:44:42.4896349Z Packages: +3
2026-10-06T01:44:43.0424196Z +++
2026-10-06T01:44:43.0424639Z Progress: resolved 15, reused 0, downloaded 3, added 3, done
2026-10-06T01:44:43.0559400Z .../.pnpm/pnpm@12.6.0/node_modules/pnpm preinstall$ node install.js
2026-10-06T01:44:43.8485740Z .../.pnpm/pnpm@12.6.0/node_modules/pnpm preinstall: Done
2026-10-06T01:44:43.8489517Z .../.pnpm/pnpm@12.6.0/node_modules/pnpm postinstall$ node install.js
2026-10-06T01:44:43.8920221Z .../.pnpm/pnpm@12.6.0/node_modules/pnpm postinstall: Done
2026-10-06T01:44:45.0470388Z 
2026-10-06T01:44:45.0470852Z dependencies:
2026-10-06T01:44:45.0471167Z + pnpm 12.6.0 (12.9.1 is available)
2026-10-06T01:44:45.0471408Z 
2026-10-06T01:44:45.0496422Z Done in 3s
2026-10-06T01:44:45.1077471Z ##[endgroup]
2026-10-06T01:44:45.1077715Z Installation Completed!
2026-10-06T01:44:45.1236238Z ##[group]Run actions/setup-node@v4
2026-10-06T01:44:45.1236459Z with:
2026-10-06T01:44:45.1236623Z   node-version: 24
2026-10-06T01:44:45.1236793Z   cache: pnpm
2026-10-06T01:44:45.1236954Z   always-auth: false
2026-10-06T01:44:45.1237126Z   check-latest: false
2026-10-06T01:44:45.1239116Z   token: ***
2026-10-06T01:44:45.1239275Z env:
2026-10-06T01:44:45.1239491Z   PNPM_HOME: /home/runner/setup-pnpm/node_modules/.bin
2026-10-06T01:44:45.1239760Z ##[endgroup]
2026-10-06T01:44:45.2475295Z Found in cache @ /opt/hostedtoolcache/node/24.21.0/x64
2026-10-06T01:44:45.2478300Z (node:1880) [DEP0040] DeprecationWarning: The `punycode` module is deprecated. Please use a userland alternative instead.
2026-10-06T01:44:45.2479218Z (Use `node --trace-deprecation ...` to show where the warning was created)
2026-10-06T01:44:45.2480607Z ##[group]Environment details
2026-10-06T01:44:46.9896963Z node: v24.21.0
2026-10-06T01:44:46.9897199Z npm: 11.19.0
2026-10-06T01:44:46.9897367Z yarn: 1.22.22
2026-10-06T01:44:46.9898542Z ##[endgroup]
2026-10-06T01:44:46.9915473Z [command]/home/runner/setup-pnpm/node_modules/.bin/pnpm store path --silent
2026-10-06T01:44:47.0087829Z /home/runner/setup-pnpm/node_modules/.bin/store/v11
2026-10-06T01:44:47.2743698Z Cache hit for: node-cache-Linux-x64-pnpm-cb01908ec0d0a45d9eb29e44f56e05364983ff2ce958acc694c939d2835b5d56
2026-10-06T01:44:47.2853076Z (node:1880) [DEP0169] DeprecationWarning: `url.parse()` behavior is not standardized and prone to errors that have security implications. Use the WHATWG URL API instead. CVEs are not issued for `url.parse()` vulnerabilities.
2026-10-06T01:44:48.5536032Z Received 16777216 of 174062786 (9.6%), 16.0 MBs/sec
2026-10-06T01:44:49.5543345Z Received 134217728 of 174062786 (77.1%), 64.0 MBs/sec
2026-10-06T01:44:49.8405279Z Received 174062786 of 174062786 (100.0%), 72.6 MBs/sec
2026-10-06T01:44:49.8406473Z Cache Size: ~166 MB (174062786 B)
2026-10-06T01:44:49.8432878Z [command]/usr/bin/tar -xf /home/runner/work/_temp/f8ca7880-509f-4cd3-b9e7-cfee6edf85a4/cache.tzst -P -C /home/runner/work/cms/cms --use-compress-program unzstd
2026-10-06T01:44:51.5186970Z Cache restored successfully
2026-10-06T01:44:51.5512087Z Cache restored from key: node-cache-Linux-x64-pnpm-cb01908ec0d0a45d9eb29e44f56e05364983ff2ce958acc694c939d2835b5d56
2026-10-06T01:44:51.5787125Z ##[group]Run pnpm install --frozen-lockfile
2026-10-06T01:44:51.5787490Z [36;1mpnpm install --frozen-lockfile[0m
2026-10-06T01:44:51.6301903Z shell: /usr/bin/bash -e {0}
2026-10-06T01:44:51.6302171Z env:
2026-10-06T01:44:51.6302412Z   PNPM_HOME: /home/runner/setup-pnpm/node_modules/.bin
2026-10-06T01:44:51.6302685Z ##[endgroup]
2026-10-06T01:44:51.6842267Z ? Verifying lockfile against supply-chain policies (534 entries)...
2026-10-06T01:44:51.8524677Z Packages are hard linked from the content-addressable store to the virtual store.
2026-10-06T01:44:51.8525620Z   Content-addressable store is at: /home/runner/setup-pnpm/node_modules/.bin/store/v11
2026-10-06T01:44:51.8526389Z   Virtual store is at:             node_modules/.pnpm
2026-10-06T01:44:54.0927525Z ✓ Lockfile passes supply-chain policies (534 entries in 2.4s)
2026-10-06T01:44:54.0927980Z Lockfile is up to date, resolution step is skipped
2026-10-06T01:44:54.1003055Z Packages: +403
2026-10-06T01:44:54.1003712Z ++++++++++++++++++++++++++++++++++++++++++++++++++++++++++++++++++++++++++++++++
2026-10-06T01:44:54.1854309Z Progress: resolved 403, reused 403, downloaded 0, added 403, done
2026-10-06T01:44:54.3035014Z . prepare$ svelte-kit sync
2026-10-06T01:44:55.2592326Z . prepare: Done
2026-10-06T01:44:55.2607631Z 
2026-10-06T01:44:55.2607857Z dependencies:
2026-10-06T01:44:55.2608219Z + @oslojs/crypto 1.0.1
2026-10-06T01:44:55.2608548Z + @oslojs/encoding 1.1.0
2026-10-06T01:44:55.2608852Z + @oslojs/webauthn 1.0.0
2026-10-06T01:44:55.2609295Z + @wordpress/block-serialization-default-parser 5.38.0
2026-10-06T01:44:55.2609695Z + blurhash 2.0.5
2026-10-06T01:44:55.2610077Z + cn 0.2.2
2026-10-06T01:44:55.2610311Z + date-fns 4.1.0
2026-10-06T01:44:55.2610588Z + image-size 2.0.2
2026-10-06T01:44:55.2610845Z + jpeg-js 0.4.4
2026-10-06T01:44:55.2611105Z + jsonc-parser 3.3.1
2026-10-06T01:44:55.2611381Z + kysely 0.29.2
2026-10-06T01:44:55.2611626Z + mime 4.1.0
2026-10-06T01:44:55.2611875Z + parse5 7.3.0
2026-10-06T01:44:55.2612170Z + smol-toml 1.6.0
2026-10-06T01:44:55.2612498Z + ulidx 2.4.1
2026-10-06T01:44:55.2612744Z + upng-js 2.1.0
2026-10-06T01:44:55.2612995Z + valibot 1.5.0
2026-10-06T01:44:55.2613275Z + zod 4.5.4
2026-10-06T01:44:55.2613410Z 
2026-10-06T01:44:55.2613530Z devDependencies:
2026-10-06T01:44:55.2613813Z + @babel/core 7.29.7
2026-10-06T01:44:55.2614098Z + @cloudflare/kumo 2.6.0
2026-10-06T01:44:55.2614522Z + @cloudflare/workers-types 4.20260507.1
2026-10-06T01:44:55.2614872Z + @floating-ui/dom 1.8.0
2026-10-06T01:44:55.2615234Z + @lingui/babel-plugin-lingui-macro 5.9.5
2026-10-06T01:44:55.2615592Z + @lingui/conf 5.9.5
2026-10-06T01:44:55.2615857Z + @lingui/core 5.9.5
2026-10-06T01:44:55.2616119Z + @lingui/react 5.9.5
2026-10-06T01:44:55.2616414Z + @playwright/test 1.63.0
2026-10-06T01:44:55.2616778Z + @sveltejs/adapter-auto 7.0.1
2026-10-06T01:44:55.2617172Z + @sveltejs/adapter-cloudflare 7.2.9
2026-10-06T01:44:55.2617583Z + @sveltejs/adapter-node 5.5.7
2026-10-06T01:44:55.2617915Z + @sveltejs/kit 2.70.3
2026-10-06T01:44:55.2618280Z + @sveltejs/vite-plugin-svelte 7.3.1
2026-10-06T01:44:55.2618669Z + @tanstack/react-query 5.90.21
2026-10-06T01:44:55.2619023Z + @tanstack/react-router 1.163.2
2026-10-06T01:44:55.2619748Z + @testing-library/react 16.3.2
2026-10-06T01:44:55.2642170Z + @types/jsdom 30.0.0
2026-10-06T01:44:55.2642505Z + @types/node 24.19.0
2026-10-06T01:44:55.2642809Z + @types/react 19.3.0
2026-10-06T01:44:55.2643112Z + @types/react-dom 19.3.0
2026-10-06T01:44:55.2643491Z + @vitest/browser-playwright 4.1.10
2026-10-06T01:44:55.2643822Z + devalue 5.9.4
2026-10-06T01:44:55.2644052Z + jsdom 30.1.1
2026-10-06T01:44:55.2644310Z + miniflare 4.20260507.1
2026-10-06T01:44:55.2644591Z + pg 8.18.0
2026-10-06T01:44:55.2644827Z + react 19.3.0
2026-10-06T01:44:55.2645146Z + react-day-picker 9.14.0
2026-10-06T01:44:55.2645465Z + react-dom 19.3.0
2026-10-06T01:44:55.2645726Z + svelte 5.57.1
2026-10-06T01:44:55.2645990Z + svelte-check 4.7.6
2026-10-06T01:44:55.2646283Z + typescript 6.0.3
2026-10-06T01:44:55.2646551Z + vite 8.3.2
2026-10-06T01:44:55.2647121Z + vitest 4.1.10
2026-10-06T01:44:55.2647316Z + vitest-browser-react 2.2.0
2026-10-06T01:44:55.2647529Z + wrangler 4.99.0
2026-10-06T01:44:55.2647635Z 
2026-10-06T01:44:55.2647957Z Done in 3.6s using pnpm v12.6.0
2026-10-06T01:44:55.3014043Z ##[group]Run pnpm exec playwright install --with-deps chromium
2026-10-06T01:44:55.3014433Z [36;1mpnpm exec playwright install --with-deps chromium[0m
2026-10-06T01:44:55.3077065Z shell: /usr/bin/bash -e {0}
2026-10-06T01:44:55.3077305Z env:
2026-10-06T01:44:55.3077528Z   PNPM_HOME: /home/runner/setup-pnpm/node_modules/.bin
2026-10-06T01:44:55.3077791Z ##[endgroup]
2026-10-06T01:44:55.7569301Z Installing dependencies...
2026-10-06T01:44:55.7647977Z Switching to root user to install dependencies...
2026-10-06T01:44:56.0481721Z Get:1 file:/etc/apt/apt-mirrors.txt Mirrorlist [144 B]
2026-10-06T01:44:56.0813914Z Hit:2 http://azure.archive.ubuntu.com/ubuntu jammy InRelease
2026-10-06T01:44:56.0816127Z Get:6 https://packages.microsoft.com/ubuntu/22.04/prod jammy InRelease [3632 B]
2026-10-06T01:44:56.0850769Z Get:3 http://azure.archive.ubuntu.com/ubuntu jammy-updates InRelease [128 kB]
2026-10-06T01:44:56.0886674Z Get:4 http://azure.archive.ubuntu.com/ubuntu jammy-backports InRelease [127 kB]
2026-10-06T01:44:56.0930031Z Get:5 http://azure.archive.ubuntu.com/ubuntu jammy-security InRelease [129 kB]
2026-10-06T01:44:56.2273503Z Get:7 https://packages.microsoft.com/ubuntu/22.04/prod jammy/main arm64 Packages [551 kB]
2026-10-06T01:44:56.2566768Z Get:8 https://packages.microsoft.com/ubuntu/22.04/prod jammy/main amd64 Packages [797 kB]
2026-10-06T01:44:56.3114299Z Get:9 http://azure.archive.ubuntu.com/ubuntu jammy-updates/main amd64 Packages [3907 kB]
2026-10-06T01:44:56.3408121Z Get:10 http://azure.archive.ubuntu.com/ubuntu jammy-updates/main Translation-en [576 kB]
2026-10-06T01:44:56.3511638Z Get:11 http://azure.archive.ubuntu.com/ubuntu jammy-updates/restricted amd64 Packages [6714 kB]
2026-10-06T01:44:56.3971131Z Get:12 http://azure.archive.ubuntu.com/ubuntu jammy-updates/restricted Translation-en [1290 kB]
2026-10-06T01:44:56.4120583Z Get:13 http://azure.archive.ubuntu.com/ubuntu jammy-updates/universe amd64 Packages [1285 kB]
2026-10-06T01:44:56.4219381Z Get:14 http://azure.archive.ubuntu.com/ubuntu jammy-updates/universe Translation-en [325 kB]
2026-10-06T01:44:56.4725207Z Get:15 http://azure.archive.ubuntu.com/ubuntu jammy-security/main amd64 Packages [3631 kB]
2026-10-06T01:44:56.4886280Z Get:16 http://azure.archive.ubuntu.com/ubuntu jammy-security/main Translation-en [508 kB]
2026-10-06T01:44:56.4986504Z Get:17 http://azure.archive.ubuntu.com/ubuntu jammy-security/restricted amd64 Packages [6465 kB]
2026-10-06T01:44:56.5701097Z Get:18 http://azure.archive.ubuntu.com/ubuntu jammy-security/restricted Translation-en [1244 kB]
2026-10-06T01:44:56.6268712Z Get:19 http://azure.archive.ubuntu.com/ubuntu jammy-security/universe amd64 Packages [1052 kB]
2026-10-06T01:44:56.6526302Z Get:20 http://azure.archive.ubuntu.com/ubuntu jammy-security/universe Translation-en [237 kB]
2026-10-06T01:45:06.1967997Z Fetched 29.0 MB in 3s (9817 kB/s)
2026-10-06T01:45:07.4136881Z Reading package lists...
2026-10-06T01:45:07.4674593Z Reading package lists...
2026-10-06T01:45:07.7503048Z Building dependency tree...
2026-10-06T01:45:07.7513489Z Reading state information...
2026-10-06T01:45:07.9659650Z fonts-liberation is already the newest version (1:1.07.4-11).
2026-10-06T01:45:07.9660272Z fonts-liberation set to manually installed.
2026-10-06T01:45:07.9660766Z libatk-bridge2.0-0 is already the newest version (2.38.0-3).
2026-10-06T01:45:07.9661112Z libatk-bridge2.0-0 set to manually installed.
2026-10-06T01:45:07.9661451Z libatk1.0-0 is already the newest version (2.36.0-3build1).
2026-10-06T01:45:07.9661771Z libatk1.0-0 set to manually installed.
2026-10-06T01:45:07.9662072Z libatspi2.0-0 is already the newest version (2.44.0-3).
2026-10-06T01:45:07.9662371Z libatspi2.0-0 set to manually installed.
2026-10-06T01:45:07.9662716Z libfontconfig1 is already the newest version (2.13.1-4.2ubuntu5).
2026-10-06T01:45:07.9663051Z libfontconfig1 set to manually installed.
2026-10-06T01:45:07.9663361Z libxcb1 is already the newest version (1.14-3ubuntu3).
2026-10-06T01:45:07.9663687Z libxcb1 set to manually installed.
2026-10-06T01:45:07.9664538Z libxcomposite1 is already the newest version (1:0.4.5-1build2).
2026-10-06T01:45:07.9664875Z libxcomposite1 set to manually installed.
2026-10-06T01:45:07.9665204Z libxdamage1 is already the newest version (1:1.1.5-2build2).
2026-10-06T01:45:07.9665511Z libxdamage1 set to manually installed.
2026-10-06T01:45:07.9665818Z libxext6 is already the newest version (2:1.3.4-1build1).
2026-10-06T01:45:07.9666116Z libxext6 set to manually installed.
2026-10-06T01:45:07.9666406Z libxfixes3 is already the newest version (1:6.0.0-1).
2026-10-06T01:45:07.9666695Z libxfixes3 set to manually installed.
2026-10-06T01:45:07.9667085Z libxkbcommon0 is already the newest version (1.4.0-1).
2026-10-06T01:45:07.9667498Z libxkbcommon0 set to manually installed.
2026-10-06T01:45:07.9667819Z libxrandr2 is already the newest version (2:1.5.2-1build1).
2026-10-06T01:45:07.9668118Z libxrandr2 set to manually installed.
2026-10-06T01:45:07.9668520Z fonts-noto-color-emoji is already the newest version (2.047-0ubuntu0.22.04.1).
2026-10-06T01:45:07.9668945Z libasound2 is already the newest version (1.2.6.1-1ubuntu1.2).
2026-10-06T01:45:07.9669252Z libasound2 set to manually installed.
2026-10-06T01:45:07.9669565Z libcairo2 is already the newest version (1.16.0-5ubuntu2.1).
2026-10-06T01:45:07.9670028Z libcairo2 set to manually installed.
2026-10-06T01:45:07.9670349Z libcups2 is already the newest version (2.4.1op1-1ubuntu4.21).
2026-10-06T01:45:07.9670661Z libcups2 set to manually installed.
2026-10-06T01:45:07.9670981Z libdbus-1-3 is already the newest version (1.12.20-2ubuntu4.1).
2026-10-06T01:45:07.9671292Z libdbus-1-3 set to manually installed.
2026-10-06T01:45:07.9671629Z libdrm2 is already the newest version (2.4.113-2~ubuntu0.22.04.1).
2026-10-06T01:45:07.9671936Z libdrm2 set to manually installed.
2026-10-06T01:45:07.9672267Z libfreetype6 is already the newest version (2.11.1+dfsg-1ubuntu0.3).
2026-10-06T01:45:07.9672593Z libfreetype6 set to manually installed.
2026-10-06T01:45:07.9672939Z libgbm1 is already the newest version (23.2.1-1ubuntu3.1~22.04.4).
2026-10-06T01:45:07.9673244Z libgbm1 set to manually installed.
2026-10-06T01:45:07.9673554Z libglib2.0-0 is already the newest version (2.72.4-0ubuntu2.10).
2026-10-06T01:45:07.9673879Z libglib2.0-0 set to manually installed.
2026-10-06T01:45:07.9674211Z libnspr4 is already the newest version (2:4.35-0ubuntu0.22.04.1).
2026-10-06T01:45:07.9674585Z libnss3 is already the newest version (2:3.98-0ubuntu0.22.04.4).
2026-10-06T01:45:07.9674967Z libpango-1.0-0 is already the newest version (1.50.6+ds-2ubuntu1).
2026-10-06T01:45:07.9675281Z libpango-1.0-0 set to manually installed.
2026-10-06T01:45:07.9675630Z libwayland-client0 is already the newest version (1.20.0-1ubuntu0.1).
2026-10-06T01:45:07.9675987Z libwayland-client0 set to manually installed.
2026-10-06T01:45:07.9676319Z libx11-6 is already the newest version (2:1.7.5-1ubuntu0.3).
2026-10-06T01:45:07.9676615Z libx11-6 set to manually installed.
2026-10-06T01:45:07.9677120Z xvfb is already the newest version (2:21.1.4-2ubuntu1.7~22.04.16).
2026-10-06T01:45:07.9677475Z The following additional packages will be installed:
2026-10-06T01:45:07.9677764Z   xfonts-encodings xfonts-utils
2026-10-06T01:45:07.9678004Z Recommended packages:
2026-10-06T01:45:07.9678233Z   fonts-ipafont-mincho fonts-tlwg-loma
2026-10-06T01:45:08.0448998Z The following NEW packages will be installed:
2026-10-06T01:45:08.0449660Z   fonts-freefont-ttf fonts-ipafont-gothic fonts-tlwg-loma-otf fonts-unifont
2026-10-06T01:45:08.0457737Z   fonts-wqy-zenhei xfonts-cyrillic xfonts-encodings xfonts-scalable
2026-10-06T01:45:08.0458181Z   xfonts-utils
2026-10-06T01:45:08.0633503Z 0 upgraded, 9 newly installed, 0 to remove and 20 not upgraded.
2026-10-06T01:45:08.0634070Z Need to get 18.4 MB of archives.
2026-10-06T01:45:08.0634627Z After this operation, 56.8 MB of additional disk space will be used.
2026-10-06T01:45:08.0635205Z Get:1 file:/etc/apt/apt-mirrors.txt Mirrorlist [144 B]
2026-10-06T01:45:08.1565343Z Get:2 http://azure.archive.ubuntu.com/ubuntu jammy/universe amd64 fonts-ipafont-gothic all 00303-21ubuntu1 [3513 kB]
2026-10-06T01:45:08.3049027Z Get:3 http://azure.archive.ubuntu.com/ubuntu jammy/main amd64 fonts-freefont-ttf all 20120503-10build1 [2388 kB]
2026-10-06T01:45:08.3954246Z Get:4 http://azure.archive.ubuntu.com/ubuntu jammy/universe amd64 fonts-tlwg-loma-otf all 1:0.7.3-1 [107 kB]
2026-10-06T01:45:08.4677380Z Get:5 http://azure.archive.ubuntu.com/ubuntu jammy/universe amd64 fonts-unifont all 1:14.0.01-1 [3551 kB]
2026-10-06T01:45:08.6138706Z Get:6 http://azure.archive.ubuntu.com/ubuntu jammy/universe amd64 fonts-wqy-zenhei all 0.9.45-8 [7472 kB]
2026-10-06T01:45:08.8545723Z Get:7 http://azure.archive.ubuntu.com/ubuntu jammy/main amd64 xfonts-encodings all 1:1.0.5-0ubuntu2 [578 kB]
2026-10-06T01:45:08.9470185Z Get:8 http://azure.archive.ubuntu.com/ubuntu jammy/main amd64 xfonts-utils amd64 1:7.7+6build2 [94.6 kB]
2026-10-06T01:45:09.0192602Z Get:9 http://azure.archive.ubuntu.com/ubuntu jammy/universe amd64 xfonts-cyrillic all 1:1.0.5 [386 kB]
2026-10-06T01:45:09.0991726Z Get:10 http://azure.archive.ubuntu.com/ubuntu jammy/main amd64 xfonts-scalable all 1:1.0.3-1.2ubuntu1 [306 kB]
2026-10-06T01:45:09.3886894Z Fetched 18.4 MB in 1s (17.5 MB/s)
2026-10-06T01:45:09.4737587Z Selecting previously unselected package fonts-ipafont-gothic.
2026-10-06T01:45:09.5015649Z (Reading database ... 
2026-10-06T01:45:09.5015987Z (Reading database ... 5%
2026-10-06T01:45:09.5016316Z (Reading database ... 10%
2026-10-06T01:45:09.5016532Z (Reading database ... 15%
2026-10-06T01:45:09.5016725Z (Reading database ... 20%
2026-10-06T01:45:09.5016917Z (Reading database ... 25%
2026-10-06T01:45:09.5017121Z (Reading database ... 30%
2026-10-06T01:45:09.5017312Z (Reading database ... 35%
2026-10-06T01:45:09.5017505Z (Reading database ... 40%
2026-10-06T01:45:09.5017705Z (Reading database ... 45%
2026-10-06T01:45:09.5017900Z (Reading database ... 50%
2026-10-06T01:45:09.6519308Z (Reading database ... 55%
2026-10-06T01:45:09.8780789Z (Reading database ... 60%
2026-10-06T01:45:10.0134695Z (Reading database ... 65%
2026-10-06T01:45:10.2414398Z (Reading database ... 70%
2026-10-06T01:45:10.4088087Z (Reading database ... 75%
2026-10-06T01:45:10.8854963Z (Reading database ... 80%
2026-10-06T01:45:11.0119662Z (Reading database ... 85%
2026-10-06T01:45:11.3472071Z (Reading database ... 90%
2026-10-06T01:45:11.7393619Z (Reading database ... 95%
2026-10-06T01:45:11.7394002Z (Reading database ... 100%
2026-10-06T01:45:11.7394455Z (Reading database ... 260411 files and directories currently installed.)
2026-10-06T01:45:11.7455164Z Preparing to unpack .../0-fonts-ipafont-gothic_00303-21ubuntu1_all.deb ...
2026-10-06T01:45:11.7624026Z Unpacking fonts-ipafont-gothic (00303-21ubuntu1) ...
2026-10-06T01:45:12.0584991Z Selecting previously unselected package fonts-freefont-ttf.
2026-10-06T01:45:12.0774547Z Preparing to unpack .../1-fonts-freefont-ttf_20120503-10build1_all.deb ...
2026-10-06T01:45:12.0780248Z Unpacking fonts-freefont-ttf (20120503-10build1) ...
2026-10-06T01:45:12.2389804Z Selecting previously unselected package fonts-tlwg-loma-otf.
2026-10-06T01:45:12.2579372Z Preparing to unpack .../2-fonts-tlwg-loma-otf_1%3a0.7.3-1_all.deb ...
2026-10-06T01:45:12.2584892Z Unpacking fonts-tlwg-loma-otf (1:0.7.3-1) ...
2026-10-06T01:45:12.2815456Z Selecting previously unselected package fonts-unifont.
2026-10-06T01:45:12.3006023Z Preparing to unpack .../3-fonts-unifont_1%3a14.0.01-1_all.deb ...
2026-10-06T01:45:12.3011365Z Unpacking fonts-unifont (1:14.0.01-1) ...
2026-10-06T01:45:12.5122433Z Selecting previously unselected package fonts-wqy-zenhei.
2026-10-06T01:45:12.5308192Z Preparing to unpack .../4-fonts-wqy-zenhei_0.9.45-8_all.deb ...
2026-10-06T01:45:12.5408861Z Unpacking fonts-wqy-zenhei (0.9.45-8) ...
2026-10-06T01:45:13.0433352Z Selecting previously unselected package xfonts-encodings.
2026-10-06T01:45:13.0619392Z Preparing to unpack .../5-xfonts-encodings_1%3a1.0.5-0ubuntu2_all.deb ...
2026-10-06T01:45:13.0625497Z Unpacking xfonts-encodings (1:1.0.5-0ubuntu2) ...
2026-10-06T01:45:13.0943406Z Selecting previously unselected package xfonts-utils.
2026-10-06T01:45:13.1129400Z Preparing to unpack .../6-xfonts-utils_1%3a7.7+6build2_amd64.deb ...
2026-10-06T01:45:13.1135661Z Unpacking xfonts-utils (1:7.7+6build2) ...
2026-10-06T01:45:13.1881036Z Selecting previously unselected package xfonts-cyrillic.
2026-10-06T01:45:13.2071446Z Preparing to unpack .../7-xfonts-cyrillic_1%3a1.0.5_all.deb ...
2026-10-06T01:45:13.2076874Z Unpacking xfonts-cyrillic (1:1.0.5) ...
2026-10-06T01:45:13.2497126Z Selecting previously unselected package xfonts-scalable.
2026-10-06T01:45:13.2686003Z Preparing to unpack .../8-xfonts-scalable_1%3a1.0.3-1.2ubuntu1_all.deb ...
2026-10-06T01:45:13.2919060Z Unpacking xfonts-scalable (1:1.0.3-1.2ubuntu1) ...
2026-10-06T01:45:13.3484334Z Setting up fonts-wqy-zenhei (0.9.45-8) ...
2026-10-06T01:45:13.3590630Z Setting up fonts-freefont-ttf (20120503-10build1) ...
2026-10-06T01:45:13.3604337Z Setting up fonts-tlwg-loma-otf (1:0.7.3-1) ...
2026-10-06T01:45:13.3619133Z Setting up xfonts-encodings (1:1.0.5-0ubuntu2) ...
2026-10-06T01:45:13.3634278Z Setting up fonts-ipafont-gothic (00303-21ubuntu1) ...
2026-10-06T01:45:13.3704888Z update-alternatives: using /usr/share/fonts/opentype/ipafont-gothic/ipag.ttf to provide /usr/share/fonts/truetype/fonts-japanese-gothic.ttf (fonts-japanese-gothic.ttf) in auto mode
2026-10-06T01:45:13.3722207Z Setting up fonts-unifont (1:14.0.01-1) ...
2026-10-06T01:45:13.3737276Z Setting up xfonts-utils (1:7.7+6build2) ...
2026-10-06T01:45:13.3777743Z Setting up xfonts-cyrillic (1:1.0.5) ...
2026-10-06T01:45:13.4052752Z Setting up xfonts-scalable (1:1.0.3-1.2ubuntu1) ...
2026-10-06T01:45:13.4310014Z Processing triggers for man-db (2.10.2-1) ...
2026-10-06T01:45:13.4328342Z Not building database; man-db/auto-update is not 'true'.
2026-10-06T01:45:13.4339156Z Processing triggers for fontconfig (2.13.1-4.2ubuntu5) ...
2026-10-06T01:45:14.0914271Z 
2026-10-06T01:45:14.0914895Z Running kernel seems to be up-to-date.
2026-10-06T01:45:14.0915206Z 
2026-10-06T01:45:14.0915403Z No services need to be restarted.
2026-10-06T01:45:14.0915628Z 
2026-10-06T01:45:14.0915800Z No containers need to be restarted.
2026-10-06T01:45:14.0915986Z 
2026-10-06T01:45:14.0916230Z No user sessions are running outdated binaries.
2026-10-06T01:45:14.0916471Z 
2026-10-06T01:45:14.0916847Z No VM guests are running outdated hypervisor (qemu) binaries on this host.
2026-10-06T01:45:15.5193414Z Downloading Chrome for Testing 153.0.8010.12 (playwright chromium v1243) from https://cdn.playwright.dev/builds/cft/153.0.8010.12/linux64/chrome-linux64.zip
2026-10-06T01:45:15.9014727Z |                                                                                |   0% of 186.8 MiB
2026-10-06T01:45:16.8982665Z |■■■■■■■■                                                                        |  10% of 186.8 MiB
2026-10-06T01:45:17.5933702Z |■■■■■■■■■■■■■■■■                                                                |  20% of 186.8 MiB
2026-10-06T01:45:17.7716840Z |■■■■■■■■■■■■■■■■■■■■■■■■                                                        |  30% of 186.8 MiB
2026-10-06T01:45:17.9499652Z |■■■■■■■■■■■■■■■■■■■■■■■■■■■■■■■■                                                |  40% of 186.8 MiB
2026-10-06T01:45:18.0911208Z |■■■■■■■■■■■■■■■■■■■■■■■■■■■■■■■■■■■■■■■■                                        |  50% of 186.8 MiB
2026-10-06T01:45:18.2243970Z |■■■■■■■■■■■■■■■■■■■■■■■■■■■■■■■■■■■■■■■■■■■■■■■■                                |  60% of 186.8 MiB
2026-10-06T01:45:18.3361696Z |■■■■■■■■■■■■■■■■■■■■■■■■■■■■■■■■■■■■■■■■■■■■■■■■■■■■■■■■                        |  70% of 186.8 MiB
2026-10-06T01:45:18.4719336Z |■■■■■■■■■■■■■■■■■■■■■■■■■■■■■■■■■■■■■■■■■■■■■■■■■■■■■■■■■■■■■■■■                |  80% of 186.8 MiB
2026-10-06T01:45:18.6165794Z |■■■■■■■■■■■■■■■■■■■■■■■■■■■■■■■■■■■■■■■■■■■■■■■■■■■■■■■■■■■■■■■■■■■■■■■■        |  90% of 186.8 MiB
2026-10-06T01:45:18.8473867Z |■■■■■■■■■■■■■■■■■■■■■■■■■■■■■■■■■■■■■■■■■■■■■■■■■■■■■■■■■■■■■■■■■■■■■■■■■■■■■■■■| 100% of 186.8 MiB
2026-10-06T01:45:21.2701426Z Chrome for Testing 153.0.8010.12 (playwright chromium v1243) downloaded to /home/runner/.cache/ms-playwright/chromium-1243
2026-10-06T01:45:21.2705845Z Downloading FFmpeg (playwright ffmpeg v1011) from https://cdn.playwright.dev/dbazure/download/playwright/builds/ffmpeg/1011/ffmpeg-linux.zip
2026-10-06T01:45:21.5697409Z |                                                                                |   0% of 2.3 MiB
2026-10-06T01:45:21.5730729Z |■■■■■■■■                                                                        |  10% of 2.3 MiB
2026-10-06T01:45:21.5749665Z |■■■■■■■■■■■■■■■■                                                                |  20% of 2.3 MiB
2026-10-06T01:45:21.5764734Z |■■■■■■■■■■■■■■■■■■■■■■■■                                                        |  30% of 2.3 MiB
2026-10-06T01:45:21.5778511Z |■■■■■■■■■■■■■■■■■■■■■■■■■■■■■■■■                                                |  40% of 2.3 MiB
2026-10-06T01:45:21.5796234Z |■■■■■■■■■■■■■■■■■■■■■■■■■■■■■■■■■■■■■■■■                                        |  50% of 2.3 MiB
2026-10-06T01:45:21.5814843Z |■■■■■■■■■■■■■■■■■■■■■■■■■■■■■■■■■■■■■■■■■■■■■■■■                                |  60% of 2.3 MiB
2026-10-06T01:45:21.5838981Z |■■■■■■■■■■■■■■■■■■■■■■■■■■■■■■■■■■■■■■■■■■■■■■■■■■■■■■■■                        |  70% of 2.3 MiB
2026-10-06T01:45:21.5866315Z |■■■■■■■■■■■■■■■■■■■■■■■■■■■■■■■■■■■■■■■■■■■■■■■■■■■■■■■■■■■■■■■■                |  80% of 2.3 MiB
2026-10-06T01:45:21.5900107Z |■■■■■■■■■■■■■■■■■■■■■■■■■■■■■■■■■■■■■■■■■■■■■■■■■■■■■■■■■■■■■■■■■■■■■■■■        |  90% of 2.3 MiB
2026-10-06T01:45:21.5917883Z |■■■■■■■■■■■■■■■■■■■■■■■■■■■■■■■■■■■■■■■■■■■■■■■■■■■■■■■■■■■■■■■■■■■■■■■■■■■■■■■■| 100% of 2.3 MiB
2026-10-06T01:45:21.6489166Z FFmpeg (playwright ffmpeg v1011) downloaded to /home/runner/.cache/ms-playwright/ffmpeg-1011
2026-10-06T01:45:21.6493092Z Downloading Chrome Headless Shell 153.0.8010.12 (playwright chromium-headless-shell v1243) from https://cdn.playwright.dev/builds/cft/153.0.8010.12/linux64/chrome-headless-shell-linux64.zip
2026-10-06T01:45:22.0305814Z |                                                                                |   0% of 114.3 MiB
2026-10-06T01:45:22.1498106Z |■■■■■■■■                                                                        |  10% of 114.3 MiB
2026-10-06T01:45:22.2075319Z |■■■■■■■■■■■■■■■■                                                                |  20% of 114.3 MiB
2026-10-06T01:45:22.2672783Z |■■■■■■■■■■■■■■■■■■■■■■■■                                                        |  30% of 114.3 MiB
2026-10-06T01:45:22.3519784Z |■■■■■■■■■■■■■■■■■■■■■■■■■■■■■■■■                                                |  40% of 114.3 MiB
2026-10-06T01:45:22.4267481Z |■■■■■■■■■■■■■■■■■■■■■■■■■■■■■■■■■■■■■■■■                                        |  50% of 114.3 MiB
2026-10-06T01:45:22.5071867Z |■■■■■■■■■■■■■■■■■■■■■■■■■■■■■■■■■■■■■■■■■■■■■■■■                                |  60% of 114.3 MiB
2026-10-06T01:45:22.5955985Z |■■■■■■■■■■■■■■■■■■■■■■■■■■■■■■■■■■■■■■■■■■■■■■■■■■■■■■■■                        |  70% of 114.3 MiB
2026-10-06T01:45:22.6656474Z |■■■■■■■■■■■■■■■■■■■■■■■■■■■■■■■■■■■■■■■■■■■■■■■■■■■■■■■■■■■■■■■■                |  80% of 114.3 MiB
2026-10-06T01:45:22.7432545Z |■■■■■■■■■■■■■■■■■■■■■■■■■■■■■■■■■■■■■■■■■■■■■■■■■■■■■■■■■■■■■■■■■■■■■■■■        |  90% of 114.3 MiB
2026-10-06T01:45:22.8337943Z |■■■■■■■■■■■■■■■■■■■■■■■■■■■■■■■■■■■■■■■■■■■■■■■■■■■■■■■■■■■■■■■■■■■■■■■■■■■■■■■■| 100% of 114.3 MiB
2026-10-06T01:45:24.5374447Z Chrome Headless Shell 153.0.8010.12 (playwright chromium-headless-shell v1243) downloaded to /home/runner/.cache/ms-playwright/chromium_headless_shell-1243
2026-10-06T01:45:24.5628418Z ##[group]Run timeout --kill-after=30s 360s pnpm exec vitest run --config vitest.default-seed-setup-wizard.browser.config.ts --reporter=verbose --reporter=json --outputFile.json=setup-source-results.json
2026-10-06T01:45:24.5629556Z [36;1mtimeout --kill-after=30s 360s pnpm exec vitest run --config vitest.default-seed-setup-wizard.browser.config.ts --reporter=verbose --reporter=json --outputFile.json=setup-source-results.json[0m
2026-10-06T01:45:24.5694474Z shell: /usr/bin/bash -e {0}
2026-10-06T01:45:24.5694699Z env:
2026-10-06T01:45:24.5694909Z   PNPM_HOME: /home/runner/setup-pnpm/node_modules/.bin
2026-10-06T01:45:24.5695172Z   DEBUG: pw:browser
2026-10-06T01:45:24.5695350Z ##[endgroup]
2026-10-06T01:45:25.4090742Z 
2026-10-06T01:45:25.4093770Z [1m[30m[46m RUN [49m[39m[22m [36mv4.1.10 [39m[90m/home/runner/work/cms/cms[39m
2026-10-06T01:45:25.4094077Z 
2026-10-06T01:45:25.9732856Z 2026-10-06T01:45:25.972Z pw:browser <launching> /home/runner/.cache/ms-playwright/chromium_headless_shell-1243/chrome-headless-shell-linux64/chrome-headless-shell --disable-field-trial-config --disable-background-networking --disable-background-timer-throttling --disable-backgrounding-occluded-windows --disable-back-forward-cache --disable-breakpad --disable-client-side-phishing-detection --disable-component-extensions-with-background-pages --disable-component-update --no-default-browser-check --disable-default-apps --disable-dev-shm-usage --disable-edgeupdater --disable-extensions --disable-features=AvoidUnnecessaryBeforeUnloadCheckSync,DestroyProfileOnBrowserClose,DialMediaRouteProvider,GlobalMediaControls,HttpsUpgrades,LensOverlay,MediaRouter,PaintHolding,ThirdPartyStoragePartitioning,BlockOriginHeaderModificationOnRedirect,Translate,AutoDeElevate,OptimizationHints,msForceBrowserSignIn,msEdgeUpdateLaunchServicesPreferredVersion --enable-features=CDPScreenshotNewSurface --allow-pre-commit-input --disable-hang-monitor --disable-ipc-flooding-protection --disable-popup-blocking --disable-prompt-on-repost --disable-renderer-backgrounding --disable-updater-scheduler --force-color-profile=srgb --metrics-recording-only --no-first-run --password-store=basic --use-mock-keychain --no-service-autorun --export-tagged-pdf --disable-search-engine-choice-screen --unsafely-disable-devtools-self-xss-warnings --edge-skip-compat-layer-relaunch --disable-infobars --disable-search-engine-choice-screen --disable-sync --enable-unsafe-swiftshader --headless --hide-scrollbars --mute-audio --blink-settings=primaryHoverType=2,availableHoverTypes=2,primaryPointerType=4,availablePointerTypes=4 --user-data-dir=/tmp/playwright_chromiumdev_profile-tAdIH0 --remote-debugging-pipe --no-startup-window
2026-10-06T01:45:25.9775141Z 2026-10-06T01:45:25.977Z pw:browser <launched> pid=2856
2026-10-06T01:45:26.0246525Z 2026-10-06T01:45:26.024Z pw:browser [pid=2856][err] [1006/014526.022979:ERROR:dbus/bus.cc:405] Failed to connect to the bus: Could not parse server address: Unknown address type (examples of valid types are "tcp" and on UNIX "unix")
2026-10-06T01:45:26.0323426Z 2026-10-06T01:45:26.028Z pw:browser [pid=2856][err] Unable to revert mtime: /usr/share/fonts
2026-10-06T01:45:26.0324621Z 2026-10-06T01:45:26.029Z pw:browser [pid=2856][err] Unable to revert mtime: /usr/share/fonts/truetype
2026-10-06T01:45:26.0411124Z 2026-10-06T01:45:26.040Z pw:browser [pid=2856][err] [1006/014526.038921:WARNING:media/gpu/vaapi/vaapi_wrapper.cc:1660] drmGetDevices2() has not found any devices
2026-10-06T01:45:26.0424034Z 2026-10-06T01:45:26.041Z pw:browser [pid=2856][err] [1006/014526.041261:WARNING:sandbox/policy/linux/sandbox_linux.cc:405] InitializeSandbox() called with multiple threads in process gpu-process.
2026-10-06T01:45:26.0488926Z 2026-10-06T01:45:26.048Z pw:browser [pid=2856][err] Unable to revert mtime: /usr/share/fonts/truetype/dejavu
2026-10-06T01:45:26.0948199Z 2026-10-06T01:45:26.094Z pw:browser [pid=2856][err] Unable to revert mtime: /usr/share/fonts/truetype/lato
2026-10-06T01:45:26.1115968Z 2026-10-06T01:45:26.111Z pw:browser [pid=2856][err] Unable to revert mtime: /usr/share/fonts/truetype/liberation
2026-10-06T01:45:26.1181410Z 2026-10-06T01:45:26.117Z pw:browser [pid=2856][err] Unable to revert mtime: /usr/share/fonts/truetype/noto
2026-10-06T01:45:26.1604807Z 2026-10-06T01:45:26.158Z pw:browser [pid=2856][err] [1006/014526.158513:ERROR:dbus/object_proxy.cc:572] Failed to call method: org.freedesktop.DBus.NameHasOwner: object_path= /org/freedesktop/DBus: unknown error type: 
2026-10-06T01:45:26.1615744Z 2026-10-06T01:45:26.158Z pw:browser [pid=2856][err] [1006/014526.158596:ERROR:dbus/bus.cc:405] Failed to connect to the bus: Could not parse server address: Unknown address type (examples of valid types are "tcp" and on UNIX "unix")
2026-10-06T01:45:26.1632600Z 2026-10-06T01:45:26.163Z pw:browser [pid=2856][err] [1006/014526.162360:ERROR:dbus/object_proxy.cc:572] Failed to call method: org.freedesktop.DBus.NameHasOwner: object_path= /org/freedesktop/DBus: unknown error type: 
2026-10-06T01:45:26.4687265Z 2026-10-06T01:45:26.468Z pw:browser [pid=2856][err] [1006/014526.468376:INFO:CONSOLE:934] "[vite] connecting...", source: http://localhost:63315/@vite/client (934)
2026-10-06T01:45:26.4752078Z 2026-10-06T01:45:26.473Z pw:browser [pid=2856][err] [1006/014526.473699:INFO:CONSOLE:1045] "[vite] connected.", source: http://localhost:63315/@vite/client (1045)
2026-10-06T01:45:26.5198931Z 2026-10-06T01:45:26.518Z pw:browser [pid=2856][err] [1006/014526.508864:INFO:CONSOLE:934] "[vite] connecting...", source: http://localhost:63315/@vite/client (934)
2026-10-06T01:45:26.5285758Z 2026-10-06T01:45:26.528Z pw:browser [pid=2856][err] [1006/014526.525545:INFO:CONSOLE:1045] "[vite] connected.", source: http://localhost:63315/@vite/client (1045)
2026-10-06T01:45:27.4851769Z  [32m✓[39m [30m[43m chromium [49m[39m parity/emdash/default-seed-setup-runtime/source/packages/admin/tests/components/SetupWizard.test.tsx[2m > [22mSetupWizard[2m > [22mshows site setup step first with title input[32m 73[2mms[22m[39m
2026-10-06T01:45:27.5968251Z  [32m✓[39m [30m[43m chromium [49m[39m parity/emdash/default-seed-setup-runtime/source/packages/admin/tests/components/SetupWizard.test.tsx[2m > [22mSetupWizard[2m > [22mempty title prevents advancing and shows validation error[32m 139[2mms[22m[39m
2026-10-06T01:45:27.7146254Z  [32m✓[39m [30m[43m chromium [49m[39m parity/emdash/default-seed-setup-runtime/source/packages/admin/tests/components/SetupWizard.test.tsx[2m > [22mSetupWizard[2m > [22mfilling title and clicking Next advances to admin step[32m 118[2mms[22m[39m
2026-10-06T01:45:27.8799666Z  [32m✓[39m [30m[43m chromium [49m[39m parity/emdash/default-seed-setup-runtime/source/packages/admin/tests/components/SetupWizard.test.tsx[2m > [22mSetupWizard[2m > [22mdoes not present media usage tracking as an onboarding choice[32m 54[2mms[22m[39m
2026-10-06T01:45:27.8802788Z  [32m✓[39m [30m[43m chromium [49m[39m parity/emdash/default-seed-setup-runtime/source/packages/admin/tests/components/SetupWizard.test.tsx[2m > [22mSetupWizard[2m > [22madmin step shows email input[32m 111[2mms[22m[39m
2026-10-06T01:45:28.0993161Z  [32m✓[39m [30m[43m chromium [49m[39m parity/emdash/default-seed-setup-runtime/source/packages/admin/tests/components/SetupWizard.test.tsx[2m > [22mSetupWizard[2m > [22mempty email prevents advancing on admin step[32m 165[2mms[22m[39m
2026-10-06T01:45:28.0995991Z  [32m✓[39m [30m[43m chromium [49m[39m parity/emdash/default-seed-setup-runtime/source/packages/admin/tests/components/SetupWizard.test.tsx[2m > [22mSetupWizard[2m > [22mstep indicator shows three steps[32m 54[2mms[22m[39m
2026-10-06T01:45:28.2076107Z  [32m✓[39m [30m[43m chromium [49m[39m parity/emdash/default-seed-setup-runtime/source/packages/admin/tests/components/SetupWizard.test.tsx[2m > [22mSetupWizard[2m > [22mprefills title and tagline from seedInfo[32m 54[2mms[22m[39m
2026-10-06T01:45:28.2079127Z  [32m✓[39m [30m[43m chromium [49m[39m parity/emdash/default-seed-setup-runtime/source/packages/admin/tests/components/SetupWizard.test.tsx[2m > [22mSetupWizard[2m > [22muses empty string for title and tagline when not in seedInfo[32m 54[2mms[22m[39m
2026-10-06T01:45:28.3132546Z  [32m✓[39m [30m[43m chromium [49m[39m parity/emdash/default-seed-setup-runtime/source/packages/admin/tests/components/SetupWizard.test.tsx[2m > [22mSetupWizard[2m > [22mprefilled title can be edited and submitted[32m 106[2mms[22m[39m
2026-10-06T01:45:28.6622627Z  [32m✓[39m [30m[43m chromium [49m[39m parity/emdash/default-seed-setup-runtime/source/packages/admin/tests/components/SetupWizard.test.tsx[2m > [22mSetupWizard[2m > [22mstarting from a site package[2m > [22moffers import alongside sample content and an empty site[32m 55[2mms[22m[39m
2026-10-06T01:45:28.6625686Z  [32m✓[39m [30m[43m chromium [49m[39m parity/emdash/default-seed-setup-runtime/source/packages/admin/tests/components/SetupWizard.test.tsx[2m > [22mSetupWizard[2m > [22mstarting from a site package[2m > [22mskips sample content and lands on the Transfer import after signing in[32m 294[2mms[22m[39m
2026-10-06T01:45:28.9119277Z  [32m✓[39m [30m[43m chromium [49m[39m parity/emdash/default-seed-setup-runtime/source/packages/admin/tests/components/SetupWizard.test.tsx[2m > [22mSetupWizard[2m > [22mstarting from a site package[2m > [22mkeeps sample content and the dashboard as the default[32m 249[2mms[22m[39m
2026-10-06T01:45:29.2112082Z  [32m✓[39m [30m[43m chromium [49m[39m parity/emdash/default-seed-setup-runtime/source/packages/admin/tests/components/SetupWizard.test.tsx[2m > [22mSetupWizard[2m > [22mstarting from a site package[2m > [22mskips sample content for an empty site[32m 300[2mms[22m[39m
2026-10-06T01:45:29.3621495Z  [32m✓[39m [30m[43m chromium [49m[39m parity/emdash/default-seed-setup-runtime/source/packages/admin/tests/components/SetupWizard.test.tsx[2m > [22mSetupWizard[2m > [22mstarting from a site package[2m > [22mgoes straight to the Transfer import when Cloudflare Access completes setup[32m 151[2mms[22m[39m
2026-10-06T01:45:29.6293772Z  [32m✓[39m [30m[43m chromium [49m[39m parity/emdash/default-seed-setup-runtime/source/packages/admin/tests/components/SetupWizard.test.tsx[2m > [22mSetupWizard[2m > [22mkeeps posting while sample content remains, then advances[32m 159[2mms[22m[39m
2026-10-06T01:45:29.7299444Z  [32m✓[39m [30m[43m chromium [49m[39m parity/emdash/default-seed-setup-runtime/source/packages/admin/tests/components/SetupWizard.test.tsx[2m > [22mSetupWizard[2m > [22mkeeps the added sample content after a failed request and resumes on Continue[32m 208[2mms[22m[39m
2026-10-06T01:45:29.8796448Z  [32m✓[39m [30m[43m chromium [49m[39m parity/emdash/default-seed-setup-runtime/source/packages/admin/tests/components/SetupWizard.test.tsx[2m > [22mSetupWizard[2m > [22mstops posting when a request reports no progress[32m 150[2mms[22m[39m
2026-10-06T01:45:29.8855030Z 
2026-10-06T01:45:29.8858369Z [2m Test Files [22m [1m[32m1 passed[39m[22m[90m (1)[39m
2026-10-06T01:45:29.8859150Z [2m      Tests [22m [1m[32m18 passed[39m[22m[90m (18)[39m
2026-10-06T01:45:29.8859687Z [2m   Start at [22m 01:45:25
2026-10-06T01:45:29.8860678Z [2m   Duration [22m 4.47s[2m (transform 0ms, setup 194ms, import 456ms, tests 2.50s, environment 0ms)[22m
2026-10-06T01:45:29.8861180Z 
2026-10-06T01:45:29.8868803Z JSON report written to /home/runner/work/cms/cms/setup-source-results.json
2026-10-06T01:45:29.8912956Z 2026-10-06T01:45:29.891Z pw:browser [pid=2856][err] [1006/014529.888148:INFO:CONSOLE:1080] "[vite] server connection lost. Polling for restart...", source: http://localhost:63315/@vite/client (1080)
2026-10-06T01:45:29.8939095Z 2026-10-06T01:45:29.891Z pw:browser [pid=2856][err] [1006/014529.889209:INFO:CONSOLE:1211] "[vite] server connection lost. Polling for restart...", source: http://localhost:63315/__vitest_browser__/tester-BJtsJFpD.js (1211)
2026-10-06T01:45:29.8998804Z 2026-10-06T01:45:29.899Z pw:browser [pid=2856] <gracefully close start>
2026-10-06T01:45:29.9208980Z 2026-10-06T01:45:29.920Z pw:browser [pid=2856] <process did exit: exitCode=0, signal=null>
2026-10-06T01:45:29.9210597Z 2026-10-06T01:45:29.920Z pw:browser [pid=2856] starting temporary directories cleanup
2026-10-06T01:45:29.9237805Z 2026-10-06T01:45:29.923Z pw:browser [pid=2856] finished temporary directories cleanup
2026-10-06T01:45:29.9238557Z 2026-10-06T01:45:29.923Z pw:browser [pid=2856] <gracefully close end>
2026-10-06T01:45:29.9713584Z ##[group]Run actions/upload-artifact@v4
2026-10-06T01:45:29.9713842Z with:
2026-10-06T01:45:29.9714036Z   name: default-seed-setup-source-results
2026-10-06T01:45:29.9714301Z   path: setup-source-results.json
test-results/

2026-10-06T01:45:29.9714544Z   retention-days: 7
2026-10-06T01:45:29.9714734Z   if-no-files-found: warn
2026-10-06T01:45:29.9714927Z   compression-level: 6
2026-10-06T01:45:29.9715114Z   overwrite: false
2026-10-06T01:45:29.9715290Z   include-hidden-files: false
2026-10-06T01:45:29.9715492Z env:
2026-10-06T01:45:29.9715691Z   PNPM_HOME: /home/runner/setup-pnpm/node_modules/.bin
2026-10-06T01:45:29.9715945Z ##[endgroup]
2026-10-06T01:45:30.1177177Z (node:2994) [DEP0040] DeprecationWarning: The `punycode` module is deprecated. Please use a userland alternative instead.
2026-10-06T01:45:30.1178250Z (Use `node --trace-deprecation ...` to show where the warning was created)
2026-10-06T01:45:30.1229602Z Multiple search paths detected. Calculating the least common ancestor of all paths
2026-10-06T01:45:30.1231232Z The least common ancestor is /home/runner/work/cms/cms. This will be the root directory of the artifact
2026-10-06T01:45:30.1232006Z With the provided path, there will be 1 file uploaded
2026-10-06T01:45:30.1232618Z Artifact name is valid!
2026-10-06T01:45:30.1232965Z Root directory input is valid!
2026-10-06T01:45:30.5102313Z Beginning upload of artifact content to blob storage
2026-10-06T01:45:30.5252446Z (node:2994) [DEP0169] DeprecationWarning: `url.parse()` behavior is not standardized and prone to errors that have security implications. Use the WHATWG URL API instead. CVEs are not issued for `url.parse()` vulnerabilities.
2026-10-06T01:45:30.7936638Z Uploaded bytes 1282
2026-10-06T01:45:30.8673636Z Finished uploading artifact content to blob storage!
2026-10-06T01:45:30.8674742Z SHA256 digest of uploaded artifact zip is 17c3d3b44816f3f64b91daa6bb50dd7884559c9d299d5fe294e8e85c0240c29f
2026-10-06T01:45:30.8675575Z Finalizing artifact upload
2026-10-06T01:45:31.1509707Z Artifact default-seed-setup-source-results.zip successfully finalized. Artifact ID 11384089963
2026-10-06T01:45:31.1511095Z Artifact default-seed-setup-source-results has been successfully uploaded! Final size is 1282 bytes. Artifact ID is 11384089963
2026-10-06T01:45:31.1516324Z Artifact download URL: https://github.com/sveltery/cms/actions/runs/37400659680/artifacts/11384089963
2026-10-06T01:45:31.1681274Z Post job cleanup.
2026-10-06T01:45:31.2786278Z (node:3006) [DEP0040] DeprecationWarning: The `punycode` module is deprecated. Please use a userland alternative instead.
2026-10-06T01:45:31.2786936Z (Use `node --trace-deprecation ...` to show where the warning was created)
2026-10-06T01:45:31.2789550Z Cache hit occurred on the primary key node-cache-Linux-x64-pnpm-cb01908ec0d0a45d9eb29e44f56e05364983ff2ce958acc694c939d2835b5d56, not saving cache.
2026-10-06T01:45:31.2883835Z Post job cleanup.
2026-10-06T01:45:31.4193932Z Pruning is unnecessary.
2026-10-06T01:45:31.4365389Z Post job cleanup.
2026-10-06T01:45:31.5122465Z [command]/usr/bin/git version
2026-10-06T01:45:31.5162506Z git version 2.55.0
2026-10-06T01:45:31.5198160Z Temporarily overriding HOME='/home/runner/work/_temp/50b282c6-be97-447a-b061-07011d35bd89' before making global git config changes
2026-10-06T01:45:31.5199256Z Adding repository directory to the temporary git global config as a safe directory
2026-10-06T01:45:31.5203964Z [command]/usr/bin/git config --global --add safe.directory /home/runner/work/cms/cms
2026-10-06T01:45:31.5242365Z [command]/usr/bin/git config --local --name-only --get-regexp core\.sshCommand
2026-10-06T01:45:31.5275658Z [command]/usr/bin/git submodule foreach --recursive sh -c "git config --local --name-only --get-regexp 'core\.sshCommand' && git config --local --unset-all 'core.sshCommand' || :"
2026-10-06T01:45:31.5571014Z [command]/usr/bin/git config --local --name-only --get-regexp http\.https\:\/\/github\.com\/\.extraheader
2026-10-06T01:45:31.5589602Z http.https://github.com/.extraheader
2026-10-06T01:45:31.5660931Z [command]/usr/bin/git config --local --unset-all http.https://github.com/.extraheader
2026-10-06T01:45:31.5671957Z [command]/usr/bin/git submodule foreach --recursive sh -c "git config --local --name-only --get-regexp 'http\.https\:\/\/github\.com\/\.extraheader' && git config --local --unset-all 'http.https://github.com/.extraheader' || :"
2026-10-06T01:45:31.5941465Z [command]/usr/bin/git config --local --name-only --get-regexp ^includeIf\.gitdir:
2026-10-06T01:45:31.5975334Z [command]/usr/bin/git submodule foreach --recursive git config --local --show-origin --name-only --get-regexp remote.origin.url
2026-10-06T01:45:31.6357580Z Cleaning up orphan processes
2026-10-06T01:45:31.6624898Z ##[warning]Node.js 20 is deprecated. The following actions target Node.js 20 but are being forced to run on Node.js 24: actions/checkout@v4, actions/setup-node@v4, actions/upload-artifact@v4, pnpm/action-setup@v4. For more information see: https://github.blog/changelog/2025-09-19-deprecation-of-node-20-on-github-actions-runners/
