2026-10-06T00:39:25.1922688Z Current runner version: '2.337.0'
2026-10-06T00:39:25.1955493Z ##[group]Runner Image Provisioner
2026-10-06T00:39:25.1956924Z Hosted Compute Agent
2026-10-06T00:39:25.1958000Z Version: 20260901.588
2026-10-06T00:39:25.1958675Z Commit: f88ec8081b781fac6c440065ac7ff9e710ce3d0b
2026-10-06T00:39:25.1959399Z Build Date: 2026-09-01T19:56:44Z
2026-10-06T00:39:25.1960064Z Worker ID: {229df067-b07f-4c4e-a2ce-4be03c3c405f}
2026-10-06T00:39:25.1960778Z Azure Region: northcentralus
2026-10-06T00:39:25.1961360Z ##[endgroup]
2026-10-06T00:39:25.1962725Z ##[group]Operating System
2026-10-06T00:39:25.1963357Z Ubuntu
2026-10-06T00:39:25.1963918Z 22.04.5
2026-10-06T00:39:25.1964409Z LTS
2026-10-06T00:39:25.1964971Z ##[endgroup]
2026-10-06T00:39:25.1965474Z ##[group]Runner Image
2026-10-06T00:39:25.1966080Z Image: ubuntu-22.04
2026-10-06T00:39:25.1966632Z Version: 20260927.309.1
2026-10-06T00:39:25.1968246Z Included Software: https://github.com/actions/runner-images/blob/ubuntu22/20260927.309/images/ubuntu/Ubuntu2204-Readme.md
2026-10-06T00:39:25.1969683Z Image Release: https://github.com/actions/runner-images/releases/tag/ubuntu22%2F20260927.309
2026-10-06T00:39:25.1970632Z ##[endgroup]
2026-10-06T00:39:25.1971652Z ##[group]GITHUB_TOKEN Permissions
2026-10-06T00:39:25.1973915Z Contents: read
2026-10-06T00:39:25.1974470Z Metadata: read
2026-10-06T00:39:25.1975028Z ##[endgroup]
2026-10-06T00:39:25.1976983Z Secret source: Actions
2026-10-06T00:39:25.1978241Z Cache mode: write
2026-10-06T00:39:25.1979201Z Prepare workflow directory
2026-10-06T00:39:25.2361208Z Prepare all required actions
2026-10-06T00:39:25.2434962Z Getting action download info
2026-10-06T00:39:25.5159944Z Download action repository 'actions/checkout@v4' (SHA:11d5960a326750d5838078e36cf38b85af677262)
2026-10-06T00:39:25.6199612Z Download action repository 'pnpm/action-setup@v4' (SHA:b906affcce14559ad1aafd4ab0e942779e9f58b1)
2026-10-06T00:39:25.9649563Z Download action repository 'actions/setup-node@v4' (SHA:49933ea5288caeca8642d1e84afbd3f7d6820020)
2026-10-06T00:39:26.0975809Z Download action repository 'actions/upload-artifact@v4' (SHA:ea165f8d65b6e75b540449e92b4886f43607fa02)
2026-10-06T00:39:26.3700195Z Complete job name: default-seed-setup-source
2026-10-06T00:39:26.4540039Z ##[group]Run actions/checkout@v4
2026-10-06T00:39:26.4541458Z with:
2026-10-06T00:39:26.4542418Z   repository: sveltery/cms
2026-10-06T00:39:26.4550434Z   token: ***
2026-10-06T00:39:26.4551435Z   ssh-strict: true
2026-10-06T00:39:26.4552463Z   ssh-user: git
2026-10-06T00:39:26.4553465Z   persist-credentials: true
2026-10-06T00:39:26.4554521Z   clean: true
2026-10-06T00:39:26.4555569Z   sparse-checkout-cone-mode: true
2026-10-06T00:39:26.4556722Z   fetch-depth: 1
2026-10-06T00:39:26.4557967Z   fetch-tags: false
2026-10-06T00:39:26.4559063Z   show-progress: true
2026-10-06T00:39:26.4560104Z   lfs: false
2026-10-06T00:39:26.4561132Z   submodules: false
2026-10-06T00:39:26.4562164Z   set-safe-directory: true
2026-10-06T00:39:26.4563299Z   allow-unsafe-pr-checkout: false
2026-10-06T00:39:26.4564662Z ##[endgroup]
2026-10-06T00:39:26.5595721Z Syncing repository: sveltery/cms
2026-10-06T00:39:26.5599803Z ##[group]Getting Git version info
2026-10-06T00:39:26.5601670Z Working directory is '/home/runner/work/cms/cms'
2026-10-06T00:39:26.5604335Z [command]/usr/bin/git version
2026-10-06T00:39:26.5642606Z git version 2.55.0
2026-10-06T00:39:26.5664649Z ##[endgroup]
2026-10-06T00:39:26.5677655Z Temporarily overriding HOME='/home/runner/work/_temp/d63abb2c-1f1e-4490-a4bb-763e81f834d2' before making global git config changes
2026-10-06T00:39:26.5680941Z Adding repository directory to the temporary git global config as a safe directory
2026-10-06T00:39:26.5683946Z [command]/usr/bin/git config --global --add safe.directory /home/runner/work/cms/cms
2026-10-06T00:39:26.5718857Z Deleting the contents of '/home/runner/work/cms/cms'
2026-10-06T00:39:26.5724887Z ##[group]Initializing the repository
2026-10-06T00:39:26.5730507Z [command]/usr/bin/git init /home/runner/work/cms/cms
2026-10-06T00:39:26.5845961Z hint: Using 'master' as the name for the initial branch. This default branch name
2026-10-06T00:39:26.5850424Z hint: will change to "main" in Git 3.0. To configure the initial branch name
2026-10-06T00:39:26.5854014Z hint: to use in all of your new repositories, which will suppress this warning,
2026-10-06T00:39:26.5856558Z hint: call:
2026-10-06T00:39:26.5858256Z hint:
2026-10-06T00:39:26.5860476Z hint: 	git config --global init.defaultBranch <name>
2026-10-06T00:39:26.5862562Z hint:
2026-10-06T00:39:26.5864471Z hint: Names commonly chosen instead of 'master' are 'main', 'trunk' and
2026-10-06T00:39:26.5867618Z hint: 'development'. The just-created branch can be renamed via this command:
2026-10-06T00:39:26.5870179Z hint:
2026-10-06T00:39:26.5871679Z hint: 	git branch -m <name>
2026-10-06T00:39:26.5873460Z hint:
2026-10-06T00:39:26.5875546Z hint: Disable this message with "git config set advice.defaultBranchName false"
2026-10-06T00:39:26.5879179Z Initialized empty Git repository in /home/runner/work/cms/cms/.git/
2026-10-06T00:39:26.5884778Z [command]/usr/bin/git remote add origin https://github.com/sveltery/cms
2026-10-06T00:39:26.5895116Z ##[endgroup]
2026-10-06T00:39:26.5898349Z ##[group]Disabling automatic garbage collection
2026-10-06T00:39:26.5900852Z [command]/usr/bin/git config --local gc.auto 0
2026-10-06T00:39:26.5931127Z ##[endgroup]
2026-10-06T00:39:26.5933602Z ##[group]Setting up auth
2026-10-06T00:39:26.5937626Z [command]/usr/bin/git config --local --name-only --get-regexp core\.sshCommand
2026-10-06T00:39:26.5967295Z [command]/usr/bin/git submodule foreach --recursive sh -c "git config --local --name-only --get-regexp 'core\.sshCommand' && git config --local --unset-all 'core.sshCommand' || :"
2026-10-06T00:39:26.6333835Z [command]/usr/bin/git config --local --name-only --get-regexp http\.https\:\/\/github\.com\/\.extraheader
2026-10-06T00:39:26.6366181Z [command]/usr/bin/git submodule foreach --recursive sh -c "git config --local --name-only --get-regexp 'http\.https\:\/\/github\.com\/\.extraheader' && git config --local --unset-all 'http.https://github.com/.extraheader' || :"
2026-10-06T00:39:26.6567734Z [command]/usr/bin/git config --local --name-only --get-regexp ^includeIf\.gitdir:
2026-10-06T00:39:26.6597951Z [command]/usr/bin/git submodule foreach --recursive git config --local --show-origin --name-only --get-regexp remote.origin.url
2026-10-06T00:39:26.6782811Z [command]/usr/bin/git config --local http.https://github.com/.extraheader AUTHORIZATION: basic ***
2026-10-06T00:39:26.6823613Z ##[endgroup]
2026-10-06T00:39:26.6825592Z ##[group]Fetching the repository
2026-10-06T00:39:26.6832814Z [command]/usr/bin/git -c protocol.version=2 fetch --no-tags --prune --no-recurse-submodules --depth=1 origin +36a39e620767acaebde93c2ca6d91450a94cf7c6:refs/remotes/pull/126/merge
2026-10-06T00:39:27.9726142Z From https://github.com/sveltery/cms
2026-10-06T00:39:27.9726913Z  * [new ref]         36a39e620767acaebde93c2ca6d91450a94cf7c6 -> pull/126/merge
2026-10-06T00:39:27.9728602Z ##[endgroup]
2026-10-06T00:39:27.9729077Z ##[group]Determining the checkout info
2026-10-06T00:39:27.9729600Z ##[endgroup]
2026-10-06T00:39:27.9739444Z [command]/usr/bin/git sparse-checkout disable
2026-10-06T00:39:27.9781512Z [command]/usr/bin/git config --local --unset-all extensions.worktreeConfig
2026-10-06T00:39:27.9817015Z ##[group]Checking out the ref
2026-10-06T00:39:27.9820238Z [command]/usr/bin/git checkout --progress --force refs/remotes/pull/126/merge
2026-10-06T00:39:28.3606975Z Note: switching to 'refs/remotes/pull/126/merge'.
2026-10-06T00:39:28.3607772Z 
2026-10-06T00:39:28.3608129Z You are in 'detached HEAD' state. You can look around, make experimental
2026-10-06T00:39:28.3608633Z changes and commit them, and you can discard any commits you make in this
2026-10-06T00:39:28.3609081Z state without impacting any branches by switching back to a branch.
2026-10-06T00:39:28.3609340Z 
2026-10-06T00:39:28.3609579Z If you want to create a new branch to retain commits you create, you may
2026-10-06T00:39:28.3610005Z do so (now or later) by using -c with the switch command. Example:
2026-10-06T00:39:28.3610556Z 
2026-10-06T00:39:28.3610687Z   git switch -c <new-branch-name>
2026-10-06T00:39:28.3610853Z 
2026-10-06T00:39:28.3610982Z Or undo this operation with:
2026-10-06T00:39:28.3611146Z 
2026-10-06T00:39:28.3611241Z   git switch -
2026-10-06T00:39:28.3611406Z 
2026-10-06T00:39:28.3611654Z Turn off this advice by setting config variable advice.detachedHead to false
2026-10-06T00:39:28.3611927Z 
2026-10-06T00:39:28.3612236Z HEAD is now at 36a39e6 Merge a32398c4361656a4ae46927de5430356ac21457d into 41ee48fe781db307174079837387f4565814456c
2026-10-06T00:39:28.3618567Z ##[endgroup]
2026-10-06T00:39:28.3656808Z [command]/usr/bin/git log -1 --format=%H
2026-10-06T00:39:28.3680544Z 36a39e620767acaebde93c2ca6d91450a94cf7c6
2026-10-06T00:39:28.3903265Z ##[group]Run pnpm/action-setup@v4
2026-10-06T00:39:28.3903558Z with:
2026-10-06T00:39:28.3903781Z   version: 12.6.0
2026-10-06T00:39:28.3904002Z   dest: ~/setup-pnpm
2026-10-06T00:39:28.3904220Z   run_install: null
2026-10-06T00:39:28.3904450Z   cache: false
2026-10-06T00:39:28.3904673Z   cache_dependency_path: pnpm-lock.yaml
2026-10-06T00:39:28.3904983Z   package_json_file: package.json
2026-10-06T00:39:28.3905227Z   standalone: false
2026-10-06T00:39:28.3905434Z ##[endgroup]
2026-10-06T00:39:28.5288379Z ##[group]Running self-installer...
2026-10-06T00:39:28.9040242Z (node:2074) [DEP0169] DeprecationWarning: `url.parse()` behavior is not standardized and prone to errors that have security implications. Use the WHATWG URL API instead. CVEs are not issued for `url.parse()` vulnerabilities.
2026-10-06T00:39:28.9041653Z (Use `node --trace-deprecation ...` to show where the warning was created)
2026-10-06T00:39:29.0773411Z Progress: resolved 1, reused 0, downloaded 0, added 0
2026-10-06T00:39:29.2058879Z Packages: +3
2026-10-06T00:39:29.2059657Z +++
2026-10-06T00:39:29.9143083Z Progress: resolved 15, reused 0, downloaded 3, added 3, done
2026-10-06T00:39:29.9293134Z .../.pnpm/pnpm@12.6.0/node_modules/pnpm preinstall$ node install.js
2026-10-06T00:39:30.4760080Z .../.pnpm/pnpm@12.6.0/node_modules/pnpm preinstall: Done
2026-10-06T00:39:30.4765399Z .../.pnpm/pnpm@12.6.0/node_modules/pnpm postinstall$ node install.js
2026-10-06T00:39:30.5165753Z .../.pnpm/pnpm@12.6.0/node_modules/pnpm postinstall: Done
2026-10-06T00:39:32.0712328Z 
2026-10-06T00:39:32.0712912Z dependencies:
2026-10-06T00:39:32.0713286Z + pnpm 12.6.0 (12.9.1 is available)
2026-10-06T00:39:32.0713530Z 
2026-10-06T00:39:32.0739871Z Done in 3.3s
2026-10-06T00:39:32.1105401Z ##[endgroup]
2026-10-06T00:39:32.1105757Z Installation Completed!
2026-10-06T00:39:32.1261585Z ##[group]Run actions/setup-node@v4
2026-10-06T00:39:32.1261855Z with:
2026-10-06T00:39:32.1262055Z   node-version: 24
2026-10-06T00:39:32.1262259Z   cache: pnpm
2026-10-06T00:39:32.1262456Z   always-auth: false
2026-10-06T00:39:32.1262672Z   check-latest: false
2026-10-06T00:39:32.1264721Z   token: ***
2026-10-06T00:39:32.1264918Z env:
2026-10-06T00:39:32.1265173Z   PNPM_HOME: /home/runner/setup-pnpm/node_modules/.bin
2026-10-06T00:39:32.1265488Z ##[endgroup]
2026-10-06T00:39:32.2666919Z Found in cache @ /opt/hostedtoolcache/node/24.21.0/x64
2026-10-06T00:39:32.2672135Z (node:2106) [DEP0040] DeprecationWarning: The `punycode` module is deprecated. Please use a userland alternative instead.
2026-10-06T00:39:32.2673560Z (Use `node --trace-deprecation ...` to show where the warning was created)
2026-10-06T00:39:32.2674867Z ##[group]Environment details
2026-10-06T00:39:34.8596140Z node: v24.21.0
2026-10-06T00:39:34.8596465Z npm: 11.19.0
2026-10-06T00:39:34.8596662Z yarn: 1.22.22
2026-10-06T00:39:34.8617310Z ##[endgroup]
2026-10-06T00:39:34.8618296Z [command]/home/runner/setup-pnpm/node_modules/.bin/pnpm store path --silent
2026-10-06T00:39:34.8773939Z /home/runner/setup-pnpm/node_modules/.bin/store/v11
2026-10-06T00:39:35.0780548Z Cache hit for: node-cache-Linux-x64-pnpm-cb01908ec0d0a45d9eb29e44f56e05364983ff2ce958acc694c939d2835b5d56
2026-10-06T00:39:35.0878858Z (node:2106) [DEP0169] DeprecationWarning: `url.parse()` behavior is not standardized and prone to errors that have security implications. Use the WHATWG URL API instead. CVEs are not issued for `url.parse()` vulnerabilities.
2026-10-06T00:39:36.2073968Z Received 155189248 of 174062786 (89.2%), 147.9 MBs/sec
2026-10-06T00:39:36.2948537Z Received 174062786 of 174062786 (100.0%), 152.2 MBs/sec
2026-10-06T00:39:36.2949004Z Cache Size: ~166 MB (174062786 B)
2026-10-06T00:39:36.2976969Z [command]/usr/bin/tar -xf /home/runner/work/_temp/d54d2fdd-1cdd-4cb4-b7cb-cc9d369a10c5/cache.tzst -P -C /home/runner/work/cms/cms --use-compress-program unzstd
2026-10-06T00:39:37.5753280Z Cache restored successfully
2026-10-06T00:39:37.5991731Z Cache restored from key: node-cache-Linux-x64-pnpm-cb01908ec0d0a45d9eb29e44f56e05364983ff2ce958acc694c939d2835b5d56
2026-10-06T00:39:37.6190174Z ##[group]Run pnpm install --frozen-lockfile
2026-10-06T00:39:37.6190601Z [36;1mpnpm install --frozen-lockfile[0m
2026-10-06T00:39:37.7160034Z shell: /usr/bin/bash -e {0}
2026-10-06T00:39:37.7160366Z env:
2026-10-06T00:39:37.7160656Z   PNPM_HOME: /home/runner/setup-pnpm/node_modules/.bin
2026-10-06T00:39:37.7160976Z ##[endgroup]
2026-10-06T00:39:37.7653605Z ? Verifying lockfile against supply-chain policies (534 entries)...
2026-10-06T00:39:37.9255837Z Packages are hard linked from the content-addressable store to the virtual store.
2026-10-06T00:39:37.9297848Z   Content-addressable store is at: /home/runner/setup-pnpm/node_modules/.bin/store/v11
2026-10-06T00:39:37.9302601Z   Virtual store is at:             node_modules/.pnpm
2026-10-06T00:39:39.9750206Z ✓ Lockfile passes supply-chain policies (534 entries in 2.2s)
2026-10-06T00:39:39.9751039Z Lockfile is up to date, resolution step is skipped
2026-10-06T00:39:39.9829017Z Packages: +403
2026-10-06T00:39:39.9829834Z ++++++++++++++++++++++++++++++++++++++++++++++++++++++++++++++++++++++++++++++++
2026-10-06T00:39:40.0063127Z Progress: resolved 403, reused 403, downloaded 0, added 403, done
2026-10-06T00:39:40.1951472Z . prepare$ svelte-kit sync
2026-10-06T00:39:41.3597248Z . prepare: Done
2026-10-06T00:39:41.3604912Z 
2026-10-06T00:39:41.3605393Z dependencies:
2026-10-06T00:39:41.3605883Z + @oslojs/crypto 1.0.1
2026-10-06T00:39:41.3606308Z + @oslojs/encoding 1.1.0
2026-10-06T00:39:41.3606682Z + @oslojs/webauthn 1.0.0
2026-10-06T00:39:41.3607110Z + @wordpress/block-serialization-default-parser 5.38.0
2026-10-06T00:39:41.3615022Z + blurhash 2.0.5
2026-10-06T00:39:41.3615346Z + cn 0.2.2
2026-10-06T00:39:41.3615632Z + date-fns 4.1.0
2026-10-06T00:39:41.3615965Z + image-size 2.0.2
2026-10-06T00:39:41.3616297Z + jpeg-js 0.4.4
2026-10-06T00:39:41.3616622Z + jsonc-parser 3.3.1
2026-10-06T00:39:41.3616956Z + kysely 0.29.2
2026-10-06T00:39:41.3617261Z + mime 4.1.0
2026-10-06T00:39:41.3617705Z + parse5 7.3.0
2026-10-06T00:39:41.3618078Z + smol-toml 1.6.0
2026-10-06T00:39:41.3618440Z + ulidx 2.4.1
2026-10-06T00:39:41.3618728Z + upng-js 2.1.0
2026-10-06T00:39:41.3619002Z + valibot 1.5.0
2026-10-06T00:39:41.3619285Z + zod 4.5.4
2026-10-06T00:39:41.3619485Z 
2026-10-06T00:39:41.3619693Z devDependencies:
2026-10-06T00:39:41.3620004Z + @babel/core 7.29.7
2026-10-06T00:39:41.3620323Z + @cloudflare/kumo 2.6.0
2026-10-06T00:39:41.3620708Z + @cloudflare/workers-types 4.20260507.1
2026-10-06T00:39:41.3621134Z + @floating-ui/dom 1.8.0
2026-10-06T00:39:41.3621541Z + @lingui/babel-plugin-lingui-macro 5.9.5
2026-10-06T00:39:41.3621942Z + @lingui/conf 5.9.5
2026-10-06T00:39:41.3622240Z + @lingui/core 5.9.5
2026-10-06T00:39:41.3622545Z + @lingui/react 5.9.5
2026-10-06T00:39:41.3622852Z + @playwright/test 1.63.0
2026-10-06T00:39:41.3623222Z + @sveltejs/adapter-auto 7.0.1
2026-10-06T00:39:41.3623607Z + @sveltejs/adapter-cloudflare 7.2.9
2026-10-06T00:39:41.3623995Z + @sveltejs/adapter-node 5.5.7
2026-10-06T00:39:41.3624349Z + @sveltejs/kit 2.70.3
2026-10-06T00:39:41.3624717Z + @sveltejs/vite-plugin-svelte 7.3.1
2026-10-06T00:39:41.3625135Z + @tanstack/react-query 5.90.21
2026-10-06T00:39:41.3625618Z + @tanstack/react-router 1.163.2
2026-10-06T00:39:41.3625906Z + @testing-library/react 16.3.2
2026-10-06T00:39:41.3626455Z + @types/jsdom 30.0.0
2026-10-06T00:39:41.3626692Z + @types/node 24.19.0
2026-10-06T00:39:41.3626927Z + @types/react 19.3.0
2026-10-06T00:39:41.3627158Z + @types/react-dom 19.3.0
2026-10-06T00:39:41.3627633Z + @vitest/browser-playwright 4.1.10
2026-10-06T00:39:41.3627980Z + devalue 5.9.4
2026-10-06T00:39:41.3628234Z + jsdom 30.1.1
2026-10-06T00:39:41.3628565Z + miniflare 4.20260507.1
2026-10-06T00:39:41.3628956Z + pg 8.18.0
2026-10-06T00:39:41.3629332Z + react 19.3.0
2026-10-06T00:39:41.3629642Z + react-day-picker 9.14.0
2026-10-06T00:39:41.3629985Z + react-dom 19.3.0
2026-10-06T00:39:41.3630402Z + svelte 5.57.1
2026-10-06T00:39:41.3630703Z + svelte-check 4.7.6
2026-10-06T00:39:41.3631016Z + typescript 6.0.3
2026-10-06T00:39:41.3631345Z + vite 8.3.2
2026-10-06T00:39:41.3631868Z + vitest 4.1.10
2026-10-06T00:39:41.3632186Z + vitest-browser-react 2.2.0
2026-10-06T00:39:41.3632556Z + wrangler 4.99.0
2026-10-06T00:39:41.3632745Z 
2026-10-06T00:39:41.3632960Z Done in 3.6s using pnpm v12.6.0
2026-10-06T00:39:41.3835219Z ##[group]Run pnpm exec playwright install --with-deps chromium
2026-10-06T00:39:41.3835658Z [36;1mpnpm exec playwright install --with-deps chromium[0m
2026-10-06T00:39:41.3877077Z shell: /usr/bin/bash -e {0}
2026-10-06T00:39:41.3877449Z env:
2026-10-06T00:39:41.3877725Z   PNPM_HOME: /home/runner/setup-pnpm/node_modules/.bin
2026-10-06T00:39:41.3878033Z ##[endgroup]
2026-10-06T00:39:42.0306821Z Installing dependencies...
2026-10-06T00:39:42.0431905Z Switching to root user to install dependencies...
2026-10-06T00:39:42.1519573Z Get:1 file:/etc/apt/apt-mirrors.txt Mirrorlist [144 B]
2026-10-06T00:39:42.1919836Z Get:6 https://packages.microsoft.com/ubuntu/22.04/prod jammy InRelease [3632 B]
2026-10-06T00:39:42.2029083Z Hit:2 http://azure.archive.ubuntu.com/ubuntu jammy InRelease
2026-10-06T00:39:42.2030816Z Get:3 http://azure.archive.ubuntu.com/ubuntu jammy-updates InRelease [128 kB]
2026-10-06T00:39:42.2079946Z Get:4 http://azure.archive.ubuntu.com/ubuntu jammy-backports InRelease [127 kB]
2026-10-06T00:39:42.2101570Z Get:5 http://azure.archive.ubuntu.com/ubuntu jammy-security InRelease [129 kB]
2026-10-06T00:39:42.2585539Z Get:7 https://packages.microsoft.com/ubuntu/22.04/prod jammy/main arm64 Packages [551 kB]
2026-10-06T00:39:42.2734994Z Get:8 https://packages.microsoft.com/ubuntu/22.04/prod jammy/main amd64 Packages [797 kB]
2026-10-06T00:39:42.3943757Z Get:9 http://azure.archive.ubuntu.com/ubuntu jammy-updates/main amd64 Packages [3907 kB]
2026-10-06T00:39:42.4119766Z Get:10 http://azure.archive.ubuntu.com/ubuntu jammy-updates/main Translation-en [576 kB]
2026-10-06T00:39:42.4161027Z Get:11 http://azure.archive.ubuntu.com/ubuntu jammy-updates/restricted amd64 Packages [6714 kB]
2026-10-06T00:39:42.4450042Z Get:12 http://azure.archive.ubuntu.com/ubuntu jammy-updates/restricted Translation-en [1290 kB]
2026-10-06T00:39:42.4503886Z Get:13 http://azure.archive.ubuntu.com/ubuntu jammy-updates/universe amd64 Packages [1285 kB]
2026-10-06T00:39:42.4593229Z Get:14 http://azure.archive.ubuntu.com/ubuntu jammy-updates/universe Translation-en [325 kB]
2026-10-06T00:39:42.5427253Z Get:15 http://azure.archive.ubuntu.com/ubuntu jammy-security/main amd64 Packages [3631 kB]
2026-10-06T00:39:42.5598507Z Get:16 http://azure.archive.ubuntu.com/ubuntu jammy-security/main Translation-en [508 kB]
2026-10-06T00:39:42.5631966Z Get:17 http://azure.archive.ubuntu.com/ubuntu jammy-security/restricted amd64 Packages [6465 kB]
2026-10-06T00:39:42.5892150Z Get:18 http://azure.archive.ubuntu.com/ubuntu jammy-security/restricted Translation-en [1244 kB]
2026-10-06T00:39:42.6396081Z Get:19 http://azure.archive.ubuntu.com/ubuntu jammy-security/universe amd64 Packages [1052 kB]
2026-10-06T00:39:42.6448282Z Get:20 http://azure.archive.ubuntu.com/ubuntu jammy-security/universe Translation-en [237 kB]
2026-10-06T00:39:48.3468613Z Fetched 29.0 MB in 3s (8659 kB/s)
2026-10-06T00:39:49.6424427Z Reading package lists...
2026-10-06T00:39:49.7023568Z Reading package lists...
2026-10-06T00:39:49.9463397Z Building dependency tree...
2026-10-06T00:39:49.9474291Z Reading state information...
2026-10-06T00:39:50.1418682Z fonts-liberation is already the newest version (1:1.07.4-11).
2026-10-06T00:39:50.1419421Z fonts-liberation set to manually installed.
2026-10-06T00:39:50.1425531Z libatk-bridge2.0-0 is already the newest version (2.38.0-3).
2026-10-06T00:39:50.1426584Z libatk-bridge2.0-0 set to manually installed.
2026-10-06T00:39:50.1427112Z libatk1.0-0 is already the newest version (2.36.0-3build1).
2026-10-06T00:39:50.1427745Z libatk1.0-0 set to manually installed.
2026-10-06T00:39:50.1428232Z libatspi2.0-0 is already the newest version (2.44.0-3).
2026-10-06T00:39:50.1428699Z libatspi2.0-0 set to manually installed.
2026-10-06T00:39:50.1429246Z libfontconfig1 is already the newest version (2.13.1-4.2ubuntu5).
2026-10-06T00:39:50.1429856Z libfontconfig1 set to manually installed.
2026-10-06T00:39:50.1430361Z libxcb1 is already the newest version (1.14-3ubuntu3).
2026-10-06T00:39:50.1430865Z libxcb1 set to manually installed.
2026-10-06T00:39:50.1431989Z libxcomposite1 is already the newest version (1:0.4.5-1build2).
2026-10-06T00:39:50.1432636Z libxcomposite1 set to manually installed.
2026-10-06T00:39:50.1433317Z libxdamage1 is already the newest version (1:1.1.5-2build2).
2026-10-06T00:39:50.1433932Z libxdamage1 set to manually installed.
2026-10-06T00:39:50.1434571Z libxext6 is already the newest version (2:1.3.4-1build1).
2026-10-06T00:39:50.1435103Z libxext6 set to manually installed.
2026-10-06T00:39:50.1435615Z libxfixes3 is already the newest version (1:6.0.0-1).
2026-10-06T00:39:50.1436109Z libxfixes3 set to manually installed.
2026-10-06T00:39:50.1436637Z libxkbcommon0 is already the newest version (1.4.0-1).
2026-10-06T00:39:50.1437171Z libxkbcommon0 set to manually installed.
2026-10-06T00:39:50.1437957Z libxrandr2 is already the newest version (2:1.5.2-1build1).
2026-10-06T00:39:50.1438527Z libxrandr2 set to manually installed.
2026-10-06T00:39:50.1439228Z fonts-noto-color-emoji is already the newest version (2.047-0ubuntu0.22.04.1).
2026-10-06T00:39:50.1439941Z libasound2 is already the newest version (1.2.6.1-1ubuntu1.2).
2026-10-06T00:39:50.1440534Z libasound2 set to manually installed.
2026-10-06T00:39:50.1441133Z libcairo2 is already the newest version (1.16.0-5ubuntu2.1).
2026-10-06T00:39:50.1441697Z libcairo2 set to manually installed.
2026-10-06T00:39:50.1442298Z libcups2 is already the newest version (2.4.1op1-1ubuntu4.21).
2026-10-06T00:39:50.1442868Z libcups2 set to manually installed.
2026-10-06T00:39:50.1443455Z libdbus-1-3 is already the newest version (1.12.20-2ubuntu4.1).
2026-10-06T00:39:50.1444037Z libdbus-1-3 set to manually installed.
2026-10-06T00:39:50.1444610Z libdrm2 is already the newest version (2.4.113-2~ubuntu0.22.04.1).
2026-10-06T00:39:50.1445204Z libdrm2 set to manually installed.
2026-10-06T00:39:50.1445821Z libfreetype6 is already the newest version (2.11.1+dfsg-1ubuntu0.3).
2026-10-06T00:39:50.1446395Z libfreetype6 set to manually installed.
2026-10-06T00:39:50.1446983Z libgbm1 is already the newest version (23.2.1-1ubuntu3.1~22.04.4).
2026-10-06T00:39:50.1447721Z libgbm1 set to manually installed.
2026-10-06T00:39:50.1448297Z libglib2.0-0 is already the newest version (2.72.4-0ubuntu2.10).
2026-10-06T00:39:50.1448850Z libglib2.0-0 set to manually installed.
2026-10-06T00:39:50.1449397Z libnspr4 is already the newest version (2:4.35-0ubuntu0.22.04.1).
2026-10-06T00:39:50.1450034Z libnss3 is already the newest version (2:3.98-0ubuntu0.22.04.4).
2026-10-06T00:39:50.1450628Z libpango-1.0-0 is already the newest version (1.50.6+ds-2ubuntu1).
2026-10-06T00:39:50.1451188Z libpango-1.0-0 set to manually installed.
2026-10-06T00:39:50.1451782Z libwayland-client0 is already the newest version (1.20.0-1ubuntu0.1).
2026-10-06T00:39:50.1452418Z libwayland-client0 set to manually installed.
2026-10-06T00:39:50.1453031Z libx11-6 is already the newest version (2:1.7.5-1ubuntu0.3).
2026-10-06T00:39:50.1453574Z libx11-6 set to manually installed.
2026-10-06T00:39:50.1454166Z xvfb is already the newest version (2:21.1.4-2ubuntu1.7~22.04.16).
2026-10-06T00:39:50.1455132Z The following additional packages will be installed:
2026-10-06T00:39:50.1455673Z   xfonts-encodings xfonts-utils
2026-10-06T00:39:50.1456092Z Recommended packages:
2026-10-06T00:39:50.1456495Z   fonts-ipafont-mincho fonts-tlwg-loma
2026-10-06T00:39:50.1606720Z The following NEW packages will be installed:
2026-10-06T00:39:50.1607680Z   fonts-freefont-ttf fonts-ipafont-gothic fonts-tlwg-loma-otf fonts-unifont
2026-10-06T00:39:50.1613768Z   fonts-wqy-zenhei xfonts-cyrillic xfonts-encodings xfonts-scalable
2026-10-06T00:39:50.1614401Z   xfonts-utils
2026-10-06T00:39:50.1779993Z 0 upgraded, 9 newly installed, 0 to remove and 20 not upgraded.
2026-10-06T00:39:50.1780856Z Need to get 18.4 MB of archives.
2026-10-06T00:39:50.1781758Z After this operation, 56.8 MB of additional disk space will be used.
2026-10-06T00:39:50.1782560Z Get:1 file:/etc/apt/apt-mirrors.txt Mirrorlist [144 B]
2026-10-06T00:39:50.2559647Z Get:2 http://azure.archive.ubuntu.com/ubuntu jammy/universe amd64 fonts-ipafont-gothic all 00303-21ubuntu1 [3513 kB]
2026-10-06T00:39:50.3120570Z Get:3 http://azure.archive.ubuntu.com/ubuntu jammy/main amd64 fonts-freefont-ttf all 20120503-10build1 [2388 kB]
2026-10-06T00:39:50.3524246Z Get:4 http://azure.archive.ubuntu.com/ubuntu jammy/universe amd64 fonts-tlwg-loma-otf all 1:0.7.3-1 [107 kB]
2026-10-06T00:39:50.3748860Z Get:5 http://azure.archive.ubuntu.com/ubuntu jammy/universe amd64 fonts-unifont all 1:14.0.01-1 [3551 kB]
2026-10-06T00:39:50.4243525Z Get:6 http://azure.archive.ubuntu.com/ubuntu jammy/universe amd64 fonts-wqy-zenhei all 0.9.45-8 [7472 kB]
2026-10-06T00:39:50.5031413Z Get:7 http://azure.archive.ubuntu.com/ubuntu jammy/main amd64 xfonts-encodings all 1:1.0.5-0ubuntu2 [578 kB]
2026-10-06T00:39:50.5298479Z Get:8 http://azure.archive.ubuntu.com/ubuntu jammy/main amd64 xfonts-utils amd64 1:7.7+6build2 [94.6 kB]
2026-10-06T00:39:50.5523420Z Get:9 http://azure.archive.ubuntu.com/ubuntu jammy/universe amd64 xfonts-cyrillic all 1:1.0.5 [386 kB]
2026-10-06T00:39:50.5776403Z Get:10 http://azure.archive.ubuntu.com/ubuntu jammy/main amd64 xfonts-scalable all 1:1.0.3-1.2ubuntu1 [306 kB]
2026-10-06T00:39:50.9043198Z Fetched 18.4 MB in 0s (44.7 MB/s)
2026-10-06T00:39:51.0301208Z Selecting previously unselected package fonts-ipafont-gothic.
2026-10-06T00:39:51.1067286Z (Reading database ... 
2026-10-06T00:39:51.1068034Z (Reading database ... 5%
2026-10-06T00:39:51.1068354Z (Reading database ... 10%
2026-10-06T00:39:51.1068635Z (Reading database ... 15%
2026-10-06T00:39:51.1068918Z (Reading database ... 20%
2026-10-06T00:39:51.1069194Z (Reading database ... 25%
2026-10-06T00:39:51.1069456Z (Reading database ... 30%
2026-10-06T00:39:51.1069750Z (Reading database ... 35%
2026-10-06T00:39:51.1070029Z (Reading database ... 40%
2026-10-06T00:39:51.1070286Z (Reading database ... 45%
2026-10-06T00:39:51.1070546Z (Reading database ... 50%
2026-10-06T00:39:51.4060552Z (Reading database ... 55%
2026-10-06T00:39:51.8405267Z (Reading database ... 60%
2026-10-06T00:39:52.0917032Z (Reading database ... 65%
2026-10-06T00:39:52.4405942Z (Reading database ... 70%
2026-10-06T00:39:52.8380908Z (Reading database ... 75%
2026-10-06T00:39:53.4337939Z (Reading database ... 80%
2026-10-06T00:39:54.2381890Z (Reading database ... 85%
2026-10-06T00:39:54.9992365Z (Reading database ... 90%
2026-10-06T00:39:55.9368052Z (Reading database ... 95%
2026-10-06T00:39:55.9368589Z (Reading database ... 100%
2026-10-06T00:39:55.9369270Z (Reading database ... 260411 files and directories currently installed.)
2026-10-06T00:39:55.9431445Z Preparing to unpack .../0-fonts-ipafont-gothic_00303-21ubuntu1_all.deb ...
2026-10-06T00:39:55.9612211Z Unpacking fonts-ipafont-gothic (00303-21ubuntu1) ...
2026-10-06T00:39:56.2745722Z Selecting previously unselected package fonts-freefont-ttf.
2026-10-06T00:39:56.2909189Z Preparing to unpack .../1-fonts-freefont-ttf_20120503-10build1_all.deb ...
2026-10-06T00:39:56.2920341Z Unpacking fonts-freefont-ttf (20120503-10build1) ...
2026-10-06T00:39:56.4921529Z Selecting previously unselected package fonts-tlwg-loma-otf.
2026-10-06T00:39:56.5084449Z Preparing to unpack .../2-fonts-tlwg-loma-otf_1%3a0.7.3-1_all.deb ...
2026-10-06T00:39:56.5096852Z Unpacking fonts-tlwg-loma-otf (1:0.7.3-1) ...
2026-10-06T00:39:56.5297316Z Selecting previously unselected package fonts-unifont.
2026-10-06T00:39:56.5463491Z Preparing to unpack .../3-fonts-unifont_1%3a14.0.01-1_all.deb ...
2026-10-06T00:39:56.5474522Z Unpacking fonts-unifont (1:14.0.01-1) ...
2026-10-06T00:39:56.7094392Z Selecting previously unselected package fonts-wqy-zenhei.
2026-10-06T00:39:56.7259514Z Preparing to unpack .../4-fonts-wqy-zenhei_0.9.45-8_all.deb ...
2026-10-06T00:39:56.7401307Z Unpacking fonts-wqy-zenhei (0.9.45-8) ...
2026-10-06T00:39:57.3742865Z Selecting previously unselected package xfonts-encodings.
2026-10-06T00:39:57.3912747Z Preparing to unpack .../5-xfonts-encodings_1%3a1.0.5-0ubuntu2_all.deb ...
2026-10-06T00:39:57.3924587Z Unpacking xfonts-encodings (1:1.0.5-0ubuntu2) ...
2026-10-06T00:39:57.4170339Z Selecting previously unselected package xfonts-utils.
2026-10-06T00:39:57.4339195Z Preparing to unpack .../6-xfonts-utils_1%3a7.7+6build2_amd64.deb ...
2026-10-06T00:39:57.4348849Z Unpacking xfonts-utils (1:7.7+6build2) ...
2026-10-06T00:39:57.5129393Z Selecting previously unselected package xfonts-cyrillic.
2026-10-06T00:39:57.5296940Z Preparing to unpack .../7-xfonts-cyrillic_1%3a1.0.5_all.deb ...
2026-10-06T00:39:57.5307852Z Unpacking xfonts-cyrillic (1:1.0.5) ...
2026-10-06T00:39:57.5805292Z Selecting previously unselected package xfonts-scalable.
2026-10-06T00:39:57.5970926Z Preparing to unpack .../8-xfonts-scalable_1%3a1.0.3-1.2ubuntu1_all.deb ...
2026-10-06T00:39:57.5983120Z Unpacking xfonts-scalable (1:1.0.3-1.2ubuntu1) ...
2026-10-06T00:39:57.6444263Z Setting up fonts-wqy-zenhei (0.9.45-8) ...
2026-10-06T00:39:57.6555565Z Setting up fonts-freefont-ttf (20120503-10build1) ...
2026-10-06T00:39:57.6576114Z Setting up fonts-tlwg-loma-otf (1:0.7.3-1) ...
2026-10-06T00:39:57.6597637Z Setting up xfonts-encodings (1:1.0.5-0ubuntu2) ...
2026-10-06T00:39:57.6616940Z Setting up fonts-ipafont-gothic (00303-21ubuntu1) ...
2026-10-06T00:39:57.6683431Z update-alternatives: using /usr/share/fonts/opentype/ipafont-gothic/ipag.ttf to provide /usr/share/fonts/truetype/fonts-japanese-gothic.ttf (fonts-japanese-gothic.ttf) in auto mode
2026-10-06T00:39:57.6707471Z Setting up fonts-unifont (1:14.0.01-1) ...
2026-10-06T00:39:57.6727791Z Setting up xfonts-utils (1:7.7+6build2) ...
2026-10-06T00:39:57.6767480Z Setting up xfonts-cyrillic (1:1.0.5) ...
2026-10-06T00:39:57.7046456Z Setting up xfonts-scalable (1:1.0.3-1.2ubuntu1) ...
2026-10-06T00:39:57.7331659Z Processing triggers for man-db (2.10.2-1) ...
2026-10-06T00:39:57.7352956Z Not building database; man-db/auto-update is not 'true'.
2026-10-06T00:39:57.7366361Z Processing triggers for fontconfig (2.13.1-4.2ubuntu5) ...
2026-10-06T00:39:58.8865277Z 
2026-10-06T00:39:58.8866060Z Running kernel seems to be up-to-date.
2026-10-06T00:39:58.8866472Z 
2026-10-06T00:39:58.8866775Z No services need to be restarted.
2026-10-06T00:39:58.8867014Z 
2026-10-06T00:39:58.8867180Z No containers need to be restarted.
2026-10-06T00:39:58.8867680Z 
2026-10-06T00:39:58.8867933Z No user sessions are running outdated binaries.
2026-10-06T00:39:58.8868151Z 
2026-10-06T00:39:58.8868471Z No VM guests are running outdated hypervisor (qemu) binaries on this host.
2026-10-06T00:40:00.1973547Z Downloading Chrome for Testing 153.0.8010.12 (playwright chromium v1243) from https://cdn.playwright.dev/builds/cft/153.0.8010.12/linux64/chrome-linux64.zip
2026-10-06T00:40:00.7169636Z |                                                                                |   0% of 186.8 MiB
2026-10-06T00:40:00.9608977Z |■■■■■■■■                                                                        |  10% of 186.8 MiB
2026-10-06T00:40:01.0608570Z |■■■■■■■■■■■■■■■■                                                                |  20% of 186.8 MiB
2026-10-06T00:40:01.1689684Z |■■■■■■■■■■■■■■■■■■■■■■■■                                                        |  30% of 186.8 MiB
2026-10-06T00:40:01.2605088Z |■■■■■■■■■■■■■■■■■■■■■■■■■■■■■■■■                                                |  40% of 186.8 MiB
2026-10-06T00:40:01.3677192Z |■■■■■■■■■■■■■■■■■■■■■■■■■■■■■■■■■■■■■■■■                                        |  50% of 186.8 MiB
2026-10-06T00:40:01.4585674Z |■■■■■■■■■■■■■■■■■■■■■■■■■■■■■■■■■■■■■■■■■■■■■■■■                                |  60% of 186.8 MiB
2026-10-06T00:40:01.5691820Z |■■■■■■■■■■■■■■■■■■■■■■■■■■■■■■■■■■■■■■■■■■■■■■■■■■■■■■■■                        |  70% of 186.8 MiB
2026-10-06T00:40:01.6785153Z |■■■■■■■■■■■■■■■■■■■■■■■■■■■■■■■■■■■■■■■■■■■■■■■■■■■■■■■■■■■■■■■■                |  80% of 186.8 MiB
2026-10-06T00:40:01.7907331Z |■■■■■■■■■■■■■■■■■■■■■■■■■■■■■■■■■■■■■■■■■■■■■■■■■■■■■■■■■■■■■■■■■■■■■■■■        |  90% of 186.8 MiB
2026-10-06T00:40:01.8855959Z |■■■■■■■■■■■■■■■■■■■■■■■■■■■■■■■■■■■■■■■■■■■■■■■■■■■■■■■■■■■■■■■■■■■■■■■■■■■■■■■■| 100% of 186.8 MiB
2026-10-06T00:40:05.1322167Z Chrome for Testing 153.0.8010.12 (playwright chromium v1243) downloaded to /home/runner/.cache/ms-playwright/chromium-1243
2026-10-06T00:40:05.1325941Z Downloading FFmpeg (playwright ffmpeg v1011) from https://cdn.playwright.dev/dbazure/download/playwright/builds/ffmpeg/1011/ffmpeg-linux.zip
2026-10-06T00:40:05.5442857Z |                                                                                |   0% of 2.3 MiB
2026-10-06T00:40:05.5801403Z |■■■■■■■■                                                                        |  10% of 2.3 MiB
2026-10-06T00:40:05.5963005Z |■■■■■■■■■■■■■■■■                                                                |  20% of 2.3 MiB
2026-10-06T00:40:05.6074348Z |■■■■■■■■■■■■■■■■■■■■■■■■                                                        |  30% of 2.3 MiB
2026-10-06T00:40:05.6133548Z |■■■■■■■■■■■■■■■■■■■■■■■■■■■■■■■■                                                |  40% of 2.3 MiB
2026-10-06T00:40:05.6190737Z |■■■■■■■■■■■■■■■■■■■■■■■■■■■■■■■■■■■■■■■■                                        |  50% of 2.3 MiB
2026-10-06T00:40:05.6240069Z |■■■■■■■■■■■■■■■■■■■■■■■■■■■■■■■■■■■■■■■■■■■■■■■■                                |  60% of 2.3 MiB
2026-10-06T00:40:05.6285648Z |■■■■■■■■■■■■■■■■■■■■■■■■■■■■■■■■■■■■■■■■■■■■■■■■■■■■■■■■                        |  70% of 2.3 MiB
2026-10-06T00:40:05.6314485Z |■■■■■■■■■■■■■■■■■■■■■■■■■■■■■■■■■■■■■■■■■■■■■■■■■■■■■■■■■■■■■■■■                |  80% of 2.3 MiB
2026-10-06T00:40:05.6344450Z |■■■■■■■■■■■■■■■■■■■■■■■■■■■■■■■■■■■■■■■■■■■■■■■■■■■■■■■■■■■■■■■■■■■■■■■■        |  90% of 2.3 MiB
2026-10-06T00:40:05.6372491Z |■■■■■■■■■■■■■■■■■■■■■■■■■■■■■■■■■■■■■■■■■■■■■■■■■■■■■■■■■■■■■■■■■■■■■■■■■■■■■■■■| 100% of 2.3 MiB
2026-10-06T00:40:05.6927119Z FFmpeg (playwright ffmpeg v1011) downloaded to /home/runner/.cache/ms-playwright/ffmpeg-1011
2026-10-06T00:40:05.6930342Z Downloading Chrome Headless Shell 153.0.8010.12 (playwright chromium-headless-shell v1243) from https://cdn.playwright.dev/builds/cft/153.0.8010.12/linux64/chrome-headless-shell-linux64.zip
2026-10-06T00:40:06.1260537Z |                                                                                |   0% of 114.3 MiB
2026-10-06T00:40:06.3502578Z |■■■■■■■■                                                                        |  10% of 114.3 MiB
2026-10-06T00:40:06.4272914Z |■■■■■■■■■■■■■■■■                                                                |  20% of 114.3 MiB
2026-10-06T00:40:06.4926953Z |■■■■■■■■■■■■■■■■■■■■■■■■                                                        |  30% of 114.3 MiB
2026-10-06T00:40:06.5563820Z |■■■■■■■■■■■■■■■■■■■■■■■■■■■■■■■■                                                |  40% of 114.3 MiB
2026-10-06T00:40:06.6366375Z |■■■■■■■■■■■■■■■■■■■■■■■■■■■■■■■■■■■■■■■■                                        |  50% of 114.3 MiB
2026-10-06T00:40:06.7022223Z |■■■■■■■■■■■■■■■■■■■■■■■■■■■■■■■■■■■■■■■■■■■■■■■■                                |  60% of 114.3 MiB
2026-10-06T00:40:06.7661873Z |■■■■■■■■■■■■■■■■■■■■■■■■■■■■■■■■■■■■■■■■■■■■■■■■■■■■■■■■                        |  70% of 114.3 MiB
2026-10-06T00:40:06.8450021Z |■■■■■■■■■■■■■■■■■■■■■■■■■■■■■■■■■■■■■■■■■■■■■■■■■■■■■■■■■■■■■■■■                |  80% of 114.3 MiB
2026-10-06T00:40:06.9085752Z |■■■■■■■■■■■■■■■■■■■■■■■■■■■■■■■■■■■■■■■■■■■■■■■■■■■■■■■■■■■■■■■■■■■■■■■■        |  90% of 114.3 MiB
2026-10-06T00:40:07.0209918Z |■■■■■■■■■■■■■■■■■■■■■■■■■■■■■■■■■■■■■■■■■■■■■■■■■■■■■■■■■■■■■■■■■■■■■■■■■■■■■■■■| 100% of 114.3 MiB
2026-10-06T00:40:09.2730736Z Chrome Headless Shell 153.0.8010.12 (playwright chromium-headless-shell v1243) downloaded to /home/runner/.cache/ms-playwright/chromium_headless_shell-1243
2026-10-06T00:40:09.2951755Z ##[group]Run timeout --kill-after=30s 180s pnpm exec vitest run --config vitest.default-seed-setup-wizard.browser.config.ts --reporter=json --outputFile=setup-source-results.json
2026-10-06T00:40:09.2953319Z [36;1mtimeout --kill-after=30s 180s pnpm exec vitest run --config vitest.default-seed-setup-wizard.browser.config.ts --reporter=json --outputFile=setup-source-results.json[0m
2026-10-06T00:40:09.2995591Z shell: /usr/bin/bash -e {0}
2026-10-06T00:40:09.2995905Z env:
2026-10-06T00:40:09.2996173Z   PNPM_HOME: /home/runner/setup-pnpm/node_modules/.bin
2026-10-06T00:40:09.2996486Z   DEBUG: pw:browser
2026-10-06T00:40:09.2996716Z ##[endgroup]
2026-10-06T00:40:10.8927884Z 2026-10-06T00:40:10.890Z pw:browser <launching> /home/runner/.cache/ms-playwright/chromium_headless_shell-1243/chrome-headless-shell-linux64/chrome-headless-shell --disable-field-trial-config --disable-background-networking --disable-background-timer-throttling --disable-backgrounding-occluded-windows --disable-back-forward-cache --disable-breakpad --disable-client-side-phishing-detection --disable-component-extensions-with-background-pages --disable-component-update --no-default-browser-check --disable-default-apps --disable-dev-shm-usage --disable-edgeupdater --disable-extensions --disable-features=AvoidUnnecessaryBeforeUnloadCheckSync,DestroyProfileOnBrowserClose,DialMediaRouteProvider,GlobalMediaControls,HttpsUpgrades,LensOverlay,MediaRouter,PaintHolding,ThirdPartyStoragePartitioning,BlockOriginHeaderModificationOnRedirect,Translate,AutoDeElevate,OptimizationHints,msForceBrowserSignIn,msEdgeUpdateLaunchServicesPreferredVersion --enable-features=CDPScreenshotNewSurface --allow-pre-commit-input --disable-hang-monitor --disable-ipc-flooding-protection --disable-popup-blocking --disable-prompt-on-repost --disable-renderer-backgrounding --disable-updater-scheduler --force-color-profile=srgb --metrics-recording-only --no-first-run --password-store=basic --use-mock-keychain --no-service-autorun --export-tagged-pdf --disable-search-engine-choice-screen --unsafely-disable-devtools-self-xss-warnings --edge-skip-compat-layer-relaunch --disable-infobars --disable-search-engine-choice-screen --disable-sync --enable-unsafe-swiftshader --headless --hide-scrollbars --mute-audio --blink-settings=primaryHoverType=2,availableHoverTypes=2,primaryPointerType=4,availablePointerTypes=4 --user-data-dir=/tmp/playwright_chromiumdev_profile-0ZYssW --remote-debugging-pipe --no-startup-window
2026-10-06T00:40:10.8979913Z 2026-10-06T00:40:10.897Z pw:browser <launched> pid=3026
2026-10-06T00:40:10.9547840Z 2026-10-06T00:40:10.953Z pw:browser [pid=3026][err] [1006/004010.951005:ERROR:dbus/bus.cc:405] Failed to connect to the bus: Could not parse server address: Unknown address type (examples of valid types are "tcp" and on UNIX "unix")
2026-10-06T00:40:10.9563065Z 2026-10-06T00:40:10.955Z pw:browser [pid=3026][err] Unable to revert mtime: /usr/share/fonts
2026-10-06T00:40:10.9589255Z 2026-10-06T00:40:10.956Z pw:browser [pid=3026][err] Unable to revert mtime: /usr/share/fonts/truetype
2026-10-06T00:40:10.9722501Z 2026-10-06T00:40:10.971Z pw:browser [pid=3026][err] [1006/004010.971528:WARNING:media/gpu/vaapi/vaapi_wrapper.cc:1660] drmGetDevices2() has not found any devices
2026-10-06T00:40:10.9742966Z 2026-10-06T00:40:10.974Z pw:browser [pid=3026][err] Unable to revert mtime: /usr/share/fonts/truetype/dejavu
2026-10-06T00:40:10.9747131Z 2026-10-06T00:40:10.974Z pw:browser [pid=3026][err] [1006/004010.974160:WARNING:sandbox/policy/linux/sandbox_linux.cc:405] InitializeSandbox() called with multiple threads in process gpu-process.
2026-10-06T00:40:11.0112939Z 2026-10-06T00:40:11.010Z pw:browser [pid=3026][err] Unable to revert mtime: /usr/share/fonts/truetype/lato
2026-10-06T00:40:11.0374228Z 2026-10-06T00:40:11.037Z pw:browser [pid=3026][err] Unable to revert mtime: /usr/share/fonts/truetype/liberation
2026-10-06T00:40:11.0454818Z 2026-10-06T00:40:11.045Z pw:browser [pid=3026][err] Unable to revert mtime: /usr/share/fonts/truetype/noto
2026-10-06T00:40:11.0971927Z 2026-10-06T00:40:11.094Z pw:browser [pid=3026][err] [1006/004011.091543:ERROR:dbus/object_proxy.cc:572] Failed to call method: org.freedesktop.DBus.NameHasOwner: object_path= /org/freedesktop/DBus: unknown error type: 
2026-10-06T00:40:11.0992519Z 2026-10-06T00:40:11.094Z pw:browser [pid=3026][err] [1006/004011.093403:ERROR:dbus/bus.cc:405] Failed to connect to the bus: Could not parse server address: Unknown address type (examples of valid types are "tcp" and on UNIX "unix")
2026-10-06T00:40:11.1002348Z 2026-10-06T00:40:11.097Z pw:browser [pid=3026][err] [1006/004011.097507:ERROR:dbus/object_proxy.cc:572] Failed to call method: org.freedesktop.DBus.NameHasOwner: object_path= /org/freedesktop/DBus: unknown error type: 
2026-10-06T00:40:11.7965064Z [2m12:40:11 AM[22m [36m[1m[vite][22m[39m [90m[2m(client)[22m[39m [optimizer] bundling dependencies...
2026-10-06T00:40:11.8153485Z 2026-10-06T00:40:11.815Z pw:browser [pid=3026][err] [1006/004011.814996:INFO:CONSOLE:934] "[vite] connecting...", source: http://localhost:63315/@vite/client (934)
2026-10-06T00:40:11.8245441Z 2026-10-06T00:40:11.824Z pw:browser [pid=3026][err] [1006/004011.823141:INFO:CONSOLE:1045] "[vite] connected.", source: http://localhost:63315/@vite/client (1045)
2026-10-06T00:40:11.8713559Z 2026-10-06T00:40:11.871Z pw:browser [pid=3026][err] [1006/004011.867843:INFO:CONSOLE:934] "[vite] connecting...", source: http://localhost:63315/@vite/client (934)
2026-10-06T00:40:11.8799629Z 2026-10-06T00:40:11.878Z pw:browser [pid=3026][err] [1006/004011.875473:INFO:CONSOLE:1045] "[vite] connected.", source: http://localhost:63315/@vite/client (1045)
2026-10-06T00:43:09.3148550Z 2026-10-06T00:43:09.314Z pw:browser [pid=3026] <gracefully close start>
2026-10-06T00:43:09.3177836Z 2026-10-06T00:43:09.317Z pw:browser [pid=3026] <kill>
2026-10-06T00:43:09.3183380Z 2026-10-06T00:43:09.317Z pw:browser [pid=3026] <will force kill>
2026-10-06T00:43:09.3199434Z 2026-10-06T00:43:09.319Z pw:browser [pid=3026] starting temporary directories cleanup
2026-10-06T00:43:09.3252215Z 2026-10-06T00:43:09.324Z pw:browser [pid=3026] finished temporary directories cleanup
2026-10-06T00:43:09.3451302Z ##[error]Process completed with exit code 124.
2026-10-06T00:43:09.3520350Z ##[group]Run actions/upload-artifact@v4
2026-10-06T00:43:09.3520741Z with:
2026-10-06T00:43:09.3521102Z   name: default-seed-setup-source-results
2026-10-06T00:43:09.3521522Z   path: setup-source-results.json
test-results/

2026-10-06T00:43:09.3521929Z   retention-days: 7
2026-10-06T00:43:09.3522294Z   if-no-files-found: warn
2026-10-06T00:43:09.3522596Z   compression-level: 6
2026-10-06T00:43:09.3522944Z   overwrite: false
2026-10-06T00:43:09.3523387Z   include-hidden-files: false
2026-10-06T00:43:09.3523797Z env:
2026-10-06T00:43:09.3524122Z   PNPM_HOME: /home/runner/setup-pnpm/node_modules/.bin
2026-10-06T00:43:09.3524484Z ##[endgroup]
2026-10-06T00:43:09.5163590Z (node:3140) [DEP0040] DeprecationWarning: The `punycode` module is deprecated. Please use a userland alternative instead.
2026-10-06T00:43:09.5164979Z (Use `node --trace-deprecation ...` to show where the warning was created)
2026-10-06T00:43:09.5201116Z Multiple search paths detected. Calculating the least common ancestor of all paths
2026-10-06T00:43:09.5208199Z The least common ancestor is /home/runner/work/cms/cms. This will be the root directory of the artifact
2026-10-06T00:43:09.5234523Z ##[warning]No files were found with the provided path: setup-source-results.json
test-results/. No artifacts will be uploaded.
2026-10-06T00:43:09.5392802Z Post job cleanup.
2026-10-06T00:43:09.6814891Z Pruning is unnecessary.
2026-10-06T00:43:09.6942964Z Post job cleanup.
2026-10-06T00:43:09.7767554Z [command]/usr/bin/git version
2026-10-06T00:43:09.7807178Z git version 2.55.0
2026-10-06T00:43:09.7840330Z Temporarily overriding HOME='/home/runner/work/_temp/f4d281ef-284c-49e2-b0a0-991df30f67d9' before making global git config changes
2026-10-06T00:43:09.7842059Z Adding repository directory to the temporary git global config as a safe directory
2026-10-06T00:43:09.7846900Z [command]/usr/bin/git config --global --add safe.directory /home/runner/work/cms/cms
2026-10-06T00:43:09.7883731Z [command]/usr/bin/git config --local --name-only --get-regexp core\.sshCommand
2026-10-06T00:43:09.7916138Z [command]/usr/bin/git submodule foreach --recursive sh -c "git config --local --name-only --get-regexp 'core\.sshCommand' && git config --local --unset-all 'core.sshCommand' || :"
2026-10-06T00:43:09.8137801Z [command]/usr/bin/git config --local --name-only --get-regexp http\.https\:\/\/github\.com\/\.extraheader
2026-10-06T00:43:09.8159923Z http.https://github.com/.extraheader
2026-10-06T00:43:09.8169379Z [command]/usr/bin/git config --local --unset-all http.https://github.com/.extraheader
2026-10-06T00:43:09.8206722Z [command]/usr/bin/git submodule foreach --recursive sh -c "git config --local --name-only --get-regexp 'http\.https\:\/\/github\.com\/\.extraheader' && git config --local --unset-all 'http.https://github.com/.extraheader' || :"
2026-10-06T00:43:09.8420580Z [command]/usr/bin/git config --local --name-only --get-regexp ^includeIf\.gitdir:
2026-10-06T00:43:09.8448418Z [command]/usr/bin/git submodule foreach --recursive git config --local --show-origin --name-only --get-regexp remote.origin.url
2026-10-06T00:43:09.8892552Z Cleaning up orphan processes
2026-10-06T00:43:09.9133743Z ##[warning]Node.js 20 is deprecated. The following actions target Node.js 20 but are being forced to run on Node.js 24: actions/checkout@v4, actions/setup-node@v4, actions/upload-artifact@v4, pnpm/action-setup@v4. For more information see: https://github.blog/changelog/2025-09-19-deprecation-of-node-20-on-github-actions-runners/
