2026-10-06T00:53:19.3732049Z Current runner version: '2.337.0'
2026-10-06T00:53:19.3749227Z ##[group]Runner Image Provisioner
2026-10-06T00:53:19.3749766Z Hosted Compute Agent
2026-10-06T00:53:19.3750145Z Version: 20260901.588
2026-10-06T00:53:19.3750483Z Commit: f88ec8081b781fac6c440065ac7ff9e710ce3d0b
2026-10-06T00:53:19.3750873Z Build Date: 2026-09-01T19:56:44Z
2026-10-06T00:53:19.3751272Z Worker ID: {a8c73a5b-3cc5-4a3f-b86e-372ae4d2d100}
2026-10-06T00:53:19.3751662Z Azure Region: centralus
2026-10-06T00:53:19.3751996Z ##[endgroup]
2026-10-06T00:53:19.3752732Z ##[group]Operating System
2026-10-06T00:53:19.3753060Z Ubuntu
2026-10-06T00:53:19.3753365Z 22.04.5
2026-10-06T00:53:19.3753663Z LTS
2026-10-06T00:53:19.3753954Z ##[endgroup]
2026-10-06T00:53:19.3754253Z ##[group]Runner Image
2026-10-06T00:53:19.3754583Z Image: ubuntu-22.04
2026-10-06T00:53:19.3754909Z Version: 20260927.309.1
2026-10-06T00:53:19.3755624Z Included Software: https://github.com/actions/runner-images/blob/ubuntu22/20260927.309/images/ubuntu/Ubuntu2204-Readme.md
2026-10-06T00:53:19.3756464Z Image Release: https://github.com/actions/runner-images/releases/tag/ubuntu22%2F20260927.309
2026-10-06T00:53:19.3756986Z ##[endgroup]
2026-10-06T00:53:19.3757617Z ##[group]GITHUB_TOKEN Permissions
2026-10-06T00:53:19.3758752Z Contents: read
2026-10-06T00:53:19.3759218Z Metadata: read
2026-10-06T00:53:19.3759522Z ##[endgroup]
2026-10-06T00:53:19.3760825Z Secret source: Actions
2026-10-06T00:53:19.3761370Z Cache mode: write
2026-10-06T00:53:19.3761743Z Prepare workflow directory
2026-10-06T00:53:19.3997954Z Prepare all required actions
2026-10-06T00:53:19.4039584Z Getting action download info
2026-10-06T00:53:19.6915968Z Download action repository 'actions/checkout@v4' (SHA:11d5960a326750d5838078e36cf38b85af677262)
2026-10-06T00:53:19.7536795Z Download action repository 'pnpm/action-setup@v4' (SHA:b906affcce14559ad1aafd4ab0e942779e9f58b1)
2026-10-06T00:53:20.1258615Z Download action repository 'actions/setup-node@v4' (SHA:49933ea5288caeca8642d1e84afbd3f7d6820020)
2026-10-06T00:53:20.3281864Z Download action repository 'actions/upload-artifact@v4' (SHA:ea165f8d65b6e75b540449e92b4886f43607fa02)
2026-10-06T00:53:20.5639933Z Complete job name: default-seed-setup-source
2026-10-06T00:53:20.6052070Z ##[group]Run actions/checkout@v4
2026-10-06T00:53:20.6052590Z with:
2026-10-06T00:53:20.6052879Z   repository: sveltery/cms
2026-10-06T00:53:20.6055088Z   token: ***
2026-10-06T00:53:20.6055396Z   ssh-strict: true
2026-10-06T00:53:20.6055673Z   ssh-user: git
2026-10-06T00:53:20.6056041Z   persist-credentials: true
2026-10-06T00:53:20.6056348Z   clean: true
2026-10-06T00:53:20.6056628Z   sparse-checkout-cone-mode: true
2026-10-06T00:53:20.6056976Z   fetch-depth: 1
2026-10-06T00:53:20.6057253Z   fetch-tags: false
2026-10-06T00:53:20.6057545Z   show-progress: true
2026-10-06T00:53:20.6057841Z   lfs: false
2026-10-06T00:53:20.6058109Z   submodules: false
2026-10-06T00:53:20.6058418Z   set-safe-directory: true
2026-10-06T00:53:20.6058736Z   allow-unsafe-pr-checkout: false
2026-10-06T00:53:20.6059274Z ##[endgroup]
2026-10-06T00:53:20.6676929Z Syncing repository: sveltery/cms
2026-10-06T00:53:20.6679105Z ##[group]Getting Git version info
2026-10-06T00:53:20.6679916Z Working directory is '/home/runner/work/cms/cms'
2026-10-06T00:53:20.6681057Z [command]/usr/bin/git version
2026-10-06T00:53:20.6687509Z git version 2.55.0
2026-10-06T00:53:20.6705545Z ##[endgroup]
2026-10-06T00:53:20.6710705Z Temporarily overriding HOME='/home/runner/work/_temp/35bf38b7-6650-46fd-91e2-3c3c032701ae' before making global git config changes
2026-10-06T00:53:20.6712499Z Adding repository directory to the temporary git global config as a safe directory
2026-10-06T00:53:20.6713641Z [command]/usr/bin/git config --global --add safe.directory /home/runner/work/cms/cms
2026-10-06T00:53:20.6736507Z Deleting the contents of '/home/runner/work/cms/cms'
2026-10-06T00:53:20.6739884Z ##[group]Initializing the repository
2026-10-06T00:53:20.6742740Z [command]/usr/bin/git init /home/runner/work/cms/cms
2026-10-06T00:53:20.6814513Z hint: Using 'master' as the name for the initial branch. This default branch name
2026-10-06T00:53:20.6816112Z hint: will change to "main" in Git 3.0. To configure the initial branch name
2026-10-06T00:53:20.6817153Z hint: to use in all of your new repositories, which will suppress this warning,
2026-10-06T00:53:20.6817970Z hint: call:
2026-10-06T00:53:20.6818392Z hint:
2026-10-06T00:53:20.6819072Z hint: 	git config --global init.defaultBranch <name>
2026-10-06T00:53:20.6819680Z hint:
2026-10-06T00:53:20.6820239Z hint: Names commonly chosen instead of 'master' are 'main', 'trunk' and
2026-10-06T00:53:20.6821130Z hint: 'development'. The just-created branch can be renamed via this command:
2026-10-06T00:53:20.6821837Z hint:
2026-10-06T00:53:20.6822244Z hint: 	git branch -m <name>
2026-10-06T00:53:20.6822706Z hint:
2026-10-06T00:53:20.6823259Z hint: Disable this message with "git config set advice.defaultBranchName false"
2026-10-06T00:53:20.6824186Z Initialized empty Git repository in /home/runner/work/cms/cms/.git/
2026-10-06T00:53:20.6826510Z [command]/usr/bin/git remote add origin https://github.com/sveltery/cms
2026-10-06T00:53:20.6849941Z ##[endgroup]
2026-10-06T00:53:20.6850800Z ##[group]Disabling automatic garbage collection
2026-10-06T00:53:20.6853201Z [command]/usr/bin/git config --local gc.auto 0
2026-10-06T00:53:20.6871107Z ##[endgroup]
2026-10-06T00:53:20.6871886Z ##[group]Setting up auth
2026-10-06T00:53:20.6876034Z [command]/usr/bin/git config --local --name-only --get-regexp core\.sshCommand
2026-10-06T00:53:20.6897869Z [command]/usr/bin/git submodule foreach --recursive sh -c "git config --local --name-only --get-regexp 'core\.sshCommand' && git config --local --unset-all 'core.sshCommand' || :"
2026-10-06T00:53:20.7073329Z [command]/usr/bin/git config --local --name-only --get-regexp http\.https\:\/\/github\.com\/\.extraheader
2026-10-06T00:53:20.7096838Z [command]/usr/bin/git submodule foreach --recursive sh -c "git config --local --name-only --get-regexp 'http\.https\:\/\/github\.com\/\.extraheader' && git config --local --unset-all 'http.https://github.com/.extraheader' || :"
2026-10-06T00:53:20.7209729Z [command]/usr/bin/git config --local --name-only --get-regexp ^includeIf\.gitdir:
2026-10-06T00:53:20.7227821Z [command]/usr/bin/git submodule foreach --recursive git config --local --show-origin --name-only --get-regexp remote.origin.url
2026-10-06T00:53:20.7326310Z [command]/usr/bin/git config --local http.https://github.com/.extraheader AUTHORIZATION: basic ***
2026-10-06T00:53:20.7347985Z ##[endgroup]
2026-10-06T00:53:20.7348649Z ##[group]Fetching the repository
2026-10-06T00:53:20.7353814Z [command]/usr/bin/git -c protocol.version=2 fetch --no-tags --prune --no-recurse-submodules --depth=1 origin +279064a7963cc344b8b8e90ee44e66e73835d2ba:refs/remotes/pull/126/merge
2026-10-06T00:53:22.0533994Z From https://github.com/sveltery/cms
2026-10-06T00:53:22.0534639Z  * [new ref]         279064a7963cc344b8b8e90ee44e66e73835d2ba -> pull/126/merge
2026-10-06T00:53:22.0537053Z ##[endgroup]
2026-10-06T00:53:22.0537535Z ##[group]Determining the checkout info
2026-10-06T00:53:22.0539120Z ##[endgroup]
2026-10-06T00:53:22.0542987Z [command]/usr/bin/git sparse-checkout disable
2026-10-06T00:53:22.0568354Z [command]/usr/bin/git config --local --unset-all extensions.worktreeConfig
2026-10-06T00:53:22.0585903Z ##[group]Checking out the ref
2026-10-06T00:53:22.0588050Z [command]/usr/bin/git checkout --progress --force refs/remotes/pull/126/merge
2026-10-06T00:53:22.3217395Z Note: switching to 'refs/remotes/pull/126/merge'.
2026-10-06T00:53:22.3218621Z 
2026-10-06T00:53:22.3219116Z You are in 'detached HEAD' state. You can look around, make experimental
2026-10-06T00:53:22.3219622Z changes and commit them, and you can discard any commits you make in this
2026-10-06T00:53:22.3220018Z state without impacting any branches by switching back to a branch.
2026-10-06T00:53:22.3220200Z 
2026-10-06T00:53:22.3220346Z If you want to create a new branch to retain commits you create, you may
2026-10-06T00:53:22.3220656Z do so (now or later) by using -c with the switch command. Example:
2026-10-06T00:53:22.3221133Z 
2026-10-06T00:53:22.3221250Z   git switch -c <new-branch-name>
2026-10-06T00:53:22.3221408Z 
2026-10-06T00:53:22.3221555Z Or undo this operation with:
2026-10-06T00:53:22.3221709Z 
2026-10-06T00:53:22.3221800Z   git switch -
2026-10-06T00:53:22.3221967Z 
2026-10-06T00:53:22.3222206Z Turn off this advice by setting config variable advice.detachedHead to false
2026-10-06T00:53:22.3222485Z 
2026-10-06T00:53:22.3222817Z HEAD is now at 279064a Merge 5d7086837be02e87317ae493f71cf7e04cc71ff6 into 41ee48fe781db307174079837387f4565814456c
2026-10-06T00:53:22.3225604Z ##[endgroup]
2026-10-06T00:53:22.3250603Z [command]/usr/bin/git log -1 --format=%H
2026-10-06T00:53:22.3263389Z 279064a7963cc344b8b8e90ee44e66e73835d2ba
2026-10-06T00:53:22.3730193Z ##[group]Run pnpm/action-setup@v4
2026-10-06T00:53:22.3730415Z with:
2026-10-06T00:53:22.3730563Z   version: 12.6.0
2026-10-06T00:53:22.3730707Z   dest: ~/setup-pnpm
2026-10-06T00:53:22.3730853Z   run_install: null
2026-10-06T00:53:22.3731012Z   cache: false
2026-10-06T00:53:22.3731162Z   cache_dependency_path: pnpm-lock.yaml
2026-10-06T00:53:22.3731382Z   package_json_file: package.json
2026-10-06T00:53:22.3731551Z   standalone: false
2026-10-06T00:53:22.3731694Z ##[endgroup]
2026-10-06T00:53:22.4560720Z ##[group]Running self-installer...
2026-10-06T00:53:22.6984190Z (node:1849) [DEP0169] DeprecationWarning: `url.parse()` behavior is not standardized and prone to errors that have security implications. Use the WHATWG URL API instead. CVEs are not issued for `url.parse()` vulnerabilities.
2026-10-06T00:53:22.6984905Z (Use `node --trace-deprecation ...` to show where the warning was created)
2026-10-06T00:53:22.8873006Z Progress: resolved 1, reused 0, downloaded 0, added 0
2026-10-06T00:53:23.1219916Z Packages: +3
2026-10-06T00:53:23.1220138Z +++
2026-10-06T00:53:23.5915324Z Progress: resolved 15, reused 0, downloaded 3, added 3, done
2026-10-06T00:53:23.6010027Z .../.pnpm/pnpm@12.6.0/node_modules/pnpm preinstall$ node install.js
2026-10-06T00:53:25.0992397Z .../.pnpm/pnpm@12.6.0/node_modules/pnpm preinstall: Done
2026-10-06T00:53:25.0994943Z .../.pnpm/pnpm@12.6.0/node_modules/pnpm postinstall$ node install.js
2026-10-06T00:53:25.1257311Z .../.pnpm/pnpm@12.6.0/node_modules/pnpm postinstall: Done
2026-10-06T00:53:25.9689938Z 
2026-10-06T00:53:25.9690480Z dependencies:
2026-10-06T00:53:25.9690893Z + pnpm 12.6.0 (12.9.1 is available)
2026-10-06T00:53:25.9691096Z 
2026-10-06T00:53:25.9706542Z Done in 3.4s
2026-10-06T00:53:25.9950729Z ##[endgroup]
2026-10-06T00:53:25.9951112Z Installation Completed!
2026-10-06T00:53:26.0066319Z ##[group]Run actions/setup-node@v4
2026-10-06T00:53:26.0066480Z with:
2026-10-06T00:53:26.0066592Z   node-version: 24
2026-10-06T00:53:26.0066707Z   cache: pnpm
2026-10-06T00:53:26.0066815Z   always-auth: false
2026-10-06T00:53:26.0066933Z   check-latest: false
2026-10-06T00:53:26.0068477Z   token: ***
2026-10-06T00:53:26.0068587Z env:
2026-10-06T00:53:26.0068731Z   PNPM_HOME: /home/runner/setup-pnpm/node_modules/.bin
2026-10-06T00:53:26.0069149Z ##[endgroup]
2026-10-06T00:53:26.0997234Z Found in cache @ /opt/hostedtoolcache/node/24.21.0/x64
2026-10-06T00:53:26.1001148Z (node:1883) [DEP0040] DeprecationWarning: The `punycode` module is deprecated. Please use a userland alternative instead.
2026-10-06T00:53:26.1001858Z (Use `node --trace-deprecation ...` to show where the warning was created)
2026-10-06T00:53:26.1003344Z ##[group]Environment details
2026-10-06T00:53:26.2892197Z node: v24.21.0
2026-10-06T00:53:26.2892422Z npm: 11.19.0
2026-10-06T00:53:26.2892538Z yarn: 1.22.22
2026-10-06T00:53:26.2893104Z ##[endgroup]
2026-10-06T00:53:26.2903837Z [command]/home/runner/setup-pnpm/node_modules/.bin/pnpm store path --silent
2026-10-06T00:53:26.2998244Z /home/runner/setup-pnpm/node_modules/.bin/store/v11
2026-10-06T00:53:26.4479823Z Cache hit for: node-cache-Linux-x64-pnpm-cb01908ec0d0a45d9eb29e44f56e05364983ff2ce958acc694c939d2835b5d56
2026-10-06T00:53:26.4550049Z (node:1883) [DEP0169] DeprecationWarning: `url.parse()` behavior is not standardized and prone to errors that have security implications. Use the WHATWG URL API instead. CVEs are not issued for `url.parse()` vulnerabilities.
2026-10-06T00:53:27.6203399Z Received 109051904 of 174062786 (62.7%), 103.9 MBs/sec
2026-10-06T00:53:28.6162151Z Received 130023424 of 174062786 (74.7%), 62.0 MBs/sec
2026-10-06T00:53:29.6165448Z Received 169868482 of 174062786 (97.6%), 54.0 MBs/sec
2026-10-06T00:53:30.6165184Z Received 169868482 of 174062786 (97.6%), 40.5 MBs/sec
2026-10-06T00:53:31.6163166Z Received 169868482 of 174062786 (97.6%), 32.4 MBs/sec
2026-10-06T00:53:31.6451442Z Received 174062786 of 174062786 (100.0%), 33.0 MBs/sec
2026-10-06T00:53:31.6453167Z Cache Size: ~166 MB (174062786 B)
2026-10-06T00:53:31.6537772Z [command]/usr/bin/tar -xf /home/runner/work/_temp/b4a7fcef-0755-408d-ba0f-2a3e9d53564e/cache.tzst -P -C /home/runner/work/cms/cms --use-compress-program unzstd
2026-10-06T00:53:32.4764968Z Cache restored successfully
2026-10-06T00:53:32.4902475Z Cache restored from key: node-cache-Linux-x64-pnpm-cb01908ec0d0a45d9eb29e44f56e05364983ff2ce958acc694c939d2835b5d56
2026-10-06T00:53:32.5341772Z ##[group]Run pnpm install --frozen-lockfile
2026-10-06T00:53:32.5342032Z [36;1mpnpm install --frozen-lockfile[0m
2026-10-06T00:53:32.6413708Z shell: /usr/bin/bash -e {0}
2026-10-06T00:53:32.6413899Z env:
2026-10-06T00:53:32.6414072Z   PNPM_HOME: /home/runner/setup-pnpm/node_modules/.bin
2026-10-06T00:53:32.6414263Z ##[endgroup]
2026-10-06T00:53:32.7159198Z ? Verifying lockfile against supply-chain policies (534 entries)...
2026-10-06T00:53:32.8026883Z Packages are hard linked from the content-addressable store to the virtual store.
2026-10-06T00:53:32.8027558Z   Content-addressable store is at: /home/runner/setup-pnpm/node_modules/.bin/store/v11
2026-10-06T00:53:32.8027980Z   Virtual store is at:             node_modules/.pnpm
2026-10-06T00:53:34.7838078Z ✓ Lockfile passes supply-chain policies (534 entries in 2.1s)
2026-10-06T00:53:34.7838587Z Lockfile is up to date, resolution step is skipped
2026-10-06T00:53:34.7899646Z Packages: +403
2026-10-06T00:53:34.7900193Z ++++++++++++++++++++++++++++++++++++++++++++++++++++++++++++++++++++++++++++++++
2026-10-06T00:53:34.8143707Z Progress: resolved 403, reused 403, downloaded 0, added 403, done
2026-10-06T00:53:34.9004638Z . prepare$ svelte-kit sync
2026-10-06T00:53:35.4445940Z . prepare: Done
2026-10-06T00:53:35.4453351Z 
2026-10-06T00:53:35.4453685Z dependencies:
2026-10-06T00:53:35.4453875Z + @oslojs/crypto 1.0.1
2026-10-06T00:53:35.4454137Z + @oslojs/encoding 1.1.0
2026-10-06T00:53:35.4454341Z + @oslojs/webauthn 1.0.0
2026-10-06T00:53:35.4454549Z + @wordpress/block-serialization-default-parser 5.38.0
2026-10-06T00:53:35.4454737Z + blurhash 2.0.5
2026-10-06T00:53:35.4454850Z + cn 0.2.2
2026-10-06T00:53:35.4455024Z + date-fns 4.1.0
2026-10-06T00:53:35.4455216Z + image-size 2.0.2
2026-10-06T00:53:35.4455398Z + jpeg-js 0.4.4
2026-10-06T00:53:35.4455591Z + jsonc-parser 3.3.1
2026-10-06T00:53:35.4455811Z + kysely 0.29.2
2026-10-06T00:53:35.4456052Z + mime 4.1.0
2026-10-06T00:53:35.4456247Z + parse5 7.3.0
2026-10-06T00:53:35.4456445Z + smol-toml 1.6.0
2026-10-06T00:53:35.4456651Z + ulidx 2.4.1
2026-10-06T00:53:35.4456816Z + upng-js 2.1.0
2026-10-06T00:53:35.4456984Z + valibot 1.5.0
2026-10-06T00:53:35.4457167Z + zod 4.5.4
2026-10-06T00:53:35.4457258Z 
2026-10-06T00:53:35.4457336Z devDependencies:
2026-10-06T00:53:35.4457520Z + @babel/core 7.29.7
2026-10-06T00:53:35.4457720Z + @cloudflare/kumo 2.6.0
2026-10-06T00:53:35.4458043Z + @cloudflare/workers-types 4.20260507.1
2026-10-06T00:53:35.4458290Z + @floating-ui/dom 1.8.0
2026-10-06T00:53:35.4458541Z + @lingui/babel-plugin-lingui-macro 5.9.5
2026-10-06T00:53:35.4458789Z + @lingui/conf 5.9.5
2026-10-06T00:53:35.4459083Z + @lingui/core 5.9.5
2026-10-06T00:53:35.4459279Z + @lingui/react 5.9.5
2026-10-06T00:53:35.4479666Z + @playwright/test 1.63.0
2026-10-06T00:53:35.4479910Z + @sveltejs/adapter-auto 7.0.1
2026-10-06T00:53:35.4480079Z + @sveltejs/adapter-cloudflare 7.2.9
2026-10-06T00:53:35.4480513Z + @sveltejs/adapter-node 5.5.7
2026-10-06T00:53:35.4480728Z + @sveltejs/kit 2.70.3
2026-10-06T00:53:35.4480993Z + @sveltejs/vite-plugin-svelte 7.3.1
2026-10-06T00:53:35.4481277Z + @tanstack/react-query 5.90.21
2026-10-06T00:53:35.4481515Z + @tanstack/react-router 1.163.2
2026-10-06T00:53:35.4481755Z + @testing-library/react 16.3.2
2026-10-06T00:53:35.4481963Z + @types/jsdom 30.0.0
2026-10-06T00:53:35.4482145Z + @types/node 24.19.0
2026-10-06T00:53:35.4482271Z + @types/react 19.3.0
2026-10-06T00:53:35.4482400Z + @types/react-dom 19.3.0
2026-10-06T00:53:35.4482599Z + @vitest/browser-playwright 4.1.10
2026-10-06T00:53:35.4482855Z + devalue 5.9.4
2026-10-06T00:53:35.4483023Z + jsdom 30.1.1
2026-10-06T00:53:35.4483201Z + miniflare 4.20260507.1
2026-10-06T00:53:35.4483371Z + pg 8.18.0
2026-10-06T00:53:35.4483522Z + react 19.3.0
2026-10-06T00:53:35.4483645Z + react-day-picker 9.14.0
2026-10-06T00:53:35.4483776Z + react-dom 19.3.0
2026-10-06T00:53:35.4483910Z + svelte 5.57.1
2026-10-06T00:53:35.4484093Z + svelte-check 4.7.6
2026-10-06T00:53:35.4484292Z + typescript 6.0.3
2026-10-06T00:53:35.4484462Z + vite 8.3.2
2026-10-06T00:53:35.4484800Z + vitest 4.1.10
2026-10-06T00:53:35.4484992Z + vitest-browser-react 2.2.0
2026-10-06T00:53:35.4485205Z + wrangler 4.99.0
2026-10-06T00:53:35.4485312Z 
2026-10-06T00:53:35.4485436Z Done in 2.7s using pnpm v12.6.0
2026-10-06T00:53:35.4639779Z ##[group]Run pnpm exec playwright install --with-deps chromium
2026-10-06T00:53:35.4640050Z [36;1mpnpm exec playwright install --with-deps chromium[0m
2026-10-06T00:53:35.4672155Z shell: /usr/bin/bash -e {0}
2026-10-06T00:53:35.4672299Z env:
2026-10-06T00:53:35.4672445Z   PNPM_HOME: /home/runner/setup-pnpm/node_modules/.bin
2026-10-06T00:53:35.4672615Z ##[endgroup]
2026-10-06T00:53:35.7570597Z Installing dependencies...
2026-10-06T00:53:35.7617410Z Switching to root user to install dependencies...
2026-10-06T00:53:35.8394422Z Get:1 file:/etc/apt/apt-mirrors.txt Mirrorlist [144 B]
2026-10-06T00:53:35.8864455Z Hit:2 http://azure.archive.ubuntu.com/ubuntu jammy InRelease
2026-10-06T00:53:35.8889908Z Get:3 http://azure.archive.ubuntu.com/ubuntu jammy-updates InRelease [128 kB]
2026-10-06T00:53:35.8921284Z Get:4 http://azure.archive.ubuntu.com/ubuntu jammy-backports InRelease [127 kB]
2026-10-06T00:53:35.8950169Z Get:5 http://azure.archive.ubuntu.com/ubuntu jammy-security InRelease [129 kB]
2026-10-06T00:53:35.8972817Z Get:6 https://packages.microsoft.com/ubuntu/22.04/prod jammy InRelease [3632 B]
2026-10-06T00:53:35.9903497Z Get:7 http://azure.archive.ubuntu.com/ubuntu jammy-updates/main amd64 Packages [3907 kB]
2026-10-06T00:53:36.0084015Z Get:8 http://azure.archive.ubuntu.com/ubuntu jammy-updates/main Translation-en [576 kB]
2026-10-06T00:53:36.0110393Z Get:9 http://azure.archive.ubuntu.com/ubuntu jammy-updates/restricted amd64 Packages [6714 kB]
2026-10-06T00:53:36.0320921Z Get:10 http://azure.archive.ubuntu.com/ubuntu jammy-updates/restricted Translation-en [1290 kB]
2026-10-06T00:53:36.1093387Z Get:11 http://azure.archive.ubuntu.com/ubuntu jammy-updates/universe amd64 Packages [1285 kB]
2026-10-06T00:53:36.1135640Z Get:12 http://azure.archive.ubuntu.com/ubuntu jammy-updates/universe Translation-en [325 kB]
2026-10-06T00:53:36.1140390Z Get:19 https://packages.microsoft.com/ubuntu/22.04/prod jammy/main arm64 Packages [551 kB]
2026-10-06T00:53:36.1150407Z Get:13 http://azure.archive.ubuntu.com/ubuntu jammy-security/main amd64 Packages [3631 kB]
2026-10-06T00:53:36.1221169Z Get:20 https://packages.microsoft.com/ubuntu/22.04/prod jammy/main amd64 Packages [797 kB]
2026-10-06T00:53:36.1260446Z Get:14 http://azure.archive.ubuntu.com/ubuntu jammy-security/main Translation-en [508 kB]
2026-10-06T00:53:36.1282003Z Get:15 http://azure.archive.ubuntu.com/ubuntu jammy-security/restricted amd64 Packages [6465 kB]
2026-10-06T00:53:36.2243358Z Get:16 http://azure.archive.ubuntu.com/ubuntu jammy-security/restricted Translation-en [1244 kB]
2026-10-06T00:53:36.2699129Z Get:17 http://azure.archive.ubuntu.com/ubuntu jammy-security/universe amd64 Packages [1052 kB]
2026-10-06T00:53:36.2736163Z Get:18 http://azure.archive.ubuntu.com/ubuntu jammy-security/universe Translation-en [237 kB]
2026-10-06T00:53:42.7636053Z Fetched 29.0 MB in 2s (12.8 MB/s)
2026-10-06T00:53:43.6093635Z Reading package lists...
2026-10-06T00:53:43.6454572Z Reading package lists...
2026-10-06T00:53:43.8954373Z Building dependency tree...
2026-10-06T00:53:43.8963702Z Reading state information...
2026-10-06T00:53:44.0584579Z fonts-liberation is already the newest version (1:1.07.4-11).
2026-10-06T00:53:44.0585228Z fonts-liberation set to manually installed.
2026-10-06T00:53:44.0586303Z libatk-bridge2.0-0 is already the newest version (2.38.0-3).
2026-10-06T00:53:44.0586854Z libatk-bridge2.0-0 set to manually installed.
2026-10-06T00:53:44.0587392Z libatk1.0-0 is already the newest version (2.36.0-3build1).
2026-10-06T00:53:44.0587906Z libatk1.0-0 set to manually installed.
2026-10-06T00:53:44.0588415Z libatspi2.0-0 is already the newest version (2.44.0-3).
2026-10-06T00:53:44.0589068Z libatspi2.0-0 set to manually installed.
2026-10-06T00:53:44.0589664Z libfontconfig1 is already the newest version (2.13.1-4.2ubuntu5).
2026-10-06T00:53:44.0590204Z libfontconfig1 set to manually installed.
2026-10-06T00:53:44.0590655Z libxcb1 is already the newest version (1.14-3ubuntu3).
2026-10-06T00:53:44.0590965Z libxcb1 set to manually installed.
2026-10-06T00:53:44.0591801Z libxcomposite1 is already the newest version (1:0.4.5-1build2).
2026-10-06T00:53:44.0592076Z libxcomposite1 set to manually installed.
2026-10-06T00:53:44.0592297Z libxdamage1 is already the newest version (1:1.1.5-2build2).
2026-10-06T00:53:44.0592509Z libxdamage1 set to manually installed.
2026-10-06T00:53:44.0592719Z libxext6 is already the newest version (2:1.3.4-1build1).
2026-10-06T00:53:44.0592919Z libxext6 set to manually installed.
2026-10-06T00:53:44.0593118Z libxfixes3 is already the newest version (1:6.0.0-1).
2026-10-06T00:53:44.0593315Z libxfixes3 set to manually installed.
2026-10-06T00:53:44.0593513Z libxkbcommon0 is already the newest version (1.4.0-1).
2026-10-06T00:53:44.0593716Z libxkbcommon0 set to manually installed.
2026-10-06T00:53:44.0593933Z libxrandr2 is already the newest version (2:1.5.2-1build1).
2026-10-06T00:53:44.0594135Z libxrandr2 set to manually installed.
2026-10-06T00:53:44.0594395Z fonts-noto-color-emoji is already the newest version (2.047-0ubuntu0.22.04.1).
2026-10-06T00:53:44.0594684Z libasound2 is already the newest version (1.2.6.1-1ubuntu1.2).
2026-10-06T00:53:44.0594925Z libasound2 set to manually installed.
2026-10-06T00:53:44.0595244Z libcairo2 is already the newest version (1.16.0-5ubuntu2.1).
2026-10-06T00:53:44.0595459Z libcairo2 set to manually installed.
2026-10-06T00:53:44.0595672Z libcups2 is already the newest version (2.4.1op1-1ubuntu4.21).
2026-10-06T00:53:44.0595878Z libcups2 set to manually installed.
2026-10-06T00:53:44.0596093Z libdbus-1-3 is already the newest version (1.12.20-2ubuntu4.1).
2026-10-06T00:53:44.0596298Z libdbus-1-3 set to manually installed.
2026-10-06T00:53:44.0596517Z libdrm2 is already the newest version (2.4.113-2~ubuntu0.22.04.1).
2026-10-06T00:53:44.0596733Z libdrm2 set to manually installed.
2026-10-06T00:53:44.0596958Z libfreetype6 is already the newest version (2.11.1+dfsg-1ubuntu0.3).
2026-10-06T00:53:44.0597181Z libfreetype6 set to manually installed.
2026-10-06T00:53:44.0597406Z libgbm1 is already the newest version (23.2.1-1ubuntu3.1~22.04.4).
2026-10-06T00:53:44.0597621Z libgbm1 set to manually installed.
2026-10-06T00:53:44.0597833Z libglib2.0-0 is already the newest version (2.72.4-0ubuntu2.10).
2026-10-06T00:53:44.0598042Z libglib2.0-0 set to manually installed.
2026-10-06T00:53:44.0598268Z libnspr4 is already the newest version (2:4.35-0ubuntu0.22.04.1).
2026-10-06T00:53:44.0598520Z libnss3 is already the newest version (2:3.98-0ubuntu0.22.04.4).
2026-10-06T00:53:44.0598821Z libpango-1.0-0 is already the newest version (1.50.6+ds-2ubuntu1).
2026-10-06T00:53:44.0599174Z libpango-1.0-0 set to manually installed.
2026-10-06T00:53:44.0599411Z libwayland-client0 is already the newest version (1.20.0-1ubuntu0.1).
2026-10-06T00:53:44.0599777Z libwayland-client0 set to manually installed.
2026-10-06T00:53:44.0600003Z libx11-6 is already the newest version (2:1.7.5-1ubuntu0.3).
2026-10-06T00:53:44.0600200Z libx11-6 set to manually installed.
2026-10-06T00:53:44.0600422Z xvfb is already the newest version (2:21.1.4-2ubuntu1.7~22.04.16).
2026-10-06T00:53:44.0600667Z The following additional packages will be installed:
2026-10-06T00:53:44.0600863Z   xfonts-encodings xfonts-utils
2026-10-06T00:53:44.0601022Z Recommended packages:
2026-10-06T00:53:44.0601261Z   fonts-ipafont-mincho fonts-tlwg-loma
2026-10-06T00:53:44.0746389Z The following NEW packages will be installed:
2026-10-06T00:53:44.0747140Z   fonts-freefont-ttf fonts-ipafont-gothic fonts-tlwg-loma-otf fonts-unifont
2026-10-06T00:53:44.0757292Z   fonts-wqy-zenhei xfonts-cyrillic xfonts-encodings xfonts-scalable
2026-10-06T00:53:44.0757752Z   xfonts-utils
2026-10-06T00:53:44.0875568Z 0 upgraded, 9 newly installed, 0 to remove and 20 not upgraded.
2026-10-06T00:53:44.0876037Z Need to get 18.4 MB of archives.
2026-10-06T00:53:44.0876410Z After this operation, 56.8 MB of additional disk space will be used.
2026-10-06T00:53:44.0876830Z Get:1 file:/etc/apt/apt-mirrors.txt Mirrorlist [144 B]
2026-10-06T00:53:44.1482658Z Get:2 http://azure.archive.ubuntu.com/ubuntu jammy/universe amd64 fonts-ipafont-gothic all 00303-21ubuntu1 [3513 kB]
2026-10-06T00:53:44.2050117Z Get:3 http://azure.archive.ubuntu.com/ubuntu jammy/main amd64 fonts-freefont-ttf all 20120503-10build1 [2388 kB]
2026-10-06T00:53:44.2413769Z Get:4 http://azure.archive.ubuntu.com/ubuntu jammy/universe amd64 fonts-tlwg-loma-otf all 1:0.7.3-1 [107 kB]
2026-10-06T00:53:44.2697927Z Get:5 http://azure.archive.ubuntu.com/ubuntu jammy/universe amd64 fonts-unifont all 1:14.0.01-1 [3551 kB]
2026-10-06T00:53:44.3535609Z Get:6 http://azure.archive.ubuntu.com/ubuntu jammy/universe amd64 fonts-wqy-zenhei all 0.9.45-8 [7472 kB]
2026-10-06T00:53:44.4548641Z Get:7 http://azure.archive.ubuntu.com/ubuntu jammy/main amd64 xfonts-encodings all 1:1.0.5-0ubuntu2 [578 kB]
2026-10-06T00:53:44.4897602Z Get:8 http://azure.archive.ubuntu.com/ubuntu jammy/main amd64 xfonts-utils amd64 1:7.7+6build2 [94.6 kB]
2026-10-06T00:53:44.5205370Z Get:9 http://azure.archive.ubuntu.com/ubuntu jammy/universe amd64 xfonts-cyrillic all 1:1.0.5 [386 kB]
2026-10-06T00:53:44.5537900Z Get:10 http://azure.archive.ubuntu.com/ubuntu jammy/main amd64 xfonts-scalable all 1:1.0.3-1.2ubuntu1 [306 kB]
2026-10-06T00:53:44.7664930Z Fetched 18.4 MB in 0s (38.7 MB/s)
2026-10-06T00:53:44.7990070Z Selecting previously unselected package fonts-ipafont-gothic.
2026-10-06T00:53:44.8196933Z (Reading database ... 
2026-10-06T00:53:44.8197168Z (Reading database ... 5%
2026-10-06T00:53:44.8197326Z (Reading database ... 10%
2026-10-06T00:53:44.8197467Z (Reading database ... 15%
2026-10-06T00:53:44.8197608Z (Reading database ... 20%
2026-10-06T00:53:44.8197743Z (Reading database ... 25%
2026-10-06T00:53:44.8197878Z (Reading database ... 30%
2026-10-06T00:53:44.8198043Z (Reading database ... 35%
2026-10-06T00:53:44.8198176Z (Reading database ... 40%
2026-10-06T00:53:44.8198309Z (Reading database ... 45%
2026-10-06T00:53:44.8198572Z (Reading database ... 50%
2026-10-06T00:53:44.9518189Z (Reading database ... 55%
2026-10-06T00:53:45.1570531Z (Reading database ... 60%
2026-10-06T00:53:45.4079508Z (Reading database ... 65%
2026-10-06T00:53:45.6047329Z (Reading database ... 70%
2026-10-06T00:53:45.8485530Z (Reading database ... 75%
2026-10-06T00:53:46.1016406Z (Reading database ... 80%
2026-10-06T00:53:46.3219037Z (Reading database ... 85%
2026-10-06T00:53:46.5602523Z (Reading database ... 90%
2026-10-06T00:53:46.7724976Z (Reading database ... 95%
2026-10-06T00:53:46.7725323Z (Reading database ... 100%
2026-10-06T00:53:46.7725689Z (Reading database ... 260411 files and directories currently installed.)
2026-10-06T00:53:46.7771355Z Preparing to unpack .../0-fonts-ipafont-gothic_00303-21ubuntu1_all.deb ...
2026-10-06T00:53:46.7970380Z Unpacking fonts-ipafont-gothic (00303-21ubuntu1) ...
2026-10-06T00:53:47.0309046Z Selecting previously unselected package fonts-freefont-ttf.
2026-10-06T00:53:47.0406838Z Preparing to unpack .../1-fonts-freefont-ttf_20120503-10build1_all.deb ...
2026-10-06T00:53:47.0411764Z Unpacking fonts-freefont-ttf (20120503-10build1) ...
2026-10-06T00:53:47.1858520Z Selecting previously unselected package fonts-tlwg-loma-otf.
2026-10-06T00:53:47.1996511Z Preparing to unpack .../2-fonts-tlwg-loma-otf_1%3a0.7.3-1_all.deb ...
2026-10-06T00:53:47.2001656Z Unpacking fonts-tlwg-loma-otf (1:0.7.3-1) ...
2026-10-06T00:53:47.2113278Z Selecting previously unselected package fonts-unifont.
2026-10-06T00:53:47.2213344Z Preparing to unpack .../3-fonts-unifont_1%3a14.0.01-1_all.deb ...
2026-10-06T00:53:47.2219053Z Unpacking fonts-unifont (1:14.0.01-1) ...
2026-10-06T00:53:47.3602600Z Selecting previously unselected package fonts-wqy-zenhei.
2026-10-06T00:53:47.3695369Z Preparing to unpack .../4-fonts-wqy-zenhei_0.9.45-8_all.deb ...
2026-10-06T00:53:47.3750985Z Unpacking fonts-wqy-zenhei (0.9.45-8) ...
2026-10-06T00:53:47.8088786Z Selecting previously unselected package xfonts-encodings.
2026-10-06T00:53:47.8181817Z Preparing to unpack .../5-xfonts-encodings_1%3a1.0.5-0ubuntu2_all.deb ...
2026-10-06T00:53:47.8186431Z Unpacking xfonts-encodings (1:1.0.5-0ubuntu2) ...
2026-10-06T00:53:47.8312104Z Selecting previously unselected package xfonts-utils.
2026-10-06T00:53:47.8402661Z Preparing to unpack .../6-xfonts-utils_1%3a7.7+6build2_amd64.deb ...
2026-10-06T00:53:47.8407299Z Unpacking xfonts-utils (1:7.7+6build2) ...
2026-10-06T00:53:47.8584400Z Selecting previously unselected package xfonts-cyrillic.
2026-10-06T00:53:47.8670540Z Preparing to unpack .../7-xfonts-cyrillic_1%3a1.0.5_all.deb ...
2026-10-06T00:53:47.8674892Z Unpacking xfonts-cyrillic (1:1.0.5) ...
2026-10-06T00:53:47.9094454Z Selecting previously unselected package xfonts-scalable.
2026-10-06T00:53:47.9182408Z Preparing to unpack .../8-xfonts-scalable_1%3a1.0.3-1.2ubuntu1_all.deb ...
2026-10-06T00:53:47.9186935Z Unpacking xfonts-scalable (1:1.0.3-1.2ubuntu1) ...
2026-10-06T00:53:47.9427849Z Setting up fonts-wqy-zenhei (0.9.45-8) ...
2026-10-06T00:53:47.9486198Z Setting up fonts-freefont-ttf (20120503-10build1) ...
2026-10-06T00:53:47.9496739Z Setting up fonts-tlwg-loma-otf (1:0.7.3-1) ...
2026-10-06T00:53:47.9506837Z Setting up xfonts-encodings (1:1.0.5-0ubuntu2) ...
2026-10-06T00:53:47.9517139Z Setting up fonts-ipafont-gothic (00303-21ubuntu1) ...
2026-10-06T00:53:47.9555321Z update-alternatives: using /usr/share/fonts/opentype/ipafont-gothic/ipag.ttf to provide /usr/share/fonts/truetype/fonts-japanese-gothic.ttf (fonts-japanese-gothic.ttf) in auto mode
2026-10-06T00:53:47.9566787Z Setting up fonts-unifont (1:14.0.01-1) ...
2026-10-06T00:53:47.9577713Z Setting up xfonts-utils (1:7.7+6build2) ...
2026-10-06T00:53:47.9599569Z Setting up xfonts-cyrillic (1:1.0.5) ...
2026-10-06T00:53:47.9750383Z Setting up xfonts-scalable (1:1.0.3-1.2ubuntu1) ...
2026-10-06T00:53:47.9867398Z Processing triggers for man-db (2.10.2-1) ...
2026-10-06T00:53:47.9880151Z Not building database; man-db/auto-update is not 'true'.
2026-10-06T00:53:47.9886025Z Processing triggers for fontconfig (2.13.1-4.2ubuntu5) ...
2026-10-06T00:53:48.3487970Z 
2026-10-06T00:53:48.3488620Z Running kernel seems to be up-to-date.
2026-10-06T00:53:48.3488972Z 
2026-10-06T00:53:48.3489140Z No services need to be restarted.
2026-10-06T00:53:48.3489298Z 
2026-10-06T00:53:48.3489431Z No containers need to be restarted.
2026-10-06T00:53:48.3489584Z 
2026-10-06T00:53:48.3489730Z No user sessions are running outdated binaries.
2026-10-06T00:53:48.3489907Z 
2026-10-06T00:53:48.3490143Z No VM guests are running outdated hypervisor (qemu) binaries on this host.
2026-10-06T00:53:49.1921878Z Downloading Chrome for Testing 153.0.8010.12 (playwright chromium v1243) from https://cdn.playwright.dev/builds/cft/153.0.8010.12/linux64/chrome-linux64.zip
2026-10-06T00:53:49.5146823Z |                                                                                |   0% of 186.8 MiB
2026-10-06T00:53:49.7355164Z |■■■■■■■■                                                                        |  10% of 186.8 MiB
2026-10-06T00:53:49.8705108Z |■■■■■■■■■■■■■■■■                                                                |  20% of 186.8 MiB
2026-10-06T00:53:50.0529066Z |■■■■■■■■■■■■■■■■■■■■■■■■                                                        |  30% of 186.8 MiB
2026-10-06T00:53:50.2229744Z |■■■■■■■■■■■■■■■■■■■■■■■■■■■■■■■■                                                |  40% of 186.8 MiB
2026-10-06T00:53:50.3275178Z |■■■■■■■■■■■■■■■■■■■■■■■■■■■■■■■■■■■■■■■■                                        |  50% of 186.8 MiB
2026-10-06T00:53:50.4748295Z |■■■■■■■■■■■■■■■■■■■■■■■■■■■■■■■■■■■■■■■■■■■■■■■■                                |  60% of 186.8 MiB
2026-10-06T00:53:50.5844766Z |■■■■■■■■■■■■■■■■■■■■■■■■■■■■■■■■■■■■■■■■■■■■■■■■■■■■■■■■                        |  70% of 186.8 MiB
2026-10-06T00:53:50.7612938Z |■■■■■■■■■■■■■■■■■■■■■■■■■■■■■■■■■■■■■■■■■■■■■■■■■■■■■■■■■■■■■■■■                |  80% of 186.8 MiB
2026-10-06T00:53:50.9823815Z |■■■■■■■■■■■■■■■■■■■■■■■■■■■■■■■■■■■■■■■■■■■■■■■■■■■■■■■■■■■■■■■■■■■■■■■■        |  90% of 186.8 MiB
2026-10-06T00:53:51.1326602Z |■■■■■■■■■■■■■■■■■■■■■■■■■■■■■■■■■■■■■■■■■■■■■■■■■■■■■■■■■■■■■■■■■■■■■■■■■■■■■■■■| 100% of 186.8 MiB
2026-10-06T00:53:52.9053434Z Chrome for Testing 153.0.8010.12 (playwright chromium v1243) downloaded to /home/runner/.cache/ms-playwright/chromium-1243
2026-10-06T00:53:52.9055180Z Downloading FFmpeg (playwright ffmpeg v1011) from https://cdn.playwright.dev/dbazure/download/playwright/builds/ffmpeg/1011/ffmpeg-linux.zip
2026-10-06T00:53:53.1520671Z |                                                                                |   0% of 2.3 MiB
2026-10-06T00:53:53.1770927Z |■■■■■■■■                                                                        |  10% of 2.3 MiB
2026-10-06T00:53:53.1873384Z |■■■■■■■■■■■■■■■■                                                                |  20% of 2.3 MiB
2026-10-06T00:53:53.1952982Z |■■■■■■■■■■■■■■■■■■■■■■■■                                                        |  30% of 2.3 MiB
2026-10-06T00:53:53.1984320Z |■■■■■■■■■■■■■■■■■■■■■■■■■■■■■■■■                                                |  40% of 2.3 MiB
2026-10-06T00:53:53.2047495Z |■■■■■■■■■■■■■■■■■■■■■■■■■■■■■■■■■■■■■■■■                                        |  50% of 2.3 MiB
2026-10-06T00:53:53.2065191Z |■■■■■■■■■■■■■■■■■■■■■■■■■■■■■■■■■■■■■■■■■■■■■■■■                                |  60% of 2.3 MiB
2026-10-06T00:53:53.2079850Z |■■■■■■■■■■■■■■■■■■■■■■■■■■■■■■■■■■■■■■■■■■■■■■■■■■■■■■■■                        |  70% of 2.3 MiB
2026-10-06T00:53:53.2095782Z |■■■■■■■■■■■■■■■■■■■■■■■■■■■■■■■■■■■■■■■■■■■■■■■■■■■■■■■■■■■■■■■■                |  80% of 2.3 MiB
2026-10-06T00:53:53.2108403Z |■■■■■■■■■■■■■■■■■■■■■■■■■■■■■■■■■■■■■■■■■■■■■■■■■■■■■■■■■■■■■■■■■■■■■■■■        |  90% of 2.3 MiB
2026-10-06T00:53:53.2158429Z |■■■■■■■■■■■■■■■■■■■■■■■■■■■■■■■■■■■■■■■■■■■■■■■■■■■■■■■■■■■■■■■■■■■■■■■■■■■■■■■■| 100% of 2.3 MiB
2026-10-06T00:53:53.2466712Z FFmpeg (playwright ffmpeg v1011) downloaded to /home/runner/.cache/ms-playwright/ffmpeg-1011
2026-10-06T00:53:53.2468709Z Downloading Chrome Headless Shell 153.0.8010.12 (playwright chromium-headless-shell v1243) from https://cdn.playwright.dev/builds/cft/153.0.8010.12/linux64/chrome-headless-shell-linux64.zip
2026-10-06T00:53:53.5458565Z |                                                                                |   0% of 114.3 MiB
2026-10-06T00:53:53.7255470Z |■■■■■■■■                                                                        |  10% of 114.3 MiB
2026-10-06T00:53:53.7929378Z |■■■■■■■■■■■■■■■■                                                                |  20% of 114.3 MiB
2026-10-06T00:53:53.8690151Z |■■■■■■■■■■■■■■■■■■■■■■■■                                                        |  30% of 114.3 MiB
2026-10-06T00:53:53.9541426Z |■■■■■■■■■■■■■■■■■■■■■■■■■■■■■■■■                                                |  40% of 114.3 MiB
2026-10-06T00:53:54.0198609Z |■■■■■■■■■■■■■■■■■■■■■■■■■■■■■■■■■■■■■■■■                                        |  50% of 114.3 MiB
2026-10-06T00:53:54.0997779Z |■■■■■■■■■■■■■■■■■■■■■■■■■■■■■■■■■■■■■■■■■■■■■■■■                                |  60% of 114.3 MiB
2026-10-06T00:53:54.1930724Z |■■■■■■■■■■■■■■■■■■■■■■■■■■■■■■■■■■■■■■■■■■■■■■■■■■■■■■■■                        |  70% of 114.3 MiB
2026-10-06T00:53:54.2651865Z |■■■■■■■■■■■■■■■■■■■■■■■■■■■■■■■■■■■■■■■■■■■■■■■■■■■■■■■■■■■■■■■■                |  80% of 114.3 MiB
2026-10-06T00:53:54.3162274Z |■■■■■■■■■■■■■■■■■■■■■■■■■■■■■■■■■■■■■■■■■■■■■■■■■■■■■■■■■■■■■■■■■■■■■■■■        |  90% of 114.3 MiB
2026-10-06T00:53:54.3918418Z |■■■■■■■■■■■■■■■■■■■■■■■■■■■■■■■■■■■■■■■■■■■■■■■■■■■■■■■■■■■■■■■■■■■■■■■■■■■■■■■■| 100% of 114.3 MiB
2026-10-06T00:53:55.7086048Z Chrome Headless Shell 153.0.8010.12 (playwright chromium-headless-shell v1243) downloaded to /home/runner/.cache/ms-playwright/chromium_headless_shell-1243
2026-10-06T00:53:55.7232868Z ##[group]Run timeout --kill-after=30s 180s pnpm exec vitest run --config vitest.default-seed-setup-wizard.browser.config.ts --reporter=verbose --reporter=json --outputFile.json=setup-source-results.json
2026-10-06T00:53:55.7233675Z [36;1mtimeout --kill-after=30s 180s pnpm exec vitest run --config vitest.default-seed-setup-wizard.browser.config.ts --reporter=verbose --reporter=json --outputFile.json=setup-source-results.json[0m
2026-10-06T00:53:55.7264125Z shell: /usr/bin/bash -e {0}
2026-10-06T00:53:55.7264269Z env:
2026-10-06T00:53:55.7264418Z   PNPM_HOME: /home/runner/setup-pnpm/node_modules/.bin
2026-10-06T00:53:55.7264595Z   DEBUG: pw:browser
2026-10-06T00:53:55.7264717Z ##[endgroup]
2026-10-06T00:53:56.2800213Z 
2026-10-06T00:53:56.2802671Z [1m[30m[46m RUN [49m[39m[22m [36mv4.1.10 [39m[90m/home/runner/work/cms/cms[39m
2026-10-06T00:53:56.2802999Z 
2026-10-06T00:53:56.6703302Z 2026-10-06T00:53:56.669Z pw:browser <launching> /home/runner/.cache/ms-playwright/chromium_headless_shell-1243/chrome-headless-shell-linux64/chrome-headless-shell --disable-field-trial-config --disable-background-networking --disable-background-timer-throttling --disable-backgrounding-occluded-windows --disable-back-forward-cache --disable-breakpad --disable-client-side-phishing-detection --disable-component-extensions-with-background-pages --disable-component-update --no-default-browser-check --disable-default-apps --disable-dev-shm-usage --disable-edgeupdater --disable-extensions --disable-features=AvoidUnnecessaryBeforeUnloadCheckSync,DestroyProfileOnBrowserClose,DialMediaRouteProvider,GlobalMediaControls,HttpsUpgrades,LensOverlay,MediaRouter,PaintHolding,ThirdPartyStoragePartitioning,BlockOriginHeaderModificationOnRedirect,Translate,AutoDeElevate,OptimizationHints,msForceBrowserSignIn,msEdgeUpdateLaunchServicesPreferredVersion --enable-features=CDPScreenshotNewSurface --allow-pre-commit-input --disable-hang-monitor --disable-ipc-flooding-protection --disable-popup-blocking --disable-prompt-on-repost --disable-renderer-backgrounding --disable-updater-scheduler --force-color-profile=srgb --metrics-recording-only --no-first-run --password-store=basic --use-mock-keychain --no-service-autorun --export-tagged-pdf --disable-search-engine-choice-screen --unsafely-disable-devtools-self-xss-warnings --edge-skip-compat-layer-relaunch --disable-infobars --disable-search-engine-choice-screen --disable-sync --enable-unsafe-swiftshader --headless --hide-scrollbars --mute-audio --blink-settings=primaryHoverType=2,availableHoverTypes=2,primaryPointerType=4,availablePointerTypes=4 --user-data-dir=/tmp/playwright_chromiumdev_profile-nfiEau --remote-debugging-pipe --no-startup-window
2026-10-06T00:53:56.6730956Z 2026-10-06T00:53:56.672Z pw:browser <launched> pid=2910
2026-10-06T00:53:56.7060745Z 2026-10-06T00:53:56.705Z pw:browser [pid=2910][err] [1006/005356.704728:ERROR:dbus/bus.cc:405] Failed to connect to the bus: Could not parse server address: Unknown address type (examples of valid types are "tcp" and on UNIX "unix")
2026-10-06T00:53:56.7081499Z 2026-10-06T00:53:56.708Z pw:browser [pid=2910][err] Unable to revert mtime: /usr/share/fonts
2026-10-06T00:53:56.7092470Z 2026-10-06T00:53:56.709Z pw:browser [pid=2910][err] Unable to revert mtime: /usr/share/fonts/truetype
2026-10-06T00:53:56.7165190Z 2026-10-06T00:53:56.716Z pw:browser [pid=2910][err] [1006/005356.715338:WARNING:media/gpu/vaapi/vaapi_wrapper.cc:1660] drmGetDevices2() has not found any devices
2026-10-06T00:53:56.7169703Z 2026-10-06T00:53:56.716Z pw:browser [pid=2910][err] [1006/005356.716680:WARNING:sandbox/policy/linux/sandbox_linux.cc:405] InitializeSandbox() called with multiple threads in process gpu-process.
2026-10-06T00:53:56.7198608Z 2026-10-06T00:53:56.719Z pw:browser [pid=2910][err] Unable to revert mtime: /usr/share/fonts/truetype/dejavu
2026-10-06T00:53:56.7405865Z 2026-10-06T00:53:56.740Z pw:browser [pid=2910][err] Unable to revert mtime: /usr/share/fonts/truetype/lato
2026-10-06T00:53:56.7539837Z 2026-10-06T00:53:56.753Z pw:browser [pid=2910][err] Unable to revert mtime: /usr/share/fonts/truetype/liberation
2026-10-06T00:53:56.7596339Z 2026-10-06T00:53:56.759Z pw:browser [pid=2910][err] Unable to revert mtime: /usr/share/fonts/truetype/noto
2026-10-06T00:53:56.7825773Z 2026-10-06T00:53:56.781Z pw:browser [pid=2910][err] [1006/005356.781644:ERROR:dbus/object_proxy.cc:572] Failed to call method: org.freedesktop.DBus.NameHasOwner: object_path= /org/freedesktop/DBus: unknown error type: 
2026-10-06T00:53:56.7828373Z 2026-10-06T00:53:56.782Z pw:browser [pid=2910][err] [1006/005356.782057:ERROR:dbus/bus.cc:405] Failed to connect to the bus: Could not parse server address: Unknown address type (examples of valid types are "tcp" and on UNIX "unix")
2026-10-06T00:53:56.7846639Z 2026-10-06T00:53:56.784Z pw:browser [pid=2910][err] [1006/005356.783875:ERROR:dbus/object_proxy.cc:572] Failed to call method: org.freedesktop.DBus.NameHasOwner: object_path= /org/freedesktop/DBus: unknown error type: 
2026-10-06T00:53:56.9897267Z 2026-10-06T00:53:56.989Z pw:browser [pid=2910][err] [1006/005356.989293:INFO:CONSOLE:934] "[vite] connecting...", source: http://localhost:63315/@vite/client (934)
2026-10-06T00:53:56.9952782Z 2026-10-06T00:53:56.995Z pw:browser [pid=2910][err] [1006/005356.994337:INFO:CONSOLE:1045] "[vite] connected.", source: http://localhost:63315/@vite/client (1045)
2026-10-06T00:53:57.0201405Z 2026-10-06T00:53:57.019Z pw:browser [pid=2910][err] [1006/005357.019221:INFO:CONSOLE:934] "[vite] connecting...", source: http://localhost:63315/@vite/client (934)
2026-10-06T00:53:57.0311375Z 2026-10-06T00:53:57.030Z pw:browser [pid=2910][err] [1006/005357.026503:INFO:CONSOLE:1045] "[vite] connected.", source: http://localhost:63315/@vite/client (1045)
2026-10-06T00:54:27.5807196Z  [31m×[39m [30m[43m chromium [49m[39m parity/emdash/default-seed-setup-runtime/source/packages/admin/tests/components/SetupWizard.test.tsx[2m > [22mSetupWizard[2m > [22mshows site setup step first with title input[33m 15042[2mms[22m[39m
2026-10-06T00:54:27.5808741Z [31m   → Cannot find element with locator: page.getByText('Set up your site')
2026-10-06T00:54:27.5809266Z 
2026-10-06T00:54:27.5809518Z [36m<body>[31m
2026-10-06T00:54:27.5809909Z   [0m
2026-10-06T00:54:27.5810212Z   
2026-10-06T00:54:27.5810395Z 
2026-10-06T00:54:27.5810574Z [0m
2026-10-06T00:54:27.5811163Z   [36m<div>[31m
2026-10-06T00:54:27.5811643Z     [36m<div>[31m
2026-10-06T00:54:27.5812006Z       [90m<!---->[31m
2026-10-06T00:54:27.5812374Z       [36m<main>[31m
2026-10-06T00:54:27.5812724Z         [36m<h1>[31m
2026-10-06T00:54:27.5813119Z           [0mSet up Sveltery CMS[0m
2026-10-06T00:54:27.5813504Z         [36m</h1>[31m
2026-10-06T00:54:27.5813843Z         [0m [0m
2026-10-06T00:54:27.5814185Z         [36m<p>[31m
2026-10-06T00:54:27.5814737Z           [0mCreate the first administrator account and save a passkey to sign in.[0m
2026-10-06T00:54:27.5815260Z         [36m</p>[31m
2026-10-06T00:54:27.5815599Z         [0m [0m
2026-10-06T00:54:27.5815974Z         [36m<noscript />[31m
2026-10-06T00:54:27.5816343Z         [0m [0m
2026-10-06T00:54:27.5816680Z         [36m<form>[31m
2026-10-06T00:54:27.5817041Z           [36m<label[31m
2026-10-06T00:54:27.5817482Z             [33mclass[31m=[32m"svelte-flvp99"[31m
2026-10-06T00:54:27.5817896Z           [36m>[31m
2026-10-06T00:54:27.5818240Z             [0mEmail [0m
2026-10-06T00:54:27.5818607Z             [36m<input[31m
2026-10-06T00:54:27.5819519Z               [33mautocomplete[31m=[32m"email"[31m
2026-10-06T00:54:27.5820015Z               [33mclass[31m=[32m"svelte-flvp99"[31m
2026-10-06T00:54:27.5820485Z               [33mrequired[31m=[32m""[31m
2026-10-06T00:54:27.5820937Z               [33mtype[31m=[32m"email"[31m
2026-10-06T00:54:27.5821341Z             [36m/>[31m
2026-10-06T00:54:27.5821700Z           [36m</label>[31m
2026-10-06T00:54:27.5822057Z           [0m [0m
2026-10-06T00:54:27.5822404Z           [36m<label[31m
2026-10-06T00:54:27.5825011Z             [33mclass[31m=[32m"svelte-flvp99"[31m
2026-10-06T00:54:27.5825351Z           [36m>[31m
2026-10-06T00:54:27.5825693Z             [0mName [0m
2026-10-06T00:54:27.5826034Z             [36m<input[31m
2026-10-06T00:54:27.5826432Z               [33mautocomplete[31m=[32m"name"[31m
2026-10-06T00:54:27.5826887Z               [33mclass[31m=[32m"svelte-flvp99"[31m
2026-10-06T00:54:27.5827311Z               [33mtype[31m=[32m"text"[31m
2026-10-06T00:54:27.5827649Z             [36m/>[31m
2026-10-06T00:54:27.5827970Z           [36m</label>[31m
2026-10-06T00:54:27.5828295Z           [0m [0m
2026-10-06T00:54:27.5828606Z           [36m<button[31m
2026-10-06T00:54:27.5829133Z             [33mclass[31m=[32m"svelte-flvp99"[31m
2026-10-06T00:54:27.5829487Z           [36m>[31m
2026-10-06T00:54:27.5829853Z             [0mCreate administrator and passkey[0m
2026-10-06T00:54:27.5830243Z           [36m</button>[31m
2026-10-06T00:54:27.5830580Z         [36m</form>[31m
2026-10-06T00:54:27.5830883Z         [0m [0m
2026-10-06T00:54:27.5831191Z         [36m<form[31m
2026-10-06T00:54:27.5831566Z           [33maria-hidden[31m=[32m"true"[31m
2026-10-06T00:54:27.5832210Z           [33mfields[31m=[32m"[object Object]"[31m
2026-10-06T00:54:27.5832536Z           [33mhidden[31m=[32m""[31m
2026-10-06T00:54:27.5832832Z           [33mpending[31m=[32m"0"[31m
2026-10-06T00:54:27.5833074Z         [36m>[31m
2026-10-06T00:54:27.5833286Z           [36m<input[31m
2026-10-06T00:54:27.5833595Z             [33mclass[31m=[32m"svelte-flvp99"[31m
2026-10-06T00:54:27.5833944Z             [33mtype[31m=[32m"hidden"[31m
2026-10-06T00:54:27.5834255Z             [33mvalue[31m=[32m""[31m
2026-10-06T00:54:27.5834500Z           [36m/>[31m
2026-10-06T00:54:27.5834720Z         [36m</form>[31m
2026-10-06T00:54:27.5834932Z         [0m [0m
2026-10-06T00:54:27.5835149Z         [90m<!---->[31m
2026-10-06T00:54:27.5835429Z         [0m [0m
2026-10-06T00:54:27.5835771Z         [90m<!---->[31m
2026-10-06T00:54:27.5836000Z         [90m<!---->[31m
2026-10-06T00:54:27.5836216Z         [90m<!---->[31m
2026-10-06T00:54:27.5836435Z       [36m</main>[31m
2026-10-06T00:54:27.5836648Z       [0m[0m
2026-10-06T00:54:27.5836837Z       [0m[0m
2026-10-06T00:54:27.5837031Z     [36m</div>[31m
2026-10-06T00:54:27.5837239Z   [36m</div>[31m
2026-10-06T00:54:27.5837463Z [36m</body>[31m[39m
2026-10-06T00:54:42.6086198Z  [31m×[39m [30m[43m chromium [49m[39m parity/emdash/default-seed-setup-runtime/source/packages/admin/tests/components/SetupWizard.test.tsx[2m > [22mSetupWizard[2m > [22mempty title prevents advancing and shows validation error[33m 14999[2mms[22m[39m
2026-10-06T00:54:42.6087205Z [31m   → Cannot find element with locator: page.getByText('Set up your site')
2026-10-06T00:54:42.6087438Z 
2026-10-06T00:54:42.6087542Z [36m<body>[31m
2026-10-06T00:54:42.6087757Z   [0m
2026-10-06T00:54:42.6087877Z   
2026-10-06T00:54:42.6087935Z 
2026-10-06T00:54:42.6087993Z [0m
2026-10-06T00:54:42.6088116Z   [36m<div>[31m
2026-10-06T00:54:42.6088291Z     [36m<div>[31m
2026-10-06T00:54:42.6088429Z       [90m<!---->[31m
2026-10-06T00:54:42.6088568Z       [36m<main>[31m
2026-10-06T00:54:42.6088721Z         [36m<h1>[31m
2026-10-06T00:54:42.6089044Z           [0mSet up Sveltery CMS[0m
2026-10-06T00:54:42.6089216Z         [36m</h1>[31m
2026-10-06T00:54:42.6089446Z         [0m [0m
2026-10-06T00:54:42.6089647Z         [36m<p>[31m
2026-10-06T00:54:42.6090045Z           [0mCreate the first administrator account and save a passkey to sign in.[0m
2026-10-06T00:54:42.6090404Z         [36m</p>[31m
2026-10-06T00:54:42.6090607Z         [0m [0m
2026-10-06T00:54:42.6090760Z         [36m<noscript />[31m
2026-10-06T00:54:42.6090911Z         [0m [0m
2026-10-06T00:54:42.6091046Z         [36m<form>[31m
2026-10-06T00:54:42.6091191Z           [36m<label[31m
2026-10-06T00:54:42.6091453Z             [33mclass[31m=[32m"svelte-flvp99"[31m
2026-10-06T00:54:42.6091668Z           [36m>[31m
2026-10-06T00:54:42.6092019Z             [0mEmail [0m
2026-10-06T00:54:42.6092240Z             [36m<input[31m
2026-10-06T00:54:42.6092545Z               [33mautocomplete[31m=[32m"email"[31m
2026-10-06T00:54:42.6092878Z               [33mclass[31m=[32m"svelte-flvp99"[31m
2026-10-06T00:54:42.6093201Z               [33mrequired[31m=[32m""[31m
2026-10-06T00:54:42.6093505Z               [33mtype[31m=[32m"email"[31m
2026-10-06T00:54:42.6093758Z             [36m/>[31m
2026-10-06T00:54:42.6093974Z           [36m</label>[31m
2026-10-06T00:54:42.6094183Z           [0m [0m
2026-10-06T00:54:42.6094383Z           [36m<label[31m
2026-10-06T00:54:42.6094652Z             [33mclass[31m=[32m"svelte-flvp99"[31m
2026-10-06T00:54:42.6094915Z           [36m>[31m
2026-10-06T00:54:42.6095130Z             [0mName [0m
2026-10-06T00:54:42.6095342Z             [36m<input[31m
2026-10-06T00:54:42.6095619Z               [33mautocomplete[31m=[32m"name"[31m
2026-10-06T00:54:42.6095910Z               [33mclass[31m=[32m"svelte-flvp99"[31m
2026-10-06T00:54:42.6096114Z               [33mtype[31m=[32m"text"[31m
2026-10-06T00:54:42.6096280Z             [36m/>[31m
2026-10-06T00:54:42.6096530Z           [36m</label>[31m
2026-10-06T00:54:42.6096674Z           [0m [0m
2026-10-06T00:54:42.6096810Z           [36m<button[31m
2026-10-06T00:54:42.6096996Z             [33mclass[31m=[32m"svelte-flvp99"[31m
2026-10-06T00:54:42.6097167Z           [36m>[31m
2026-10-06T00:54:42.6097344Z             [0mCreate administrator and passkey[0m
2026-10-06T00:54:42.6097525Z           [36m</button>[31m
2026-10-06T00:54:42.6097681Z         [36m</form>[31m
2026-10-06T00:54:42.6097817Z         [0m [0m
2026-10-06T00:54:42.6097948Z         [36m<form[31m
2026-10-06T00:54:42.6098125Z           [33maria-hidden[31m=[32m"true"[31m
2026-10-06T00:54:42.6098340Z           [33mfields[31m=[32m"[object Object]"[31m
2026-10-06T00:54:42.6098537Z           [33mhidden[31m=[32m""[31m
2026-10-06T00:54:42.6098729Z           [33mpending[31m=[32m"0"[31m
2026-10-06T00:54:42.6099054Z         [36m>[31m
2026-10-06T00:54:42.6099262Z           [36m<input[31m
2026-10-06T00:54:42.6099559Z             [33mclass[31m=[32m"svelte-flvp99"[31m
2026-10-06T00:54:42.6099886Z             [33mtype[31m=[32m"hidden"[31m
2026-10-06T00:54:42.6100187Z             [33mvalue[31m=[32m""[31m
2026-10-06T00:54:42.6100487Z           [36m/>[31m
2026-10-06T00:54:42.6100713Z         [36m</form>[31m
2026-10-06T00:54:42.6100936Z         [0m [0m
2026-10-06T00:54:42.6101144Z         [90m<!---->[31m
2026-10-06T00:54:42.6101355Z         [0m [0m
2026-10-06T00:54:42.6101560Z         [90m<!---->[31m
2026-10-06T00:54:42.6101779Z         [90m<!---->[31m
2026-10-06T00:54:42.6101996Z         [90m<!---->[31m
2026-10-06T00:54:42.6102219Z       [36m</main>[31m
2026-10-06T00:54:42.6102434Z       [0m[0m
2026-10-06T00:54:42.6102626Z       [0m[0m
2026-10-06T00:54:42.6102831Z     [36m</div>[31m
2026-10-06T00:54:42.6103041Z   [36m</div>[31m
2026-10-06T00:54:42.6103271Z [36m</body>[31m[39m
2026-10-06T00:54:57.5956543Z  [31m×[39m [30m[43m chromium [49m[39m parity/emdash/default-seed-setup-runtime/source/packages/admin/tests/components/SetupWizard.test.tsx[2m > [22mSetupWizard[2m > [22mfilling title and clicking Next advances to admin step[33m 15027[2mms[22m[39m
2026-10-06T00:54:57.5957729Z [31m   → Cannot find element with locator: page.getByText('Set up your site')
2026-10-06T00:54:57.5957984Z 
2026-10-06T00:54:57.5958081Z [36m<body>[31m
2026-10-06T00:54:57.5958272Z   [0m
2026-10-06T00:54:57.5958429Z   
2026-10-06T00:54:57.5958515Z 
2026-10-06T00:54:57.5958598Z [0m
2026-10-06T00:54:57.5958786Z   [36m<div>[31m
2026-10-06T00:54:57.5959102Z     [36m<div>[31m
2026-10-06T00:54:57.5959304Z       [90m<!---->[31m
2026-10-06T00:54:57.5959514Z       [36m<main>[31m
2026-10-06T00:54:57.5959733Z         [36m<h1>[31m
2026-10-06T00:54:57.5959980Z           [0mSet up Sveltery CMS[0m
2026-10-06T00:54:57.5960227Z         [36m</h1>[31m
2026-10-06T00:54:57.5960710Z         [0m [0m
2026-10-06T00:54:57.5960847Z         [36m<p>[31m
2026-10-06T00:54:57.5961110Z           [0mCreate the first administrator account and save a passkey to sign in.[0m
2026-10-06T00:54:57.5961352Z         [36m</p>[31m
2026-10-06T00:54:57.5961486Z         [0m [0m
2026-10-06T00:54:57.5961634Z         [36m<noscript />[31m
2026-10-06T00:54:57.5961781Z         [0m [0m
2026-10-06T00:54:57.5961915Z         [36m<form>[31m
2026-10-06T00:54:57.5962060Z           [36m<label[31m
2026-10-06T00:54:57.5962251Z             [33mclass[31m=[32m"svelte-flvp99"[31m
2026-10-06T00:54:57.5962431Z           [36m>[31m
2026-10-06T00:54:57.5962566Z             [0mEmail [0m
2026-10-06T00:54:57.5962715Z             [36m<input[31m
2026-10-06T00:54:57.5962910Z               [33mautocomplete[31m=[32m"email"[31m
2026-10-06T00:54:57.5963126Z               [33mclass[31m=[32m"svelte-flvp99"[31m
2026-10-06T00:54:57.5963332Z               [33mrequired[31m=[32m""[31m
2026-10-06T00:54:57.5963532Z               [33mtype[31m=[32m"email"[31m
2026-10-06T00:54:57.5963705Z             [36m/>[31m
2026-10-06T00:54:57.5963930Z           [36m</label>[31m
2026-10-06T00:54:57.5964073Z           [0m [0m
2026-10-06T00:54:57.5964211Z           [36m<label[31m
2026-10-06T00:54:57.5964390Z             [33mclass[31m=[32m"svelte-flvp99"[31m
2026-10-06T00:54:57.5964561Z           [36m>[31m
2026-10-06T00:54:57.5964702Z             [0mName [0m
2026-10-06T00:54:57.5964846Z             [36m<input[31m
2026-10-06T00:54:57.5965027Z               [33mautocomplete[31m=[32m"name"[31m
2026-10-06T00:54:57.5965245Z               [33mclass[31m=[32m"svelte-flvp99"[31m
2026-10-06T00:54:57.5965446Z               [33mtype[31m=[32m"text"[31m
2026-10-06T00:54:57.5965612Z             [36m/>[31m
2026-10-06T00:54:57.5965758Z           [36m</label>[31m
2026-10-06T00:54:57.5965898Z           [0m [0m
2026-10-06T00:54:57.5966034Z           [36m<button[31m
2026-10-06T00:54:57.5966219Z             [33mclass[31m=[32m"svelte-flvp99"[31m
2026-10-06T00:54:57.5966390Z           [36m>[31m
2026-10-06T00:54:57.5966565Z             [0mCreate administrator and passkey[0m
2026-10-06T00:54:57.5966750Z           [36m</button>[31m
2026-10-06T00:54:57.5966901Z         [36m</form>[31m
2026-10-06T00:54:57.5967036Z         [0m [0m
2026-10-06T00:54:57.5967165Z         [36m<form[31m
2026-10-06T00:54:57.5967336Z           [33maria-hidden[31m=[32m"true"[31m
2026-10-06T00:54:57.5967547Z           [33mfields[31m=[32m"[object Object]"[31m
2026-10-06T00:54:57.5967741Z           [33mhidden[31m=[32m""[31m
2026-10-06T00:54:57.5967932Z           [33mpending[31m=[32m"0"[31m
2026-10-06T00:54:57.5968173Z         [36m>[31m
2026-10-06T00:54:57.5968377Z           [36m<input[31m
2026-10-06T00:54:57.5968729Z             [33mclass[31m=[32m"svelte-flvp99"[31m
2026-10-06T00:54:57.5969242Z             [33mtype[31m=[32m"hidden"[31m
2026-10-06T00:54:57.5969595Z             [33mvalue[31m=[32m""[31m
2026-10-06T00:54:57.5969932Z           [36m/>[31m
2026-10-06T00:54:57.5970220Z         [36m</form>[31m
2026-10-06T00:54:57.5970499Z         [0m [0m
2026-10-06T00:54:57.5970754Z         [90m<!---->[31m
2026-10-06T00:54:57.5971041Z         [0m [0m
2026-10-06T00:54:57.5971296Z         [90m<!---->[31m
2026-10-06T00:54:57.5971552Z         [90m<!---->[31m
2026-10-06T00:54:57.5971843Z         [90m<!---->[31m
2026-10-06T00:54:57.6017235Z       [36m</main>[31m
2026-10-06T00:54:57.6017483Z       [0m[0m
2026-10-06T00:54:57.6017672Z       [0m[0m
2026-10-06T00:54:57.6017871Z     [36m</div>[31m
2026-10-06T00:54:57.6018085Z   [36m</div>[31m
2026-10-06T00:54:57.6018306Z [36m</body>[31m[39m
2026-10-06T00:54:57.7118043Z  [31m×[39m [30m[43m chromium [49m[39m parity/emdash/default-seed-setup-runtime/source/packages/admin/tests/components/SetupWizard.test.tsx[2m > [22mSetupWizard[2m > [22mdoes not present media usage tracking as an onboarding choice[33m 15000[2mms[22m[39m
2026-10-06T00:54:57.7119763Z [31m   → Cannot find element with locator: page.getByText('Set up your site')
2026-10-06T00:54:57.7119949Z 
2026-10-06T00:54:57.7120044Z [36m<body>[31m
2026-10-06T00:54:57.7120180Z   [0m
2026-10-06T00:54:57.7120294Z   
2026-10-06T00:54:57.7120356Z 
2026-10-06T00:54:57.7120410Z [0m
2026-10-06T00:54:57.7120537Z   [36m<div>[31m
2026-10-06T00:54:57.7120673Z     [36m<div>[31m
2026-10-06T00:54:57.7120812Z       [90m<!---->[31m
2026-10-06T00:54:57.7120960Z       [36m<main>[31m
2026-10-06T00:54:57.7121100Z         [36m<h1>[31m
2026-10-06T00:54:57.7121267Z           [0mSet up Sveltery CMS[0m
2026-10-06T00:54:57.7121441Z         [36m</h1>[31m
2026-10-06T00:54:57.7121577Z         [0m [0m
2026-10-06T00:54:57.7121710Z         [36m<p>[31m
2026-10-06T00:54:57.7121971Z           [0mCreate the first administrator account and save a passkey to sign in.[0m
2026-10-06T00:54:57.7122218Z         [36m</p>[31m
2026-10-06T00:54:57.7122355Z         [0m [0m
2026-10-06T00:54:57.7122516Z         [36m<noscript />[31m
2026-10-06T00:54:57.7122671Z         [0m [0m
2026-10-06T00:54:57.7122805Z         [36m<form>[31m
2026-10-06T00:54:57.7123036Z           [36m<label[31m
2026-10-06T00:54:57.7123234Z             [33mclass[31m=[32m"svelte-flvp99"[31m
2026-10-06T00:54:57.7123413Z           [36m>[31m
2026-10-06T00:54:57.7123553Z             [0mEmail [0m
2026-10-06T00:54:57.7123709Z             [36m<input[31m
2026-10-06T00:54:57.7123905Z               [33mautocomplete[31m=[32m"email"[31m
2026-10-06T00:54:57.7124138Z               [33mclass[31m=[32m"svelte-flvp99"[31m
2026-10-06T00:54:57.7124344Z               [33mrequired[31m=[32m""[31m
2026-10-06T00:54:57.7124539Z               [33mtype[31m=[32m"email"[31m
2026-10-06T00:54:57.7124712Z             [36m/>[31m
2026-10-06T00:54:57.7124858Z           [36m</label>[31m
2026-10-06T00:54:57.7125001Z           [0m [0m
2026-10-06T00:54:57.7125137Z           [36m<label[31m
2026-10-06T00:54:57.7125321Z             [33mclass[31m=[32m"svelte-flvp99"[31m
2026-10-06T00:54:57.7125492Z           [36m>[31m
2026-10-06T00:54:57.7125630Z             [0mName [0m
2026-10-06T00:54:57.7125786Z             [36m<input[31m
2026-10-06T00:54:57.7125969Z               [33mautocomplete[31m=[32m"name"[31m
2026-10-06T00:54:57.7126182Z               [33mclass[31m=[32m"svelte-flvp99"[31m
2026-10-06T00:54:57.7126386Z               [33mtype[31m=[32m"text"[31m
2026-10-06T00:54:57.7126551Z             [36m/>[31m
2026-10-06T00:54:57.7126696Z           [36m</label>[31m
2026-10-06T00:54:57.7126840Z           [0m [0m
2026-10-06T00:54:57.7126973Z           [36m<button[31m
2026-10-06T00:54:57.7127158Z             [33mclass[31m=[32m"svelte-flvp99"[31m
2026-10-06T00:54:57.7127331Z           [36m>[31m
2026-10-06T00:54:57.7127506Z             [0mCreate administrator and passkey[0m
2026-10-06T00:54:57.7127686Z           [36m</button>[31m
2026-10-06T00:54:57.7127841Z         [36m</form>[31m
2026-10-06T00:54:57.7127976Z         [0m [0m
2026-10-06T00:54:57.7128113Z         [36m<form[31m
2026-10-06T00:54:57.7128283Z           [33maria-hidden[31m=[32m"true"[31m
2026-10-06T00:54:57.7128502Z           [33mfields[31m=[32m"[object Object]"[31m
2026-10-06T00:54:57.7128727Z           [33mhidden[31m=[32m""[31m
2026-10-06T00:54:57.7129100Z           [33mpending[31m=[32m"0"[31m
2026-10-06T00:54:57.7129341Z         [36m>[31m
2026-10-06T00:54:57.7129545Z           [36m<input[31m
2026-10-06T00:54:57.7129728Z             [33mclass[31m=[32m"svelte-flvp99"[31m
2026-10-06T00:54:57.7129958Z             [33mtype[31m=[32m"hidden"[31m
2026-10-06T00:54:57.7130145Z             [33mvalue[31m=[32m""[31m
2026-10-06T00:54:57.7130305Z           [36m/>[31m
2026-10-06T00:54:57.7130443Z         [36m</form>[31m
2026-10-06T00:54:57.7130578Z         [0m [0m
2026-10-06T00:54:57.7130714Z         [90m<!---->[31m
2026-10-06T00:54:57.7130847Z         [0m [0m
2026-10-06T00:54:57.7130976Z         [90m<!---->[31m
2026-10-06T00:54:57.7131165Z         [90m<!---->[31m
2026-10-06T00:54:57.7131305Z         [90m<!---->[31m
2026-10-06T00:54:57.7131443Z       [36m</main>[31m
2026-10-06T00:54:57.7131583Z       [0m[0m
2026-10-06T00:54:57.7131704Z       [0m[0m
2026-10-06T00:54:57.7131828Z     [36m</div>[31m
2026-10-06T00:54:57.7131959Z   [36m</div>[31m
2026-10-06T00:54:57.7132099Z [36m</body>[31m[39m
2026-10-06T00:55:12.6906088Z  [31m×[39m [30m[43m chromium [49m[39m parity/emdash/default-seed-setup-runtime/source/packages/admin/tests/components/SetupWizard.test.tsx[2m > [22mSetupWizard[2m > [22madmin step shows email input[33m 14979[2mms[22m[39m
2026-10-06T00:55:12.6906980Z [31m   → Cannot find element with locator: page.getByText('Set up your site')
2026-10-06T00:55:12.6907202Z 
2026-10-06T00:55:12.6907312Z [36m<body>[31m
2026-10-06T00:55:12.6907486Z   [0m
2026-10-06T00:55:12.6907598Z   
2026-10-06T00:55:12.6907658Z 
2026-10-06T00:55:12.6907715Z [0m
2026-10-06T00:55:12.6907839Z   [36m<div>[31m
2026-10-06T00:55:12.6908007Z     [36m<div>[31m
2026-10-06T00:55:12.6908147Z       [90m<!---->[31m
2026-10-06T00:55:12.6908287Z       [36m<main>[31m
2026-10-06T00:55:12.6908685Z         [36m<h1>[31m
2026-10-06T00:55:12.6908986Z           [0mSet up Sveltery CMS[0m
2026-10-06T00:55:12.6909185Z         [36m</h1>[31m
2026-10-06T00:55:12.6909394Z         [0m [0m
2026-10-06T00:55:12.6909568Z         [36m<p>[31m
2026-10-06T00:55:12.6909947Z           [0mCreate the first administrator account and save a passkey to sign in.[0m
2026-10-06T00:55:12.6910186Z         [36m</p>[31m
2026-10-06T00:55:12.6910318Z         [0m [0m
2026-10-06T00:55:12.6910470Z         [36m<noscript />[31m
2026-10-06T00:55:12.6910616Z         [0m [0m
2026-10-06T00:55:12.6910749Z         [36m<form>[31m
2026-10-06T00:55:12.6910896Z           [36m<label[31m
2026-10-06T00:55:12.6911087Z             [33mclass[31m=[32m"svelte-flvp99"[31m
2026-10-06T00:55:12.6911265Z           [36m>[31m
2026-10-06T00:55:12.6911402Z             [0mEmail [0m
2026-10-06T00:55:12.6911615Z             [36m<input[31m
2026-10-06T00:55:12.6911806Z               [33mautocomplete[31m=[32m"email"[31m
2026-10-06T00:55:12.6912031Z               [33mclass[31m=[32m"svelte-flvp99"[31m
2026-10-06T00:55:12.6912240Z               [33mrequired[31m=[32m""[31m
2026-10-06T00:55:12.6912439Z               [33mtype[31m=[32m"email"[31m
2026-10-06T00:55:12.6912608Z             [36m/>[31m
2026-10-06T00:55:12.6912756Z           [36m</label>[31m
2026-10-06T00:55:12.6912902Z           [0m [0m
2026-10-06T00:55:12.6913036Z           [36m<label[31m
2026-10-06T00:55:12.6913221Z             [33mclass[31m=[32m"svelte-flvp99"[31m
2026-10-06T00:55:12.6913394Z           [36m>[31m
2026-10-06T00:55:12.6913529Z             [0mName [0m
2026-10-06T00:55:12.6913675Z             [36m<input[31m
2026-10-06T00:55:12.6913861Z               [33mautocomplete[31m=[32m"name"[31m
2026-10-06T00:55:12.6914073Z               [33mclass[31m=[32m"svelte-flvp99"[31m
2026-10-06T00:55:12.6914277Z               [33mtype[31m=[32m"text"[31m
2026-10-06T00:55:12.6914446Z             [36m/>[31m
2026-10-06T00:55:12.6914591Z           [36m</label>[31m
2026-10-06T00:55:12.6914734Z           [0m [0m
2026-10-06T00:55:12.6914872Z           [36m<button[31m
2026-10-06T00:55:12.6915055Z             [33mclass[31m=[32m"svelte-flvp99"[31m
2026-10-06T00:55:12.6915224Z           [36m>[31m
2026-10-06T00:55:12.6915402Z             [0mCreate administrator and passkey[0m
2026-10-06T00:55:12.6915583Z           [36m</button>[31m
2026-10-06T00:55:12.6915732Z         [36m</form>[31m
2026-10-06T00:55:12.6915871Z         [0m [0m
2026-10-06T00:55:12.6916002Z         [36m<form[31m
2026-10-06T00:55:12.6916172Z           [33maria-hidden[31m=[32m"true"[31m
2026-10-06T00:55:12.6916385Z           [33mfields[31m=[32m"[object Object]"[31m
2026-10-06T00:55:12.6916583Z           [33mhidden[31m=[32m""[31m
2026-10-06T00:55:12.6916769Z           [33mpending[31m=[32m"0"[31m
2026-10-06T00:55:12.6917021Z         [36m>[31m
2026-10-06T00:55:12.6917159Z           [36m<input[31m
2026-10-06T00:55:12.6917339Z             [33mclass[31m=[32m"svelte-flvp99"[31m
2026-10-06T00:55:12.6917545Z             [33mtype[31m=[32m"hidden"[31m
2026-10-06T00:55:12.6917734Z             [33mvalue[31m=[32m""[31m
2026-10-06T00:55:12.6917891Z           [36m/>[31m
2026-10-06T00:55:12.6918029Z         [36m</form>[31m
2026-10-06T00:55:12.6918166Z         [0m [0m
2026-10-06T00:55:12.6918296Z         [90m<!---->[31m
2026-10-06T00:55:12.6918429Z         [0m [0m
2026-10-06T00:55:12.6918558Z         [90m<!---->[31m
2026-10-06T00:55:12.6918699Z         [90m<!---->[31m
2026-10-06T00:55:12.6918963Z         [90m<!---->[31m
2026-10-06T00:55:12.6919106Z       [36m</main>[31m
2026-10-06T00:55:12.6919297Z       [0m[0m
2026-10-06T00:55:12.6919420Z       [0m[0m
2026-10-06T00:55:12.6919546Z     [36m</div>[31m
2026-10-06T00:55:12.6919682Z   [36m</div>[31m
2026-10-06T00:55:12.6919824Z [36m</body>[31m[39m
2026-10-06T00:55:42.6602748Z  [31m×[39m [30m[43m chromium [49m[39m parity/emdash/default-seed-setup-runtime/source/packages/admin/tests/components/SetupWizard.test.tsx[2m > [22mSetupWizard[2m > [22mempty email prevents advancing on admin step[33m 15033[2mms[22m[39m
2026-10-06T00:55:42.6604487Z [31m   → Cannot find element with locator: page.getByText('Set up your site')
2026-10-06T00:55:42.6604747Z 
2026-10-06T00:55:42.6604853Z [36m<body>[31m
2026-10-06T00:55:42.6605046Z   [0m
2026-10-06T00:55:42.6605210Z   
2026-10-06T00:55:42.6605299Z 
2026-10-06T00:55:42.6605384Z [0m
2026-10-06T00:55:42.6605560Z   [36m<div>[31m
2026-10-06T00:55:42.6605760Z     [36m<div>[31m
2026-10-06T00:55:42.6605966Z       [90m<!---->[31m
2026-10-06T00:55:42.6606184Z       [36m<main>[31m
2026-10-06T00:55:42.6606399Z         [36m<h1>[31m
2026-10-06T00:55:42.6606659Z           [0mSet up Sveltery CMS[0m
2026-10-06T00:55:42.6606920Z         [36m</h1>[31m
2026-10-06T00:55:42.6607092Z         [0m [0m
2026-10-06T00:55:42.6607320Z         [36m<p>[31m
2026-10-06T00:55:42.6607714Z           [0mCreate the first administrator account and save a passkey to sign in.[0m
2026-10-06T00:55:42.6608081Z         [36m</p>[31m
2026-10-06T00:55:42.6608275Z         [0m [0m
2026-10-06T00:55:42.6608495Z         [36m<noscript />[31m
2026-10-06T00:55:42.6608727Z         [0m [0m
2026-10-06T00:55:42.6609210Z         [36m<form>[31m
2026-10-06T00:55:42.6609436Z           [36m<label[31m
2026-10-06T00:55:42.6609734Z             [33mclass[31m=[32m"svelte-flvp99"[31m
2026-10-06T00:55:42.6609998Z           [36m>[31m
2026-10-06T00:55:42.6610204Z             [0mEmail [0m
2026-10-06T00:55:42.6610431Z             [36m<input[31m
2026-10-06T00:55:42.6610726Z               [33mautocomplete[31m=[32m"email"[31m
2026-10-06T00:55:42.6611066Z               [33mclass[31m=[32m"svelte-flvp99"[31m
2026-10-06T00:55:42.6611377Z               [33mrequired[31m=[32m""[31m
2026-10-06T00:55:42.6611684Z               [33mtype[31m=[32m"email"[31m
2026-10-06T00:55:42.6611934Z             [36m/>[31m
2026-10-06T00:55:42.6612151Z           [36m</label>[31m
2026-10-06T00:55:42.6612369Z           [0m [0m
2026-10-06T00:55:42.6612572Z           [36m<label[31m
2026-10-06T00:55:42.6612852Z             [33mclass[31m=[32m"svelte-flvp99"[31m
2026-10-06T00:55:42.6613123Z           [36m>[31m
2026-10-06T00:55:42.6613341Z             [0mName [0m
2026-10-06T00:55:42.6613574Z             [36m<input[31m
2026-10-06T00:55:42.6613883Z               [33mautocomplete[31m=[32m"name"[31m
2026-10-06T00:55:42.6614218Z               [33mclass[31m=[32m"svelte-flvp99"[31m
2026-10-06T00:55:42.6614529Z               [33mtype[31m=[32m"text"[31m
2026-10-06T00:55:42.6614786Z             [36m/>[31m
2026-10-06T00:55:42.6615008Z           [36m</label>[31m
2026-10-06T00:55:42.6615226Z           [0m [0m
2026-10-06T00:55:42.6615428Z           [36m<button[31m
2026-10-06T00:55:42.6615939Z             [33mclass[31m=[32m"svelte-flvp99"[31m
2026-10-06T00:55:42.6616210Z           [36m>[31m
2026-10-06T00:55:42.6616478Z             [0mCreate administrator and passkey[0m
2026-10-06T00:55:42.6616761Z           [36m</button>[31m
2026-10-06T00:55:42.6616991Z         [36m</form>[31m
2026-10-06T00:55:42.6617198Z         [0m [0m
2026-10-06T00:55:42.6617397Z         [36m<form[31m
2026-10-06T00:55:42.6617663Z           [33maria-hidden[31m=[32m"true"[31m
2026-10-06T00:55:42.6617984Z           [33mfields[31m=[32m"[object Object]"[31m
2026-10-06T00:55:42.6618290Z           [33mhidden[31m=[32m""[31m
2026-10-06T00:55:42.6618583Z           [33mpending[31m=[32m"0"[31m
2026-10-06T00:55:42.6618972Z         [36m>[31m
2026-10-06T00:55:42.6619175Z           [36m<input[31m
2026-10-06T00:55:42.6619461Z             [33mclass[31m=[32m"svelte-flvp99"[31m
2026-10-06T00:55:42.6619769Z             [33mtype[31m=[32m"hidden"[31m
2026-10-06T00:55:42.6620054Z             [33mvalue[31m=[32m""[31m
2026-10-06T00:55:42.6620298Z           [36m/>[31m
2026-10-06T00:55:42.6620506Z         [36m</form>[31m
2026-10-06T00:55:42.6620713Z         [0m [0m
2026-10-06T00:55:42.6621009Z         [90m<!---->[31m
2026-10-06T00:55:42.6621220Z         [0m [0m
2026-10-06T00:55:42.6621428Z         [90m<!---->[31m
2026-10-06T00:55:42.6621648Z         [90m<!---->[31m
2026-10-06T00:55:42.6621856Z         [90m<!---->[31m
2026-10-06T00:55:42.6622066Z       [36m</main>[31m
2026-10-06T00:55:42.6622270Z       [0m[0m
2026-10-06T00:55:42.6622449Z       [0m[0m
2026-10-06T00:55:42.6622638Z     [36m</div>[31m
2026-10-06T00:55:42.6622837Z   [36m</div>[31m
2026-10-06T00:55:42.6623049Z [36m</body>[31m[39m
2026-10-06T00:55:57.6882821Z  [31m×[39m [30m[43m chromium [49m[39m parity/emdash/default-seed-setup-runtime/source/packages/admin/tests/components/SetupWizard.test.tsx[2m > [22mSetupWizard[2m > [22mstep indicator shows three steps[33m 15045[2mms[22m[39m
2026-10-06T00:55:57.6884066Z [31m   → Cannot find element with locator: page.getByText('Set up your site')
2026-10-06T00:55:57.6884483Z 
2026-10-06T00:55:57.6885225Z [36m<body>[31m
2026-10-06T00:55:57.6885550Z   [0m
2026-10-06T00:55:57.6885970Z   
2026-10-06T00:55:57.6886088Z 
2026-10-06T00:55:57.6886255Z [0m
2026-10-06T00:55:57.6886453Z   [36m<div>[31m
2026-10-06T00:55:57.6886666Z     [36m<div>[31m
2026-10-06T00:55:57.6886883Z       [90m<!---->[31m
2026-10-06T00:55:57.6887101Z       [36m<main>[31m
2026-10-06T00:55:57.6887301Z         [36m<h1>[31m
2026-10-06T00:55:57.6887566Z           [0mSet up Sveltery CMS[0m
2026-10-06T00:55:57.6887821Z         [36m</h1>[31m
2026-10-06T00:55:57.6888028Z         [0m [0m
2026-10-06T00:55:57.6888232Z         [36m<p>[31m
2026-10-06T00:55:57.6888627Z           [0mCreate the first administrator account and save a passkey to sign in.[0m
2026-10-06T00:55:57.6889111Z         [36m</p>[31m
2026-10-06T00:55:57.6889303Z         [0m [0m
2026-10-06T00:55:57.6889517Z         [36m<noscript />[31m
2026-10-06T00:55:57.6889739Z         [0m [0m
2026-10-06T00:55:57.6889927Z         [36m<form>[31m
2026-10-06T00:55:57.6890136Z           [36m<label[31m
2026-10-06T00:55:57.6890424Z             [33mclass[31m=[32m"svelte-flvp99"[31m
2026-10-06T00:55:57.6890681Z           [36m>[31m
2026-10-06T00:55:57.6890882Z             [0mEmail [0m
2026-10-06T00:55:57.6891106Z             [36m<input[31m
2026-10-06T00:55:57.6891399Z               [33mautocomplete[31m=[32m"email"[31m
2026-10-06T00:55:57.6891737Z               [33mclass[31m=[32m"svelte-flvp99"[31m
2026-10-06T00:55:57.6892019Z               [33mrequired[31m=[32m""[31m
2026-10-06T00:55:57.6892274Z               [33mtype[31m=[32m"email"[31m
2026-10-06T00:55:57.6892445Z             [36m/>[31m
2026-10-06T00:55:57.6892591Z           [36m</label>[31m
2026-10-06T00:55:57.6892733Z           [0m [0m
2026-10-06T00:55:57.6892885Z           [36m<label[31m
2026-10-06T00:55:57.6893065Z             [33mclass[31m=[32m"svelte-flvp99"[31m
2026-10-06T00:55:57.6894610Z           [36m>[31m
2026-10-06T00:55:57.6894933Z             [0mName [0m
2026-10-06T00:55:57.6895184Z             [36m<input[31m
2026-10-06T00:55:57.6895563Z               [33mautocomplete[31m=[32m"name"[31m
2026-10-06T00:55:57.6895922Z               [33mclass[31m=[32m"svelte-flvp99"[31m
2026-10-06T00:55:57.6896252Z               [33mtype[31m=[32m"text"[31m
2026-10-06T00:55:57.6896516Z             [36m/>[31m
2026-10-06T00:55:57.6896746Z           [36m</label>[31m
2026-10-06T00:55:57.6896977Z           [0m [0m
2026-10-06T00:55:57.6897177Z           [36m<button[31m
2026-10-06T00:55:57.6897472Z             [33mclass[31m=[32m"svelte-flvp99"[31m
2026-10-06T00:55:57.6897748Z           [36m>[31m
2026-10-06T00:55:57.6898032Z             [0mCreate administrator and passkey[0m
2026-10-06T00:55:57.6898330Z           [36m</button>[31m
2026-10-06T00:55:57.6898574Z         [36m</form>[31m
2026-10-06T00:55:57.6898780Z         [0m [0m
2026-10-06T00:55:57.6899134Z         [36m<form[31m
2026-10-06T00:55:57.6899415Z           [33maria-hidden[31m=[32m"true"[31m
2026-10-06T00:55:57.6899755Z           [33mfields[31m=[32m"[object Object]"[31m
2026-10-06T00:55:57.6900227Z           [33mhidden[31m=[32m""[31m
2026-10-06T00:55:57.6900504Z           [33mpending[31m=[32m"0"[31m
2026-10-06T00:55:57.6900743Z         [36m>[31m
2026-10-06T00:55:57.6900949Z           [36m<input[31m
2026-10-06T00:55:57.6901247Z             [33mclass[31m=[32m"svelte-flvp99"[31m
2026-10-06T00:55:57.6901554Z             [33mtype[31m=[32m"hidden"[31m
2026-10-06T00:55:57.6901860Z             [33mvalue[31m=[32m""[31m
2026-10-06T00:55:57.6902117Z           [36m/>[31m
2026-10-06T00:55:57.6902343Z         [36m</form>[31m
2026-10-06T00:55:57.6902551Z         [0m [0m
2026-10-06T00:55:57.6902750Z         [90m<!---->[31m
2026-10-06T00:55:57.6902960Z         [0m [0m
2026-10-06T00:55:57.6903165Z         [90m<!---->[31m
2026-10-06T00:55:57.6903382Z         [90m<!---->[31m
2026-10-06T00:55:57.6903589Z         [90m<!---->[31m
2026-10-06T00:55:57.6903822Z       [36m</main>[31m
2026-10-06T00:55:57.6904032Z       [0m[0m
2026-10-06T00:55:57.6904233Z       [0m[0m
2026-10-06T00:55:57.6904431Z     [36m</div>[31m
2026-10-06T00:55:57.6906237Z   [36m</div>[31m
2026-10-06T00:55:57.6906456Z [36m</body>[31m[39m
2026-10-06T00:56:12.7056850Z  [31m×[39m [30m[43m chromium [49m[39m parity/emdash/default-seed-setup-runtime/source/packages/admin/tests/components/SetupWizard.test.tsx[2m > [22mSetupWizard[2m > [22mprefills title and tagline from seedInfo[33m 15024[2mms[22m[39m
2026-10-06T00:56:12.7058069Z [31m   → Cannot find element with locator: page.getByText('Set up your site')
2026-10-06T00:56:12.7058328Z 
2026-10-06T00:56:12.7058432Z [36m<body>[31m
2026-10-06T00:56:12.7058627Z   [0m
2026-10-06T00:56:12.7058789Z   
2026-10-06T00:56:12.7059027Z 
2026-10-06T00:56:12.7059109Z [0m
2026-10-06T00:56:12.7059285Z   [36m<div>[31m
2026-10-06T00:56:12.7059487Z     [36m<div>[31m
2026-10-06T00:56:12.7059729Z       [90m<!---->[31m
2026-10-06T00:56:12.7059945Z       [36m<main>[31m
2026-10-06T00:56:12.7060152Z         [36m<h1>[31m
2026-10-06T00:56:12.7060421Z           [0mSet up Sveltery CMS[0m
2026-10-06T00:56:12.7060674Z         [36m</h1>[31m
2026-10-06T00:56:12.7060874Z         [0m [0m
2026-10-06T00:56:12.7061064Z         [36m<p>[31m
2026-10-06T00:56:12.7061453Z           [0mCreate the first administrator account and save a passkey to sign in.[0m
2026-10-06T00:56:12.7061806Z         [36m</p>[31m
2026-10-06T00:56:12.7062003Z         [0m [0m
2026-10-06T00:56:12.7062271Z         [36m<noscript />[31m
2026-10-06T00:56:12.7062492Z         [0m [0m
2026-10-06T00:56:12.7062694Z         [36m<form>[31m
2026-10-06T00:56:12.7062915Z           [36m<label[31m
2026-10-06T00:56:12.7063214Z             [33mclass[31m=[32m"svelte-flvp99"[31m
2026-10-06T00:56:12.7063499Z           [36m>[31m
2026-10-06T00:56:12.7063712Z             [0mEmail [0m
2026-10-06T00:56:12.7064218Z             [36m<input[31m
2026-10-06T00:56:12.7064525Z               [33mautocomplete[31m=[32m"email"[31m
2026-10-06T00:56:12.7064890Z               [33mclass[31m=[32m"svelte-flvp99"[31m
2026-10-06T00:56:12.7065251Z               [33mrequired[31m=[32m""[31m
2026-10-06T00:56:12.7065585Z               [33mtype[31m=[32m"email"[31m
2026-10-06T00:56:12.7065863Z             [36m/>[31m
2026-10-06T00:56:12.7066097Z           [36m</label>[31m
2026-10-06T00:56:12.7066320Z           [0m [0m
2026-10-06T00:56:12.7066533Z           [36m<label[31m
2026-10-06T00:56:12.7066834Z             [33mclass[31m=[32m"svelte-flvp99"[31m
2026-10-06T00:56:12.7067120Z           [36m>[31m
2026-10-06T00:56:12.7067333Z             [0mName [0m
2026-10-06T00:56:12.7067571Z             [36m<input[31m
2026-10-06T00:56:12.7067881Z               [33mautocomplete[31m=[32m"name"[31m
2026-10-06T00:56:12.7068234Z               [33mclass[31m=[32m"svelte-flvp99"[31m
2026-10-06T00:56:12.7068581Z               [33mtype[31m=[32m"text"[31m
2026-10-06T00:56:12.7069001Z             [36m/>[31m
2026-10-06T00:56:12.7069238Z           [36m</label>[31m
2026-10-06T00:56:12.7069624Z           [0m [0m
2026-10-06T00:56:12.7069840Z           [36m<button[31m
2026-10-06T00:56:12.7070145Z             [33mclass[31m=[32m"svelte-flvp99"[31m
2026-10-06T00:56:12.7070424Z           [36m>[31m
2026-10-06T00:56:12.7070714Z             [0mCreate administrator and passkey[0m
2026-10-06T00:56:12.7071016Z           [36m</button>[31m
2026-10-06T00:56:12.7071255Z         [36m</form>[31m
2026-10-06T00:56:12.7071478Z         [0m [0m
2026-10-06T00:56:12.7071691Z         [36m<form[31m
2026-10-06T00:56:12.7071975Z           [33maria-hidden[31m=[32m"true"[31m
2026-10-06T00:56:12.7072334Z           [33mfields[31m=[32m"[object Object]"[31m
2026-10-06T00:56:12.7072664Z           [33mhidden[31m=[32m""[31m
2026-10-06T00:56:12.7072970Z           [33mpending[31m=[32m"0"[31m
2026-10-06T00:56:12.7073228Z         [36m>[31m
2026-10-06T00:56:12.7073447Z           [36m<input[31m
2026-10-06T00:56:12.7073746Z             [33mclass[31m=[32m"svelte-flvp99"[31m
2026-10-06T00:56:12.7074088Z             [33mtype[31m=[32m"hidden"[31m
2026-10-06T00:56:12.7074398Z             [33mvalue[31m=[32m""[31m
2026-10-06T00:56:12.7074648Z           [36m/>[31m
2026-10-06T00:56:12.7074854Z         [36m</form>[31m
2026-10-06T00:56:12.7075064Z         [0m [0m
2026-10-06T00:56:12.7075263Z         [90m<!---->[31m
2026-10-06T00:56:12.7075476Z         [0m [0m
2026-10-06T00:56:12.7075679Z         [90m<!---->[31m
2026-10-06T00:56:12.7075902Z         [90m<!---->[31m
2026-10-06T00:56:12.7076112Z         [90m<!---->[31m
2026-10-06T00:56:12.7076331Z       [36m</main>[31m
2026-10-06T00:56:12.7076556Z       [0m[0m
2026-10-06T00:56:12.7076747Z       [0m[0m
2026-10-06T00:56:12.7076949Z     [36m</div>[31m
2026-10-06T00:56:12.7077166Z   [36m</div>[31m
2026-10-06T00:56:12.7077396Z [36m</body>[31m[39m
2026-10-06T00:56:27.7373267Z  [31m×[39m [30m[43m chromium [49m[39m parity/emdash/default-seed-setup-runtime/source/packages/admin/tests/components/SetupWizard.test.tsx[2m > [22mSetupWizard[2m > [22muses empty string for title and tagline when not in seedInfo[33m 15018[2mms[22m[39m
2026-10-06T00:56:27.7374500Z [31m   → Cannot find element with locator: page.getByText('Set up your site')
2026-10-06T00:56:27.7374675Z 
2026-10-06T00:56:27.7374749Z [36m<body>[31m
2026-10-06T00:56:27.7374884Z   [0m
2026-10-06T00:56:27.7375047Z   
2026-10-06T00:56:27.7375135Z 
2026-10-06T00:56:27.7375240Z [0m
2026-10-06T00:56:27.7375397Z   [36m<div>[31m
2026-10-06T00:56:27.7375533Z     [36m<div>[31m
2026-10-06T00:56:27.7375676Z       [90m<!---->[31m
2026-10-06T00:56:27.7375821Z       [36m<main>[31m
2026-10-06T00:56:27.7375959Z         [36m<h1>[31m
2026-10-06T00:56:27.7376131Z           [0mSet up Sveltery CMS[0m
2026-10-06T00:56:27.7376301Z         [36m</h1>[31m
2026-10-06T00:56:27.7376437Z         [0m [0m
2026-10-06T00:56:27.7376762Z         [36m<p>[31m
2026-10-06T00:56:27.7377024Z           [0mCreate the first administrator account and save a passkey to sign in.[0m
2026-10-06T00:56:27.7377270Z         [36m</p>[31m
2026-10-06T00:56:27.7377408Z         [0m [0m
2026-10-06T00:56:27.7377560Z         [36m<noscript />[31m
2026-10-06T00:56:27.7377709Z         [0m [0m
2026-10-06T00:56:27.7377841Z         [36m<form>[31m
2026-10-06T00:56:27.7377992Z           [36m<label[31m
2026-10-06T00:56:27.7378215Z             [33mclass[31m=[32m"svelte-flvp99"[31m
2026-10-06T00:56:27.7378396Z           [36m>[31m
2026-10-06T00:56:27.7378559Z             [0mEmail [0m
2026-10-06T00:56:27.7378715Z             [36m<input[31m
2026-10-06T00:56:27.7379072Z               [33mautocomplete[31m=[32m"email"[31m
2026-10-06T00:56:27.7379296Z               [33mclass[31m=[32m"svelte-flvp99"[31m
2026-10-06T00:56:27.7379507Z               [33mrequired[31m=[32m""[31m
2026-10-06T00:56:27.7379711Z               [33mtype[31m=[32m"email"[31m
2026-10-06T00:56:27.7379888Z             [36m/>[31m
2026-10-06T00:56:27.7380036Z           [36m</label>[31m
2026-10-06T00:56:27.7380263Z           [0m [0m
2026-10-06T00:56:27.7380405Z           [36m<label[31m
2026-10-06T00:56:27.7380589Z             [33mclass[31m=[32m"svelte-flvp99"[31m
2026-10-06T00:56:27.7380766Z           [36m>[31m
2026-10-06T00:56:27.7380909Z             [0mName [0m
2026-10-06T00:56:27.7381055Z             [36m<input[31m
2026-10-06T00:56:27.7381241Z               [33mautocomplete[31m=[32m"name"[31m
2026-10-06T00:56:27.7381455Z               [33mclass[31m=[32m"svelte-flvp99"[31m
2026-10-06T00:56:27.7381659Z               [33mtype[31m=[32m"text"[31m
2026-10-06T00:56:27.7381828Z             [36m/>[31m
2026-10-06T00:56:27.7381972Z           [36m</label>[31m
2026-10-06T00:56:27.7382119Z           [0m [0m
2026-10-06T00:56:27.7382257Z           [36m<button[31m
2026-10-06T00:56:27.7382444Z             [33mclass[31m=[32m"svelte-flvp99"[31m
2026-10-06T00:56:27.7382622Z           [36m>[31m
2026-10-06T00:56:27.7382800Z             [0mCreate administrator and passkey[0m
2026-10-06T00:56:27.7382988Z           [36m</button>[31m
2026-10-06T00:56:27.7383142Z         [36m</form>[31m
2026-10-06T00:56:27.7383348Z         [0m [0m
2026-10-06T00:56:27.7383542Z         [36m<form[31m
2026-10-06T00:56:27.7383823Z           [33maria-hidden[31m=[32m"true"[31m
2026-10-06T00:56:27.7384094Z           [33mfields[31m=[32m"[object Object]"[31m
2026-10-06T00:56:27.7384391Z           [33mhidden[31m=[32m""[31m
2026-10-06T00:56:27.7384663Z           [33mpending[31m=[32m"0"[31m
2026-10-06T00:56:27.7384898Z         [36m>[31m
2026-10-06T00:56:27.7385087Z           [36m<input[31m
2026-10-06T00:56:27.7385365Z             [33mclass[31m=[32m"svelte-flvp99"[31m
2026-10-06T00:56:27.7385668Z             [33mtype[31m=[32m"hidden"[31m
2026-10-06T00:56:27.7385959Z             [33mvalue[31m=[32m""[31m
2026-10-06T00:56:27.7386202Z           [36m/>[31m
2026-10-06T00:56:27.7386414Z         [36m</form>[31m
2026-10-06T00:56:27.7386617Z         [0m [0m
2026-10-06T00:56:27.7386781Z         [90m<!---->[31m
2026-10-06T00:56:27.7386924Z         [0m [0m
2026-10-06T00:56:27.7387096Z         [90m<!---->[31m
2026-10-06T00:56:27.7387303Z         [90m<!---->[31m
2026-10-06T00:56:27.7387519Z         [90m<!---->[31m
2026-10-06T00:56:27.7387746Z       [36m</main>[31m
2026-10-06T00:56:27.7387951Z       [0m[0m
2026-10-06T00:56:27.7388138Z       [0m[0m
2026-10-06T00:56:27.7388330Z     [36m</div>[31m
2026-10-06T00:56:27.7388540Z   [36m</div>[31m
2026-10-06T00:56:27.7388749Z [36m</body>[31m[39m
2026-10-06T00:56:42.7385776Z  [31m×[39m [30m[43m chromium [49m[39m parity/emdash/default-seed-setup-runtime/source/packages/admin/tests/components/SetupWizard.test.tsx[2m > [22mSetupWizard[2m > [22mprefilled title can be edited and submitted[33m 15032[2mms[22m[39m
2026-10-06T00:56:42.7388213Z [31m   → Cannot find element with locator: page.getByText('Set up your site')
2026-10-06T00:56:42.7388517Z 
2026-10-06T00:56:42.7388639Z [36m<body>[31m
2026-10-06T00:56:42.7389195Z   [0m
2026-10-06T00:56:42.7389386Z   
2026-10-06T00:56:42.7389918Z 
2026-10-06T00:56:42.7390216Z [0m
2026-10-06T00:56:42.7390665Z   [36m<div>[31m
2026-10-06T00:56:42.7391265Z     [36m<div>[31m
2026-10-06T00:56:42.7391514Z       [90m<!---->[31m
2026-10-06T00:56:42.7391731Z       [36m<main>[31m
2026-10-06T00:56:42.7391943Z         [36m<h1>[31m
2026-10-06T00:56:42.7392212Z           [0mSet up Sveltery CMS[0m
2026-10-06T00:56:42.7392462Z         [36m</h1>[31m
2026-10-06T00:56:42.7392665Z         [0m [0m
2026-10-06T00:56:42.7392867Z         [36m<p>[31m
2026-10-06T00:56:42.7393272Z           [0mCreate the first administrator account and save a passkey to sign in.[0m
2026-10-06T00:56:42.7393644Z         [36m</p>[31m
2026-10-06T00:56:42.7393847Z         [0m [0m
2026-10-06T00:56:42.7394084Z         [36m<noscript />[31m
2026-10-06T00:56:42.7394302Z         [0m [0m
2026-10-06T00:56:42.7394453Z         [36m<form>[31m
2026-10-06T00:56:42.7394605Z           [36m<label[31m
2026-10-06T00:56:42.7394908Z             [33mclass[31m=[32m"svelte-flvp99"[31m
2026-10-06T00:56:42.7395220Z           [36m>[31m
2026-10-06T00:56:42.7395456Z             [0mEmail [0m
2026-10-06T00:56:42.7395685Z             [36m<input[31m
2026-10-06T00:56:42.7395992Z               [33mautocomplete[31m=[32m"email"[31m
2026-10-06T00:56:42.7396330Z               [33mclass[31m=[32m"svelte-flvp99"[31m
2026-10-06T00:56:42.7396642Z               [33mrequired[31m=[32m""[31m
2026-10-06T00:56:42.7396963Z               [33mtype[31m=[32m"email"[31m
2026-10-06T00:56:42.7397247Z             [36m/>[31m
2026-10-06T00:56:42.7397484Z           [36m</label>[31m
2026-10-06T00:56:42.7397720Z           [0m [0m
2026-10-06T00:56:42.7397928Z           [36m<label[31m
2026-10-06T00:56:42.7398205Z             [33mclass[31m=[32m"svelte-flvp99"[31m
2026-10-06T00:56:42.7398479Z           [36m>[31m
2026-10-06T00:56:42.7398688Z             [0mName [0m
2026-10-06T00:56:42.7399056Z             [36m<input[31m
2026-10-06T00:56:42.7399348Z               [33mautocomplete[31m=[32m"name"[31m
2026-10-06T00:56:42.7399672Z               [33mclass[31m=[32m"svelte-flvp99"[31m
2026-10-06T00:56:42.7400006Z               [33mtype[31m=[32m"text"[31m
2026-10-06T00:56:42.7400254Z             [36m/>[31m
2026-10-06T00:56:42.7400471Z           [36m</label>[31m
2026-10-06T00:56:42.7400696Z           [0m [0m
2026-10-06T00:56:42.7400904Z           [36m<button[31m
2026-10-06T00:56:42.7401190Z             [33mclass[31m=[32m"svelte-flvp99"[31m
2026-10-06T00:56:42.7401450Z           [36m>[31m
2026-10-06T00:56:42.7401719Z             [0mCreate administrator and passkey[0m
2026-10-06T00:56:42.7401994Z           [36m</button>[31m
2026-10-06T00:56:42.7402233Z         [36m</form>[31m
2026-10-06T00:56:42.7402443Z         [0m [0m
2026-10-06T00:56:42.7402645Z         [36m<form[31m
2026-10-06T00:56:42.7402921Z           [33maria-hidden[31m=[32m"true"[31m
2026-10-06T00:56:42.7403266Z           [33mfields[31m=[32m"[object Object]"[31m
2026-10-06T00:56:42.7403581Z           [33mhidden[31m=[32m""[31m
2026-10-06T00:56:42.7403868Z           [33mpending[31m=[32m"0"[31m
2026-10-06T00:56:42.7404116Z         [36m>[31m
2026-10-06T00:56:42.7404338Z           [36m<input[31m
2026-10-06T00:56:42.7404656Z             [33mclass[31m=[32m"svelte-flvp99"[31m
2026-10-06T00:56:42.7405003Z             [33mtype[31m=[32m"hidden"[31m
2026-10-06T00:56:42.7405284Z             [33mvalue[31m=[32m""[31m
2026-10-06T00:56:42.7405514Z           [36m/>[31m
2026-10-06T00:56:42.7405722Z         [36m</form>[31m
2026-10-06T00:56:42.7405923Z         [0m [0m
2026-10-06T00:56:42.7406117Z         [90m<!---->[31m
2026-10-06T00:56:42.7406317Z         [0m [0m
2026-10-06T00:56:42.7406517Z         [90m<!---->[31m
2026-10-06T00:56:42.7406725Z         [90m<!---->[31m
2026-10-06T00:56:42.7407086Z         [90m<!---->[31m
2026-10-06T00:56:42.7407317Z       [36m</main>[31m
2026-10-06T00:56:42.7407527Z       [0m[0m
2026-10-06T00:56:42.7407716Z       [0m[0m
2026-10-06T00:56:42.7407906Z     [36m</div>[31m
2026-10-06T00:56:42.7408108Z   [36m</div>[31m
2026-10-06T00:56:42.7408312Z [36m</body>[31m[39m
2026-10-06T00:56:55.7424838Z 2026-10-06T00:56:55.742Z pw:browser [pid=2910] <gracefully close start>
2026-10-06T00:56:55.7444755Z 2026-10-06T00:56:55.744Z pw:browser [pid=2910] <kill>
2026-10-06T00:56:55.7451557Z 2026-10-06T00:56:55.744Z pw:browser [pid=2910] <will force kill>
2026-10-06T00:56:55.7497051Z 2026-10-06T00:56:55.749Z pw:browser [pid=2910] starting temporary directories cleanup
2026-10-06T00:56:55.7525471Z 2026-10-06T00:56:55.752Z pw:browser [pid=2910] finished temporary directories cleanup
2026-10-06T00:56:55.7678987Z ##[error]Process completed with exit code 124.
2026-10-06T00:56:55.7735082Z ##[group]Run actions/upload-artifact@v4
2026-10-06T00:56:55.7735237Z with:
2026-10-06T00:56:55.7735360Z   name: default-seed-setup-source-results
2026-10-06T00:56:55.7735536Z   path: setup-source-results.json
test-results/

2026-10-06T00:56:55.7735793Z   retention-days: 7
2026-10-06T00:56:55.7735910Z   if-no-files-found: warn
2026-10-06T00:56:55.7736035Z   compression-level: 6
2026-10-06T00:56:55.7736151Z   overwrite: false
2026-10-06T00:56:55.7736268Z   include-hidden-files: false
2026-10-06T00:56:55.7736399Z env:
2026-10-06T00:56:55.7736527Z   PNPM_HOME: /home/runner/setup-pnpm/node_modules/.bin
2026-10-06T00:56:55.7736688Z ##[endgroup]
2026-10-06T00:56:55.8737617Z (node:3021) [DEP0040] DeprecationWarning: The `punycode` module is deprecated. Please use a userland alternative instead.
2026-10-06T00:56:55.8738397Z (Use `node --trace-deprecation ...` to show where the warning was created)
2026-10-06T00:56:55.8762874Z Multiple search paths detected. Calculating the least common ancestor of all paths
2026-10-06T00:56:55.8764619Z The least common ancestor is /home/runner/work/cms/cms. This will be the root directory of the artifact
2026-10-06T00:56:55.8776833Z ##[warning]No files were found with the provided path: setup-source-results.json
test-results/. No artifacts will be uploaded.
2026-10-06T00:56:55.8887688Z Post job cleanup.
2026-10-06T00:56:55.9786907Z Pruning is unnecessary.
2026-10-06T00:56:55.9918573Z Post job cleanup.
2026-10-06T00:56:56.0421814Z [command]/usr/bin/git version
2026-10-06T00:56:56.0450367Z git version 2.55.0
2026-10-06T00:56:56.0481953Z Temporarily overriding HOME='/home/runner/work/_temp/c2d26bb8-dfb2-42b3-b779-659c618824ff' before making global git config changes
2026-10-06T00:56:56.0482796Z Adding repository directory to the temporary git global config as a safe directory
2026-10-06T00:56:56.0488063Z [command]/usr/bin/git config --global --add safe.directory /home/runner/work/cms/cms
2026-10-06T00:56:56.0518757Z [command]/usr/bin/git config --local --name-only --get-regexp core\.sshCommand
2026-10-06T00:56:56.0550037Z [command]/usr/bin/git submodule foreach --recursive sh -c "git config --local --name-only --get-regexp 'core\.sshCommand' && git config --local --unset-all 'core.sshCommand' || :"
2026-10-06T00:56:56.0726477Z [command]/usr/bin/git config --local --name-only --get-regexp http\.https\:\/\/github\.com\/\.extraheader
2026-10-06T00:56:56.0746698Z http.https://github.com/.extraheader
2026-10-06T00:56:56.0761888Z [command]/usr/bin/git config --local --unset-all http.https://github.com/.extraheader
2026-10-06T00:56:56.0786430Z [command]/usr/bin/git submodule foreach --recursive sh -c "git config --local --name-only --get-regexp 'http\.https\:\/\/github\.com\/\.extraheader' && git config --local --unset-all 'http.https://github.com/.extraheader' || :"
2026-10-06T00:56:56.0927780Z [command]/usr/bin/git config --local --name-only --get-regexp ^includeIf\.gitdir:
2026-10-06T00:56:56.0959865Z [command]/usr/bin/git submodule foreach --recursive git config --local --show-origin --name-only --get-regexp remote.origin.url
2026-10-06T00:56:56.1218480Z Cleaning up orphan processes
2026-10-06T00:56:56.1373988Z ##[warning]Node.js 20 is deprecated. The following actions target Node.js 20 but are being forced to run on Node.js 24: actions/checkout@v4, actions/setup-node@v4, actions/upload-artifact@v4, pnpm/action-setup@v4. For more information see: https://github.blog/changelog/2025-09-19-deprecation-of-node-20-on-github-actions-runners/
