
 RUN  v4.1.10 /workspace/cms-default-seed-setup-runtime

 ❯ parity/emdash/default-seed-setup-runtime/source/packages/core/tests/integration/astro/setup-site-url-lock.test.ts (0 test)
 ❯ parity/emdash/default-seed-setup-runtime/source/packages/core/tests/integration/runtime/fresh-site-media-usage.test.ts (0 test)
 ❯ parity/emdash/default-seed-setup-runtime/source/packages/core/tests/integration/astro/setup-seed-budget.test.ts (0 test)
 ❯ parity/emdash/default-seed-setup-runtime/source/packages/core/tests/integration/runtime/invalid-auto-seed.test.ts (0 test)

⎯⎯⎯⎯⎯⎯ Failed Suites 4 ⎯⎯⎯⎯⎯⎯⎯

 FAIL  parity/emdash/default-seed-setup-runtime/source/packages/core/tests/integration/astro/setup-seed-budget.test.ts [ parity/emdash/default-seed-setup-runtime/source/packages/core/tests/integration/astro/setup-seed-budget.test.ts ]
 FAIL  parity/emdash/default-seed-setup-runtime/source/packages/core/tests/integration/astro/setup-site-url-lock.test.ts [ parity/emdash/default-seed-setup-runtime/source/packages/core/tests/integration/astro/setup-site-url-lock.test.ts ]
 FAIL  parity/emdash/default-seed-setup-runtime/source/packages/core/tests/integration/runtime/fresh-site-media-usage.test.ts [ parity/emdash/default-seed-setup-runtime/source/packages/core/tests/integration/runtime/fresh-site-media-usage.test.ts ]
 FAIL  parity/emdash/default-seed-setup-runtime/source/packages/core/tests/integration/runtime/invalid-auto-seed.test.ts [ parity/emdash/default-seed-setup-runtime/source/packages/core/tests/integration/runtime/invalid-auto-seed.test.ts ]
Error: Transform failed with 1 error:

[31m[TSCONFIG_ERROR] [0mFailed to load tsconfig '.svelte-kit/tsconfig.json': Tsconfig not found

  Plugin: vite:oxc
  File: /workspace/cms-default-seed-setup-runtime/parity/emdash/default-seed-setup-runtime/source/packages/core/tests/integration/astro/setup-seed-budget.test.ts
 ❯ transformWithOxc ../cms-byline-content-lifecycle/node_modules/.pnpm/vite@8.3.2_@types+node@24.19.0_esbuild@0.28.1_jiti@2.7.0/node_modules/vite/dist/node/chunks/node.js:7581:19
 ❯ TransformPluginContext.transform ../cms-byline-content-lifecycle/node_modules/.pnpm/vite@8.3.2_@types+node@24.19.0_esbuild@0.28.1_jiti@2.7.0/node_modules/vite/dist/node/chunks/node.js:7653:26
 ❯ EnvironmentPluginContainer.transform ../cms-byline-content-lifecycle/node_modules/.pnpm/vite@8.3.2_@types+node@24.19.0_esbuild@0.28.1_jiti@2.7.0/node_modules/vite/dist/node/chunks/node.js:8545:51
 ❯ loadAndTransform ../cms-byline-content-lifecycle/node_modules/.pnpm/vite@8.3.2_@types+node@24.19.0_esbuild@0.28.1_jiti@2.7.0/node_modules/vite/dist/node/chunks/node.js:19988:26

⎯⎯⎯⎯⎯⎯⎯⎯⎯⎯⎯⎯⎯⎯⎯⎯⎯⎯⎯⎯⎯⎯⎯⎯[1/4]⎯


 Test Files  4 failed (4)
      Tests  no tests
   Start at  00:11:20
   Duration  615ms (transform 0ms, setup 0ms, import 0ms, tests 0ms, environment 0ms)

