2026-10-06T02:06:53.9048591Z Current runner version: '2.337.0'
2026-10-06T02:06:53.9074973Z ##[group]Runner Image Provisioner
2026-10-06T02:06:53.9076025Z Hosted Compute Agent
2026-10-06T02:06:53.9076661Z Version: 20260901.588
2026-10-06T02:06:53.9077392Z Commit: f88ec8081b781fac6c440065ac7ff9e710ce3d0b
2026-10-06T02:06:53.9078167Z Build Date: 2026-09-01T19:56:44Z
2026-10-06T02:06:53.9078885Z Worker ID: {4358d071-3f51-48d1-a7be-da9265a0c826}
2026-10-06T02:06:53.9079669Z Azure Region: westus
2026-10-06T02:06:53.9080276Z ##[endgroup]
2026-10-06T02:06:53.9081924Z ##[group]Operating System
2026-10-06T02:06:53.9082633Z Ubuntu
2026-10-06T02:06:53.9083174Z 22.04.5
2026-10-06T02:06:53.9083762Z LTS
2026-10-06T02:06:53.9084313Z ##[endgroup]
2026-10-06T02:06:53.9085154Z ##[group]Runner Image
2026-10-06T02:06:53.9085912Z Image: ubuntu-22.04
2026-10-06T02:06:53.9086504Z Version: 20260927.309.1
2026-10-06T02:06:53.9087900Z Included Software: https://github.com/actions/runner-images/blob/ubuntu22/20260927.309/images/ubuntu/Ubuntu2204-Readme.md
2026-10-06T02:06:53.9089554Z Image Release: https://github.com/actions/runner-images/releases/tag/ubuntu22%2F20260927.309
2026-10-06T02:06:53.9090656Z ##[endgroup]
2026-10-06T02:06:53.9091797Z ##[group]GITHUB_TOKEN Permissions
2026-10-06T02:06:53.9093869Z Contents: read
2026-10-06T02:06:53.9094507Z Metadata: read
2026-10-06T02:06:53.9095415Z ##[endgroup]
2026-10-06T02:06:53.9097784Z Secret source: Actions
2026-10-06T02:06:53.9098872Z Cache mode: write
2026-10-06T02:06:53.9099640Z Prepare workflow directory
2026-10-06T02:06:53.9486796Z Prepare all required actions
2026-10-06T02:06:53.9552924Z Getting action download info
2026-10-06T02:06:54.3113648Z Download action repository 'actions/checkout@v4' (SHA:11d5960a326750d5838078e36cf38b85af677262)
2026-10-06T02:06:54.4150742Z Download action repository 'pnpm/action-setup@v4' (SHA:b906affcce14559ad1aafd4ab0e942779e9f58b1)
2026-10-06T02:06:54.8208223Z Download action repository 'actions/setup-node@v4' (SHA:49933ea5288caeca8642d1e84afbd3f7d6820020)
2026-10-06T02:06:54.9274587Z Download action repository 'actions/upload-artifact@v4' (SHA:ea165f8d65b6e75b540449e92b4886f43607fa02)
2026-10-06T02:06:55.2759844Z Complete job name: default-seed-setup-source
2026-10-06T02:06:55.3797076Z ##[group]Run actions/checkout@v4
2026-10-06T02:06:55.3798786Z with:
2026-10-06T02:06:55.3799849Z   repository: sveltery/cms
2026-10-06T02:06:55.3809656Z   token: ***
2026-10-06T02:06:55.3810709Z   ssh-strict: true
2026-10-06T02:06:55.3811796Z   ssh-user: git
2026-10-06T02:06:55.3812878Z   persist-credentials: true
2026-10-06T02:06:55.3814016Z   clean: true
2026-10-06T02:06:55.3815301Z   sparse-checkout-cone-mode: true
2026-10-06T02:06:55.3816582Z   fetch-depth: 1
2026-10-06T02:06:55.3817589Z   fetch-tags: false
2026-10-06T02:06:55.3818735Z   show-progress: true
2026-10-06T02:06:55.3819813Z   lfs: false
2026-10-06T02:06:55.3820920Z   submodules: false
2026-10-06T02:06:55.3822026Z   set-safe-directory: true
2026-10-06T02:06:55.3823198Z   allow-unsafe-pr-checkout: false
2026-10-06T02:06:55.3825211Z ##[endgroup]
2026-10-06T02:06:55.4997097Z Syncing repository: sveltery/cms
2026-10-06T02:06:55.5000781Z ##[group]Getting Git version info
2026-10-06T02:06:55.5002572Z Working directory is '/home/runner/work/cms/cms'
2026-10-06T02:06:55.5005086Z [command]/usr/bin/git version
2026-10-06T02:06:55.5086870Z git version 2.55.0
2026-10-06T02:06:55.5104612Z ##[endgroup]
2026-10-06T02:06:55.5118436Z Temporarily overriding HOME='/home/runner/work/_temp/b3986809-b0b9-4d88-9417-87d4afb531bb' before making global git config changes
2026-10-06T02:06:55.5123455Z Adding repository directory to the temporary git global config as a safe directory
2026-10-06T02:06:55.5127499Z [command]/usr/bin/git config --global --add safe.directory /home/runner/work/cms/cms
2026-10-06T02:06:55.5177353Z Deleting the contents of '/home/runner/work/cms/cms'
2026-10-06T02:06:55.5182202Z ##[group]Initializing the repository
2026-10-06T02:06:55.5185595Z [command]/usr/bin/git init /home/runner/work/cms/cms
2026-10-06T02:06:55.5315206Z hint: Using 'master' as the name for the initial branch. This default branch name
2026-10-06T02:06:55.5319761Z hint: will change to "main" in Git 3.0. To configure the initial branch name
2026-10-06T02:06:55.5323426Z hint: to use in all of your new repositories, which will suppress this warning,
2026-10-06T02:06:55.5326526Z hint: call:
2026-10-06T02:06:55.5328410Z hint:
2026-10-06T02:06:55.5330536Z hint: 	git config --global init.defaultBranch <name>
2026-10-06T02:06:55.5332886Z hint:
2026-10-06T02:06:55.5335392Z hint: Names commonly chosen instead of 'master' are 'main', 'trunk' and
2026-10-06T02:06:55.5338694Z hint: 'development'. The just-created branch can be renamed via this command:
2026-10-06T02:06:55.5340580Z hint:
2026-10-06T02:06:55.5341595Z hint: 	git branch -m <name>
2026-10-06T02:06:55.5342744Z hint:
2026-10-06T02:06:55.5344244Z hint: Disable this message with "git config set advice.defaultBranchName false"
2026-10-06T02:06:55.5346957Z Initialized empty Git repository in /home/runner/work/cms/cms/.git/
2026-10-06T02:06:55.5351906Z [command]/usr/bin/git remote add origin https://github.com/sveltery/cms
2026-10-06T02:06:55.5386249Z ##[endgroup]
2026-10-06T02:06:55.5389458Z ##[group]Disabling automatic garbage collection
2026-10-06T02:06:55.5392062Z [command]/usr/bin/git config --local gc.auto 0
2026-10-06T02:06:55.5432891Z ##[endgroup]
2026-10-06T02:06:55.5436262Z ##[group]Setting up auth
2026-10-06T02:06:55.5441058Z [command]/usr/bin/git config --local --name-only --get-regexp core\.sshCommand
2026-10-06T02:06:55.5487173Z [command]/usr/bin/git submodule foreach --recursive sh -c "git config --local --name-only --get-regexp 'core\.sshCommand' && git config --local --unset-all 'core.sshCommand' || :"
2026-10-06T02:06:55.5929136Z [command]/usr/bin/git config --local --name-only --get-regexp http\.https\:\/\/github\.com\/\.extraheader
2026-10-06T02:06:55.5981148Z [command]/usr/bin/git submodule foreach --recursive sh -c "git config --local --name-only --get-regexp 'http\.https\:\/\/github\.com\/\.extraheader' && git config --local --unset-all 'http.https://github.com/.extraheader' || :"
2026-10-06T02:06:55.6255778Z [command]/usr/bin/git config --local --name-only --get-regexp ^includeIf\.gitdir:
2026-10-06T02:06:55.6302810Z [command]/usr/bin/git submodule foreach --recursive git config --local --show-origin --name-only --get-regexp remote.origin.url
2026-10-06T02:06:55.6582841Z [command]/usr/bin/git config --local http.https://github.com/.extraheader AUTHORIZATION: basic ***
2026-10-06T02:06:55.6630624Z ##[endgroup]
2026-10-06T02:06:55.6632568Z ##[group]Fetching the repository
2026-10-06T02:06:55.6641358Z [command]/usr/bin/git -c protocol.version=2 fetch --no-tags --prune --no-recurse-submodules --depth=1 origin +516017748ccf03f374e78abbd9f156416e1c76c5:refs/remotes/pull/126/merge
2026-10-06T02:06:56.5201774Z From https://github.com/sveltery/cms
2026-10-06T02:06:56.5202467Z  * [new ref]         516017748ccf03f374e78abbd9f156416e1c76c5 -> pull/126/merge
2026-10-06T02:06:56.5207024Z ##[endgroup]
2026-10-06T02:06:56.5208104Z ##[group]Determining the checkout info
2026-10-06T02:06:56.5210319Z ##[endgroup]
2026-10-06T02:06:56.5216148Z [command]/usr/bin/git sparse-checkout disable
2026-10-06T02:06:56.5272613Z [command]/usr/bin/git config --local --unset-all extensions.worktreeConfig
2026-10-06T02:06:56.5339824Z ##[group]Checking out the ref
2026-10-06T02:06:56.5344615Z [command]/usr/bin/git checkout --progress --force refs/remotes/pull/126/merge
2026-10-06T02:06:57.0548043Z Note: switching to 'refs/remotes/pull/126/merge'.
2026-10-06T02:06:57.0550120Z 
2026-10-06T02:06:57.0551045Z You are in 'detached HEAD' state. You can look around, make experimental
2026-10-06T02:06:57.0552192Z changes and commit them, and you can discard any commits you make in this
2026-10-06T02:06:57.0553282Z state without impacting any branches by switching back to a branch.
2026-10-06T02:06:57.0553885Z 
2026-10-06T02:06:57.0554292Z If you want to create a new branch to retain commits you create, you may
2026-10-06T02:06:57.0557812Z do so (now or later) by using -c with the switch command. Example:
2026-10-06T02:06:57.0558810Z 
2026-10-06T02:06:57.0559054Z   git switch -c <new-branch-name>
2026-10-06T02:06:57.0559428Z 
2026-10-06T02:06:57.0559680Z Or undo this operation with:
2026-10-06T02:06:57.0560015Z 
2026-10-06T02:06:57.0560215Z   git switch -
2026-10-06T02:06:57.0560512Z 
2026-10-06T02:06:57.0560968Z Turn off this advice by setting config variable advice.detachedHead to false
2026-10-06T02:06:57.0561594Z 
2026-10-06T02:06:57.0562344Z HEAD is now at 5160177 Merge 21414f89662797d5a8834085bbb30a3976e6a163 into 82e3dd7b673f774ca8c3eceaafa28234641bd6b1
2026-10-06T02:06:57.0574144Z ##[endgroup]
2026-10-06T02:06:57.0627687Z [command]/usr/bin/git log -1 --format=%H
2026-10-06T02:06:57.0664658Z 516017748ccf03f374e78abbd9f156416e1c76c5
2026-10-06T02:06:57.0946782Z ##[group]Run pnpm/action-setup@v4
2026-10-06T02:06:57.0947163Z with:
2026-10-06T02:06:57.0947412Z   version: 12.6.0
2026-10-06T02:06:57.0947678Z   dest: ~/setup-pnpm
2026-10-06T02:06:57.0947948Z   run_install: null
2026-10-06T02:06:57.0948232Z   cache: false
2026-10-06T02:06:57.0948508Z   cache_dependency_path: pnpm-lock.yaml
2026-10-06T02:06:57.0948852Z   package_json_file: package.json
2026-10-06T02:06:57.0949155Z   standalone: false
2026-10-06T02:06:57.0949408Z ##[endgroup]
2026-10-06T02:06:57.2574532Z ##[group]Running self-installer...
2026-10-06T02:06:57.7210867Z (node:2132) [DEP0169] DeprecationWarning: `url.parse()` behavior is not standardized and prone to errors that have security implications. Use the WHATWG URL API instead. CVEs are not issued for `url.parse()` vulnerabilities.
2026-10-06T02:06:57.7213108Z (Use `node --trace-deprecation ...` to show where the warning was created)
2026-10-06T02:06:57.8640679Z Progress: resolved 1, reused 0, downloaded 0, added 0
2026-10-06T02:06:58.0176171Z Packages: +3
2026-10-06T02:06:58.0176705Z +++
2026-10-06T02:06:58.8644997Z Progress: resolved 15, reused 0, downloaded 3, added 2
2026-10-06T02:06:58.8675182Z Progress: resolved 15, reused 0, downloaded 3, added 3, done
2026-10-06T02:06:58.8871113Z .../.pnpm/pnpm@12.6.0/node_modules/pnpm preinstall$ node install.js
2026-10-06T02:07:01.0935999Z .../.pnpm/pnpm@12.6.0/node_modules/pnpm preinstall: Done
2026-10-06T02:07:01.0941564Z .../.pnpm/pnpm@12.6.0/node_modules/pnpm postinstall$ node install.js
2026-10-06T02:07:01.1504463Z .../.pnpm/pnpm@12.6.0/node_modules/pnpm postinstall: Done
2026-10-06T02:07:02.6743871Z 
2026-10-06T02:07:02.6744406Z dependencies:
2026-10-06T02:07:02.6745215Z + pnpm 12.6.0 (12.9.1 is available)
2026-10-06T02:07:02.6745609Z 
2026-10-06T02:07:02.6772630Z Done in 5.2s
2026-10-06T02:07:02.7399640Z ##[endgroup]
2026-10-06T02:07:02.7400200Z Installation Completed!
2026-10-06T02:07:02.7669937Z ##[group]Run actions/setup-node@v4
2026-10-06T02:07:02.7670438Z with:
2026-10-06T02:07:02.7670750Z   node-version: 24
2026-10-06T02:07:02.7671080Z   cache: pnpm
2026-10-06T02:07:02.7671410Z   always-auth: false
2026-10-06T02:07:02.7671762Z   check-latest: false
2026-10-06T02:07:02.7676811Z   token: ***
2026-10-06T02:07:02.7677171Z env:
2026-10-06T02:07:02.7677577Z   PNPM_HOME: /home/runner/setup-pnpm/node_modules/.bin
2026-10-06T02:07:02.7678103Z ##[endgroup]
2026-10-06T02:07:02.9468224Z Found in cache @ /opt/hostedtoolcache/node/24.21.0/x64
2026-10-06T02:07:02.9472193Z (node:2165) [DEP0040] DeprecationWarning: The `punycode` module is deprecated. Please use a userland alternative instead.
2026-10-06T02:07:02.9472926Z (Use `node --trace-deprecation ...` to show where the warning was created)
2026-10-06T02:07:02.9475842Z ##[group]Environment details
2026-10-06T02:07:05.4309767Z node: v24.21.0
2026-10-06T02:07:05.4310230Z npm: 11.19.0
2026-10-06T02:07:05.4310559Z yarn: 1.22.22
2026-10-06T02:07:05.4311734Z ##[endgroup]
2026-10-06T02:07:05.4332871Z [command]/home/runner/setup-pnpm/node_modules/.bin/pnpm store path --silent
2026-10-06T02:07:05.4536022Z /home/runner/setup-pnpm/node_modules/.bin/store/v11
2026-10-06T02:07:05.7154995Z Cache hit for: node-cache-Linux-x64-pnpm-cb01908ec0d0a45d9eb29e44f56e05364983ff2ce958acc694c939d2835b5d56
2026-10-06T02:07:05.7273730Z (node:2165) [DEP0169] DeprecationWarning: `url.parse()` behavior is not standardized and prone to errors that have security implications. Use the WHATWG URL API instead. CVEs are not issued for `url.parse()` vulnerabilities.
2026-10-06T02:07:06.9849660Z Received 20971520 of 174062786 (12.0%), 20.0 MBs/sec
2026-10-06T02:07:07.9855469Z Received 134217728 of 174062786 (77.1%), 63.9 MBs/sec
2026-10-06T02:07:08.2822931Z Received 174062786 of 174062786 (100.0%), 72.2 MBs/sec
2026-10-06T02:07:08.2825161Z Cache Size: ~166 MB (174062786 B)
2026-10-06T02:07:08.2859220Z [command]/usr/bin/tar -xf /home/runner/work/_temp/fc423f8c-ffc8-446a-87cf-38838a32ae7f/cache.tzst -P -C /home/runner/work/cms/cms --use-compress-program unzstd
2026-10-06T02:07:10.4586939Z Cache restored successfully
2026-10-06T02:07:10.4983980Z Cache restored from key: node-cache-Linux-x64-pnpm-cb01908ec0d0a45d9eb29e44f56e05364983ff2ce958acc694c939d2835b5d56
2026-10-06T02:07:10.5298086Z ##[group]Run pnpm install --frozen-lockfile
2026-10-06T02:07:10.5298570Z [36;1mpnpm install --frozen-lockfile[0m
2026-10-06T02:07:10.5738833Z shell: /usr/bin/bash -e {0}
2026-10-06T02:07:10.5739140Z env:
2026-10-06T02:07:10.5739428Z   PNPM_HOME: /home/runner/setup-pnpm/node_modules/.bin
2026-10-06T02:07:10.5739758Z ##[endgroup]
2026-10-06T02:07:10.6405391Z ? Verifying lockfile against supply-chain policies (534 entries)...
2026-10-06T02:07:10.8780113Z Packages are hard linked from the content-addressable store to the virtual store.
2026-10-06T02:07:10.8781663Z   Content-addressable store is at: /home/runner/setup-pnpm/node_modules/.bin/store/v11
2026-10-06T02:07:10.8805985Z   Virtual store is at:             node_modules/.pnpm
2026-10-06T02:07:13.2241636Z ✓ Lockfile passes supply-chain policies (534 entries in 2.6s)
2026-10-06T02:07:13.2242651Z Lockfile is up to date, resolution step is skipped
2026-10-06T02:07:13.2307646Z Packages: +403
2026-10-06T02:07:13.2308664Z ++++++++++++++++++++++++++++++++++++++++++++++++++++++++++++++++++++++++++++++++
2026-10-06T02:07:13.2731992Z Progress: resolved 403, reused 403, downloaded 0, added 403, done
2026-10-06T02:07:13.3644442Z . prepare$ svelte-kit sync
2026-10-06T02:07:14.6764592Z . prepare: Done
2026-10-06T02:07:14.6775857Z 
2026-10-06T02:07:14.6776129Z dependencies:
2026-10-06T02:07:14.6776615Z + @oslojs/crypto 1.0.1
2026-10-06T02:07:14.6777091Z + @oslojs/encoding 1.1.0
2026-10-06T02:07:14.6777538Z + @oslojs/webauthn 1.0.0
2026-10-06T02:07:14.6778156Z + @wordpress/block-serialization-default-parser 5.38.0
2026-10-06T02:07:14.6778751Z + blurhash 2.0.5
2026-10-06T02:07:14.6779102Z + cn 0.2.2
2026-10-06T02:07:14.6779414Z + date-fns 4.1.0
2026-10-06T02:07:14.6779769Z + image-size 2.0.2
2026-10-06T02:07:14.6780105Z + jpeg-js 0.4.4
2026-10-06T02:07:14.6780457Z + jsonc-parser 3.3.1
2026-10-06T02:07:14.6780809Z + kysely 0.29.2
2026-10-06T02:07:14.6781118Z + mime 4.1.0
2026-10-06T02:07:14.6781434Z + parse5 7.3.0
2026-10-06T02:07:14.6781786Z + smol-toml 1.6.0
2026-10-06T02:07:14.6782154Z + ulidx 2.4.1
2026-10-06T02:07:14.6782488Z + upng-js 2.1.0
2026-10-06T02:07:14.6782808Z + valibot 1.5.0
2026-10-06T02:07:14.6783124Z + zod 4.5.4
2026-10-06T02:07:14.6783298Z 
2026-10-06T02:07:14.6783500Z devDependencies:
2026-10-06T02:07:14.6783877Z + @babel/core 7.29.7
2026-10-06T02:07:14.6784265Z + @cloudflare/kumo 2.6.0
2026-10-06T02:07:14.6785126Z + @cloudflare/workers-types 4.20260507.1
2026-10-06T02:07:14.6785765Z + @floating-ui/dom 1.8.0
2026-10-06T02:07:14.6786303Z + @lingui/babel-plugin-lingui-macro 5.9.5
2026-10-06T02:07:14.6786793Z + @lingui/conf 5.9.5
2026-10-06T02:07:14.6787186Z + @lingui/core 5.9.5
2026-10-06T02:07:14.6787585Z + @lingui/react 5.9.5
2026-10-06T02:07:14.6787968Z + @playwright/test 1.63.0
2026-10-06T02:07:14.6788430Z + @sveltejs/adapter-auto 7.0.1
2026-10-06T02:07:14.6788923Z + @sveltejs/adapter-cloudflare 7.2.9
2026-10-06T02:07:14.6789419Z + @sveltejs/adapter-node 5.5.7
2026-10-06T02:07:14.6789828Z + @sveltejs/kit 2.70.3
2026-10-06T02:07:14.6790419Z + @sveltejs/vite-plugin-svelte 7.3.1
2026-10-06T02:07:14.6791439Z + @tanstack/react-query 5.90.21
2026-10-06T02:07:14.6791977Z + @tanstack/react-router 1.163.2
2026-10-06T02:07:14.6792531Z + @testing-library/react 16.3.2
2026-10-06T02:07:14.6793036Z + @types/jsdom 30.0.0
2026-10-06T02:07:14.6793466Z + @types/node 24.19.0
2026-10-06T02:07:14.6793920Z + @types/react 19.3.0
2026-10-06T02:07:14.6794343Z + @types/react-dom 19.3.0
2026-10-06T02:07:14.6795107Z + @vitest/browser-playwright 4.1.10
2026-10-06T02:07:14.6795574Z + devalue 5.9.4
2026-10-06T02:07:14.6795951Z + jsdom 30.1.1
2026-10-06T02:07:14.6796301Z + miniflare 4.20260507.1
2026-10-06T02:07:14.6796634Z + pg 8.18.0
2026-10-06T02:07:14.6796950Z + react 19.3.0
2026-10-06T02:07:14.6797321Z + react-day-picker 9.14.0
2026-10-06T02:07:14.6797748Z + react-dom 19.3.0
2026-10-06T02:07:14.6798258Z + svelte 5.57.1
2026-10-06T02:07:14.6798813Z + svelte-check 4.7.6
2026-10-06T02:07:14.6799300Z + typescript 6.0.3
2026-10-06T02:07:14.6799815Z + vite 8.3.2
2026-10-06T02:07:14.6800512Z + vitest 4.1.10
2026-10-06T02:07:14.6801157Z + vitest-browser-react 2.2.0
2026-10-06T02:07:14.6801765Z + wrangler 4.99.0
2026-10-06T02:07:14.6802010Z 
2026-10-06T02:07:14.6814636Z Done in 4.1s using pnpm v12.6.0
2026-10-06T02:07:14.7208757Z ##[group]Run pnpm exec playwright install --with-deps chromium
2026-10-06T02:07:14.7209264Z [36;1mpnpm exec playwright install --with-deps chromium[0m
2026-10-06T02:07:14.7284437Z shell: /usr/bin/bash -e {0}
2026-10-06T02:07:14.7285005Z env:
2026-10-06T02:07:14.7285296Z   PNPM_HOME: /home/runner/setup-pnpm/node_modules/.bin
2026-10-06T02:07:14.7285637Z ##[endgroup]
2026-10-06T02:07:15.4465919Z Installing dependencies...
2026-10-06T02:07:15.4610286Z Switching to root user to install dependencies...
2026-10-06T02:07:15.6176654Z Get:1 file:/etc/apt/apt-mirrors.txt Mirrorlist [144 B]
2026-10-06T02:07:15.6542900Z Get:6 https://packages.microsoft.com/ubuntu/22.04/prod jammy InRelease [3632 B]
2026-10-06T02:07:15.6716849Z Hit:2 http://azure.archive.ubuntu.com/ubuntu jammy InRelease
2026-10-06T02:07:15.6718179Z Get:3 http://azure.archive.ubuntu.com/ubuntu jammy-updates InRelease [128 kB]
2026-10-06T02:07:15.6736883Z Get:4 http://azure.archive.ubuntu.com/ubuntu jammy-backports InRelease [127 kB]
2026-10-06T02:07:15.6755964Z Get:5 http://azure.archive.ubuntu.com/ubuntu jammy-security InRelease [129 kB]
2026-10-06T02:07:15.7378174Z Get:7 https://packages.microsoft.com/ubuntu/22.04/prod jammy/main amd64 Packages [797 kB]
2026-10-06T02:07:15.7551171Z Get:8 https://packages.microsoft.com/ubuntu/22.04/prod jammy/main arm64 Packages [551 kB]
2026-10-06T02:07:15.9445911Z Get:9 http://azure.archive.ubuntu.com/ubuntu jammy-updates/main amd64 Packages [3907 kB]
2026-10-06T02:07:15.9637660Z Get:10 http://azure.archive.ubuntu.com/ubuntu jammy-updates/main Translation-en [576 kB]
2026-10-06T02:07:15.9675597Z Get:11 http://azure.archive.ubuntu.com/ubuntu jammy-updates/restricted amd64 Packages [6714 kB]
2026-10-06T02:07:16.0097454Z Get:12 http://azure.archive.ubuntu.com/ubuntu jammy-updates/restricted Translation-en [1290 kB]
2026-10-06T02:07:16.0158863Z Get:13 http://azure.archive.ubuntu.com/ubuntu jammy-updates/universe amd64 Packages [1285 kB]
2026-10-06T02:07:16.0228367Z Get:14 http://azure.archive.ubuntu.com/ubuntu jammy-updates/universe Translation-en [325 kB]
2026-10-06T02:07:16.1432125Z Get:15 http://azure.archive.ubuntu.com/ubuntu jammy-security/main amd64 Packages [3631 kB]
2026-10-06T02:07:16.1603927Z Get:16 http://azure.archive.ubuntu.com/ubuntu jammy-security/main Translation-en [508 kB]
2026-10-06T02:07:16.1634145Z Get:17 http://azure.archive.ubuntu.com/ubuntu jammy-security/restricted amd64 Packages [6465 kB]
2026-10-06T02:07:16.1927785Z Get:18 http://azure.archive.ubuntu.com/ubuntu jammy-security/restricted Translation-en [1244 kB]
2026-10-06T02:07:16.2432683Z Get:19 http://azure.archive.ubuntu.com/ubuntu jammy-security/universe amd64 Packages [1052 kB]
2026-10-06T02:07:16.2486719Z Get:20 http://azure.archive.ubuntu.com/ubuntu jammy-security/universe Translation-en [237 kB]
2026-10-06T02:07:22.2508724Z Fetched 29.0 MB in 3s (8624 kB/s)
2026-10-06T02:07:23.6871965Z Reading package lists...
2026-10-06T02:07:23.7523902Z Reading package lists...
2026-10-06T02:07:24.0496032Z Building dependency tree...
2026-10-06T02:07:24.0508097Z Reading state information...
2026-10-06T02:07:24.3036311Z fonts-liberation is already the newest version (1:1.07.4-11).
2026-10-06T02:07:24.3037165Z fonts-liberation set to manually installed.
2026-10-06T02:07:24.3038145Z libatk-bridge2.0-0 is already the newest version (2.38.0-3).
2026-10-06T02:07:24.3038943Z libatk-bridge2.0-0 set to manually installed.
2026-10-06T02:07:24.3039722Z libatk1.0-0 is already the newest version (2.36.0-3build1).
2026-10-06T02:07:24.3040445Z libatk1.0-0 set to manually installed.
2026-10-06T02:07:24.3041167Z libatspi2.0-0 is already the newest version (2.44.0-3).
2026-10-06T02:07:24.3041867Z libatspi2.0-0 set to manually installed.
2026-10-06T02:07:24.3042665Z libfontconfig1 is already the newest version (2.13.1-4.2ubuntu5).
2026-10-06T02:07:24.3043454Z libfontconfig1 set to manually installed.
2026-10-06T02:07:24.3044201Z libxcb1 is already the newest version (1.14-3ubuntu3).
2026-10-06T02:07:24.3045076Z libxcb1 set to manually installed.
2026-10-06T02:07:24.3046403Z libxcomposite1 is already the newest version (1:0.4.5-1build2).
2026-10-06T02:07:24.3047188Z libxcomposite1 set to manually installed.
2026-10-06T02:07:24.3047838Z libxdamage1 is already the newest version (1:1.1.5-2build2).
2026-10-06T02:07:24.3048308Z libxdamage1 set to manually installed.
2026-10-06T02:07:24.3048765Z libxext6 is already the newest version (2:1.3.4-1build1).
2026-10-06T02:07:24.3049201Z libxext6 set to manually installed.
2026-10-06T02:07:24.3049640Z libxfixes3 is already the newest version (1:6.0.0-1).
2026-10-06T02:07:24.3050070Z libxfixes3 set to manually installed.
2026-10-06T02:07:24.3050518Z libxkbcommon0 is already the newest version (1.4.0-1).
2026-10-06T02:07:24.3050961Z libxkbcommon0 set to manually installed.
2026-10-06T02:07:24.3051445Z libxrandr2 is already the newest version (2:1.5.2-1build1).
2026-10-06T02:07:24.3051902Z libxrandr2 set to manually installed.
2026-10-06T02:07:24.3052473Z fonts-noto-color-emoji is already the newest version (2.047-0ubuntu0.22.04.1).
2026-10-06T02:07:24.3053114Z libasound2 is already the newest version (1.2.6.1-1ubuntu1.2).
2026-10-06T02:07:24.3053581Z libasound2 set to manually installed.
2026-10-06T02:07:24.3054005Z libcairo2 is already the newest version (1.16.0-5ubuntu2.1).
2026-10-06T02:07:24.3054419Z libcairo2 set to manually installed.
2026-10-06T02:07:24.3055166Z libcups2 is already the newest version (2.4.1op1-1ubuntu4.21).
2026-10-06T02:07:24.3055609Z libcups2 set to manually installed.
2026-10-06T02:07:24.3056056Z libdbus-1-3 is already the newest version (1.12.20-2ubuntu4.1).
2026-10-06T02:07:24.3056485Z libdbus-1-3 set to manually installed.
2026-10-06T02:07:24.3056929Z libdrm2 is already the newest version (2.4.113-2~ubuntu0.22.04.1).
2026-10-06T02:07:24.3057368Z libdrm2 set to manually installed.
2026-10-06T02:07:24.3057812Z libfreetype6 is already the newest version (2.11.1+dfsg-1ubuntu0.3).
2026-10-06T02:07:24.3058273Z libfreetype6 set to manually installed.
2026-10-06T02:07:24.3058730Z libgbm1 is already the newest version (23.2.1-1ubuntu3.1~22.04.4).
2026-10-06T02:07:24.3059157Z libgbm1 set to manually installed.
2026-10-06T02:07:24.3059582Z libglib2.0-0 is already the newest version (2.72.4-0ubuntu2.10).
2026-10-06T02:07:24.3060003Z libglib2.0-0 set to manually installed.
2026-10-06T02:07:24.3060456Z libnspr4 is already the newest version (2:4.35-0ubuntu0.22.04.1).
2026-10-06T02:07:24.3060958Z libnss3 is already the newest version (2:3.98-0ubuntu0.22.04.4).
2026-10-06T02:07:24.3061469Z libpango-1.0-0 is already the newest version (1.50.6+ds-2ubuntu1).
2026-10-06T02:07:24.3061903Z libpango-1.0-0 set to manually installed.
2026-10-06T02:07:24.3062373Z libwayland-client0 is already the newest version (1.20.0-1ubuntu0.1).
2026-10-06T02:07:24.3062846Z libwayland-client0 set to manually installed.
2026-10-06T02:07:24.3063300Z libx11-6 is already the newest version (2:1.7.5-1ubuntu0.3).
2026-10-06T02:07:24.3063911Z libx11-6 set to manually installed.
2026-10-06T02:07:24.3064360Z xvfb is already the newest version (2:21.1.4-2ubuntu1.7~22.04.16).
2026-10-06T02:07:24.3065073Z The following additional packages will be installed:
2026-10-06T02:07:24.3065454Z   xfonts-encodings xfonts-utils
2026-10-06T02:07:24.3065767Z Recommended packages:
2026-10-06T02:07:24.3066076Z   fonts-ipafont-mincho fonts-tlwg-loma
2026-10-06T02:07:24.3321227Z The following NEW packages will be installed:
2026-10-06T02:07:24.3322031Z   fonts-freefont-ttf fonts-ipafont-gothic fonts-tlwg-loma-otf fonts-unifont
2026-10-06T02:07:24.3334460Z   fonts-wqy-zenhei xfonts-cyrillic xfonts-encodings xfonts-scalable
2026-10-06T02:07:24.3335449Z   xfonts-utils
2026-10-06T02:07:24.3611875Z 0 upgraded, 9 newly installed, 0 to remove and 20 not upgraded.
2026-10-06T02:07:24.3612656Z Need to get 18.4 MB of archives.
2026-10-06T02:07:24.3613393Z After this operation, 56.8 MB of additional disk space will be used.
2026-10-06T02:07:24.3614282Z Get:1 file:/etc/apt/apt-mirrors.txt Mirrorlist [144 B]
2026-10-06T02:07:24.4552206Z Get:2 http://azure.archive.ubuntu.com/ubuntu jammy/universe amd64 fonts-ipafont-gothic all 00303-21ubuntu1 [3513 kB]
2026-10-06T02:07:24.6091913Z Get:3 http://azure.archive.ubuntu.com/ubuntu jammy/main amd64 fonts-freefont-ttf all 20120503-10build1 [2388 kB]
2026-10-06T02:07:24.7220212Z Get:4 http://azure.archive.ubuntu.com/ubuntu jammy/universe amd64 fonts-tlwg-loma-otf all 1:0.7.3-1 [107 kB]
2026-10-06T02:07:24.7924583Z Get:5 http://azure.archive.ubuntu.com/ubuntu jammy/universe amd64 fonts-unifont all 1:14.0.01-1 [3551 kB]
2026-10-06T02:07:24.9386944Z Get:6 http://azure.archive.ubuntu.com/ubuntu jammy/universe amd64 fonts-wqy-zenhei all 0.9.45-8 [7472 kB]
2026-10-06T02:07:25.1787885Z Get:7 http://azure.archive.ubuntu.com/ubuntu jammy/main amd64 xfonts-encodings all 1:1.0.5-0ubuntu2 [578 kB]
2026-10-06T02:07:25.2595255Z Get:8 http://azure.archive.ubuntu.com/ubuntu jammy/main amd64 xfonts-utils amd64 1:7.7+6build2 [94.6 kB]
2026-10-06T02:07:25.3300061Z Get:9 http://azure.archive.ubuntu.com/ubuntu jammy/universe amd64 xfonts-cyrillic all 1:1.0.5 [386 kB]
2026-10-06T02:07:25.4061727Z Get:10 http://azure.archive.ubuntu.com/ubuntu jammy/main amd64 xfonts-scalable all 1:1.0.3-1.2ubuntu1 [306 kB]
2026-10-06T02:07:25.7638604Z Fetched 18.4 MB in 1s (17.3 MB/s)
2026-10-06T02:07:25.7941278Z Selecting previously unselected package fonts-ipafont-gothic.
2026-10-06T02:07:25.8301737Z (Reading database ... 
2026-10-06T02:07:25.8302143Z (Reading database ... 5%
2026-10-06T02:07:25.8302467Z (Reading database ... 10%
2026-10-06T02:07:25.8302780Z (Reading database ... 15%
2026-10-06T02:07:25.8303073Z (Reading database ... 20%
2026-10-06T02:07:25.8303371Z (Reading database ... 25%
2026-10-06T02:07:25.8303677Z (Reading database ... 30%
2026-10-06T02:07:25.8303971Z (Reading database ... 35%
2026-10-06T02:07:25.8305099Z (Reading database ... 40%
2026-10-06T02:07:25.8305406Z (Reading database ... 45%
2026-10-06T02:07:25.8305731Z (Reading database ... 50%
2026-10-06T02:07:25.9030556Z (Reading database ... 55%
2026-10-06T02:07:26.0936869Z (Reading database ... 60%
2026-10-06T02:07:26.2964394Z (Reading database ... 65%
2026-10-06T02:07:26.5337147Z (Reading database ... 70%
2026-10-06T02:07:26.6923779Z (Reading database ... 75%
2026-10-06T02:07:26.8531826Z (Reading database ... 80%
2026-10-06T02:07:27.0542173Z (Reading database ... 85%
2026-10-06T02:07:27.3058430Z (Reading database ... 90%
2026-10-06T02:07:27.4649249Z (Reading database ... 95%
2026-10-06T02:07:27.4649773Z (Reading database ... 100%
2026-10-06T02:07:27.4650286Z (Reading database ... 260411 files and directories currently installed.)
2026-10-06T02:07:27.4705282Z Preparing to unpack .../0-fonts-ipafont-gothic_00303-21ubuntu1_all.deb ...
2026-10-06T02:07:27.4829302Z Unpacking fonts-ipafont-gothic (00303-21ubuntu1) ...
2026-10-06T02:07:27.7391232Z Selecting previously unselected package fonts-freefont-ttf.
2026-10-06T02:07:27.7604056Z Preparing to unpack .../1-fonts-freefont-ttf_20120503-10build1_all.deb ...
2026-10-06T02:07:27.7613178Z Unpacking fonts-freefont-ttf (20120503-10build1) ...
2026-10-06T02:07:27.9471395Z Selecting previously unselected package fonts-tlwg-loma-otf.
2026-10-06T02:07:27.9679150Z Preparing to unpack .../2-fonts-tlwg-loma-otf_1%3a0.7.3-1_all.deb ...
2026-10-06T02:07:27.9687314Z Unpacking fonts-tlwg-loma-otf (1:0.7.3-1) ...
2026-10-06T02:07:27.9938226Z Selecting previously unselected package fonts-unifont.
2026-10-06T02:07:28.0149853Z Preparing to unpack .../3-fonts-unifont_1%3a14.0.01-1_all.deb ...
2026-10-06T02:07:28.0156363Z Unpacking fonts-unifont (1:14.0.01-1) ...
2026-10-06T02:07:28.1155375Z Selecting previously unselected package fonts-wqy-zenhei.
2026-10-06T02:07:28.1368001Z Preparing to unpack .../4-fonts-wqy-zenhei_0.9.45-8_all.deb ...
2026-10-06T02:07:28.1491437Z Unpacking fonts-wqy-zenhei (0.9.45-8) ...
2026-10-06T02:07:28.6489095Z Selecting previously unselected package xfonts-encodings.
2026-10-06T02:07:28.6697699Z Preparing to unpack .../5-xfonts-encodings_1%3a1.0.5-0ubuntu2_all.deb ...
2026-10-06T02:07:28.6704912Z Unpacking xfonts-encodings (1:1.0.5-0ubuntu2) ...
2026-10-06T02:07:28.7046797Z Selecting previously unselected package xfonts-utils.
2026-10-06T02:07:28.7256764Z Preparing to unpack .../6-xfonts-utils_1%3a7.7+6build2_amd64.deb ...
2026-10-06T02:07:28.7264952Z Unpacking xfonts-utils (1:7.7+6build2) ...
2026-10-06T02:07:28.7686638Z Selecting previously unselected package xfonts-cyrillic.
2026-10-06T02:07:28.7897212Z Preparing to unpack .../7-xfonts-cyrillic_1%3a1.0.5_all.deb ...
2026-10-06T02:07:28.7904945Z Unpacking xfonts-cyrillic (1:1.0.5) ...
2026-10-06T02:07:28.8397502Z Selecting previously unselected package xfonts-scalable.
2026-10-06T02:07:28.8610532Z Preparing to unpack .../8-xfonts-scalable_1%3a1.0.3-1.2ubuntu1_all.deb ...
2026-10-06T02:07:28.8619803Z Unpacking xfonts-scalable (1:1.0.3-1.2ubuntu1) ...
2026-10-06T02:07:28.9195279Z Setting up fonts-wqy-zenhei (0.9.45-8) ...
2026-10-06T02:07:28.9325682Z Setting up fonts-freefont-ttf (20120503-10build1) ...
2026-10-06T02:07:28.9341774Z Setting up fonts-tlwg-loma-otf (1:0.7.3-1) ...
2026-10-06T02:07:28.9357844Z Setting up xfonts-encodings (1:1.0.5-0ubuntu2) ...
2026-10-06T02:07:28.9376626Z Setting up fonts-ipafont-gothic (00303-21ubuntu1) ...
2026-10-06T02:07:28.9457967Z update-alternatives: using /usr/share/fonts/opentype/ipafont-gothic/ipag.ttf to provide /usr/share/fonts/truetype/fonts-japanese-gothic.ttf (fonts-japanese-gothic.ttf) in auto mode
2026-10-06T02:07:28.9476492Z Setting up fonts-unifont (1:14.0.01-1) ...
2026-10-06T02:07:28.9493436Z Setting up xfonts-utils (1:7.7+6build2) ...
2026-10-06T02:07:28.9536416Z Setting up xfonts-cyrillic (1:1.0.5) ...
2026-10-06T02:07:29.0109506Z Setting up xfonts-scalable (1:1.0.3-1.2ubuntu1) ...
2026-10-06T02:07:29.0989512Z Processing triggers for man-db (2.10.2-1) ...
2026-10-06T02:07:29.1013304Z Not building database; man-db/auto-update is not 'true'.
2026-10-06T02:07:29.1026349Z Processing triggers for fontconfig (2.13.1-4.2ubuntu5) ...
2026-10-06T02:07:29.8802211Z 
2026-10-06T02:07:29.8803277Z Running kernel seems to be up-to-date.
2026-10-06T02:07:29.8803598Z 
2026-10-06T02:07:29.8815981Z No services need to be restarted.
2026-10-06T02:07:29.8816361Z 
2026-10-06T02:07:29.8816665Z No containers need to be restarted.
2026-10-06T02:07:29.8817036Z 
2026-10-06T02:07:29.8817337Z No user sessions are running outdated binaries.
2026-10-06T02:07:29.8817629Z 
2026-10-06T02:07:29.8818015Z No VM guests are running outdated hypervisor (qemu) binaries on this host.
2026-10-06T02:07:31.4289026Z Downloading Chrome for Testing 153.0.8010.12 (playwright chromium v1243) from https://cdn.playwright.dev/builds/cft/153.0.8010.12/linux64/chrome-linux64.zip
2026-10-06T02:07:31.9354397Z |                                                                                |   0% of 186.8 MiB
2026-10-06T02:07:32.2057153Z |■■■■■■■■                                                                        |  10% of 186.8 MiB
2026-10-06T02:07:32.3015428Z |■■■■■■■■■■■■■■■■                                                                |  20% of 186.8 MiB
2026-10-06T02:07:32.4144563Z |■■■■■■■■■■■■■■■■■■■■■■■■                                                        |  30% of 186.8 MiB
2026-10-06T02:07:32.5071773Z |■■■■■■■■■■■■■■■■■■■■■■■■■■■■■■■■                                                |  40% of 186.8 MiB
2026-10-06T02:07:32.6207408Z |■■■■■■■■■■■■■■■■■■■■■■■■■■■■■■■■■■■■■■■■                                        |  50% of 186.8 MiB
2026-10-06T02:07:32.7270458Z |■■■■■■■■■■■■■■■■■■■■■■■■■■■■■■■■■■■■■■■■■■■■■■■■                                |  60% of 186.8 MiB
2026-10-06T02:07:32.8532958Z |■■■■■■■■■■■■■■■■■■■■■■■■■■■■■■■■■■■■■■■■■■■■■■■■■■■■■■■■                        |  70% of 186.8 MiB
2026-10-06T02:07:32.9706097Z |■■■■■■■■■■■■■■■■■■■■■■■■■■■■■■■■■■■■■■■■■■■■■■■■■■■■■■■■■■■■■■■■                |  80% of 186.8 MiB
2026-10-06T02:07:33.0841920Z |■■■■■■■■■■■■■■■■■■■■■■■■■■■■■■■■■■■■■■■■■■■■■■■■■■■■■■■■■■■■■■■■■■■■■■■■        |  90% of 186.8 MiB
2026-10-06T02:07:33.1918792Z |■■■■■■■■■■■■■■■■■■■■■■■■■■■■■■■■■■■■■■■■■■■■■■■■■■■■■■■■■■■■■■■■■■■■■■■■■■■■■■■■| 100% of 186.8 MiB
2026-10-06T02:07:36.2031973Z Chrome for Testing 153.0.8010.12 (playwright chromium v1243) downloaded to /home/runner/.cache/ms-playwright/chromium-1243
2026-10-06T02:07:36.2037689Z Downloading FFmpeg (playwright ffmpeg v1011) from https://cdn.playwright.dev/dbazure/download/playwright/builds/ffmpeg/1011/ffmpeg-linux.zip
2026-10-06T02:07:36.5757945Z |                                                                                |   0% of 2.3 MiB
2026-10-06T02:07:36.5799924Z |■■■■■■■■                                                                        |  10% of 2.3 MiB
2026-10-06T02:07:36.5819525Z |■■■■■■■■■■■■■■■■                                                                |  20% of 2.3 MiB
2026-10-06T02:07:36.5832152Z |■■■■■■■■■■■■■■■■■■■■■■■■                                                        |  30% of 2.3 MiB
2026-10-06T02:07:36.5848730Z |■■■■■■■■■■■■■■■■■■■■■■■■■■■■■■■■                                                |  40% of 2.3 MiB
2026-10-06T02:07:36.5860318Z |■■■■■■■■■■■■■■■■■■■■■■■■■■■■■■■■■■■■■■■■                                        |  50% of 2.3 MiB
2026-10-06T02:07:36.5874038Z |■■■■■■■■■■■■■■■■■■■■■■■■■■■■■■■■■■■■■■■■■■■■■■■■                                |  60% of 2.3 MiB
2026-10-06T02:07:36.5887911Z |■■■■■■■■■■■■■■■■■■■■■■■■■■■■■■■■■■■■■■■■■■■■■■■■■■■■■■■■                        |  70% of 2.3 MiB
2026-10-06T02:07:36.5915328Z |■■■■■■■■■■■■■■■■■■■■■■■■■■■■■■■■■■■■■■■■■■■■■■■■■■■■■■■■■■■■■■■■                |  80% of 2.3 MiB
2026-10-06T02:07:36.5922313Z |■■■■■■■■■■■■■■■■■■■■■■■■■■■■■■■■■■■■■■■■■■■■■■■■■■■■■■■■■■■■■■■■■■■■■■■■        |  90% of 2.3 MiB
2026-10-06T02:07:36.5926613Z |■■■■■■■■■■■■■■■■■■■■■■■■■■■■■■■■■■■■■■■■■■■■■■■■■■■■■■■■■■■■■■■■■■■■■■■■■■■■■■■■| 100% of 2.3 MiB
2026-10-06T02:07:36.6541581Z FFmpeg (playwright ffmpeg v1011) downloaded to /home/runner/.cache/ms-playwright/ffmpeg-1011
2026-10-06T02:07:36.6545230Z Downloading Chrome Headless Shell 153.0.8010.12 (playwright chromium-headless-shell v1243) from https://cdn.playwright.dev/builds/cft/153.0.8010.12/linux64/chrome-headless-shell-linux64.zip
2026-10-06T02:07:37.1430019Z |                                                                                |   0% of 114.3 MiB
2026-10-06T02:07:42.9471813Z |■■■■■■■■                                                                        |  10% of 114.3 MiB
2026-10-06T02:07:43.1221656Z |■■■■■■■■■■■■■■■■                                                                |  20% of 114.3 MiB
2026-10-06T02:07:43.5579776Z |■■■■■■■■■■■■■■■■■■■■■■■■                                                        |  30% of 114.3 MiB
2026-10-06T02:07:43.9800788Z |■■■■■■■■■■■■■■■■■■■■■■■■■■■■■■■■                                                |  40% of 114.3 MiB
2026-10-06T02:07:44.2076741Z |■■■■■■■■■■■■■■■■■■■■■■■■■■■■■■■■■■■■■■■■                                        |  50% of 114.3 MiB
2026-10-06T02:07:44.3217696Z |■■■■■■■■■■■■■■■■■■■■■■■■■■■■■■■■■■■■■■■■■■■■■■■■                                |  60% of 114.3 MiB
2026-10-06T02:07:44.4163122Z |■■■■■■■■■■■■■■■■■■■■■■■■■■■■■■■■■■■■■■■■■■■■■■■■■■■■■■■■                        |  70% of 114.3 MiB
2026-10-06T02:07:44.4986152Z |■■■■■■■■■■■■■■■■■■■■■■■■■■■■■■■■■■■■■■■■■■■■■■■■■■■■■■■■■■■■■■■■                |  80% of 114.3 MiB
2026-10-06T02:07:44.5911791Z |■■■■■■■■■■■■■■■■■■■■■■■■■■■■■■■■■■■■■■■■■■■■■■■■■■■■■■■■■■■■■■■■■■■■■■■■        |  90% of 114.3 MiB
2026-10-06T02:07:44.7087644Z |■■■■■■■■■■■■■■■■■■■■■■■■■■■■■■■■■■■■■■■■■■■■■■■■■■■■■■■■■■■■■■■■■■■■■■■■■■■■■■■■| 100% of 114.3 MiB
2026-10-06T02:07:46.9462952Z Chrome Headless Shell 153.0.8010.12 (playwright chromium-headless-shell v1243) downloaded to /home/runner/.cache/ms-playwright/chromium_headless_shell-1243
2026-10-06T02:07:46.9745959Z ##[group]Run timeout --kill-after=30s 360s pnpm exec vitest run --config vitest.default-seed-setup-wizard.browser.config.ts --reporter=verbose --reporter=json --outputFile.json=setup-source-results.json
2026-10-06T02:07:46.9747448Z [36;1mtimeout --kill-after=30s 360s pnpm exec vitest run --config vitest.default-seed-setup-wizard.browser.config.ts --reporter=verbose --reporter=json --outputFile.json=setup-source-results.json[0m
2026-10-06T02:07:46.9820159Z shell: /usr/bin/bash -e {0}
2026-10-06T02:07:46.9820422Z env:
2026-10-06T02:07:46.9820690Z   PNPM_HOME: /home/runner/setup-pnpm/node_modules/.bin
2026-10-06T02:07:46.9821030Z   DEBUG: pw:browser
2026-10-06T02:07:46.9821242Z ##[endgroup]
2026-10-06T02:07:48.0703325Z 
2026-10-06T02:07:48.0708099Z [1m[30m[46m RUN [49m[39m[22m [36mv4.1.10 [39m[90m/home/runner/work/cms/cms[39m
2026-10-06T02:07:48.0708722Z 
2026-10-06T02:07:48.8149434Z 2026-10-06T02:07:48.812Z pw:browser <launching> /home/runner/.cache/ms-playwright/chromium_headless_shell-1243/chrome-headless-shell-linux64/chrome-headless-shell --disable-field-trial-config --disable-background-networking --disable-background-timer-throttling --disable-backgrounding-occluded-windows --disable-back-forward-cache --disable-breakpad --disable-client-side-phishing-detection --disable-component-extensions-with-background-pages --disable-component-update --no-default-browser-check --disable-default-apps --disable-dev-shm-usage --disable-edgeupdater --disable-extensions --disable-features=AvoidUnnecessaryBeforeUnloadCheckSync,DestroyProfileOnBrowserClose,DialMediaRouteProvider,GlobalMediaControls,HttpsUpgrades,LensOverlay,MediaRouter,PaintHolding,ThirdPartyStoragePartitioning,BlockOriginHeaderModificationOnRedirect,Translate,AutoDeElevate,OptimizationHints,msForceBrowserSignIn,msEdgeUpdateLaunchServicesPreferredVersion --enable-features=CDPScreenshotNewSurface --allow-pre-commit-input --disable-hang-monitor --disable-ipc-flooding-protection --disable-popup-blocking --disable-prompt-on-repost --disable-renderer-backgrounding --disable-updater-scheduler --force-color-profile=srgb --metrics-recording-only --no-first-run --password-store=basic --use-mock-keychain --no-service-autorun --export-tagged-pdf --disable-search-engine-choice-screen --unsafely-disable-devtools-self-xss-warnings --edge-skip-compat-layer-relaunch --disable-infobars --disable-search-engine-choice-screen --disable-sync --enable-unsafe-swiftshader --headless --hide-scrollbars --mute-audio --blink-settings=primaryHoverType=2,availableHoverTypes=2,primaryPointerType=4,availablePointerTypes=4 --user-data-dir=/tmp/playwright_chromiumdev_profile-R1RRQ9 --remote-debugging-pipe --no-startup-window
2026-10-06T02:07:48.8201523Z 2026-10-06T02:07:48.819Z pw:browser <launched> pid=3089
2026-10-06T02:07:49.0865602Z 2026-10-06T02:07:49.084Z pw:browser [pid=3089][err] [1006/020749.083376:ERROR:dbus/bus.cc:405] Failed to connect to the bus: Could not parse server address: Unknown address type (examples of valid types are "tcp" and on UNIX "unix")
2026-10-06T02:07:49.0902680Z 2026-10-06T02:07:49.089Z pw:browser [pid=3089][err] Unable to revert mtime: /usr/share/fonts
2026-10-06T02:07:49.0919403Z 2026-10-06T02:07:49.091Z pw:browser [pid=3089][err] Unable to revert mtime: /usr/share/fonts/truetype
2026-10-06T02:07:49.1138307Z 2026-10-06T02:07:49.113Z pw:browser [pid=3089][err] Unable to revert mtime: /usr/share/fonts/truetype/dejavu
2026-10-06T02:07:49.1153741Z 2026-10-06T02:07:49.115Z pw:browser [pid=3089][err] [1006/020749.114840:WARNING:media/gpu/vaapi/vaapi_wrapper.cc:1660] drmGetDevices2() has not found any devices
2026-10-06T02:07:49.1173441Z 2026-10-06T02:07:49.116Z pw:browser [pid=3089][err] [1006/020749.116699:WARNING:sandbox/policy/linux/sandbox_linux.cc:405] InitializeSandbox() called with multiple threads in process gpu-process.
2026-10-06T02:07:49.5457293Z 2026-10-06T02:07:49.545Z pw:browser [pid=3089][err] Unable to revert mtime: /usr/share/fonts/truetype/lato
2026-10-06T02:07:50.3808765Z 2026-10-06T02:07:50.380Z pw:browser [pid=3089][err] Unable to revert mtime: /usr/share/fonts/truetype/liberation
2026-10-06T02:07:50.4739848Z 2026-10-06T02:07:50.473Z pw:browser [pid=3089][err] Unable to revert mtime: /usr/share/fonts/truetype/noto
2026-10-06T02:07:50.7942935Z 2026-10-06T02:07:50.792Z pw:browser [pid=3089][err] [1006/020750.792130:ERROR:dbus/object_proxy.cc:572] Failed to call method: org.freedesktop.DBus.NameHasOwner: object_path= /org/freedesktop/DBus: unknown error type: 
2026-10-06T02:07:50.7945870Z 2026-10-06T02:07:50.792Z pw:browser [pid=3089][err] [1006/020750.792256:ERROR:dbus/bus.cc:405] Failed to connect to the bus: Could not parse server address: Unknown address type (examples of valid types are "tcp" and on UNIX "unix")
2026-10-06T02:07:50.7997720Z 2026-10-06T02:07:50.797Z pw:browser [pid=3089][err] [1006/020750.797029:ERROR:dbus/object_proxy.cc:572] Failed to call method: org.freedesktop.DBus.NameHasOwner: object_path= /org/freedesktop/DBus: unknown error type: 
2026-10-06T02:07:51.1772365Z 2026-10-06T02:07:51.176Z pw:browser [pid=3089][err] [1006/020751.176789:INFO:CONSOLE:934] "[vite] connecting...", source: http://localhost:63315/@vite/client (934)
2026-10-06T02:07:51.1858639Z 2026-10-06T02:07:51.185Z pw:browser [pid=3089][err] [1006/020751.184991:INFO:CONSOLE:1045] "[vite] connected.", source: http://localhost:63315/@vite/client (1045)
2026-10-06T02:07:51.2317360Z 2026-10-06T02:07:51.230Z pw:browser [pid=3089][err] [1006/020751.229630:INFO:CONSOLE:934] "[vite] connecting...", source: http://localhost:63315/@vite/client (934)
2026-10-06T02:07:51.2542950Z 2026-10-06T02:07:51.253Z pw:browser [pid=3089][err] [1006/020751.236353:INFO:CONSOLE:1045] "[vite] connected.", source: http://localhost:63315/@vite/client (1045)
2026-10-06T02:07:52.4588791Z  [32m✓[39m [30m[43m chromium [49m[39m parity/emdash/default-seed-setup-runtime/source/packages/admin/tests/components/SetupWizard.test.tsx[2m > [22mSetupWizard[2m > [22mshows site setup step first with title input[32m 79[2mms[22m[39m
2026-10-06T02:07:52.6069060Z  [32m✓[39m [30m[43m chromium [49m[39m parity/emdash/default-seed-setup-runtime/source/packages/admin/tests/components/SetupWizard.test.tsx[2m > [22mSetupWizard[2m > [22mempty title prevents advancing and shows validation error[32m 170[2mms[22m[39m
2026-10-06T02:07:52.8302505Z  [32m✓[39m [30m[43m chromium [49m[39m parity/emdash/default-seed-setup-runtime/source/packages/admin/tests/components/SetupWizard.test.tsx[2m > [22mSetupWizard[2m > [22mfilling title and clicking Next advances to admin step[32m 123[2mms[22m[39m
2026-10-06T02:07:52.8307149Z  [32m✓[39m [30m[43m chromium [49m[39m parity/emdash/default-seed-setup-runtime/source/packages/admin/tests/components/SetupWizard.test.tsx[2m > [22mSetupWizard[2m > [22mdoes not present media usage tracking as an onboarding choice[32m 55[2mms[22m[39m
2026-10-06T02:07:52.9956316Z  [32m✓[39m [30m[43m chromium [49m[39m parity/emdash/default-seed-setup-runtime/source/packages/admin/tests/components/SetupWizard.test.tsx[2m > [22mSetupWizard[2m > [22madmin step shows email input[32m 111[2mms[22m[39m
2026-10-06T02:07:53.1158182Z  [32m✓[39m [30m[43m chromium [49m[39m parity/emdash/default-seed-setup-runtime/source/packages/admin/tests/components/SetupWizard.test.tsx[2m > [22mSetupWizard[2m > [22mempty email prevents advancing on admin step[32m 165[2mms[22m[39m
2026-10-06T02:07:53.1162553Z  [32m✓[39m [30m[43m chromium [49m[39m parity/emdash/default-seed-setup-runtime/source/packages/admin/tests/components/SetupWizard.test.tsx[2m > [22mSetupWizard[2m > [22mstep indicator shows three steps[32m 55[2mms[22m[39m
2026-10-06T02:07:53.2253615Z  [32m✓[39m [30m[43m chromium [49m[39m parity/emdash/default-seed-setup-runtime/source/packages/admin/tests/components/SetupWizard.test.tsx[2m > [22mSetupWizard[2m > [22mprefills title and tagline from seedInfo[32m 55[2mms[22m[39m
2026-10-06T02:07:53.2258465Z  [32m✓[39m [30m[43m chromium [49m[39m parity/emdash/default-seed-setup-runtime/source/packages/admin/tests/components/SetupWizard.test.tsx[2m > [22mSetupWizard[2m > [22muses empty string for title and tagline when not in seedInfo[32m 54[2mms[22m[39m
2026-10-06T02:07:53.3457631Z  [32m✓[39m [30m[43m chromium [49m[39m parity/emdash/default-seed-setup-runtime/source/packages/admin/tests/components/SetupWizard.test.tsx[2m > [22mSetupWizard[2m > [22mprefilled title can be edited and submitted[32m 120[2mms[22m[39m
2026-10-06T02:07:53.7113287Z  [32m✓[39m [30m[43m chromium [49m[39m parity/emdash/default-seed-setup-runtime/source/packages/admin/tests/components/SetupWizard.test.tsx[2m > [22mSetupWizard[2m > [22mstarting from a site package[2m > [22moffers import alongside sample content and an empty site[32m 57[2mms[22m[39m
2026-10-06T02:07:53.7116680Z  [32m✓[39m [30m[43m chromium [49m[39m parity/emdash/default-seed-setup-runtime/source/packages/admin/tests/components/SetupWizard.test.tsx[2m > [22mSetupWizard[2m > [22mstarting from a site package[2m > [22mskips sample content and lands on the Transfer import after signing in[33m 308[2mms[22m[39m
2026-10-06T02:07:53.9765489Z  [32m✓[39m [30m[43m chromium [49m[39m parity/emdash/default-seed-setup-runtime/source/packages/admin/tests/components/SetupWizard.test.tsx[2m > [22mSetupWizard[2m > [22mstarting from a site package[2m > [22mkeeps sample content and the dashboard as the default[32m 266[2mms[22m[39m
2026-10-06T02:07:54.2931612Z  [32m✓[39m [30m[43m chromium [49m[39m parity/emdash/default-seed-setup-runtime/source/packages/admin/tests/components/SetupWizard.test.tsx[2m > [22mSetupWizard[2m > [22mstarting from a site package[2m > [22mskips sample content for an empty site[33m 316[2mms[22m[39m
2026-10-06T02:07:54.4438793Z  [32m✓[39m [30m[43m chromium [49m[39m parity/emdash/default-seed-setup-runtime/source/packages/admin/tests/components/SetupWizard.test.tsx[2m > [22mSetupWizard[2m > [22mstarting from a site package[2m > [22mgoes straight to the Transfer import when Cloudflare Access completes setup[32m 151[2mms[22m[39m
2026-10-06T02:07:54.7278293Z  [32m✓[39m [30m[43m chromium [49m[39m parity/emdash/default-seed-setup-runtime/source/packages/admin/tests/components/SetupWizard.test.tsx[2m > [22mSetupWizard[2m > [22mkeeps posting while sample content remains, then advances[32m 178[2mms[22m[39m
2026-10-06T02:07:54.8284125Z  [32m✓[39m [30m[43m chromium [49m[39m parity/emdash/default-seed-setup-runtime/source/packages/admin/tests/components/SetupWizard.test.tsx[2m > [22mSetupWizard[2m > [22mkeeps the added sample content after a failed request and resumes on Continue[32m 206[2mms[22m[39m
2026-10-06T02:07:54.9952603Z  [32m✓[39m [30m[43m chromium [49m[39m parity/emdash/default-seed-setup-runtime/source/packages/admin/tests/components/SetupWizard.test.tsx[2m > [22mSetupWizard[2m > [22mstops posting when a request reports no progress[32m 167[2mms[22m[39m
2026-10-06T02:07:55.0028048Z 
2026-10-06T02:07:55.0032243Z [2m Test Files [22m [1m[32m1 passed[39m[22m[90m (1)[39m
2026-10-06T02:07:55.0033436Z [2m      Tests [22m [1m[32m18 passed[39m[22m[90m (18)[39m
2026-10-06T02:07:55.0034275Z [2m   Start at [22m 02:07:48
2026-10-06T02:07:55.0035727Z [2m   Duration [22m 6.92s[2m (transform 0ms, setup 251ms, import 589ms, tests 2.64s, environment 0ms)[22m
2026-10-06T02:07:55.0036554Z 
2026-10-06T02:07:55.0047525Z JSON report written to /home/runner/work/cms/cms/setup-source-results.json
2026-10-06T02:07:55.0129810Z 2026-10-06T02:07:55.010Z pw:browser [pid=3089][err] [1006/020755.006327:INFO:CONSOLE:1080] "[vite] server connection lost. Polling for restart...", source: http://localhost:63315/@vite/client (1080)
2026-10-06T02:07:55.0140730Z 2026-10-06T02:07:55.010Z pw:browser [pid=3089][err] [1006/020755.007904:INFO:CONSOLE:1211] "[vite] server connection lost. Polling for restart...", source: http://localhost:63315/__vitest_browser__/tester-BJtsJFpD.js (1211)
2026-10-06T02:07:55.0247496Z 2026-10-06T02:07:55.024Z pw:browser [pid=3089] <gracefully close start>
2026-10-06T02:07:55.0506929Z 2026-10-06T02:07:55.050Z pw:browser [pid=3089] <process did exit: exitCode=0, signal=null>
2026-10-06T02:07:55.0508071Z 2026-10-06T02:07:55.050Z pw:browser [pid=3089] starting temporary directories cleanup
2026-10-06T02:07:55.0542526Z 2026-10-06T02:07:55.054Z pw:browser [pid=3089] finished temporary directories cleanup
2026-10-06T02:07:55.0543308Z 2026-10-06T02:07:55.054Z pw:browser [pid=3089] <gracefully close end>
2026-10-06T02:07:55.1070409Z ##[group]Run timeout --kill-after=30s 360s pnpm exec vitest run --config vitest.default-seed-setup-wizard-native.browser.config.ts --reporter=verbose --reporter=json --outputFile.json=setup-native-results.json
2026-10-06T02:07:55.1071955Z [36;1mtimeout --kill-after=30s 360s pnpm exec vitest run --config vitest.default-seed-setup-wizard-native.browser.config.ts --reporter=verbose --reporter=json --outputFile.json=setup-native-results.json[0m
2026-10-06T02:07:55.1145809Z shell: /usr/bin/bash -e {0}
2026-10-06T02:07:55.1146093Z env:
2026-10-06T02:07:55.1146366Z   PNPM_HOME: /home/runner/setup-pnpm/node_modules/.bin
2026-10-06T02:07:55.1146696Z   DEBUG: pw:browser
2026-10-06T02:07:55.1146922Z ##[endgroup]
2026-10-06T02:07:56.1905138Z 
2026-10-06T02:07:56.1910023Z [1m[30m[46m RUN [49m[39m[22m [36mv4.1.10 [39m[90m/home/runner/work/cms/cms[39m
2026-10-06T02:07:56.1911099Z 
2026-10-06T02:07:56.2831726Z [2m2:07:56 AM[22m [36m[1m[vite][22m[39m [90m[2m(client)[22m[39m Re-optimizing dependencies because vite config has changed
2026-10-06T02:07:56.2843988Z [2m2:07:56 AM[22m [36m[1m[vite][22m[39m [34m[2m(ssr)[22m[39m Re-optimizing dependencies because vite config has changed
2026-10-06T02:07:56.9314062Z 2026-10-06T02:07:56.929Z pw:browser <launching> /home/runner/.cache/ms-playwright/chromium_headless_shell-1243/chrome-headless-shell-linux64/chrome-headless-shell --disable-field-trial-config --disable-background-networking --disable-background-timer-throttling --disable-backgrounding-occluded-windows --disable-back-forward-cache --disable-breakpad --disable-client-side-phishing-detection --disable-component-extensions-with-background-pages --disable-component-update --no-default-browser-check --disable-default-apps --disable-dev-shm-usage --disable-edgeupdater --disable-extensions --disable-features=AvoidUnnecessaryBeforeUnloadCheckSync,DestroyProfileOnBrowserClose,DialMediaRouteProvider,GlobalMediaControls,HttpsUpgrades,LensOverlay,MediaRouter,PaintHolding,ThirdPartyStoragePartitioning,BlockOriginHeaderModificationOnRedirect,Translate,AutoDeElevate,OptimizationHints,msForceBrowserSignIn,msEdgeUpdateLaunchServicesPreferredVersion --enable-features=CDPScreenshotNewSurface --allow-pre-commit-input --disable-hang-monitor --disable-ipc-flooding-protection --disable-popup-blocking --disable-prompt-on-repost --disable-renderer-backgrounding --disable-updater-scheduler --force-color-profile=srgb --metrics-recording-only --no-first-run --password-store=basic --use-mock-keychain --no-service-autorun --export-tagged-pdf --disable-search-engine-choice-screen --unsafely-disable-devtools-self-xss-warnings --edge-skip-compat-layer-relaunch --disable-infobars --disable-search-engine-choice-screen --disable-sync --enable-unsafe-swiftshader --headless --hide-scrollbars --mute-audio --blink-settings=primaryHoverType=2,availableHoverTypes=2,primaryPointerType=4,availablePointerTypes=4 --user-data-dir=/tmp/playwright_chromiumdev_profile-lPjOaF --remote-debugging-pipe --no-startup-window
2026-10-06T02:07:56.9364481Z 2026-10-06T02:07:56.936Z pw:browser <launched> pid=3212
2026-10-06T02:07:56.9883406Z 2026-10-06T02:07:56.986Z pw:browser [pid=3212][err] [1006/020756.984650:ERROR:dbus/bus.cc:405] Failed to connect to the bus: Could not parse server address: Unknown address type (examples of valid types are "tcp" and on UNIX "unix")
2026-10-06T02:07:57.0017720Z 2026-10-06T02:07:56.998Z pw:browser [pid=3212][err] [1006/020756.995829:ERROR:dbus/object_proxy.cc:572] Failed to call method: org.freedesktop.DBus.NameHasOwner: object_path= /org/freedesktop/DBus: unknown error type: 
2026-10-06T02:07:57.0068546Z 2026-10-06T02:07:56.998Z pw:browser [pid=3212][err] [1006/020756.996575:ERROR:dbus/bus.cc:405] Failed to connect to the bus: Could not parse server address: Unknown address type (examples of valid types are "tcp" and on UNIX "unix")
2026-10-06T02:07:57.0071987Z 2026-10-06T02:07:57.001Z pw:browser [pid=3212][err] [1006/020757.000804:ERROR:dbus/object_proxy.cc:572] Failed to call method: org.freedesktop.DBus.NameHasOwner: object_path= /org/freedesktop/DBus: unknown error type: 
2026-10-06T02:07:57.0096765Z 2026-10-06T02:07:57.004Z pw:browser [pid=3212][err] [1006/020757.004232:WARNING:media/gpu/vaapi/vaapi_wrapper.cc:1660] drmGetDevices2() has not found any devices
2026-10-06T02:07:57.0114353Z 2026-10-06T02:07:57.008Z pw:browser [pid=3212][err] [1006/020757.006187:WARNING:sandbox/policy/linux/sandbox_linux.cc:405] InitializeSandbox() called with multiple threads in process gpu-process.
2026-10-06T02:07:57.4198788Z 2026-10-06T02:07:57.419Z pw:browser [pid=3212][err] [1006/020757.419393:INFO:CONSOLE:934] "[vite] connecting...", source: http://localhost:63315/@vite/client (934)
2026-10-06T02:07:57.4272236Z 2026-10-06T02:07:57.426Z pw:browser [pid=3212][err] [1006/020757.426593:INFO:CONSOLE:1045] "[vite] connected.", source: http://localhost:63315/@vite/client (1045)
2026-10-06T02:07:57.4823005Z 2026-10-06T02:07:57.482Z pw:browser [pid=3212][err] [1006/020757.469776:INFO:CONSOLE:934] "[vite] connecting...", source: http://localhost:63315/@vite/client (934)
2026-10-06T02:07:57.4940736Z 2026-10-06T02:07:57.493Z pw:browser [pid=3212][err] [1006/020757.490254:INFO:CONSOLE:1045] "[vite] connected.", source: http://localhost:63315/@vite/client (1045)
2026-10-06T02:07:58.8663749Z  [32m✓[39m [30m[43m chromium [49m[39m tests/default-seed-setup/wizard-native-presentation.test.tsx[2m > [22mNative wizard presentation lifecycle[2m > [22mreturning to Site remounts its seed defaults and starting choice[33m 366[2mms[22m[39m
2026-10-06T02:07:59.0787825Z  [32m✓[39m [30m[43m chromium [49m[39m tests/default-seed-setup/wizard-native-presentation.test.tsx[2m > [22mNative wizard presentation lifecycle[2m > [22mreturning from Sign In remounts empty Account fields[32m 211[2mms[22m[39m
2026-10-06T02:07:59.3278060Z  [32m✓[39m [30m[43m chromium [49m[39m tests/default-seed-setup/wizard-native-presentation.test.tsx[2m > [22mNative wizard presentation lifecycle[2m > [22meach controlled registration attempt prepares fresh account options before the credential boundary[32m 250[2mms[22m[39m
2026-10-06T02:07:59.3351877Z 
2026-10-06T02:07:59.3356920Z [2m Test Files [22m [1m[32m1 passed[39m[22m[90m (1)[39m
2026-10-06T02:07:59.3358031Z [2m      Tests [22m [1m[32m3 passed[39m[22m[90m (3)[39m
2026-10-06T02:07:59.3359062Z [2m   Start at [22m 02:07:56
2026-10-06T02:07:59.3360257Z [2m   Duration [22m 3.14s[2m (transform 0ms, setup 238ms, import 511ms, tests 830ms, environment 0ms)[22m
2026-10-06T02:07:59.3361335Z 
2026-10-06T02:07:59.3371242Z JSON report written to /home/runner/work/cms/cms/setup-native-results.json
2026-10-06T02:07:59.3439630Z 2026-10-06T02:07:59.343Z pw:browser [pid=3212][err] [1006/020759.338702:INFO:CONSOLE:1080] "[vite] server connection lost. Polling for restart...", source: http://localhost:63315/@vite/client (1080)
2026-10-06T02:07:59.3446602Z 2026-10-06T02:07:59.343Z pw:browser [pid=3212][err] [1006/020759.340309:INFO:CONSOLE:1211] "[vite] server connection lost. Polling for restart...", source: http://localhost:63315/__vitest_browser__/tester-BJtsJFpD.js (1211)
2026-10-06T02:07:59.3593003Z 2026-10-06T02:07:59.359Z pw:browser [pid=3212] <gracefully close start>
2026-10-06T02:07:59.3847590Z 2026-10-06T02:07:59.384Z pw:browser [pid=3212] <process did exit: exitCode=0, signal=null>
2026-10-06T02:07:59.3849379Z 2026-10-06T02:07:59.384Z pw:browser [pid=3212] starting temporary directories cleanup
2026-10-06T02:07:59.3883020Z 2026-10-06T02:07:59.388Z pw:browser [pid=3212] finished temporary directories cleanup
2026-10-06T02:07:59.3884031Z 2026-10-06T02:07:59.388Z pw:browser [pid=3212] <gracefully close end>
2026-10-06T02:07:59.4452343Z ##[group]Run actions/upload-artifact@v4
2026-10-06T02:07:59.4452672Z with:
2026-10-06T02:07:59.4452904Z   name: default-seed-setup-source-results
2026-10-06T02:07:59.4453332Z   path: setup-source-results.json
setup-native-results.json
test-results/

2026-10-06T02:07:59.4453776Z   retention-days: 7
2026-10-06T02:07:59.4453996Z   if-no-files-found: warn
2026-10-06T02:07:59.4454230Z   compression-level: 6
2026-10-06T02:07:59.4454446Z   overwrite: false
2026-10-06T02:07:59.4455034Z   include-hidden-files: false
2026-10-06T02:07:59.4455319Z env:
2026-10-06T02:07:59.4455566Z   PNPM_HOME: /home/runner/setup-pnpm/node_modules/.bin
2026-10-06T02:07:59.4455880Z ##[endgroup]
2026-10-06T02:07:59.6378437Z (node:3276) [DEP0040] DeprecationWarning: The `punycode` module is deprecated. Please use a userland alternative instead.
2026-10-06T02:07:59.6379340Z (Use `node --trace-deprecation ...` to show where the warning was created)
2026-10-06T02:07:59.6464308Z Multiple search paths detected. Calculating the least common ancestor of all paths
2026-10-06T02:07:59.6469268Z The least common ancestor is /home/runner/work/cms/cms. This will be the root directory of the artifact
2026-10-06T02:07:59.6479618Z With the provided path, there will be 2 files uploaded
2026-10-06T02:07:59.6482015Z Artifact name is valid!
2026-10-06T02:07:59.6482981Z Root directory input is valid!
2026-10-06T02:08:00.0374949Z Beginning upload of artifact content to blob storage
2026-10-06T02:08:00.0597200Z (node:3276) [DEP0169] DeprecationWarning: `url.parse()` behavior is not standardized and prone to errors that have security implications. Use the WHATWG URL API instead. CVEs are not issued for `url.parse()` vulnerabilities.
2026-10-06T02:08:00.3189462Z Uploaded bytes 2012
2026-10-06T02:08:00.3923101Z Finished uploading artifact content to blob storage!
2026-10-06T02:08:00.3924332Z SHA256 digest of uploaded artifact zip is e0301d3d6030830ece6c82a322d75a1ffc3073cd7dd8dd84ef4b45dfe38e4e5b
2026-10-06T02:08:00.3927644Z Finalizing artifact upload
2026-10-06T02:08:00.6699280Z Artifact default-seed-setup-source-results.zip successfully finalized. Artifact ID 11385389413
2026-10-06T02:08:00.6701407Z Artifact default-seed-setup-source-results has been successfully uploaded! Final size is 2012 bytes. Artifact ID is 11385389413
2026-10-06T02:08:00.6709019Z Artifact download URL: https://github.com/sveltery/cms/actions/runs/37402546130/artifacts/11385389413
2026-10-06T02:08:00.6896641Z Post job cleanup.
2026-10-06T02:08:00.8341875Z (node:3289) [DEP0040] DeprecationWarning: The `punycode` module is deprecated. Please use a userland alternative instead.
2026-10-06T02:08:00.8342986Z (Use `node --trace-deprecation ...` to show where the warning was created)
2026-10-06T02:08:00.8346281Z Cache hit occurred on the primary key node-cache-Linux-x64-pnpm-cb01908ec0d0a45d9eb29e44f56e05364983ff2ce958acc694c939d2835b5d56, not saving cache.
2026-10-06T02:08:00.8462544Z Post job cleanup.
2026-10-06T02:08:01.0193978Z Pruning is unnecessary.
2026-10-06T02:08:01.0372282Z Post job cleanup.
2026-10-06T02:08:01.1422035Z [command]/usr/bin/git version
2026-10-06T02:08:01.1472631Z git version 2.55.0
2026-10-06T02:08:01.1549258Z Temporarily overriding HOME='/home/runner/work/_temp/165741cb-f630-4b10-a68d-d9360020bc7e' before making global git config changes
2026-10-06T02:08:01.1550885Z Adding repository directory to the temporary git global config as a safe directory
2026-10-06T02:08:01.1555792Z [command]/usr/bin/git config --global --add safe.directory /home/runner/work/cms/cms
2026-10-06T02:08:01.1610756Z [command]/usr/bin/git config --local --name-only --get-regexp core\.sshCommand
2026-10-06T02:08:01.1659713Z [command]/usr/bin/git submodule foreach --recursive sh -c "git config --local --name-only --get-regexp 'core\.sshCommand' && git config --local --unset-all 'core.sshCommand' || :"
2026-10-06T02:08:01.1993987Z [command]/usr/bin/git config --local --name-only --get-regexp http\.https\:\/\/github\.com\/\.extraheader
2026-10-06T02:08:01.2029816Z http.https://github.com/.extraheader
2026-10-06T02:08:01.2044141Z [command]/usr/bin/git config --local --unset-all http.https://github.com/.extraheader
2026-10-06T02:08:01.2090790Z [command]/usr/bin/git submodule foreach --recursive sh -c "git config --local --name-only --get-regexp 'http\.https\:\/\/github\.com\/\.extraheader' && git config --local --unset-all 'http.https://github.com/.extraheader' || :"
2026-10-06T02:08:01.2409053Z [command]/usr/bin/git config --local --name-only --get-regexp ^includeIf\.gitdir:
2026-10-06T02:08:01.2468195Z [command]/usr/bin/git submodule foreach --recursive git config --local --show-origin --name-only --get-regexp remote.origin.url
2026-10-06T02:08:01.3004257Z Cleaning up orphan processes
2026-10-06T02:08:01.3396973Z ##[warning]Node.js 20 is deprecated. The following actions target Node.js 20 but are being forced to run on Node.js 24: actions/checkout@v4, actions/setup-node@v4, actions/upload-artifact@v4, pnpm/action-setup@v4. For more information see: https://github.blog/changelog/2025-09-19-deprecation-of-node-20-on-github-actions-runners/
