2026-10-06T02:03:10.8612710Z Current runner version: '2.337.0'
2026-10-06T02:03:10.8634163Z ##[group]Runner Image Provisioner
2026-10-06T02:03:10.8634906Z Hosted Compute Agent
2026-10-06T02:03:10.8635426Z Version: 20260901.588
2026-10-06T02:03:10.8636026Z Commit: f88ec8081b781fac6c440065ac7ff9e710ce3d0b
2026-10-06T02:03:10.8636635Z Build Date: 2026-09-01T19:56:44Z
2026-10-06T02:03:10.8637201Z Worker ID: {b3c417ad-cb40-4ace-93ed-d8f802b32011}
2026-10-06T02:03:10.8637913Z Azure Region: westus3
2026-10-06T02:03:10.8638414Z ##[endgroup]
2026-10-06T02:03:10.8639565Z ##[group]Operating System
2026-10-06T02:03:10.8640104Z Ubuntu
2026-10-06T02:03:10.8640533Z 22.04.5
2026-10-06T02:03:10.8641035Z LTS
2026-10-06T02:03:10.8641489Z ##[endgroup]
2026-10-06T02:03:10.8641993Z ##[group]Runner Image
2026-10-06T02:03:10.8642533Z Image: ubuntu-22.04
2026-10-06T02:03:10.8643020Z Version: 20260927.309.1
2026-10-06T02:03:10.8644259Z Included Software: https://github.com/actions/runner-images/blob/ubuntu22/20260927.309/images/ubuntu/Ubuntu2204-Readme.md
2026-10-06T02:03:10.8645532Z Image Release: https://github.com/actions/runner-images/releases/tag/ubuntu22%2F20260927.309
2026-10-06T02:03:10.8646359Z ##[endgroup]
2026-10-06T02:03:10.8647309Z ##[group]GITHUB_TOKEN Permissions
2026-10-06T02:03:10.8648895Z Contents: read
2026-10-06T02:03:10.8649426Z Metadata: read
2026-10-06T02:03:10.8650023Z ##[endgroup]
2026-10-06T02:03:10.8651776Z Secret source: Actions
2026-10-06T02:03:10.8652660Z Cache mode: write
2026-10-06T02:03:10.8653234Z Prepare workflow directory
2026-10-06T02:03:10.8931498Z Prepare all required actions
2026-10-06T02:03:10.8987543Z Getting action download info
2026-10-06T02:03:11.2479034Z Download action repository 'actions/checkout@v4' (SHA:11d5960a326750d5838078e36cf38b85af677262)
2026-10-06T02:03:11.3422640Z Download action repository 'pnpm/action-setup@v4' (SHA:b906affcce14559ad1aafd4ab0e942779e9f58b1)
2026-10-06T02:03:12.0221287Z Download action repository 'actions/setup-node@v4' (SHA:49933ea5288caeca8642d1e84afbd3f7d6820020)
2026-10-06T02:03:12.3972862Z Download action repository 'actions/upload-artifact@v4' (SHA:ea165f8d65b6e75b540449e92b4886f43607fa02)
2026-10-06T02:03:12.6342078Z Complete job name: default-seed-setup-source
2026-10-06T02:03:12.7081190Z ##[group]Run actions/checkout@v4
2026-10-06T02:03:12.7082458Z with:
2026-10-06T02:03:12.7083295Z   repository: sveltery/cms
2026-10-06T02:03:12.7089610Z   token: ***
2026-10-06T02:03:12.7090513Z   ssh-strict: true
2026-10-06T02:03:12.7091330Z   ssh-user: git
2026-10-06T02:03:12.7092200Z   persist-credentials: true
2026-10-06T02:03:12.7093127Z   clean: true
2026-10-06T02:03:12.7093949Z   sparse-checkout-cone-mode: true
2026-10-06T02:03:12.7095023Z   fetch-depth: 1
2026-10-06T02:03:12.7095841Z   fetch-tags: false
2026-10-06T02:03:12.7096663Z   show-progress: true
2026-10-06T02:03:12.7097627Z   lfs: false
2026-10-06T02:03:12.7098406Z   submodules: false
2026-10-06T02:03:12.7099296Z   set-safe-directory: true
2026-10-06T02:03:12.7100224Z   allow-unsafe-pr-checkout: false
2026-10-06T02:03:12.7101431Z ##[endgroup]
2026-10-06T02:03:12.7976014Z Syncing repository: sveltery/cms
2026-10-06T02:03:12.7978770Z ##[group]Getting Git version info
2026-10-06T02:03:12.7980159Z Working directory is '/home/runner/work/cms/cms'
2026-10-06T02:03:12.7982029Z [command]/usr/bin/git version
2026-10-06T02:03:12.8002778Z git version 2.55.0
2026-10-06T02:03:12.8029287Z ##[endgroup]
2026-10-06T02:03:12.8035713Z Temporarily overriding HOME='/home/runner/work/_temp/b0b90bb5-a0ac-477f-ae7c-b90f487f2600' before making global git config changes
2026-10-06T02:03:12.8037970Z Adding repository directory to the temporary git global config as a safe directory
2026-10-06T02:03:12.8040376Z [command]/usr/bin/git config --global --add safe.directory /home/runner/work/cms/cms
2026-10-06T02:03:12.8075790Z Deleting the contents of '/home/runner/work/cms/cms'
2026-10-06T02:03:12.8083442Z ##[group]Initializing the repository
2026-10-06T02:03:12.8085696Z [command]/usr/bin/git init /home/runner/work/cms/cms
2026-10-06T02:03:12.8164772Z hint: Using 'master' as the name for the initial branch. This default branch name
2026-10-06T02:03:12.8168276Z hint: will change to "main" in Git 3.0. To configure the initial branch name
2026-10-06T02:03:12.8172625Z hint: to use in all of your new repositories, which will suppress this warning,
2026-10-06T02:03:12.8175903Z hint: call:
2026-10-06T02:03:12.8177965Z hint:
2026-10-06T02:03:12.8179592Z hint: 	git config --global init.defaultBranch <name>
2026-10-06T02:03:12.8181489Z hint:
2026-10-06T02:03:12.8183102Z hint: Names commonly chosen instead of 'master' are 'main', 'trunk' and
2026-10-06T02:03:12.8185664Z hint: 'development'. The just-created branch can be renamed via this command:
2026-10-06T02:03:12.8187062Z hint:
2026-10-06T02:03:12.8187909Z hint: 	git branch -m <name>
2026-10-06T02:03:12.8188831Z hint:
2026-10-06T02:03:12.8190283Z hint: Disable this message with "git config set advice.defaultBranchName false"
2026-10-06T02:03:12.8192422Z Initialized empty Git repository in /home/runner/work/cms/cms/.git/
2026-10-06T02:03:12.8196092Z [command]/usr/bin/git remote add origin https://github.com/sveltery/cms
2026-10-06T02:03:12.8216866Z ##[endgroup]
2026-10-06T02:03:12.8220642Z ##[group]Disabling automatic garbage collection
2026-10-06T02:03:12.8222710Z [command]/usr/bin/git config --local gc.auto 0
2026-10-06T02:03:12.8254717Z ##[endgroup]
2026-10-06T02:03:12.8256736Z ##[group]Setting up auth
2026-10-06T02:03:12.8259654Z [command]/usr/bin/git config --local --name-only --get-regexp core\.sshCommand
2026-10-06T02:03:12.8294239Z [command]/usr/bin/git submodule foreach --recursive sh -c "git config --local --name-only --get-regexp 'core\.sshCommand' && git config --local --unset-all 'core.sshCommand' || :"
2026-10-06T02:03:12.8764707Z [command]/usr/bin/git config --local --name-only --get-regexp http\.https\:\/\/github\.com\/\.extraheader
2026-10-06T02:03:12.8803189Z [command]/usr/bin/git submodule foreach --recursive sh -c "git config --local --name-only --get-regexp 'http\.https\:\/\/github\.com\/\.extraheader' && git config --local --unset-all 'http.https://github.com/.extraheader' || :"
2026-10-06T02:03:12.9028620Z [command]/usr/bin/git config --local --name-only --get-regexp ^includeIf\.gitdir:
2026-10-06T02:03:12.9063505Z [command]/usr/bin/git submodule foreach --recursive git config --local --show-origin --name-only --get-regexp remote.origin.url
2026-10-06T02:03:12.9291100Z [command]/usr/bin/git config --local http.https://github.com/.extraheader AUTHORIZATION: basic ***
2026-10-06T02:03:12.9333271Z ##[endgroup]
2026-10-06T02:03:12.9334817Z ##[group]Fetching the repository
2026-10-06T02:03:12.9343220Z [command]/usr/bin/git -c protocol.version=2 fetch --no-tags --prune --no-recurse-submodules --depth=1 origin +c0cd338add5a914ecf5fc8c90239ed980715ba08:refs/remotes/pull/126/merge
2026-10-06T02:03:14.5615498Z From https://github.com/sveltery/cms
2026-10-06T02:03:14.5616134Z  * [new ref]         c0cd338add5a914ecf5fc8c90239ed980715ba08 -> pull/126/merge
2026-10-06T02:03:14.5618209Z ##[endgroup]
2026-10-06T02:03:14.5618712Z ##[group]Determining the checkout info
2026-10-06T02:03:14.5620177Z ##[endgroup]
2026-10-06T02:03:14.5625665Z [command]/usr/bin/git sparse-checkout disable
2026-10-06T02:03:14.5667202Z [command]/usr/bin/git config --local --unset-all extensions.worktreeConfig
2026-10-06T02:03:14.5704239Z ##[group]Checking out the ref
2026-10-06T02:03:14.5707325Z [command]/usr/bin/git checkout --progress --force refs/remotes/pull/126/merge
2026-10-06T02:03:14.9719340Z Note: switching to 'refs/remotes/pull/126/merge'.
2026-10-06T02:03:14.9719717Z 
2026-10-06T02:03:14.9719991Z You are in 'detached HEAD' state. You can look around, make experimental
2026-10-06T02:03:14.9720598Z changes and commit them, and you can discard any commits you make in this
2026-10-06T02:03:14.9721209Z state without impacting any branches by switching back to a branch.
2026-10-06T02:03:14.9721575Z 
2026-10-06T02:03:14.9721845Z If you want to create a new branch to retain commits you create, you may
2026-10-06T02:03:14.9722397Z do so (now or later) by using -c with the switch command. Example:
2026-10-06T02:03:14.9723063Z 
2026-10-06T02:03:14.9723224Z   git switch -c <new-branch-name>
2026-10-06T02:03:14.9723450Z 
2026-10-06T02:03:14.9723630Z Or undo this operation with:
2026-10-06T02:03:14.9723828Z 
2026-10-06T02:03:14.9723949Z   git switch -
2026-10-06T02:03:14.9726494Z 
2026-10-06T02:03:14.9745018Z Turn off this advice by setting config variable advice.detachedHead to false
2026-10-06T02:03:14.9759690Z 
2026-10-06T02:03:14.9775113Z HEAD is now at c0cd338 Merge ce6aa822df50399bd6817c8f80c72ee31adf03aa into 82e3dd7b673f774ca8c3eceaafa28234641bd6b1
2026-10-06T02:03:14.9777529Z ##[endgroup]
2026-10-06T02:03:14.9780666Z [command]/usr/bin/git log -1 --format=%H
2026-10-06T02:03:14.9808719Z c0cd338add5a914ecf5fc8c90239ed980715ba08
2026-10-06T02:03:15.0021052Z ##[group]Run pnpm/action-setup@v4
2026-10-06T02:03:15.0021284Z with:
2026-10-06T02:03:15.0021454Z   version: 12.6.0
2026-10-06T02:03:15.0021631Z   dest: ~/setup-pnpm
2026-10-06T02:03:15.0021806Z   run_install: null
2026-10-06T02:03:15.0022006Z   cache: false
2026-10-06T02:03:15.0022185Z   cache_dependency_path: pnpm-lock.yaml
2026-10-06T02:03:15.0022442Z   package_json_file: package.json
2026-10-06T02:03:15.0022644Z   standalone: false
2026-10-06T02:03:15.0022813Z ##[endgroup]
2026-10-06T02:03:15.1210254Z ##[group]Running self-installer...
2026-10-06T02:03:15.4536807Z (node:1861) [DEP0169] DeprecationWarning: `url.parse()` behavior is not standardized and prone to errors that have security implications. Use the WHATWG URL API instead. CVEs are not issued for `url.parse()` vulnerabilities.
2026-10-06T02:03:15.4537867Z (Use `node --trace-deprecation ...` to show where the warning was created)
2026-10-06T02:03:15.6133347Z Progress: resolved 1, reused 0, downloaded 0, added 0
2026-10-06T02:03:15.7525459Z Packages: +3
2026-10-06T02:03:15.7531088Z +++
2026-10-06T02:03:16.3550224Z Progress: resolved 15, reused 0, downloaded 3, added 3, done
2026-10-06T02:03:16.3672605Z .../.pnpm/pnpm@12.6.0/node_modules/pnpm preinstall$ node install.js
2026-10-06T02:03:16.7232244Z .../.pnpm/pnpm@12.6.0/node_modules/pnpm preinstall: Done
2026-10-06T02:03:16.7236230Z .../.pnpm/pnpm@12.6.0/node_modules/pnpm postinstall$ node install.js
2026-10-06T02:03:16.7651775Z .../.pnpm/pnpm@12.6.0/node_modules/pnpm postinstall: Done
2026-10-06T02:03:17.9145189Z 
2026-10-06T02:03:17.9145625Z dependencies:
2026-10-06T02:03:17.9145868Z + pnpm 12.6.0 (12.9.1 is available)
2026-10-06T02:03:17.9146033Z 
2026-10-06T02:03:17.9163573Z Done in 2.6s
2026-10-06T02:03:17.9742513Z ##[endgroup]
2026-10-06T02:03:17.9742763Z Installation Completed!
2026-10-06T02:03:17.9904916Z ##[group]Run actions/setup-node@v4
2026-10-06T02:03:17.9905152Z with:
2026-10-06T02:03:17.9905313Z   node-version: 24
2026-10-06T02:03:17.9905482Z   cache: pnpm
2026-10-06T02:03:17.9905653Z   always-auth: false
2026-10-06T02:03:17.9905831Z   check-latest: false
2026-10-06T02:03:17.9907628Z   token: ***
2026-10-06T02:03:17.9907794Z env:
2026-10-06T02:03:17.9908016Z   PNPM_HOME: /home/runner/setup-pnpm/node_modules/.bin
2026-10-06T02:03:17.9908290Z ##[endgroup]
2026-10-06T02:03:18.1397712Z Found in cache @ /opt/hostedtoolcache/node/24.21.0/x64
2026-10-06T02:03:18.1401740Z (node:1892) [DEP0040] DeprecationWarning: The `punycode` module is deprecated. Please use a userland alternative instead.
2026-10-06T02:03:18.1402497Z (Use `node --trace-deprecation ...` to show where the warning was created)
2026-10-06T02:03:18.1403645Z ##[group]Environment details
2026-10-06T02:03:18.6169148Z node: v24.21.0
2026-10-06T02:03:18.6169432Z npm: 11.19.0
2026-10-06T02:03:18.6169670Z yarn: 1.22.22
2026-10-06T02:03:18.6170719Z ##[endgroup]
2026-10-06T02:03:18.6186572Z [command]/home/runner/setup-pnpm/node_modules/.bin/pnpm store path --silent
2026-10-06T02:03:18.6349545Z /home/runner/setup-pnpm/node_modules/.bin/store/v11
2026-10-06T02:03:18.8435319Z Cache hit for: node-cache-Linux-x64-pnpm-cb01908ec0d0a45d9eb29e44f56e05364983ff2ce958acc694c939d2835b5d56
2026-10-06T02:03:18.8518724Z (node:1892) [DEP0169] DeprecationWarning: `url.parse()` behavior is not standardized and prone to errors that have security implications. Use the WHATWG URL API instead. CVEs are not issued for `url.parse()` vulnerabilities.
2026-10-06T02:03:20.0538914Z Received 46137344 of 174062786 (26.5%), 43.9 MBs/sec
2026-10-06T02:03:20.9031923Z Received 174062786 of 174062786 (100.0%), 89.5 MBs/sec
2026-10-06T02:03:20.9034531Z Cache Size: ~166 MB (174062786 B)
2026-10-06T02:03:20.9059293Z [command]/usr/bin/tar -xf /home/runner/work/_temp/b4c4ab9e-49ec-4fe3-b698-ffb5a2fa9a47/cache.tzst -P -C /home/runner/work/cms/cms --use-compress-program unzstd
2026-10-06T02:03:22.4904367Z Cache restored successfully
2026-10-06T02:03:22.5239774Z Cache restored from key: node-cache-Linux-x64-pnpm-cb01908ec0d0a45d9eb29e44f56e05364983ff2ce958acc694c939d2835b5d56
2026-10-06T02:03:22.5484813Z ##[group]Run pnpm install --frozen-lockfile
2026-10-06T02:03:22.5485168Z [36;1mpnpm install --frozen-lockfile[0m
2026-10-06T02:03:22.6386010Z shell: /usr/bin/bash -e {0}
2026-10-06T02:03:22.6386302Z env:
2026-10-06T02:03:22.6386539Z   PNPM_HOME: /home/runner/setup-pnpm/node_modules/.bin
2026-10-06T02:03:22.6386812Z ##[endgroup]
2026-10-06T02:03:22.6901423Z ? Verifying lockfile against supply-chain policies (534 entries)...
2026-10-06T02:03:22.8469793Z Packages are hard linked from the content-addressable store to the virtual store.
2026-10-06T02:03:22.8470670Z   Content-addressable store is at: /home/runner/setup-pnpm/node_modules/.bin/store/v11
2026-10-06T02:03:22.8471244Z   Virtual store is at:             node_modules/.pnpm
2026-10-06T02:03:25.0510005Z ✓ Lockfile passes supply-chain policies (534 entries in 2.4s)
2026-10-06T02:03:25.0510584Z Lockfile is up to date, resolution step is skipped
2026-10-06T02:03:25.0587941Z Packages: +403
2026-10-06T02:03:25.0588569Z ++++++++++++++++++++++++++++++++++++++++++++++++++++++++++++++++++++++++++++++++
2026-10-06T02:03:25.1446668Z Progress: resolved 403, reused 403, downloaded 0, added 403, done
2026-10-06T02:03:25.3283020Z . prepare$ svelte-kit sync
2026-10-06T02:03:26.1126891Z . prepare: Done
2026-10-06T02:03:26.1135953Z 
2026-10-06T02:03:26.1136180Z dependencies:
2026-10-06T02:03:26.1136521Z + @oslojs/crypto 1.0.1
2026-10-06T02:03:26.1136845Z + @oslojs/encoding 1.1.0
2026-10-06T02:03:26.1137159Z + @oslojs/webauthn 1.0.0
2026-10-06T02:03:26.1137598Z + @wordpress/block-serialization-default-parser 5.38.0
2026-10-06T02:03:26.1138028Z + blurhash 2.0.5
2026-10-06T02:03:26.1138286Z + cn 0.2.2
2026-10-06T02:03:26.1138533Z + date-fns 4.1.0
2026-10-06T02:03:26.1138825Z + image-size 2.0.2
2026-10-06T02:03:26.1139094Z + jpeg-js 0.4.4
2026-10-06T02:03:26.1139365Z + jsonc-parser 3.3.1
2026-10-06T02:03:26.1139621Z + kysely 0.29.2
2026-10-06T02:03:26.1139856Z + mime 4.1.0
2026-10-06T02:03:26.1140092Z + parse5 7.3.0
2026-10-06T02:03:26.1140383Z + smol-toml 1.6.0
2026-10-06T02:03:26.1140680Z + ulidx 2.4.1
2026-10-06T02:03:26.1140949Z + upng-js 2.1.0
2026-10-06T02:03:26.1141182Z + valibot 1.5.0
2026-10-06T02:03:26.1141421Z + zod 4.5.4
2026-10-06T02:03:26.1141555Z 
2026-10-06T02:03:26.1141673Z devDependencies:
2026-10-06T02:03:26.1141949Z + @babel/core 7.29.7
2026-10-06T02:03:26.1142221Z + @cloudflare/kumo 2.6.0
2026-10-06T02:03:26.1142636Z + @cloudflare/workers-types 4.20260507.1
2026-10-06T02:03:26.1142989Z + @floating-ui/dom 1.8.0
2026-10-06T02:03:26.1143344Z + @lingui/babel-plugin-lingui-macro 5.9.5
2026-10-06T02:03:26.1143691Z + @lingui/conf 5.9.5
2026-10-06T02:03:26.1143950Z + @lingui/core 5.9.5
2026-10-06T02:03:26.1144455Z + @lingui/react 5.9.5
2026-10-06T02:03:26.1144731Z + @playwright/test 1.63.0
2026-10-06T02:03:26.1145058Z + @sveltejs/adapter-auto 7.0.1
2026-10-06T02:03:26.1145419Z + @sveltejs/adapter-cloudflare 7.2.9
2026-10-06T02:03:26.1145801Z + @sveltejs/adapter-node 5.5.7
2026-10-06T02:03:26.1146123Z + @sveltejs/kit 2.70.3
2026-10-06T02:03:26.1146467Z + @sveltejs/vite-plugin-svelte 7.3.1
2026-10-06T02:03:26.1146854Z + @tanstack/react-query 5.90.21
2026-10-06T02:03:26.1147210Z + @tanstack/react-router 1.163.2
2026-10-06T02:03:26.1147569Z + @testing-library/react 16.3.2
2026-10-06T02:03:26.1148160Z + @types/jsdom 30.0.0
2026-10-06T02:03:26.1148422Z + @types/node 24.19.0
2026-10-06T02:03:26.1148687Z + @types/react 19.3.0
2026-10-06T02:03:26.1148981Z + @types/react-dom 19.3.0
2026-10-06T02:03:26.1149322Z + @vitest/browser-playwright 4.1.10
2026-10-06T02:03:26.1149652Z + devalue 5.9.4
2026-10-06T02:03:26.1149903Z + jsdom 30.1.1
2026-10-06T02:03:26.1150187Z + miniflare 4.20260507.1
2026-10-06T02:03:26.1150451Z + pg 8.18.0
2026-10-06T02:03:26.1155493Z + react 19.3.0
2026-10-06T02:03:26.1155948Z + react-day-picker 9.14.0
2026-10-06T02:03:26.1156276Z + react-dom 19.3.0
2026-10-06T02:03:26.1156535Z + svelte 5.57.1
2026-10-06T02:03:26.1156803Z + svelte-check 4.7.6
2026-10-06T02:03:26.1157176Z + typescript 6.0.3
2026-10-06T02:03:26.1157434Z + vite 8.3.2
2026-10-06T02:03:26.1157967Z + vitest 4.1.10
2026-10-06T02:03:26.1158271Z + vitest-browser-react 2.2.0
2026-10-06T02:03:26.1158768Z + wrangler 4.99.0
2026-10-06T02:03:26.1158931Z 
2026-10-06T02:03:26.1159119Z Done in 3.5s using pnpm v12.6.0
2026-10-06T02:03:26.1501305Z ##[group]Run pnpm exec playwright install --with-deps chromium
2026-10-06T02:03:26.1501698Z [36;1mpnpm exec playwright install --with-deps chromium[0m
2026-10-06T02:03:26.1563720Z shell: /usr/bin/bash -e {0}
2026-10-06T02:03:26.1563944Z env:
2026-10-06T02:03:26.1564368Z   PNPM_HOME: /home/runner/setup-pnpm/node_modules/.bin
2026-10-06T02:03:26.1564618Z ##[endgroup]
2026-10-06T02:03:26.5720465Z Installing dependencies...
2026-10-06T02:03:26.5789324Z Switching to root user to install dependencies...
2026-10-06T02:03:26.6736340Z Get:1 file:/etc/apt/apt-mirrors.txt Mirrorlist [144 B]
2026-10-06T02:03:26.7001197Z Get:6 https://packages.microsoft.com/ubuntu/22.04/prod jammy InRelease [3632 B]
2026-10-06T02:03:26.7086062Z Hit:2 http://azure.archive.ubuntu.com/ubuntu jammy InRelease
2026-10-06T02:03:26.7094230Z Get:3 http://azure.archive.ubuntu.com/ubuntu jammy-updates InRelease [128 kB]
2026-10-06T02:03:26.7135651Z Get:4 http://azure.archive.ubuntu.com/ubuntu jammy-backports InRelease [127 kB]
2026-10-06T02:03:26.7154656Z Get:5 http://azure.archive.ubuntu.com/ubuntu jammy-security InRelease [129 kB]
2026-10-06T02:03:26.7635832Z Get:7 https://packages.microsoft.com/ubuntu/22.04/prod jammy/main arm64 Packages [551 kB]
2026-10-06T02:03:26.7792421Z Get:8 https://packages.microsoft.com/ubuntu/22.04/prod jammy/main amd64 Packages [797 kB]
2026-10-06T02:03:26.9183860Z Get:9 http://azure.archive.ubuntu.com/ubuntu jammy-updates/main amd64 Packages [3907 kB]
2026-10-06T02:03:26.9362076Z Get:10 http://azure.archive.ubuntu.com/ubuntu jammy-updates/main Translation-en [576 kB]
2026-10-06T02:03:26.9373223Z Get:11 http://azure.archive.ubuntu.com/ubuntu jammy-updates/restricted amd64 Packages [6714 kB]
2026-10-06T02:03:26.9650307Z Get:12 http://azure.archive.ubuntu.com/ubuntu jammy-updates/restricted Translation-en [1290 kB]
2026-10-06T02:03:26.9709649Z Get:13 http://azure.archive.ubuntu.com/ubuntu jammy-updates/universe amd64 Packages [1285 kB]
2026-10-06T02:03:26.9787462Z Get:14 http://azure.archive.ubuntu.com/ubuntu jammy-updates/universe Translation-en [325 kB]
2026-10-06T02:03:27.0701358Z Get:15 http://azure.archive.ubuntu.com/ubuntu jammy-security/main amd64 Packages [3631 kB]
2026-10-06T02:03:27.0844218Z Get:16 http://azure.archive.ubuntu.com/ubuntu jammy-security/main Translation-en [508 kB]
2026-10-06T02:03:27.0871518Z Get:17 http://azure.archive.ubuntu.com/ubuntu jammy-security/restricted amd64 Packages [6465 kB]
2026-10-06T02:03:27.1127729Z Get:18 http://azure.archive.ubuntu.com/ubuntu jammy-security/restricted Translation-en [1244 kB]
2026-10-06T02:03:27.1622506Z Get:19 http://azure.archive.ubuntu.com/ubuntu jammy-security/universe amd64 Packages [1052 kB]
2026-10-06T02:03:27.1664971Z Get:20 http://azure.archive.ubuntu.com/ubuntu jammy-security/universe Translation-en [237 kB]
2026-10-06T02:03:35.9895317Z Fetched 29.0 MB in 3s (10.5 MB/s)
2026-10-06T02:03:37.0653551Z Reading package lists...
2026-10-06T02:03:37.1177543Z Reading package lists...
2026-10-06T02:03:37.3753564Z Building dependency tree...
2026-10-06T02:03:37.3763259Z Reading state information...
2026-10-06T02:03:37.5366626Z fonts-liberation is already the newest version (1:1.07.4-11).
2026-10-06T02:03:37.5367024Z fonts-liberation set to manually installed.
2026-10-06T02:03:37.5367667Z libatk-bridge2.0-0 is already the newest version (2.38.0-3).
2026-10-06T02:03:37.5368132Z libatk-bridge2.0-0 set to manually installed.
2026-10-06T02:03:37.5368628Z libatk1.0-0 is already the newest version (2.36.0-3build1).
2026-10-06T02:03:37.5369109Z libatk1.0-0 set to manually installed.
2026-10-06T02:03:37.5369574Z libatspi2.0-0 is already the newest version (2.44.0-3).
2026-10-06T02:03:37.5370034Z libatspi2.0-0 set to manually installed.
2026-10-06T02:03:37.5370548Z libfontconfig1 is already the newest version (2.13.1-4.2ubuntu5).
2026-10-06T02:03:37.5371072Z libfontconfig1 set to manually installed.
2026-10-06T02:03:37.5371572Z libxcb1 is already the newest version (1.14-3ubuntu3).
2026-10-06T02:03:37.5372045Z libxcb1 set to manually installed.
2026-10-06T02:03:37.5373181Z libxcomposite1 is already the newest version (1:0.4.5-1build2).
2026-10-06T02:03:37.5373739Z libxcomposite1 set to manually installed.
2026-10-06T02:03:37.5374463Z libxdamage1 is already the newest version (1:1.1.5-2build2).
2026-10-06T02:03:37.5374931Z libxdamage1 set to manually installed.
2026-10-06T02:03:37.5375432Z libxext6 is already the newest version (2:1.3.4-1build1).
2026-10-06T02:03:37.5375894Z libxext6 set to manually installed.
2026-10-06T02:03:37.5376359Z libxfixes3 is already the newest version (1:6.0.0-1).
2026-10-06T02:03:37.5376840Z libxfixes3 set to manually installed.
2026-10-06T02:03:37.5377290Z libxkbcommon0 is already the newest version (1.4.0-1).
2026-10-06T02:03:37.5377792Z libxkbcommon0 set to manually installed.
2026-10-06T02:03:37.5378330Z libxrandr2 is already the newest version (2:1.5.2-1build1).
2026-10-06T02:03:37.5378825Z libxrandr2 set to manually installed.
2026-10-06T02:03:37.5379450Z fonts-noto-color-emoji is already the newest version (2.047-0ubuntu0.22.04.1).
2026-10-06T02:03:37.5380162Z libasound2 is already the newest version (1.2.6.1-1ubuntu1.2).
2026-10-06T02:03:37.5380662Z libasound2 set to manually installed.
2026-10-06T02:03:37.5381177Z libcairo2 is already the newest version (1.16.0-5ubuntu2.1).
2026-10-06T02:03:37.5381656Z libcairo2 set to manually installed.
2026-10-06T02:03:37.5382223Z libcups2 is already the newest version (2.4.1op1-1ubuntu4.21).
2026-10-06T02:03:37.5382731Z libcups2 set to manually installed.
2026-10-06T02:03:37.5383219Z libdbus-1-3 is already the newest version (1.12.20-2ubuntu4.1).
2026-10-06T02:03:37.5383691Z libdbus-1-3 set to manually installed.
2026-10-06T02:03:37.5384345Z libdrm2 is already the newest version (2.4.113-2~ubuntu0.22.04.1).
2026-10-06T02:03:37.5384847Z libdrm2 set to manually installed.
2026-10-06T02:03:37.5385376Z libfreetype6 is already the newest version (2.11.1+dfsg-1ubuntu0.3).
2026-10-06T02:03:37.5385909Z libfreetype6 set to manually installed.
2026-10-06T02:03:37.5386464Z libgbm1 is already the newest version (23.2.1-1ubuntu3.1~22.04.4).
2026-10-06T02:03:37.5386994Z libgbm1 set to manually installed.
2026-10-06T02:03:37.5387540Z libglib2.0-0 is already the newest version (2.72.4-0ubuntu2.10).
2026-10-06T02:03:37.5388039Z libglib2.0-0 set to manually installed.
2026-10-06T02:03:37.5388572Z libnspr4 is already the newest version (2:4.35-0ubuntu0.22.04.1).
2026-10-06T02:03:37.5389202Z libnss3 is already the newest version (2:3.98-0ubuntu0.22.04.4).
2026-10-06T02:03:37.5389835Z libpango-1.0-0 is already the newest version (1.50.6+ds-2ubuntu1).
2026-10-06T02:03:37.5390376Z libpango-1.0-0 set to manually installed.
2026-10-06T02:03:37.5390963Z libwayland-client0 is already the newest version (1.20.0-1ubuntu0.1).
2026-10-06T02:03:37.5391545Z libwayland-client0 set to manually installed.
2026-10-06T02:03:37.5392109Z libx11-6 is already the newest version (2:1.7.5-1ubuntu0.3).
2026-10-06T02:03:37.5392587Z libx11-6 set to manually installed.
2026-10-06T02:03:37.5393127Z xvfb is already the newest version (2:21.1.4-2ubuntu1.7~22.04.16).
2026-10-06T02:03:37.5393969Z The following additional packages will be installed:
2026-10-06T02:03:37.5394613Z   xfonts-encodings xfonts-utils
2026-10-06T02:03:37.5394978Z Recommended packages:
2026-10-06T02:03:37.5395332Z   fonts-ipafont-mincho fonts-tlwg-loma
2026-10-06T02:03:37.8764886Z The following NEW packages will be installed:
2026-10-06T02:03:37.8765333Z   fonts-freefont-ttf fonts-ipafont-gothic fonts-tlwg-loma-otf fonts-unifont
2026-10-06T02:03:37.8771634Z   fonts-wqy-zenhei xfonts-cyrillic xfonts-encodings xfonts-scalable
2026-10-06T02:03:37.8771960Z   xfonts-utils
2026-10-06T02:03:37.8930954Z 0 upgraded, 9 newly installed, 0 to remove and 20 not upgraded.
2026-10-06T02:03:37.8931555Z Need to get 18.4 MB of archives.
2026-10-06T02:03:37.8932116Z After this operation, 56.8 MB of additional disk space will be used.
2026-10-06T02:03:37.8932617Z Get:1 file:/etc/apt/apt-mirrors.txt Mirrorlist [144 B]
2026-10-06T02:03:37.9771475Z Get:2 http://azure.archive.ubuntu.com/ubuntu jammy/universe amd64 fonts-ipafont-gothic all 00303-21ubuntu1 [3513 kB]
2026-10-06T02:03:38.1713335Z Get:3 http://azure.archive.ubuntu.com/ubuntu jammy/main amd64 fonts-freefont-ttf all 20120503-10build1 [2388 kB]
2026-10-06T02:03:38.2923625Z Get:4 http://azure.archive.ubuntu.com/ubuntu jammy/universe amd64 fonts-tlwg-loma-otf all 1:0.7.3-1 [107 kB]
2026-10-06T02:03:38.3570239Z Get:5 http://azure.archive.ubuntu.com/ubuntu jammy/universe amd64 fonts-unifont all 1:14.0.01-1 [3551 kB]
2026-10-06T02:03:38.4940726Z Get:6 http://azure.archive.ubuntu.com/ubuntu jammy/universe amd64 fonts-wqy-zenhei all 0.9.45-8 [7472 kB]
2026-10-06T02:03:38.7101184Z Get:7 http://azure.archive.ubuntu.com/ubuntu jammy/main amd64 xfonts-encodings all 1:1.0.5-0ubuntu2 [578 kB]
2026-10-06T02:03:38.7856087Z Get:8 http://azure.archive.ubuntu.com/ubuntu jammy/main amd64 xfonts-utils amd64 1:7.7+6build2 [94.6 kB]
2026-10-06T02:03:38.8507399Z Get:9 http://azure.archive.ubuntu.com/ubuntu jammy/universe amd64 xfonts-cyrillic all 1:1.0.5 [386 kB]
2026-10-06T02:03:38.9218088Z Get:10 http://azure.archive.ubuntu.com/ubuntu jammy/main amd64 xfonts-scalable all 1:1.0.3-1.2ubuntu1 [306 kB]
2026-10-06T02:03:39.2757849Z Fetched 18.4 MB in 1s (17.6 MB/s)
2026-10-06T02:03:39.2981907Z Selecting previously unselected package fonts-ipafont-gothic.
2026-10-06T02:03:39.3225823Z (Reading database ... 
2026-10-06T02:03:39.3226127Z (Reading database ... 5%
2026-10-06T02:03:39.3226458Z (Reading database ... 10%
2026-10-06T02:03:39.3226794Z (Reading database ... 15%
2026-10-06T02:03:39.3227122Z (Reading database ... 20%
2026-10-06T02:03:39.3227441Z (Reading database ... 25%
2026-10-06T02:03:39.3227717Z (Reading database ... 30%
2026-10-06T02:03:39.3227917Z (Reading database ... 35%
2026-10-06T02:03:39.3228116Z (Reading database ... 40%
2026-10-06T02:03:39.3228321Z (Reading database ... 45%
2026-10-06T02:03:39.3228528Z (Reading database ... 50%
2026-10-06T02:03:39.3781162Z (Reading database ... 55%
2026-10-06T02:03:39.5761434Z (Reading database ... 60%
2026-10-06T02:03:39.8237137Z (Reading database ... 65%
2026-10-06T02:03:40.0559365Z (Reading database ... 70%
2026-10-06T02:03:40.2793750Z (Reading database ... 75%
2026-10-06T02:03:40.4743938Z (Reading database ... 80%
2026-10-06T02:03:40.6762811Z (Reading database ... 85%
2026-10-06T02:03:40.9332749Z (Reading database ... 90%
2026-10-06T02:03:41.1286520Z (Reading database ... 95%
2026-10-06T02:03:41.1286896Z (Reading database ... 100%
2026-10-06T02:03:41.1288802Z (Reading database ... 260411 files and directories currently installed.)
2026-10-06T02:03:41.1348469Z Preparing to unpack .../0-fonts-ipafont-gothic_00303-21ubuntu1_all.deb ...
2026-10-06T02:03:41.1746465Z Unpacking fonts-ipafont-gothic (00303-21ubuntu1) ...
2026-10-06T02:03:41.4286652Z Selecting previously unselected package fonts-freefont-ttf.
2026-10-06T02:03:41.4474916Z Preparing to unpack .../1-fonts-freefont-ttf_20120503-10build1_all.deb ...
2026-10-06T02:03:41.4480747Z Unpacking fonts-freefont-ttf (20120503-10build1) ...
2026-10-06T02:03:41.6312761Z Selecting previously unselected package fonts-tlwg-loma-otf.
2026-10-06T02:03:41.6494983Z Preparing to unpack .../2-fonts-tlwg-loma-otf_1%3a0.7.3-1_all.deb ...
2026-10-06T02:03:41.6500845Z Unpacking fonts-tlwg-loma-otf (1:0.7.3-1) ...
2026-10-06T02:03:41.6725671Z Selecting previously unselected package fonts-unifont.
2026-10-06T02:03:41.6909832Z Preparing to unpack .../3-fonts-unifont_1%3a14.0.01-1_all.deb ...
2026-10-06T02:03:41.6920316Z Unpacking fonts-unifont (1:14.0.01-1) ...
2026-10-06T02:03:41.8563720Z Selecting previously unselected package fonts-wqy-zenhei.
2026-10-06T02:03:41.8747960Z Preparing to unpack .../4-fonts-wqy-zenhei_0.9.45-8_all.deb ...
2026-10-06T02:03:41.8886047Z Unpacking fonts-wqy-zenhei (0.9.45-8) ...
2026-10-06T02:03:42.4023673Z Selecting previously unselected package xfonts-encodings.
2026-10-06T02:03:42.4207468Z Preparing to unpack .../5-xfonts-encodings_1%3a1.0.5-0ubuntu2_all.deb ...
2026-10-06T02:03:42.5012144Z Unpacking xfonts-encodings (1:1.0.5-0ubuntu2) ...
2026-10-06T02:03:42.5322714Z Selecting previously unselected package xfonts-utils.
2026-10-06T02:03:42.5505481Z Preparing to unpack .../6-xfonts-utils_1%3a7.7+6build2_amd64.deb ...
2026-10-06T02:03:42.5511505Z Unpacking xfonts-utils (1:7.7+6build2) ...
2026-10-06T02:03:42.5805286Z Selecting previously unselected package xfonts-cyrillic.
2026-10-06T02:03:42.5988405Z Preparing to unpack .../7-xfonts-cyrillic_1%3a1.0.5_all.deb ...
2026-10-06T02:03:42.5995189Z Unpacking xfonts-cyrillic (1:1.0.5) ...
2026-10-06T02:03:42.6420389Z Selecting previously unselected package xfonts-scalable.
2026-10-06T02:03:42.6602847Z Preparing to unpack .../8-xfonts-scalable_1%3a1.0.3-1.2ubuntu1_all.deb ...
2026-10-06T02:03:42.7231736Z Unpacking xfonts-scalable (1:1.0.3-1.2ubuntu1) ...
2026-10-06T02:03:42.7779065Z Setting up fonts-wqy-zenhei (0.9.45-8) ...
2026-10-06T02:03:42.7880299Z Setting up fonts-freefont-ttf (20120503-10build1) ...
2026-10-06T02:03:42.7897131Z Setting up fonts-tlwg-loma-otf (1:0.7.3-1) ...
2026-10-06T02:03:42.7913806Z Setting up xfonts-encodings (1:1.0.5-0ubuntu2) ...
2026-10-06T02:03:42.7928085Z Setting up fonts-ipafont-gothic (00303-21ubuntu1) ...
2026-10-06T02:03:42.8008614Z update-alternatives: using /usr/share/fonts/opentype/ipafont-gothic/ipag.ttf to provide /usr/share/fonts/truetype/fonts-japanese-gothic.ttf (fonts-japanese-gothic.ttf) in auto mode
2026-10-06T02:03:42.8024646Z Setting up fonts-unifont (1:14.0.01-1) ...
2026-10-06T02:03:42.8042133Z Setting up xfonts-utils (1:7.7+6build2) ...
2026-10-06T02:03:42.8076292Z Setting up xfonts-cyrillic (1:1.0.5) ...
2026-10-06T02:03:42.8413683Z Setting up xfonts-scalable (1:1.0.3-1.2ubuntu1) ...
2026-10-06T02:03:42.8674380Z Processing triggers for man-db (2.10.2-1) ...
2026-10-06T02:03:42.8691657Z Not building database; man-db/auto-update is not 'true'.
2026-10-06T02:03:42.8702135Z Processing triggers for fontconfig (2.13.1-4.2ubuntu5) ...
2026-10-06T02:03:44.1640673Z 
2026-10-06T02:03:44.1641375Z Running kernel seems to be up-to-date.
2026-10-06T02:03:44.1641699Z 
2026-10-06T02:03:44.1641952Z No services need to be restarted.
2026-10-06T02:03:44.1642185Z 
2026-10-06T02:03:44.1642357Z No containers need to be restarted.
2026-10-06T02:03:44.1642571Z 
2026-10-06T02:03:44.1644615Z No user sessions are running outdated binaries.
2026-10-06T02:03:44.1644815Z 
2026-10-06T02:03:44.1645060Z No VM guests are running outdated hypervisor (qemu) binaries on this host.
2026-10-06T02:03:45.3577255Z Downloading Chrome for Testing 153.0.8010.12 (playwright chromium v1243) from https://cdn.playwright.dev/builds/cft/153.0.8010.12/linux64/chrome-linux64.zip
2026-10-06T02:03:45.7014958Z |                                                                                |   0% of 186.8 MiB
2026-10-06T02:03:45.8272944Z |■■■■■■■■                                                                        |  10% of 186.8 MiB
2026-10-06T02:03:45.9021437Z |■■■■■■■■■■■■■■■■                                                                |  20% of 186.8 MiB
2026-10-06T02:03:45.9794324Z |■■■■■■■■■■■■■■■■■■■■■■■■                                                        |  30% of 186.8 MiB
2026-10-06T02:03:46.0412398Z |■■■■■■■■■■■■■■■■■■■■■■■■■■■■■■■■                                                |  40% of 186.8 MiB
2026-10-06T02:03:46.1073404Z |■■■■■■■■■■■■■■■■■■■■■■■■■■■■■■■■■■■■■■■■                                        |  50% of 186.8 MiB
2026-10-06T02:03:46.1704858Z |■■■■■■■■■■■■■■■■■■■■■■■■■■■■■■■■■■■■■■■■■■■■■■■■                                |  60% of 186.8 MiB
2026-10-06T02:03:46.2410274Z |■■■■■■■■■■■■■■■■■■■■■■■■■■■■■■■■■■■■■■■■■■■■■■■■■■■■■■■■                        |  70% of 186.8 MiB
2026-10-06T02:03:46.3205944Z |■■■■■■■■■■■■■■■■■■■■■■■■■■■■■■■■■■■■■■■■■■■■■■■■■■■■■■■■■■■■■■■■                |  80% of 186.8 MiB
2026-10-06T02:03:46.3764624Z |■■■■■■■■■■■■■■■■■■■■■■■■■■■■■■■■■■■■■■■■■■■■■■■■■■■■■■■■■■■■■■■■■■■■■■■■        |  90% of 186.8 MiB
2026-10-06T02:03:46.4522310Z |■■■■■■■■■■■■■■■■■■■■■■■■■■■■■■■■■■■■■■■■■■■■■■■■■■■■■■■■■■■■■■■■■■■■■■■■■■■■■■■■| 100% of 186.8 MiB
2026-10-06T02:03:48.9224612Z Chrome for Testing 153.0.8010.12 (playwright chromium v1243) downloaded to /home/runner/.cache/ms-playwright/chromium-1243
2026-10-06T02:03:48.9228200Z Downloading FFmpeg (playwright ffmpeg v1011) from https://cdn.playwright.dev/dbazure/download/playwright/builds/ffmpeg/1011/ffmpeg-linux.zip
2026-10-06T02:03:49.2335444Z |                                                                                |   0% of 2.3 MiB
2026-10-06T02:03:49.2365092Z |■■■■■■■■                                                                        |  10% of 2.3 MiB
2026-10-06T02:03:49.2381934Z |■■■■■■■■■■■■■■■■                                                                |  20% of 2.3 MiB
2026-10-06T02:03:49.2403141Z |■■■■■■■■■■■■■■■■■■■■■■■■                                                        |  30% of 2.3 MiB
2026-10-06T02:03:49.2419561Z |■■■■■■■■■■■■■■■■■■■■■■■■■■■■■■■■                                                |  40% of 2.3 MiB
2026-10-06T02:03:49.2432958Z |■■■■■■■■■■■■■■■■■■■■■■■■■■■■■■■■■■■■■■■■                                        |  50% of 2.3 MiB
2026-10-06T02:03:49.2440637Z |■■■■■■■■■■■■■■■■■■■■■■■■■■■■■■■■■■■■■■■■■■■■■■■■                                |  60% of 2.3 MiB
2026-10-06T02:03:49.2454323Z |■■■■■■■■■■■■■■■■■■■■■■■■■■■■■■■■■■■■■■■■■■■■■■■■■■■■■■■■                        |  70% of 2.3 MiB
2026-10-06T02:03:49.2459236Z |■■■■■■■■■■■■■■■■■■■■■■■■■■■■■■■■■■■■■■■■■■■■■■■■■■■■■■■■■■■■■■■■                |  80% of 2.3 MiB
2026-10-06T02:03:49.2471269Z |■■■■■■■■■■■■■■■■■■■■■■■■■■■■■■■■■■■■■■■■■■■■■■■■■■■■■■■■■■■■■■■■■■■■■■■■        |  90% of 2.3 MiB
2026-10-06T02:03:49.2486057Z |■■■■■■■■■■■■■■■■■■■■■■■■■■■■■■■■■■■■■■■■■■■■■■■■■■■■■■■■■■■■■■■■■■■■■■■■■■■■■■■■| 100% of 2.3 MiB
2026-10-06T02:03:49.2968684Z FFmpeg (playwright ffmpeg v1011) downloaded to /home/runner/.cache/ms-playwright/ffmpeg-1011
2026-10-06T02:03:49.2970711Z Downloading Chrome Headless Shell 153.0.8010.12 (playwright chromium-headless-shell v1243) from https://cdn.playwright.dev/builds/cft/153.0.8010.12/linux64/chrome-headless-shell-linux64.zip
2026-10-06T02:03:49.6441023Z |                                                                                |   0% of 114.3 MiB
2026-10-06T02:03:49.7585127Z |■■■■■■■■                                                                        |  10% of 114.3 MiB
2026-10-06T02:03:49.8341144Z |■■■■■■■■■■■■■■■■                                                                |  20% of 114.3 MiB
2026-10-06T02:03:49.9017494Z |■■■■■■■■■■■■■■■■■■■■■■■■                                                        |  30% of 114.3 MiB
2026-10-06T02:03:49.9796481Z |■■■■■■■■■■■■■■■■■■■■■■■■■■■■■■■■                                                |  40% of 114.3 MiB
2026-10-06T02:03:50.0647623Z |■■■■■■■■■■■■■■■■■■■■■■■■■■■■■■■■■■■■■■■■                                        |  50% of 114.3 MiB
2026-10-06T02:03:50.1430662Z |■■■■■■■■■■■■■■■■■■■■■■■■■■■■■■■■■■■■■■■■■■■■■■■■                                |  60% of 114.3 MiB
2026-10-06T02:03:50.2359575Z |■■■■■■■■■■■■■■■■■■■■■■■■■■■■■■■■■■■■■■■■■■■■■■■■■■■■■■■■                        |  70% of 114.3 MiB
2026-10-06T02:03:50.3142031Z |■■■■■■■■■■■■■■■■■■■■■■■■■■■■■■■■■■■■■■■■■■■■■■■■■■■■■■■■■■■■■■■■                |  80% of 114.3 MiB
2026-10-06T02:03:50.5018828Z |■■■■■■■■■■■■■■■■■■■■■■■■■■■■■■■■■■■■■■■■■■■■■■■■■■■■■■■■■■■■■■■■■■■■■■■■        |  90% of 114.3 MiB
2026-10-06T02:03:50.5779672Z |■■■■■■■■■■■■■■■■■■■■■■■■■■■■■■■■■■■■■■■■■■■■■■■■■■■■■■■■■■■■■■■■■■■■■■■■■■■■■■■■| 100% of 114.3 MiB
2026-10-06T02:03:52.3338437Z Chrome Headless Shell 153.0.8010.12 (playwright chromium-headless-shell v1243) downloaded to /home/runner/.cache/ms-playwright/chromium_headless_shell-1243
2026-10-06T02:03:52.3937460Z ##[group]Run timeout --kill-after=30s 360s pnpm exec vitest run --config vitest.default-seed-setup-wizard.browser.config.ts --reporter=verbose --reporter=json --outputFile.json=setup-source-results.json
2026-10-06T02:03:52.3938577Z [36;1mtimeout --kill-after=30s 360s pnpm exec vitest run --config vitest.default-seed-setup-wizard.browser.config.ts --reporter=verbose --reporter=json --outputFile.json=setup-source-results.json[0m
2026-10-06T02:03:52.4000747Z shell: /usr/bin/bash -e {0}
2026-10-06T02:03:52.4000973Z env:
2026-10-06T02:03:52.4001189Z   PNPM_HOME: /home/runner/setup-pnpm/node_modules/.bin
2026-10-06T02:03:52.4001448Z   DEBUG: pw:browser
2026-10-06T02:03:52.4001629Z ##[endgroup]
2026-10-06T02:03:53.3402463Z 
2026-10-06T02:03:53.3405908Z [1m[30m[46m RUN [49m[39m[22m [36mv4.1.10 [39m[90m/home/runner/work/cms/cms[39m
2026-10-06T02:03:53.3406355Z 
2026-10-06T02:03:53.9208567Z 2026-10-06T02:03:53.919Z pw:browser <launching> /home/runner/.cache/ms-playwright/chromium_headless_shell-1243/chrome-headless-shell-linux64/chrome-headless-shell --disable-field-trial-config --disable-background-networking --disable-background-timer-throttling --disable-backgrounding-occluded-windows --disable-back-forward-cache --disable-breakpad --disable-client-side-phishing-detection --disable-component-extensions-with-background-pages --disable-component-update --no-default-browser-check --disable-default-apps --disable-dev-shm-usage --disable-edgeupdater --disable-extensions --disable-features=AvoidUnnecessaryBeforeUnloadCheckSync,DestroyProfileOnBrowserClose,DialMediaRouteProvider,GlobalMediaControls,HttpsUpgrades,LensOverlay,MediaRouter,PaintHolding,ThirdPartyStoragePartitioning,BlockOriginHeaderModificationOnRedirect,Translate,AutoDeElevate,OptimizationHints,msForceBrowserSignIn,msEdgeUpdateLaunchServicesPreferredVersion --enable-features=CDPScreenshotNewSurface --allow-pre-commit-input --disable-hang-monitor --disable-ipc-flooding-protection --disable-popup-blocking --disable-prompt-on-repost --disable-renderer-backgrounding --disable-updater-scheduler --force-color-profile=srgb --metrics-recording-only --no-first-run --password-store=basic --use-mock-keychain --no-service-autorun --export-tagged-pdf --disable-search-engine-choice-screen --unsafely-disable-devtools-self-xss-warnings --edge-skip-compat-layer-relaunch --disable-infobars --disable-search-engine-choice-screen --disable-sync --enable-unsafe-swiftshader --headless --hide-scrollbars --mute-audio --blink-settings=primaryHoverType=2,availableHoverTypes=2,primaryPointerType=4,availablePointerTypes=4 --user-data-dir=/tmp/playwright_chromiumdev_profile-APY4hx --remote-debugging-pipe --no-startup-window
2026-10-06T02:03:53.9247343Z 2026-10-06T02:03:53.924Z pw:browser <launched> pid=2842
2026-10-06T02:03:54.0275070Z 2026-10-06T02:03:54.027Z pw:browser [pid=2842][err] [1006/020354.024534:ERROR:dbus/bus.cc:405] Failed to connect to the bus: Could not parse server address: Unknown address type (examples of valid types are "tcp" and on UNIX "unix")
2026-10-06T02:03:54.0286997Z 2026-10-06T02:03:54.028Z pw:browser [pid=2842][err] Unable to revert mtime: /usr/share/fonts
2026-10-06T02:03:54.0309568Z 2026-10-06T02:03:54.030Z pw:browser [pid=2842][err] Unable to revert mtime: /usr/share/fonts/truetype
2026-10-06T02:03:54.0466459Z 2026-10-06T02:03:54.046Z pw:browser [pid=2842][err] Unable to revert mtime: /usr/share/fonts/truetype/dejavu
2026-10-06T02:03:54.0538992Z 2026-10-06T02:03:54.053Z pw:browser [pid=2842][err] [1006/020354.053285:WARNING:media/gpu/vaapi/vaapi_wrapper.cc:1660] drmGetDevices2() has not found any devices
2026-10-06T02:03:54.0549409Z 2026-10-06T02:03:54.054Z pw:browser [pid=2842][err] [1006/020354.054649:WARNING:sandbox/policy/linux/sandbox_linux.cc:405] InitializeSandbox() called with multiple threads in process gpu-process.
2026-10-06T02:03:54.2629004Z 2026-10-06T02:03:54.262Z pw:browser [pid=2842][err] Unable to revert mtime: /usr/share/fonts/truetype/lato
2026-10-06T02:03:54.3764342Z 2026-10-06T02:03:54.376Z pw:browser [pid=2842][err] Unable to revert mtime: /usr/share/fonts/truetype/liberation
2026-10-06T02:03:54.4607269Z 2026-10-06T02:03:54.460Z pw:browser [pid=2842][err] Unable to revert mtime: /usr/share/fonts/truetype/noto
2026-10-06T02:03:54.5850360Z 2026-10-06T02:03:54.584Z pw:browser [pid=2842][err] [1006/020354.583817:ERROR:dbus/object_proxy.cc:572] Failed to call method: org.freedesktop.DBus.NameHasOwner: object_path= /org/freedesktop/DBus: unknown error type: 
2026-10-06T02:03:54.5852875Z 2026-10-06T02:03:54.584Z pw:browser [pid=2842][err] [1006/020354.583982:ERROR:dbus/bus.cc:405] Failed to connect to the bus: Could not parse server address: Unknown address type (examples of valid types are "tcp" and on UNIX "unix")
2026-10-06T02:03:54.5888590Z 2026-10-06T02:03:54.588Z pw:browser [pid=2842][err] [1006/020354.587340:ERROR:dbus/object_proxy.cc:572] Failed to call method: org.freedesktop.DBus.NameHasOwner: object_path= /org/freedesktop/DBus: unknown error type: 
2026-10-06T02:03:54.8869766Z 2026-10-06T02:03:54.886Z pw:browser [pid=2842][err] [1006/020354.886634:INFO:CONSOLE:934] "[vite] connecting...", source: http://localhost:63315/@vite/client (934)
2026-10-06T02:03:54.8931494Z 2026-10-06T02:03:54.892Z pw:browser [pid=2842][err] [1006/020354.892089:INFO:CONSOLE:1045] "[vite] connected.", source: http://localhost:63315/@vite/client (1045)
2026-10-06T02:03:54.9411770Z 2026-10-06T02:03:54.940Z pw:browser [pid=2842][err] [1006/020354.937010:INFO:CONSOLE:934] "[vite] connecting...", source: http://localhost:63315/@vite/client (934)
2026-10-06T02:03:54.9503043Z 2026-10-06T02:03:54.950Z pw:browser [pid=2842][err] [1006/020354.946831:INFO:CONSOLE:1045] "[vite] connected.", source: http://localhost:63315/@vite/client (1045)
2026-10-06T02:03:55.9449399Z  [32m✓[39m [30m[43m chromium [49m[39m parity/emdash/default-seed-setup-runtime/source/packages/admin/tests/components/SetupWizard.test.tsx[2m > [22mSetupWizard[2m > [22mshows site setup step first with title input[32m 73[2mms[22m[39m
2026-10-06T02:03:56.0494821Z  [32m✓[39m [30m[43m chromium [49m[39m parity/emdash/default-seed-setup-runtime/source/packages/admin/tests/components/SetupWizard.test.tsx[2m > [22mSetupWizard[2m > [22mempty title prevents advancing and shows validation error[32m 132[2mms[22m[39m
2026-10-06T02:03:56.1743723Z  [32m✓[39m [30m[43m chromium [49m[39m parity/emdash/default-seed-setup-runtime/source/packages/admin/tests/components/SetupWizard.test.tsx[2m > [22mSetupWizard[2m > [22mfilling title and clicking Next advances to admin step[32m 123[2mms[22m[39m
2026-10-06T02:03:56.2730441Z  [32m✓[39m [30m[43m chromium [49m[39m parity/emdash/default-seed-setup-runtime/source/packages/admin/tests/components/SetupWizard.test.tsx[2m > [22mSetupWizard[2m > [22mdoes not present media usage tracking as an onboarding choice[32m 54[2mms[22m[39m
2026-10-06T02:03:56.4389922Z  [32m✓[39m [30m[43m chromium [49m[39m parity/emdash/default-seed-setup-runtime/source/packages/admin/tests/components/SetupWizard.test.tsx[2m > [22mSetupWizard[2m > [22madmin step shows email input[32m 111[2mms[22m[39m
2026-10-06T02:03:56.5598796Z  [32m✓[39m [30m[43m chromium [49m[39m parity/emdash/default-seed-setup-runtime/source/packages/admin/tests/components/SetupWizard.test.tsx[2m > [22mSetupWizard[2m > [22mempty email prevents advancing on admin step[32m 166[2mms[22m[39m
2026-10-06T02:03:56.5601646Z  [32m✓[39m [30m[43m chromium [49m[39m parity/emdash/default-seed-setup-runtime/source/packages/admin/tests/components/SetupWizard.test.tsx[2m > [22mSetupWizard[2m > [22mstep indicator shows three steps[32m 55[2mms[22m[39m
2026-10-06T02:03:56.6682615Z  [32m✓[39m [30m[43m chromium [49m[39m parity/emdash/default-seed-setup-runtime/source/packages/admin/tests/components/SetupWizard.test.tsx[2m > [22mSetupWizard[2m > [22mprefills title and tagline from seedInfo[32m 54[2mms[22m[39m
2026-10-06T02:03:56.6686824Z  [32m✓[39m [30m[43m chromium [49m[39m parity/emdash/default-seed-setup-runtime/source/packages/admin/tests/components/SetupWizard.test.tsx[2m > [22mSetupWizard[2m > [22muses empty string for title and tagline when not in seedInfo[32m 54[2mms[22m[39m
2026-10-06T02:03:56.7721808Z  [32m✓[39m [30m[43m chromium [49m[39m parity/emdash/default-seed-setup-runtime/source/packages/admin/tests/components/SetupWizard.test.tsx[2m > [22mSetupWizard[2m > [22mprefilled title can be edited and submitted[32m 104[2mms[22m[39m
2026-10-06T02:03:57.1220270Z  [32m✓[39m [30m[43m chromium [49m[39m parity/emdash/default-seed-setup-runtime/source/packages/admin/tests/components/SetupWizard.test.tsx[2m > [22mSetupWizard[2m > [22mstarting from a site package[2m > [22moffers import alongside sample content and an empty site[32m 56[2mms[22m[39m
2026-10-06T02:03:57.1223237Z  [32m✓[39m [30m[43m chromium [49m[39m parity/emdash/default-seed-setup-runtime/source/packages/admin/tests/components/SetupWizard.test.tsx[2m > [22mSetupWizard[2m > [22mstarting from a site package[2m > [22mskips sample content and lands on the Transfer import after signing in[32m 292[2mms[22m[39m
2026-10-06T02:03:57.3868972Z  [32m✓[39m [30m[43m chromium [49m[39m parity/emdash/default-seed-setup-runtime/source/packages/admin/tests/components/SetupWizard.test.tsx[2m > [22mSetupWizard[2m > [22mstarting from a site package[2m > [22mkeeps sample content and the dashboard as the default[32m 266[2mms[22m[39m
2026-10-06T02:03:57.7041215Z  [32m✓[39m [30m[43m chromium [49m[39m parity/emdash/default-seed-setup-runtime/source/packages/admin/tests/components/SetupWizard.test.tsx[2m > [22mSetupWizard[2m > [22mstarting from a site package[2m > [22mskips sample content for an empty site[33m 316[2mms[22m[39m
2026-10-06T02:03:57.8546545Z  [32m✓[39m [30m[43m chromium [49m[39m parity/emdash/default-seed-setup-runtime/source/packages/admin/tests/components/SetupWizard.test.tsx[2m > [22mSetupWizard[2m > [22mstarting from a site package[2m > [22mgoes straight to the Transfer import when Cloudflare Access completes setup[32m 151[2mms[22m[39m
2026-10-06T02:03:58.0310697Z  [32m✓[39m [30m[43m chromium [49m[39m parity/emdash/default-seed-setup-runtime/source/packages/admin/tests/components/SetupWizard.test.tsx[2m > [22mSetupWizard[2m > [22mkeeps posting while sample content remains, then advances[32m 176[2mms[22m[39m
2026-10-06T02:03:58.3381117Z  [32m✓[39m [30m[43m chromium [49m[39m parity/emdash/default-seed-setup-runtime/source/packages/admin/tests/components/SetupWizard.test.tsx[2m > [22mSetupWizard[2m > [22mkeeps the added sample content after a failed request and resumes on Continue[32m 208[2mms[22m[39m
2026-10-06T02:03:58.3919387Z  [32m✓[39m [30m[43m chromium [49m[39m parity/emdash/default-seed-setup-runtime/source/packages/admin/tests/components/SetupWizard.test.tsx[2m > [22mSetupWizard[2m > [22mstops posting when a request reports no progress[32m 150[2mms[22m[39m
2026-10-06T02:03:58.3940703Z 
2026-10-06T02:03:58.3943309Z [2m Test Files [22m [1m[32m1 passed[39m[22m[90m (1)[39m
2026-10-06T02:03:58.3943879Z [2m      Tests [22m [1m[32m18 passed[39m[22m[90m (18)[39m
2026-10-06T02:03:58.3944454Z [2m   Start at [22m 02:03:53
2026-10-06T02:03:58.3945028Z [2m   Duration [22m 5.05s[2m (transform 0ms, setup 193ms, import 496ms, tests 2.55s, environment 0ms)[22m
2026-10-06T02:03:58.3946489Z 
2026-10-06T02:03:58.3955079Z JSON report written to /home/runner/work/cms/cms/setup-source-results.json
2026-10-06T02:03:58.4023259Z 2026-10-06T02:03:58.399Z pw:browser [pid=2842][err] [1006/020358.396558:INFO:CONSOLE:1080] "[vite] server connection lost. Polling for restart...", source: http://localhost:63315/@vite/client (1080)
2026-10-06T02:03:58.4025563Z 2026-10-06T02:03:58.399Z pw:browser [pid=2842][err] [1006/020358.397857:INFO:CONSOLE:1211] "[vite] server connection lost. Polling for restart...", source: http://localhost:63315/__vitest_browser__/tester-BJtsJFpD.js (1211)
2026-10-06T02:03:58.4099927Z 2026-10-06T02:03:58.409Z pw:browser [pid=2842] <gracefully close start>
2026-10-06T02:03:58.4287926Z 2026-10-06T02:03:58.428Z pw:browser [pid=2842] <process did exit: exitCode=0, signal=null>
2026-10-06T02:03:58.4289007Z 2026-10-06T02:03:58.428Z pw:browser [pid=2842] starting temporary directories cleanup
2026-10-06T02:03:58.4315942Z 2026-10-06T02:03:58.431Z pw:browser [pid=2842] finished temporary directories cleanup
2026-10-06T02:03:58.4316607Z 2026-10-06T02:03:58.431Z pw:browser [pid=2842] <gracefully close end>
2026-10-06T02:03:58.4756363Z ##[group]Run timeout --kill-after=30s 360s pnpm exec vitest run --config vitest.default-seed-setup-wizard-native.browser.config.ts --reporter=verbose --reporter=json --outputFile.json=setup-native-results.json
2026-10-06T02:03:58.4757521Z [36;1mtimeout --kill-after=30s 360s pnpm exec vitest run --config vitest.default-seed-setup-wizard-native.browser.config.ts --reporter=verbose --reporter=json --outputFile.json=setup-native-results.json[0m
2026-10-06T02:03:58.4821742Z shell: /usr/bin/bash -e {0}
2026-10-06T02:03:58.4821964Z env:
2026-10-06T02:03:58.4822179Z   PNPM_HOME: /home/runner/setup-pnpm/node_modules/.bin
2026-10-06T02:03:58.4822432Z   DEBUG: pw:browser
2026-10-06T02:03:58.4822612Z ##[endgroup]
2026-10-06T02:03:59.2867584Z 
2026-10-06T02:03:59.2870623Z [1m[30m[46m RUN [49m[39m[22m [36mv4.1.10 [39m[90m/home/runner/work/cms/cms[39m
2026-10-06T02:03:59.2871079Z 
2026-10-06T02:03:59.3530927Z [2m2:03:59 AM[22m [36m[1m[vite][22m[39m [90m[2m(client)[22m[39m Re-optimizing dependencies because vite config has changed
2026-10-06T02:03:59.3539619Z [2m2:03:59 AM[22m [36m[1m[vite][22m[39m [34m[2m(ssr)[22m[39m Re-optimizing dependencies because vite config has changed
2026-10-06T02:03:59.8915054Z 2026-10-06T02:03:59.889Z pw:browser <launching> /home/runner/.cache/ms-playwright/chromium_headless_shell-1243/chrome-headless-shell-linux64/chrome-headless-shell --disable-field-trial-config --disable-background-networking --disable-background-timer-throttling --disable-backgrounding-occluded-windows --disable-back-forward-cache --disable-breakpad --disable-client-side-phishing-detection --disable-component-extensions-with-background-pages --disable-component-update --no-default-browser-check --disable-default-apps --disable-dev-shm-usage --disable-edgeupdater --disable-extensions --disable-features=AvoidUnnecessaryBeforeUnloadCheckSync,DestroyProfileOnBrowserClose,DialMediaRouteProvider,GlobalMediaControls,HttpsUpgrades,LensOverlay,MediaRouter,PaintHolding,ThirdPartyStoragePartitioning,BlockOriginHeaderModificationOnRedirect,Translate,AutoDeElevate,OptimizationHints,msForceBrowserSignIn,msEdgeUpdateLaunchServicesPreferredVersion --enable-features=CDPScreenshotNewSurface --allow-pre-commit-input --disable-hang-monitor --disable-ipc-flooding-protection --disable-popup-blocking --disable-prompt-on-repost --disable-renderer-backgrounding --disable-updater-scheduler --force-color-profile=srgb --metrics-recording-only --no-first-run --password-store=basic --use-mock-keychain --no-service-autorun --export-tagged-pdf --disable-search-engine-choice-screen --unsafely-disable-devtools-self-xss-warnings --edge-skip-compat-layer-relaunch --disable-infobars --disable-search-engine-choice-screen --disable-sync --enable-unsafe-swiftshader --headless --hide-scrollbars --mute-audio --blink-settings=primaryHoverType=2,availableHoverTypes=2,primaryPointerType=4,availablePointerTypes=4 --user-data-dir=/tmp/playwright_chromiumdev_profile-o4dMff --remote-debugging-pipe --no-startup-window
2026-10-06T02:03:59.8955883Z 2026-10-06T02:03:59.895Z pw:browser <launched> pid=2973
2026-10-06T02:03:59.9320094Z 2026-10-06T02:03:59.931Z pw:browser [pid=2973][err] [1006/020359.930946:ERROR:dbus/bus.cc:405] Failed to connect to the bus: Could not parse server address: Unknown address type (examples of valid types are "tcp" and on UNIX "unix")
2026-10-06T02:03:59.9445361Z 2026-10-06T02:03:59.944Z pw:browser [pid=2973][err] [1006/020359.943299:ERROR:dbus/object_proxy.cc:572] Failed to call method: org.freedesktop.DBus.NameHasOwner: object_path= /org/freedesktop/DBus: unknown error type: 
2026-10-06T02:03:59.9466035Z 2026-10-06T02:03:59.944Z pw:browser [pid=2973][err] [1006/020359.943805:ERROR:dbus/bus.cc:405] Failed to connect to the bus: Could not parse server address: Unknown address type (examples of valid types are "tcp" and on UNIX "unix")
2026-10-06T02:03:59.9508146Z 2026-10-06T02:03:59.946Z pw:browser [pid=2973][err] [1006/020359.946419:ERROR:dbus/object_proxy.cc:572] Failed to call method: org.freedesktop.DBus.NameHasOwner: object_path= /org/freedesktop/DBus: unknown error type: 
2026-10-06T02:03:59.9527049Z 2026-10-06T02:03:59.951Z pw:browser [pid=2973][err] [1006/020359.949268:WARNING:media/gpu/vaapi/vaapi_wrapper.cc:1660] drmGetDevices2() has not found any devices
2026-10-06T02:03:59.9575277Z 2026-10-06T02:03:59.951Z pw:browser [pid=2973][err] [1006/020359.951160:WARNING:sandbox/policy/linux/sandbox_linux.cc:405] InitializeSandbox() called with multiple threads in process gpu-process.
2026-10-06T02:04:00.2790374Z 2026-10-06T02:04:00.278Z pw:browser [pid=2973][err] [1006/020400.278557:INFO:CONSOLE:934] "[vite] connecting...", source: http://localhost:63315/@vite/client (934)
2026-10-06T02:04:00.2852689Z 2026-10-06T02:04:00.285Z pw:browser [pid=2973][err] [1006/020400.284053:INFO:CONSOLE:1045] "[vite] connected.", source: http://localhost:63315/@vite/client (1045)
2026-10-06T02:04:00.3214808Z 2026-10-06T02:04:00.321Z pw:browser [pid=2973][err] [1006/020400.318435:INFO:CONSOLE:934] "[vite] connecting...", source: http://localhost:63315/@vite/client (934)
2026-10-06T02:04:00.3217012Z 2026-10-06T02:04:00.321Z pw:browser [pid=2973][err] [1006/020400.320213:INFO:CONSOLE:1045] "[vite] connected.", source: http://localhost:63315/@vite/client (1045)
2026-10-06T02:04:01.4090921Z  [32m✓[39m [30m[43m chromium [49m[39m tests/default-seed-setup/wizard-native-presentation.test.tsx[2m > [22mNative wizard presentation lifecycle[2m > [22mreturning to Site remounts its seed defaults and starting choice[32m 295[2mms[22m[39m
2026-10-06T02:04:01.6213990Z  [32m✓[39m [30m[43m chromium [49m[39m tests/default-seed-setup/wizard-native-presentation.test.tsx[2m > [22mNative wizard presentation lifecycle[2m > [22mreturning from Sign In remounts empty Account fields[32m 213[2mms[22m[39m
2026-10-06T02:04:01.8876008Z  [32m✓[39m [30m[43m chromium [49m[39m tests/default-seed-setup/wizard-native-presentation.test.tsx[2m > [22mNative wizard presentation lifecycle[2m > [22meach controlled registration attempt prepares fresh account options before the credential boundary[32m 267[2mms[22m[39m
2026-10-06T02:04:01.8933777Z 
2026-10-06T02:04:01.8937483Z [2m Test Files [22m [1m[32m1 passed[39m[22m[90m (1)[39m
2026-10-06T02:04:01.8938205Z [2m      Tests [22m [1m[32m3 passed[39m[22m[90m (3)[39m
2026-10-06T02:04:01.8938707Z [2m   Start at [22m 02:03:59
2026-10-06T02:04:01.8939542Z [2m   Duration [22m 2.60s[2m (transform 0ms, setup 182ms, import 391ms, tests 776ms, environment 0ms)[22m
2026-10-06T02:04:01.8940087Z 
2026-10-06T02:04:01.8947132Z JSON report written to /home/runner/work/cms/cms/setup-native-results.json
2026-10-06T02:04:01.9015612Z 2026-10-06T02:04:01.899Z pw:browser [pid=2973][err] [1006/020401.896306:INFO:CONSOLE:1080] "[vite] server connection lost. Polling for restart...", source: http://localhost:63315/@vite/client (1080)
2026-10-06T02:04:01.9039541Z 2026-10-06T02:04:01.899Z pw:browser [pid=2973][err] [1006/020401.897150:INFO:CONSOLE:1211] "[vite] server connection lost. Polling for restart...", source: http://localhost:63315/__vitest_browser__/tester-BJtsJFpD.js (1211)
2026-10-06T02:04:01.9144384Z 2026-10-06T02:04:01.911Z pw:browser [pid=2973] <gracefully close start>
2026-10-06T02:04:01.9342379Z 2026-10-06T02:04:01.933Z pw:browser [pid=2973] <process did exit: exitCode=0, signal=null>
2026-10-06T02:04:01.9343212Z 2026-10-06T02:04:01.934Z pw:browser [pid=2973] starting temporary directories cleanup
2026-10-06T02:04:01.9368290Z 2026-10-06T02:04:01.936Z pw:browser [pid=2973] finished temporary directories cleanup
2026-10-06T02:04:01.9369026Z 2026-10-06T02:04:01.936Z pw:browser [pid=2973] <gracefully close end>
2026-10-06T02:04:01.9831124Z ##[group]Run actions/upload-artifact@v4
2026-10-06T02:04:01.9831514Z with:
2026-10-06T02:04:01.9842715Z   name: default-seed-setup-source-results
2026-10-06T02:04:01.9843080Z   path: setup-source-results.json
setup-native-results.json
test-results/

2026-10-06T02:04:01.9843415Z   retention-days: 7
2026-10-06T02:04:01.9843630Z   if-no-files-found: warn
2026-10-06T02:04:01.9843857Z   compression-level: 6
2026-10-06T02:04:01.9844135Z   overwrite: false
2026-10-06T02:04:01.9844313Z   include-hidden-files: false
2026-10-06T02:04:01.9844507Z env:
2026-10-06T02:04:01.9844710Z   PNPM_HOME: /home/runner/setup-pnpm/node_modules/.bin
2026-10-06T02:04:01.9844961Z ##[endgroup]
2026-10-06T02:04:02.1340283Z (node:3039) [DEP0040] DeprecationWarning: The `punycode` module is deprecated. Please use a userland alternative instead.
2026-10-06T02:04:02.1341014Z (Use `node --trace-deprecation ...` to show where the warning was created)
2026-10-06T02:04:02.1406222Z Multiple search paths detected. Calculating the least common ancestor of all paths
2026-10-06T02:04:02.1415142Z The least common ancestor is /home/runner/work/cms/cms. This will be the root directory of the artifact
2026-10-06T02:04:02.1416132Z With the provided path, there will be 2 files uploaded
2026-10-06T02:04:02.1417137Z Artifact name is valid!
2026-10-06T02:04:02.1417666Z Root directory input is valid!
2026-10-06T02:04:02.4648408Z Beginning upload of artifact content to blob storage
2026-10-06T02:04:02.4798801Z (node:3039) [DEP0169] DeprecationWarning: `url.parse()` behavior is not standardized and prone to errors that have security implications. Use the WHATWG URL API instead. CVEs are not issued for `url.parse()` vulnerabilities.
2026-10-06T02:04:02.6816385Z Uploaded bytes 1997
2026-10-06T02:04:02.7376366Z Finished uploading artifact content to blob storage!
2026-10-06T02:04:02.7377363Z SHA256 digest of uploaded artifact zip is 76e05ce7c8d920fa4d24f0019a76076bda89d8f40f8eb0337430cbb7e9fe99e9
2026-10-06T02:04:02.7378495Z Finalizing artifact upload
2026-10-06T02:04:02.9699982Z Artifact default-seed-setup-source-results.zip successfully finalized. Artifact ID 11385537141
2026-10-06T02:04:02.9701207Z Artifact default-seed-setup-source-results has been successfully uploaded! Final size is 1997 bytes. Artifact ID is 11385537141
2026-10-06T02:04:02.9705639Z Artifact download URL: https://github.com/sveltery/cms/actions/runs/37402205155/artifacts/11385537141
2026-10-06T02:04:02.9860840Z Post job cleanup.
2026-10-06T02:04:03.0925803Z (node:3051) [DEP0040] DeprecationWarning: The `punycode` module is deprecated. Please use a userland alternative instead.
2026-10-06T02:04:03.0926454Z (Use `node --trace-deprecation ...` to show where the warning was created)
2026-10-06T02:04:03.0929090Z Cache hit occurred on the primary key node-cache-Linux-x64-pnpm-cb01908ec0d0a45d9eb29e44f56e05364983ff2ce958acc694c939d2835b5d56, not saving cache.
2026-10-06T02:04:03.1025102Z Post job cleanup.
2026-10-06T02:04:03.2292863Z Pruning is unnecessary.
2026-10-06T02:04:03.2425345Z Post job cleanup.
2026-10-06T02:04:03.3203808Z [command]/usr/bin/git version
2026-10-06T02:04:03.3240060Z git version 2.55.0
2026-10-06T02:04:03.3270197Z Temporarily overriding HOME='/home/runner/work/_temp/6ccacdb3-1b27-4388-b29c-ca927b26f381' before making global git config changes
2026-10-06T02:04:03.3271418Z Adding repository directory to the temporary git global config as a safe directory
2026-10-06T02:04:03.3274638Z [command]/usr/bin/git config --global --add safe.directory /home/runner/work/cms/cms
2026-10-06T02:04:03.3310285Z [command]/usr/bin/git config --local --name-only --get-regexp core\.sshCommand
2026-10-06T02:04:03.3341424Z [command]/usr/bin/git submodule foreach --recursive sh -c "git config --local --name-only --get-regexp 'core\.sshCommand' && git config --local --unset-all 'core.sshCommand' || :"
2026-10-06T02:04:03.3597382Z [command]/usr/bin/git config --local --name-only --get-regexp http\.https\:\/\/github\.com\/\.extraheader
2026-10-06T02:04:03.3620616Z http.https://github.com/.extraheader
2026-10-06T02:04:03.3630684Z [command]/usr/bin/git config --local --unset-all http.https://github.com/.extraheader
2026-10-06T02:04:03.3669058Z [command]/usr/bin/git submodule foreach --recursive sh -c "git config --local --name-only --get-regexp 'http\.https\:\/\/github\.com\/\.extraheader' && git config --local --unset-all 'http.https://github.com/.extraheader' || :"
2026-10-06T02:04:03.3916030Z [command]/usr/bin/git config --local --name-only --get-regexp ^includeIf\.gitdir:
2026-10-06T02:04:03.3951162Z [command]/usr/bin/git submodule foreach --recursive git config --local --show-origin --name-only --get-regexp remote.origin.url
2026-10-06T02:04:03.4342251Z Cleaning up orphan processes
2026-10-06T02:04:03.4645688Z ##[warning]Node.js 20 is deprecated. The following actions target Node.js 20 but are being forced to run on Node.js 24: actions/checkout@v4, actions/setup-node@v4, actions/upload-artifact@v4, pnpm/action-setup@v4. For more information see: https://github.blog/changelog/2025-09-19-deprecation-of-node-20-on-github-actions-runners/
