✔ Node schema administration orders and deletes through the existing service and atomic registry (284.977813ms)
✔ D1 schema administration orders and deletes through the existing service and atomic registry (4207.430358ms)
✖ schema field builder reads the actual canonical block type and version inventory (176.004127ms)
ℹ tests 3
ℹ suites 0
ℹ pass 2
ℹ fail 1
ℹ cancelled 0
ℹ skipped 0
ℹ todo 0
ℹ duration_ms 6767.951779

✖ failing tests:

test at tests/schema-admin-ui-service.test.ts:33:1
✖ schema field builder reads the actual canonical block type and version inventory (176.004127ms)
  AssertionError [ERR_ASSERTION]: Expected values to be strictly equal:
  + actual - expected
  
  + 'undefined'
  - 'function'
  
      at TestContext.<anonymous> (file:///workspace/cms-complete-schema-admin-ui/tests/schema-admin-ui-service.test.ts:40:12)
      at async Test.run (node:internal/test_runner/test:1389:7)
      at async Test.processPendingSubtests (node:internal/test_runner/test:960:7) {
    generatedMessage: true,
    code: 'ERR_ASSERTION',
    actual: 'undefined',
    expected: 'function',
    operator: 'strictEqual',
    diff: 'simple'
  }
