$ vitest run --config vitest.schema-admin-ui-native.config.ts

 RUN  v4.1.10 /workspace/cms-complete-schema-admin-ui

 ❯ tests/schema-admin-ui/native.test.ts (23 tests | 9 failed) 632ms
   × offers exactly the pinned Source repeater sub-field menu supported by the schema contract 10ms
   × keeps repeater saving disabled until the group has a sub-field, as the pinned Source requires 5ms
   × preserves an explicitly entered zero validation bound for number through the actual field callback 7ms
   × preserves an explicitly entered zero validation bound for integer through the actual field callback 4ms
   × preserves an explicitly entered zero validation bound for string through the actual field callback 4ms
   × preserves an explicitly entered zero validation bound for text through the actual field callback 3ms
   × preserves an explicitly entered zero validation bound for slug through the actual field callback 3ms
   × preserves an explicitly entered zero validation bound for repeater through the actual field callback 6ms
   × preserves an explicitly entered zero validation bound for blocks through the actual field callback 4ms

⎯⎯⎯⎯⎯⎯⎯ Failed Tests 9 ⎯⎯⎯⎯⎯⎯⎯

 FAIL  tests/schema-admin-ui/native.test.ts > offers exactly the pinned Source repeater sub-field menu supported by the schema contract
AssertionError: expected [ [ 'string', 'Short Text' ], …(13) ] to deeply equal [ [ 'string', 'Short Text' ], …(8) ]

- Expected
+ Received

@@ -26,13 +26,33 @@
    [
      "select",
      "Select",
    ],
    [
-     "url",
-     "URL",
+     "multiSelect",
+     "Multi Select",
+   ],
+   [
+     "portableText",
+     "Rich Text",
    ],
    [
      "image",
      "Image",
+   ],
+   [
+     "file",
+     "File",
+   ],
+   [
+     "json",
+     "JSON",
+   ],
+   [
+     "slug",
+     "Slug",
+   ],
+   [
+     "url",
+     "URL",
    ],
  ]

 ❯ tests/schema-admin-ui/native.test.ts:120:78
    118|   const select=[...target.querySelectorAll<HTMLLabelElement>('label')]…
    119|   // Immutable FieldEditor.tsx:1231–1241, not the Native type-list imp…
    120|   expect([...select.options].map(option=>[option.value,option.textCont…
       |                                                                              ^
    121|     ['string','Short Text'],['text','Long Text'],['number','Number'],[…
    122|     ['boolean','Boolean'],['datetime','Date & Time'],['select','Select…

⎯⎯⎯⎯⎯⎯⎯⎯⎯⎯⎯⎯⎯⎯⎯⎯⎯⎯⎯⎯⎯⎯⎯⎯[1/9]⎯

 FAIL  tests/schema-admin-ui/native.test.ts > keeps repeater saving disabled until the group has a sub-field, as the pinned Source requires
AssertionError: expected false to be true // Object.is equality

- Expected
+ Received

- true
+ false

 ❯ tests/schema-admin-ui/native.test.ts:129:25
    127|   mounted.push(mount(FieldEditor,{target,props:{open:true,onOpenChange…
    128|   const save=[...target.querySelectorAll<HTMLButtonElement>('button')]…
    129|   expect(save.disabled).toBe(true);
       |                         ^
    130|   [...target.querySelectorAll<HTMLButtonElement>('button')].find(butto…
    131|   expect(save.disabled).toBe(false);

⎯⎯⎯⎯⎯⎯⎯⎯⎯⎯⎯⎯⎯⎯⎯⎯⎯⎯⎯⎯⎯⎯⎯⎯[2/9]⎯

 FAIL  tests/schema-admin-ui/native.test.ts > preserves an explicitly entered zero validation bound for number through the actual field callback
AssertionError: expected "vi.fn()" to be called with arguments: [ ObjectContaining{…} ]

Received:

  1st vi.fn() call:

  [
-   ObjectContaining {
-     "validation": ObjectContaining {
-       "max": 0,
-       "min": 0,
-     },
+   {
+     "indexed": false,
+     "label": "Amount",
+     "required": false,
+     "searchable": undefined,
+     "slug": "amount",
+     "type": "number",
+     "unique": false,
+     "validation": null,
    },
  ]


Number of calls: 1

 ❯ tests/schema-admin-ui/native.test.ts:150:18
    148|   }
    149|   [...target.querySelectorAll<HTMLButtonElement>('button')].find(butto…
    150|   expect(onSave).toHaveBeenCalledWith(expect.objectContaining({validat…
       |                  ^
    151| });
    152|

⎯⎯⎯⎯⎯⎯⎯⎯⎯⎯⎯⎯⎯⎯⎯⎯⎯⎯⎯⎯⎯⎯⎯⎯[3/9]⎯

 FAIL  tests/schema-admin-ui/native.test.ts > preserves an explicitly entered zero validation bound for integer through the actual field callback
AssertionError: expected "vi.fn()" to be called with arguments: [ ObjectContaining{…} ]

Received:

  1st vi.fn() call:

  [
-   ObjectContaining {
-     "validation": ObjectContaining {
-       "max": 0,
-       "min": 0,
-     },
+   {
+     "indexed": false,
+     "label": "Amount",
+     "required": false,
+     "searchable": undefined,
+     "slug": "amount",
+     "type": "integer",
+     "unique": false,
+     "validation": null,
    },
  ]


Number of calls: 1

 ❯ tests/schema-admin-ui/native.test.ts:150:18
    148|   }
    149|   [...target.querySelectorAll<HTMLButtonElement>('button')].find(butto…
    150|   expect(onSave).toHaveBeenCalledWith(expect.objectContaining({validat…
       |                  ^
    151| });
    152|

⎯⎯⎯⎯⎯⎯⎯⎯⎯⎯⎯⎯⎯⎯⎯⎯⎯⎯⎯⎯⎯⎯⎯⎯[4/9]⎯

 FAIL  tests/schema-admin-ui/native.test.ts > preserves an explicitly entered zero validation bound for string through the actual field callback
AssertionError: expected "vi.fn()" to be called with arguments: [ ObjectContaining{…} ]

Received:

  1st vi.fn() call:

  [
-   ObjectContaining {
-     "validation": ObjectContaining {
-       "maxLength": 0,
-       "minLength": 0,
-     },
+   {
+     "indexed": false,
+     "label": "Amount",
+     "required": false,
+     "searchable": false,
+     "slug": "amount",
+     "type": "string",
+     "unique": false,
+     "validation": null,
    },
  ]


Number of calls: 1

 ❯ tests/schema-admin-ui/native.test.ts:150:18
    148|   }
    149|   [...target.querySelectorAll<HTMLButtonElement>('button')].find(butto…
    150|   expect(onSave).toHaveBeenCalledWith(expect.objectContaining({validat…
       |                  ^
    151| });
    152|

⎯⎯⎯⎯⎯⎯⎯⎯⎯⎯⎯⎯⎯⎯⎯⎯⎯⎯⎯⎯⎯⎯⎯⎯[5/9]⎯

 FAIL  tests/schema-admin-ui/native.test.ts > preserves an explicitly entered zero validation bound for text through the actual field callback
AssertionError: expected "vi.fn()" to be called with arguments: [ ObjectContaining{…} ]

Received:

  1st vi.fn() call:

  [
-   ObjectContaining {
-     "validation": ObjectContaining {
-       "maxLength": 0,
-       "minLength": 0,
-     },
+   {
+     "indexed": false,
+     "label": "Amount",
+     "required": false,
+     "searchable": false,
+     "slug": "amount",
+     "type": "text",
+     "unique": false,
+     "validation": null,
    },
  ]


Number of calls: 1

 ❯ tests/schema-admin-ui/native.test.ts:150:18
    148|   }
    149|   [...target.querySelectorAll<HTMLButtonElement>('button')].find(butto…
    150|   expect(onSave).toHaveBeenCalledWith(expect.objectContaining({validat…
       |                  ^
    151| });
    152|

⎯⎯⎯⎯⎯⎯⎯⎯⎯⎯⎯⎯⎯⎯⎯⎯⎯⎯⎯⎯⎯⎯⎯⎯[6/9]⎯

 FAIL  tests/schema-admin-ui/native.test.ts > preserves an explicitly entered zero validation bound for slug through the actual field callback
AssertionError: expected "vi.fn()" to be called with arguments: [ ObjectContaining{…} ]

Received:

  1st vi.fn() call:

  [
-   ObjectContaining {
-     "validation": ObjectContaining {
-       "maxLength": 0,
-       "minLength": 0,
-     },
+   {
+     "indexed": false,
+     "label": "Amount",
+     "required": false,
+     "searchable": false,
+     "slug": "amount",
+     "type": "slug",
+     "unique": false,
+     "validation": null,
    },
  ]


Number of calls: 1

 ❯ tests/schema-admin-ui/native.test.ts:150:18
    148|   }
    149|   [...target.querySelectorAll<HTMLButtonElement>('button')].find(butto…
    150|   expect(onSave).toHaveBeenCalledWith(expect.objectContaining({validat…
       |                  ^
    151| });
    152|

⎯⎯⎯⎯⎯⎯⎯⎯⎯⎯⎯⎯⎯⎯⎯⎯⎯⎯⎯⎯⎯⎯⎯⎯[7/9]⎯

 FAIL  tests/schema-admin-ui/native.test.ts > preserves an explicitly entered zero validation bound for repeater through the actual field callback
AssertionError: expected "vi.fn()" to be called with arguments: [ ObjectContaining{…} ]

Received:

  1st vi.fn() call:

  [
-   ObjectContaining {
-     "validation": ObjectContaining {
+   {
+     "indexed": false,
+     "label": "Amount",
+     "required": false,
+     "searchable": undefined,
+     "slug": "amount",
+     "type": "repeater",
+     "unique": false,
+     "validation": {
        "maxItems": 1,
-       "minItems": 0,
+       "subFields": [
+         {
+           "label": "Title",
+           "required": undefined,
+           "slug": "title",
+           "type": "string",
+         },
+       ],
      },
    },
  ]


Number of calls: 1

 ❯ tests/schema-admin-ui/native.test.ts:150:18
    148|   }
    149|   [...target.querySelectorAll<HTMLButtonElement>('button')].find(butto…
    150|   expect(onSave).toHaveBeenCalledWith(expect.objectContaining({validat…
       |                  ^
    151| });
    152|

⎯⎯⎯⎯⎯⎯⎯⎯⎯⎯⎯⎯⎯⎯⎯⎯⎯⎯⎯⎯⎯⎯⎯⎯[8/9]⎯

 FAIL  tests/schema-admin-ui/native.test.ts > preserves an explicitly entered zero validation bound for blocks through the actual field callback
AssertionError: expected "vi.fn()" to be called with arguments: [ ObjectContaining{…} ]

Received:

  1st vi.fn() call:

  [
-   ObjectContaining {
-     "validation": ObjectContaining {
+   {
+     "indexed": false,
+     "label": "Amount",
+     "required": false,
+     "searchable": undefined,
+     "slug": "amount",
+     "type": "blocks",
+     "unique": false,
+     "validation": {
+       "allowedTypes": [],
        "maxItems": 1,
-       "minItems": 0,
      },
    },
  ]


Number of calls: 1

 ❯ tests/schema-admin-ui/native.test.ts:150:18
    148|   }
    149|   [...target.querySelectorAll<HTMLButtonElement>('button')].find(butto…
    150|   expect(onSave).toHaveBeenCalledWith(expect.objectContaining({validat…
       |                  ^
    151| });
    152|

⎯⎯⎯⎯⎯⎯⎯⎯⎯⎯⎯⎯⎯⎯⎯⎯⎯⎯⎯⎯⎯⎯⎯⎯[9/9]⎯


 Test Files  1 failed | 3 passed (4)
      Tests  9 failed | 20 passed (29)
   Start at  07:00:41
   Duration  2.53s (transform 1.93s, setup 0ms, import 2.59s, tests 844ms, environment 2.28s)

[ELIFECYCLE] Command failed with exit code 1.
