$ node scripts/check-schema-admin-ui-source.mjs && vitest run --config vitest.schema-admin-ui-source.config.ts
Four whole immutable Source schema UI files are byte-exact; 138 declarations retained.

 RUN  v4.1.10 /workspace/cms-complete-schema-admin-ui

stderr | parity/emdash/schema-admin-ui-source/packages/admin/tests/components/ContentTypeEditor.test.tsx > ContentTypeEditor > calls onDeleteField when delete is confirmed via dialog
An update to Root inside a test was not wrapped in act(...).

When testing, code that causes React state updates should be wrapped into act(...):

act(() => {
  /* fire events that update state */
});
/* assert on the output */

This ensures that you're testing the behavior the user would see in the browser. Learn more at https://react.dev/link/wrap-tests-with-act

stderr | parity/emdash/schema-admin-ui-source/packages/admin/tests/components/ContentTypeEditor.test.tsx > ContentTypeEditor > deleting a reference field > deletes the relationship by default
An update to Root inside a test was not wrapped in act(...).

When testing, code that causes React state updates should be wrapped into act(...):

act(() => {
  /* fire events that update state */
});
/* assert on the output */

This ensures that you're testing the behavior the user would see in the browser. Learn more at https://react.dev/link/wrap-tests-with-act

stderr | parity/emdash/schema-admin-ui-source/packages/admin/tests/components/ContentTypeEditor.test.tsx > ContentTypeEditor > deleting a reference field > keeps the relationship when the checkbox is cleared
An update to Root inside a test was not wrapped in act(...).

When testing, code that causes React state updates should be wrapped into act(...):

act(() => {
  /* fire events that update state */
});
/* assert on the output */

This ensures that you're testing the behavior the user would see in the browser. Learn more at https://react.dev/link/wrap-tests-with-act

 ❯ parity/emdash/schema-admin-ui-source/packages/admin/tests/components/ContentTypeEditor.test.tsx (54 tests | 3 failed) 1217ms
     × calls onDeleteField when delete is confirmed via dialog 34ms
       × deletes the relationship by default 23ms
       × keeps the relationship when the checkbox is cleared 33ms
stderr | parity/emdash/schema-admin-ui-source/packages/admin/tests/components/ContentTypeList.test.tsx > ContentTypeList > delete > opens confirm dialog and calls onDelete after confirm
An update to Root inside a test was not wrapped in act(...).

When testing, code that causes React state updates should be wrapped into act(...):

act(() => {
  /* fire events that update state */
});
/* assert on the output */

This ensures that you're testing the behavior the user would see in the browser. Learn more at https://react.dev/link/wrap-tests-with-act

 ❯ parity/emdash/schema-admin-ui-source/packages/admin/tests/components/ContentTypeList.test.tsx (25 tests | 1 failed) 366ms
       × opens confirm dialog and calls onDelete after confirm 37ms

⎯⎯⎯⎯⎯⎯⎯ Failed Tests 4 ⎯⎯⎯⎯⎯⎯⎯

 FAIL  parity/emdash/schema-admin-ui-source/packages/admin/tests/components/ContentTypeEditor.test.tsx > ContentTypeEditor > calls onDeleteField when delete is confirmed via dialog
Error: Actual DOM locator is ambiguous: 2 matching controls
 ❯ Locator.query tests/helpers/schema-ui/dom-render.ts:14:78
     12|   constructor(readonly find: () => Element[]) {}
     13|   elements() { flushSync(); return this.find(); }
     14|   query() { const elements = this.elements(); if (elements.length > 1)…
       |                                                                              ^
     15|   element() { const element = this.query(); if (!element) throw new Er…
     16|   last() { return new Locator(() => this.elements().slice(-1)); }
 ❯ Locator.element tests/helpers/schema-ui/dom-render.ts:15:36
 ❯ parity/emdash/schema-admin-ui-source/packages/admin/tests/components/ContentTypeEditor.test.tsx:371:50

⎯⎯⎯⎯⎯⎯⎯⎯⎯⎯⎯⎯⎯⎯⎯⎯⎯⎯⎯⎯⎯⎯⎯⎯[1/4]⎯

 FAIL  parity/emdash/schema-admin-ui-source/packages/admin/tests/components/ContentTypeEditor.test.tsx > ContentTypeEditor > deleting a reference field > deletes the relationship by default
Error: Actual DOM locator is ambiguous: 2 matching controls
 ❯ Locator.query tests/helpers/schema-ui/dom-render.ts:14:78
     12|   constructor(readonly find: () => Element[]) {}
     13|   elements() { flushSync(); return this.find(); }
     14|   query() { const elements = this.elements(); if (elements.length > 1)…
       |                                                                              ^
     15|   element() { const element = this.query(); if (!element) throw new Er…
     16|   last() { return new Locator(() => this.elements().slice(-1)); }
 ❯ Locator.element tests/helpers/schema-ui/dom-render.ts:15:36
 ❯ parity/emdash/schema-admin-ui-source/packages/admin/tests/components/ContentTypeEditor.test.tsx:464:51

⎯⎯⎯⎯⎯⎯⎯⎯⎯⎯⎯⎯⎯⎯⎯⎯⎯⎯⎯⎯⎯⎯⎯⎯[2/4]⎯

 FAIL  parity/emdash/schema-admin-ui-source/packages/admin/tests/components/ContentTypeEditor.test.tsx > ContentTypeEditor > deleting a reference field > keeps the relationship when the checkbox is cleared
Error: Actual DOM locator is ambiguous: 2 matching controls
 ❯ Locator.query tests/helpers/schema-ui/dom-render.ts:14:78
     12|   constructor(readonly find: () => Element[]) {}
     13|   elements() { flushSync(); return this.find(); }
     14|   query() { const elements = this.elements(); if (elements.length > 1)…
       |                                                                              ^
     15|   element() { const element = this.query(); if (!element) throw new Er…
     16|   last() { return new Locator(() => this.elements().slice(-1)); }
 ❯ Locator.element tests/helpers/schema-ui/dom-render.ts:15:36
 ❯ parity/emdash/schema-admin-ui-source/packages/admin/tests/components/ContentTypeEditor.test.tsx:478:51

⎯⎯⎯⎯⎯⎯⎯⎯⎯⎯⎯⎯⎯⎯⎯⎯⎯⎯⎯⎯⎯⎯⎯⎯[3/4]⎯

 FAIL  parity/emdash/schema-admin-ui-source/packages/admin/tests/components/ContentTypeList.test.tsx > ContentTypeList > delete > opens confirm dialog and calls onDelete after confirm
Error: Actual DOM locator is ambiguous: 2 matching controls
 ❯ Locator.query tests/helpers/schema-ui/dom-render.ts:14:78
     12|   constructor(readonly find: () => Element[]) {}
     13|   elements() { flushSync(); return this.find(); }
     14|   query() { const elements = this.elements(); if (elements.length > 1)…
       |                                                                              ^
     15|   element() { const element = this.query(); if (!element) throw new Er…
     16|   last() { return new Locator(() => this.elements().slice(-1)); }
 ❯ Locator.element tests/helpers/schema-ui/dom-render.ts:15:36
 ❯ parity/emdash/schema-admin-ui-source/packages/admin/tests/components/ContentTypeList.test.tsx:171:51

⎯⎯⎯⎯⎯⎯⎯⎯⎯⎯⎯⎯⎯⎯⎯⎯⎯⎯⎯⎯⎯⎯⎯⎯[4/4]⎯


 Test Files  2 failed | 2 passed (4)
      Tests  4 failed | 134 passed (138)
   Start at  05:52:14
   Duration  7.84s (transform 956ms, setup 1.29s, import 615ms, tests 3.14s, environment 2.24s)

[ELIFECYCLE] Command failed with exit code 1.
