
 RUN  v4.1.10 /workspace/cms-complete-relations-backend

 ❯ parity/emdash/relations-source/executable/packages/core/tests/integration/content/content-references-write.test.ts (0 test)
 ❯ parity/emdash/relations-source/executable/packages/core/tests/integration/content/reference-draft-lifecycle.test.ts (0 test)
 ❯ parity/emdash/relations-source/executable/packages/core/tests/integration/content/reference-constraints.test.ts (0 test)

⎯⎯⎯⎯⎯⎯ Failed Suites 3 ⎯⎯⎯⎯⎯⎯⎯

 FAIL  parity/emdash/relations-source/executable/packages/core/tests/integration/content/content-references-write.test.ts [ parity/emdash/relations-source/executable/packages/core/tests/integration/content/content-references-write.test.ts ]
Error: Cannot find module '../../../src/api/handlers/content.js' imported from /workspace/cms-complete-relations-backend/parity/emdash/relations-source/executable/packages/core/tests/integration/content/content-references-write.test.ts
 ❯ parity/emdash/relations-source/executable/packages/core/tests/integration/content/content-references-write.test.ts:4:1
      2| import { afterEach, expect, it } from "vitest";
      3|
      4| import {
       | ^
      5|  handleContentCreate,
      6|  handleContentDelete,

⎯⎯⎯⎯⎯⎯⎯⎯⎯⎯⎯⎯⎯⎯⎯⎯⎯⎯⎯⎯⎯⎯⎯⎯[1/3]⎯

 FAIL  parity/emdash/relations-source/executable/packages/core/tests/integration/content/reference-constraints.test.ts [ parity/emdash/relations-source/executable/packages/core/tests/integration/content/reference-constraints.test.ts ]
Error: Cannot find module '../../../src/api/handlers/content.js' imported from /workspace/cms-complete-relations-backend/parity/emdash/relations-source/executable/packages/core/tests/integration/content/reference-constraints.test.ts
 ❯ parity/emdash/relations-source/executable/packages/core/tests/integration/content/reference-constraints.test.ts:3:1
      1| import { afterEach, beforeEach, expect, it } from "vitest";
      2|
      3| import {
       | ^
      4|  handleContentCreate,
      5|  handleContentGet,

⎯⎯⎯⎯⎯⎯⎯⎯⎯⎯⎯⎯⎯⎯⎯⎯⎯⎯⎯⎯⎯⎯⎯⎯[2/3]⎯

 FAIL  parity/emdash/relations-source/executable/packages/core/tests/integration/content/reference-draft-lifecycle.test.ts [ parity/emdash/relations-source/executable/packages/core/tests/integration/content/reference-draft-lifecycle.test.ts ]
Error: Cannot find module '../../../src/api/handlers/content.js' imported from /workspace/cms-complete-relations-backend/parity/emdash/relations-source/executable/packages/core/tests/integration/content/reference-draft-lifecycle.test.ts
 ❯ parity/emdash/relations-source/executable/packages/core/tests/integration/content/reference-draft-lifecycle.test.ts:10:1
      8| import { afterEach, beforeEach, expect, it } from "vitest";
      9|
     10| import {
       | ^
     11|  handleContentCompare,
     12|  handleContentCreate,

⎯⎯⎯⎯⎯⎯⎯⎯⎯⎯⎯⎯⎯⎯⎯⎯⎯⎯⎯⎯⎯⎯⎯⎯[3/3]⎯


 Test Files  3 failed (3)
      Tests  no tests
   Start at  17:53:57
   Duration  692ms (transform 98ms, setup 0ms, import 0ms, tests 0ms, environment 0ms)

JSON report written to /tmp/relations-content-first-readiness.json
