✖ standalone frozen production package contains and runs the real doctor command (5725.99253ms)
ℹ tests 1
ℹ suites 0
ℹ pass 0
ℹ fail 1
ℹ cancelled 0
ℹ skipped 0
ℹ todo 0
ℹ duration_ms 5982.57665

✖ failing tests:

test at tests/node-hosting/doctor.test.ts:12:1
✖ standalone frozen production package contains and runs the real doctor command (5725.99253ms)
  AssertionError [ERR_ASSERTION]: the packaged command must emit actual JSON diagnostics
      at TestContext.<anonymous> (file:///workspace/cms-doctor-cli/tests/node-hosting/doctor.test.ts:39:10)
      at async Test.run (node:internal/test_runner/test:1389:7)
      at async startSubtestAfterBootstrap (node:internal/test_runner/harness:387:3) {
    generatedMessage: false,
    code: 'ERR_ASSERTION',
    actual: '',
    expected: /^\s*\[/,
    operator: 'match',
    diff: 'simple'
  }
