[96msrc/lib/server/setup/dashboard/handler.ts[0m:[93m80[0m:[93m45[0m - [91merror[0m[90m TS2345: [0mArgument of type 'import("/workspace/cms-source-setup-api-backend-fresh/node_modules/.pnpm/kysely@0.29.2/node_modules/kysely/dist/kysely").Kysely<import("/workspace/cms-source-setup-api-backend-fresh/src/lib/server/setup/dashboard/database-types").Database>' is not assignable to parameter of type 'import("/workspace/cms-source-setup-api-backend-fresh/node_modules/.pnpm/kysely@0.29.2/node_modules/kysely/dist/kysely").Kysely<import("/workspace/cms-source-setup-api-backend-fresh/src/lib/server/database/lifecycle/upstream/database/types").Database>'.
  The types of 'transaction().execute' are incompatible between these types.
    Type '<T>(callback: (trx: import("/workspace/cms-source-setup-api-backend-fresh/node_modules/.pnpm/kysely@0.29.2/node_modules/kysely/dist/kysely").Transaction<import("/workspace/cms-source-setup-api-backend-fresh/src/lib/server/setup/dashboard/database-types").Database>) => Promise<...>) => Promise<...>' is not assignable to type '<T>(callback: (trx: import("/workspace/cms-source-setup-api-backend-fresh/node_modules/.pnpm/kysely@0.29.2/node_modules/kysely/dist/kysely").Transaction<import("/workspace/cms-source-setup-api-backend-fresh/src/lib/server/database/lifecycle/upstream/database/types").Database>) => Promise<...>) => Promise<...>'.
      Types of parameters 'callback' and 'callback' are incompatible.
        Types of parameters 'trx' and 'trx' are incompatible.
          Type 'import("/workspace/cms-source-setup-api-backend-fresh/node_modules/.pnpm/kysely@0.29.2/node_modules/kysely/dist/kysely").Transaction<import("/workspace/cms-source-setup-api-backend-fresh/src/lib/server/setup/dashboard/database-types").Database>' is not assignable to type 'import("/workspace/cms-source-setup-api-backend-fresh/node_modules/.pnpm/kysely@0.29.2/node_modules/kysely/dist/kysely").Transaction<import("/workspace/cms-source-setup-api-backend-fresh/src/lib/server/database/lifecycle/upstream/database/types").Database>'.
            The types returned by 'with(...)' are incompatible between these types.
              Type 'import("/workspace/cms-source-setup-api-backend-fresh/node_modules/.pnpm/kysely@0.29.2/node_modules/kysely/dist/parser/with-parser").QueryCreatorWithCommonTableExpression<import("/workspace/cms-source-setup-api-backend-fresh/src/lib/server/setup/dashboard/database-types").Database, any, any>' is not assignable to type 'import("/workspace/cms-source-setup-api-backend-fresh/node_modules/.pnpm/kysely@0.29.2/node_modules/kysely/dist/parser/with-parser").QueryCreatorWithCommonTableExpression<import("/workspace/cms-source-setup-api-backend-fresh/src/lib/server/database/lifecycle/upstream/database/types").Database, any, any>'.
                Type 'import("/workspace/cms-source-setup-api-backend-fresh/src/lib/server/database/lifecycle/upstream/database/types").Database & { [x: string]: unknown; }' is not assignable to type 'import("/workspace/cms-source-setup-api-backend-fresh/src/lib/server/setup/dashboard/database-types").Database & { [x: string]: unknown; }'.
                  Type 'Database & { [x: string]: unknown; }' is missing the following properties from type 'Database': _emdash_collections, _emdash_fields, _emdash_taxonomy_defs, _emdash_taxonomy_def_groups

[7m80[0m   const contentRepo = new ContentRepository(db);
[7m  [0m [91m                                            ~~[0m
[96msrc/lib/server/setup/dashboard/handler.ts[0m:[93m99[0m:[93m45[0m - [91merror[0m[90m TS2345: [0mArgument of type 'import("/workspace/cms-source-setup-api-backend-fresh/node_modules/.pnpm/kysely@0.29.2/node_modules/kysely/dist/kysely").Kysely<import("/workspace/cms-source-setup-api-backend-fresh/src/lib/server/setup/dashboard/database-types").Database>' is not assignable to parameter of type 'import("/workspace/cms-source-setup-api-backend-fresh/node_modules/.pnpm/kysely@0.29.2/node_modules/kysely/dist/kysely").Kysely<import("/workspace/cms-source-setup-api-backend-fresh/src/lib/server/canonical-storage/types").Database>'.
  The types of 'transaction().execute' are incompatible between these types.
    Type '<T>(callback: (trx: import("/workspace/cms-source-setup-api-backend-fresh/node_modules/.pnpm/kysely@0.29.2/node_modules/kysely/dist/kysely").Transaction<import("/workspace/cms-source-setup-api-backend-fresh/src/lib/server/setup/dashboard/database-types").Database>) => Promise<...>) => Promise<...>' is not assignable to type '<T>(callback: (trx: import("/workspace/cms-source-setup-api-backend-fresh/node_modules/.pnpm/kysely@0.29.2/node_modules/kysely/dist/kysely").Transaction<import("/workspace/cms-source-setup-api-backend-fresh/src/lib/server/canonical-storage/types").Database>) => Promise<...>) => Promise<...>'.
      Types of parameters 'callback' and 'callback' are incompatible.
        Types of parameters 'trx' and 'trx' are incompatible.
          Type 'import("/workspace/cms-source-setup-api-backend-fresh/node_modules/.pnpm/kysely@0.29.2/node_modules/kysely/dist/kysely").Transaction<import("/workspace/cms-source-setup-api-backend-fresh/src/lib/server/setup/dashboard/database-types").Database>' is not assignable to type 'import("/workspace/cms-source-setup-api-backend-fresh/node_modules/.pnpm/kysely@0.29.2/node_modules/kysely/dist/kysely").Transaction<import("/workspace/cms-source-setup-api-backend-fresh/src/lib/server/canonical-storage/types").Database>'.
            The types returned by 'with(...)' are incompatible between these types.
              Type 'import("/workspace/cms-source-setup-api-backend-fresh/node_modules/.pnpm/kysely@0.29.2/node_modules/kysely/dist/parser/with-parser").QueryCreatorWithCommonTableExpression<import("/workspace/cms-source-setup-api-backend-fresh/src/lib/server/setup/dashboard/database-types").Database, any, any>' is not assignable to type 'import("/workspace/cms-source-setup-api-backend-fresh/node_modules/.pnpm/kysely@0.29.2/node_modules/kysely/dist/parser/with-parser").QueryCreatorWithCommonTableExpression<import("/workspace/cms-source-setup-api-backend-fresh/src/lib/server/canonical-storage/types").Database, any, any>'.
                Type 'import("/workspace/cms-source-setup-api-backend-fresh/src/lib/server/canonical-storage/types").Database & { [x: string]: unknown; }' is not assignable to type 'import("/workspace/cms-source-setup-api-backend-fresh/src/lib/server/setup/dashboard/database-types").Database & { [x: string]: unknown; }'.
                  Type 'Database & { [x: string]: unknown; }' is missing the following properties from type 'Database': _emdash_collections, _emdash_fields, _cms_revisions, _cms_revision_prune_queue, and 65 more.

[7m99[0m   const optionsRepo = new OptionsRepository(db);
[7m  [0m [91m                                            ~~[0m
[96msrc/lib/server/setup/dashboard/scheduler-health.ts[0m:[93m20[0m:[93m30[0m - [91merror[0m[90m TS2345: [0mArgument of type 'import("/workspace/cms-source-setup-api-backend-fresh/node_modules/.pnpm/kysely@0.29.2/node_modules/kysely/dist/kysely").Kysely<import("/workspace/cms-source-setup-api-backend-fresh/src/lib/server/setup/dashboard/database-types").Database>' is not assignable to parameter of type 'import("/workspace/cms-source-setup-api-backend-fresh/node_modules/.pnpm/kysely@0.29.2/node_modules/kysely/dist/kysely").Kysely<import("/workspace/cms-source-setup-api-backend-fresh/src/lib/server/canonical-storage/types").Database>'.
  The types of 'transaction().execute' are incompatible between these types.
    Type '<T>(callback: (trx: import("/workspace/cms-source-setup-api-backend-fresh/node_modules/.pnpm/kysely@0.29.2/node_modules/kysely/dist/kysely").Transaction<import("/workspace/cms-source-setup-api-backend-fresh/src/lib/server/setup/dashboard/database-types").Database>) => Promise<...>) => Promise<...>' is not assignable to type '<T>(callback: (trx: import("/workspace/cms-source-setup-api-backend-fresh/node_modules/.pnpm/kysely@0.29.2/node_modules/kysely/dist/kysely").Transaction<import("/workspace/cms-source-setup-api-backend-fresh/src/lib/server/canonical-storage/types").Database>) => Promise<...>) => Promise<...>'.
      Types of parameters 'callback' and 'callback' are incompatible.
        Types of parameters 'trx' and 'trx' are incompatible.
          Type 'import("/workspace/cms-source-setup-api-backend-fresh/node_modules/.pnpm/kysely@0.29.2/node_modules/kysely/dist/kysely").Transaction<import("/workspace/cms-source-setup-api-backend-fresh/src/lib/server/setup/dashboard/database-types").Database>' is not assignable to type 'import("/workspace/cms-source-setup-api-backend-fresh/node_modules/.pnpm/kysely@0.29.2/node_modules/kysely/dist/kysely").Transaction<import("/workspace/cms-source-setup-api-backend-fresh/src/lib/server/canonical-storage/types").Database>'.
            The types returned by 'with(...)' are incompatible between these types.
              Type 'import("/workspace/cms-source-setup-api-backend-fresh/node_modules/.pnpm/kysely@0.29.2/node_modules/kysely/dist/parser/with-parser").QueryCreatorWithCommonTableExpression<import("/workspace/cms-source-setup-api-backend-fresh/src/lib/server/setup/dashboard/database-types").Database, any, any>' is not assignable to type 'import("/workspace/cms-source-setup-api-backend-fresh/node_modules/.pnpm/kysely@0.29.2/node_modules/kysely/dist/parser/with-parser").QueryCreatorWithCommonTableExpression<import("/workspace/cms-source-setup-api-backend-fresh/src/lib/server/canonical-storage/types").Database, any, any>'.
                Type 'import("/workspace/cms-source-setup-api-backend-fresh/src/lib/server/canonical-storage/types").Database & { [x: string]: unknown; }' is not assignable to type 'import("/workspace/cms-source-setup-api-backend-fresh/src/lib/server/setup/dashboard/database-types").Database & { [x: string]: unknown; }'.
                  Type 'Database & { [x: string]: unknown; }' is missing the following properties from type 'Database': _emdash_collections, _emdash_fields, _cms_revisions, _cms_revision_prune_queue, and 65 more.

[7m20[0m  await new OptionsRepository(db).set(SCHEDULER_HEARTBEAT_OPTION, completedAt.toISOString());
[7m  [0m [91m                             ~~[0m
[96msrc/lib/server/setup/dashboard/scheduler-health.ts[0m:[93m38[0m:[93m54[0m - [91merror[0m[90m TS2345: [0mArgument of type 'import("/workspace/cms-source-setup-api-backend-fresh/node_modules/.pnpm/kysely@0.29.2/node_modules/kysely/dist/kysely").Kysely<import("/workspace/cms-source-setup-api-backend-fresh/src/lib/server/setup/dashboard/database-types").Database>' is not assignable to parameter of type 'import("/workspace/cms-source-setup-api-backend-fresh/node_modules/.pnpm/kysely@0.29.2/node_modules/kysely/dist/kysely").Kysely<import("/workspace/cms-source-setup-api-backend-fresh/src/lib/server/canonical-storage/types").Database>'.
  The types of 'transaction().execute' are incompatible between these types.
    Type '<T>(callback: (trx: import("/workspace/cms-source-setup-api-backend-fresh/node_modules/.pnpm/kysely@0.29.2/node_modules/kysely/dist/kysely").Transaction<import("/workspace/cms-source-setup-api-backend-fresh/src/lib/server/setup/dashboard/database-types").Database>) => Promise<...>) => Promise<...>' is not assignable to type '<T>(callback: (trx: import("/workspace/cms-source-setup-api-backend-fresh/node_modules/.pnpm/kysely@0.29.2/node_modules/kysely/dist/kysely").Transaction<import("/workspace/cms-source-setup-api-backend-fresh/src/lib/server/canonical-storage/types").Database>) => Promise<...>) => Promise<...>'.
      Types of parameters 'callback' and 'callback' are incompatible.
        Types of parameters 'trx' and 'trx' are incompatible.
          Type 'import("/workspace/cms-source-setup-api-backend-fresh/node_modules/.pnpm/kysely@0.29.2/node_modules/kysely/dist/kysely").Transaction<import("/workspace/cms-source-setup-api-backend-fresh/src/lib/server/setup/dashboard/database-types").Database>' is not assignable to type 'import("/workspace/cms-source-setup-api-backend-fresh/node_modules/.pnpm/kysely@0.29.2/node_modules/kysely/dist/kysely").Transaction<import("/workspace/cms-source-setup-api-backend-fresh/src/lib/server/canonical-storage/types").Database>'.
            The types returned by 'with(...)' are incompatible between these types.
              Type 'import("/workspace/cms-source-setup-api-backend-fresh/node_modules/.pnpm/kysely@0.29.2/node_modules/kysely/dist/parser/with-parser").QueryCreatorWithCommonTableExpression<import("/workspace/cms-source-setup-api-backend-fresh/src/lib/server/setup/dashboard/database-types").Database, any, any>' is not assignable to type 'import("/workspace/cms-source-setup-api-backend-fresh/node_modules/.pnpm/kysely@0.29.2/node_modules/kysely/dist/parser/with-parser").QueryCreatorWithCommonTableExpression<import("/workspace/cms-source-setup-api-backend-fresh/src/lib/server/canonical-storage/types").Database, any, any>'.
                Type 'import("/workspace/cms-source-setup-api-backend-fresh/src/lib/server/canonical-storage/types").Database & { [x: string]: unknown; }' is not assignable to type 'import("/workspace/cms-source-setup-api-backend-fresh/src/lib/server/setup/dashboard/database-types").Database & { [x: string]: unknown; }'.
                  Type 'Database & { [x: string]: unknown; }' is missing the following properties from type 'Database': _emdash_collections, _emdash_fields, _cms_revisions, _cms_revision_prune_queue, and 65 more.

[7m38[0m  const lastCompletedAt = await new OptionsRepository(db).get<string>(SCHEDULER_HEARTBEAT_OPTION);
[7m  [0m [91m                                                     ~~[0m

{"kind":"Read-only compiler-host overlay; no repository candidate application or runtime/test execution","candidateLibraries":7,"routeExcluded":"New Kit generated route $types require actual application; no route compilation or HTTP probe","errors":4}
