
 RUN  v4.1.10 /workspace/cms-source-setup-api-backend-fresh

 ❯ tests/setup-api-native/login-continuation.test.ts (1 test | 1 failed) 667ms
   × login HTML preserves the intended setup import destination 666ms

⎯⎯⎯⎯⎯⎯⎯ Failed Tests 1 ⎯⎯⎯⎯⎯⎯⎯

 FAIL  tests/setup-api-native/login-continuation.test.ts > login HTML preserves the intended setup import destination
AssertionError: expected './' to be '/settings/transfer?start=import' // Object.is equality

Expected: "/settings/transfer?start=import"
Received: "./"

 ❯ tests/setup-api-native/login-continuation.test.ts:21:42
     19|       const link = [...dom.window.document.querySelectorAll('a')]
     20|         .find(anchor => anchor.textContent === 'Open your workspace');
     21|       expect(link?.getAttribute('href')).toBe(target);
       |                                          ^
     22|     } finally { dom.window.close(); }
     23|   } finally { await teardownTestDatabase(db); }

⎯⎯⎯⎯⎯⎯⎯⎯⎯⎯⎯⎯⎯⎯⎯⎯⎯⎯⎯⎯⎯⎯⎯⎯[1/1]⎯


 Test Files  1 failed (1)
      Tests  1 failed (1)
   Start at  06:48:33
   Duration  1.76s (transform 608ms, setup 0ms, import 977ms, tests 667ms, environment 0ms)

JSON report written to /tmp/setup-api-login-native-initial-red.json
