? Verifying lockfile against supply-chain policies (534 entries)...
Packages are hard linked from the content-addressable store to the virtual store.
  Content-addressable store is at: /workspace/.pnpm-store/v11
  Virtual store is at:             node_modules/.pnpm
[WARN] Request took 10658ms: https://registry.npmjs.org/@babel%2Fcompat-data
[WARN] Request took 10945ms: https://registry.npmjs.org/@cloudflare%2Fworkerd-linux-64
[WARN] Request took 10950ms: https://registry.npmjs.org/@cloudflare%2Fworkerd-windows-64
[WARN] Request took 70721ms: https://registry.npmjs.org/@esbuild%2Flinux-arm
[WARN] Request took 70741ms: https://registry.npmjs.org/@babel%2Fhelper-string-parser
[WARN] Request took 70827ms: https://registry.npmjs.org/@asamuzakjp%2Fcss-color
[WARN] Request took 70830ms: https://registry.npmjs.org/@asamuzakjp%2Fdom-selector
[WARN] Request took 70834ms: https://registry.npmjs.org/@emnapi%2Fruntime
[WARN] Request took 70837ms: https://registry.npmjs.org/@csstools%2Fcss-tokenizer
[WARN] Request took 70927ms: https://registry.npmjs.org/@base-ui%2Futils
[WARN] Request took 70951ms: https://registry.npmjs.org/@babel%2Fhelper-compilation-targets
[WARN] Request took 71140ms: https://registry.npmjs.org/@babel%2Fhelper-module-imports
[WARN] Request took 71159ms: https://registry.npmjs.org/@csstools%2Fcolor-helpers
[WARN] Request took 71313ms: https://registry.npmjs.org/@esbuild%2Faix-ppc64
[WARN] Request took 71335ms: https://registry.npmjs.org/@esbuild%2Fdarwin-arm64
[WARN] Request took 71364ms: https://registry.npmjs.org/@babel%2Ftypes
[WARN] Request took 71438ms: https://registry.npmjs.org/@cloudflare%2Fworkerd-linux-arm64
[WARN] Request took 71500ms: https://registry.npmjs.org/@cspotcode%2Fsource-map-support
[WARN] Request took 71514ms: https://registry.npmjs.org/@babel%2Fhelper-module-transforms
[WARN] Request took 71532ms: https://registry.npmjs.org/@cloudflare%2Fworkerd-darwin-arm64
[WARN] Request took 71536ms: https://registry.npmjs.org/@base-ui%2Freact
[WARN] Request took 71558ms: https://registry.npmjs.org/@babel%2Fhelper-globals
[WARN] Request took 71558ms: https://registry.npmjs.org/@babel%2Fhelpers
[WARN] Request took 71570ms: https://registry.npmjs.org/@cloudflare%2Fkv-asset-handler
[WARN] Request took 71573ms: https://registry.npmjs.org/@babel%2Fgenerator
[WARN] Request took 71666ms: https://registry.npmjs.org/@esbuild%2Fandroid-arm64
[WARN] Request took 71726ms: https://registry.npmjs.org/@csstools%2Fcss-parser-algorithms
[WARN] Request took 71821ms: https://registry.npmjs.org/@babel%2Fcore
[WARN] Request took 71972ms: https://registry.npmjs.org/@cloudflare%2Fkumo
[WARN] Request took 71991ms: https://registry.npmjs.org/@esbuild%2Fandroid-x64
[WARN] Request took 70426ms: https://registry.npmjs.org/@cloudflare%2Fworkerd-linux-64
[WARN] Request took 70606ms: https://registry.npmjs.org/@cloudflare%2Fworkerd-windows-64
[WARN] Request took 10758ms: https://registry.npmjs.org/@esbuild%2Fwin32-x64
[WARN] Request took 10972ms: https://registry.npmjs.org/@esbuild%2Fwin32-ia32
[WARN] Request took 10644ms: https://registry.npmjs.org/@floating-ui%2Freact-dom
[WARN] Request took 10632ms: https://registry.npmjs.org/@date-fns%2Ftz
[WARN] Request took 10656ms: https://registry.npmjs.org/@floating-ui%2Futils
[WARN] Request took 10667ms: https://registry.npmjs.org/@csstools%2Fcss-calc
[WARN] Request took 10673ms: https://registry.npmjs.org/@csstools%2Fcss-syntax-patches-for-csstree
[WARN] Request took 10684ms: https://registry.npmjs.org/@esbuild%2Flinux-arm64
[WARN] Request took 10704ms: https://registry.npmjs.org/@babel%2Fparser
[WARN] Request took 10908ms: https://registry.npmjs.org/@floating-ui%2Fcore
[WARN] Request took 10739ms: https://registry.npmjs.org/@cloudflare%2Fworkerd-darwin-64
[WARN] Request took 10693ms: https://registry.npmjs.org/@esbuild%2Fandroid-arm
[WARN] Request took 10723ms: https://registry.npmjs.org/@esbuild%2Fdarwin-x64
[WARN] Request took 70600ms: https://registry.npmjs.org/@esbuild%2Fsunos-x64
[WARN] Request took 10651ms: https://registry.npmjs.org/@cloudflare%2Fworkerd-linux-arm64
[WARN] Request took 10986ms: https://registry.npmjs.org/@floating-ui%2Fdom
[WARN] Request took 10889ms: https://registry.npmjs.org/@esbuild%2Ffreebsd-arm64
[WARN] Request took 10911ms: https://registry.npmjs.org/@img%2Fcolour
[WARN] Request took 10948ms: https://registry.npmjs.org/@img%2Fsharp-darwin-x64
[WARN] Request took 10934ms: https://registry.npmjs.org/@img%2Fsharp-libvips-darwin-arm64
[WARN] Request took 10952ms: https://registry.npmjs.org/@blazediff%2Fcore
[WARN] Request took 10934ms: https://registry.npmjs.org/@babel%2Ftraverse
[WARN] Request took 10983ms: https://registry.npmjs.org/@img%2Fsharp-darwin-arm64
[WARN] Request took 10918ms: https://registry.npmjs.org/@babel%2Fhelper-validator-option
[WARN] Request took 10934ms: https://registry.npmjs.org/@babel%2Fhelper-validator-identifier
[WARN] Request took 10975ms: https://registry.npmjs.org/@csstools%2Fcss-color-parser
[WARN] Request took 10474ms: https://registry.npmjs.org/@jridgewell%2Fgen-mapping
[WARN] Request took 11082ms: https://registry.npmjs.org/@babel%2Fruntime
[WARN] Request took 10557ms: https://registry.npmjs.org/@jridgewell%2Ftrace-mapping
[WARN] Request took 10641ms: https://registry.npmjs.org/@jridgewell%2Fsourcemap-codec
[WARN] Request took 10624ms: https://registry.npmjs.org/@lingui%2Fcore
[WARN] Request took 10591ms: https://registry.npmjs.org/@messageformat%2Fparser
[WARN] Request took 10550ms: https://registry.npmjs.org/@oslojs%2Fbinary
[WARN] Request took 10801ms: https://registry.npmjs.org/@jest%2Ftypes
[WARN] Request took 11348ms: https://registry.npmjs.org/@babel%2Ftemplate
[WARN] Request took 10591ms: https://registry.npmjs.org/@oslojs%2Fcbor
[WARN] Request took 10805ms: https://registry.npmjs.org/@jridgewell%2Fresolve-uri
[WARN] Request took 10477ms: https://registry.npmjs.org/@oxc-project%2Ftypes
[WARN] Request took 10784ms: https://registry.npmjs.org/@oslojs%2Fwebauthn
[WARN] Request took 11078ms: https://registry.npmjs.org/@lingui%2Fmessage-utils
[WARN] Request took 10712ms: https://registry.npmjs.org/@poppinss%2Fcolors
[WARN] Request took 10985ms: https://registry.npmjs.org/@oslojs%2Fasn1
[WARN] Request took 10570ms: https://registry.npmjs.org/@rolldown%2Fbinding-darwin-arm64
[WARN] Request took 10394ms: https://registry.npmjs.org/@rolldown%2Fbinding-freebsd-x64
[WARN] Request took 11095ms: https://registry.npmjs.org/@napi-rs%2Flzma-linux-x64-gnu
[WARN] Request took 10630ms: https://registry.npmjs.org/@rolldown%2Fbinding-darwin-x64
[WARN] Request took 10926ms: https://registry.npmjs.org/@rolldown%2Fbinding-android-arm64
[WARN] Request took 11009ms: https://registry.npmjs.org/@poppinss%2Fexception
[WARN] Request took 11036ms: https://registry.npmjs.org/@rolldown%2Fbinding-android-arm-eabi
[WARN] Request took 10838ms: https://registry.npmjs.org/@rolldown%2Fbinding-linux-arm-gnueabihf
✗ Lockfile failed supply-chain policy check (534 entries in 1m 26.6s)
Lockfile is up to date, resolution step is skipped
Error: ERR_PNPM_META_FETCH_FAIL

  × installing dependencies
  ╰─▶ ERR_PNPM_RESOLVING_NPM_RESOLVER_NETWORK_ERROR: Failed to fetch metadata
      from https://registry.npmjs.org/@cloudflare%2Fworkers-types: HTTP status
      server error (503 Service Unavailable) for url (https://
      registry.npmjs.org/@cloudflare%2Fworkers-types)

