$ node --test tests/user-source-gate/whole-guard.test.mjs
✔ accepts the complete current workload (535.663203ms)
✔ accepts whitespace around the complete required command tokens (585.573172ms)
✔ accepts an unrelated future whole feature leaf (492.708747ms)
✔ accepts a future admin UI leaf sharing the required command prefix (457.734205ms)
✔ accepts a future repository leaf sharing the required command prefix (434.21472ms)
✔ rejects replacement of the required admin gate by a different command (440.036466ms)
✔ rejects replacement of the required core gate by a different command (532.118787ms)
✔ rejects a duplicated complete admin gate (467.916894ms)
✔ rejects a duplicated complete core gate (403.847991ms)
✔ rejects separation of the required adjacent gates (356.441476ms)
✔ rejects reversal of the required adjacent gates (411.242084ms)
✔ rejects deletion of the historical workload prefix (418.101716ms)
ℹ tests 12
ℹ suites 0
ℹ pass 12
ℹ fail 0
ℹ cancelled 0
ℹ skipped 0
ℹ todo 0
ℹ duration_ms 5638.945853
