? Verifying lockfile against supply-chain policies (601 entries)...
Update available! 12.6.0 → 12.9.1.
Changelog: https://pnpm.io/v/12.9.1
To update, run: curl -fsSL https://get.pnpm.io/install.sh | sh -
✓ Lockfile passes supply-chain policies (601 entries in 5.8s)
Lockfile is up to date, resolution step is skipped
Packages: +23
+++++++++++++++++++++++
Progress: resolved 23, reused 16, downloaded 7, added 23, done

dependencies:
+ @tiptap/extension-character-count 3.20.0
+ @tiptap/extension-code 3.20.0
+ @tiptap/extension-code-block-lowlight 3.20.0
+ @tiptap/extension-focus 3.20.0
+ @tiptap/extension-link 3.20.0
+ @tiptap/extension-list 3.20.0
+ @tiptap/extension-placeholder 3.20.0
+ @tiptap/extension-subscript 3.20.0
+ @tiptap/extension-superscript 3.20.0
+ @tiptap/extension-table 3.20.0
+ @tiptap/extension-table-cell 3.20.0
+ @tiptap/extension-table-header 3.20.0
+ @tiptap/extension-table-row 3.20.0
+ @tiptap/extension-text-align 3.20.0
+ @tiptap/extension-typography 3.20.0
+ @tiptap/suggestion 3.20.0
+ highlight.js 11.11.2
+ lowlight 3.3.0

devDependencies:
+ @tiptap/react 3.20.0

Done in 5.9s using pnpm v12.6.0
