
 RUN  v4.1.10 /workspace/cms-rich104-table-controls-ui

 ✓ tests/rich-editor-native/table-menu-contract.test.ts (12 tests) 2949ms
     ✓ moves focus with Alt+F10 and restores the saved selection on trigger Escape  395ms
     ✓ renders all eight action groups and independent mixed header checkbox states  420ms
     ✓ resets an unmatched typeahead prefix and cycles repeated first letters  316ms
     ✓ cancels Space activation while continuing an in-progress typeahead word  390ms
stderr | tests/rich-editor-native/configured-table-iframe.test.ts > Actual iframe draft and Source250ms flush contract > retains a valid intermediate URL as authored text while focused
TypeError: textRange(...).getClientRects is not a function
    at clientRectsFor (file:///workspace/cms-rich104-table-controls-ui/node_modules/.pnpm/@codemirror+view@6.43.8/node_modules/@codemirror/view/dist/index.js:464:56)
    at Placeholder.coordsAt (file:///workspace/cms-rich104-table-controls-ui/node_modules/.pnpm/@codemirror+view@6.43.8/node_modules/@codemirror/view/dist/index.js:10063:38)
    at WidgetTile.coordsInWidget (file:///workspace/cms-rich104-table-controls-ui/node_modules/.pnpm/@codemirror+view@6.43.8/node_modules/@codemirror/view/dist/index.js:2123:34)
    at WidgetTile.coordsIn (file:///workspace/cms-rich104-table-controls-ui/node_modules/.pnpm/@codemirror+view@6.43.8/node_modules/@codemirror/view/dist/index.js:2121:39)
    at onSameLine (file:///workspace/cms-rich104-table-controls-ui/node_modules/.pnpm/@codemirror+view@6.43.8/node_modules/@codemirror/view/dist/index.js:2038:43)
    at scan (file:///workspace/cms-rich104-table-controls-ui/node_modules/.pnpm/@codemirror+view@6.43.8/node_modules/@codemirror/view/dist/index.js:1986:129)
    at LineTile.resolveInline (file:///workspace/cms-rich104-table-controls-ui/node_modules/.pnpm/@codemirror+view@6.43.8/node_modules/@codemirror/view/dist/index.js:1999:9)
    at LineTile.coordsIn (file:///workspace/cms-rich104-table-controls-ui/node_modules/.pnpm/@codemirror+view@6.43.8/node_modules/@codemirror/view/dist/index.js:2004:26)
    at DocView.coordsAt (file:///workspace/cms-rich104-table-controls-ui/node_modules/.pnpm/@codemirror+view@6.43.8/node_modules/@codemirror/view/dist/index.js:3256:21)
    at EditorView.coordsAtPos (file:///workspace/cms-rich104-table-controls-ui/node_modules/.pnpm/@codemirror+view@6.43.8/node_modules/@codemirror/view/dist/index.js:8524:29)

stderr | tests/rich-editor-native/configured-table-iframe.test.ts > Actual iframe draft and Source250ms flush contract > writes nothing immediately or at249ms, then saves at the original250ms while retaining the focused draft
TypeError: textRange(...).getClientRects is not a function
    at clientRectsFor (file:///workspace/cms-rich104-table-controls-ui/node_modules/.pnpm/@codemirror+view@6.43.8/node_modules/@codemirror/view/dist/index.js:464:56)
    at Placeholder.coordsAt (file:///workspace/cms-rich104-table-controls-ui/node_modules/.pnpm/@codemirror+view@6.43.8/node_modules/@codemirror/view/dist/index.js:10063:38)
    at WidgetTile.coordsInWidget (file:///workspace/cms-rich104-table-controls-ui/node_modules/.pnpm/@codemirror+view@6.43.8/node_modules/@codemirror/view/dist/index.js:2123:34)
    at WidgetTile.coordsIn (file:///workspace/cms-rich104-table-controls-ui/node_modules/.pnpm/@codemirror+view@6.43.8/node_modules/@codemirror/view/dist/index.js:2121:39)
    at onSameLine (file:///workspace/cms-rich104-table-controls-ui/node_modules/.pnpm/@codemirror+view@6.43.8/node_modules/@codemirror/view/dist/index.js:2038:43)
    at scan (file:///workspace/cms-rich104-table-controls-ui/node_modules/.pnpm/@codemirror+view@6.43.8/node_modules/@codemirror/view/dist/index.js:1986:129)
    at LineTile.resolveInline (file:///workspace/cms-rich104-table-controls-ui/node_modules/.pnpm/@codemirror+view@6.43.8/node_modules/@codemirror/view/dist/index.js:1999:9)
    at LineTile.coordsIn (file:///workspace/cms-rich104-table-controls-ui/node_modules/.pnpm/@codemirror+view@6.43.8/node_modules/@codemirror/view/dist/index.js:2004:26)
    at DocView.coordsAt (file:///workspace/cms-rich104-table-controls-ui/node_modules/.pnpm/@codemirror+view@6.43.8/node_modules/@codemirror/view/dist/index.js:3256:21)
    at EditorView.coordsAtPos (file:///workspace/cms-rich104-table-controls-ui/node_modules/.pnpm/@codemirror+view@6.43.8/node_modules/@codemirror/view/dist/index.js:8524:29)

stderr | tests/rich-editor-native/configured-table-iframe.test.ts > Actual iframe draft and Source250ms flush contract > restarts the250ms clock for the actual final draft rather than saving a valid intermediate
TypeError: textRange(...).getClientRects is not a function
    at clientRectsFor (file:///workspace/cms-rich104-table-controls-ui/node_modules/.pnpm/@codemirror+view@6.43.8/node_modules/@codemirror/view/dist/index.js:464:56)
    at Placeholder.coordsAt (file:///workspace/cms-rich104-table-controls-ui/node_modules/.pnpm/@codemirror+view@6.43.8/node_modules/@codemirror/view/dist/index.js:10063:38)
    at WidgetTile.coordsInWidget (file:///workspace/cms-rich104-table-controls-ui/node_modules/.pnpm/@codemirror+view@6.43.8/node_modules/@codemirror/view/dist/index.js:2123:34)
    at WidgetTile.coordsIn (file:///workspace/cms-rich104-table-controls-ui/node_modules/.pnpm/@codemirror+view@6.43.8/node_modules/@codemirror/view/dist/index.js:2121:39)
    at onSameLine (file:///workspace/cms-rich104-table-controls-ui/node_modules/.pnpm/@codemirror+view@6.43.8/node_modules/@codemirror/view/dist/index.js:2038:43)
    at scan (file:///workspace/cms-rich104-table-controls-ui/node_modules/.pnpm/@codemirror+view@6.43.8/node_modules/@codemirror/view/dist/index.js:1986:129)
    at LineTile.resolveInline (file:///workspace/cms-rich104-table-controls-ui/node_modules/.pnpm/@codemirror+view@6.43.8/node_modules/@codemirror/view/dist/index.js:1999:9)
    at LineTile.coordsIn (file:///workspace/cms-rich104-table-controls-ui/node_modules/.pnpm/@codemirror+view@6.43.8/node_modules/@codemirror/view/dist/index.js:2004:26)
    at DocView.coordsAt (file:///workspace/cms-rich104-table-controls-ui/node_modules/.pnpm/@codemirror+view@6.43.8/node_modules/@codemirror/view/dist/index.js:3256:21)
    at EditorView.coordsAtPos (file:///workspace/cms-rich104-table-controls-ui/node_modules/.pnpm/@codemirror+view@6.43.8/node_modules/@codemirror/view/dist/index.js:8524:29)

stderr | tests/rich-editor-native/configured-table-iframe.test.ts > Actual iframe draft and Source250ms flush contract > restarts the250ms clock for the actual final draft rather than saving a valid intermediate
TypeError: textRange(...).getClientRects is not a function
    at TextTile.coordsIn (file:///workspace/cms-rich104-table-controls-ui/node_modules/.pnpm/@codemirror+view@6.43.8/node_modules/@codemirror/view/dist/index.js:2094:51)
    at LineTile.coordsIn (file:///workspace/cms-rich104-table-controls-ui/node_modules/.pnpm/@codemirror+view@6.43.8/node_modules/@codemirror/view/dist/index.js:2007:27)
    at DocView.coordsAt (file:///workspace/cms-rich104-table-controls-ui/node_modules/.pnpm/@codemirror+view@6.43.8/node_modules/@codemirror/view/dist/index.js:3256:21)
    at EditorView.coordsAtPos (file:///workspace/cms-rich104-table-controls-ui/node_modules/.pnpm/@codemirror+view@6.43.8/node_modules/@codemirror/view/dist/index.js:8524:29)
    at RectangleMarker.forRange (file:///workspace/cms-rich104-table-controls-ui/node_modules/.pnpm/@codemirror+view@6.43.8/node_modules/@codemirror/view/dist/index.js:9291:28)
    at Object.markers (file:///workspace/cms-rich104-table-controls-ui/node_modules/.pnpm/@codemirror+view@6.43.8/node_modules/@codemirror/view/dist/index.js:9558:51)
    at LayerView.measure (file:///workspace/cms-rich104-table-controls-ui/node_modules/.pnpm/@codemirror+view@6.43.8/node_modules/@codemirror/view/dist/index.js:9448:27)
    at file:///workspace/cms-rich104-table-controls-ui/node_modules/.pnpm/@codemirror+view@6.43.8/node_modules/@codemirror/view/dist/index.js:8182:34
    at Array.map (<anonymous>)
    at EditorView.measure (file:///workspace/cms-rich104-table-controls-ui/node_modules/.pnpm/@codemirror+view@6.43.8/node_modules/@codemirror/view/dist/index.js:8180:42)

stderr | tests/rich-editor-native/configured-table-iframe.test.ts > Actual iframe draft and Source250ms flush contract > keeps a pending draft while read-only, then flushes it on a real tab change once editing resumes
TypeError: textRange(...).getClientRects is not a function
    at clientRectsFor (file:///workspace/cms-rich104-table-controls-ui/node_modules/.pnpm/@codemirror+view@6.43.8/node_modules/@codemirror/view/dist/index.js:464:56)
    at Placeholder.coordsAt (file:///workspace/cms-rich104-table-controls-ui/node_modules/.pnpm/@codemirror+view@6.43.8/node_modules/@codemirror/view/dist/index.js:10063:38)
    at WidgetTile.coordsInWidget (file:///workspace/cms-rich104-table-controls-ui/node_modules/.pnpm/@codemirror+view@6.43.8/node_modules/@codemirror/view/dist/index.js:2123:34)
    at WidgetTile.coordsIn (file:///workspace/cms-rich104-table-controls-ui/node_modules/.pnpm/@codemirror+view@6.43.8/node_modules/@codemirror/view/dist/index.js:2121:39)
    at onSameLine (file:///workspace/cms-rich104-table-controls-ui/node_modules/.pnpm/@codemirror+view@6.43.8/node_modules/@codemirror/view/dist/index.js:2038:43)
    at scan (file:///workspace/cms-rich104-table-controls-ui/node_modules/.pnpm/@codemirror+view@6.43.8/node_modules/@codemirror/view/dist/index.js:1986:129)
    at LineTile.resolveInline (file:///workspace/cms-rich104-table-controls-ui/node_modules/.pnpm/@codemirror+view@6.43.8/node_modules/@codemirror/view/dist/index.js:1999:9)
    at LineTile.coordsIn (file:///workspace/cms-rich104-table-controls-ui/node_modules/.pnpm/@codemirror+view@6.43.8/node_modules/@codemirror/view/dist/index.js:2004:26)
    at DocView.coordsAt (file:///workspace/cms-rich104-table-controls-ui/node_modules/.pnpm/@codemirror+view@6.43.8/node_modules/@codemirror/view/dist/index.js:3256:21)
    at EditorView.coordsAtPos (file:///workspace/cms-rich104-table-controls-ui/node_modules/.pnpm/@codemirror+view@6.43.8/node_modules/@codemirror/view/dist/index.js:8524:29)

stderr | tests/rich-editor-native/configured-table-iframe.test.ts > Actual iframe draft and Source250ms flush contract > flushes on blur and canonicalizes valid text when the document still has real control focus
TypeError: textRange(...).getClientRects is not a function
    at clientRectsFor (file:///workspace/cms-rich104-table-controls-ui/node_modules/.pnpm/@codemirror+view@6.43.8/node_modules/@codemirror/view/dist/index.js:464:56)
    at Placeholder.coordsAt (file:///workspace/cms-rich104-table-controls-ui/node_modules/.pnpm/@codemirror+view@6.43.8/node_modules/@codemirror/view/dist/index.js:10063:38)
    at WidgetTile.coordsInWidget (file:///workspace/cms-rich104-table-controls-ui/node_modules/.pnpm/@codemirror+view@6.43.8/node_modules/@codemirror/view/dist/index.js:2123:34)
    at WidgetTile.coordsIn (file:///workspace/cms-rich104-table-controls-ui/node_modules/.pnpm/@codemirror+view@6.43.8/node_modules/@codemirror/view/dist/index.js:2121:39)
    at onSameLine (file:///workspace/cms-rich104-table-controls-ui/node_modules/.pnpm/@codemirror+view@6.43.8/node_modules/@codemirror/view/dist/index.js:2038:43)
    at scan (file:///workspace/cms-rich104-table-controls-ui/node_modules/.pnpm/@codemirror+view@6.43.8/node_modules/@codemirror/view/dist/index.js:1986:129)
    at LineTile.resolveInline (file:///workspace/cms-rich104-table-controls-ui/node_modules/.pnpm/@codemirror+view@6.43.8/node_modules/@codemirror/view/dist/index.js:1999:9)
    at LineTile.coordsIn (file:///workspace/cms-rich104-table-controls-ui/node_modules/.pnpm/@codemirror+view@6.43.8/node_modules/@codemirror/view/dist/index.js:2004:26)
    at DocView.coordsAt (file:///workspace/cms-rich104-table-controls-ui/node_modules/.pnpm/@codemirror+view@6.43.8/node_modules/@codemirror/view/dist/index.js:3256:21)
    at EditorView.coordsAtPos (file:///workspace/cms-rich104-table-controls-ui/node_modules/.pnpm/@codemirror+view@6.43.8/node_modules/@codemirror/view/dist/index.js:8524:29)

stderr | tests/rich-editor-native/configured-table-iframe.test.ts > Actual iframe draft and Source250ms flush contract > drops obsolete pending text after a real external attribute update
TypeError: textRange(...).getClientRects is not a function
    at clientRectsFor (file:///workspace/cms-rich104-table-controls-ui/node_modules/.pnpm/@codemirror+view@6.43.8/node_modules/@codemirror/view/dist/index.js:464:56)
    at Placeholder.coordsAt (file:///workspace/cms-rich104-table-controls-ui/node_modules/.pnpm/@codemirror+view@6.43.8/node_modules/@codemirror/view/dist/index.js:10063:38)
    at WidgetTile.coordsInWidget (file:///workspace/cms-rich104-table-controls-ui/node_modules/.pnpm/@codemirror+view@6.43.8/node_modules/@codemirror/view/dist/index.js:2123:34)
    at WidgetTile.coordsIn (file:///workspace/cms-rich104-table-controls-ui/node_modules/.pnpm/@codemirror+view@6.43.8/node_modules/@codemirror/view/dist/index.js:2121:39)
    at onSameLine (file:///workspace/cms-rich104-table-controls-ui/node_modules/.pnpm/@codemirror+view@6.43.8/node_modules/@codemirror/view/dist/index.js:2038:43)
    at scan (file:///workspace/cms-rich104-table-controls-ui/node_modules/.pnpm/@codemirror+view@6.43.8/node_modules/@codemirror/view/dist/index.js:1986:129)
    at LineTile.resolveInline (file:///workspace/cms-rich104-table-controls-ui/node_modules/.pnpm/@codemirror+view@6.43.8/node_modules/@codemirror/view/dist/index.js:1999:9)
    at LineTile.coordsIn (file:///workspace/cms-rich104-table-controls-ui/node_modules/.pnpm/@codemirror+view@6.43.8/node_modules/@codemirror/view/dist/index.js:2004:26)
    at DocView.coordsAt (file:///workspace/cms-rich104-table-controls-ui/node_modules/.pnpm/@codemirror+view@6.43.8/node_modules/@codemirror/view/dist/index.js:3256:21)
    at EditorView.coordsAtPos (file:///workspace/cms-rich104-table-controls-ui/node_modules/.pnpm/@codemirror+view@6.43.8/node_modules/@codemirror/view/dist/index.js:8524:29)

stderr | tests/rich-editor-native/configured-table-iframe.test.ts > Actual iframe draft and Source250ms flush contract > preserves invalid authored text and the saved embed after delayed rejection and blur
TypeError: textRange(...).getClientRects is not a function
    at TextTile.coordsIn (file:///workspace/cms-rich104-table-controls-ui/node_modules/.pnpm/@codemirror+view@6.43.8/node_modules/@codemirror/view/dist/index.js:2094:51)
    at LineTile.coordsIn (file:///workspace/cms-rich104-table-controls-ui/node_modules/.pnpm/@codemirror+view@6.43.8/node_modules/@codemirror/view/dist/index.js:2007:27)
    at DocView.coordsAt (file:///workspace/cms-rich104-table-controls-ui/node_modules/.pnpm/@codemirror+view@6.43.8/node_modules/@codemirror/view/dist/index.js:3256:21)
    at EditorView.coordsAtPos (file:///workspace/cms-rich104-table-controls-ui/node_modules/.pnpm/@codemirror+view@6.43.8/node_modules/@codemirror/view/dist/index.js:8524:29)
    at RectangleMarker.forRange (file:///workspace/cms-rich104-table-controls-ui/node_modules/.pnpm/@codemirror+view@6.43.8/node_modules/@codemirror/view/dist/index.js:9291:28)
    at Object.markers (file:///workspace/cms-rich104-table-controls-ui/node_modules/.pnpm/@codemirror+view@6.43.8/node_modules/@codemirror/view/dist/index.js:9558:51)
    at LayerView.measure (file:///workspace/cms-rich104-table-controls-ui/node_modules/.pnpm/@codemirror+view@6.43.8/node_modules/@codemirror/view/dist/index.js:9448:27)
    at file:///workspace/cms-rich104-table-controls-ui/node_modules/.pnpm/@codemirror+view@6.43.8/node_modules/@codemirror/view/dist/index.js:8182:34
    at Array.map (<anonymous>)
    at EditorView.measure (file:///workspace/cms-rich104-table-controls-ui/node_modules/.pnpm/@codemirror+view@6.43.8/node_modules/@codemirror/view/dist/index.js:8180:42)

stderr | tests/rich-editor-native/configured-table-iframe.test.ts > Actual iframe draft and Source250ms flush contract > cannot write a delayed pending draft after the owning node is deleted
TypeError: textRange(...).getClientRects is not a function
    at clientRectsFor (file:///workspace/cms-rich104-table-controls-ui/node_modules/.pnpm/@codemirror+view@6.43.8/node_modules/@codemirror/view/dist/index.js:464:56)
    at Placeholder.coordsAt (file:///workspace/cms-rich104-table-controls-ui/node_modules/.pnpm/@codemirror+view@6.43.8/node_modules/@codemirror/view/dist/index.js:10063:38)
    at WidgetTile.coordsInWidget (file:///workspace/cms-rich104-table-controls-ui/node_modules/.pnpm/@codemirror+view@6.43.8/node_modules/@codemirror/view/dist/index.js:2123:34)
    at WidgetTile.coordsIn (file:///workspace/cms-rich104-table-controls-ui/node_modules/.pnpm/@codemirror+view@6.43.8/node_modules/@codemirror/view/dist/index.js:2121:39)
    at onSameLine (file:///workspace/cms-rich104-table-controls-ui/node_modules/.pnpm/@codemirror+view@6.43.8/node_modules/@codemirror/view/dist/index.js:2038:43)
    at scan (file:///workspace/cms-rich104-table-controls-ui/node_modules/.pnpm/@codemirror+view@6.43.8/node_modules/@codemirror/view/dist/index.js:1986:129)
    at LineTile.resolveInline (file:///workspace/cms-rich104-table-controls-ui/node_modules/.pnpm/@codemirror+view@6.43.8/node_modules/@codemirror/view/dist/index.js:1999:9)
    at LineTile.coordsIn (file:///workspace/cms-rich104-table-controls-ui/node_modules/.pnpm/@codemirror+view@6.43.8/node_modules/@codemirror/view/dist/index.js:2004:26)
    at DocView.coordsAt (file:///workspace/cms-rich104-table-controls-ui/node_modules/.pnpm/@codemirror+view@6.43.8/node_modules/@codemirror/view/dist/index.js:3256:21)
    at EditorView.coordsAtPos (file:///workspace/cms-rich104-table-controls-ui/node_modules/.pnpm/@codemirror+view@6.43.8/node_modules/@codemirror/view/dist/index.js:8524:29)

 ✓ tests/rich-editor-native/configured-table-iframe.test.ts (12 tests) 3049ms
     ✓ disables unavailable merge actions in a single unmerged cell  614ms
     ✓ retains a valid intermediate URL as authored text while focused  691ms
 ✓ tests/rich-editor-native/deferred-form-controls.test.ts (9 tests) 1892ms
     ✓ keeps section picker Close local while the actual draft Save remains a submit control  576ms
     ✓ keeps section search Enter local while retaining real debounced search and explicit draft submission  425ms
stderr | tests/rich-editor-native/iframe-localization.test.ts > translates actual delayed invalid-input feedback while preserving the saved embed
TypeError: textRange(...).getClientRects is not a function
    at TextTile.coordsIn (file:///workspace/cms-rich104-table-controls-ui/node_modules/.pnpm/@codemirror+view@6.43.8/node_modules/@codemirror/view/dist/index.js:2094:51)
    at LineTile.coordsIn (file:///workspace/cms-rich104-table-controls-ui/node_modules/.pnpm/@codemirror+view@6.43.8/node_modules/@codemirror/view/dist/index.js:2007:27)
    at DocView.coordsAt (file:///workspace/cms-rich104-table-controls-ui/node_modules/.pnpm/@codemirror+view@6.43.8/node_modules/@codemirror/view/dist/index.js:3256:21)
    at EditorView.coordsAtPos (file:///workspace/cms-rich104-table-controls-ui/node_modules/.pnpm/@codemirror+view@6.43.8/node_modules/@codemirror/view/dist/index.js:8524:29)
    at RectangleMarker.forRange (file:///workspace/cms-rich104-table-controls-ui/node_modules/.pnpm/@codemirror+view@6.43.8/node_modules/@codemirror/view/dist/index.js:9291:28)
    at Object.markers (file:///workspace/cms-rich104-table-controls-ui/node_modules/.pnpm/@codemirror+view@6.43.8/node_modules/@codemirror/view/dist/index.js:9558:51)
    at LayerView.measure (file:///workspace/cms-rich104-table-controls-ui/node_modules/.pnpm/@codemirror+view@6.43.8/node_modules/@codemirror/view/dist/index.js:9448:27)
    at file:///workspace/cms-rich104-table-controls-ui/node_modules/.pnpm/@codemirror+view@6.43.8/node_modules/@codemirror/view/dist/index.js:8182:34
    at Array.map (<anonymous>)
    at EditorView.measure (file:///workspace/cms-rich104-table-controls-ui/node_modules/.pnpm/@codemirror+view@6.43.8/node_modules/@codemirror/view/dist/index.js:8180:42)

 ✓ tests/rich-editor-native/iframe-localization.test.ts (4 tests) 1211ms
   ✓ uses the pinned Spanish catalog Code and Preview labels through the actual editor node view  622ms
   ✓ translates actual delayed invalid-input feedback while preserving the saved embed  353ms
 ✓ tests/rich-editor-native/table-bubble-owner.test.ts (3 tests) 801ms
   ✓ registers the actual contextual table plugin with its More actions owner  315ms
   ✓ avoids unsupported Native Range geometry while retaining the real contextual plugin  443ms
 ✓ tests/rich-editor-native/table-readonly-transition.test.ts (1 test) 851ms
   ✓ closes an open table action menu on actual read-only props and restores editing without hidden mutations  850ms
 ✓ tests/rich-editor-native/embed-tabs.test.ts (2 tests) 1297ms
   ✓ activates iframe tabs on actual focus and mounts the corresponding real panel  741ms
   ✓ uses roving tab focus with arrows, RTL direction and Home/End while retaining form locality  554ms
 ✓ tests/rich-editor-native/fields.test.ts (9 tests) 1839ms
     ✓ emits real numeric values and preserves the Source empty-number coercion to zero  1625ms
 ✓ tests/rich-editor-native/code-editor-boundary.test.ts (1 test) 1102ms
   ✓ shows the Source reload fallback for real CodeMirror mount errors and mounts normally after recovery  1101ms
 ✓ tests/rich-editor-native/table-menu-hover.test.ts (4 tests) 1095ms
     ✓ moves focus and subsequent keyboard navigation to the hovered toolbar action  558ms
 ✓ tests/rich-editor-native/authoring-controls.test.ts (7 tests) 779ms
     ✓ persists text-cell alignment in the emitted Portable Text cell, without paragraph-only alignment  305ms
 ✓ tests/rich-editor-native/table-picker-readonly.test.ts (1 test) 4201ms
   ✓ closes the actual shared slash table picker on read-only props without an update loop or query mutation  4199ms
 ✓ tests/rich-editor-native/table-more-menu.test.ts (1 test) 463ms
   ✓ provides the reusable More menu with actual selected-cell actions and result announcements  462ms
 ✓ tests/rich-editor-native/source-insertion-witness.test.ts (1 test) 519ms
   ✓ the whole pinned insertion declaration retains a real StarterKit trailing paragraph after an end HTML block  517ms
 ✓ tests/rich-editor-native/section-import-failure.test.ts (1 test) 329ms
   ✓ forgets a failed gutter picker import before an ordinary HTML slash insertion  328ms
 ✓ tests/rich-editor-native/table-picker-controls.test.ts (5 tests) 318ms
 ✓ tests/rich-editor-native/table-control-localization.test.ts (3 tests) 177ms
 ✓ tests/rich-editor-native/converters.test.ts (8 tests) 210ms
stderr | tests/rich-editor-native/iframe-live-locale.test.ts > witnesses the whole Source CodeEditor live locale hint and mount-only aria label
The current testing environment is not configured to support act(...)

stderr | tests/rich-editor-native/iframe-live-locale.test.ts > witnesses the whole Source CodeEditor live locale hint and mount-only aria label
The current testing environment is not configured to support act(...)
The current testing environment is not configured to support act(...)

stderr | tests/rich-editor-native/iframe-live-locale.test.ts > witnesses the whole Source CodeEditor live locale hint and mount-only aria label
The current testing environment is not configured to support act(...)

 ✓ tests/rich-editor-native/iframe-live-locale.test.ts (2 tests) 827ms
   ✓ witnesses the whole Source CodeEditor live locale hint and mount-only aria label  576ms

 Test Files  19 passed (19)
      Tests  86 passed (86)
   Start at  21:33:31
   Duration  78.58s (transform 4.96s, setup 0ms, import 20.79s, tests 23.91s, environment 27.80s)

JSON report written to /tmp/rich104-table-final-native86-report.json
