✖ server bridge derives the supported content and publication permissions from a current role (2.469763ms)
✔ request-scoped cookie resolution observes role changes, revocation and expiry, with writes disabled by default (84.836122ms)
✔ unconfigured handle clears stale locals and does not open or migrate storage (0.432189ms)
ℹ tests 3
ℹ suites 0
ℹ pass 2
ℹ fail 1
ℹ cancelled 0
ℹ skipped 0
ℹ todo 0
ℹ duration_ms 432.284525

✖ failing tests:

test at tests/session-composition.test.ts:13:1
✖ server bridge derives the supported content and publication permissions from a current role (2.469763ms)
  AssertionError [ERR_ASSERTION]: Expected values to be strictly equal:
  
  36 !== 33
  
      at TestContext.<anonymous> (file:///workspace/cms-full-auth-users/tests/session-composition.test.ts:22:10)
      at Test.runInAsyncScope (node:async_hooks:227:14)
      at Test.run (node:internal/test_runner/test:1382:25)
      at Test.start (node:internal/test_runner/test:1242:17)
      at startSubtestAfterBootstrap (node:internal/test_runner/harness:387:17) {
    generatedMessage: true,
    code: 'ERR_ASSERTION',
    actual: 36,
    expected: 33,
    operator: 'strictEqual',
    diff: 'simple'
  }
