✖ official Worker streams, confirms and deduplicates R2 media with persisted D1 folders and metadata (694.327678ms)
ℹ tests 1
ℹ suites 0
ℹ pass 0
ℹ fail 1
ℹ cancelled 0
ℹ skipped 0
ℹ todo 0
ℹ duration_ms 1032.43515

✖ failing tests:

test at tests/cloudflare-hosting/media.test.ts:12:1
✖ official Worker streams, confirms and deduplicates R2 media with persisted D1 folders and metadata (694.327678ms)
  AssertionError [ERR_ASSERTION]: The expression evaluated to a falsy value:
  
    assert.ok(object)
  
      at TestContext.<anonymous> (file:///workspace/cms-media/tests/cloudflare-hosting/media.test.ts:70:12)
      at process.processTicksAndRejections (node:internal/process/task_queues:104:5)
      at async Test.run (node:internal/test_runner/test:1389:7)
      at async startSubtestAfterBootstrap (node:internal/test_runner/harness:387:3) {
    generatedMessage: true,
    code: 'ERR_ASSERTION',
    actual: null,
    expected: true,
    operator: '==',
    diff: 'simple'
  }
