
 RUN  v4.1.10 /workspace/cms-full-rich-fields-editor

 ✓ parity/emdash/rich-editor-source/packages/admin/tests/pt-gallery-converters.test.ts (3 tests) 7ms
 ✓ parity/emdash/rich-editor-source/packages/admin/tests/pt-image-converters.test.ts (1 test) 4ms
 ✓ parity/emdash/rich-editor-source/packages/admin/tests/components/PortableTextEditor.list.test.ts (19 tests) 13ms
 ✓ parity/emdash/rich-editor-source/packages/admin/tests/components/PortableTextEditor.table.test.ts (10 tests) 14ms
 ✓ parity/emdash/rich-editor-source/packages/admin/tests/editor/PortableTextEditor.code-block.test.ts (2 tests) 4ms
 ✓ parity/emdash/rich-editor-source/packages/admin/tests/lib/portable-text-table.test.ts (20 tests) 222ms
 ✓ parity/emdash/rich-editor-source/packages/core/tests/unit/client/portable-text.test.ts (37 tests) 12ms
 ✓ parity/emdash/rich-editor-source/packages/core/tests/unit/content/portable-text-lists.test.ts (9 tests) 6ms
 ✓ parity/emdash/rich-editor-source/packages/core/tests/unit/converters/blockquote-grouping.test.ts (4 tests) 6ms
 ✓ parity/emdash/rich-editor-source/packages/core/tests/unit/converters/custom-block-round-trip.test.ts (9 tests) 18ms
 ✓ parity/emdash/rich-editor-source/packages/core/tests/unit/converters/gallery-round-trip.test.ts (10 tests) 9ms
 ✓ parity/emdash/rich-editor-source/packages/core/tests/unit/converters/html-block-round-trip.test.ts (6 tests) 7ms
 ✓ parity/emdash/rich-editor-source/packages/core/tests/unit/converters/iframe-round-trip.test.ts (5 tests) 6ms
 ✓ parity/emdash/rich-editor-source/packages/core/tests/unit/converters/image-alignment.test.ts (17 tests) 9ms
 ✓ parity/emdash/rich-editor-source/packages/core/tests/unit/converters/image-dimensions.test.ts (5 tests) 5ms
 ✓ parity/emdash/rich-editor-source/packages/core/tests/unit/converters/image-link.test.ts (10 tests) 7ms
 ✓ parity/emdash/rich-editor-source/packages/core/tests/unit/converters/image-missing-asset.test.ts (5 tests) 5ms
 ✓ parity/emdash/rich-editor-source/packages/core/tests/unit/converters/image-seeded-media.test.ts (1 test) 4ms
 ✓ parity/emdash/rich-editor-source/packages/core/tests/unit/converters/linked-code-round-trip.test.ts (2 tests) 5ms
 ✓ parity/emdash/rich-editor-source/packages/core/tests/unit/converters/list-nesting.test.ts (6 tests) 8ms
 ✓ parity/emdash/rich-editor-source/packages/core/tests/unit/converters/numbered-list-continuity.test.ts (9 tests) 10ms
 ✓ parity/emdash/rich-editor-source/packages/core/tests/unit/converters/table-round-trip.test.ts (7 tests) 10ms
 ✓ parity/emdash/rich-editor-source/packages/core/tests/unit/converters/text-align-round-trip.test.ts (5 tests) 7ms
 ✓ parity/emdash/rich-editor-source/packages/core/tests/unit/converters/unsupported-portable-text-marks.test.ts (4 tests) 7ms

 Test Files  24 passed (24)
      Tests  206 passed (206)
   Start at  14:37:27
   Duration  4.56s (transform 379ms, setup 0ms, import 1.31s, tests 404ms, environment 2ms)

JSON report written to /tmp/rich-editor-core-first-runtime-76b340bc/source24-report.json
