
 RUN  v4.1.10 /workspace/cms-dashboard-welcome-ui

stderr | parity/emdash/dashboard-welcome-source/upstream/packages/admin/tests/components/Dashboard.test.tsx > Dashboard > shows marketplace migration guidance to admins
An error occurred in the <Dashboard> component.

Consider adding an error boundary to your tree to customize error handling behavior.
Visit https://react.dev/link/error-boundaries to learn more about error boundaries.


stderr | parity/emdash/dashboard-welcome-source/upstream/packages/admin/tests/components/Dashboard.test.tsx > Dashboard > hides marketplace migration guidance from non-admins
An error occurred in the <Dashboard> component.

Consider adding an error boundary to your tree to customize error handling behavior.
Visit https://react.dev/link/error-boundaries to learn more about error boundaries.


stderr | parity/emdash/dashboard-welcome-source/upstream/packages/admin/tests/components/Dashboard.test.tsx > Dashboard > shows scheduled summary when collection stats include pending schedules
An error occurred in the <Dashboard> component.

Consider adding an error boundary to your tree to customize error handling behavior.
Visit https://react.dev/link/error-boundaries to learn more about error boundaries.


stderr | parity/emdash/dashboard-welcome-source/upstream/packages/admin/tests/components/Dashboard.test.tsx > Dashboard > does not link the scheduled summary for subscribers, who cannot open the calendar
An error occurred in the <Dashboard> component.

Consider adding an error boundary to your tree to customize error handling behavior.
Visit https://react.dev/link/error-boundaries to learn more about error boundaries.


stderr | parity/emdash/dashboard-welcome-source/upstream/packages/admin/tests/components/Dashboard.test.tsx > Dashboard > omits scheduled summary when only residual non-scheduled statuses exist
An error occurred in the <Dashboard> component.

Consider adding an error boundary to your tree to customize error handling behavior.
Visit https://react.dev/link/error-boundaries to learn more about error boundaries.


stderr | parity/emdash/dashboard-welcome-source/upstream/packages/admin/tests/components/Dashboard.test.tsx > Dashboard > warns when scheduled content is overdue and the scheduler has never completed
An error occurred in the <Dashboard> component.

Consider adding an error boundary to your tree to customize error handling behavior.
Visit https://react.dev/link/error-boundaries to learn more about error boundaries.


stderr | parity/emdash/dashboard-welcome-source/upstream/packages/admin/tests/components/Dashboard.test.tsx > Dashboard > warns when scheduled content is overdue and the heartbeat is stale
An error occurred in the <Dashboard> component.

Consider adding an error boundary to your tree to customize error handling behavior.
Visit https://react.dev/link/error-boundaries to learn more about error boundaries.


stderr | parity/emdash/dashboard-welcome-source/upstream/packages/admin/tests/components/Dashboard.test.tsx > Dashboard > does not warn when the scheduler heartbeat is healthy
An error occurred in the <Dashboard> component.

Consider adding an error boundary to your tree to customize error handling behavior.
Visit https://react.dev/link/error-boundaries to learn more about error boundaries.


stderr | parity/emdash/dashboard-welcome-source/upstream/packages/admin/tests/components/Dashboard.test.tsx > Dashboard > warns when a publication policy blocks scheduled content
An error occurred in the <Dashboard> component.

Consider adding an error boundary to your tree to customize error handling behavior.
Visit https://react.dev/link/error-boundaries to learn more about error boundaries.


stderr | parity/emdash/dashboard-welcome-source/upstream/packages/admin/tests/components/Dashboard.test.tsx > Dashboard > refreshes a stale policy rejection after dismissal conflicts
An error occurred in the <Dashboard> component.

Consider adding an error boundary to your tree to customize error handling behavior.
Visit https://react.dev/link/error-boundaries to learn more about error boundaries.


stderr | parity/emdash/dashboard-welcome-source/upstream/packages/admin/tests/components/Dashboard.test.tsx > Dashboard > does not offer dismissal to authors
An error occurred in the <Dashboard> component.

Consider adding an error boundary to your tree to customize error handling behavior.
Visit https://react.dev/link/error-boundaries to learn more about error boundaries.


stderr | parity/emdash/dashboard-welcome-source/upstream/packages/admin/tests/components/Dashboard.test.tsx > Dashboard > shows policy rejections and scheduler outages independently
An error occurred in the <Dashboard> component.

Consider adding an error boundary to your tree to customize error handling behavior.
Visit https://react.dev/link/error-boundaries to learn more about error boundaries.


stderr | parity/emdash/dashboard-welcome-source/upstream/packages/admin/tests/components/Dashboard.test.tsx > Dashboard > renders dashboard data from an older API without scheduler health
An error occurred in the <Dashboard> component.

Consider adding an error boundary to your tree to customize error handling behavior.
Visit https://react.dev/link/error-boundaries to learn more about error boundaries.


stderr | parity/emdash/dashboard-welcome-source/upstream/packages/admin/tests/components/Dashboard.test.tsx > Dashboard > labels the published count for screen readers with the state, not the action
An error occurred in the <Dashboard> component.

Consider adding an error boundary to your tree to customize error handling behavior.
Visit https://react.dev/link/error-boundaries to learn more about error boundaries.


stderr | parity/emdash/dashboard-welcome-source/upstream/packages/admin/tests/components/Dashboard.test.tsx > Dashboard > links collection quick actions to new content forms
An error occurred in the <Dashboard> component.

Consider adding an error boundary to your tree to customize error handling behavior.
Visit https://react.dev/link/error-boundaries to learn more about error boundaries.


stderr | parity/emdash/dashboard-welcome-source/upstream/packages/admin/tests/components/Dashboard.test.tsx > Dashboard > omits quick actions for hidden collections and those opting out
An error occurred in the <Dashboard> component.

Consider adding an error boundary to your tree to customize error handling behavior.
Visit https://react.dev/link/error-boundaries to learn more about error boundaries.


stderr | parity/emdash/dashboard-welcome-source/upstream/packages/admin/tests/components/Dashboard.test.tsx > Dashboard > uses the same heading level for every dashboard card title
An error occurred in the <Dashboard> component.

Consider adding an error boundary to your tree to customize error handling behavior.
Visit https://react.dev/link/error-boundaries to learn more about error boundaries.


stderr | parity/emdash/dashboard-welcome-source/upstream/packages/admin/tests/components/Dashboard.test.tsx > Dashboard > gives recent activity status icons normalized accessible labels
An error occurred in the <Dashboard> component.

Consider adding an error boundary to your tree to customize error handling behavior.
Visit https://react.dev/link/error-boundaries to learn more about error boundaries.


stderr | parity/emdash/dashboard-welcome-source/upstream/packages/admin/tests/components/Dashboard.test.tsx > Dashboard > renders unknown status names without treating object properties as lifecycle states
An error occurred in the <Dashboard> component.

Consider adding an error boundary to your tree to customize error handling behavior.
Visit https://react.dev/link/error-boundaries to learn more about error boundaries.


stderr | parity/emdash/dashboard-welcome-source/upstream/packages/admin/tests/components/Dashboard.test.tsx > Dashboard > site import suggestion > links an admin of an importable site to the Transfer import
An error occurred in the <Dashboard> component.

Consider adding an error boundary to your tree to customize error handling behavior.
Visit https://react.dev/link/error-boundaries to learn more about error boundaries.


stderr | parity/emdash/dashboard-welcome-source/upstream/packages/admin/tests/components/Dashboard.test.tsx > Dashboard > site import suggestion > stays hidden when the site can't receive an import
An error occurred in the <Dashboard> component.

Consider adding an error boundary to your tree to customize error handling behavior.
Visit https://react.dev/link/error-boundaries to learn more about error boundaries.


stderr | parity/emdash/dashboard-welcome-source/upstream/packages/admin/tests/components/Dashboard.test.tsx > Dashboard > site import suggestion > doesn't check import eligibility for non-admins
An error occurred in the <Dashboard> component.

Consider adding an error boundary to your tree to customize error handling behavior.
Visit https://react.dev/link/error-boundaries to learn more about error boundaries.


stderr | parity/emdash/dashboard-welcome-source/upstream/packages/admin/tests/components/Dashboard.test.tsx > Dashboard > site import suggestion > doesn't check import eligibility once the site has content
An error occurred in the <Dashboard> component.

Consider adding an error boundary to your tree to customize error handling behavior.
Visit https://react.dev/link/error-boundaries to learn more about error boundaries.


stderr | parity/emdash/dashboard-welcome-source/upstream/packages/admin/tests/components/Dashboard.test.tsx > Dashboard > site import suggestion > stays dismissed
An error occurred in the <Dashboard> component.

Consider adding an error boundary to your tree to customize error handling behavior.
Visit https://react.dev/link/error-boundaries to learn more about error boundaries.


 ❯ parity/emdash/dashboard-welcome-source/upstream/packages/admin/tests/components/Dashboard.test.tsx (24 tests | 22 failed) 22135ms
     × shows marketplace migration guidance to admins 1033ms
     ✓ hides marketplace migration guidance from non-admins 6ms
     × shows scheduled summary when collection stats include pending schedules 1005ms
     × does not link the scheduled summary for subscribers, who cannot open the calendar 1004ms
     × omits scheduled summary when only residual non-scheduled statuses exist 1005ms
     × warns when scheduled content is overdue and the scheduler has never completed 1005ms
     × warns when scheduled content is overdue and the heartbeat is stale 1003ms
     ✓ does not warn when the scheduler heartbeat is healthy 2ms
     × warns when a publication policy blocks scheduled content 1003ms
     × refreshes a stale policy rejection after dismissal conflicts 1009ms
     × does not offer dismissal to authors 1003ms
     × shows policy rejections and scheduler outages independently 1004ms
     × renders dashboard data from an older API without scheduler health 1002ms
     × labels the published count for screen readers with the state, not the action 1003ms
     × links collection quick actions to new content forms 1005ms
     × omits quick actions for hidden collections and those opting out 1002ms
     × uses the same heading level for every dashboard card title 1004ms
     × gives recent activity status icons normalized accessible labels 1004ms
     × renders unknown status names without treating object properties as lifecycle states 1002ms
       × links an admin of an importable site to the Transfer import 1004ms
       × stays hidden when the site can't receive an import 1009ms
       × doesn't check import eligibility for non-admins 1004ms
       × doesn't check import eligibility once the site has content 1004ms
       × stays dismissed 1006ms
 ✓ parity/emdash/dashboard-welcome-source/upstream/packages/admin/tests/components/WelcomeModal.test.tsx (9 tests) 149ms

⎯⎯⎯⎯⎯⎯ Failed Tests 22 ⎯⎯⎯⎯⎯⎯⎯

 FAIL  parity/emdash/dashboard-welcome-source/upstream/packages/admin/tests/components/Dashboard.test.tsx > Dashboard > shows marketplace migration guidance to admins
 FAIL  parity/emdash/dashboard-welcome-source/upstream/packages/admin/tests/components/Dashboard.test.tsx > Dashboard > shows scheduled summary when collection stats include pending schedules
 FAIL  parity/emdash/dashboard-welcome-source/upstream/packages/admin/tests/components/Dashboard.test.tsx > Dashboard > does not link the scheduled summary for subscribers, who cannot open the calendar
 FAIL  parity/emdash/dashboard-welcome-source/upstream/packages/admin/tests/components/Dashboard.test.tsx > Dashboard > omits scheduled summary when only residual non-scheduled statuses exist
 FAIL  parity/emdash/dashboard-welcome-source/upstream/packages/admin/tests/components/Dashboard.test.tsx > Dashboard > warns when scheduled content is overdue and the scheduler has never completed
 FAIL  parity/emdash/dashboard-welcome-source/upstream/packages/admin/tests/components/Dashboard.test.tsx > Dashboard > warns when scheduled content is overdue and the heartbeat is stale
 FAIL  parity/emdash/dashboard-welcome-source/upstream/packages/admin/tests/components/Dashboard.test.tsx > Dashboard > warns when a publication policy blocks scheduled content
 FAIL  parity/emdash/dashboard-welcome-source/upstream/packages/admin/tests/components/Dashboard.test.tsx > Dashboard > does not offer dismissal to authors
 FAIL  parity/emdash/dashboard-welcome-source/upstream/packages/admin/tests/components/Dashboard.test.tsx > Dashboard > shows policy rejections and scheduler outages independently
 FAIL  parity/emdash/dashboard-welcome-source/upstream/packages/admin/tests/components/Dashboard.test.tsx > Dashboard > renders dashboard data from an older API without scheduler health
 FAIL  parity/emdash/dashboard-welcome-source/upstream/packages/admin/tests/components/Dashboard.test.tsx > Dashboard > labels the published count for screen readers with the state, not the action
 FAIL  parity/emdash/dashboard-welcome-source/upstream/packages/admin/tests/components/Dashboard.test.tsx > Dashboard > omits quick actions for hidden collections and those opting out
 FAIL  parity/emdash/dashboard-welcome-source/upstream/packages/admin/tests/components/Dashboard.test.tsx > Dashboard > uses the same heading level for every dashboard card title
 FAIL  parity/emdash/dashboard-welcome-source/upstream/packages/admin/tests/components/Dashboard.test.tsx > Dashboard > gives recent activity status icons normalized accessible labels
 FAIL  parity/emdash/dashboard-welcome-source/upstream/packages/admin/tests/components/Dashboard.test.tsx > Dashboard > renders unknown status names without treating object properties as lifecycle states
 FAIL  parity/emdash/dashboard-welcome-source/upstream/packages/admin/tests/components/Dashboard.test.tsx > Dashboard > site import suggestion > stays hidden when the site can't receive an import
 FAIL  parity/emdash/dashboard-welcome-source/upstream/packages/admin/tests/components/Dashboard.test.tsx > Dashboard > site import suggestion > doesn't check import eligibility for non-admins
 FAIL  parity/emdash/dashboard-welcome-source/upstream/packages/admin/tests/components/Dashboard.test.tsx > Dashboard > site import suggestion > doesn't check import eligibility once the site has content
AssertionError: expected false to be true // Object.is equality

- Expected
+ Received

- true
+ false

 ❯ tests/helpers/dashboard-welcome/dom-setup.ts:9:84
      7|   const read = () => value instanceof Locator ? value.read() : value;
      8|   const assertion = (negate: boolean) => ({
      9|     toBeInTheDocument: () => vi.waitFor(() => expect(Boolean(read()?.i…
       |                                                                                    ^
     10|     toHaveAttribute: (name: string, expected: string) => vi.waitFor(()…
     11|       const result = expect(read()?.getAttribute(name));

⎯⎯⎯⎯⎯⎯⎯⎯⎯⎯⎯⎯⎯⎯⎯⎯⎯⎯⎯⎯⎯⎯⎯[1/22]⎯

 FAIL  parity/emdash/dashboard-welcome-source/upstream/packages/admin/tests/components/Dashboard.test.tsx > Dashboard > refreshes a stale policy rejection after dismissal conflicts
 FAIL  parity/emdash/dashboard-welcome-source/upstream/packages/admin/tests/components/Dashboard.test.tsx > Dashboard > site import suggestion > stays dismissed
Error: Control absent from actual native DOM
 ❯ Locator.element tests/helpers/dashboard-welcome/dom-render.tsx:17:64
     15| export class Locator {
     16|   constructor(readonly read: () => HTMLElement | null) {}
     17|   element() { const element = this.read(); if (!element) throw new Err…
       |                                                                ^
     18|   async click() { const element = await vi.waitFor(() => this.element(…
     19| }
 ❯ tests/helpers/dashboard-welcome/dom-render.tsx:18:63

⎯⎯⎯⎯⎯⎯⎯⎯⎯⎯⎯⎯⎯⎯⎯⎯⎯⎯⎯⎯⎯⎯⎯[2/22]⎯

 FAIL  parity/emdash/dashboard-welcome-source/upstream/packages/admin/tests/components/Dashboard.test.tsx > Dashboard > links collection quick actions to new content forms
AssertionError: expected undefined to be '/content/pages/new' // Object.is equality

- Expected:
"/content/pages/new"

+ Received:
undefined

 ❯ tests/helpers/dashboard-welcome/dom-setup.ts:12:58
     10|     toHaveAttribute: (name: string, expected: string) => vi.waitFor(()…
     11|       const result = expect(read()?.getAttribute(name));
     12|       if (negate) result.not.toBe(expected); else result.toBe(expected…
       |                                                          ^
     13|     })
     14|   });

⎯⎯⎯⎯⎯⎯⎯⎯⎯⎯⎯⎯⎯⎯⎯⎯⎯⎯⎯⎯⎯⎯⎯[3/22]⎯

 FAIL  parity/emdash/dashboard-welcome-source/upstream/packages/admin/tests/components/Dashboard.test.tsx > Dashboard > site import suggestion > links an admin of an importable site to the Transfer import
AssertionError: expected undefined to be '/settings/transfer?start=import' // Object.is equality

- Expected:
"/settings/transfer?start=import"

+ Received:
undefined

 ❯ tests/helpers/dashboard-welcome/dom-setup.ts:12:58
     10|     toHaveAttribute: (name: string, expected: string) => vi.waitFor(()…
     11|       const result = expect(read()?.getAttribute(name));
     12|       if (negate) result.not.toBe(expected); else result.toBe(expected…
       |                                                          ^
     13|     })
     14|   });

⎯⎯⎯⎯⎯⎯⎯⎯⎯⎯⎯⎯⎯⎯⎯⎯⎯⎯⎯⎯⎯⎯⎯[4/22]⎯

⎯⎯⎯⎯⎯⎯ Unhandled Errors ⎯⎯⎯⎯⎯⎯

Vitest caught 24 unhandled errors during the test run.
This might cause false positive tests. Resolve unhandled errors to make sure your tests are not affected.

⎯⎯⎯⎯⎯ Uncaught Exception ⎯⎯⎯⎯⎯
Error: No QueryClient set, use QueryClientProvider to set one
 ❯ useQueryClient node_modules/.pnpm/@tanstack+react-query@5.90.21_react@19.3.0/node_modules/@tanstack/react-query/build/modern/QueryClientProvider.js:15:11
 ❯ Dashboard tests/helpers/dashboard-welcome/source-react.tsx:16:23
     14| export function Dashboard({ manifest }: { manifest: DashboardManifest …
     15|   const target = React.useRef<HTMLDivElement>(null);
     16|   const queryClient = useQueryClient();
       |                       ^
     17|   const { data: user } = useCurrentUser() as unknown as { data?: { rol…
     18|   React.useLayoutEffect(() => {
 ❯ Object.react_stack_bottom_frame node_modules/.pnpm/react-dom@19.3.0_react@19.3.0/node_modules/react-dom/cjs/react-dom-client.development.js:28571:20
 ❯ renderWithHooks node_modules/.pnpm/react-dom@19.3.0_react@19.3.0/node_modules/react-dom/cjs/react-dom-client.development.js:8030:22
 ❯ updateFunctionComponent node_modules/.pnpm/react-dom@19.3.0_react@19.3.0/node_modules/react-dom/cjs/react-dom-client.development.js:10569:19
 ❯ beginWork node_modules/.pnpm/react-dom@19.3.0_react@19.3.0/node_modules/react-dom/cjs/react-dom-client.development.js:12205:18
 ❯ runWithFiberInDEV node_modules/.pnpm/react-dom@19.3.0_react@19.3.0/node_modules/react-dom/cjs/react-dom-client.development.js:1048:13
 ❯ performUnitOfWork node_modules/.pnpm/react-dom@19.3.0_react@19.3.0/node_modules/react-dom/cjs/react-dom-client.development.js:19176:22
 ❯ workLoopSync node_modules/.pnpm/react-dom@19.3.0_react@19.3.0/node_modules/react-dom/cjs/react-dom-client.development.js:19004:41
 ❯ renderRootSync node_modules/.pnpm/react-dom@19.3.0_react@19.3.0/node_modules/react-dom/cjs/react-dom-client.development.js:18985:11

This error originated in "parity/emdash/dashboard-welcome-source/upstream/packages/admin/tests/components/Dashboard.test.tsx" test file. It doesn't mean the error was thrown inside the file itself, but while it was running.
The latest test that might've caused the error is "shows marketplace migration guidance to admins". It might mean one of the following:
- The error was thrown, while Vitest was running this test.
- If the error occurred after the test had been completed, this was the last documented test before it was thrown.

⎯⎯⎯⎯⎯ Uncaught Exception ⎯⎯⎯⎯⎯
Error: No QueryClient set, use QueryClientProvider to set one
 ❯ useQueryClient node_modules/.pnpm/@tanstack+react-query@5.90.21_react@19.3.0/node_modules/@tanstack/react-query/build/modern/QueryClientProvider.js:15:11
 ❯ Dashboard tests/helpers/dashboard-welcome/source-react.tsx:16:23
     14| export function Dashboard({ manifest }: { manifest: DashboardManifest …
     15|   const target = React.useRef<HTMLDivElement>(null);
     16|   const queryClient = useQueryClient();
       |                       ^
     17|   const { data: user } = useCurrentUser() as unknown as { data?: { rol…
     18|   React.useLayoutEffect(() => {
 ❯ Object.react_stack_bottom_frame node_modules/.pnpm/react-dom@19.3.0_react@19.3.0/node_modules/react-dom/cjs/react-dom-client.development.js:28571:20
 ❯ renderWithHooks node_modules/.pnpm/react-dom@19.3.0_react@19.3.0/node_modules/react-dom/cjs/react-dom-client.development.js:8030:22
 ❯ updateFunctionComponent node_modules/.pnpm/react-dom@19.3.0_react@19.3.0/node_modules/react-dom/cjs/react-dom-client.development.js:10569:19
 ❯ beginWork node_modules/.pnpm/react-dom@19.3.0_react@19.3.0/node_modules/react-dom/cjs/react-dom-client.development.js:12205:18
 ❯ runWithFiberInDEV node_modules/.pnpm/react-dom@19.3.0_react@19.3.0/node_modules/react-dom/cjs/react-dom-client.development.js:1048:13
 ❯ performUnitOfWork node_modules/.pnpm/react-dom@19.3.0_react@19.3.0/node_modules/react-dom/cjs/react-dom-client.development.js:19176:22
 ❯ workLoopSync node_modules/.pnpm/react-dom@19.3.0_react@19.3.0/node_modules/react-dom/cjs/react-dom-client.development.js:19004:41
 ❯ renderRootSync node_modules/.pnpm/react-dom@19.3.0_react@19.3.0/node_modules/react-dom/cjs/react-dom-client.development.js:18985:11

This error originated in "parity/emdash/dashboard-welcome-source/upstream/packages/admin/tests/components/Dashboard.test.tsx" test file. It doesn't mean the error was thrown inside the file itself, but while it was running.
The latest test that might've caused the error is "hides marketplace migration guidance from non-admins". It might mean one of the following:
- The error was thrown, while Vitest was running this test.
- If the error occurred after the test had been completed, this was the last documented test before it was thrown.

⎯⎯⎯⎯⎯ Uncaught Exception ⎯⎯⎯⎯⎯
Error: No QueryClient set, use QueryClientProvider to set one
 ❯ useQueryClient node_modules/.pnpm/@tanstack+react-query@5.90.21_react@19.3.0/node_modules/@tanstack/react-query/build/modern/QueryClientProvider.js:15:11
 ❯ Dashboard tests/helpers/dashboard-welcome/source-react.tsx:16:23
     14| export function Dashboard({ manifest }: { manifest: DashboardManifest …
     15|   const target = React.useRef<HTMLDivElement>(null);
     16|   const queryClient = useQueryClient();
       |                       ^
     17|   const { data: user } = useCurrentUser() as unknown as { data?: { rol…
     18|   React.useLayoutEffect(() => {
 ❯ Object.react_stack_bottom_frame node_modules/.pnpm/react-dom@19.3.0_react@19.3.0/node_modules/react-dom/cjs/react-dom-client.development.js:28571:20
 ❯ renderWithHooks node_modules/.pnpm/react-dom@19.3.0_react@19.3.0/node_modules/react-dom/cjs/react-dom-client.development.js:8030:22
 ❯ updateFunctionComponent node_modules/.pnpm/react-dom@19.3.0_react@19.3.0/node_modules/react-dom/cjs/react-dom-client.development.js:10569:19
 ❯ beginWork node_modules/.pnpm/react-dom@19.3.0_react@19.3.0/node_modules/react-dom/cjs/react-dom-client.development.js:12205:18
 ❯ runWithFiberInDEV node_modules/.pnpm/react-dom@19.3.0_react@19.3.0/node_modules/react-dom/cjs/react-dom-client.development.js:1048:13
 ❯ performUnitOfWork node_modules/.pnpm/react-dom@19.3.0_react@19.3.0/node_modules/react-dom/cjs/react-dom-client.development.js:19176:22
 ❯ workLoopSync node_modules/.pnpm/react-dom@19.3.0_react@19.3.0/node_modules/react-dom/cjs/react-dom-client.development.js:19004:41
 ❯ renderRootSync node_modules/.pnpm/react-dom@19.3.0_react@19.3.0/node_modules/react-dom/cjs/react-dom-client.development.js:18985:11

This error originated in "parity/emdash/dashboard-welcome-source/upstream/packages/admin/tests/components/Dashboard.test.tsx" test file. It doesn't mean the error was thrown inside the file itself, but while it was running.
The latest test that might've caused the error is "shows scheduled summary when collection stats include pending schedules". It might mean one of the following:
- The error was thrown, while Vitest was running this test.
- If the error occurred after the test had been completed, this was the last documented test before it was thrown.

⎯⎯⎯⎯⎯ Uncaught Exception ⎯⎯⎯⎯⎯
Error: No QueryClient set, use QueryClientProvider to set one
 ❯ useQueryClient node_modules/.pnpm/@tanstack+react-query@5.90.21_react@19.3.0/node_modules/@tanstack/react-query/build/modern/QueryClientProvider.js:15:11
 ❯ Dashboard tests/helpers/dashboard-welcome/source-react.tsx:16:23
     14| export function Dashboard({ manifest }: { manifest: DashboardManifest …
     15|   const target = React.useRef<HTMLDivElement>(null);
     16|   const queryClient = useQueryClient();
       |                       ^
     17|   const { data: user } = useCurrentUser() as unknown as { data?: { rol…
     18|   React.useLayoutEffect(() => {
 ❯ Object.react_stack_bottom_frame node_modules/.pnpm/react-dom@19.3.0_react@19.3.0/node_modules/react-dom/cjs/react-dom-client.development.js:28571:20
 ❯ renderWithHooks node_modules/.pnpm/react-dom@19.3.0_react@19.3.0/node_modules/react-dom/cjs/react-dom-client.development.js:8030:22
 ❯ updateFunctionComponent node_modules/.pnpm/react-dom@19.3.0_react@19.3.0/node_modules/react-dom/cjs/react-dom-client.development.js:10569:19
 ❯ beginWork node_modules/.pnpm/react-dom@19.3.0_react@19.3.0/node_modules/react-dom/cjs/react-dom-client.development.js:12205:18
 ❯ runWithFiberInDEV node_modules/.pnpm/react-dom@19.3.0_react@19.3.0/node_modules/react-dom/cjs/react-dom-client.development.js:1048:13
 ❯ performUnitOfWork node_modules/.pnpm/react-dom@19.3.0_react@19.3.0/node_modules/react-dom/cjs/react-dom-client.development.js:19176:22
 ❯ workLoopSync node_modules/.pnpm/react-dom@19.3.0_react@19.3.0/node_modules/react-dom/cjs/react-dom-client.development.js:19004:41
 ❯ renderRootSync node_modules/.pnpm/react-dom@19.3.0_react@19.3.0/node_modules/react-dom/cjs/react-dom-client.development.js:18985:11

This error originated in "parity/emdash/dashboard-welcome-source/upstream/packages/admin/tests/components/Dashboard.test.tsx" test file. It doesn't mean the error was thrown inside the file itself, but while it was running.
The latest test that might've caused the error is "does not link the scheduled summary for subscribers, who cannot open the calendar". It might mean one of the following:
- The error was thrown, while Vitest was running this test.
- If the error occurred after the test had been completed, this was the last documented test before it was thrown.

⎯⎯⎯⎯⎯ Uncaught Exception ⎯⎯⎯⎯⎯
Error: No QueryClient set, use QueryClientProvider to set one
 ❯ useQueryClient node_modules/.pnpm/@tanstack+react-query@5.90.21_react@19.3.0/node_modules/@tanstack/react-query/build/modern/QueryClientProvider.js:15:11
 ❯ Dashboard tests/helpers/dashboard-welcome/source-react.tsx:16:23
     14| export function Dashboard({ manifest }: { manifest: DashboardManifest …
     15|   const target = React.useRef<HTMLDivElement>(null);
     16|   const queryClient = useQueryClient();
       |                       ^
     17|   const { data: user } = useCurrentUser() as unknown as { data?: { rol…
     18|   React.useLayoutEffect(() => {
 ❯ Object.react_stack_bottom_frame node_modules/.pnpm/react-dom@19.3.0_react@19.3.0/node_modules/react-dom/cjs/react-dom-client.development.js:28571:20
 ❯ renderWithHooks node_modules/.pnpm/react-dom@19.3.0_react@19.3.0/node_modules/react-dom/cjs/react-dom-client.development.js:8030:22
 ❯ updateFunctionComponent node_modules/.pnpm/react-dom@19.3.0_react@19.3.0/node_modules/react-dom/cjs/react-dom-client.development.js:10569:19
 ❯ beginWork node_modules/.pnpm/react-dom@19.3.0_react@19.3.0/node_modules/react-dom/cjs/react-dom-client.development.js:12205:18
 ❯ runWithFiberInDEV node_modules/.pnpm/react-dom@19.3.0_react@19.3.0/node_modules/react-dom/cjs/react-dom-client.development.js:1048:13
 ❯ performUnitOfWork node_modules/.pnpm/react-dom@19.3.0_react@19.3.0/node_modules/react-dom/cjs/react-dom-client.development.js:19176:22
 ❯ workLoopSync node_modules/.pnpm/react-dom@19.3.0_react@19.3.0/node_modules/react-dom/cjs/react-dom-client.development.js:19004:41
 ❯ renderRootSync node_modules/.pnpm/react-dom@19.3.0_react@19.3.0/node_modules/react-dom/cjs/react-dom-client.development.js:18985:11

This error originated in "parity/emdash/dashboard-welcome-source/upstream/packages/admin/tests/components/Dashboard.test.tsx" test file. It doesn't mean the error was thrown inside the file itself, but while it was running.
The latest test that might've caused the error is "omits scheduled summary when only residual non-scheduled statuses exist". It might mean one of the following:
- The error was thrown, while Vitest was running this test.
- If the error occurred after the test had been completed, this was the last documented test before it was thrown.

⎯⎯⎯⎯⎯ Uncaught Exception ⎯⎯⎯⎯⎯
Error: No QueryClient set, use QueryClientProvider to set one
 ❯ useQueryClient node_modules/.pnpm/@tanstack+react-query@5.90.21_react@19.3.0/node_modules/@tanstack/react-query/build/modern/QueryClientProvider.js:15:11
 ❯ Dashboard tests/helpers/dashboard-welcome/source-react.tsx:16:23
     14| export function Dashboard({ manifest }: { manifest: DashboardManifest …
     15|   const target = React.useRef<HTMLDivElement>(null);
     16|   const queryClient = useQueryClient();
       |                       ^
     17|   const { data: user } = useCurrentUser() as unknown as { data?: { rol…
     18|   React.useLayoutEffect(() => {
 ❯ Object.react_stack_bottom_frame node_modules/.pnpm/react-dom@19.3.0_react@19.3.0/node_modules/react-dom/cjs/react-dom-client.development.js:28571:20
 ❯ renderWithHooks node_modules/.pnpm/react-dom@19.3.0_react@19.3.0/node_modules/react-dom/cjs/react-dom-client.development.js:8030:22
 ❯ updateFunctionComponent node_modules/.pnpm/react-dom@19.3.0_react@19.3.0/node_modules/react-dom/cjs/react-dom-client.development.js:10569:19
 ❯ beginWork node_modules/.pnpm/react-dom@19.3.0_react@19.3.0/node_modules/react-dom/cjs/react-dom-client.development.js:12205:18
 ❯ runWithFiberInDEV node_modules/.pnpm/react-dom@19.3.0_react@19.3.0/node_modules/react-dom/cjs/react-dom-client.development.js:1048:13
 ❯ performUnitOfWork node_modules/.pnpm/react-dom@19.3.0_react@19.3.0/node_modules/react-dom/cjs/react-dom-client.development.js:19176:22
 ❯ workLoopSync node_modules/.pnpm/react-dom@19.3.0_react@19.3.0/node_modules/react-dom/cjs/react-dom-client.development.js:19004:41
 ❯ renderRootSync node_modules/.pnpm/react-dom@19.3.0_react@19.3.0/node_modules/react-dom/cjs/react-dom-client.development.js:18985:11

This error originated in "parity/emdash/dashboard-welcome-source/upstream/packages/admin/tests/components/Dashboard.test.tsx" test file. It doesn't mean the error was thrown inside the file itself, but while it was running.
The latest test that might've caused the error is "warns when scheduled content is overdue and the scheduler has never completed". It might mean one of the following:
- The error was thrown, while Vitest was running this test.
- If the error occurred after the test had been completed, this was the last documented test before it was thrown.

⎯⎯⎯⎯⎯ Uncaught Exception ⎯⎯⎯⎯⎯
Error: No QueryClient set, use QueryClientProvider to set one
 ❯ useQueryClient node_modules/.pnpm/@tanstack+react-query@5.90.21_react@19.3.0/node_modules/@tanstack/react-query/build/modern/QueryClientProvider.js:15:11
 ❯ Dashboard tests/helpers/dashboard-welcome/source-react.tsx:16:23
     14| export function Dashboard({ manifest }: { manifest: DashboardManifest …
     15|   const target = React.useRef<HTMLDivElement>(null);
     16|   const queryClient = useQueryClient();
       |                       ^
     17|   const { data: user } = useCurrentUser() as unknown as { data?: { rol…
     18|   React.useLayoutEffect(() => {
 ❯ Object.react_stack_bottom_frame node_modules/.pnpm/react-dom@19.3.0_react@19.3.0/node_modules/react-dom/cjs/react-dom-client.development.js:28571:20
 ❯ renderWithHooks node_modules/.pnpm/react-dom@19.3.0_react@19.3.0/node_modules/react-dom/cjs/react-dom-client.development.js:8030:22
 ❯ updateFunctionComponent node_modules/.pnpm/react-dom@19.3.0_react@19.3.0/node_modules/react-dom/cjs/react-dom-client.development.js:10569:19
 ❯ beginWork node_modules/.pnpm/react-dom@19.3.0_react@19.3.0/node_modules/react-dom/cjs/react-dom-client.development.js:12205:18
 ❯ runWithFiberInDEV node_modules/.pnpm/react-dom@19.3.0_react@19.3.0/node_modules/react-dom/cjs/react-dom-client.development.js:1048:13
 ❯ performUnitOfWork node_modules/.pnpm/react-dom@19.3.0_react@19.3.0/node_modules/react-dom/cjs/react-dom-client.development.js:19176:22
 ❯ workLoopSync node_modules/.pnpm/react-dom@19.3.0_react@19.3.0/node_modules/react-dom/cjs/react-dom-client.development.js:19004:41
 ❯ renderRootSync node_modules/.pnpm/react-dom@19.3.0_react@19.3.0/node_modules/react-dom/cjs/react-dom-client.development.js:18985:11

This error originated in "parity/emdash/dashboard-welcome-source/upstream/packages/admin/tests/components/Dashboard.test.tsx" test file. It doesn't mean the error was thrown inside the file itself, but while it was running.
The latest test that might've caused the error is "warns when scheduled content is overdue and the heartbeat is stale". It might mean one of the following:
- The error was thrown, while Vitest was running this test.
- If the error occurred after the test had been completed, this was the last documented test before it was thrown.

⎯⎯⎯⎯⎯ Uncaught Exception ⎯⎯⎯⎯⎯
Error: No QueryClient set, use QueryClientProvider to set one
 ❯ useQueryClient node_modules/.pnpm/@tanstack+react-query@5.90.21_react@19.3.0/node_modules/@tanstack/react-query/build/modern/QueryClientProvider.js:15:11
 ❯ Dashboard tests/helpers/dashboard-welcome/source-react.tsx:16:23
     14| export function Dashboard({ manifest }: { manifest: DashboardManifest …
     15|   const target = React.useRef<HTMLDivElement>(null);
     16|   const queryClient = useQueryClient();
       |                       ^
     17|   const { data: user } = useCurrentUser() as unknown as { data?: { rol…
     18|   React.useLayoutEffect(() => {
 ❯ Object.react_stack_bottom_frame node_modules/.pnpm/react-dom@19.3.0_react@19.3.0/node_modules/react-dom/cjs/react-dom-client.development.js:28571:20
 ❯ renderWithHooks node_modules/.pnpm/react-dom@19.3.0_react@19.3.0/node_modules/react-dom/cjs/react-dom-client.development.js:8030:22
 ❯ updateFunctionComponent node_modules/.pnpm/react-dom@19.3.0_react@19.3.0/node_modules/react-dom/cjs/react-dom-client.development.js:10569:19
 ❯ beginWork node_modules/.pnpm/react-dom@19.3.0_react@19.3.0/node_modules/react-dom/cjs/react-dom-client.development.js:12205:18
 ❯ runWithFiberInDEV node_modules/.pnpm/react-dom@19.3.0_react@19.3.0/node_modules/react-dom/cjs/react-dom-client.development.js:1048:13
 ❯ performUnitOfWork node_modules/.pnpm/react-dom@19.3.0_react@19.3.0/node_modules/react-dom/cjs/react-dom-client.development.js:19176:22
 ❯ workLoopSync node_modules/.pnpm/react-dom@19.3.0_react@19.3.0/node_modules/react-dom/cjs/react-dom-client.development.js:19004:41
 ❯ renderRootSync node_modules/.pnpm/react-dom@19.3.0_react@19.3.0/node_modules/react-dom/cjs/react-dom-client.development.js:18985:11

This error originated in "parity/emdash/dashboard-welcome-source/upstream/packages/admin/tests/components/Dashboard.test.tsx" test file. It doesn't mean the error was thrown inside the file itself, but while it was running.
The latest test that might've caused the error is "does not warn when the scheduler heartbeat is healthy". It might mean one of the following:
- The error was thrown, while Vitest was running this test.
- If the error occurred after the test had been completed, this was the last documented test before it was thrown.

⎯⎯⎯⎯⎯ Uncaught Exception ⎯⎯⎯⎯⎯
Error: No QueryClient set, use QueryClientProvider to set one
 ❯ useQueryClient node_modules/.pnpm/@tanstack+react-query@5.90.21_react@19.3.0/node_modules/@tanstack/react-query/build/modern/QueryClientProvider.js:15:11
 ❯ Dashboard tests/helpers/dashboard-welcome/source-react.tsx:16:23
     14| export function Dashboard({ manifest }: { manifest: DashboardManifest …
     15|   const target = React.useRef<HTMLDivElement>(null);
     16|   const queryClient = useQueryClient();
       |                       ^
     17|   const { data: user } = useCurrentUser() as unknown as { data?: { rol…
     18|   React.useLayoutEffect(() => {
 ❯ Object.react_stack_bottom_frame node_modules/.pnpm/react-dom@19.3.0_react@19.3.0/node_modules/react-dom/cjs/react-dom-client.development.js:28571:20
 ❯ renderWithHooks node_modules/.pnpm/react-dom@19.3.0_react@19.3.0/node_modules/react-dom/cjs/react-dom-client.development.js:8030:22
 ❯ updateFunctionComponent node_modules/.pnpm/react-dom@19.3.0_react@19.3.0/node_modules/react-dom/cjs/react-dom-client.development.js:10569:19
 ❯ beginWork node_modules/.pnpm/react-dom@19.3.0_react@19.3.0/node_modules/react-dom/cjs/react-dom-client.development.js:12205:18
 ❯ runWithFiberInDEV node_modules/.pnpm/react-dom@19.3.0_react@19.3.0/node_modules/react-dom/cjs/react-dom-client.development.js:1048:13
 ❯ performUnitOfWork node_modules/.pnpm/react-dom@19.3.0_react@19.3.0/node_modules/react-dom/cjs/react-dom-client.development.js:19176:22
 ❯ workLoopSync node_modules/.pnpm/react-dom@19.3.0_react@19.3.0/node_modules/react-dom/cjs/react-dom-client.development.js:19004:41
 ❯ renderRootSync node_modules/.pnpm/react-dom@19.3.0_react@19.3.0/node_modules/react-dom/cjs/react-dom-client.development.js:18985:11

This error originated in "parity/emdash/dashboard-welcome-source/upstream/packages/admin/tests/components/Dashboard.test.tsx" test file. It doesn't mean the error was thrown inside the file itself, but while it was running.
The latest test that might've caused the error is "warns when a publication policy blocks scheduled content". It might mean one of the following:
- The error was thrown, while Vitest was running this test.
- If the error occurred after the test had been completed, this was the last documented test before it was thrown.

⎯⎯⎯⎯⎯ Uncaught Exception ⎯⎯⎯⎯⎯
Error: No QueryClient set, use QueryClientProvider to set one
 ❯ useQueryClient node_modules/.pnpm/@tanstack+react-query@5.90.21_react@19.3.0/node_modules/@tanstack/react-query/build/modern/QueryClientProvider.js:15:11
 ❯ Dashboard tests/helpers/dashboard-welcome/source-react.tsx:16:23
     14| export function Dashboard({ manifest }: { manifest: DashboardManifest …
     15|   const target = React.useRef<HTMLDivElement>(null);
     16|   const queryClient = useQueryClient();
       |                       ^
     17|   const { data: user } = useCurrentUser() as unknown as { data?: { rol…
     18|   React.useLayoutEffect(() => {
 ❯ Object.react_stack_bottom_frame node_modules/.pnpm/react-dom@19.3.0_react@19.3.0/node_modules/react-dom/cjs/react-dom-client.development.js:28571:20
 ❯ renderWithHooks node_modules/.pnpm/react-dom@19.3.0_react@19.3.0/node_modules/react-dom/cjs/react-dom-client.development.js:8030:22
 ❯ updateFunctionComponent node_modules/.pnpm/react-dom@19.3.0_react@19.3.0/node_modules/react-dom/cjs/react-dom-client.development.js:10569:19
 ❯ beginWork node_modules/.pnpm/react-dom@19.3.0_react@19.3.0/node_modules/react-dom/cjs/react-dom-client.development.js:12205:18
 ❯ runWithFiberInDEV node_modules/.pnpm/react-dom@19.3.0_react@19.3.0/node_modules/react-dom/cjs/react-dom-client.development.js:1048:13
 ❯ performUnitOfWork node_modules/.pnpm/react-dom@19.3.0_react@19.3.0/node_modules/react-dom/cjs/react-dom-client.development.js:19176:22
 ❯ workLoopSync node_modules/.pnpm/react-dom@19.3.0_react@19.3.0/node_modules/react-dom/cjs/react-dom-client.development.js:19004:41
 ❯ renderRootSync node_modules/.pnpm/react-dom@19.3.0_react@19.3.0/node_modules/react-dom/cjs/react-dom-client.development.js:18985:11

This error originated in "parity/emdash/dashboard-welcome-source/upstream/packages/admin/tests/components/Dashboard.test.tsx" test file. It doesn't mean the error was thrown inside the file itself, but while it was running.
The latest test that might've caused the error is "refreshes a stale policy rejection after dismissal conflicts". It might mean one of the following:
- The error was thrown, while Vitest was running this test.
- If the error occurred after the test had been completed, this was the last documented test before it was thrown.

⎯⎯⎯⎯⎯ Uncaught Exception ⎯⎯⎯⎯⎯
Error: No QueryClient set, use QueryClientProvider to set one
 ❯ useQueryClient node_modules/.pnpm/@tanstack+react-query@5.90.21_react@19.3.0/node_modules/@tanstack/react-query/build/modern/QueryClientProvider.js:15:11
 ❯ Dashboard tests/helpers/dashboard-welcome/source-react.tsx:16:23
     14| export function Dashboard({ manifest }: { manifest: DashboardManifest …
     15|   const target = React.useRef<HTMLDivElement>(null);
     16|   const queryClient = useQueryClient();
       |                       ^
     17|   const { data: user } = useCurrentUser() as unknown as { data?: { rol…
     18|   React.useLayoutEffect(() => {
 ❯ Object.react_stack_bottom_frame node_modules/.pnpm/react-dom@19.3.0_react@19.3.0/node_modules/react-dom/cjs/react-dom-client.development.js:28571:20
 ❯ renderWithHooks node_modules/.pnpm/react-dom@19.3.0_react@19.3.0/node_modules/react-dom/cjs/react-dom-client.development.js:8030:22
 ❯ updateFunctionComponent node_modules/.pnpm/react-dom@19.3.0_react@19.3.0/node_modules/react-dom/cjs/react-dom-client.development.js:10569:19
 ❯ beginWork node_modules/.pnpm/react-dom@19.3.0_react@19.3.0/node_modules/react-dom/cjs/react-dom-client.development.js:12205:18
 ❯ runWithFiberInDEV node_modules/.pnpm/react-dom@19.3.0_react@19.3.0/node_modules/react-dom/cjs/react-dom-client.development.js:1048:13
 ❯ performUnitOfWork node_modules/.pnpm/react-dom@19.3.0_react@19.3.0/node_modules/react-dom/cjs/react-dom-client.development.js:19176:22
 ❯ workLoopSync node_modules/.pnpm/react-dom@19.3.0_react@19.3.0/node_modules/react-dom/cjs/react-dom-client.development.js:19004:41
 ❯ renderRootSync node_modules/.pnpm/react-dom@19.3.0_react@19.3.0/node_modules/react-dom/cjs/react-dom-client.development.js:18985:11

This error originated in "parity/emdash/dashboard-welcome-source/upstream/packages/admin/tests/components/Dashboard.test.tsx" test file. It doesn't mean the error was thrown inside the file itself, but while it was running.
The latest test that might've caused the error is "does not offer dismissal to authors". It might mean one of the following:
- The error was thrown, while Vitest was running this test.
- If the error occurred after the test had been completed, this was the last documented test before it was thrown.

⎯⎯⎯⎯⎯ Uncaught Exception ⎯⎯⎯⎯⎯
Error: No QueryClient set, use QueryClientProvider to set one
 ❯ useQueryClient node_modules/.pnpm/@tanstack+react-query@5.90.21_react@19.3.0/node_modules/@tanstack/react-query/build/modern/QueryClientProvider.js:15:11
 ❯ Dashboard tests/helpers/dashboard-welcome/source-react.tsx:16:23
     14| export function Dashboard({ manifest }: { manifest: DashboardManifest …
     15|   const target = React.useRef<HTMLDivElement>(null);
     16|   const queryClient = useQueryClient();
       |                       ^
     17|   const { data: user } = useCurrentUser() as unknown as { data?: { rol…
     18|   React.useLayoutEffect(() => {
 ❯ Object.react_stack_bottom_frame node_modules/.pnpm/react-dom@19.3.0_react@19.3.0/node_modules/react-dom/cjs/react-dom-client.development.js:28571:20
 ❯ renderWithHooks node_modules/.pnpm/react-dom@19.3.0_react@19.3.0/node_modules/react-dom/cjs/react-dom-client.development.js:8030:22
 ❯ updateFunctionComponent node_modules/.pnpm/react-dom@19.3.0_react@19.3.0/node_modules/react-dom/cjs/react-dom-client.development.js:10569:19
 ❯ beginWork node_modules/.pnpm/react-dom@19.3.0_react@19.3.0/node_modules/react-dom/cjs/react-dom-client.development.js:12205:18
 ❯ runWithFiberInDEV node_modules/.pnpm/react-dom@19.3.0_react@19.3.0/node_modules/react-dom/cjs/react-dom-client.development.js:1048:13
 ❯ performUnitOfWork node_modules/.pnpm/react-dom@19.3.0_react@19.3.0/node_modules/react-dom/cjs/react-dom-client.development.js:19176:22
 ❯ workLoopSync node_modules/.pnpm/react-dom@19.3.0_react@19.3.0/node_modules/react-dom/cjs/react-dom-client.development.js:19004:41
 ❯ renderRootSync node_modules/.pnpm/react-dom@19.3.0_react@19.3.0/node_modules/react-dom/cjs/react-dom-client.development.js:18985:11

This error originated in "parity/emdash/dashboard-welcome-source/upstream/packages/admin/tests/components/Dashboard.test.tsx" test file. It doesn't mean the error was thrown inside the file itself, but while it was running.
The latest test that might've caused the error is "shows policy rejections and scheduler outages independently". It might mean one of the following:
- The error was thrown, while Vitest was running this test.
- If the error occurred after the test had been completed, this was the last documented test before it was thrown.

⎯⎯⎯⎯⎯ Uncaught Exception ⎯⎯⎯⎯⎯
Error: No QueryClient set, use QueryClientProvider to set one
 ❯ useQueryClient node_modules/.pnpm/@tanstack+react-query@5.90.21_react@19.3.0/node_modules/@tanstack/react-query/build/modern/QueryClientProvider.js:15:11
 ❯ Dashboard tests/helpers/dashboard-welcome/source-react.tsx:16:23
     14| export function Dashboard({ manifest }: { manifest: DashboardManifest …
     15|   const target = React.useRef<HTMLDivElement>(null);
     16|   const queryClient = useQueryClient();
       |                       ^
     17|   const { data: user } = useCurrentUser() as unknown as { data?: { rol…
     18|   React.useLayoutEffect(() => {
 ❯ Object.react_stack_bottom_frame node_modules/.pnpm/react-dom@19.3.0_react@19.3.0/node_modules/react-dom/cjs/react-dom-client.development.js:28571:20
 ❯ renderWithHooks node_modules/.pnpm/react-dom@19.3.0_react@19.3.0/node_modules/react-dom/cjs/react-dom-client.development.js:8030:22
 ❯ updateFunctionComponent node_modules/.pnpm/react-dom@19.3.0_react@19.3.0/node_modules/react-dom/cjs/react-dom-client.development.js:10569:19
 ❯ beginWork node_modules/.pnpm/react-dom@19.3.0_react@19.3.0/node_modules/react-dom/cjs/react-dom-client.development.js:12205:18
 ❯ runWithFiberInDEV node_modules/.pnpm/react-dom@19.3.0_react@19.3.0/node_modules/react-dom/cjs/react-dom-client.development.js:1048:13
 ❯ performUnitOfWork node_modules/.pnpm/react-dom@19.3.0_react@19.3.0/node_modules/react-dom/cjs/react-dom-client.development.js:19176:22
 ❯ workLoopSync node_modules/.pnpm/react-dom@19.3.0_react@19.3.0/node_modules/react-dom/cjs/react-dom-client.development.js:19004:41
 ❯ renderRootSync node_modules/.pnpm/react-dom@19.3.0_react@19.3.0/node_modules/react-dom/cjs/react-dom-client.development.js:18985:11

This error originated in "parity/emdash/dashboard-welcome-source/upstream/packages/admin/tests/components/Dashboard.test.tsx" test file. It doesn't mean the error was thrown inside the file itself, but while it was running.
The latest test that might've caused the error is "renders dashboard data from an older API without scheduler health". It might mean one of the following:
- The error was thrown, while Vitest was running this test.
- If the error occurred after the test had been completed, this was the last documented test before it was thrown.

⎯⎯⎯⎯⎯ Uncaught Exception ⎯⎯⎯⎯⎯
Error: No QueryClient set, use QueryClientProvider to set one
 ❯ useQueryClient node_modules/.pnpm/@tanstack+react-query@5.90.21_react@19.3.0/node_modules/@tanstack/react-query/build/modern/QueryClientProvider.js:15:11
 ❯ Dashboard tests/helpers/dashboard-welcome/source-react.tsx:16:23
     14| export function Dashboard({ manifest }: { manifest: DashboardManifest …
     15|   const target = React.useRef<HTMLDivElement>(null);
     16|   const queryClient = useQueryClient();
       |                       ^
     17|   const { data: user } = useCurrentUser() as unknown as { data?: { rol…
     18|   React.useLayoutEffect(() => {
 ❯ Object.react_stack_bottom_frame node_modules/.pnpm/react-dom@19.3.0_react@19.3.0/node_modules/react-dom/cjs/react-dom-client.development.js:28571:20
 ❯ renderWithHooks node_modules/.pnpm/react-dom@19.3.0_react@19.3.0/node_modules/react-dom/cjs/react-dom-client.development.js:8030:22
 ❯ updateFunctionComponent node_modules/.pnpm/react-dom@19.3.0_react@19.3.0/node_modules/react-dom/cjs/react-dom-client.development.js:10569:19
 ❯ beginWork node_modules/.pnpm/react-dom@19.3.0_react@19.3.0/node_modules/react-dom/cjs/react-dom-client.development.js:12205:18
 ❯ runWithFiberInDEV node_modules/.pnpm/react-dom@19.3.0_react@19.3.0/node_modules/react-dom/cjs/react-dom-client.development.js:1048:13
 ❯ performUnitOfWork node_modules/.pnpm/react-dom@19.3.0_react@19.3.0/node_modules/react-dom/cjs/react-dom-client.development.js:19176:22
 ❯ workLoopSync node_modules/.pnpm/react-dom@19.3.0_react@19.3.0/node_modules/react-dom/cjs/react-dom-client.development.js:19004:41
 ❯ renderRootSync node_modules/.pnpm/react-dom@19.3.0_react@19.3.0/node_modules/react-dom/cjs/react-dom-client.development.js:18985:11

This error originated in "parity/emdash/dashboard-welcome-source/upstream/packages/admin/tests/components/Dashboard.test.tsx" test file. It doesn't mean the error was thrown inside the file itself, but while it was running.
The latest test that might've caused the error is "labels the published count for screen readers with the state, not the action". It might mean one of the following:
- The error was thrown, while Vitest was running this test.
- If the error occurred after the test had been completed, this was the last documented test before it was thrown.

⎯⎯⎯⎯⎯ Uncaught Exception ⎯⎯⎯⎯⎯
Error: No QueryClient set, use QueryClientProvider to set one
 ❯ useQueryClient node_modules/.pnpm/@tanstack+react-query@5.90.21_react@19.3.0/node_modules/@tanstack/react-query/build/modern/QueryClientProvider.js:15:11
 ❯ Dashboard tests/helpers/dashboard-welcome/source-react.tsx:16:23
     14| export function Dashboard({ manifest }: { manifest: DashboardManifest …
     15|   const target = React.useRef<HTMLDivElement>(null);
     16|   const queryClient = useQueryClient();
       |                       ^
     17|   const { data: user } = useCurrentUser() as unknown as { data?: { rol…
     18|   React.useLayoutEffect(() => {
 ❯ Object.react_stack_bottom_frame node_modules/.pnpm/react-dom@19.3.0_react@19.3.0/node_modules/react-dom/cjs/react-dom-client.development.js:28571:20
 ❯ renderWithHooks node_modules/.pnpm/react-dom@19.3.0_react@19.3.0/node_modules/react-dom/cjs/react-dom-client.development.js:8030:22
 ❯ updateFunctionComponent node_modules/.pnpm/react-dom@19.3.0_react@19.3.0/node_modules/react-dom/cjs/react-dom-client.development.js:10569:19
 ❯ beginWork node_modules/.pnpm/react-dom@19.3.0_react@19.3.0/node_modules/react-dom/cjs/react-dom-client.development.js:12205:18
 ❯ runWithFiberInDEV node_modules/.pnpm/react-dom@19.3.0_react@19.3.0/node_modules/react-dom/cjs/react-dom-client.development.js:1048:13
 ❯ performUnitOfWork node_modules/.pnpm/react-dom@19.3.0_react@19.3.0/node_modules/react-dom/cjs/react-dom-client.development.js:19176:22
 ❯ workLoopSync node_modules/.pnpm/react-dom@19.3.0_react@19.3.0/node_modules/react-dom/cjs/react-dom-client.development.js:19004:41
 ❯ renderRootSync node_modules/.pnpm/react-dom@19.3.0_react@19.3.0/node_modules/react-dom/cjs/react-dom-client.development.js:18985:11

This error originated in "parity/emdash/dashboard-welcome-source/upstream/packages/admin/tests/components/Dashboard.test.tsx" test file. It doesn't mean the error was thrown inside the file itself, but while it was running.
The latest test that might've caused the error is "links collection quick actions to new content forms". It might mean one of the following:
- The error was thrown, while Vitest was running this test.
- If the error occurred after the test had been completed, this was the last documented test before it was thrown.

⎯⎯⎯⎯⎯ Uncaught Exception ⎯⎯⎯⎯⎯
Error: No QueryClient set, use QueryClientProvider to set one
 ❯ useQueryClient node_modules/.pnpm/@tanstack+react-query@5.90.21_react@19.3.0/node_modules/@tanstack/react-query/build/modern/QueryClientProvider.js:15:11
 ❯ Dashboard tests/helpers/dashboard-welcome/source-react.tsx:16:23
     14| export function Dashboard({ manifest }: { manifest: DashboardManifest …
     15|   const target = React.useRef<HTMLDivElement>(null);
     16|   const queryClient = useQueryClient();
       |                       ^
     17|   const { data: user } = useCurrentUser() as unknown as { data?: { rol…
     18|   React.useLayoutEffect(() => {
 ❯ Object.react_stack_bottom_frame node_modules/.pnpm/react-dom@19.3.0_react@19.3.0/node_modules/react-dom/cjs/react-dom-client.development.js:28571:20
 ❯ renderWithHooks node_modules/.pnpm/react-dom@19.3.0_react@19.3.0/node_modules/react-dom/cjs/react-dom-client.development.js:8030:22
 ❯ updateFunctionComponent node_modules/.pnpm/react-dom@19.3.0_react@19.3.0/node_modules/react-dom/cjs/react-dom-client.development.js:10569:19
 ❯ beginWork node_modules/.pnpm/react-dom@19.3.0_react@19.3.0/node_modules/react-dom/cjs/react-dom-client.development.js:12205:18
 ❯ runWithFiberInDEV node_modules/.pnpm/react-dom@19.3.0_react@19.3.0/node_modules/react-dom/cjs/react-dom-client.development.js:1048:13
 ❯ performUnitOfWork node_modules/.pnpm/react-dom@19.3.0_react@19.3.0/node_modules/react-dom/cjs/react-dom-client.development.js:19176:22
 ❯ workLoopSync node_modules/.pnpm/react-dom@19.3.0_react@19.3.0/node_modules/react-dom/cjs/react-dom-client.development.js:19004:41
 ❯ renderRootSync node_modules/.pnpm/react-dom@19.3.0_react@19.3.0/node_modules/react-dom/cjs/react-dom-client.development.js:18985:11

This error originated in "parity/emdash/dashboard-welcome-source/upstream/packages/admin/tests/components/Dashboard.test.tsx" test file. It doesn't mean the error was thrown inside the file itself, but while it was running.
The latest test that might've caused the error is "omits quick actions for hidden collections and those opting out". It might mean one of the following:
- The error was thrown, while Vitest was running this test.
- If the error occurred after the test had been completed, this was the last documented test before it was thrown.

⎯⎯⎯⎯⎯ Uncaught Exception ⎯⎯⎯⎯⎯
Error: No QueryClient set, use QueryClientProvider to set one
 ❯ useQueryClient node_modules/.pnpm/@tanstack+react-query@5.90.21_react@19.3.0/node_modules/@tanstack/react-query/build/modern/QueryClientProvider.js:15:11
 ❯ Dashboard tests/helpers/dashboard-welcome/source-react.tsx:16:23
     14| export function Dashboard({ manifest }: { manifest: DashboardManifest …
     15|   const target = React.useRef<HTMLDivElement>(null);
     16|   const queryClient = useQueryClient();
       |                       ^
     17|   const { data: user } = useCurrentUser() as unknown as { data?: { rol…
     18|   React.useLayoutEffect(() => {
 ❯ Object.react_stack_bottom_frame node_modules/.pnpm/react-dom@19.3.0_react@19.3.0/node_modules/react-dom/cjs/react-dom-client.development.js:28571:20
 ❯ renderWithHooks node_modules/.pnpm/react-dom@19.3.0_react@19.3.0/node_modules/react-dom/cjs/react-dom-client.development.js:8030:22
 ❯ updateFunctionComponent node_modules/.pnpm/react-dom@19.3.0_react@19.3.0/node_modules/react-dom/cjs/react-dom-client.development.js:10569:19
 ❯ beginWork node_modules/.pnpm/react-dom@19.3.0_react@19.3.0/node_modules/react-dom/cjs/react-dom-client.development.js:12205:18
 ❯ runWithFiberInDEV node_modules/.pnpm/react-dom@19.3.0_react@19.3.0/node_modules/react-dom/cjs/react-dom-client.development.js:1048:13
 ❯ performUnitOfWork node_modules/.pnpm/react-dom@19.3.0_react@19.3.0/node_modules/react-dom/cjs/react-dom-client.development.js:19176:22
 ❯ workLoopSync node_modules/.pnpm/react-dom@19.3.0_react@19.3.0/node_modules/react-dom/cjs/react-dom-client.development.js:19004:41
 ❯ renderRootSync node_modules/.pnpm/react-dom@19.3.0_react@19.3.0/node_modules/react-dom/cjs/react-dom-client.development.js:18985:11

This error originated in "parity/emdash/dashboard-welcome-source/upstream/packages/admin/tests/components/Dashboard.test.tsx" test file. It doesn't mean the error was thrown inside the file itself, but while it was running.
The latest test that might've caused the error is "uses the same heading level for every dashboard card title". It might mean one of the following:
- The error was thrown, while Vitest was running this test.
- If the error occurred after the test had been completed, this was the last documented test before it was thrown.

⎯⎯⎯⎯⎯ Uncaught Exception ⎯⎯⎯⎯⎯
Error: No QueryClient set, use QueryClientProvider to set one
 ❯ useQueryClient node_modules/.pnpm/@tanstack+react-query@5.90.21_react@19.3.0/node_modules/@tanstack/react-query/build/modern/QueryClientProvider.js:15:11
 ❯ Dashboard tests/helpers/dashboard-welcome/source-react.tsx:16:23
     14| export function Dashboard({ manifest }: { manifest: DashboardManifest …
     15|   const target = React.useRef<HTMLDivElement>(null);
     16|   const queryClient = useQueryClient();
       |                       ^
     17|   const { data: user } = useCurrentUser() as unknown as { data?: { rol…
     18|   React.useLayoutEffect(() => {
 ❯ Object.react_stack_bottom_frame node_modules/.pnpm/react-dom@19.3.0_react@19.3.0/node_modules/react-dom/cjs/react-dom-client.development.js:28571:20
 ❯ renderWithHooks node_modules/.pnpm/react-dom@19.3.0_react@19.3.0/node_modules/react-dom/cjs/react-dom-client.development.js:8030:22
 ❯ updateFunctionComponent node_modules/.pnpm/react-dom@19.3.0_react@19.3.0/node_modules/react-dom/cjs/react-dom-client.development.js:10569:19
 ❯ beginWork node_modules/.pnpm/react-dom@19.3.0_react@19.3.0/node_modules/react-dom/cjs/react-dom-client.development.js:12205:18
 ❯ runWithFiberInDEV node_modules/.pnpm/react-dom@19.3.0_react@19.3.0/node_modules/react-dom/cjs/react-dom-client.development.js:1048:13
 ❯ performUnitOfWork node_modules/.pnpm/react-dom@19.3.0_react@19.3.0/node_modules/react-dom/cjs/react-dom-client.development.js:19176:22
 ❯ workLoopSync node_modules/.pnpm/react-dom@19.3.0_react@19.3.0/node_modules/react-dom/cjs/react-dom-client.development.js:19004:41
 ❯ renderRootSync node_modules/.pnpm/react-dom@19.3.0_react@19.3.0/node_modules/react-dom/cjs/react-dom-client.development.js:18985:11

This error originated in "parity/emdash/dashboard-welcome-source/upstream/packages/admin/tests/components/Dashboard.test.tsx" test file. It doesn't mean the error was thrown inside the file itself, but while it was running.
The latest test that might've caused the error is "gives recent activity status icons normalized accessible labels". It might mean one of the following:
- The error was thrown, while Vitest was running this test.
- If the error occurred after the test had been completed, this was the last documented test before it was thrown.

⎯⎯⎯⎯⎯ Uncaught Exception ⎯⎯⎯⎯⎯
Error: No QueryClient set, use QueryClientProvider to set one
 ❯ useQueryClient node_modules/.pnpm/@tanstack+react-query@5.90.21_react@19.3.0/node_modules/@tanstack/react-query/build/modern/QueryClientProvider.js:15:11
 ❯ Dashboard tests/helpers/dashboard-welcome/source-react.tsx:16:23
     14| export function Dashboard({ manifest }: { manifest: DashboardManifest …
     15|   const target = React.useRef<HTMLDivElement>(null);
     16|   const queryClient = useQueryClient();
       |                       ^
     17|   const { data: user } = useCurrentUser() as unknown as { data?: { rol…
     18|   React.useLayoutEffect(() => {
 ❯ Object.react_stack_bottom_frame node_modules/.pnpm/react-dom@19.3.0_react@19.3.0/node_modules/react-dom/cjs/react-dom-client.development.js:28571:20
 ❯ renderWithHooks node_modules/.pnpm/react-dom@19.3.0_react@19.3.0/node_modules/react-dom/cjs/react-dom-client.development.js:8030:22
 ❯ updateFunctionComponent node_modules/.pnpm/react-dom@19.3.0_react@19.3.0/node_modules/react-dom/cjs/react-dom-client.development.js:10569:19
 ❯ beginWork node_modules/.pnpm/react-dom@19.3.0_react@19.3.0/node_modules/react-dom/cjs/react-dom-client.development.js:12205:18
 ❯ runWithFiberInDEV node_modules/.pnpm/react-dom@19.3.0_react@19.3.0/node_modules/react-dom/cjs/react-dom-client.development.js:1048:13
 ❯ performUnitOfWork node_modules/.pnpm/react-dom@19.3.0_react@19.3.0/node_modules/react-dom/cjs/react-dom-client.development.js:19176:22
 ❯ workLoopSync node_modules/.pnpm/react-dom@19.3.0_react@19.3.0/node_modules/react-dom/cjs/react-dom-client.development.js:19004:41
 ❯ renderRootSync node_modules/.pnpm/react-dom@19.3.0_react@19.3.0/node_modules/react-dom/cjs/react-dom-client.development.js:18985:11

This error originated in "parity/emdash/dashboard-welcome-source/upstream/packages/admin/tests/components/Dashboard.test.tsx" test file. It doesn't mean the error was thrown inside the file itself, but while it was running.
The latest test that might've caused the error is "renders unknown status names without treating object properties as lifecycle states". It might mean one of the following:
- The error was thrown, while Vitest was running this test.
- If the error occurred after the test had been completed, this was the last documented test before it was thrown.

⎯⎯⎯⎯⎯ Uncaught Exception ⎯⎯⎯⎯⎯
Error: No QueryClient set, use QueryClientProvider to set one
 ❯ useQueryClient node_modules/.pnpm/@tanstack+react-query@5.90.21_react@19.3.0/node_modules/@tanstack/react-query/build/modern/QueryClientProvider.js:15:11
 ❯ Dashboard tests/helpers/dashboard-welcome/source-react.tsx:16:23
     14| export function Dashboard({ manifest }: { manifest: DashboardManifest …
     15|   const target = React.useRef<HTMLDivElement>(null);
     16|   const queryClient = useQueryClient();
       |                       ^
     17|   const { data: user } = useCurrentUser() as unknown as { data?: { rol…
     18|   React.useLayoutEffect(() => {
 ❯ Object.react_stack_bottom_frame node_modules/.pnpm/react-dom@19.3.0_react@19.3.0/node_modules/react-dom/cjs/react-dom-client.development.js:28571:20
 ❯ renderWithHooks node_modules/.pnpm/react-dom@19.3.0_react@19.3.0/node_modules/react-dom/cjs/react-dom-client.development.js:8030:22
 ❯ updateFunctionComponent node_modules/.pnpm/react-dom@19.3.0_react@19.3.0/node_modules/react-dom/cjs/react-dom-client.development.js:10569:19
 ❯ beginWork node_modules/.pnpm/react-dom@19.3.0_react@19.3.0/node_modules/react-dom/cjs/react-dom-client.development.js:12205:18
 ❯ runWithFiberInDEV node_modules/.pnpm/react-dom@19.3.0_react@19.3.0/node_modules/react-dom/cjs/react-dom-client.development.js:1048:13
 ❯ performUnitOfWork node_modules/.pnpm/react-dom@19.3.0_react@19.3.0/node_modules/react-dom/cjs/react-dom-client.development.js:19176:22
 ❯ workLoopSync node_modules/.pnpm/react-dom@19.3.0_react@19.3.0/node_modules/react-dom/cjs/react-dom-client.development.js:19004:41
 ❯ renderRootSync node_modules/.pnpm/react-dom@19.3.0_react@19.3.0/node_modules/react-dom/cjs/react-dom-client.development.js:18985:11

This error originated in "parity/emdash/dashboard-welcome-source/upstream/packages/admin/tests/components/Dashboard.test.tsx" test file. It doesn't mean the error was thrown inside the file itself, but while it was running.
The latest test that might've caused the error is "links an admin of an importable site to the Transfer import". It might mean one of the following:
- The error was thrown, while Vitest was running this test.
- If the error occurred after the test had been completed, this was the last documented test before it was thrown.

⎯⎯⎯⎯⎯ Uncaught Exception ⎯⎯⎯⎯⎯
Error: No QueryClient set, use QueryClientProvider to set one
 ❯ useQueryClient node_modules/.pnpm/@tanstack+react-query@5.90.21_react@19.3.0/node_modules/@tanstack/react-query/build/modern/QueryClientProvider.js:15:11
 ❯ Dashboard tests/helpers/dashboard-welcome/source-react.tsx:16:23
     14| export function Dashboard({ manifest }: { manifest: DashboardManifest …
     15|   const target = React.useRef<HTMLDivElement>(null);
     16|   const queryClient = useQueryClient();
       |                       ^
     17|   const { data: user } = useCurrentUser() as unknown as { data?: { rol…
     18|   React.useLayoutEffect(() => {
 ❯ Object.react_stack_bottom_frame node_modules/.pnpm/react-dom@19.3.0_react@19.3.0/node_modules/react-dom/cjs/react-dom-client.development.js:28571:20
 ❯ renderWithHooks node_modules/.pnpm/react-dom@19.3.0_react@19.3.0/node_modules/react-dom/cjs/react-dom-client.development.js:8030:22
 ❯ updateFunctionComponent node_modules/.pnpm/react-dom@19.3.0_react@19.3.0/node_modules/react-dom/cjs/react-dom-client.development.js:10569:19
 ❯ beginWork node_modules/.pnpm/react-dom@19.3.0_react@19.3.0/node_modules/react-dom/cjs/react-dom-client.development.js:12205:18
 ❯ runWithFiberInDEV node_modules/.pnpm/react-dom@19.3.0_react@19.3.0/node_modules/react-dom/cjs/react-dom-client.development.js:1048:13
 ❯ performUnitOfWork node_modules/.pnpm/react-dom@19.3.0_react@19.3.0/node_modules/react-dom/cjs/react-dom-client.development.js:19176:22
 ❯ workLoopSync node_modules/.pnpm/react-dom@19.3.0_react@19.3.0/node_modules/react-dom/cjs/react-dom-client.development.js:19004:41
 ❯ renderRootSync node_modules/.pnpm/react-dom@19.3.0_react@19.3.0/node_modules/react-dom/cjs/react-dom-client.development.js:18985:11

This error originated in "parity/emdash/dashboard-welcome-source/upstream/packages/admin/tests/components/Dashboard.test.tsx" test file. It doesn't mean the error was thrown inside the file itself, but while it was running.
The latest test that might've caused the error is "stays hidden when the site can't receive an import". It might mean one of the following:
- The error was thrown, while Vitest was running this test.
- If the error occurred after the test had been completed, this was the last documented test before it was thrown.

⎯⎯⎯⎯⎯ Uncaught Exception ⎯⎯⎯⎯⎯
Error: No QueryClient set, use QueryClientProvider to set one
 ❯ useQueryClient node_modules/.pnpm/@tanstack+react-query@5.90.21_react@19.3.0/node_modules/@tanstack/react-query/build/modern/QueryClientProvider.js:15:11
 ❯ Dashboard tests/helpers/dashboard-welcome/source-react.tsx:16:23
     14| export function Dashboard({ manifest }: { manifest: DashboardManifest …
     15|   const target = React.useRef<HTMLDivElement>(null);
     16|   const queryClient = useQueryClient();
       |                       ^
     17|   const { data: user } = useCurrentUser() as unknown as { data?: { rol…
     18|   React.useLayoutEffect(() => {
 ❯ Object.react_stack_bottom_frame node_modules/.pnpm/react-dom@19.3.0_react@19.3.0/node_modules/react-dom/cjs/react-dom-client.development.js:28571:20
 ❯ renderWithHooks node_modules/.pnpm/react-dom@19.3.0_react@19.3.0/node_modules/react-dom/cjs/react-dom-client.development.js:8030:22
 ❯ updateFunctionComponent node_modules/.pnpm/react-dom@19.3.0_react@19.3.0/node_modules/react-dom/cjs/react-dom-client.development.js:10569:19
 ❯ beginWork node_modules/.pnpm/react-dom@19.3.0_react@19.3.0/node_modules/react-dom/cjs/react-dom-client.development.js:12205:18
 ❯ runWithFiberInDEV node_modules/.pnpm/react-dom@19.3.0_react@19.3.0/node_modules/react-dom/cjs/react-dom-client.development.js:1048:13
 ❯ performUnitOfWork node_modules/.pnpm/react-dom@19.3.0_react@19.3.0/node_modules/react-dom/cjs/react-dom-client.development.js:19176:22
 ❯ workLoopSync node_modules/.pnpm/react-dom@19.3.0_react@19.3.0/node_modules/react-dom/cjs/react-dom-client.development.js:19004:41
 ❯ renderRootSync node_modules/.pnpm/react-dom@19.3.0_react@19.3.0/node_modules/react-dom/cjs/react-dom-client.development.js:18985:11

This error originated in "parity/emdash/dashboard-welcome-source/upstream/packages/admin/tests/components/Dashboard.test.tsx" test file. It doesn't mean the error was thrown inside the file itself, but while it was running.
The latest test that might've caused the error is "doesn't check import eligibility for non-admins". It might mean one of the following:
- The error was thrown, while Vitest was running this test.
- If the error occurred after the test had been completed, this was the last documented test before it was thrown.

⎯⎯⎯⎯⎯ Uncaught Exception ⎯⎯⎯⎯⎯
Error: No QueryClient set, use QueryClientProvider to set one
 ❯ useQueryClient node_modules/.pnpm/@tanstack+react-query@5.90.21_react@19.3.0/node_modules/@tanstack/react-query/build/modern/QueryClientProvider.js:15:11
 ❯ Dashboard tests/helpers/dashboard-welcome/source-react.tsx:16:23
     14| export function Dashboard({ manifest }: { manifest: DashboardManifest …
     15|   const target = React.useRef<HTMLDivElement>(null);
     16|   const queryClient = useQueryClient();
       |                       ^
     17|   const { data: user } = useCurrentUser() as unknown as { data?: { rol…
     18|   React.useLayoutEffect(() => {
 ❯ Object.react_stack_bottom_frame node_modules/.pnpm/react-dom@19.3.0_react@19.3.0/node_modules/react-dom/cjs/react-dom-client.development.js:28571:20
 ❯ renderWithHooks node_modules/.pnpm/react-dom@19.3.0_react@19.3.0/node_modules/react-dom/cjs/react-dom-client.development.js:8030:22
 ❯ updateFunctionComponent node_modules/.pnpm/react-dom@19.3.0_react@19.3.0/node_modules/react-dom/cjs/react-dom-client.development.js:10569:19
 ❯ beginWork node_modules/.pnpm/react-dom@19.3.0_react@19.3.0/node_modules/react-dom/cjs/react-dom-client.development.js:12205:18
 ❯ runWithFiberInDEV node_modules/.pnpm/react-dom@19.3.0_react@19.3.0/node_modules/react-dom/cjs/react-dom-client.development.js:1048:13
 ❯ performUnitOfWork node_modules/.pnpm/react-dom@19.3.0_react@19.3.0/node_modules/react-dom/cjs/react-dom-client.development.js:19176:22
 ❯ workLoopSync node_modules/.pnpm/react-dom@19.3.0_react@19.3.0/node_modules/react-dom/cjs/react-dom-client.development.js:19004:41
 ❯ renderRootSync node_modules/.pnpm/react-dom@19.3.0_react@19.3.0/node_modules/react-dom/cjs/react-dom-client.development.js:18985:11

This error originated in "parity/emdash/dashboard-welcome-source/upstream/packages/admin/tests/components/Dashboard.test.tsx" test file. It doesn't mean the error was thrown inside the file itself, but while it was running.
The latest test that might've caused the error is "doesn't check import eligibility once the site has content". It might mean one of the following:
- The error was thrown, while Vitest was running this test.
- If the error occurred after the test had been completed, this was the last documented test before it was thrown.

⎯⎯⎯⎯⎯ Uncaught Exception ⎯⎯⎯⎯⎯
Error: No QueryClient set, use QueryClientProvider to set one
 ❯ useQueryClient node_modules/.pnpm/@tanstack+react-query@5.90.21_react@19.3.0/node_modules/@tanstack/react-query/build/modern/QueryClientProvider.js:15:11
 ❯ Dashboard tests/helpers/dashboard-welcome/source-react.tsx:16:23
     14| export function Dashboard({ manifest }: { manifest: DashboardManifest …
     15|   const target = React.useRef<HTMLDivElement>(null);
     16|   const queryClient = useQueryClient();
       |                       ^
     17|   const { data: user } = useCurrentUser() as unknown as { data?: { rol…
     18|   React.useLayoutEffect(() => {
 ❯ Object.react_stack_bottom_frame node_modules/.pnpm/react-dom@19.3.0_react@19.3.0/node_modules/react-dom/cjs/react-dom-client.development.js:28571:20
 ❯ renderWithHooks node_modules/.pnpm/react-dom@19.3.0_react@19.3.0/node_modules/react-dom/cjs/react-dom-client.development.js:8030:22
 ❯ updateFunctionComponent node_modules/.pnpm/react-dom@19.3.0_react@19.3.0/node_modules/react-dom/cjs/react-dom-client.development.js:10569:19
 ❯ beginWork node_modules/.pnpm/react-dom@19.3.0_react@19.3.0/node_modules/react-dom/cjs/react-dom-client.development.js:12205:18
 ❯ runWithFiberInDEV node_modules/.pnpm/react-dom@19.3.0_react@19.3.0/node_modules/react-dom/cjs/react-dom-client.development.js:1048:13
 ❯ performUnitOfWork node_modules/.pnpm/react-dom@19.3.0_react@19.3.0/node_modules/react-dom/cjs/react-dom-client.development.js:19176:22
 ❯ workLoopSync node_modules/.pnpm/react-dom@19.3.0_react@19.3.0/node_modules/react-dom/cjs/react-dom-client.development.js:19004:41
 ❯ renderRootSync node_modules/.pnpm/react-dom@19.3.0_react@19.3.0/node_modules/react-dom/cjs/react-dom-client.development.js:18985:11

This error originated in "parity/emdash/dashboard-welcome-source/upstream/packages/admin/tests/components/Dashboard.test.tsx" test file. It doesn't mean the error was thrown inside the file itself, but while it was running.
The latest test that might've caused the error is "stays dismissed". It might mean one of the following:
- The error was thrown, while Vitest was running this test.
- If the error occurred after the test had been completed, this was the last documented test before it was thrown.
⎯⎯⎯⎯⎯⎯⎯⎯⎯⎯⎯⎯⎯⎯⎯⎯⎯⎯⎯⎯⎯⎯⎯⎯⎯⎯⎯⎯⎯⎯


 Test Files  1 failed | 1 passed (2)
      Tests  22 failed | 11 passed (33)
     Errors  24 errors
   Start at  11:55:47
   Duration  24.92s (transform 798ms, setup 937ms, import 363ms, tests 22.28s, environment 1.06s)

JSON report written to /tmp/dashboard-welcome-r8-source33-report.json
