
 RUN  v4.1.10 /workspace/cms-dashboard-welcome-ui

 ❯ parity/emdash/dashboard-welcome-source/upstream/packages/admin/tests/components/Dashboard.test.tsx (24 tests | 22 failed) 100170ms
     × shows marketplace migration guidance to admins 5008ms
     ✓ hides marketplace migration guidance from non-admins 5ms
     × shows scheduled summary when collection stats include pending schedules 5003ms
     × does not link the scheduled summary for subscribers, who cannot open the calendar 5004ms
     × omits scheduled summary when only residual non-scheduled statuses exist 5002ms
     × warns when scheduled content is overdue and the scheduler has never completed 5002ms
     × warns when scheduled content is overdue and the heartbeat is stale 5001ms
     ✓ does not warn when the scheduler heartbeat is healthy 3ms
     × warns when a publication policy blocks scheduled content 5003ms
     × refreshes a stale policy rejection after dismissal conflicts 102ms
     × does not offer dismissal to authors 5002ms
     × shows policy rejections and scheduler outages independently 5002ms
     × renders dashboard data from an older API without scheduler health 5002ms
     × labels the published count for screen readers with the state, not the action 5002ms
     × links collection quick actions to new content forms 5002ms
     × omits quick actions for hidden collections and those opting out 5002ms
     × uses the same heading level for every dashboard card title 5002ms
     × gives recent activity status icons normalized accessible labels 5002ms
     × renders unknown status names without treating object properties as lifecycle states 5002ms
       × links an admin of an importable site to the Transfer import 5003ms
       × stays hidden when the site can't receive an import 5002ms
       × doesn't check import eligibility for non-admins 5002ms
       × doesn't check import eligibility once the site has content 5002ms
       × stays dismissed 9ms
 ❯ parity/emdash/dashboard-welcome-source/upstream/packages/admin/tests/components/WelcomeModal.test.tsx (9 tests | 8 failed) 35028ms
     × shows 'Administrator' for role >= 50 5008ms
     × shows 'Editor' for role >= 40 5003ms
     × shows 'Author' for role >= 30 5001ms
     × shows 'Contributor' for role >= 20 5002ms
     × shows 'Subscriber' for role < 20 5002ms
     × shows first name from userName 5002ms
     × 'Get Started' button triggers dismiss mutation and calls onClose 4ms
     × admin text shown only for role >= 50 5001ms
     ✓ admin text not shown for role < 50 3ms

⎯⎯⎯⎯⎯⎯ Failed Tests 30 ⎯⎯⎯⎯⎯⎯⎯

 FAIL  parity/emdash/dashboard-welcome-source/upstream/packages/admin/tests/components/Dashboard.test.tsx > Dashboard > shows marketplace migration guidance to admins
Error: Test timed out in 5000ms.
If this is a long-running test, pass a timeout value as the last argument or configure it globally with "testTimeout".
 ❯ parity/emdash/dashboard-welcome-source/upstream/packages/admin/tests/components/Dashboard.test.tsx:137:2
    135|  });
    136|
    137|  it("shows marketplace migration guidance to admins", async () => {
       |  ^
    138|   mockFetchDashboardStats.mockResolvedValue(makeStats([]));
    139|

⎯⎯⎯⎯⎯⎯⎯⎯⎯⎯⎯⎯⎯⎯⎯⎯⎯⎯⎯⎯⎯⎯⎯[1/30]⎯

 FAIL  parity/emdash/dashboard-welcome-source/upstream/packages/admin/tests/components/Dashboard.test.tsx > Dashboard > shows scheduled summary when collection stats include pending schedules
Error: Test timed out in 5000ms.
If this is a long-running test, pass a timeout value as the last argument or configure it globally with "testTimeout".
 ❯ parity/emdash/dashboard-welcome-source/upstream/packages/admin/tests/components/Dashboard.test.tsx:158:2
    156|  });
    157|
    158|  it("shows scheduled summary when collection stats include pending sch…
       |  ^
    159|   mockFetchDashboardStats.mockResolvedValue(
    160|    makeStats([

⎯⎯⎯⎯⎯⎯⎯⎯⎯⎯⎯⎯⎯⎯⎯⎯⎯⎯⎯⎯⎯⎯⎯[2/30]⎯

 FAIL  parity/emdash/dashboard-welcome-source/upstream/packages/admin/tests/components/Dashboard.test.tsx > Dashboard > does not link the scheduled summary for subscribers, who cannot open the calendar
Error: Test timed out in 5000ms.
If this is a long-running test, pass a timeout value as the last argument or configure it globally with "testTimeout".
 ❯ parity/emdash/dashboard-welcome-source/upstream/packages/admin/tests/components/Dashboard.test.tsx:173:2
    171|  });
    172|
    173|  it("does not link the scheduled summary for subscribers, who cannot o…
       |  ^
    174|   mockUseCurrentUser.mockReturnValue({ data: { role: 10 } });
    175|   mockFetchDashboardStats.mockResolvedValue(

⎯⎯⎯⎯⎯⎯⎯⎯⎯⎯⎯⎯⎯⎯⎯⎯⎯⎯⎯⎯⎯⎯⎯[3/30]⎯

 FAIL  parity/emdash/dashboard-welcome-source/upstream/packages/admin/tests/components/Dashboard.test.tsx > Dashboard > omits scheduled summary when only residual non-scheduled statuses exist
Error: Test timed out in 5000ms.
If this is a long-running test, pass a timeout value as the last argument or configure it globally with "testTimeout".
 ❯ parity/emdash/dashboard-welcome-source/upstream/packages/admin/tests/components/Dashboard.test.tsx:187:2
    185|  });
    186|
    187|  it("omits scheduled summary when only residual non-scheduled statuses…
       |  ^
    188|   mockFetchDashboardStats.mockResolvedValue(
    189|    makeStats([

⎯⎯⎯⎯⎯⎯⎯⎯⎯⎯⎯⎯⎯⎯⎯⎯⎯⎯⎯⎯⎯⎯⎯[4/30]⎯

 FAIL  parity/emdash/dashboard-welcome-source/upstream/packages/admin/tests/components/Dashboard.test.tsx > Dashboard > warns when scheduled content is overdue and the scheduler has never completed
Error: Test timed out in 5000ms.
If this is a long-running test, pass a timeout value as the last argument or configure it globally with "testTimeout".
 ❯ parity/emdash/dashboard-welcome-source/upstream/packages/admin/tests/components/Dashboard.test.tsx:200:2
    198|  });
    199|
    200|  it("warns when scheduled content is overdue and the scheduler has nev…
       |  ^
    201|   const stats = makeStats([
    202|    {

⎯⎯⎯⎯⎯⎯⎯⎯⎯⎯⎯⎯⎯⎯⎯⎯⎯⎯⎯⎯⎯⎯⎯[5/30]⎯

 FAIL  parity/emdash/dashboard-welcome-source/upstream/packages/admin/tests/components/Dashboard.test.tsx > Dashboard > warns when scheduled content is overdue and the heartbeat is stale
Error: Test timed out in 5000ms.
If this is a long-running test, pass a timeout value as the last argument or configure it globally with "testTimeout".
 ❯ parity/emdash/dashboard-welcome-source/upstream/packages/admin/tests/components/Dashboard.test.tsx:224:2
    222|  });
    223|
    224|  it("warns when scheduled content is overdue and the heartbeat is stal…
       |  ^
    225|   const stats = makeStats([
    226|    {

⎯⎯⎯⎯⎯⎯⎯⎯⎯⎯⎯⎯⎯⎯⎯⎯⎯⎯⎯⎯⎯⎯⎯[6/30]⎯

 FAIL  parity/emdash/dashboard-welcome-source/upstream/packages/admin/tests/components/Dashboard.test.tsx > Dashboard > warns when a publication policy blocks scheduled content
Error: Test timed out in 5000ms.
If this is a long-running test, pass a timeout value as the last argument or configure it globally with "testTimeout".
 ❯ parity/emdash/dashboard-welcome-source/upstream/packages/admin/tests/components/Dashboard.test.tsx:272:2
    270|  });
    271|
    272|  it("warns when a publication policy blocks scheduled content", async …
       |  ^
    273|   const stats = policyStats();
    274|   stats.policyRejectedScheduled = 2;

⎯⎯⎯⎯⎯⎯⎯⎯⎯⎯⎯⎯⎯⎯⎯⎯⎯⎯⎯⎯⎯⎯⎯[7/30]⎯

 FAIL  parity/emdash/dashboard-welcome-source/upstream/packages/admin/tests/components/Dashboard.test.tsx > Dashboard > refreshes a stale policy rejection after dismissal conflicts
Error: Control absent from actual native DOM
 ❯ Locator.element tests/helpers/dashboard-welcome/dom-render.tsx:17:64
     15| export class Locator {
     16|   constructor(readonly read: () => HTMLElement | null) {}
     17|   element() { const element = this.read(); if (!element) throw new Err…
       |                                                                ^
     18|   async click() { reactFlushSync(() => flushSync(() => this.element().…
     19| }
 ❯ tests/helpers/dashboard-welcome/dom-render.tsx:18:61
 ❯ flushSync node_modules/.pnpm/svelte@5.57.1/node_modules/svelte/src/internal/client/reactivity/batch.js:1045:13
 ❯ tests/helpers/dashboard-welcome/dom-render.tsx:18:40
 ❯ process.env.NODE_ENV.exports.flushSync node_modules/.pnpm/react-dom@19.3.0_react@19.3.0/node_modules/react-dom/cjs/react-dom.development.js:146:18
 ❯ Locator.click tests/helpers/dashboard-welcome/dom-render.tsx:18:19
 ❯ parity/emdash/dashboard-welcome-source/upstream/packages/admin/tests/components/Dashboard.test.tsx:304:57

⎯⎯⎯⎯⎯⎯⎯⎯⎯⎯⎯⎯⎯⎯⎯⎯⎯⎯⎯⎯⎯⎯⎯[8/30]⎯

 FAIL  parity/emdash/dashboard-welcome-source/upstream/packages/admin/tests/components/Dashboard.test.tsx > Dashboard > does not offer dismissal to authors
Error: Test timed out in 5000ms.
If this is a long-running test, pass a timeout value as the last argument or configure it globally with "testTimeout".
 ❯ parity/emdash/dashboard-welcome-source/upstream/packages/admin/tests/components/Dashboard.test.tsx:313:2
    311|  });
    312|
    313|  it("does not offer dismissal to authors", async () => {
       |  ^
    314|   mockUseCurrentUser.mockReturnValue({ data: { role: 30 } });
    315|   const stats = policyStats();

⎯⎯⎯⎯⎯⎯⎯⎯⎯⎯⎯⎯⎯⎯⎯⎯⎯⎯⎯⎯⎯⎯⎯[9/30]⎯

 FAIL  parity/emdash/dashboard-welcome-source/upstream/packages/admin/tests/components/Dashboard.test.tsx > Dashboard > shows policy rejections and scheduler outages independently
Error: Test timed out in 5000ms.
If this is a long-running test, pass a timeout value as the last argument or configure it globally with "testTimeout".
 ❯ parity/emdash/dashboard-welcome-source/upstream/packages/admin/tests/components/Dashboard.test.tsx:324:2
    322|  });
    323|
    324|  it("shows policy rejections and scheduler outages independently", asy…
       |  ^
    325|   const stats = makeStats([
    326|    {

⎯⎯⎯⎯⎯⎯⎯⎯⎯⎯⎯⎯⎯⎯⎯⎯⎯⎯⎯⎯⎯⎯[10/30]⎯

 FAIL  parity/emdash/dashboard-welcome-source/upstream/packages/admin/tests/components/Dashboard.test.tsx > Dashboard > renders dashboard data from an older API without scheduler health
Error: Test timed out in 5000ms.
If this is a long-running test, pass a timeout value as the last argument or configure it globally with "testTimeout".
 ❯ parity/emdash/dashboard-welcome-source/upstream/packages/admin/tests/components/Dashboard.test.tsx:352:2
    350|  });
    351|
    352|  it("renders dashboard data from an older API without scheduler health…
       |  ^
    353|   const stats = makeStats([
    354|    {

⎯⎯⎯⎯⎯⎯⎯⎯⎯⎯⎯⎯⎯⎯⎯⎯⎯⎯⎯⎯⎯⎯[11/30]⎯

 FAIL  parity/emdash/dashboard-welcome-source/upstream/packages/admin/tests/components/Dashboard.test.tsx > Dashboard > labels the published count for screen readers with the state, not the action
Error: Test timed out in 5000ms.
If this is a long-running test, pass a timeout value as the last argument or configure it globally with "testTimeout".
 ❯ parity/emdash/dashboard-welcome-source/upstream/packages/admin/tests/components/Dashboard.test.tsx:374:2
    372|  });
    373|
    374|  it("labels the published count for screen readers with the state, not…
       |  ^
    375|   mockFetchDashboardStats.mockResolvedValue(
    376|    makeStats([

⎯⎯⎯⎯⎯⎯⎯⎯⎯⎯⎯⎯⎯⎯⎯⎯⎯⎯⎯⎯⎯⎯[12/30]⎯

 FAIL  parity/emdash/dashboard-welcome-source/upstream/packages/admin/tests/components/Dashboard.test.tsx > Dashboard > links collection quick actions to new content forms
Error: Test timed out in 5000ms.
If this is a long-running test, pass a timeout value as the last argument or configure it globally with "testTimeout".
 ❯ parity/emdash/dashboard-welcome-source/upstream/packages/admin/tests/components/Dashboard.test.tsx:387:2
    385|  });
    386|
    387|  it("links collection quick actions to new content forms", async () =>…
       |  ^
    388|   mockFetchDashboardStats.mockResolvedValue(makeStats([]));
    389|

⎯⎯⎯⎯⎯⎯⎯⎯⎯⎯⎯⎯⎯⎯⎯⎯⎯⎯⎯⎯⎯⎯[13/30]⎯

 FAIL  parity/emdash/dashboard-welcome-source/upstream/packages/admin/tests/components/Dashboard.test.tsx > Dashboard > omits quick actions for hidden collections and those opting out
Error: Test timed out in 5000ms.
If this is a long-running test, pass a timeout value as the last argument or configure it globally with "testTimeout".
 ❯ parity/emdash/dashboard-welcome-source/upstream/packages/admin/tests/components/Dashboard.test.tsx:397:2
    395|  });
    396|
    397|  it("omits quick actions for hidden collections and those opting out",…
       |  ^
    398|   mockFetchDashboardStats.mockResolvedValue(makeStats([]));
    399|   const withOptOuts: AdminManifest = {

⎯⎯⎯⎯⎯⎯⎯⎯⎯⎯⎯⎯⎯⎯⎯⎯⎯⎯⎯⎯⎯⎯[14/30]⎯

 FAIL  parity/emdash/dashboard-welcome-source/upstream/packages/admin/tests/components/Dashboard.test.tsx > Dashboard > uses the same heading level for every dashboard card title
Error: Test timed out in 5000ms.
If this is a long-running test, pass a timeout value as the last argument or configure it globally with "testTimeout".
 ❯ parity/emdash/dashboard-welcome-source/upstream/packages/admin/tests/components/Dashboard.test.tsx:415:2
    413|  });
    414|
    415|  it("uses the same heading level for every dashboard card title", asyn…
       |  ^
    416|   mockFetchDashboardStats.mockResolvedValue(makeStats([]));
    417|

⎯⎯⎯⎯⎯⎯⎯⎯⎯⎯⎯⎯⎯⎯⎯⎯⎯⎯⎯⎯⎯⎯[15/30]⎯

 FAIL  parity/emdash/dashboard-welcome-source/upstream/packages/admin/tests/components/Dashboard.test.tsx > Dashboard > gives recent activity status icons normalized accessible labels
Error: Test timed out in 5000ms.
If this is a long-running test, pass a timeout value as the last argument or configure it globally with "testTimeout".
 ❯ parity/emdash/dashboard-welcome-source/upstream/packages/admin/tests/components/Dashboard.test.tsx:425:2
    423|  });
    424|
    425|  it("gives recent activity status icons normalized accessible labels",…
       |  ^
    426|   const stats = makeStats([]);
    427|   stats.recentItems = [

⎯⎯⎯⎯⎯⎯⎯⎯⎯⎯⎯⎯⎯⎯⎯⎯⎯⎯⎯⎯⎯⎯[16/30]⎯

 FAIL  parity/emdash/dashboard-welcome-source/upstream/packages/admin/tests/components/Dashboard.test.tsx > Dashboard > renders unknown status names without treating object properties as lifecycle states
Error: Test timed out in 5000ms.
If this is a long-running test, pass a timeout value as the last argument or configure it globally with "testTimeout".
 ❯ parity/emdash/dashboard-welcome-source/upstream/packages/admin/tests/components/Dashboard.test.tsx:448:2
    446|  });
    447|
    448|  it("renders unknown status names without treating object properties a…
       |  ^
    449|   const stats = makeStats([]);
    450|   stats.recentItems = [

⎯⎯⎯⎯⎯⎯⎯⎯⎯⎯⎯⎯⎯⎯⎯⎯⎯⎯⎯⎯⎯⎯[17/30]⎯

 FAIL  parity/emdash/dashboard-welcome-source/upstream/packages/admin/tests/components/Dashboard.test.tsx > Dashboard > site import suggestion > links an admin of an importable site to the Transfer import
Error: Test timed out in 5000ms.
If this is a long-running test, pass a timeout value as the last argument or configure it globally with "testTimeout".
 ❯ parity/emdash/dashboard-welcome-source/upstream/packages/admin/tests/components/Dashboard.test.tsx:475:3
    473|    ]);
    474|
    475|   it("links an admin of an importable site to the Transfer import", as…
       |   ^
    476|    mockFetchDashboardStats.mockResolvedValue(emptyStats());
    477|    mockFetchTransferCapabilities.mockResolvedValue(transferCapabilitie…

⎯⎯⎯⎯⎯⎯⎯⎯⎯⎯⎯⎯⎯⎯⎯⎯⎯⎯⎯⎯⎯⎯[18/30]⎯

 FAIL  parity/emdash/dashboard-welcome-source/upstream/packages/admin/tests/components/Dashboard.test.tsx > Dashboard > site import suggestion > stays hidden when the site can't receive an import
Error: Test timed out in 5000ms.
If this is a long-running test, pass a timeout value as the last argument or configure it globally with "testTimeout".
 ❯ parity/emdash/dashboard-welcome-source/upstream/packages/admin/tests/components/Dashboard.test.tsx:486:3
    484|   });
    485|
    486|   it("stays hidden when the site can't receive an import", async () =>…
       |   ^
    487|    mockFetchDashboardStats.mockResolvedValue(emptyStats());
    488|    mockFetchTransferCapabilities.mockResolvedValue(transferCapabilitie…

⎯⎯⎯⎯⎯⎯⎯⎯⎯⎯⎯⎯⎯⎯⎯⎯⎯⎯⎯⎯⎯⎯[19/30]⎯

 FAIL  parity/emdash/dashboard-welcome-source/upstream/packages/admin/tests/components/Dashboard.test.tsx > Dashboard > site import suggestion > doesn't check import eligibility for non-admins
Error: Test timed out in 5000ms.
If this is a long-running test, pass a timeout value as the last argument or configure it globally with "testTimeout".
 ❯ parity/emdash/dashboard-welcome-source/upstream/packages/admin/tests/components/Dashboard.test.tsx:499:3
    497|   });
    498|
    499|   it("doesn't check import eligibility for non-admins", async () => {
       |   ^
    500|    mockUseCurrentUser.mockReturnValue({ data: { role: 40 } });
    501|    mockFetchDashboardStats.mockResolvedValue(emptyStats());

⎯⎯⎯⎯⎯⎯⎯⎯⎯⎯⎯⎯⎯⎯⎯⎯⎯⎯⎯⎯⎯⎯[20/30]⎯

 FAIL  parity/emdash/dashboard-welcome-source/upstream/packages/admin/tests/components/Dashboard.test.tsx > Dashboard > site import suggestion > doesn't check import eligibility once the site has content
Error: Test timed out in 5000ms.
If this is a long-running test, pass a timeout value as the last argument or configure it globally with "testTimeout".
 ❯ parity/emdash/dashboard-welcome-source/upstream/packages/admin/tests/components/Dashboard.test.tsx:513:3
    511|   });
    512|
    513|   it("doesn't check import eligibility once the site has content", asy…
       |   ^
    514|    mockFetchDashboardStats.mockResolvedValue(
    515|     makeStats([

⎯⎯⎯⎯⎯⎯⎯⎯⎯⎯⎯⎯⎯⎯⎯⎯⎯⎯⎯⎯⎯⎯[21/30]⎯

 FAIL  parity/emdash/dashboard-welcome-source/upstream/packages/admin/tests/components/Dashboard.test.tsx > Dashboard > site import suggestion > stays dismissed
Error: Control absent from actual native DOM
 ❯ Locator.element tests/helpers/dashboard-welcome/dom-render.tsx:17:64
     15| export class Locator {
     16|   constructor(readonly read: () => HTMLElement | null) {}
     17|   element() { const element = this.read(); if (!element) throw new Err…
       |                                                                ^
     18|   async click() { reactFlushSync(() => flushSync(() => this.element().…
     19| }
 ❯ tests/helpers/dashboard-welcome/dom-render.tsx:18:61
 ❯ flushSync node_modules/.pnpm/svelte@5.57.1/node_modules/svelte/src/internal/client/reactivity/batch.js:1045:13
 ❯ tests/helpers/dashboard-welcome/dom-render.tsx:18:40
 ❯ process.env.NODE_ENV.exports.flushSync node_modules/.pnpm/react-dom@19.3.0_react@19.3.0/node_modules/react-dom/cjs/react-dom.development.js:146:18
 ❯ Locator.click tests/helpers/dashboard-welcome/dom-render.tsx:18:19
 ❯ parity/emdash/dashboard-welcome-source/upstream/packages/admin/tests/components/Dashboard.test.tsx:535:75

⎯⎯⎯⎯⎯⎯⎯⎯⎯⎯⎯⎯⎯⎯⎯⎯⎯⎯⎯⎯⎯⎯[22/30]⎯

 FAIL  parity/emdash/dashboard-welcome-source/upstream/packages/admin/tests/components/WelcomeModal.test.tsx > WelcomeModal > shows 'Administrator' for role >= 50
Error: Test timed out in 5000ms.
If this is a long-running test, pass a timeout value as the last argument or configure it globally with "testTimeout".
 ❯ parity/emdash/dashboard-welcome-source/upstream/packages/admin/tests/components/WelcomeModal.test.tsx:38:2
     36|
     37| describe("WelcomeModal", () => {
     38|  it("shows 'Administrator' for role >= 50", async () => {
       |  ^
     39|   const screen = await render(
     40|    <QueryWrapper>

⎯⎯⎯⎯⎯⎯⎯⎯⎯⎯⎯⎯⎯⎯⎯⎯⎯⎯⎯⎯⎯⎯[23/30]⎯

 FAIL  parity/emdash/dashboard-welcome-source/upstream/packages/admin/tests/components/WelcomeModal.test.tsx > WelcomeModal > shows 'Editor' for role >= 40
Error: Test timed out in 5000ms.
If this is a long-running test, pass a timeout value as the last argument or configure it globally with "testTimeout".
 ❯ parity/emdash/dashboard-welcome-source/upstream/packages/admin/tests/components/WelcomeModal.test.tsx:47:2
     45|  });
     46|
     47|  it("shows 'Editor' for role >= 40", async () => {
       |  ^
     48|   const screen = await render(
     49|    <QueryWrapper>

⎯⎯⎯⎯⎯⎯⎯⎯⎯⎯⎯⎯⎯⎯⎯⎯⎯⎯⎯⎯⎯⎯[24/30]⎯

 FAIL  parity/emdash/dashboard-welcome-source/upstream/packages/admin/tests/components/WelcomeModal.test.tsx > WelcomeModal > shows 'Author' for role >= 30
Error: Test timed out in 5000ms.
If this is a long-running test, pass a timeout value as the last argument or configure it globally with "testTimeout".
 ❯ parity/emdash/dashboard-welcome-source/upstream/packages/admin/tests/components/WelcomeModal.test.tsx:56:2
     54|  });
     55|
     56|  it("shows 'Author' for role >= 30", async () => {
       |  ^
     57|   const screen = await render(
     58|    <QueryWrapper>

⎯⎯⎯⎯⎯⎯⎯⎯⎯⎯⎯⎯⎯⎯⎯⎯⎯⎯⎯⎯⎯⎯[25/30]⎯

 FAIL  parity/emdash/dashboard-welcome-source/upstream/packages/admin/tests/components/WelcomeModal.test.tsx > WelcomeModal > shows 'Contributor' for role >= 20
Error: Test timed out in 5000ms.
If this is a long-running test, pass a timeout value as the last argument or configure it globally with "testTimeout".
 ❯ parity/emdash/dashboard-welcome-source/upstream/packages/admin/tests/components/WelcomeModal.test.tsx:65:2
     63|  });
     64|
     65|  it("shows 'Contributor' for role >= 20", async () => {
       |  ^
     66|   const screen = await render(
     67|    <QueryWrapper>

⎯⎯⎯⎯⎯⎯⎯⎯⎯⎯⎯⎯⎯⎯⎯⎯⎯⎯⎯⎯⎯⎯[26/30]⎯

 FAIL  parity/emdash/dashboard-welcome-source/upstream/packages/admin/tests/components/WelcomeModal.test.tsx > WelcomeModal > shows 'Subscriber' for role < 20
Error: Test timed out in 5000ms.
If this is a long-running test, pass a timeout value as the last argument or configure it globally with "testTimeout".
 ❯ parity/emdash/dashboard-welcome-source/upstream/packages/admin/tests/components/WelcomeModal.test.tsx:74:2
     72|  });
     73|
     74|  it("shows 'Subscriber' for role < 20", async () => {
       |  ^
     75|   const screen = await render(
     76|    <QueryWrapper>

⎯⎯⎯⎯⎯⎯⎯⎯⎯⎯⎯⎯⎯⎯⎯⎯⎯⎯⎯⎯⎯⎯[27/30]⎯

 FAIL  parity/emdash/dashboard-welcome-source/upstream/packages/admin/tests/components/WelcomeModal.test.tsx > WelcomeModal > shows first name from userName
Error: Test timed out in 5000ms.
If this is a long-running test, pass a timeout value as the last argument or configure it globally with "testTimeout".
 ❯ parity/emdash/dashboard-welcome-source/upstream/packages/admin/tests/components/WelcomeModal.test.tsx:83:2
     81|  });
     82|
     83|  it("shows first name from userName", async () => {
       |  ^
     84|   const screen = await render(
     85|    <QueryWrapper>

⎯⎯⎯⎯⎯⎯⎯⎯⎯⎯⎯⎯⎯⎯⎯⎯⎯⎯⎯⎯⎯⎯[28/30]⎯

 FAIL  parity/emdash/dashboard-welcome-source/upstream/packages/admin/tests/components/WelcomeModal.test.tsx > WelcomeModal > 'Get Started' button triggers dismiss mutation and calls onClose
Error: Control absent from actual native DOM
 ❯ Locator.element tests/helpers/dashboard-welcome/dom-render.tsx:17:64
     15| export class Locator {
     16|   constructor(readonly read: () => HTMLElement | null) {}
     17|   element() { const element = this.read(); if (!element) throw new Err…
       |                                                                ^
     18|   async click() { reactFlushSync(() => flushSync(() => this.element().…
     19| }
 ❯ parity/emdash/dashboard-welcome-source/upstream/packages/admin/tests/components/WelcomeModal.test.tsx:99:50

⎯⎯⎯⎯⎯⎯⎯⎯⎯⎯⎯⎯⎯⎯⎯⎯⎯⎯⎯⎯⎯⎯[29/30]⎯

 FAIL  parity/emdash/dashboard-welcome-source/upstream/packages/admin/tests/components/WelcomeModal.test.tsx > WelcomeModal > admin text shown only for role >= 50
Error: Test timed out in 5000ms.
If this is a long-running test, pass a timeout value as the last argument or configure it globally with "testTimeout".
 ❯ parity/emdash/dashboard-welcome-source/upstream/packages/admin/tests/components/WelcomeModal.test.tsx:107:2
    105|  });
    106|
    107|  it("admin text shown only for role >= 50", async () => {
       |  ^
    108|   const screen = await render(
    109|    <QueryWrapper>

⎯⎯⎯⎯⎯⎯⎯⎯⎯⎯⎯⎯⎯⎯⎯⎯⎯⎯⎯⎯⎯⎯[30/30]⎯


 Test Files  2 failed (2)
      Tests  30 failed | 3 passed (33)
   Start at  09:05:49
   Duration  137.54s (transform 620ms, setup 877ms, import 172ms, tests 135.20s, environment 1.05s)

JSON report written to /tmp/dashboard-welcome-baseline-report.json
