
 RUN  v4.1.10 /workspace/cms-dashboard-welcome-ui

 ❯ parity/emdash/dashboard-welcome-source/upstream/packages/admin/tests/components/Dashboard.test.tsx (24 tests | 1 failed) 2465ms
     ✓ shows marketplace migration guidance to admins 62ms
     ✓ hides marketplace migration guidance from non-admins 9ms
     ✓ shows scheduled summary when collection stats include pending schedules 169ms
     ✓ does not link the scheduled summary for subscribers, who cannot open the calendar 74ms
     ✓ omits scheduled summary when only residual non-scheduled statuses exist 64ms
     × warns when scheduled content is overdue and the scheduler has never completed 1065ms
     ✓ warns when scheduled content is overdue and the heartbeat is stale 63ms
     ✓ does not warn when the scheduler heartbeat is healthy 9ms
     ✓ warns when a publication policy blocks scheduled content 72ms
     ✓ refreshes a stale policy rejection after dismissal conflicts 116ms
     ✓ does not offer dismissal to authors 56ms
     ✓ shows policy rejections and scheduler outages independently 57ms
     ✓ renders dashboard data from an older API without scheduler health 7ms
     ✓ labels the published count for screen readers with the state, not the action 56ms
     ✓ links collection quick actions to new content forms 11ms
     ✓ omits quick actions for hidden collections and those opting out 13ms
     ✓ uses the same heading level for every dashboard card title 80ms
     ✓ gives recent activity status icons normalized accessible labels 63ms
     ✓ renders unknown status names without treating object properties as lifecycle states 62ms
       ✓ links an admin of an importable site to the Transfer import 70ms
       ✓ stays hidden when the site can't receive an import 57ms
       ✓ doesn't check import eligibility for non-admins 56ms
       ✓ doesn't check import eligibility once the site has content 56ms
       ✓ stays dismissed 115ms
 ✓ parity/emdash/dashboard-welcome-source/upstream/packages/admin/tests/components/WelcomeModal.test.tsx (9 tests) 129ms

⎯⎯⎯⎯⎯⎯⎯ Failed Tests 1 ⎯⎯⎯⎯⎯⎯⎯

 FAIL  parity/emdash/dashboard-welcome-source/upstream/packages/admin/tests/components/Dashboard.test.tsx > Dashboard > warns when scheduled content is overdue and the scheduler has never completed
AssertionError: expected false to be true // Object.is equality

- Expected
+ Received

- true
+ false

 ❯ tests/helpers/dashboard-welcome/dom-setup.ts:9:84
      7|   const read = () => value instanceof Locator ? value.read() : value;
      8|   const assertion = (negate: boolean) => ({
      9|     toBeInTheDocument: () => vi.waitFor(() => expect(Boolean(read()?.i…
       |                                                                                    ^
     10|     toHaveAttribute: (name: string, expected: string) => vi.waitFor(()…
     11|       const result = expect(read()?.getAttribute(name));

⎯⎯⎯⎯⎯⎯⎯⎯⎯⎯⎯⎯⎯⎯⎯⎯⎯⎯⎯⎯⎯⎯⎯⎯[1/1]⎯


 Test Files  1 failed | 1 passed (2)
      Tests  1 failed | 32 passed (33)
   Start at  10:16:26
   Duration  5.38s (transform 996ms, setup 1.06s, import 449ms, tests 2.59s, environment 1.05s)

JSON report written to /tmp/dashboard-welcome-r3-source33-fix-report.json
