
 RUN  v4.1.10 /workspace/cms-dashboard-welcome-ui

 ❯ parity/emdash/dashboard-welcome-source/upstream/packages/admin/tests/components/Dashboard.test.tsx (24 tests | 1 failed) 2741ms
     ✓ shows marketplace migration guidance to admins 91ms
     ✓ hides marketplace migration guidance from non-admins 18ms
     ✓ shows scheduled summary when collection stats include pending schedules 291ms
     ✓ does not link the scheduled summary for subscribers, who cannot open the calendar 85ms
     ✓ omits scheduled summary when only residual non-scheduled statuses exist 66ms
     × warns when scheduled content is overdue and the scheduler has never completed 1072ms
     ✓ warns when scheduled content is overdue and the heartbeat is stale 66ms
     ✓ does not warn when the scheduler heartbeat is healthy 12ms
     ✓ warns when a publication policy blocks scheduled content 84ms
     ✓ refreshes a stale policy rejection after dismissal conflicts 123ms
     ✓ does not offer dismissal to authors 61ms
     ✓ shows policy rejections and scheduler outages independently 58ms
     ✓ renders dashboard data from an older API without scheduler health 8ms
     ✓ labels the published count for screen readers with the state, not the action 58ms
     ✓ links collection quick actions to new content forms 15ms
     ✓ omits quick actions for hidden collections and those opting out 22ms
     ✓ uses the same heading level for every dashboard card title 89ms
     ✓ gives recent activity status icons normalized accessible labels 63ms
     ✓ renders unknown status names without treating object properties as lifecycle states 67ms
       ✓ links an admin of an importable site to the Transfer import 82ms
       ✓ stays hidden when the site can't receive an import 61ms
       ✓ doesn't check import eligibility for non-admins 61ms
       ✓ doesn't check import eligibility once the site has content 59ms
       ✓ stays dismissed 128ms
 ✓ parity/emdash/dashboard-welcome-source/upstream/packages/admin/tests/components/WelcomeModal.test.tsx (9 tests) 155ms

⎯⎯⎯⎯⎯⎯⎯ Failed Tests 1 ⎯⎯⎯⎯⎯⎯⎯

 FAIL  parity/emdash/dashboard-welcome-source/upstream/packages/admin/tests/components/Dashboard.test.tsx > Dashboard > warns when scheduled content is overdue and the scheduler has never completed
AssertionError: expected false to be true // Object.is equality

- Expected
+ Received

- true
+ false

 ❯ tests/helpers/dashboard-welcome/dom-setup.ts:9:84
      7|   const read = () => value instanceof Locator ? value.read() : value;
      8|   const assertion = (negate: boolean) => ({
      9|     toBeInTheDocument: () => vi.waitFor(() => expect(Boolean(read()?.i…
       |                                                                                    ^
     10|     toHaveAttribute: (name: string, expected: string) => vi.waitFor(()…
     11|       const result = expect(read()?.getAttribute(name));

⎯⎯⎯⎯⎯⎯⎯⎯⎯⎯⎯⎯⎯⎯⎯⎯⎯⎯⎯⎯⎯⎯⎯⎯[1/1]⎯


 Test Files  1 failed | 1 passed (2)
      Tests  1 failed | 32 passed (33)
   Start at  11:16:59
   Duration  6.46s (transform 1.40s, setup 1.48s, import 603ms, tests 2.90s, environment 1.21s)

JSON report written to /tmp/dashboard-welcome-main90d-source33-report.json
