
 RUN  v4.1.10 /workspace/cms-dashboard-welcome-r2-library-probe

 ❯ tests/dashboard-welcome-native/lifecycle.test.ts (4 tests | 4 failed) 10ms
   × native import suggestion retries eligibility after a transient failure on ordinary focus refresh 5ms
   × native import eligibility reacts to an administrator arriving after stats on the same mounted component 1ms
   × native retained welcome captures focus on opening and restores it on closing 3ms
   × native default dashboard and welcome clients use the configured API base without client overrides 1ms
 ✓ tests/dashboard-welcome-native/ui.test.ts (5 tests) 276ms

⎯⎯⎯⎯⎯⎯⎯ Failed Tests 4 ⎯⎯⎯⎯⎯⎯⎯

 FAIL  tests/dashboard-welcome-native/lifecycle.test.ts > native import suggestion retries eligibility after a transient failure on ordinary focus refresh
TypeError: lifecycleState is not a function
 ❯ tests/dashboard-welcome-native/lifecycle.test.ts:28:17
     26|   const api = client();
     27|   api.fetchTransferCapabilities.mockRejectedValueOnce(new Error('Tempo…
     28|   const state = lifecycleState({ manifest, user: { role: 50 }, client:…
       |                 ^
     29|   const target = await render(DashboardHost, state);
     30|   await vi.waitFor(() => expect(api.fetchTransferCapabilities).toHaveB…

⎯⎯⎯⎯⎯⎯⎯⎯⎯⎯⎯⎯⎯⎯⎯⎯⎯⎯⎯⎯⎯⎯⎯⎯[1/4]⎯

 FAIL  tests/dashboard-welcome-native/lifecycle.test.ts > native import eligibility reacts to an administrator arriving after stats on the same mounted component
TypeError: lifecycleState is not a function
 ❯ tests/dashboard-welcome-native/lifecycle.test.ts:40:17
     38| it('native import eligibility reacts to an administrator arriving afte…
     39|   const api = client();
     40|   const state = lifecycleState<{ manifest: typeof manifest; user?: { r…
       |                 ^
     41|   const target = await render(DashboardHost, state);
     42|   await vi.waitFor(() => expect(target.textContent).toContain('Media f…

⎯⎯⎯⎯⎯⎯⎯⎯⎯⎯⎯⎯⎯⎯⎯⎯⎯⎯⎯⎯⎯⎯⎯⎯[2/4]⎯

 FAIL  tests/dashboard-welcome-native/lifecycle.test.ts > native retained welcome captures focus on opening and restores it on closing
TypeError: lifecycleState is not a function
 ❯ tests/dashboard-welcome-native/lifecycle.test.ts:52:17
     50| it('native retained welcome captures focus on opening and restores it …
     51|   const previous = document.createElement('button'); previous.textCont…
     52|   const state = lifecycleState({ open: false, onClose: vi.fn(), userRo…
       |                 ^
     53|   const target = await render(WelcomeHost, state);
     54|   state.open = true; await tick();

⎯⎯⎯⎯⎯⎯⎯⎯⎯⎯⎯⎯⎯⎯⎯⎯⎯⎯⎯⎯⎯⎯⎯⎯[3/4]⎯

 FAIL  tests/dashboard-welcome-native/lifecycle.test.ts > native default dashboard and welcome clients use the configured API base without client overrides
TypeError: lifecycleState is not a function
 ❯ tests/dashboard-welcome-native/lifecycle.test.ts:70:31
     68|     return new Response(JSON.stringify({ success: true, data: path.end…
     69|   }));
     70|   await render(DashboardHost, lifecycleState({ manifest, user: { role:…
       |                               ^
     71|   const onClose = vi.fn();
     72|   const target = await render(WelcomeHost, lifecycleState({ open: true…

⎯⎯⎯⎯⎯⎯⎯⎯⎯⎯⎯⎯⎯⎯⎯⎯⎯⎯⎯⎯⎯⎯⎯⎯[4/4]⎯


 Test Files  1 failed | 1 passed (2)
      Tests  4 failed | 5 passed (9)
   Start at  09:43:31
   Duration  2.34s (transform 591ms, setup 0ms, import 849ms, tests 286ms, environment 978ms)

JSON report written to /tmp/dashboard-welcome-r2-native9-red-report.json
