
 RUN  v4.1.10 /workspace/cms-dashboard-welcome-ui

 ❯ tests/dashboard-welcome-native/lifecycle.test.ts (4 tests | 2 failed) 216ms
   × native import suggestion retries eligibility after a transient failure on ordinary focus refresh 124ms
   × native import eligibility reacts to an administrator arriving after stats on the same mounted component 11ms
   ✓ native retained welcome captures focus on opening and restores it on closing 14ms
   ✓ native default dashboard and welcome clients use the configured API base without client overrides 66ms
 ✓ tests/dashboard-welcome-native/ui.test.ts (5 tests) 234ms

⎯⎯⎯⎯⎯⎯⎯ Failed Tests 2 ⎯⎯⎯⎯⎯⎯⎯

 FAIL  tests/dashboard-welcome-native/lifecycle.test.ts > native import suggestion retries eligibility after a transient failure on ordinary focus refresh
AssertionError: expected ' Dashboard Upload Media     Drafts0  …' to contain 'Moving from another EmDash site?'

Expected: "Moving from another EmDash site?"
Received: " Dashboard Upload Media     Drafts0  Media files0 User1 ContentNo collections configured Recent ActivityNo recent activity"

 ❯ tests/dashboard-welcome-native/lifecycle.test.ts:35:30
     33|   await vi.waitFor(() => expect(api.fetchDashboardStats).toHaveBeenCal…
     34|   await vi.waitFor(() => expect(api.fetchTransferCapabilities).toHaveB…
     35|   expect(target.textContent).toContain('Moving from another EmDash sit…
       |                              ^
     36| });
     37|

⎯⎯⎯⎯⎯⎯⎯⎯⎯⎯⎯⎯⎯⎯⎯⎯⎯⎯⎯⎯⎯⎯⎯⎯[1/2]⎯

 FAIL  tests/dashboard-welcome-native/lifecycle.test.ts > native import eligibility reacts to an administrator arriving after stats on the same mounted component
AssertionError: expected ' Dashboard Upload Media     Drafts0  …' to contain 'Moving from another EmDash site?'

Expected: "Moving from another EmDash site?"
Received: " Dashboard Upload Media     Drafts0  Media files0 User1 ContentNo collections configured Recent ActivityNo recent activity"

 ❯ tests/dashboard-welcome-native/lifecycle.test.ts:47:30
     45|   await vi.waitFor(() => expect(api.fetchTransferCapabilities).toHaveB…
     46|   expect(api.fetchDashboardStats).toHaveBeenCalledTimes(1);
     47|   expect(target.textContent).toContain('Moving from another EmDash sit…
       |                              ^
     48| });
     49|

⎯⎯⎯⎯⎯⎯⎯⎯⎯⎯⎯⎯⎯⎯⎯⎯⎯⎯⎯⎯⎯⎯⎯⎯[2/2]⎯


 Test Files  1 failed | 1 passed (2)
      Tests  2 failed | 7 passed (9)
   Start at  10:16:26
   Duration  3.07s (transform 954ms, setup 0ms, import 1.31s, tests 450ms, environment 1.05s)

JSON report written to /tmp/dashboard-welcome-r3-native9-fix-report.json
