$ node --test tests/dashboard-welcome-source-qualification/*.test.mjs && node scripts/run-dashboard-welcome-source.mjs
✔ qualifies all33 actual report rows while retaining32 passes, one failed value, exit1 and zero callback credit (3.56065ms)
✔ rejects another failed callback even when aggregate counts claim32/1 (1.524662ms)
✔ rejects failure of the scheduler availability assertion in the same approved callback (2.457108ms)
✔ rejects a callback that failed without the actual failing locator diagnostic (0.700708ms)
✔ rejects unhandled errors, filtered execution, skipped callbacks and duplicate result rows (2.353823ms)
✔ rejects a modified pinned declaration or an invented all-green underlying runner (1.942347ms)
ℹ tests 6
ℹ suites 0
ℹ pass 6
ℹ fail 0
ℹ cancelled 0
ℹ skipped 0
ℹ todo 0
ℹ duration_ms 97.053714
{"sourcePin":"913cb1bb9b7f08c3ff0d258b4420e53835b6a58e","wholeSourceAuthorities":24,"wholeSourceBytes":129244,"wholeCallbacks":33,"wholeAssertionExpressions":43,"productTestsRun":0}

 RUN  v4.1.10 /workspace/cms-dashboard-welcome-ui

 ❯ parity/emdash/dashboard-welcome-source/upstream/packages/admin/tests/components/Dashboard.test.tsx (24 tests | 1 failed) 2726ms
     ✓ shows marketplace migration guidance to admins 112ms
     ✓ hides marketplace migration guidance from non-admins 13ms
     ✓ shows scheduled summary when collection stats include pending schedules 206ms
     ✓ does not link the scheduled summary for subscribers, who cannot open the calendar 82ms
     ✓ omits scheduled summary when only residual non-scheduled statuses exist 62ms
     × warns when scheduled content is overdue and the scheduler has never completed 1070ms
     ✓ warns when scheduled content is overdue and the heartbeat is stale 62ms
     ✓ does not warn when the scheduler heartbeat is healthy 9ms
     ✓ warns when a publication policy blocks scheduled content 84ms
     ✓ refreshes a stale policy rejection after dismissal conflicts 124ms
     ✓ does not offer dismissal to authors 61ms
     ✓ shows policy rejections and scheduler outages independently 68ms
     ✓ renders dashboard data from an older API without scheduler health 9ms
     ✓ labels the published count for screen readers with the state, not the action 60ms
     ✓ links collection quick actions to new content forms 24ms
     ✓ omits quick actions for hidden collections and those opting out 20ms
     ✓ uses the same heading level for every dashboard card title 113ms
     ✓ gives recent activity status icons normalized accessible labels 72ms
     ✓ renders unknown status names without treating object properties as lifecycle states 70ms
       ✓ links an admin of an importable site to the Transfer import 89ms
       ✓ stays hidden when the site can't receive an import 61ms
       ✓ doesn't check import eligibility for non-admins 63ms
       ✓ doesn't check import eligibility once the site has content 61ms
       ✓ stays dismissed 127ms
 ✓ parity/emdash/dashboard-welcome-source/upstream/packages/admin/tests/components/WelcomeModal.test.tsx (9 tests) 143ms

 Test Files  1 failed | 1 passed (2)
      Tests  1 failed | 32 passed (33)
   Start at  17:27:54
   Duration  6.71s (transform 1.46s, setup 1.62s, import 586ms, tests 2.87s, environment 1.30s)

JSON report written to /tmp/dashboard-source33-q9J4XX/whole-source33-report.json

⎯⎯⎯⎯⎯⎯⎯ Failed Tests 1 ⎯⎯⎯⎯⎯⎯⎯

 FAIL  parity/emdash/dashboard-welcome-source/upstream/packages/admin/tests/components/Dashboard.test.tsx > Dashboard > warns when scheduled content is overdue and the scheduler has never completed
AssertionError: expected false to be true // Object.is equality
DASHBOARD_SOURCE_ASSERTION_CONTEXT={"operation":"toBeInTheDocument","negate":false,"expectedPresent":true,"actualPresent":false,"selector":{"kind":"text","pattern":{"kind":"regexp","source":"npx emdash doctor","flags":"i"}},"actualText":" DashboardPage Upload Media    Scheduled publishing needs attentionOne scheduled item is overdue, but no scheduler run has completed. Run pnpm doctor from your project and verify the deployed Cron Trigger. For a standalone installation, run sveltery-doctor. Draft1 Scheduled1 Media files0 Users0 ContentPagesDrafts1 Recent ActivityNo recent activity"}

- Expected
+ Received

- true
+ false

 ❯ tests/helpers/dashboard-welcome/dom-setup.ts:13:84
     11|   const read = () => value instanceof Locator ? value.read() : value;
     12|   const assertion = (negate: boolean) => ({
     13|     toBeInTheDocument: () => vi.waitFor(() => expect(Boolean(read()?.i…
       |                                                                                    ^
     14|       // Uniform diagnostic enrichment only: retain the same actual as…
     15|       // expected value, default clock and thrown failure for every lo…

⎯⎯⎯⎯⎯⎯⎯⎯⎯⎯⎯⎯⎯⎯⎯⎯⎯⎯⎯⎯⎯⎯⎯⎯[1/1]⎯


COMPLETE_UNCHANGED_SOURCE33_REPORT
{"numTotalTestSuites":5,"numPassedTestSuites":3,"numFailedTestSuites":2,"numPendingTestSuites":0,"numTotalTests":33,"numPassedTests":32,"numFailedTests":1,"numPendingTests":0,"numTodoTests":0,"snapshot":{"added":0,"failure":false,"filesAdded":0,"filesRemoved":0,"filesRemovedList":[],"filesUnmatched":0,"filesUpdated":0,"matched":0,"total":0,"unchecked":0,"uncheckedKeysByFile":[],"unmatched":0,"updated":0,"didUpdate":false},"startTime":1791134874189,"success":false,"testResults":[{"assertionResults":[{"ancestorTitles":["Dashboard"],"fullName":"Dashboard shows marketplace migration guidance to admins","status":"passed","title":"shows marketplace migration guidance to admins","duration":111.8271679999998,"failureMessages":[],"meta":{},"tags":[]},{"ancestorTitles":["Dashboard"],"fullName":"Dashboard hides marketplace migration guidance from non-admins","status":"passed","title":"hides marketplace migration guidance from non-admins","duration":13.052667999999812,"failureMessages":[],"meta":{},"tags":[]},{"ancestorTitles":["Dashboard"],"fullName":"Dashboard shows scheduled summary when collection stats include pending schedules","status":"passed","title":"shows scheduled summary when collection stats include pending schedules","duration":205.61354699999993,"failureMessages":[],"meta":{},"tags":[]},{"ancestorTitles":["Dashboard"],"fullName":"Dashboard does not link the scheduled summary for subscribers, who cannot open the calendar","status":"passed","title":"does not link the scheduled summary for subscribers, who cannot open the calendar","duration":82.47908199999983,"failureMessages":[],"meta":{},"tags":[]},{"ancestorTitles":["Dashboard"],"fullName":"Dashboard omits scheduled summary when only residual non-scheduled statuses exist","status":"passed","title":"omits scheduled summary when only residual non-scheduled statuses exist","duration":62.32625099999996,"failureMessages":[],"meta":{},"tags":[]},{"ancestorTitles":["Dashboard"],"fullName":"Dashboard warns when scheduled content is overdue and the scheduler has never completed","status":"failed","title":"warns when scheduled content is overdue and the scheduler has never completed","duration":1069.5264930000003,"failureMessages":["AssertionError: expected false to be true // Object.is equality\n    at /workspace/cms-dashboard-welcome-ui/tests/helpers/dashboard-welcome/dom-setup.ts:13:84\n    at Timeout.checkCallback (file:///workspace/cms-dashboard-welcome-ui/node_modules/.pnpm/vitest@4.1.10_@types+node@24.19.0_@vitest+browser-playwright@4.1.10_jsdom@30.1.1_vite@8_ee38918407c9c444cc73696c320249df/node_modules/vitest/dist/chunks/test.DNmyFkvJ.js:3383:20)\n    at listOnTimeout (node:internal/timers:635:17)\n    at processTimers (node:internal/timers:571:7)\nDASHBOARD_SOURCE_ASSERTION_CONTEXT={\"operation\":\"toBeInTheDocument\",\"negate\":false,\"expectedPresent\":true,\"actualPresent\":false,\"selector\":{\"kind\":\"text\",\"pattern\":{\"kind\":\"regexp\",\"source\":\"npx emdash doctor\",\"flags\":\"i\"}},\"actualText\":\" DashboardPage Upload Media    Scheduled publishing needs attentionOne scheduled item is overdue, but no scheduler run has completed. Run pnpm doctor from your project and verify the deployed Cron Trigger. For a standalone installation, run sveltery-doctor. Draft1 Scheduled1 Media files0 Users0 ContentPagesDrafts1 Recent ActivityNo recent activity\"}"],"meta":{},"tags":[]},{"ancestorTitles":["Dashboard"],"fullName":"Dashboard warns when scheduled content is overdue and the heartbeat is stale","status":"passed","title":"warns when scheduled content is overdue and the heartbeat is stale","duration":62.19076899999982,"failureMessages":[],"meta":{},"tags":[]},{"ancestorTitles":["Dashboard"],"fullName":"Dashboard does not warn when the scheduler heartbeat is healthy","status":"passed","title":"does not warn when the scheduler heartbeat is healthy","duration":9.158947999999327,"failureMessages":[],"meta":{},"tags":[]},{"ancestorTitles":["Dashboard"],"fullName":"Dashboard warns when a publication policy blocks scheduled content","status":"passed","title":"warns when a publication policy blocks scheduled content","duration":84.46792199999982,"failureMessages":[],"meta":{},"tags":[]},{"ancestorTitles":["Dashboard"],"fullName":"Dashboard refreshes a stale policy rejection after dismissal conflicts","status":"passed","title":"refreshes a stale policy rejection after dismissal conflicts","duration":124.2381489999998,"failureMessages":[],"meta":{},"tags":[]},{"ancestorTitles":["Dashboard"],"fullName":"Dashboard does not offer dismissal to authors","status":"passed","title":"does not offer dismissal to authors","duration":61.42647599999964,"failureMessages":[],"meta":{},"tags":[]},{"ancestorTitles":["Dashboard"],"fullName":"Dashboard shows policy rejections and scheduler outages independently","status":"passed","title":"shows policy rejections and scheduler outages independently","duration":68.1026469999997,"failureMessages":[],"meta":{},"tags":[]},{"ancestorTitles":["Dashboard"],"fullName":"Dashboard renders dashboard data from an older API without scheduler health","status":"passed","title":"renders dashboard data from an older API without scheduler health","duration":9.40811499999927,"failureMessages":[],"meta":{},"tags":[]},{"ancestorTitles":["Dashboard"],"fullName":"Dashboard labels the published count for screen readers with the state, not the action","status":"passed","title":"labels the published count for screen readers with the state, not the action","duration":60.483688999999686,"failureMessages":[],"meta":{},"tags":[]},{"ancestorTitles":["Dashboard"],"fullName":"Dashboard links collection quick actions to new content forms","status":"passed","title":"links collection quick actions to new content forms","duration":24.32153500000004,"failureMessages":[],"meta":{},"tags":[]},{"ancestorTitles":["Dashboard"],"fullName":"Dashboard omits quick actions for hidden collections and those opting out","status":"passed","title":"omits quick actions for hidden collections and those opting out","duration":20.16634300000078,"failureMessages":[],"meta":{},"tags":[]},{"ancestorTitles":["Dashboard"],"fullName":"Dashboard uses the same heading level for every dashboard card title","status":"passed","title":"uses the same heading level for every dashboard card title","duration":112.5231130000002,"failureMessages":[],"meta":{},"tags":[]},{"ancestorTitles":["Dashboard"],"fullName":"Dashboard gives recent activity status icons normalized accessible labels","status":"passed","title":"gives recent activity status icons normalized accessible labels","duration":71.94720400000006,"failureMessages":[],"meta":{},"tags":[]},{"ancestorTitles":["Dashboard"],"fullName":"Dashboard renders unknown status names without treating object properties as lifecycle states","status":"passed","title":"renders unknown status names without treating object properties as lifecycle states","duration":69.67572500000006,"failureMessages":[],"meta":{},"tags":[]},{"ancestorTitles":["Dashboard","site import suggestion"],"fullName":"Dashboard site import suggestion links an admin of an importable site to the Transfer import","status":"passed","title":"links an admin of an importable site to the Transfer import","duration":88.82689899999968,"failureMessages":[],"meta":{},"tags":[]},{"ancestorTitles":["Dashboard","site import suggestion"],"fullName":"Dashboard site import suggestion stays hidden when the site can't receive an import","status":"passed","title":"stays hidden when the site can't receive an import","duration":61.49287199999981,"failureMessages":[],"meta":{},"tags":[]},{"ancestorTitles":["Dashboard","site import suggestion"],"fullName":"Dashboard site import suggestion doesn't check import eligibility for non-admins","status":"passed","title":"doesn't check import eligibility for non-admins","duration":62.967491999999766,"failureMessages":[],"meta":{},"tags":[]},{"ancestorTitles":["Dashboard","site import suggestion"],"fullName":"Dashboard site import suggestion doesn't check import eligibility once the site has content","status":"passed","title":"doesn't check import eligibility once the site has content","duration":61.26028099999985,"failureMessages":[],"meta":{},"tags":[]},{"ancestorTitles":["Dashboard","site import suggestion"],"fullName":"Dashboard site import suggestion stays dismissed","status":"passed","title":"stays dismissed","duration":126.60384999999951,"failureMessages":[],"meta":{},"tags":[]}],"startTime":1791134876925,"endTime":1791134879649.6038,"status":"failed","message":"","name":"/workspace/cms-dashboard-welcome-ui/parity/emdash/dashboard-welcome-source/upstream/packages/admin/tests/components/Dashboard.test.tsx"},{"assertionResults":[{"ancestorTitles":["WelcomeModal"],"fullName":"WelcomeModal shows 'Administrator' for role >= 50","status":"passed","title":"shows 'Administrator' for role >= 50","duration":53.051937999999836,"failureMessages":[],"meta":{},"tags":[]},{"ancestorTitles":["WelcomeModal"],"fullName":"WelcomeModal shows 'Editor' for role >= 40","status":"passed","title":"shows 'Editor' for role >= 40","duration":5.564158000000134,"failureMessages":[],"meta":{},"tags":[]},{"ancestorTitles":["WelcomeModal"],"fullName":"WelcomeModal shows 'Author' for role >= 30","status":"passed","title":"shows 'Author' for role >= 30","duration":4.235200000000077,"failureMessages":[],"meta":{},"tags":[]},{"ancestorTitles":["WelcomeModal"],"fullName":"WelcomeModal shows 'Contributor' for role >= 20","status":"passed","title":"shows 'Contributor' for role >= 20","duration":4.4609300000001895,"failureMessages":[],"meta":{},"tags":[]},{"ancestorTitles":["WelcomeModal"],"fullName":"WelcomeModal shows 'Subscriber' for role < 20","status":"passed","title":"shows 'Subscriber' for role < 20","duration":5.004065999999966,"failureMessages":[],"meta":{},"tags":[]},{"ancestorTitles":["WelcomeModal"],"fullName":"WelcomeModal shows first name from userName","status":"passed","title":"shows first name from userName","duration":3.3722549999999956,"failureMessages":[],"meta":{},"tags":[]},{"ancestorTitles":["WelcomeModal"],"fullName":"WelcomeModal 'Get Started' button triggers dismiss mutation and calls onClose","status":"passed","title":"'Get Started' button triggers dismiss mutation and calls onClose","duration":57.446873000000096,"failureMessages":[],"meta":{},"tags":[]},{"ancestorTitles":["WelcomeModal"],"fullName":"WelcomeModal admin text shown only for role >= 50","status":"passed","title":"admin text shown only for role >= 50","duration":5.078054000000066,"failureMessages":[],"meta":{},"tags":[]},{"ancestorTitles":["WelcomeModal"],"fullName":"WelcomeModal admin text not shown for role < 50","status":"passed","title":"admin text not shown for role < 50","duration":3.4463530000000446,"failureMessages":[],"meta":{},"tags":[]}],"startTime":1791134880757,"endTime":1791134880899.4463,"status":"passed","message":"","name":"/workspace/cms-dashboard-welcome-ui/parity/emdash/dashboard-welcome-source/upstream/packages/admin/tests/components/WelcomeModal.test.tsx"}]}
{"qualification":"complete Source33 with accepted actual Native CLI command divergence","sourcePin":"913cb1bb9b7f08c3ff0d258b4420e53835b6a58e","executed":33,"sourcePassed":32,"sourceFailed":1,"runnerExit":1,"sourceAllGreen":false,"acceptedCallback":"warns when scheduled content is overdue and the scheduler has never completed","declarationHash":"ccb63e7af54f541c31a5d33cc6ada61f0475779189c201ed5538b85f47bdb67a","expectedExpressionHash":"a7988810a852430af77f280816a2d4e4963af98929b7a842ae3663b3d21e90e9","sourceCreditForAcceptedCallback":0,"actualFailingValue":{"operation":"toBeInTheDocument","negate":false,"expectedPresent":true,"actualPresent":false,"selector":{"kind":"text","pattern":{"kind":"regexp","source":"npx emdash doctor","flags":"i"}},"actualText":" DashboardPage Upload Media    Scheduled publishing needs attentionOne scheduled item is overdue, but no scheduler run has completed. Run pnpm doctor from your project and verify the deployed Cron Trigger. For a standalone installation, run sveltery-doctor. Draft1 Scheduled1 Media files0 Users0 ContentPagesDrafts1 Recent ActivityNo recent activity"},"reportPath":"/tmp/dashboard-source33-q9J4XX/whole-source33-report.json","logPath":"/tmp/dashboard-source33-q9J4XX/whole-source33.log","reportBytes":11082,"reportSha256":"16c387e02adc656373750af6a312fd7bf6f110c057c693882ddfd1fc55673525","logSha256":"399335e547031258993edfa6ab5d4f1cd45ee694071c0a268b209c54f4a7e6a1"}
