
 RUN  v4.1.10 /workspace/cms-full-seed-engine

 ❯ parity/emdash/source-seed-backend/source/packages/core/tests/unit/seed/apply.test.ts (78 tests | 5 failed) 3175ms
       × binds an existing unbound reference field when a re-applied seed names a target 75ms
       × should create bylines and assign ordered credits to content 55ms
       × idempotently publishes slugless content for a non-routable collection 27ms
       × reads the site timezone and field definitions as often for ten entries as for one 82ms
       × does not create relation edges to a skipped trashed entry 28ms
 ❯ parity/emdash/source-seed-backend/source/packages/core/tests/unit/seed/apply-budget.test.ts (5 tests | 1 failed) 1358ms
     × resolves references, term parents, bylines and menus across calls as a single call does 132ms

⎯⎯⎯⎯⎯⎯⎯ Failed Tests 6 ⎯⎯⎯⎯⎯⎯⎯

 FAIL  parity/emdash/source-seed-backend/source/packages/core/tests/unit/seed/apply-budget.test.ts > applySeed with a budget > resolves references, term parents, bylines and menus across calls as a single call does
Error: Byline writes require the actual registered CMS database owner
 ❯ bylineDatabaseOwner src/lib/server/bylines/storage.ts:66:21
     64| export function bylineDatabaseOwner(db: Kysely<Database>): CmsDatabase…
     65|   const owner = registeredBylineDatabaseOwner(db);
     66|   if (!owner) throw new Error('Byline writes require the actual regist…
       |                     ^
     67|   return owner;
     68| }
 ❯ BylineRepository.planContentBylineReplacement src/lib/server/bylines/repository.ts:1326:3
 ❯ BylineRepository.setContentBylines src/lib/server/bylines/repository.ts:1312:33
 ❯ applyContentBylines src/lib/server/seed/apply.ts:1774:20
 ❯ src/lib/server/seed/apply.ts:1031:14
 ❯ ../cms-byline-content-lifecycle/node_modules/.pnpm/kysely@0.29.2/node_modules/kysely/dist/kysely.js:680:32
 ❯ DefaultConnectionProvider.provideConnection ../cms-byline-content-lifecycle/node_modules/.pnpm/kysely@0.29.2/node_modules/kysely/dist/driver/default-connection-provider.js:10:20
 ❯ applySeedWrites src/lib/server/seed/apply.ts:1015:17
 ❯ coalesceObjectCacheWrites src/lib/server/menus/object-cache.ts:757:10

⎯⎯⎯⎯⎯⎯⎯⎯⎯⎯⎯⎯⎯⎯⎯⎯⎯⎯⎯⎯⎯⎯⎯⎯[1/6]⎯

 FAIL  parity/emdash/source-seed-backend/source/packages/core/tests/unit/seed/apply.test.ts > applySeed > relations > binds an existing unbound reference field when a re-applied seed names a target
Error: Seed operations require their actual registered CMS database owner
 ❯ seedDatabaseOwner src/lib/server/seed/namespace.ts:448:23
    446| export function seedDatabaseOwner(db: object): CmsDatabase {
    447|   const context = views.get(db);
    448|   if (!context) throw new Error('Seed operations require their actual …
       |                       ^
    449|   return context.owner;
    450| }
 ❯ new SchemaRegistry src/lib/server/seed/registry.ts:8:40
 ❯ createFieldRelation src/lib/server/seed/field-relations.ts:27:19
 ❯ src/lib/server/seed/field-relations.ts:75:26
 ❯ ../cms-byline-content-lifecycle/node_modules/.pnpm/kysely@0.29.2/node_modules/kysely/dist/kysely.js:680:38
 ❯ DefaultConnectionProvider.provideConnection ../cms-byline-content-lifecycle/node_modules/.pnpm/kysely@0.29.2/node_modules/kysely/dist/driver/default-connection-provider.js:10:20
 ❯ upsertSeedField src/lib/server/seed/apply.ts:1827:4
 ❯ applySeedWrites src/lib/server/seed/apply.ts:434:7
 ❯ coalesceObjectCacheWrites src/lib/server/menus/object-cache.ts:757:10

⎯⎯⎯⎯⎯⎯⎯⎯⎯⎯⎯⎯⎯⎯⎯⎯⎯⎯⎯⎯⎯⎯⎯⎯[2/6]⎯

 FAIL  parity/emdash/source-seed-backend/source/packages/core/tests/unit/seed/apply.test.ts > applySeed > content > should create bylines and assign ordered credits to content
Error: Byline writes require the actual registered CMS database owner
 ❯ bylineDatabaseOwner src/lib/server/bylines/storage.ts:66:21
     64| export function bylineDatabaseOwner(db: Kysely<Database>): CmsDatabase…
     65|   const owner = registeredBylineDatabaseOwner(db);
     66|   if (!owner) throw new Error('Byline writes require the actual regist…
       |                     ^
     67|   return owner;
     68| }
 ❯ BylineRepository.planContentBylineReplacement src/lib/server/bylines/repository.ts:1326:3
 ❯ BylineRepository.setContentBylines src/lib/server/bylines/repository.ts:1312:33
 ❯ applyContentBylines src/lib/server/seed/apply.ts:1774:20
 ❯ src/lib/server/seed/apply.ts:1031:14
 ❯ ../cms-byline-content-lifecycle/node_modules/.pnpm/kysely@0.29.2/node_modules/kysely/dist/kysely.js:680:32
 ❯ DefaultConnectionProvider.provideConnection ../cms-byline-content-lifecycle/node_modules/.pnpm/kysely@0.29.2/node_modules/kysely/dist/driver/default-connection-provider.js:10:20
 ❯ applySeedWrites src/lib/server/seed/apply.ts:1015:17
 ❯ coalesceObjectCacheWrites src/lib/server/menus/object-cache.ts:757:10
 ❯ applySeed src/lib/server/seed/apply.ts:181:21

⎯⎯⎯⎯⎯⎯⎯⎯⎯⎯⎯⎯⎯⎯⎯⎯⎯⎯⎯⎯⎯⎯⎯⎯[3/6]⎯

 FAIL  parity/emdash/source-seed-backend/source/packages/core/tests/unit/seed/apply.test.ts > applySeed > content > idempotently publishes slugless content for a non-routable collection
 FAIL  parity/emdash/source-seed-backend/source/packages/core/tests/unit/seed/apply.test.ts > applySeed > content > reads the site timezone and field definitions as often for ten entries as for one
Error: Byline writes require the actual registered CMS database owner
 ❯ bylineDatabaseOwner src/lib/server/bylines/storage.ts:66:21
     64| export function bylineDatabaseOwner(db: Kysely<Database>): CmsDatabase…
     65|   const owner = registeredBylineDatabaseOwner(db);
     66|   if (!owner) throw new Error('Byline writes require the actual regist…
       |                     ^
     67|   return owner;
     68| }
 ❯ BylineRepository.planContentBylineReplacement src/lib/server/bylines/repository.ts:1326:3
 ❯ BylineRepository.setContentBylines src/lib/server/bylines/repository.ts:1312:33
 ❯ applyContentBylines src/lib/server/seed/apply.ts:1748:21
 ❯ src/lib/server/seed/apply.ts:900:16
 ❯ ../cms-byline-content-lifecycle/node_modules/.pnpm/kysely@0.29.2/node_modules/kysely/dist/kysely.js:680:32
 ❯ DefaultConnectionProvider.provideConnection ../cms-byline-content-lifecycle/node_modules/.pnpm/kysely@0.29.2/node_modules/kysely/dist/driver/default-connection-provider.js:10:20
 ❯ applySeedWrites src/lib/server/seed/apply.ts:889:9
 ❯ coalesceObjectCacheWrites src/lib/server/menus/object-cache.ts:757:10
 ❯ applySeed src/lib/server/seed/apply.ts:181:21

⎯⎯⎯⎯⎯⎯⎯⎯⎯⎯⎯⎯⎯⎯⎯⎯⎯⎯⎯⎯⎯⎯⎯⎯[4/6]⎯

 FAIL  parity/emdash/source-seed-backend/source/packages/core/tests/unit/seed/apply.test.ts > applySeed > content conflicts with trashed entries > does not create relation edges to a skipped trashed entry
Error: Seed operations require their actual registered CMS database owner
 ❯ seedDatabaseOwner src/lib/server/seed/namespace.ts:448:23
    446| export function seedDatabaseOwner(db: object): CmsDatabase {
    447|   const context = views.get(db);
    448|   if (!context) throw new Error('Seed operations require their actual …
       |                       ^
    449|   return context.owner;
    450| }
 ❯ new SchemaRegistry src/lib/server/seed/registry.ts:8:40
 ❯ createFieldRelation src/lib/server/seed/field-relations.ts:27:19
 ❯ src/lib/server/seed/apply.ts:1886:27
 ❯ ../cms-byline-content-lifecycle/node_modules/.pnpm/kysely@0.29.2/node_modules/kysely/dist/kysely.js:680:38
 ❯ DefaultConnectionProvider.provideConnection ../cms-byline-content-lifecycle/node_modules/.pnpm/kysely@0.29.2/node_modules/kysely/dist/driver/default-connection-provider.js:10:20
 ❯ upsertSeedField src/lib/server/seed/apply.ts:1885:3
 ❯ applySeedWrites src/lib/server/seed/apply.ts:434:7
 ❯ coalesceObjectCacheWrites src/lib/server/menus/object-cache.ts:757:10
 ❯ applySeed src/lib/server/seed/apply.ts:181:21

⎯⎯⎯⎯⎯⎯⎯⎯⎯⎯⎯⎯⎯⎯⎯⎯⎯⎯⎯⎯⎯⎯⎯⎯[5/6]⎯


 Test Files  2 failed | 1 passed (3)
      Tests  6 failed | 79 passed (85)
   Start at  21:35:03
   Duration  9.62s (transform 2.17s, setup 0ms, import 3.95s, tests 5.05s, environment 0ms)

