Loading svelte-check in workspace: /workspace/cms-full-seed-engine
Getting Svelte diagnostics...

/workspace/cms-full-seed-engine/src/lib/server/media-usage/upstream/media/usage/collection-deletion.ts:631:44
Error: Cannot find module 'virtual:emdash/config' or its corresponding type declarations. 
	if (executeAdapterGuard) {
		const { default: config } = await import("virtual:emdash/config");
		return executeAdapterGuard(config.database?.config, input);

/workspace/cms-full-seed-engine/src/lib/server/media-usage/upstream/media/usage/collection-deletion.ts:641:32
Error: Cannot find module 'virtual:emdash/dialect' or its corresponding type declarations. 
	try {
		const dialect = await import("virtual:emdash/dialect");
		return dialect.executeCollectionDeletionGuard;

/workspace/cms-full-seed-engine/src/lib/server/media-usage/upstream/media/usage/collection-deletion.ts:667:30
Error: Argument of type 'Transaction<Database>' is not assignable to parameter of type 'Kysely<Database>'.
  The types of 'fn.agg(...).over' are incompatible between these types.
    Type '(over?: import("/workspace/cms-byline-content-lifecycle/node_modules/.pnpm/kysely@0.29.2/node_modules/kysely/dist/query-builder/aggregate-function-builder").OverBuilderCallback<import("/workspace/cms-full-seed-engine/src/lib/server/blocks/upstream/database/types").Database, keyof import("/workspace/cms-full-seed-eng...' is not assignable to type '(over?: import("/workspace/cms-byline-content-lifecycle/node_modules/.pnpm/kysely@0.29.2/node_modules/kysely/dist/query-builder/aggregate-function-builder").OverBuilderCallback<import("/workspace/cms-full-seed-engine/src/lib/server/database/lifecycle/upstream/database/types").Database, keyof import("/workspace/cms-f...'.
      Types of parameters 'over' and 'over' are incompatible.
        Types of parameters 'builder' and 'builder' are incompatible.
          Type 'import("/workspace/cms-byline-content-lifecycle/node_modules/.pnpm/kysely@0.29.2/node_modules/kysely/dist/query-builder/over-builder").OverBuilder<import("/workspace/cms-full-seed-engine/src/lib/server/blocks/upstream/database/types").Database, keyof import("/workspace/cms-full-seed-engine/src/lib/server/blocks/upst...' is not assignable to type 'import("/workspace/cms-byline-content-lifecycle/node_modules/.pnpm/kysely@0.29.2/node_modules/kysely/dist/query-builder/over-builder").OverBuilder<import("/workspace/cms-full-seed-engine/src/lib/server/database/lifecycle/upstream/database/types").Database, keyof import("/workspace/cms-full-seed-engine/src/lib/server...'.
            Types of property 'partitionBy' are incompatible.
              Type '{ (partitionBy: readonly import("/workspace/cms-byline-content-lifecycle/node_modules/.pnpm/kysely@0.29.2/node_modules/kysely/dist/parser/partition-by-parser").PartitionByExpression<import("/workspace/cms-full-seed-engine/src/lib/server/blocks/upstream/database/types").Database, keyof import("/workspace/cms-full-see...' is not assignable to type '{ (partitionBy: readonly import("/workspace/cms-byline-content-lifecycle/node_modules/.pnpm/kysely@0.29.2/node_modules/kysely/dist/parser/partition-by-parser").PartitionByExpression<import("/workspace/cms-full-seed-engine/src/lib/server/database/lifecycle/upstream/database/types").Database, keyof import("/workspace/...'.
                Types of parameters 'partitionBy' and 'partitionBy' are incompatible.
                  Type 'readonly import("/workspace/cms-byline-content-lifecycle/node_modules/.pnpm/kysely@0.29.2/node_modules/kysely/dist/parser/partition-by-parser").PartitionByExpression<import("/workspace/cms-full-seed-engine/src/lib/server/database/lifecycle/upstream/database/types").Database, keyof import("/workspace/cms-full-seed-en...' is not assignable to type 'readonly import("/workspace/cms-byline-content-lifecycle/node_modules/.pnpm/kysely@0.29.2/node_modules/kysely/dist/parser/partition-by-parser").PartitionByExpression<import("/workspace/cms-full-seed-engine/src/lib/server/blocks/upstream/database/types").Database, keyof import("/workspace/cms-full-seed-engine/src/lib...'.
                    Type 'import("/workspace/cms-byline-content-lifecycle/node_modules/.pnpm/kysely@0.29.2/node_modules/kysely/dist/parser/partition-by-parser").PartitionByExpression<import("/workspace/cms-full-seed-engine/src/lib/server/database/lifecycle/upstream/database/types").Database, keyof import("/workspace/cms-full-seed-engine/src/...' is not assignable to type 'import("/workspace/cms-byline-content-lifecycle/node_modules/.pnpm/kysely@0.29.2/node_modules/kysely/dist/parser/partition-by-parser").PartitionByExpression<import("/workspace/cms-full-seed-engine/src/lib/server/blocks/upstream/database/types").Database, keyof import("/workspace/cms-full-seed-engine/src/lib/server/b...'.
                      Type '"_cms_revisions.collection"' is not assignable to type 'PartitionByExpression<Database, keyof Database>'. Did you mean '"revisions.collection"'? 

		const fts = new FTSManager(trx);
		await fts.dropFtsTable(input.collectionSlug);

/workspace/cms-full-seed-engine/src/lib/server/media-usage/collection-deletion-phases.ts:18:32
Error: Conversion of type 'import("/workspace/cms-byline-content-lifecycle/node_modules/.pnpm/kysely@0.29.2/node_modules/kysely/dist/kysely").Kysely<import("/workspace/cms-full-seed-engine/src/lib/server/seed/upstream/database/types").Database>' to type 'import("/workspace/cms-byline-content-lifecycle/node_modules/.pnpm/kysely@0.29.2/node_modules/kysely/dist/kysely").Kysely<import("/workspace/cms-full-seed-engine/src/lib/server/blocks/upstream/database/types").Database>' may be a mistake because neither type sufficiently overlaps with the other. If this was intentional, convert the expression to 'unknown' first.
  The types of 'transaction().execute' are incompatible between these types.
    Type '<T>(callback: (trx: import("/workspace/cms-byline-content-lifecycle/node_modules/.pnpm/kysely@0.29.2/node_modules/kysely/dist/kysely").Transaction<import("/workspace/cms-full-seed-engine/src/lib/server/seed/upstream/database/types").Database>) => Promise<...>) => Promise<...>' is not comparable to type '<T>(callback: (trx: import("/workspace/cms-byline-content-lifecycle/node_modules/.pnpm/kysely@0.29.2/node_modules/kysely/dist/kysely").Transaction<import("/workspace/cms-full-seed-engine/src/lib/server/blocks/upstream/database/types").Database>) => Promise<...>) => Promise<...>'.
      Types of parameters 'callback' and 'callback' are incompatible.
        Types of parameters 'trx' and 'trx' are incompatible.
          Type 'import("/workspace/cms-byline-content-lifecycle/node_modules/.pnpm/kysely@0.29.2/node_modules/kysely/dist/kysely").Transaction<import("/workspace/cms-full-seed-engine/src/lib/server/seed/upstream/database/types").Database>' is not comparable to type 'import("/workspace/cms-byline-content-lifecycle/node_modules/.pnpm/kysely@0.29.2/node_modules/kysely/dist/kysely").Transaction<import("/workspace/cms-full-seed-engine/src/lib/server/blocks/upstream/database/types").Database>'.
            The types returned by 'with(...)' are incompatible between these types.
              Type 'import("/workspace/cms-byline-content-lifecycle/node_modules/.pnpm/kysely@0.29.2/node_modules/kysely/dist/parser/with-parser").QueryCreatorWithCommonTableExpression<import("/workspace/cms-full-seed-engine/src/lib/server/seed/upstream/database/types").Database, any, any>' is not comparable to type 'import("/workspace/cms-byline-content-lifecycle/node_modules/.pnpm/kysely@0.29.2/node_modules/kysely/dist/parser/with-parser").QueryCreatorWithCommonTableExpression<import("/workspace/cms-full-seed-engine/src/lib/server/blocks/upstream/database/types").Database, any, any>'.
                Type 'import("/workspace/cms-full-seed-engine/src/lib/server/seed/upstream/database/types").Database & { [x: string]: unknown; }' is not comparable to type 'import("/workspace/cms-full-seed-engine/src/lib/server/blocks/upstream/database/types").Database & { [x: string]: unknown; }'.
                  Type 'Database & { [x: string]: unknown; }' is missing the following properties from type 'Database': _cms_revision_prune_queue, _cms_taxonomy_defs, _cms_taxonomy_def_groups, _cms_media_upload_attempts, and 50 more. 
  constructor(database:CmsDatabase,registeredView?:Kysely<Database>) {
    const view=registeredView??seedSourceDatabase(database) as Kysely<Database>;
    if(seedDatabaseOwner(view)!==database)throw new Error('Deletion phases require their exact registered CMS owner');

/workspace/cms-full-seed-engine/src/lib/server/media-usage/content-dependencies.ts:18:30
Error: Conversion of type 'import("/workspace/cms-byline-content-lifecycle/node_modules/.pnpm/kysely@0.29.2/node_modules/kysely/dist/kysely").Kysely<import("/workspace/cms-full-seed-engine/src/lib/server/seed/upstream/database/types").Database>' to type 'import("/workspace/cms-byline-content-lifecycle/node_modules/.pnpm/kysely@0.29.2/node_modules/kysely/dist/kysely").Kysely<import("/workspace/cms-full-seed-engine/src/lib/server/blocks/upstream/database/types").Database>' may be a mistake because neither type sufficiently overlaps with the other. If this was intentional, convert the expression to 'unknown' first.
  The types of 'transaction().execute' are incompatible between these types.
    Type '<T>(callback: (trx: import("/workspace/cms-byline-content-lifecycle/node_modules/.pnpm/kysely@0.29.2/node_modules/kysely/dist/kysely").Transaction<import("/workspace/cms-full-seed-engine/src/lib/server/seed/upstream/database/types").Database>) => Promise<...>) => Promise<...>' is not comparable to type '<T>(callback: (trx: import("/workspace/cms-byline-content-lifecycle/node_modules/.pnpm/kysely@0.29.2/node_modules/kysely/dist/kysely").Transaction<import("/workspace/cms-full-seed-engine/src/lib/server/blocks/upstream/database/types").Database>) => Promise<...>) => Promise<...>'.
      Types of parameters 'callback' and 'callback' are incompatible.
        Types of parameters 'trx' and 'trx' are incompatible.
          Type 'import("/workspace/cms-byline-content-lifecycle/node_modules/.pnpm/kysely@0.29.2/node_modules/kysely/dist/kysely").Transaction<import("/workspace/cms-full-seed-engine/src/lib/server/seed/upstream/database/types").Database>' is not comparable to type 'import("/workspace/cms-byline-content-lifecycle/node_modules/.pnpm/kysely@0.29.2/node_modules/kysely/dist/kysely").Transaction<import("/workspace/cms-full-seed-engine/src/lib/server/blocks/upstream/database/types").Database>'.
            The types returned by 'with(...)' are incompatible between these types.
              Type 'import("/workspace/cms-byline-content-lifecycle/node_modules/.pnpm/kysely@0.29.2/node_modules/kysely/dist/parser/with-parser").QueryCreatorWithCommonTableExpression<import("/workspace/cms-full-seed-engine/src/lib/server/seed/upstream/database/types").Database, any, any>' is not comparable to type 'import("/workspace/cms-byline-content-lifecycle/node_modules/.pnpm/kysely@0.29.2/node_modules/kysely/dist/parser/with-parser").QueryCreatorWithCommonTableExpression<import("/workspace/cms-full-seed-engine/src/lib/server/blocks/upstream/database/types").Database, any, any>'.
                Type 'import("/workspace/cms-full-seed-engine/src/lib/server/seed/upstream/database/types").Database & { [x: string]: unknown; }' is not comparable to type 'import("/workspace/cms-full-seed-engine/src/lib/server/blocks/upstream/database/types").Database & { [x: string]: unknown; }'.
                  Type 'Database & { [x: string]: unknown; }' is missing the following properties from type 'Database': _cms_revision_prune_queue, _cms_taxonomy_defs, _cms_taxonomy_def_groups, _cms_media_upload_attempts, and 50 more. 
    if(!owner)throw new Error('Media usage dependencies require their actual registered CMS owner');
    this.#view=registered?db:seedSourceDatabase(owner) as Kysely<Database>;
  }

/workspace/cms-full-seed-engine/src/lib/server/media-usage/content-dependencies.ts:21:40
Error: Argument of type 'import("/workspace/cms-byline-content-lifecycle/node_modules/.pnpm/kysely@0.29.2/node_modules/kysely/dist/kysely").Kysely<import("/workspace/cms-full-seed-engine/src/lib/server/blocks/upstream/database/types").Database>' is not assignable to parameter of type 'import("/workspace/cms-byline-content-lifecycle/node_modules/.pnpm/kysely@0.29.2/node_modules/kysely/dist/kysely").Kysely<import("/workspace/cms-full-seed-engine/src/lib/server/seed/upstream/database/types").Database>'.
  The types of 'fn.agg(...).over' are incompatible between these types.
    Type '(over?: import("/workspace/cms-byline-content-lifecycle/node_modules/.pnpm/kysely@0.29.2/node_modules/kysely/dist/query-builder/aggregate-function-builder").OverBuilderCallback<import("/workspace/cms-full-seed-engine/src/lib/server/blocks/upstream/database/types").Database, keyof import("/workspace/cms-full-seed-eng...' is not assignable to type '(over?: import("/workspace/cms-byline-content-lifecycle/node_modules/.pnpm/kysely@0.29.2/node_modules/kysely/dist/query-builder/aggregate-function-builder").OverBuilderCallback<import("/workspace/cms-full-seed-engine/src/lib/server/seed/upstream/database/types").Database, keyof import("/workspace/cms-full-seed-engin...'.
      Types of parameters 'over' and 'over' are incompatible.
        Types of parameters 'builder' and 'builder' are incompatible.
          Type 'import("/workspace/cms-byline-content-lifecycle/node_modules/.pnpm/kysely@0.29.2/node_modules/kysely/dist/query-builder/over-builder").OverBuilder<import("/workspace/cms-full-seed-engine/src/lib/server/blocks/upstream/database/types").Database, keyof import("/workspace/cms-full-seed-engine/src/lib/server/blocks/upst...' is not assignable to type 'import("/workspace/cms-byline-content-lifecycle/node_modules/.pnpm/kysely@0.29.2/node_modules/kysely/dist/query-builder/over-builder").OverBuilder<import("/workspace/cms-full-seed-engine/src/lib/server/seed/upstream/database/types").Database, keyof import("/workspace/cms-full-seed-engine/src/lib/server/seed/upstream...'.
            Types of property 'partitionBy' are incompatible.
              Type '{ (partitionBy: readonly import("/workspace/cms-byline-content-lifecycle/node_modules/.pnpm/kysely@0.29.2/node_modules/kysely/dist/parser/partition-by-parser").PartitionByExpression<import("/workspace/cms-full-seed-engine/src/lib/server/blocks/upstream/database/types").Database, keyof import("/workspace/cms-full-see...' is not assignable to type '{ (partitionBy: readonly import("/workspace/cms-byline-content-lifecycle/node_modules/.pnpm/kysely@0.29.2/node_modules/kysely/dist/parser/partition-by-parser").PartitionByExpression<import("/workspace/cms-full-seed-engine/src/lib/server/seed/upstream/database/types").Database, keyof import("/workspace/cms-full-seed-...'.
                Types of parameters 'partitionBy' and 'partitionBy' are incompatible.
                  Type 'readonly import("/workspace/cms-byline-content-lifecycle/node_modules/.pnpm/kysely@0.29.2/node_modules/kysely/dist/parser/partition-by-parser").PartitionByExpression<import("/workspace/cms-full-seed-engine/src/lib/server/seed/upstream/database/types").Database, keyof import("/workspace/cms-full-seed-engine/src/lib/s...' is not assignable to type 'readonly import("/workspace/cms-byline-content-lifecycle/node_modules/.pnpm/kysely@0.29.2/node_modules/kysely/dist/parser/partition-by-parser").PartitionByExpression<import("/workspace/cms-full-seed-engine/src/lib/server/blocks/upstream/database/types").Database, keyof import("/workspace/cms-full-seed-engine/src/lib...'.
                    Type 'import("/workspace/cms-byline-content-lifecycle/node_modules/.pnpm/kysely@0.29.2/node_modules/kysely/dist/parser/partition-by-parser").PartitionByExpression<import("/workspace/cms-full-seed-engine/src/lib/server/seed/upstream/database/types").Database, keyof import("/workspace/cms-full-seed-engine/src/lib/server/see...' is not assignable to type 'import("/workspace/cms-byline-content-lifecycle/node_modules/.pnpm/kysely@0.29.2/node_modules/kysely/dist/parser/partition-by-parser").PartitionByExpression<import("/workspace/cms-full-seed-engine/src/lib/server/blocks/upstream/database/types").Database, keyof import("/workspace/cms-full-seed-engine/src/lib/server/b...'.
                      Type '"_emdash_collections.slug"' is not assignable to type 'PartitionByExpression<Database, keyof Database>'. Did you mean '"_cms_collections.slug"'? 
  fields(...args:Arguments<typeof loadContentMediaUsageFields>) {
    return loadContentMediaUsageFields(this.#view,...args);
  }

/workspace/cms-full-seed-engine/src/lib/server/media-usage/content-dependencies.ts:24:43
Error: Argument of type 'import("/workspace/cms-byline-content-lifecycle/node_modules/.pnpm/kysely@0.29.2/node_modules/kysely/dist/kysely").Kysely<import("/workspace/cms-full-seed-engine/src/lib/server/blocks/upstream/database/types").Database>' is not assignable to parameter of type 'import("/workspace/cms-byline-content-lifecycle/node_modules/.pnpm/kysely@0.29.2/node_modules/kysely/dist/kysely").Kysely<import("/workspace/cms-full-seed-engine/src/lib/server/seed/upstream/database/types").Database>'.
  The types of 'fn.agg(...).over' are incompatible between these types.
    Type '(over?: import("/workspace/cms-byline-content-lifecycle/node_modules/.pnpm/kysely@0.29.2/node_modules/kysely/dist/query-builder/aggregate-function-builder").OverBuilderCallback<import("/workspace/cms-full-seed-engine/src/lib/server/blocks/upstream/database/types").Database, keyof import("/workspace/cms-full-seed-eng...' is not assignable to type '(over?: import("/workspace/cms-byline-content-lifecycle/node_modules/.pnpm/kysely@0.29.2/node_modules/kysely/dist/query-builder/aggregate-function-builder").OverBuilderCallback<import("/workspace/cms-full-seed-engine/src/lib/server/seed/upstream/database/types").Database, keyof import("/workspace/cms-full-seed-engin...'.
      Types of parameters 'over' and 'over' are incompatible.
        Types of parameters 'builder' and 'builder' are incompatible.
          Type 'import("/workspace/cms-byline-content-lifecycle/node_modules/.pnpm/kysely@0.29.2/node_modules/kysely/dist/query-builder/over-builder").OverBuilder<import("/workspace/cms-full-seed-engine/src/lib/server/blocks/upstream/database/types").Database, keyof import("/workspace/cms-full-seed-engine/src/lib/server/blocks/upst...' is not assignable to type 'import("/workspace/cms-byline-content-lifecycle/node_modules/.pnpm/kysely@0.29.2/node_modules/kysely/dist/query-builder/over-builder").OverBuilder<import("/workspace/cms-full-seed-engine/src/lib/server/seed/upstream/database/types").Database, keyof import("/workspace/cms-full-seed-engine/src/lib/server/seed/upstream...'.
            Types of property 'partitionBy' are incompatible.
              Type '{ (partitionBy: readonly import("/workspace/cms-byline-content-lifecycle/node_modules/.pnpm/kysely@0.29.2/node_modules/kysely/dist/parser/partition-by-parser").PartitionByExpression<import("/workspace/cms-full-seed-engine/src/lib/server/blocks/upstream/database/types").Database, keyof import("/workspace/cms-full-see...' is not assignable to type '{ (partitionBy: readonly import("/workspace/cms-byline-content-lifecycle/node_modules/.pnpm/kysely@0.29.2/node_modules/kysely/dist/parser/partition-by-parser").PartitionByExpression<import("/workspace/cms-full-seed-engine/src/lib/server/seed/upstream/database/types").Database, keyof import("/workspace/cms-full-seed-...'.
                Types of parameters 'partitionBy' and 'partitionBy' are incompatible.
                  Type 'readonly import("/workspace/cms-byline-content-lifecycle/node_modules/.pnpm/kysely@0.29.2/node_modules/kysely/dist/parser/partition-by-parser").PartitionByExpression<import("/workspace/cms-full-seed-engine/src/lib/server/seed/upstream/database/types").Database, keyof import("/workspace/cms-full-seed-engine/src/lib/s...' is not assignable to type 'readonly import("/workspace/cms-byline-content-lifecycle/node_modules/.pnpm/kysely@0.29.2/node_modules/kysely/dist/parser/partition-by-parser").PartitionByExpression<import("/workspace/cms-full-seed-engine/src/lib/server/blocks/upstream/database/types").Database, keyof import("/workspace/cms-full-seed-engine/src/lib...'.
                    Type 'import("/workspace/cms-byline-content-lifecycle/node_modules/.pnpm/kysely@0.29.2/node_modules/kysely/dist/parser/partition-by-parser").PartitionByExpression<import("/workspace/cms-full-seed-engine/src/lib/server/seed/upstream/database/types").Database, keyof import("/workspace/cms-full-seed-engine/src/lib/server/see...' is not assignable to type 'import("/workspace/cms-byline-content-lifecycle/node_modules/.pnpm/kysely@0.29.2/node_modules/kysely/dist/parser/partition-by-parser").PartitionByExpression<import("/workspace/cms-full-seed-engine/src/lib/server/blocks/upstream/database/types").Database, keyof import("/workspace/cms-full-seed-engine/src/lib/server/b...'.
                      Type '"_emdash_collections.slug"' is not assignable to type 'PartitionByExpression<Database, keyof Database>'. Did you mean '"_cms_collections.slug"'? 
  snapshots(...args:Arguments<typeof loadContentMediaUsageSnapshots>) {
    return loadContentMediaUsageSnapshots(this.#view,...args);
  }

/workspace/cms-full-seed-engine/src/lib/server/media-usage/content-dependencies.ts:27:59
Error: Argument of type 'import("/workspace/cms-byline-content-lifecycle/node_modules/.pnpm/kysely@0.29.2/node_modules/kysely/dist/kysely").Kysely<import("/workspace/cms-full-seed-engine/src/lib/server/blocks/upstream/database/types").Database>' is not assignable to parameter of type 'import("/workspace/cms-byline-content-lifecycle/node_modules/.pnpm/kysely@0.29.2/node_modules/kysely/dist/kysely").Kysely<import("/workspace/cms-full-seed-engine/src/lib/server/seed/upstream/database/types").Database>'.
  The types of 'fn.agg(...).over' are incompatible between these types.
    Type '(over?: import("/workspace/cms-byline-content-lifecycle/node_modules/.pnpm/kysely@0.29.2/node_modules/kysely/dist/query-builder/aggregate-function-builder").OverBuilderCallback<import("/workspace/cms-full-seed-engine/src/lib/server/blocks/upstream/database/types").Database, keyof import("/workspace/cms-full-seed-eng...' is not assignable to type '(over?: import("/workspace/cms-byline-content-lifecycle/node_modules/.pnpm/kysely@0.29.2/node_modules/kysely/dist/query-builder/aggregate-function-builder").OverBuilderCallback<import("/workspace/cms-full-seed-engine/src/lib/server/seed/upstream/database/types").Database, keyof import("/workspace/cms-full-seed-engin...'.
      Types of parameters 'over' and 'over' are incompatible.
        Types of parameters 'builder' and 'builder' are incompatible.
          Type 'import("/workspace/cms-byline-content-lifecycle/node_modules/.pnpm/kysely@0.29.2/node_modules/kysely/dist/query-builder/over-builder").OverBuilder<import("/workspace/cms-full-seed-engine/src/lib/server/blocks/upstream/database/types").Database, keyof import("/workspace/cms-full-seed-engine/src/lib/server/blocks/upst...' is not assignable to type 'import("/workspace/cms-byline-content-lifecycle/node_modules/.pnpm/kysely@0.29.2/node_modules/kysely/dist/query-builder/over-builder").OverBuilder<import("/workspace/cms-full-seed-engine/src/lib/server/seed/upstream/database/types").Database, keyof import("/workspace/cms-full-seed-engine/src/lib/server/seed/upstream...'.
            Types of property 'partitionBy' are incompatible.
              Type '{ (partitionBy: readonly import("/workspace/cms-byline-content-lifecycle/node_modules/.pnpm/kysely@0.29.2/node_modules/kysely/dist/parser/partition-by-parser").PartitionByExpression<import("/workspace/cms-full-seed-engine/src/lib/server/blocks/upstream/database/types").Database, keyof import("/workspace/cms-full-see...' is not assignable to type '{ (partitionBy: readonly import("/workspace/cms-byline-content-lifecycle/node_modules/.pnpm/kysely@0.29.2/node_modules/kysely/dist/parser/partition-by-parser").PartitionByExpression<import("/workspace/cms-full-seed-engine/src/lib/server/seed/upstream/database/types").Database, keyof import("/workspace/cms-full-seed-...'.
                Types of parameters 'partitionBy' and 'partitionBy' are incompatible.
                  Type 'readonly import("/workspace/cms-byline-content-lifecycle/node_modules/.pnpm/kysely@0.29.2/node_modules/kysely/dist/parser/partition-by-parser").PartitionByExpression<import("/workspace/cms-full-seed-engine/src/lib/server/seed/upstream/database/types").Database, keyof import("/workspace/cms-full-seed-engine/src/lib/s...' is not assignable to type 'readonly import("/workspace/cms-byline-content-lifecycle/node_modules/.pnpm/kysely@0.29.2/node_modules/kysely/dist/parser/partition-by-parser").PartitionByExpression<import("/workspace/cms-full-seed-engine/src/lib/server/blocks/upstream/database/types").Database, keyof import("/workspace/cms-full-seed-engine/src/lib...'.
                    Type 'import("/workspace/cms-byline-content-lifecycle/node_modules/.pnpm/kysely@0.29.2/node_modules/kysely/dist/parser/partition-by-parser").PartitionByExpression<import("/workspace/cms-full-seed-engine/src/lib/server/seed/upstream/database/types").Database, keyof import("/workspace/cms-full-seed-engine/src/lib/server/see...' is not assignable to type 'import("/workspace/cms-byline-content-lifecycle/node_modules/.pnpm/kysely@0.29.2/node_modules/kysely/dist/parser/partition-by-parser").PartitionByExpression<import("/workspace/cms-full-seed-engine/src/lib/server/blocks/upstream/database/types").Database, keyof import("/workspace/cms-full-seed-engine/src/lib/server/b...'.
                      Type '"_emdash_collections.slug"' is not assignable to type 'PartitionByExpression<Database, keyof Database>'. Did you mean '"_cms_collections.slug"'? 
  refreshWork(...args:Arguments<typeof seedNativeRefreshContentMediaUsageForWorkBatch>) {
    return seedNativeRefreshContentMediaUsageForWorkBatch(this.#view,...args);
  }

/workspace/cms-full-seed-engine/tests/media-usage-maintenance-native/deletion-plan-review.test.ts:18:16
Error: Conversion of type 'import("/workspace/cms-byline-content-lifecycle/node_modules/.pnpm/kysely@0.29.2/node_modules/kysely/dist/kysely").Kysely<import("/workspace/cms-full-seed-engine/src/lib/server/seed/upstream/database/types").Database>' to type 'import("/workspace/cms-byline-content-lifecycle/node_modules/.pnpm/kysely@0.29.2/node_modules/kysely/dist/kysely").Kysely<import("/workspace/cms-full-seed-engine/src/lib/server/blocks/upstream/database/types").Database>' may be a mistake because neither type sufficiently overlaps with the other. If this was intentional, convert the expression to 'unknown' first.
  The types of 'transaction().execute' are incompatible between these types.
    Type '<T>(callback: (trx: import("/workspace/cms-byline-content-lifecycle/node_modules/.pnpm/kysely@0.29.2/node_modules/kysely/dist/kysely").Transaction<import("/workspace/cms-full-seed-engine/src/lib/server/seed/upstream/database/types").Database>) => Promise<...>) => Promise<...>' is not comparable to type '<T>(callback: (trx: import("/workspace/cms-byline-content-lifecycle/node_modules/.pnpm/kysely@0.29.2/node_modules/kysely/dist/kysely").Transaction<import("/workspace/cms-full-seed-engine/src/lib/server/blocks/upstream/database/types").Database>) => Promise<...>) => Promise<...>'.
      Types of parameters 'callback' and 'callback' are incompatible.
        Types of parameters 'trx' and 'trx' are incompatible.
          Type 'import("/workspace/cms-byline-content-lifecycle/node_modules/.pnpm/kysely@0.29.2/node_modules/kysely/dist/kysely").Transaction<import("/workspace/cms-full-seed-engine/src/lib/server/seed/upstream/database/types").Database>' is not comparable to type 'import("/workspace/cms-byline-content-lifecycle/node_modules/.pnpm/kysely@0.29.2/node_modules/kysely/dist/kysely").Transaction<import("/workspace/cms-full-seed-engine/src/lib/server/blocks/upstream/database/types").Database>'.
            The types returned by 'with(...)' are incompatible between these types.
              Type 'import("/workspace/cms-byline-content-lifecycle/node_modules/.pnpm/kysely@0.29.2/node_modules/kysely/dist/parser/with-parser").QueryCreatorWithCommonTableExpression<import("/workspace/cms-full-seed-engine/src/lib/server/seed/upstream/database/types").Database, any, any>' is not comparable to type 'import("/workspace/cms-byline-content-lifecycle/node_modules/.pnpm/kysely@0.29.2/node_modules/kysely/dist/parser/with-parser").QueryCreatorWithCommonTableExpression<import("/workspace/cms-full-seed-engine/src/lib/server/blocks/upstream/database/types").Database, any, any>'.
                Type 'import("/workspace/cms-full-seed-engine/src/lib/server/seed/upstream/database/types").Database & { [x: string]: unknown; }' is not comparable to type 'import("/workspace/cms-full-seed-engine/src/lib/server/blocks/upstream/database/types").Database & { [x: string]: unknown; }'.
                  Type 'Database & { [x: string]: unknown; }' is missing the following properties from type 'Database': _cms_revision_prune_queue, _cms_taxonomy_defs, _cms_taxonomy_def_groups, _cms_media_upload_attempts, and 50 more. 
    const queries:string[]=[];
    const view=seedSourceDatabase(owner).withPlugin({transformQuery({node,queryId}){
      queries.push(queryId.queryId);return node;
    },async transformResult({result}){throw new Error('Compile-only review must not receive an executed query result');}}) as Kysely<Database>;
    const claim:MediaUsageCollectionDeletionRecord & {leaseToken:string}={

/workspace/cms-full-seed-engine/tests/source-seed-backend/maintenance-phase-factory-native.test.ts:75:120
Error: Argument of type 'Kysely<CmsTables>' is not assignable to parameter of type 'Kysely<Database>'.
  The types of 'fn.agg(...).over' are incompatible between these types.
    Type '(over?: OverBuilderCallback<CmsTables, keyof CmsTables> | undefined) => AggregateFunctionBuilder<CmsTables, keyof CmsTables, any>' is not assignable to type '(over?: OverBuilderCallback<Database, keyof Database> | undefined) => AggregateFunctionBuilder<Database, keyof Database, any>'.
      Types of parameters 'over' and 'over' are incompatible.
        Types of parameters 'builder' and 'builder' are incompatible.
          Type 'OverBuilder<CmsTables, keyof CmsTables>' is not assignable to type 'OverBuilder<Database, keyof Database>'.
            Types of property 'partitionBy' are incompatible.
              Type '{ (partitionBy: readonly PartitionByExpression<CmsTables, keyof CmsTables>[]): OverBuilder<CmsTables, keyof CmsTables>; <PE extends PartitionByExpression<...>>(partitionBy: PE): OverBuilder<...>; }' is not assignable to type '{ (partitionBy: readonly PartitionByExpression<Database, keyof Database>[]): OverBuilder<Database, keyof Database>; <PE extends PartitionByExpression<...>>(partitionBy: PE): OverBuilder<...>; }'.
                Types of parameters 'partitionBy' and 'partitionBy' are incompatible.
                  Type 'readonly PartitionByExpression<Database, keyof Database>[]' is not assignable to type 'readonly PartitionByExpression<CmsTables, keyof CmsTables>[]'.
                    Type 'PartitionByExpression<Database, keyof Database>' is not assignable to type 'PartitionByExpression<CmsTables, keyof CmsTables>'.
                      Type '"author_id"' is not assignable to type 'PartitionByExpression<CmsTables, keyof CmsTables>'. 
    try {
      await expect(Promise.resolve().then(() => Reflect.get(namespace, 'seedNativeMediaUsageCollectionDeletionPhases')(f.storage.database.db))).rejects.toThrow('actual registered query handle');
      expect(batch).not.toHaveBeenCalled();

/workspace/cms-full-seed-engine/tests/source-seed-backend/usage-d1-native.test.ts:101:61
Error: Argument of type '{ sourceVariant: string; sourceKey: string; sourceCompleteness: "failed"; lastErrorCode: string; sourceType: string; collectionId?: string | null; collectionSlug?: string | null; contentId?: string | null; ... 13 more ...; lastAttemptedAt?: string | null; }' is not assignable to parameter of type 'MediaUsageSourceInput'.
  Types of property 'sourceVariant' are incompatible.
    Type 'string' is not assignable to type '"columns" | "draft_overlay"'. 
   const failed={...f.source,sourceVariant:'draft_overlay',sourceKey:f.source.sourceKey.replace(':columns',':draft_overlay'),sourceCompleteness:'failed' as const,lastErrorCode:'DRAFT_REVISION_MISMATCH'};
   const outcome=await f.repo.markSourceAttemptedIfMatching(failed,null).then(receipt=>({receipt,error:null}),error=>({receipt:null,error}));
   expect(outcome.error).toBeNull();expect(outcome.receipt).toEqual({attempted:true,source:null});

====================================
svelte-check found 11 errors and 0 warnings in 6 files
