
 RUN  v4.1.10 /workspace/cms-full-seed-engine

 ❯ tests/source-seed-backend/node-seed-constructor-semantics.test.ts (14 tests | 8 failed) 956ms
   × src/lib/server/seed/upstream/database/repositories/relation.ts: imports the actual module in unchanged Node24 strip mode 78ms
   × src/lib/server/seed/upstream/database/repositories/revision.ts: imports the actual module in unchanged Node24 strip mode 66ms
   × src/lib/server/seed/upstream/database/content-datetime.ts: imports the actual module in unchanged Node24 strip mode 66ms
   × src/lib/server/seed/upstream/database/repositories/content.ts: imports the actual module in unchanged Node24 strip mode 87ms
   × src/lib/server/seed/schema-error.ts: imports the actual module in unchanged Node24 strip mode 60ms
   × src/lib/server/seed/schema-error.ts: preserves the complete real Source constructor's own-field semantics 24ms
   × src/lib/server/comments/upstream/database/repositories/options.ts: imports the actual module in unchanged Node24 strip mode 71ms
   × src/lib/server/options/repository.ts: imports the actual module in unchanged Node24 strip mode 66ms
 ❯ tests/source-seed-backend/node-budget-constructor.test.ts (3 tests | 1 failed) 549ms
   × loads the actual public Seed domain exports in unchanged Node24 strip mode 395ms

⎯⎯⎯⎯⎯⎯⎯ Failed Tests 9 ⎯⎯⎯⎯⎯⎯⎯

 FAIL  tests/source-seed-backend/node-budget-constructor.test.ts > loads the actual public Seed domain exports in unchanged Node24 strip mode
AssertionError: node:internal/modules/run_main:107
    triggerUncaughtException(
    ^

file:///workspace/cms-full-seed-engine/src/lib/server/seed/upstream/database/repositories/relation.ts:128
export class RelationRepository {
    constructor(private db: Kysely<Database>) {}
                        ^^^^^^^^^^^^^^^^^^^^

SyntaxError [ERR_UNSUPPORTED_TYPESCRIPT_SYNTAX]: TypeScript parameter property is not supported in strip-only mode
    at parseTypeScript (node:internal/modules/typescript:68:40)
    at processTypeScriptCode (node:internal/modules/typescript:146:42)
    at stripTypeScriptModuleTypes (node:internal/modules/typescript:215:22)
    at ModuleLoader.<anonymous> (node:internal/modules/esm/translators:680:29)
    at #translate (node:internal/modules/esm/loader:434:20)
    at afterLoad (node:internal/modules/esm/loader:502:29)
    at ModuleLoader.loadAndTranslate (node:internal/modules/esm/loader:507:12)
    at #getOrCreateModuleJobAfterResolve (node:internal/modules/esm/loader:560:36)
    at afterResolve (node:internal/modules/esm/loader:607:52)
    at ModuleLoader.getOrCreateModuleJob (node:internal/modules/esm/loader:613:12) {
  code: 'ERR_UNSUPPORTED_TYPESCRIPT_SYNTAX'
}

Node.js v24.19.0
: expected 1 to be +0 // Object.is equality

- Expected
+ Received

- 0
+ 1

 ❯ tests/source-seed-backend/node-budget-constructor.test.ts:18:36


⎯⎯⎯⎯⎯⎯⎯⎯⎯⎯⎯⎯⎯⎯⎯⎯⎯⎯⎯⎯⎯⎯⎯⎯[1/9]⎯

 FAIL  tests/source-seed-backend/node-seed-constructor-semantics.test.ts > src/lib/server/seed/upstream/database/repositories/relation.ts: imports the actual module in unchanged Node24 strip mode
AssertionError: node:internal/modules/run_main:107
    triggerUncaughtException(
    ^

file:///workspace/cms-full-seed-engine/src/lib/server/seed/upstream/database/repositories/relation.ts:128
export class RelationRepository {
    constructor(private db: Kysely<Database>) {}
                        ^^^^^^^^^^^^^^^^^^^^

SyntaxError [ERR_UNSUPPORTED_TYPESCRIPT_SYNTAX]: TypeScript parameter property is not supported in strip-only mode
    at parseTypeScript (node:internal/modules/typescript:68:40)
    at processTypeScriptCode (node:internal/modules/typescript:146:42)
    at stripTypeScriptModuleTypes (node:internal/modules/typescript:215:22)
    at ModuleLoader.<anonymous> (node:internal/modules/esm/translators:680:29)
    at #translate (node:internal/modules/esm/loader:434:20)
    at afterLoad (node:internal/modules/esm/loader:502:29)
    at ModuleLoader.loadAndTranslate (node:internal/modules/esm/loader:507:12)
    at #getOrCreateModuleJobAfterResolve (node:internal/modules/esm/loader:560:36)
    at afterResolve (node:internal/modules/esm/loader:607:52)
    at ModuleLoader.getOrCreateModuleJob (node:internal/modules/esm/loader:613:12) {
  code: 'ERR_UNSUPPORTED_TYPESCRIPT_SYNTAX'
}

Node.js v24.19.0
: expected 1 to be +0 // Object.is equality

- Expected
+ Received

- 0
+ 1

 ❯ tests/source-seed-backend/node-seed-constructor-semantics.test.ts:51:40
     49|     const script = `const module = await import(${JSON.stringify('./' …
     50|     const child = spawnSync(process.execPath, ['--input-type=module', …
     51|     expect(child.status, child.stderr).toBe(0);
       |                                        ^
     52|     expect(child.stdout.trim()).toBe('function');
     53|   });

⎯⎯⎯⎯⎯⎯⎯⎯⎯⎯⎯⎯⎯⎯⎯⎯⎯⎯⎯⎯⎯⎯⎯⎯[2/9]⎯

 FAIL  tests/source-seed-backend/node-seed-constructor-semantics.test.ts > src/lib/server/seed/upstream/database/repositories/revision.ts: imports the actual module in unchanged Node24 strip mode
AssertionError: node:internal/modules/run_main:107
    triggerUncaughtException(
    ^

file:///workspace/cms-full-seed-engine/src/lib/server/seed/upstream/database/repositories/revision.ts:48
    constructor(
        private db: Kysely<Database>,
                ^^^^^^^^^^^^^^^^^^^^
        datetimeContexts?: DatetimeContextCache,

SyntaxError [ERR_UNSUPPORTED_TYPESCRIPT_SYNTAX]: TypeScript parameter property is not supported in strip-only mode
    at parseTypeScript (node:internal/modules/typescript:68:40)
    at processTypeScriptCode (node:internal/modules/typescript:146:42)
    at stripTypeScriptModuleTypes (node:internal/modules/typescript:215:22)
    at ModuleLoader.<anonymous> (node:internal/modules/esm/translators:680:29)
    at #translate (node:internal/modules/esm/loader:434:20)
    at afterLoad (node:internal/modules/esm/loader:502:29)
    at ModuleLoader.loadAndTranslate (node:internal/modules/esm/loader:507:12)
    at #getOrCreateModuleJobAfterResolve (node:internal/modules/esm/loader:560:36)
    at afterResolve (node:internal/modules/esm/loader:607:52)
    at ModuleLoader.getOrCreateModuleJob (node:internal/modules/esm/loader:613:12) {
  code: 'ERR_UNSUPPORTED_TYPESCRIPT_SYNTAX'
}

Node.js v24.19.0
: expected 1 to be +0 // Object.is equality

- Expected
+ Received

- 0
+ 1

 ❯ tests/source-seed-backend/node-seed-constructor-semantics.test.ts:51:40
     49|     const script = `const module = await import(${JSON.stringify('./' …
     50|     const child = spawnSync(process.execPath, ['--input-type=module', …
     51|     expect(child.status, child.stderr).toBe(0);
       |                                        ^
     52|     expect(child.stdout.trim()).toBe('function');
     53|   });

⎯⎯⎯⎯⎯⎯⎯⎯⎯⎯⎯⎯⎯⎯⎯⎯⎯⎯⎯⎯⎯⎯⎯⎯[3/9]⎯

 FAIL  tests/source-seed-backend/node-seed-constructor-semantics.test.ts > src/lib/server/seed/upstream/database/content-datetime.ts: imports the actual module in unchanged Node24 strip mode
AssertionError: node:internal/modules/run_main:107
    triggerUncaughtException(
    ^

file:///workspace/cms-full-seed-engine/src/lib/server/seed/upstream/database/content-datetime.ts:63
    constructor(
        private readonly db: Kysely<Database>,
                         ^^^^^^^^^^^^^^^^^^^^
        private readonly contexts?: DatetimeContextCache,

SyntaxError [ERR_UNSUPPORTED_TYPESCRIPT_SYNTAX]: TypeScript parameter property is not supported in strip-only mode
    at parseTypeScript (node:internal/modules/typescript:68:40)
    at processTypeScriptCode (node:internal/modules/typescript:146:42)
    at stripTypeScriptModuleTypes (node:internal/modules/typescript:215:22)
    at ModuleLoader.<anonymous> (node:internal/modules/esm/translators:680:29)
    at #translate (node:internal/modules/esm/loader:434:20)
    at afterLoad (node:internal/modules/esm/loader:502:29)
    at ModuleLoader.loadAndTranslate (node:internal/modules/esm/loader:507:12)
    at #getOrCreateModuleJobAfterResolve (node:internal/modules/esm/loader:560:36)
    at afterResolve (node:internal/modules/esm/loader:607:52)
    at ModuleLoader.getOrCreateModuleJob (node:internal/modules/esm/loader:613:12) {
  code: 'ERR_UNSUPPORTED_TYPESCRIPT_SYNTAX'
}

Node.js v24.19.0
: expected 1 to be +0 // Object.is equality

- Expected
+ Received

- 0
+ 1

 ❯ tests/source-seed-backend/node-seed-constructor-semantics.test.ts:51:40
     49|     const script = `const module = await import(${JSON.stringify('./' …
     50|     const child = spawnSync(process.execPath, ['--input-type=module', …
     51|     expect(child.status, child.stderr).toBe(0);
       |                                        ^
     52|     expect(child.stdout.trim()).toBe('function');
     53|   });

⎯⎯⎯⎯⎯⎯⎯⎯⎯⎯⎯⎯⎯⎯⎯⎯⎯⎯⎯⎯⎯⎯⎯⎯[4/9]⎯

 FAIL  tests/source-seed-backend/node-seed-constructor-semantics.test.ts > src/lib/server/seed/upstream/database/repositories/content.ts: imports the actual module in unchanged Node24 strip mode
AssertionError: node:internal/modules/run_main:107
    triggerUncaughtException(
    ^

file:///workspace/cms-full-seed-engine/src/lib/server/seed/upstream/database/repositories/content.ts:370
    constructor(
        private db: Kysely<Database>,
                ^^^^^^^^^^^^^^^^^^^^
        private readonly datetimeContexts?: DatetimeContextCache,

SyntaxError [ERR_UNSUPPORTED_TYPESCRIPT_SYNTAX]: TypeScript parameter property is not supported in strip-only mode
    at parseTypeScript (node:internal/modules/typescript:68:40)
    at processTypeScriptCode (node:internal/modules/typescript:146:42)
    at stripTypeScriptModuleTypes (node:internal/modules/typescript:215:22)
    at ModuleLoader.<anonymous> (node:internal/modules/esm/translators:680:29)
    at #translate (node:internal/modules/esm/loader:434:20)
    at afterLoad (node:internal/modules/esm/loader:502:29)
    at ModuleLoader.loadAndTranslate (node:internal/modules/esm/loader:507:12)
    at #getOrCreateModuleJobAfterResolve (node:internal/modules/esm/loader:560:36)
    at afterResolve (node:internal/modules/esm/loader:607:52)
    at ModuleLoader.getOrCreateModuleJob (node:internal/modules/esm/loader:613:12) {
  code: 'ERR_UNSUPPORTED_TYPESCRIPT_SYNTAX'
}

Node.js v24.19.0
: expected 1 to be +0 // Object.is equality

- Expected
+ Received

- 0
+ 1

 ❯ tests/source-seed-backend/node-seed-constructor-semantics.test.ts:51:40
     49|     const script = `const module = await import(${JSON.stringify('./' …
     50|     const child = spawnSync(process.execPath, ['--input-type=module', …
     51|     expect(child.status, child.stderr).toBe(0);
       |                                        ^
     52|     expect(child.stdout.trim()).toBe('function');
     53|   });

⎯⎯⎯⎯⎯⎯⎯⎯⎯⎯⎯⎯⎯⎯⎯⎯⎯⎯⎯⎯⎯⎯⎯⎯[5/9]⎯

 FAIL  tests/source-seed-backend/node-seed-constructor-semantics.test.ts > src/lib/server/seed/schema-error.ts: imports the actual module in unchanged Node24 strip mode
AssertionError: node:internal/modules/run_main:107
    triggerUncaughtException(
    ^

file:///workspace/cms-full-seed-engine/src/lib/server/seed/schema-error.ts:6
        message: string,
        public code: string,
               ^^^^^^^^^^^^
        public details?: Record<string, unknown>,

SyntaxError [ERR_UNSUPPORTED_TYPESCRIPT_SYNTAX]: TypeScript parameter property is not supported in strip-only mode
    at parseTypeScript (node:internal/modules/typescript:68:40)
    at processTypeScriptCode (node:internal/modules/typescript:146:42)
    at stripTypeScriptModuleTypes (node:internal/modules/typescript:215:22)
    at ModuleLoader.<anonymous> (node:internal/modules/esm/translators:680:29)
    at #translate (node:internal/modules/esm/loader:434:20)
    at afterLoad (node:internal/modules/esm/loader:502:29)
    at ModuleLoader.loadAndTranslate (node:internal/modules/esm/loader:507:12)
    at #getOrCreateModuleJobAfterResolve (node:internal/modules/esm/loader:560:36)
    at afterResolve (node:internal/modules/esm/loader:607:52)
    at ModuleLoader.getOrCreateModuleJob (node:internal/modules/esm/loader:613:12) {
  code: 'ERR_UNSUPPORTED_TYPESCRIPT_SYNTAX'
}

Node.js v24.19.0
: expected 1 to be +0 // Object.is equality

- Expected
+ Received

- 0
+ 1

 ❯ tests/source-seed-backend/node-seed-constructor-semantics.test.ts:51:40
     49|     const script = `const module = await import(${JSON.stringify('./' …
     50|     const child = spawnSync(process.execPath, ['--input-type=module', …
     51|     expect(child.status, child.stderr).toBe(0);
       |                                        ^
     52|     expect(child.stdout.trim()).toBe('function');
     53|   });

⎯⎯⎯⎯⎯⎯⎯⎯⎯⎯⎯⎯⎯⎯⎯⎯⎯⎯⎯⎯⎯⎯⎯⎯[6/9]⎯

 FAIL  tests/source-seed-backend/node-seed-constructor-semantics.test.ts > src/lib/server/seed/schema-error.ts: preserves the complete real Source constructor's own-field semantics
AssertionError: expected 'undefined' to be 'string' // Object.is equality

Expected: "string"
Received: "undefined"

 ❯ descriptors tests/source-seed-backend/node-seed-constructor-semantics.test.ts:42:38
     40|   // presence and flags separately; all other own values/descriptors s…
     41|   if ('stack' in found) {
     42|     expect(typeof found.stack.value).toBe('string');
       |                                      ^
     43|     found.stack = { ...found.stack, value: '<actual stack string>' };
     44|   }
 ❯ tests/source-seed-backend/node-seed-constructor-semantics.test.ts:63:12

⎯⎯⎯⎯⎯⎯⎯⎯⎯⎯⎯⎯⎯⎯⎯⎯⎯⎯⎯⎯⎯⎯⎯⎯[7/9]⎯

 FAIL  tests/source-seed-backend/node-seed-constructor-semantics.test.ts > src/lib/server/comments/upstream/database/repositories/options.ts: imports the actual module in unchanged Node24 strip mode
AssertionError: node:internal/modules/run_main:107
    triggerUncaughtException(
    ^

file:///workspace/cms-full-seed-engine/src/lib/server/comments/upstream/database/repositories/options.ts:28
export class OptionsRepository {
    constructor(private db: Kysely<Database>) {}
                        ^^^^^^^^^^^^^^^^^^^^

SyntaxError [ERR_UNSUPPORTED_TYPESCRIPT_SYNTAX]: TypeScript parameter property is not supported in strip-only mode
    at parseTypeScript (node:internal/modules/typescript:68:40)
    at processTypeScriptCode (node:internal/modules/typescript:146:42)
    at stripTypeScriptModuleTypes (node:internal/modules/typescript:215:22)
    at ModuleLoader.<anonymous> (node:internal/modules/esm/translators:680:29)
    at #translate (node:internal/modules/esm/loader:434:20)
    at afterLoad (node:internal/modules/esm/loader:502:29)
    at ModuleLoader.loadAndTranslate (node:internal/modules/esm/loader:507:12)
    at #getOrCreateModuleJobAfterResolve (node:internal/modules/esm/loader:560:36)
    at afterResolve (node:internal/modules/esm/loader:607:52)
    at ModuleLoader.getOrCreateModuleJob (node:internal/modules/esm/loader:613:12) {
  code: 'ERR_UNSUPPORTED_TYPESCRIPT_SYNTAX'
}

Node.js v24.19.0
: expected 1 to be +0 // Object.is equality

- Expected
+ Received

- 0
+ 1

 ❯ tests/source-seed-backend/node-seed-constructor-semantics.test.ts:51:40
     49|     const script = `const module = await import(${JSON.stringify('./' …
     50|     const child = spawnSync(process.execPath, ['--input-type=module', …
     51|     expect(child.status, child.stderr).toBe(0);
       |                                        ^
     52|     expect(child.stdout.trim()).toBe('function');
     53|   });

⎯⎯⎯⎯⎯⎯⎯⎯⎯⎯⎯⎯⎯⎯⎯⎯⎯⎯⎯⎯⎯⎯⎯⎯[8/9]⎯

 FAIL  tests/source-seed-backend/node-seed-constructor-semantics.test.ts > src/lib/server/options/repository.ts: imports the actual module in unchanged Node24 strip mode
AssertionError: node:internal/modules/run_main:107
    triggerUncaughtException(
    ^

file:///workspace/cms-full-seed-engine/src/lib/server/options/repository.ts:28
export class OptionsRepository {
    constructor(private db: Kysely<Database>) {}
                        ^^^^^^^^^^^^^^^^^^^^

SyntaxError [ERR_UNSUPPORTED_TYPESCRIPT_SYNTAX]: TypeScript parameter property is not supported in strip-only mode
    at parseTypeScript (node:internal/modules/typescript:68:40)
    at processTypeScriptCode (node:internal/modules/typescript:146:42)
    at stripTypeScriptModuleTypes (node:internal/modules/typescript:215:22)
    at ModuleLoader.<anonymous> (node:internal/modules/esm/translators:680:29)
    at #translate (node:internal/modules/esm/loader:434:20)
    at afterLoad (node:internal/modules/esm/loader:502:29)
    at ModuleLoader.loadAndTranslate (node:internal/modules/esm/loader:507:12)
    at #getOrCreateModuleJobAfterResolve (node:internal/modules/esm/loader:560:36)
    at afterResolve (node:internal/modules/esm/loader:607:52)
    at ModuleLoader.getOrCreateModuleJob (node:internal/modules/esm/loader:613:12) {
  code: 'ERR_UNSUPPORTED_TYPESCRIPT_SYNTAX'
}

Node.js v24.19.0
: expected 1 to be +0 // Object.is equality

- Expected
+ Received

- 0
+ 1

 ❯ tests/source-seed-backend/node-seed-constructor-semantics.test.ts:51:40
     49|     const script = `const module = await import(${JSON.stringify('./' …
     50|     const child = spawnSync(process.execPath, ['--input-type=module', …
     51|     expect(child.status, child.stderr).toBe(0);
       |                                        ^
     52|     expect(child.stdout.trim()).toBe('function');
     53|   });

⎯⎯⎯⎯⎯⎯⎯⎯⎯⎯⎯⎯⎯⎯⎯⎯⎯⎯⎯⎯⎯⎯⎯⎯[9/9]⎯


 Test Files  2 failed (2)
      Tests  9 failed | 8 passed (17)
   Start at  00:35:09
   Duration  2.26s (transform 88ms, setup 0ms, import 511ms, tests 1.51s, environment 0ms)

