
 RUN  v4.1.10 /workspace/cms-full-seed-engine

 ❯ tests/source-seed-backend/setup-error-stage-native.test.ts (4 tests | 2 failed) 843ms
   × Node: identifies only the actual apply failure and preserves its exact cause 51ms
   × D1: identifies only the actual apply failure and preserves its exact cause 696ms

⎯⎯⎯⎯⎯⎯⎯ Failed Tests 2 ⎯⎯⎯⎯⎯⎯⎯

 FAIL  tests/source-seed-backend/setup-error-stage-native.test.ts > Node: identifies only the actual apply failure and preserves its exact cause
 FAIL  tests/source-seed-backend/setup-error-stage-native.test.ts > D1: identifies only the actual apply failure and preserves its exact cause
AssertionError: expected Error: actual setup caller query failure to match object { name: 'SetupSeedApplyError', …(1) }

- Expected
+ Received

- {
-   "cause": Error {
+ Error {
    "message": "actual setup caller query failure",
-   },
-   "name": "SetupSeedApplyError",
  }

 ❯ tests/source-seed-backend/setup-error-stage-native.test.ts:37:22
     35|       catch (error) { actual = error; }
     36|       expect(reads).toBeGreaterThan(0);
     37|       expect(actual).toMatchObject({ name: 'SetupSeedApplyError', caus…
       |                      ^
     38|       expect(Reflect.get(actual as object, 'cause')).toBe(failure);
     39|     } finally { await storage.close(); }

⎯⎯⎯⎯⎯⎯⎯⎯⎯⎯⎯⎯⎯⎯⎯⎯⎯⎯⎯⎯⎯⎯⎯⎯[1/2]⎯


 Test Files  1 failed | 1 passed (2)
      Tests  2 failed | 14 passed (16)
   Start at  00:41:53
   Duration  8.02s (transform 1.36s, setup 0ms, import 2.59s, tests 5.18s, environment 0ms)

