
 RUN  v4.1.10 /workspace/cms-full-seed-engine

 ❯ parity/emdash/source-seed-backend/source/packages/core/tests/unit/seed/apply.test.ts (0 test)
 ❯ parity/emdash/source-seed-backend/source/packages/core/tests/unit/seed/apply-budget.test.ts (0 test)
 ❯ parity/emdash/source-seed-backend/source/packages/core/tests/unit/seed/apply-object-cache.test.ts (0 test)

⎯⎯⎯⎯⎯⎯ Failed Suites 3 ⎯⎯⎯⎯⎯⎯⎯

 FAIL  parity/emdash/source-seed-backend/source/packages/core/tests/unit/seed/apply-budget.test.ts [ parity/emdash/source-seed-backend/source/packages/core/tests/unit/seed/apply-budget.test.ts ]
 FAIL  parity/emdash/source-seed-backend/source/packages/core/tests/unit/seed/apply-object-cache.test.ts [ parity/emdash/source-seed-backend/source/packages/core/tests/unit/seed/apply-object-cache.test.ts ]
 FAIL  parity/emdash/source-seed-backend/source/packages/core/tests/unit/seed/apply.test.ts [ parity/emdash/source-seed-backend/source/packages/core/tests/unit/seed/apply.test.ts ]
Error: Transform failed with 1 error:

[31m[TSCONFIG_ERROR] [0mFailed to load tsconfig '.svelte-kit/tsconfig.json': Tsconfig not found

  Plugin: vite:oxc
  File: /workspace/cms-full-seed-engine/parity/emdash/source-seed-backend/source/packages/core/tests/unit/seed/apply-budget.test.ts
 ❯ transformWithOxc ../cms-byline-content-lifecycle/node_modules/.pnpm/vite@8.3.2_@types+node@24.19.0_esbuild@0.28.1_jiti@2.7.0/node_modules/vite/dist/node/chunks/node.js:7581:19
 ❯ TransformPluginContext.transform ../cms-byline-content-lifecycle/node_modules/.pnpm/vite@8.3.2_@types+node@24.19.0_esbuild@0.28.1_jiti@2.7.0/node_modules/vite/dist/node/chunks/node.js:7653:26
 ❯ EnvironmentPluginContainer.transform ../cms-byline-content-lifecycle/node_modules/.pnpm/vite@8.3.2_@types+node@24.19.0_esbuild@0.28.1_jiti@2.7.0/node_modules/vite/dist/node/chunks/node.js:8545:51
 ❯ loadAndTransform ../cms-byline-content-lifecycle/node_modules/.pnpm/vite@8.3.2_@types+node@24.19.0_esbuild@0.28.1_jiti@2.7.0/node_modules/vite/dist/node/chunks/node.js:19988:26

⎯⎯⎯⎯⎯⎯⎯⎯⎯⎯⎯⎯⎯⎯⎯⎯⎯⎯⎯⎯⎯⎯⎯⎯[1/3]⎯


 Test Files  3 failed (3)
      Tests  no tests
   Start at  21:19:06
   Duration  1.05s (transform 0ms, setup 0ms, import 0ms, tests 0ms, environment 0ms)

