
 RUN  v4.1.10 /workspace/cms-full-seed-engine

 ❯ tests/source-seed-backend/maintenance-transaction-observer-native.test.ts (1 test | 1 failed) 66ms
   × Node: named phase retains actual once-only receipt hooks inside a genuine callback transaction 65ms

⎯⎯⎯⎯⎯⎯⎯ Failed Tests 1 ⎯⎯⎯⎯⎯⎯⎯

 FAIL  tests/source-seed-backend/maintenance-transaction-observer-native.test.ts > Node: named phase retains actual once-only receipt hooks inside a genuine callback transaction
AssertionError: expected [ LazyQueryId{}, LazyQueryId{}, …(9) ] to deeply equal [ LazyQueryId{}, LazyQueryId{}, …(4) ]

- Expected
+ Received

@@ -3,6 +3,11 @@
    LazyQueryId {},
    LazyQueryId {},
    LazyQueryId {},
    LazyQueryId {},
    LazyQueryId {},
+   LazyQueryId {},
+   LazyQueryId {},
+   LazyQueryId {},
+   LazyQueryId {},
+   LazyQueryId {},
  ]

 ❯ tests/source-seed-backend/maintenance-transaction-observer-native.test.ts:32:21
     30|     expect(queries.length).toBeGreaterThan(5);
     31|     expect(new Set(queries).size).toBe(queries.length);
     32|     expect(results).toEqual(queries);
       |                     ^
     33|   } finally { await storage.close(); }
     34| }, 30000);

⎯⎯⎯⎯⎯⎯⎯⎯⎯⎯⎯⎯⎯⎯⎯⎯⎯⎯⎯⎯⎯⎯⎯⎯[1/1]⎯


 Test Files  1 failed (1)
      Tests  1 failed (1)
   Start at  01:41:30
   Duration  1.81s (transform 976ms, setup 0ms, import 1.59s, tests 66ms, environment 1ms)

