
 RUN  v4.1.10 /workspace/cms-full-seed-engine

 ❯ tests/source-seed-backend/native-observer-transport.test.ts (4 tests | 1 failed) 1081ms
   × observes actual canonical taxonomy and relation writes and their real receipts 109ms

⎯⎯⎯⎯⎯⎯⎯ Failed Tests 1 ⎯⎯⎯⎯⎯⎯⎯

 FAIL  tests/source-seed-backend/native-observer-transport.test.ts > observes actual canonical taxonomy and relation writes and their real receipts
AssertionError: expected [] to have a length of 2 but got +0

- Expected
+ Received

- 2
+ 0

 ❯ tests/source-seed-backend/native-observer-transport.test.ts:51:65
     49|   const term=await new TaxonomyRepository(db).create({name:'tag',slug:…
     50|   const relation=await new RelationRepository(db).create({slug:'observ…
     51|   expect(queries.filter(query=>query.kind==='InsertQueryNode')).toHave…
       |                                                                 ^
     52|   expect(results).toEqual(queries.map(query=>query.id));
     53|   expect((await sql`SELECT id FROM _cms_taxonomies WHERE id=${term.id}…

⎯⎯⎯⎯⎯⎯⎯⎯⎯⎯⎯⎯⎯⎯⎯⎯⎯⎯⎯⎯⎯⎯⎯⎯[1/1]⎯


 Test Files  1 failed (1)
      Tests  1 failed | 3 passed (4)
   Start at  23:51:12
   Duration  2.79s (transform 947ms, setup 0ms, import 1.56s, tests 1.08s, environment 0ms)

