
 RUN  v4.1.10 /workspace/cms-full-seed-engine

 ❯ tests/source-seed-backend/node-provider-observer-native.test.ts (6 tests | 3 failed) 156ms
   × Node: retains real taxonomy compiler query and receipt observers with original class identity 49ms
   × Node: retains real relation queries and receipts with original class identity 24ms
   × Node: preserves actual taxonomy result-hook failure with callback transaction=false 21ms

⎯⎯⎯⎯⎯⎯⎯ Failed Tests 3 ⎯⎯⎯⎯⎯⎯⎯

 FAIL  tests/source-seed-backend/node-provider-observer-native.test.ts > Node: retains real taxonomy compiler query and receipt observers with original class identity
AssertionError: expected [] to have a length of 1 but got +0

- Expected
+ Received

- 1
+ 0

 ❯ tests/source-seed-backend/node-provider-observer-native.test.ts:23:71
     21|     const term = await new TaxonomyRepository(db).create({ name: 'tag'…
     22|     expect((await sql`SELECT id FROM _cms_taxonomies WHERE id=${term.i…
     23|     expect(queries.filter(query => query.kind === 'InsertQueryNode')).…
       |                                                                       ^
     24|     expect(results).toEqual(queries.map(query => query.id));
     25|   } finally { await storage.close(); }

⎯⎯⎯⎯⎯⎯⎯⎯⎯⎯⎯⎯⎯⎯⎯⎯⎯⎯⎯⎯⎯⎯⎯⎯[1/3]⎯

 FAIL  tests/source-seed-backend/node-provider-observer-native.test.ts > Node: retains real relation queries and receipts with original class identity
AssertionError: expected [] to have a length of 1 but got +0

- Expected
+ Received

- 1
+ 0

 ❯ tests/source-seed-backend/node-provider-observer-native.test.ts:40:71
     38|     const relation = await new RelationRepository(db).create({ slug: '…
     39|     expect((await sql`SELECT id FROM _cms_relations WHERE id=${relatio…
     40|     expect(queries.filter(query => query.kind === 'InsertQueryNode')).…
       |                                                                       ^
     41|     expect(results).toEqual(queries.map(query => query.id));
     42|   } finally { await storage.close(); }

⎯⎯⎯⎯⎯⎯⎯⎯⎯⎯⎯⎯⎯⎯⎯⎯⎯⎯⎯⎯⎯⎯⎯⎯[2/3]⎯

 FAIL  tests/source-seed-backend/node-provider-observer-native.test.ts > Node: preserves actual taxonomy result-hook failure with callback transaction=false
AssertionError: expected null to be Error: Actual INSERT result hook failed // Object.is equality

- Expected:
Error {
  "message": "Actual INSERT result hook failed",
}

+ Received:
null

 ❯ tests/source-seed-backend/node-provider-observer-native.test.ts:94:29
     92|       const actual = await sql`SELECT slug FROM _cms_taxonomies WHERE …
     93|       expect(actual.rows).toEqual(transaction ? [] : [{ slug: 'actual-…
     94|       expect(outcome.error).toBe(failure);
       |                             ^
     95|       expect(throws).toBe(1);
     96|     } finally { await storage.close(); }

⎯⎯⎯⎯⎯⎯⎯⎯⎯⎯⎯⎯⎯⎯⎯⎯⎯⎯⎯⎯⎯⎯⎯⎯[3/3]⎯


 Test Files  1 failed (1)
      Tests  3 failed | 3 passed (6)
   Start at  01:17:28
   Duration  1.80s (transform 936ms, setup 0ms, import 1.50s, tests 156ms, environment 0ms)

