
 RUN  v4.1.10 /workspace/cms-full-seed-engine

 ❯ tests/source-seed-backend/usage-d1-native.test.ts (4 tests | 1 failed) 1853ms
   × D1: refreshes a real preactivation source and preserves no-op generations 219ms

⎯⎯⎯⎯⎯⎯⎯ Failed Tests 1 ⎯⎯⎯⎯⎯⎯⎯

 FAIL  tests/source-seed-backend/usage-d1-native.test.ts > D1: refreshes a real preactivation source and preserves no-op generations
AssertionError: expected { replaced: false, …(2) } to deeply equal { replaced: true, …(2) }

- Expected
+ Received

  {
-   "replaced": true,
+   "replaced": false,
    "source": null,
    "unchanged": false,
  }

 ❯ tests/source-seed-backend/usage-d1-native.test.ts:62:19
     60|  const f=await fixture(false);try{
     61|   const outcome=await f.repo.replaceSourceIfMatching(f.source,[f.occur…
     62|   expect(outcome).toEqual({replaced:true,unchanged:false,source:null});
       |                   ^
     63|   const before=(await f.repo.findSource(f.source.sourceKey))!;expect(b…
     64|   expect(await f.repo.replaceSourceIfMatching(f.source,[f.occurrence],…

⎯⎯⎯⎯⎯⎯⎯⎯⎯⎯⎯⎯⎯⎯⎯⎯⎯⎯⎯⎯⎯⎯⎯⎯[1/1]⎯


 Test Files  1 failed (1)
      Tests  1 failed | 3 passed (4)
   Start at  22:53:17
   Duration  3.67s (transform 814ms, setup 0ms, import 1.62s, tests 1.85s, environment 0ms)

