
 RUN  v4.1.10 /workspace/cms-full-seed-engine

 ❯ tests/source-seed-backend/node-field-discovery-constructor.test.ts (2 tests | 1 failed) 144ms
   × invokes the actual field-discovery error constructor in unchanged direct Node24 81ms

⎯⎯⎯⎯⎯⎯⎯ Failed Tests 1 ⎯⎯⎯⎯⎯⎯⎯

 FAIL  tests/source-seed-backend/node-field-discovery-constructor.test.ts > invokes the actual field-discovery error constructor in unchanged direct Node24
AssertionError: node:internal/modules/run_main:107
    triggerUncaughtException(
    ^

file:///workspace/cms-full-seed-engine/src/lib/server/seed/upstream/media/usage/content-fields.ts:60
            message: string,
  >         public code:
                | "INVALID_REPEATER_VALIDATION"
                | "INVALID_BLOCK_VALIDATION"
  >             | "UNSUPPORTED_BLOCK_DEFINITION",
        ) {

SyntaxError [ERR_UNSUPPORTED_TYPESCRIPT_SYNTAX]: TypeScript parameter property is not supported in strip-only mode
    at parseTypeScript (node:internal/modules/typescript:68:40)
    at processTypeScriptCode (node:internal/modules/typescript:146:42)
    at stripTypeScriptModuleTypes (node:internal/modules/typescript:215:22)
    at ModuleLoader.<anonymous> (node:internal/modules/esm/translators:680:29)
    at #translate (node:internal/modules/esm/loader:434:20)
    at afterLoad (node:internal/modules/esm/loader:502:29)
    at ModuleLoader.loadAndTranslate (node:internal/modules/esm/loader:507:12)
    at #getOrCreateModuleJobAfterResolve (node:internal/modules/esm/loader:560:36)
    at afterResolve (node:internal/modules/esm/loader:607:52)
    at ModuleLoader.getOrCreateModuleJob (node:internal/modules/esm/loader:613:12) {
  code: 'ERR_UNSUPPORTED_TYPESCRIPT_SYNTAX'
}

Node.js v24.19.0
: expected 1 to be +0 // Object.is equality

- Expected
+ Received

- 0
+ 1

 ❯ tests/source-seed-backend/node-field-discovery-constructor.test.ts:36:38


⎯⎯⎯⎯⎯⎯⎯⎯⎯⎯⎯⎯⎯⎯⎯⎯⎯⎯⎯⎯⎯⎯⎯⎯[1/1]⎯


 Test Files  1 failed | 2 passed (3)
      Tests  1 failed | 18 passed (19)
   Start at  01:24:02
   Duration  3.67s (transform 91ms, setup 0ms, import 775ms, tests 2.53s, environment 0ms)

