node:internal/modules/run_main:107
    triggerUncaughtException(
    ^

file:///workspace/cms-byline-content-lifecycle/src/lib/server/seed/upstream/database/validate.ts:50
        message: string,
        public identifier: string,
               ^^^^^^^^^^^^^^^^^^
    ) {

SyntaxError [ERR_UNSUPPORTED_TYPESCRIPT_SYNTAX]: TypeScript parameter property is not supported in strip-only mode
    at parseTypeScript (node:internal/modules/typescript:68:40)
    at processTypeScriptCode (node:internal/modules/typescript:146:42)
    at stripTypeScriptModuleTypes (node:internal/modules/typescript:215:22)
    at ModuleLoader.<anonymous> (node:internal/modules/esm/translators:680:29)
    at #translate (node:internal/modules/esm/loader:434:20)
    at afterLoad (node:internal/modules/esm/loader:502:29)
    at ModuleLoader.loadAndTranslate (node:internal/modules/esm/loader:507:12)
    at #getOrCreateModuleJobAfterResolve (node:internal/modules/esm/loader:560:36)
    at afterResolve (node:internal/modules/esm/loader:607:52)
    at ModuleLoader.getOrCreateModuleJob (node:internal/modules/esm/loader:613:12) {
  code: 'ERR_UNSUPPORTED_TYPESCRIPT_SYNTAX'
}

Node.js v24.19.0
✖ tests/content-composition-empty-slug.test.ts (412.867752ms)
node:internal/modules/run_main:107
    triggerUncaughtException(
    ^

file:///workspace/cms-byline-content-lifecycle/src/lib/server/seed/upstream/database/validate.ts:50
        message: string,
        public identifier: string,
               ^^^^^^^^^^^^^^^^^^
    ) {

SyntaxError [ERR_UNSUPPORTED_TYPESCRIPT_SYNTAX]: TypeScript parameter property is not supported in strip-only mode
    at parseTypeScript (node:internal/modules/typescript:68:40)
    at processTypeScriptCode (node:internal/modules/typescript:146:42)
    at stripTypeScriptModuleTypes (node:internal/modules/typescript:215:22)
    at ModuleLoader.<anonymous> (node:internal/modules/esm/translators:680:29)
    at #translate (node:internal/modules/esm/loader:434:20)
    at afterLoad (node:internal/modules/esm/loader:502:29)
    at ModuleLoader.loadAndTranslate (node:internal/modules/esm/loader:507:12)
    at #getOrCreateModuleJobAfterResolve (node:internal/modules/esm/loader:560:36)
    at afterResolve (node:internal/modules/esm/loader:607:52)
    at ModuleLoader.getOrCreateModuleJob (node:internal/modules/esm/loader:613:12) {
  code: 'ERR_UNSUPPORTED_TYPESCRIPT_SYNTAX'
}

Node.js v24.19.0
✖ tests/content-composition-read-fault.test.ts (466.78222ms)
node:internal/modules/run_main:107
    triggerUncaughtException(
    ^

file:///workspace/cms-byline-content-lifecycle/src/lib/server/seed/upstream/database/validate.ts:50
        message: string,
        public identifier: string,
               ^^^^^^^^^^^^^^^^^^
    ) {

SyntaxError [ERR_UNSUPPORTED_TYPESCRIPT_SYNTAX]: TypeScript parameter property is not supported in strip-only mode
    at parseTypeScript (node:internal/modules/typescript:68:40)
    at processTypeScriptCode (node:internal/modules/typescript:146:42)
    at stripTypeScriptModuleTypes (node:internal/modules/typescript:215:22)
    at ModuleLoader.<anonymous> (node:internal/modules/esm/translators:680:29)
    at #translate (node:internal/modules/esm/loader:434:20)
    at afterLoad (node:internal/modules/esm/loader:502:29)
    at ModuleLoader.loadAndTranslate (node:internal/modules/esm/loader:507:12)
    at #getOrCreateModuleJobAfterResolve (node:internal/modules/esm/loader:560:36)
    at afterResolve (node:internal/modules/esm/loader:607:52)
    at ModuleLoader.getOrCreateModuleJob (node:internal/modules/esm/loader:613:12) {
  code: 'ERR_UNSUPPORTED_TYPESCRIPT_SYNTAX'
}

Node.js v24.19.0
✖ tests/content-composition-slug-only.test.ts (473.415755ms)
node:internal/modules/run_main:107
    triggerUncaughtException(
    ^

file:///workspace/cms-byline-content-lifecycle/src/lib/server/seed/upstream/database/validate.ts:50
        message: string,
        public identifier: string,
               ^^^^^^^^^^^^^^^^^^
    ) {

SyntaxError [ERR_UNSUPPORTED_TYPESCRIPT_SYNTAX]: TypeScript parameter property is not supported in strip-only mode
    at parseTypeScript (node:internal/modules/typescript:68:40)
    at processTypeScriptCode (node:internal/modules/typescript:146:42)
    at stripTypeScriptModuleTypes (node:internal/modules/typescript:215:22)
    at ModuleLoader.<anonymous> (node:internal/modules/esm/translators:680:29)
    at #translate (node:internal/modules/esm/loader:434:20)
    at afterLoad (node:internal/modules/esm/loader:502:29)
    at ModuleLoader.loadAndTranslate (node:internal/modules/esm/loader:507:12)
    at #getOrCreateModuleJobAfterResolve (node:internal/modules/esm/loader:560:36)
    at afterResolve (node:internal/modules/esm/loader:607:52)
    at ModuleLoader.getOrCreateModuleJob (node:internal/modules/esm/loader:613:12) {
  code: 'ERR_UNSUPPORTED_TYPESCRIPT_SYNTAX'
}

Node.js v24.19.0
✖ tests/lifecycle-review-regressions.test.ts (356.353235ms)
ℹ tests 4
ℹ suites 0
ℹ pass 0
ℹ fail 4
ℹ cancelled 0
ℹ skipped 0
ℹ todo 0
ℹ duration_ms 787.330522

✖ failing tests:

test at tests/content-composition-empty-slug.test.ts:1:1
✖ tests/content-composition-empty-slug.test.ts (412.867752ms)
  'test failed'

test at tests/content-composition-read-fault.test.ts:1:1
✖ tests/content-composition-read-fault.test.ts (466.78222ms)
  'test failed'

test at tests/content-composition-slug-only.test.ts:1:1
✖ tests/content-composition-slug-only.test.ts (473.415755ms)
  'test failed'

test at tests/lifecycle-review-regressions.test.ts:1:1
✖ tests/lifecycle-review-regressions.test.ts (356.353235ms)
  'test failed'
