$ svelte-kit sync && svelte-check --tsconfig ./tsconfig.json
Loading svelte-check in workspace: /workspace/cms-full-rich-fields-editor
Getting Svelte diagnostics...

/workspace/cms-full-rich-fields-editor/src/lib/editor/rich-text/CodeBlockControls.svelte:9:14
Warn: It looks like you're using the `$state` rune, but there is a local binding called `state`. Referencing a local variable with a `$` prefix will create a store subscription. Please rename `state` to avoid the ambiguity
https://svelte.dev/e/store_rune_conflict (svelte)
  let { state }: { state: NodeViewState } = $props();
  let open = $state(false), draft = $state(''), active = $state(-1);
  let status = $state<'idle' | 'copied' | 'failed'>('idle');

/workspace/cms-full-rich-fields-editor/src/lib/editor/rich-text/CodeBlockControls.svelte:9:37
Warn: It looks like you're using the `$state` rune, but there is a local binding called `state`. Referencing a local variable with a `$` prefix will create a store subscription. Please rename `state` to avoid the ambiguity
https://svelte.dev/e/store_rune_conflict (svelte)
  let { state }: { state: NodeViewState } = $props();
  let open = $state(false), draft = $state(''), active = $state(-1);
  let status = $state<'idle' | 'copied' | 'failed'>('idle');

/workspace/cms-full-rich-fields-editor/src/lib/editor/rich-text/CodeBlockControls.svelte:9:58
Warn: It looks like you're using the `$state` rune, but there is a local binding called `state`. Referencing a local variable with a `$` prefix will create a store subscription. Please rename `state` to avoid the ambiguity
https://svelte.dev/e/store_rune_conflict (svelte)
  let { state }: { state: NodeViewState } = $props();
  let open = $state(false), draft = $state(''), active = $state(-1);
  let status = $state<'idle' | 'copied' | 'failed'>('idle');

/workspace/cms-full-rich-fields-editor/src/lib/editor/rich-text/CodeBlockControls.svelte:10:16
Warn: It looks like you're using the `$state` rune, but there is a local binding called `state`. Referencing a local variable with a `$` prefix will create a store subscription. Please rename `state` to avoid the ambiguity
https://svelte.dev/e/store_rune_conflict (svelte)
  let open = $state(false), draft = $state(''), active = $state(-1);
  let status = $state<'idle' | 'copied' | 'failed'>('idle');
  let trigger: HTMLButtonElement, popup: HTMLDivElement, input: HTMLInputElement;

/workspace/cms-full-rich-fields-editor/src/lib/editor/rich-text/CodeBlockControls.svelte:9:7
Warn: `open` is updated, but is not declared with `$state(...)`. Changing its value will not correctly trigger updates
https://svelte.dev/e/non_reactive_update (svelte)
  let { state }: { state: NodeViewState } = $props();
  let open = $state(false), draft = $state(''), active = $state(-1);
  let status = $state<'idle' | 'copied' | 'failed'>('idle');

/workspace/cms-full-rich-fields-editor/src/lib/editor/rich-text/CodeBlockControls.svelte:9:29
Warn: `draft` is updated, but is not declared with `$state(...)`. Changing its value will not correctly trigger updates
https://svelte.dev/e/non_reactive_update (svelte)
  let { state }: { state: NodeViewState } = $props();
  let open = $state(false), draft = $state(''), active = $state(-1);
  let status = $state<'idle' | 'copied' | 'failed'>('idle');

/workspace/cms-full-rich-fields-editor/src/lib/editor/rich-text/CodeBlockControls.svelte:9:49
Warn: `active` is updated, but is not declared with `$state(...)`. Changing its value will not correctly trigger updates
https://svelte.dev/e/non_reactive_update (svelte)
  let { state }: { state: NodeViewState } = $props();
  let open = $state(false), draft = $state(''), active = $state(-1);
  let status = $state<'idle' | 'copied' | 'failed'>('idle');

/workspace/cms-full-rich-fields-editor/src/lib/editor/rich-text/CodeBlockControls.svelte:10:7
Warn: `status` is updated, but is not declared with `$state(...)`. Changing its value will not correctly trigger updates
https://svelte.dev/e/non_reactive_update (svelte)
  let open = $state(false), draft = $state(''), active = $state(-1);
  let status = $state<'idle' | 'copied' | 'failed'>('idle');
  let trigger: HTMLButtonElement, popup: HTMLDivElement, input: HTMLInputElement;

/workspace/cms-full-rich-fields-editor/src/lib/editor/rich-text/CodeBlockControls.svelte:11:35
Warn: `popup` is updated, but is not declared with `$state(...)`. Changing its value will not correctly trigger updates
https://svelte.dev/e/non_reactive_update (svelte)
  let status = $state<'idle' | 'copied' | 'failed'>('idle');
  let trigger: HTMLButtonElement, popup: HTMLDivElement, input: HTMLInputElement;
  const instanceId = $props.id();

/workspace/cms-full-rich-fields-editor/src/lib/editor/rich-text/CodeBlockControls.svelte:11:58
Warn: `input` is updated, but is not declared with `$state(...)`. Changing its value will not correctly trigger updates
https://svelte.dev/e/non_reactive_update (svelte)
  let status = $state<'idle' | 'copied' | 'failed'>('idle');
  let trigger: HTMLButtonElement, popup: HTMLDivElement, input: HTMLInputElement;
  const instanceId = $props.id();

/workspace/cms-full-rich-fields-editor/src/lib/editor/rich-text/CodeBlockControls.svelte:10:16
Error: Untyped function calls may not accept type arguments. (ts)
  let open = $state(false), draft = $state(''), active = $state(-1);
  let status = $state<'idle' | 'copied' | 'failed'>('idle');
  let trigger: HTMLButtonElement, popup: HTMLDivElement, input: HTMLInputElement;

/workspace/cms-full-rich-fields-editor/src/lib/editor/rich-text/CodeBlockControls.svelte:9:14
Error: Cannot use 'state' as a store. 'state' needs to be an object with a subscribe method on it.

No overload matches this call.
  Overload 1 of 2, '(store: SvelteStore<any>): any', gave the following error.
    Argument of type '{ node: Node; editor: Editor; updateAttributes: (attrs: Record<string, unknown>) => void; translate: Translate; editable: boolean; }' is not assignable to parameter of type 'SvelteStore<any>'.
      Property 'subscribe' is missing in type '{ node: Node; editor: Editor; updateAttributes: (attrs: Record<string, unknown>) => void; translate: Translate; editable: boolean; }' but required in type 'SvelteStore<any>'.
  Overload 2 of 2, '(store: SvelteStore<any> | null | undefined): any', gave the following error.
    Argument of type '{ node: Node; editor: Editor; updateAttributes: (attrs: Record<string, unknown>) => void; translate: Translate; editable: boolean; }' is not assignable to parameter of type 'SvelteStore<any>'.
      Property 'subscribe' is missing in type '{ node: Node; editor: Editor; updateAttributes: (attrs: Record<string, unknown>) => void; translate: Translate; editable: boolean; }' but required in type 'SvelteStore<any>'. (ts)
  let { state }: { state: NodeViewState } = $props();
  let open = $state(false), draft = $state(''), active = $state(-1);
  let status = $state<'idle' | 'copied' | 'failed'>('idle');

/workspace/cms-full-rich-fields-editor/src/lib/editor/rich-text/CodeBlockControls.svelte:9:37
Error: Cannot use 'state' as a store. 'state' needs to be an object with a subscribe method on it.

No overload matches this call.
  Overload 1 of 2, '(store: SvelteStore<any>): any', gave the following error.
    Argument of type '{ node: Node; editor: Editor; updateAttributes: (attrs: Record<string, unknown>) => void; translate: Translate; editable: boolean; }' is not assignable to parameter of type 'SvelteStore<any>'.
      Property 'subscribe' is missing in type '{ node: Node; editor: Editor; updateAttributes: (attrs: Record<string, unknown>) => void; translate: Translate; editable: boolean; }' but required in type 'SvelteStore<any>'.
  Overload 2 of 2, '(store: SvelteStore<any> | null | undefined): any', gave the following error.
    Argument of type '{ node: Node; editor: Editor; updateAttributes: (attrs: Record<string, unknown>) => void; translate: Translate; editable: boolean; }' is not assignable to parameter of type 'SvelteStore<any>'.
      Property 'subscribe' is missing in type '{ node: Node; editor: Editor; updateAttributes: (attrs: Record<string, unknown>) => void; translate: Translate; editable: boolean; }' but required in type 'SvelteStore<any>'. (ts)
  let { state }: { state: NodeViewState } = $props();
  let open = $state(false), draft = $state(''), active = $state(-1);
  let status = $state<'idle' | 'copied' | 'failed'>('idle');

/workspace/cms-full-rich-fields-editor/src/lib/editor/rich-text/CodeBlockControls.svelte:9:58
Error: Cannot use 'state' as a store. 'state' needs to be an object with a subscribe method on it.

No overload matches this call.
  Overload 1 of 2, '(store: SvelteStore<any>): any', gave the following error.
    Argument of type '{ node: Node; editor: Editor; updateAttributes: (attrs: Record<string, unknown>) => void; translate: Translate; editable: boolean; }' is not assignable to parameter of type 'SvelteStore<any>'.
      Property 'subscribe' is missing in type '{ node: Node; editor: Editor; updateAttributes: (attrs: Record<string, unknown>) => void; translate: Translate; editable: boolean; }' but required in type 'SvelteStore<any>'.
  Overload 2 of 2, '(store: SvelteStore<any> | null | undefined): any', gave the following error.
    Argument of type '{ node: Node; editor: Editor; updateAttributes: (attrs: Record<string, unknown>) => void; translate: Translate; editable: boolean; }' is not assignable to parameter of type 'SvelteStore<any>'.
      Property 'subscribe' is missing in type '{ node: Node; editor: Editor; updateAttributes: (attrs: Record<string, unknown>) => void; translate: Translate; editable: boolean; }' but required in type 'SvelteStore<any>'. (ts)
  let { state }: { state: NodeViewState } = $props();
  let open = $state(false), draft = $state(''), active = $state(-1);
  let status = $state<'idle' | 'copied' | 'failed'>('idle');

/workspace/cms-full-rich-fields-editor/src/lib/editor/rich-text/CodeBlockControls.svelte:10:16
Error: Cannot use 'state' as a store. 'state' needs to be an object with a subscribe method on it.

No overload matches this call.
  Overload 1 of 2, '(store: SvelteStore<any>): any', gave the following error.
    Argument of type '{ node: Node; editor: Editor; updateAttributes: (attrs: Record<string, unknown>) => void; translate: Translate; editable: boolean; }' is not assignable to parameter of type 'SvelteStore<any>'.
      Property 'subscribe' is missing in type '{ node: Node; editor: Editor; updateAttributes: (attrs: Record<string, unknown>) => void; translate: Translate; editable: boolean; }' but required in type 'SvelteStore<any>'.
  Overload 2 of 2, '(store: SvelteStore<any> | null | undefined): any', gave the following error.
    Argument of type '{ node: Node; editor: Editor; updateAttributes: (attrs: Record<string, unknown>) => void; translate: Translate; editable: boolean; }' is not assignable to parameter of type 'SvelteStore<any>'.
      Property 'subscribe' is missing in type '{ node: Node; editor: Editor; updateAttributes: (attrs: Record<string, unknown>) => void; translate: Translate; editable: boolean; }' but required in type 'SvelteStore<any>'. (ts)
  let open = $state(false), draft = $state(''), active = $state(-1);
  let status = $state<'idle' | 'copied' | 'failed'>('idle');
  let trigger: HTMLButtonElement, popup: HTMLDivElement, input: HTMLInputElement;

/workspace/cms-full-rich-fields-editor/src/lib/editor/rich-text/EmbedBlockEditor.svelte:6:13
Warn: It looks like you're using the `$state` rune, but there is a local binding called `state`. Referencing a local variable with a `$` prefix will create a store subscription. Please rename `state` to avoid the ambiguity
https://svelte.dev/e/store_rune_conflict (svelte)
  let { state }: { state: NodeViewState } = $props();
  let tab = $state('html'), error = $state('');
  const iframe = $derived(state.node.type.name === 'iframeBlock');

/workspace/cms-full-rich-fields-editor/src/lib/editor/rich-text/EmbedBlockEditor.svelte:6:37
Warn: It looks like you're using the `$state` rune, but there is a local binding called `state`. Referencing a local variable with a `$` prefix will create a store subscription. Please rename `state` to avoid the ambiguity
https://svelte.dev/e/store_rune_conflict (svelte)
  let { state }: { state: NodeViewState } = $props();
  let tab = $state('html'), error = $state('');
  const iframe = $derived(state.node.type.name === 'iframeBlock');

/workspace/cms-full-rich-fields-editor/src/lib/editor/rich-text/EmbedBlockEditor.svelte:6:7
Warn: `tab` is updated, but is not declared with `$state(...)`. Changing its value will not correctly trigger updates
https://svelte.dev/e/non_reactive_update (svelte)
  let { state }: { state: NodeViewState } = $props();
  let tab = $state('html'), error = $state('');
  const iframe = $derived(state.node.type.name === 'iframeBlock');

/workspace/cms-full-rich-fields-editor/src/lib/editor/rich-text/EmbedBlockEditor.svelte:6:29
Warn: `error` is updated, but is not declared with `$state(...)`. Changing its value will not correctly trigger updates
https://svelte.dev/e/non_reactive_update (svelte)
  let { state }: { state: NodeViewState } = $props();
  let tab = $state('html'), error = $state('');
  const iframe = $derived(state.node.type.name === 'iframeBlock');

/workspace/cms-full-rich-fields-editor/src/lib/editor/rich-text/EmbedBlockEditor.svelte:6:13
Error: Cannot use 'state' as a store. 'state' needs to be an object with a subscribe method on it.

No overload matches this call.
  Overload 1 of 2, '(store: SvelteStore<any>): any', gave the following error.
    Argument of type '{ node: Node; editor: Editor; updateAttributes: (attrs: Record<string, unknown>) => void; translate: Translate; editable: boolean; }' is not assignable to parameter of type 'SvelteStore<any>'.
      Property 'subscribe' is missing in type '{ node: Node; editor: Editor; updateAttributes: (attrs: Record<string, unknown>) => void; translate: Translate; editable: boolean; }' but required in type 'SvelteStore<any>'.
  Overload 2 of 2, '(store: SvelteStore<any> | null | undefined): any', gave the following error.
    Argument of type '{ node: Node; editor: Editor; updateAttributes: (attrs: Record<string, unknown>) => void; translate: Translate; editable: boolean; }' is not assignable to parameter of type 'SvelteStore<any>'.
      Property 'subscribe' is missing in type '{ node: Node; editor: Editor; updateAttributes: (attrs: Record<string, unknown>) => void; translate: Translate; editable: boolean; }' but required in type 'SvelteStore<any>'. (ts)
  let { state }: { state: NodeViewState } = $props();
  let tab = $state('html'), error = $state('');
  const iframe = $derived(state.node.type.name === 'iframeBlock');

/workspace/cms-full-rich-fields-editor/src/lib/editor/rich-text/EmbedBlockEditor.svelte:6:37
Error: Cannot use 'state' as a store. 'state' needs to be an object with a subscribe method on it.

No overload matches this call.
  Overload 1 of 2, '(store: SvelteStore<any>): any', gave the following error.
    Argument of type '{ node: Node; editor: Editor; updateAttributes: (attrs: Record<string, unknown>) => void; translate: Translate; editable: boolean; }' is not assignable to parameter of type 'SvelteStore<any>'.
      Property 'subscribe' is missing in type '{ node: Node; editor: Editor; updateAttributes: (attrs: Record<string, unknown>) => void; translate: Translate; editable: boolean; }' but required in type 'SvelteStore<any>'.
  Overload 2 of 2, '(store: SvelteStore<any> | null | undefined): any', gave the following error.
    Argument of type '{ node: Node; editor: Editor; updateAttributes: (attrs: Record<string, unknown>) => void; translate: Translate; editable: boolean; }' is not assignable to parameter of type 'SvelteStore<any>'.
      Property 'subscribe' is missing in type '{ node: Node; editor: Editor; updateAttributes: (attrs: Record<string, unknown>) => void; translate: Translate; editable: boolean; }' but required in type 'SvelteStore<any>'. (ts)
  let { state }: { state: NodeViewState } = $props();
  let tab = $state('html'), error = $state('');
  const iframe = $derived(state.node.type.name === 'iframeBlock');

/workspace/cms-full-rich-fields-editor/src/lib/editor/rich-text/ImageUploadExtension.ts:14:40
Error: Cannot find module '../../lib/media-utils.js' or its corresponding type declarations. 

import { createUploadPreviewUrl } from "../../lib/media-utils.js";
import { matchesMimeAllowlist } from "../../lib/mime-utils.js";

/workspace/cms-full-rich-fields-editor/src/lib/editor/rich-text/ImageUploadExtension.ts:15:38
Error: Cannot find module '../../lib/mime-utils.js' or its corresponding type declarations. 
import { createUploadPreviewUrl } from "../../lib/media-utils.js";
import { matchesMimeAllowlist } from "../../lib/mime-utils.js";
import { getMutationError } from "../DialogError.js";

/workspace/cms-full-rich-fields-editor/src/lib/editor/rich-text/ImageUploadExtension.ts:16:34
Error: Cannot find module '../DialogError.js' or its corresponding type declarations. 
import { matchesMimeAllowlist } from "../../lib/mime-utils.js";
import { getMutationError } from "../DialogError.js";

/workspace/cms-full-rich-fields-editor/src/lib/editor/rich-text/ordered-list.ts:426:15
Error: Property 'start' does not exist on type '{}'. 
			start: {
				...parent.start,
				parseHTML: (element) =>

/workspace/cms-full-rich-fields-editor/src/lib/editor/rich-text/create-editor.ts:23:90
Error: Module '"./TableExtensions"' has no exported member 'TableSafetyShortcuts'. 
import { MarkdownLinkExtension } from './MarkdownLinkExtension';
import { EmDashTable, EmDashTableRow, EmDashTableHeader, EmDashTableCell, TableIdentity, TableSafetyShortcuts } from './TableExtensions';
import { createTableResize } from './TableResize';

/workspace/cms-full-rich-fields-editor/src/lib/editor/rich-text/TableSizePicker.svelte:30:5
Warn: Elements with the 'grid' interactive role must have a tabindex value
https://svelte.dev/e/a11y_interactive_supports_focus (svelte)
  {#if !coarse}
    <div bind:this={grid} role="grid" aria-label="Table size" aria-multiselectable="true" onkeydown={keyboard} onmouseleave={() => { hovered = null; }}>
      {#each sizes as row}<div role="row">{#each sizes as column}
        <button type="button" role="gridcell" tabindex={row === rows && column === columns ? 0 : -1}
          aria-label={`${row} × ${column} table`} aria-selected={row <= preview[0] && column <= preview[1]}
          onmouseenter={() => { hovered = [row, column]; }} onfocus={() => { rows = row; columns = column; hovered = null; }} onclick={() => onInsert(row, column, header)}></button>
      {/each}</div>{/each}
    </div>
  {:else}

/workspace/cms-full-rich-fields-editor/src/lib/editor/rich-text/TableSizePicker.svelte:6:7
Warn: `grid` is updated, but is not declared with `$state(...)`. Changing its value will not correctly trigger updates
https://svelte.dev/e/non_reactive_update (svelte)
  let hovered = $state<readonly [number, number] | null>(null), coarse = $state(false);
  let grid: HTMLDivElement;
  const sizes = Array.from({ length: 10 }, (_, index) => index + 1);

/workspace/cms-full-rich-fields-editor/src/lib/editor/rich-text/PortableTextEditor.svelte:221:3
Warn: `<div>` with a pointermove handler must have an ARIA role
https://svelte.dev/e/a11y_no_static_element_interactions (svelte)
{#if slash.isOpen}
  <div bind:this={menu} class="slash-command-menu" data-slash-command-menu aria-label="Insert block" onpointermove={() => { movedPointer = true; }}>
    {#if slash.mode === 'table-size'}<TableSizePicker onInsert={tableInsert} onCancel={tableCancel} />
    {:else}
      {#if slash.items[slash.selectedIndex]}<span role="status" class="sr-only">Selected {t(slash.items[slash.selectedIndex].title)}</span>{/if}
      <div data-slash-menu-scroll-viewport class="overflow-y-auto overscroll-contain slash-scroll">
        {#each slash.items as item, index (item.id)}<button type="button" tabindex="-1" data-index={index} aria-current={index === slash.selectedIndex ? 'true' : undefined}
          class:bg-kumo-interact={index === slash.selectedIndex} onpointerdown={event => event.preventDefault()} onclick={() => execute(item)} onmouseenter={() => { if (movedPointer) setSlash(previous => ({ ...previous, selectedIndex: index })); }}>
          <span aria-hidden="true">{typeof item.icon === 'string' ? item.icon : '▣'}</span><span class="command-text"><span class="font-medium">{t(item.title)}</span><span class="text-xs">{t(item.description)}</span></span>
        </button>{:else}<p>No results</p>{/each}
      </div>
    {/if}
  </div>
{/if}

/workspace/cms-full-rich-fields-editor/src/lib/editor/rich-text/PortableTextEditor.svelte:24:7
Warn: `element` is updated, but is not declared with `$state(...)`. Changing its value will not correctly trigger updates
https://svelte.dev/e/non_reactive_update (svelte)
  let editor = $state.raw<Editor | null>(null), revision = $state(0);
  let element: HTMLDivElement, menu: HTMLDivElement;
  let headings = $state(false), tableMenu = $state(false), linkOpen = $state(false), href = $state('');

/workspace/cms-full-rich-fields-editor/src/lib/editor/rich-text/PortableTextEditor.svelte:24:32
Warn: `menu` is updated, but is not declared with `$state(...)`. Changing its value will not correctly trigger updates
https://svelte.dev/e/non_reactive_update (svelte)
  let editor = $state.raw<Editor | null>(null), revision = $state(0);
  let element: HTMLDivElement, menu: HTMLDivElement;
  let headings = $state(false), tableMenu = $state(false), linkOpen = $state(false), href = $state('');

====================================
svelte-check found 12 errors and 19 warnings in 7 files
[ELIFECYCLE] Command failed with exit code 1.
