✔ Node: genuine v5 upgrade and persisted v18 reopen preserve content and operator objects (109.698699ms)
✔ Node: a future Source-named trigger collision is refused before any startup write (20.38558ms)
✔ Node: a real late-batch SQLite failure rolls back the complete v0→18 installation (42.261823ms)
✔ Node: a real late-batch SQLite failure rolls back the complete v4→18 installation (51.421402ms)
✔ raw D1: genuine v5 upgrade and persisted v18 reopen preserve content and operator objects (1853.016612ms)
✔ raw D1: a future Source-named trigger collision is refused before any startup write (765.18864ms)
✔ raw D1: a real late-batch SQLite failure rolls back the complete v0→18 installation (1971.266469ms)
✔ raw D1: a real late-batch SQLite failure rolls back the complete v4→18 installation (2532.322152ms)
✔ scoped D1: genuine v5 upgrade and persisted v18 reopen preserve content and operator objects (1980.0933ms)
✔ scoped D1: a future Source-named trigger collision is refused before any startup write (909.723948ms)
✔ scoped D1: a real late-batch SQLite failure rolls back the complete v0→18 installation (1958.207663ms)
✔ scoped D1: a real late-batch SQLite failure rolls back the complete v4→18 installation (2241.717898ms)
✔ Node: ordinary canonical startup installs actual contiguous providers through 18 (33.581747ms)
✔ Node: fresh ordinary startup makes media and byline prerequisites storage available (47.820459ms)
✔ Node: fresh ordinary startup makes directed content links storage available (34.017542ms)
✔ Node: fresh ordinary startup makes menus storage available (28.566598ms)
✔ Node: fresh ordinary startup makes sections and site widgets storage available (29.283626ms)
✔ Node: fresh ordinary startup makes comments and moderation storage available (27.578452ms)
✔ Node: fresh ordinary startup makes redirects storage available (27.369028ms)
✔ raw D1: ordinary canonical startup installs actual contiguous providers through 18 (1134.698378ms)
✔ raw D1: fresh ordinary startup makes media and byline prerequisites storage available (1107.381444ms)
✔ raw D1: fresh ordinary startup makes directed content links storage available (1086.872364ms)
✔ raw D1: fresh ordinary startup makes menus storage available (1087.422334ms)
✔ raw D1: fresh ordinary startup makes sections and site widgets storage available (1073.012672ms)
✔ raw D1: fresh ordinary startup makes comments and moderation storage available (1025.629821ms)
✔ raw D1: fresh ordinary startup makes redirects storage available (1061.742797ms)
✔ scoped D1: ordinary canonical startup installs actual contiguous providers through 18 (1179.367518ms)
✔ scoped D1: fresh ordinary startup makes media and byline prerequisites storage available (1199.484976ms)
✔ scoped D1: fresh ordinary startup makes directed content links storage available (1161.231161ms)
✔ scoped D1: fresh ordinary startup makes menus storage available (1435.2815ms)
✔ scoped D1: fresh ordinary startup makes sections and site widgets storage available (1840.436888ms)
✔ scoped D1: fresh ordinary startup makes comments and moderation storage available (1499.900176ms)
✔ scoped D1: fresh ordinary startup makes redirects storage available (1532.021784ms)
(node:3257545) ExperimentalWarning: stripTypeScriptTypes is an experimental feature and might change at any time
(Use `node --trace-warnings ...` to show where the warning was created)
✔ Node SQLite: ordinary options persist across normal installation and reopen (89.688828ms)
✔ Node SQLite: real taxonomy seeds defaults indexes and group pivot semantics (24.226333ms)
✔ Node SQLite: normal v5 upgrade preserves every field and exact operator SQL (55.825338ms)
✔ Node SQLite: failed normal metadata upgrade rolls back all providers and preserves v5 values (22.252495ms)
✔ Node SQLite: external metadata foreign keys refuse the normal upgrade before writes (12.991203ms)
✔ Node SQLite: missing or changed owned trigger refuses normal readiness without writes (41.42793ms)
✔ raw D1: ordinary options persist across normal installation and reopen (1398.625348ms)
✔ raw D1: real taxonomy seeds defaults indexes and group pivot semantics (1215.366272ms)
✔ raw D1: normal v5 upgrade preserves every field and exact operator SQL (1767.308996ms)
✔ raw D1: failed normal metadata upgrade rolls back all providers and preserves v5 values (1385.99061ms)
✔ raw D1: external metadata foreign keys refuse the normal upgrade before writes (492.024959ms)
✔ raw D1: missing or changed owned trigger refuses normal readiness without writes (1150.954821ms)
✔ scoped D1: ordinary options persist across normal installation and reopen (1157.87191ms)
✔ scoped D1: real taxonomy seeds defaults indexes and group pivot semantics (1064.363576ms)
✔ scoped D1: normal v5 upgrade preserves every field and exact operator SQL (1626.630811ms)
✔ scoped D1: failed normal metadata upgrade rolls back all providers and preserves v5 values (1463.602779ms)
✔ scoped D1: external metadata foreign keys refuse the normal upgrade before writes (479.250464ms)
✔ scoped D1: missing or changed owned trigger refuses normal readiness without writes (1206.340388ms)
✔ Node SQLite: normal installer applies real contiguous providers through eight (61.509276ms)
✔ Node SQLite: normal installation enables actual settings and taxonomy storage (20.279115ms)
✔ Node SQLite: normal metadata upgrade enables the Source collection field cascade (18.662414ms)
✔ raw D1: normal installer applies real contiguous providers through eight (1229.626909ms)
✔ raw D1: normal installation enables actual settings and taxonomy storage (1079.372422ms)
✔ raw D1: normal metadata upgrade enables the Source collection field cascade (1097.485424ms)
✔ scoped D1: normal installer applies real contiguous providers through eight (1159.283619ms)
✔ scoped D1: normal installation enables actual settings and taxonomy storage (1128.35537ms)
✔ scoped D1: normal metadata upgrade enables the Source collection field cascade (1222.533418ms)
✔ Node: fresh canonical startup publishes, stages, rolls back and retains history on reopen (142.087594ms)
✔ Node: v4 canonical startup publishes, stages, rolls back and retains history on reopen (96.454286ms)
✔ D1: fresh canonical startup publishes, stages, rolls back and retains history on reopen (875.343549ms)
✔ D1: v4 canonical startup publishes, stages, rolls back and retains history on reopen (903.985348ms)
✔ Node: fresh canonical startup creates all lifecycle system columns and atomically stores revision pointers (83.203213ms)
✔ Node: immutable v1/v2 layouts reach canonical v8 after frozen v5 with legacy data, metadata and foreign keys intact (110.591757ms)
✔ Node: v4 upgrade preserves rows, tokens, physical defaults, indexes, triggers and auth metadata on reopen (84.695583ms)
✔ Node: unsupported legacy and partially installed layouts reject with no writes (123.414651ms)
✔ Node: latest layouts validate required content columns and every static lifecycle object without repair (259.105736ms)
✔ Node: failure after each lifecycle rebuild stage rolls back DDL, markers and rows (360.418614ms)
✔ Node: fresh and legacy concurrent startup share one complete migration winner (109.318242ms)
✔ Node: a content schema write between preflight and batch cannot be overwritten (36.504529ms)
✔ D1: fresh canonical startup creates all lifecycle system columns and atomically stores revision pointers (821.253974ms)
✔ D1: immutable v1/v2 layouts reach canonical v8 after frozen v5 with legacy data, metadata and foreign keys intact (546.59992ms)
✔ D1: v4 upgrade preserves rows, tokens, physical defaults, indexes, triggers and auth metadata on reopen (713.51348ms)
✔ D1: unsupported legacy and partially installed layouts reject with no writes (2026.646874ms)
✔ D1: latest layouts validate required content columns and every static lifecycle object without repair (2537.355273ms)
✔ D1: failure after each lifecycle rebuild stage rolls back DDL, markers and rows (3129.973165ms)
✔ D1: fresh and legacy concurrent startup share one complete migration winner (656.528766ms)
✔ D1: a content schema write between preflight and batch cannot be overwritten (1014.178564ms)
ℹ tests 80
ℹ suites 0
ℹ pass 80
ℹ fail 0
ℹ cancelled 0
ℹ skipped 0
ℹ todo 0
ℹ duration_ms 71619.540789
